12-17 19:31:51.444  1795  3139 D PowerManagerService: release:lock=184063844, flg=0x0, tag="NetworkStats", name=android", ws=null, uid=1000, pid=1795
12-17 19:31:51.445  1795  3139 D PowerManagerService: ready=true,policy=3,wakefulness=1,wksummary=0x10,uasummary=0x1,bootcompleted=true,boostinprogress=false,waitmodeenable=false,mode=true,manual=33,auto=-1,adj=0.0userId=0
12-17 19:31:51.445  1795  3139 D PowerManagerService: Releasing suspend blocker "PowerManagerService.WakeLocks".
12-17 19:31:51.448  3626  3626 I iMonitor: create: 903001011
12-17 19:31:51.448  2883  3040 E HwSystemManager: TrafficNotifyAfterLocked:screen notification will not notify
12-17 19:31:51.450  2852  3556 I NetworkController.MobileSignalController(0): onDataActivity: direction=0
12-17 19:31:51.451  2852  3556 D NetworkController.MobileSignalController(0): mSimSubId:0 onDataActivity: direction=0
12-17 19:31:51.451  2852  3556 I NetworkController.MobileSignalController(0): onDataActivity: direction=0
12-17 19:31:51.451  2852  3556 D NetworkController.MobileSignalController(0): mSimSubId:0 onDataActivity: direction=0
12-17 19:31:51.452  2852  2852 I PowerUI : onReceive intent:act:android.intent.action.SCREEN_ON  flag:1342177296 
12-17 19:31:51.454  3626  3626 I iMonitor: send: 903001011
12-17 19:31:51.454  3626  3626 W PTM.PeriodCheckManager: mSendService start
12-17 19:31:51.455   818  1152 I logserver: handle_exception_events enter
12-17 19:31:51.457  3626  3770 I LSC_903001011: process buffer and get message
12-17 19:31:51.459  5215  5215 D wpa_supplicant: wpa_driver_nl80211_driver_cmd SETSUSPENDMODE 0 len = 0, 4096
12-17 19:31:51.459  2883  2996 E HwSystemManager: SimCardMethod:/getSimCardInfo: imsi is null
12-17 19:31:51.459  5215  5215 D wpa_supplicant: CTRL-DEBUG: global_ctrl_sock-sendto: sock=16 sndbuf=229376 outq=0 send_len=3
12-17 19:31:51.460  1795  2736 E hwintelligencewifi: addCurrentApInfo info is already there
12-17 19:31:51.460  1795  2736 W hwintelligencewifi: updateBssidTimer time = 1481974311460
12-17 19:31:51.463  3180  3332 I BatteryMonitor: screen off: 0s, awake: 0s wakeups: 0, battery changed: 0
12-17 19:31:51.464  1795  2736 E hwintelligencewifi: inlineAddCurrentApInfo mInfos.size()=132
12-17 19:31:51.464  3180  3578 D HwMultiWindowEx: isInMultiWindowMode ret: 0
12-17 19:31:51.464  3180  3578 I BacklightControl: can't adjust backlight when app launch from other scene.
12-17 19:31:51.465  3180  3578 I ThermalStateManager: handle action thermal policy:208
12-17 19:31:51.466  3180  3578 I ash     : ash->screen on
12-17 19:31:51.467  2883  2996 I HwSystemManager: NormalTrafficAnalysis:alert byte = 0 last alert byte = 0
12-17 19:31:51.467  2883  2996 E HwSystemManager: NormalTrafficAnalysis:alert byte = 0, so return
12-17 19:31:51.470  1795  2332 I qti_sensors_hal: [ACC]processReportInd: X: 5.362088 Y: 7.566428 Z: 4.255911  x_offset:0.160831 y_offset:0.184366 z_offset:0.985027
12-17 19:31:51.470  1795  3957 E IzatSvc_OSObserver: I/LocTech-Label :: OSOBSERVER :: Data Items In
12-17 19:31:51.470  1795  3957 E IzatSvc_OSObserver: I/LocTech-Value :: Data Item Value: IS_SCREEN_ON: true
12-17 19:31:51.471  1795  3975 E LocSvc_libulp: I/int ulp_msg_process_system_update(const UlpSystemEvent): systemEvent:0 
12-17 19:31:51.476  3180  3578 I ash     : ash->screen unlock
12-17 19:31:51.476  5215  5215 D wpa_supplicant: nl80211: Event message available
12-17 19:31:51.476  5215  5215 D wpa_supplicant: nl80211: Drv Event 79 (NL80211_CMD_SET_REKEY_OFFLOAD) received for wlan0
12-17 19:31:51.476  5215  5215 D wpa_supplicant: nl80211: Rekey offload event for BSSID 80:38:bc:08:42:c1
12-17 19:31:51.476  5215  5215 D wpa_supplicant: nl80211: Rekey offload - Replay Counter - hexdump(len=8): 00 00 00 00 00 00 00 02
12-17 19:31:51.476  5215  5215 D wpa_supplicant: wlan0: Event DRIVER_GTK_REKEY (35) received
12-17 19:31:51.477  3218 13114 E HW-JPEG-DEC: [HME_JPEG_DEC_Delete](3298): HME_JPEG_DEC_Delete: decoder_ctx=null
12-17 19:31:51.479  1795  3237 I AlarmManager: remove(PendingIntent{68aec75: PendingIntentRecord{601e5f3 com.huawei.indexsearch.observer broadcastIntent}}) changed bounds; rebatching
12-17 19:31:51.481  3626  3753 I LogCollectService: msg = 103 received
12-17 19:31:51.483  3180  4303 I AwareLog: MemoryRecoveryDMEPlugin: reportScene typeId = 2002
12-17 19:31:51.483  3180  4303 I AwareLog: MemoryRecoveryDMEPlugin: receive sceen on event
12-17 19:31:51.483  3180  4303 I AwareLog: MemoryRecoveryDMEPlugin: the message is still in the messagequeue, remove it
12-17 19:31:51.485  2883  2996 I HwSystemManager: TafficState:default sub id = 0slotIndex = 0 subscriptionId = 0
12-17 19:31:51.489  3626  3626 I HourObserver: enter into handleScrnOnOffTimeStats, scrnOn = true, mIsPreScrnOn = false, mScrnSwitchTime = 1481974311282, occurTime = 1481974311488, delta = 206, mScrnOffAccTime = 1736941, mScrnOnAccTime = 109924
12-17 19:31:51.489  3626  3626 I HourObserver: left handleScrnOnOffTimeStats, mScrnOffAccTime = 1737147, mScrnOffAccTime = 1737147, mScrnOnAccTime = 109924
12-17 19:31:51.491  2883  2996 E HwSystemManager: LeisureTrafficSetting:result is empty
12-17 19:31:51.493  3626  3626 I iMonitor: create: 903001010
12-17 19:31:51.495  2883  2996 I HwSystemManager: NatTrafficNotifyService:delta byte = 0 no traffic delta = 0Traffic state is 301
12-17 19:31:51.496  5224  5224 I Step_LSC: 20002302|logicalDealBroadcastEvent : Intent { act=android.intent.action.SCREEN_ON flg=0x50000010 }
12-17 19:31:51.496  5224  5283 I Step_LSC: 20002302| ## MSG_DEAL_SYSTEM_EVENT android.intent.action.SCREEN_ON
12-17 19:31:51.497   818  1152 I logserver: handle_exception_events enter
12-17 19:31:51.497  5224  5283 I Step_StandStepCounter: 20002302|flush sensor data
12-17 19:31:51.497  3626  3626 I iMonitor: send: 903001010
12-17 19:31:51.497  1795 20747 I qti_sensors_hal: flush,395,handle 49
12-17 19:31:51.497  1795 20747 I qti_sensors_hal: flush:sensor(android.sensor.step_counter) handle:49
12-17 19:31:51.498  5224  5283 I Step_LSC: 20002302|REPORT : 4181 89378 2980 0
12-17 19:31:51.498  5224  5283 I SendBroadcastPermission: action:android.com.huawei.bone.NOTIFY_SPORT_DATA, mPermissionType:0
12-17 19:31:51.499  3626  3770 I LSC_903001010: process buffer and get message
12-17 19:31:51.501  5224  5283 I SendBroadcastPermission: action:android.com.huawei.bone.NOTIFY_SPORT_DATA, mPermissionType:0
12-17 19:31:51.502  2883  2996 I HwSystemManager: ExtraTrafficSetting:result is empty
12-17 19:31:51.510  7741  7741 D Mms_TX_NOTIFY: Get no-perm notification callback android.intent.action.SCREEN_ON
12-17 19:31:51.510  7741  7741 D Mms_TX_NOTIFY: ScreenState present
12-17 19:31:51.512  1795 17832 I HwActivityManagerService: Split enqueueing broadcast [callerApp]:ProcessRecord{580cfb2 5224:com.huawei.health:DaemonService/u0a99}
12-17 19:31:51.513  5224  5283 I Step_HSNH: 20002302|upDateHealthNotification()|89|2.98|4181
12-17 19:31:51.514  5224  5283 I Step_HSNH: 20002302|rebuild notification
12-17 19:31:51.516  3626  3753 I LogCollectService: msg = 103 received
12-17 19:31:51.517  1795  3111 I NotificationManager: enqueueNotificationInternal: pkg=com.huawei.health id=10010 notification=Notification(pri=0 contentView=null vibrate=null sound=null defaults=0x0 flags=0x2 color=0x00000000 vis=PRIVATE)
12-17 19:31:51.518  1795  1795 I NotificationManager: enqueueNotificationInternal: n.getKey = 0|com.huawei.health|10010|null|10099
12-17 19:31:51.518  3466  3466 I Contacts: DialpadFragment mBroadcastReceiver action:android.intent.action.SCREEN_ON
12-17 19:31:51.520  2883  2996 I HwSystemManager: ITrafficInfo:ITrafficInfo create 301updateBytes = 1769320345
12-17 19:31:51.521  3608  3608 D InCall  : InCallActivity - mScreenOnReceiver mCallEndOptionsDialog = null
12-17 19:31:51.527  1795  1795 V NotificationService: disableEffects=null canInterrupt=false once update: false
12-17 19:31:51.529  2852  2852 I StatusBar: onNotificationPosted: StatusBarNotification(pkg=com.huawei.health user=UserHandle{0} id=10010 tag=null key=0|com.huawei.health|10010|null|10099: Notification(pri=0 contentView=null vibrate=null sound=null defaults=0x0 flags=0x62 color=0x00000000 vis=PRIVATE)) important=2, post=1481974311517, when=1481531589202, vis=0, userid=0
12-17 19:31:51.529  2852  2852 I EventCenter: EventCenter Get :android.com.huawei.bone.NOTIFY_SPORT_DATA
12-17 19:31:51.530  2852  2852 D StatusBar: updateNotification(StatusBarNotification(pkg=com.huawei.health user=UserHandle{0} id=10010 tag=null key=0|com.huawei.health|10010|null|10099: Notification(pri=0 contentView=null vibrate=null sound=null defaults=0x0 flags=0x62 color=0x00000000 vis=PRIVATE)))
12-17 19:31:51.530  1795  2332 I qti_sensors_hal: [ACC]processReportInd: X: 5.600278 Y: 7.418982 Z: 3.777331  x_offset:0.160831 y_offset:0.184366 z_offset:0.985027
12-17 19:31:51.530  2852  2852 D HwCust  : Create obj success use class android.app.HwCustNotificationImpl
12-17 19:31:51.531  2852  2852 I StatusBarIconView: updateTint: tint=0
12-17 19:31:51.533  2852  2852 D StatusBar: No peeking: unimportant notification: 0|com.huawei.health|10010|null|10099
12-17 19:31:51.533  2852  2852 D StatusBar: applyInPlace=true shouldPeek=false alertAgain=true
12-17 19:31:51.533  2852  2852 I NotificationGroupManager: onEntryUpdated:0|com.huawei.health|10010|null|10099
12-17 19:31:51.533  2852  2852 I NotificationGroupManager: onEntryAdded:0|com.huawei.health|10010|null|10099, group=0|com.huawei.health|10010|null|10099
12-17 19:31:51.533  2852  2852 D StatusBar: reusing notification for key: 0|com.huawei.health|10010|null|10099
12-17 19:31:51.533  2852  2852 D HwCust  : Create obj success use class android.app.HwCustNotificationImpl
12-17 19:31:51.534  2852  2852 D HwCust  : Create obj success use class android.app.HwCustNotificationImpl
12-17 19:31:51.534  2852  2852 I StatusBarIconView: updateTint: tint=0
12-17 19:31:51.536  1795  2396 D StubTelephonyRegistry: uid:10028 pid:16628 PhoneStateListener.LISTEN_CELL_LOCATION:16 events:16
12-17 19:31:51.537  1795  2396 D StubTelephonyRegistry: LISTEN_CELL_LOCATION uid:10028
12-17 19:31:51.537 16628 16628 I TotemWeather: RetryTaskController:mTaskList is null
12-17 19:31:51.542  2852  2852 I HwPhoneStatusBar: updateNotificationShade
12-17 19:31:51.542  2852  2852 I PhoneStatusBar: updateNotificationShade
12-17 19:31:51.542  2852  2852 I PhoneStatusBar: removeNotificationChildren
12-17 19:31:51.542  2852  2852 I HwNotificationIconAreaController: showNotificationAll
12-17 19:31:51.545 31949 31967 I TCP     : msg.recv{4791} TcpClientThread.onRecv(TcpClientThread.java:515) TCP Msg 659TCP_OK
12-17 19:31:51.546 31949 31967 I ECS     : msg.recv{4791} XmlMsg.decodeBuf(XmlMsg.java:237) RECV 663 bytes [12]_00_03_02_05_01_04_81_B4_03_5A_86_B9 cmdCode(CC_PCheckVersion.0x0501)msgType(MT_ACK.2)msgClass(MC_Push.5)sender(ST_Mobile.0)crypted(false)zipped(false)nobase64(true)length(659)version(3)sno(81B4)
12-17 19:31:51.550  2852  2852 I NotificationContentView: transferRemoteInputFocus: 0
12-17 19:31:51.551  2852  2852 I NotificationContentView: transferRemoteInputFocus: 0
12-17 19:31:51.551  2852  2852 I StackScrollAlgorithm: updateClipping isOverlap:false
12-17 19:31:51.551  2852  2852 I StackScrollAlgorithm: updateDimmedActivatedHideSensitive overlap:false
