12-17 19:45:27.788  1795  1819 D NetworkManagement: notifyInterfaceClassActivity: client is com.android.server.ethernet.EthernetNetworkFactory$InterfaceObserver@fccfd35
12-17 19:45:27.788  1795  1819 D NetworkManagement: notifyInterfaceClassActivity: client is com.android.server.connectivity.Tethering@ff4a50f
12-17 19:45:27.790  1795 15982 D GpsFreezeProc: addFreezeProcess pkg:com.android.browser
12-17 19:45:27.790  1795 15982 I GnssLocationProvider: setRequest ProviderRequest[OFF]
12-17 19:45:27.790  1795 15982 I GnssLocationProvider: stopNavigating, mStarted=false
12-17 19:45:27.790  3180  3578 I ash     : proxy app:com.android.browser,uid:10029,result:true
12-17 19:45:27.796  3180  3578 D PgedBinderAdapter: frz ok, pid: [31558, 17357]
12-17 19:45:27.796  3180  3578 I PGServer: report state:6 event type:1 pid:0 uid:10029 pkg:com.android.browser to pid: 1795
12-17 19:45:27.796 31949 31967 I ECS     : WatchThread{4786} TcpClient.connect(TcpClient.java:162) ==================== TCP CLIENT CONNECT [2] ====================
12-17 19:45:27.797 31949 31967 I TCP     : WatchThread{4786} TcpClientThread.connect(TcpClientThread.java:52) will connect to uc.huawei.com:7801
12-17 19:45:27.798 31949 31985 I PushService: connect :true
12-17 19:45:27.798  2852  2852 W PanelView: set notification panel padding = 1914
12-17 19:45:27.798  2852  2852 I TrafficPanelManager: hideTraffic
12-17 19:45:27.798  2852  2852 I TrafficPanelViewContent: onShowStatusChange show:false
12-17 19:45:27.798 31949 31967 I TCP     : tcp.conn{4787} TcpClientThread.connectSocket(TcpClientThread.java:349) connecting max 30000ms to uc.huawei.com:7801
12-17 19:45:27.799  2852  2852 I StackScrollAlgorithm: updateClipping isOverlap:false
12-17 19:45:27.799  2852  2852 I StackScrollAlgorithm: updateDimmedActivatedHideSensitive overlap:false
12-17 19:45:27.799  2852  2852 I EventCenter: EventCenter Get :android.intent.action.TIME_TICK
12-17 19:45:27.799 31949 31967 I TCP     : tcp.conn{4787} TcpSocket.connect_i(TcpSocket.java:84) connecting to ip address uc.huawei.com/172.30.70.63
12-17 19:45:27.800  2852  2852 W ResourceType: Failure getting entry for 0xffffffff (t=254 e=65535) (error -2147483647)
12-17 19:45:27.800 31949 31967 I TCP     : tcp.conn{4787} TcpClientThread.connectSocket(TcpClientThread.java:360) notify user tcp connected successully at 36862 to uc.huawei.com:7801
12-17 19:45:27.801  2852  2852 E DateLunarView: mDateString is: 12月17日星期六
12-17 19:45:27.796  3180  3578 I ash     : Freeze com.android.browser OK !
12-17 19:45:27.802  1795  6985 I PGManagerService: proxyWakeLockByPidUid, pid: 31558, uid: 10029, proxy: true
12-17 19:45:27.802  3180  3578 I ash     : Proxy wakelock uid = 10029 pid = 31558
12-17 19:45:27.803  1795  3111 I PGManagerService: proxyWakeLockByPidUid, pid: 17357, uid: 10029, proxy: true
12-17 19:45:27.803  3180  3578 I ash     : Proxy wakelock uid = 10029 pid = 17357
12-17 19:45:27.804  3180  3578 I ash     : permit restrict net app: com.android.browser
12-17 19:45:27.805  1795  3110 D NetdConnector: SND -> {11650 firewall set_uid_rule standby 10029 deny}
12-17 19:45:27.805  2852  2852 W ResourceType: Failure getting entry for 0xffffffff (t=254 e=65535) (error -2147483647)
12-17 19:45:27.805  2852  2852 E DateLunarView: mDateString is: 12月17日星期六
12-17 19:45:27.805  2852  2852 D KeyguardUpdateMonitor: received broadcast android.intent.action.TIME_TICK
12-17 19:45:27.813 31949 31967 I TCP     : tcp.conn{4787} TcpClientThread.onRecv(TcpClientThread.java:522) tcp connection event TCP_CONNECTED
12-17 19:45:27.814 31949 31967 I TCP     : tcp.recv{4790} TcpClientThread.onReceiverWork(TcpClientThread.java:292) connected
12-17 19:45:27.819 31949 31967 I PushService: tcp.conn{4787} ServiceC.connectedNotify(ServiceC.java:289) 172.30.70.63
12-17 19:45:27.821 31949 31967 I ECS     : tcp.conn{4787} XmlMsg.encodeBuf(XmlMsg.java:215) SEND 100 bytes [16]_00_00_00_60_00_03_01_05_01_04_81_C4_00_00_00_00 cmdCode(CC_PCheckVersion.0x0501)msgType(MT_ARG.1)msgClass(MC_Push.5)sender(ST_Mobile.0)crypted(false)zipped(false)nobase64(true)length(96)version(3)sno(81C4)
12-17 19:45:27.822  2852  2852 W PanelView: set notification panel padding = 1914
12-17 19:45:27.822  2852  2852 I TrafficPanelManager: hideTraffic
12-17 19:45:27.822  2852  2852 I TrafficPanelViewContent: onShowStatusChange show:false
12-17 19:45:27.823  2852  2852 I StackScrollAlgorithm: updateClipping isOverlap:false
12-17 19:45:27.823  2852  2852 I StackScrollAlgorithm: updateDimmedActivatedHideSensitive overlap:false
12-17 19:45:27.823  2852  2852 D KeyguardUpdateMonitor: handleTimeUpdate
12-17 19:45:27.826   633   692 I eSpaceService: Watch Thread{4481} WatchThread.onLoop(WatchThread.java:94) watch thread onLoop... 
12-17 19:45:27.827   633   692 I eSpaceService: Watch Thread{4481} WatchThread.onLoop(WatchThread.java:98) watch thread onLoop...--》 iWatched.doWatch() 
12-17 19:45:27.828  3879  3879 I HwLauncher: Model  onReceive intent=Intent { act=android.intent.action.TIME_TICK flg=0x50000014 (has extras) }
12-17 19:45:27.828  3879  3879 I HwLauncher: Model  onReceive user=UserHandle{0}
12-17 19:45:27.829   633   692 I eSpaceService: Watch Thread{4481} LoginC.doWatch(LoginC.java:1459) Login_By_Step-> watch count =  0
12-17 19:45:27.833  1795  2665 D NetdConnector: RCV <- {200 11650 Firewall command succeeded}
12-17 19:45:27.833 31949 31967 I TCP     : tcp.recv{4790} TcpClientThread.onReceiverWork(TcpClientThread.java:307) get tcp message 659
12-17 19:45:27.834  1795  2665 D NetdConnector: RCV <- {200 11650 Firewall command succeeded}
12-17 19:45:27.835  3180  3578 I ash     : setAppNetworkRestrict >> com.android.browser, uids : [10029]
12-17 19:45:27.835  1795  3139 D PowerManagerService: release:lock=46623937, flg=0x0, tag="hibernation", name=com.huawei.powergenie", ws=null, uid=1000, pid=3180
12-17 19:45:27.836  1795  3139 D PowerManagerService: ready=true,policy=0,wakefulness=0,wksummary=0x1,uasummary=0x0,bootcompleted=true,boostinprogress=false,waitmodeenable=false,mode=true,manual=33,auto=-1,adj=0.0userId=0
12-17 19:45:27.837  7741  7758 D TmoMonitor: Cache monitor msg as screen_off
12-17 19:45:27.837  5224  5224 I Step_LSC: 20002302|logicalDealBroadcastEvent : Intent { act=android.intent.action.TIME_TICK flg=0x50000014 (has extras) }
12-17 19:45:27.837  5224  5283 I Step_LSC: 20002302| ## MSG_DEAL_SYSTEM_EVENT android.intent.action.TIME_TICK
12-17 19:45:27.849  1795  1795 D PowerManagerService: ready=true,policy=0,wakefulness=0,wksummary=0x0,uasummary=0x0,bootcompleted=true,boostinprogress=false,waitmodeenable=false,mode=true,manual=33,auto=-1,adj=0.0userId=0
12-17 19:45:27.849  1795  1795 D PowerManagerService: Releasing suspend blocker "PowerManagerService.WakeLocks".
12-17 19:45:27.855  1795 16232 W ActivityManager: getRunningAppProcesses: caller 10105 does not hold REAL_GET_TASKS; limiting output
12-17 19:45:27.900  2852  2852 D DateTimeView: Change to single clock mode!
12-17 19:45:27.902  2852  2852 D DateTimeView: Change to single clock mode!
12-17 19:45:27.919  2852  2852 W PanelView: set notification panel padding = 1914
12-17 19:45:27.919  2852  2852 I TrafficPanelManager: hideTraffic
12-17 19:45:27.919  2852  2852 I TrafficPanelViewContent: onShowStatusChange show:false
12-17 19:45:27.920  2852  2852 I StackScrollAlgorithm: updateClipping isOverlap:false
12-17 19:45:27.920  2852  2852 I StackScrollAlgorithm: updateDimmedActivatedHideSensitive overlap:false
12-17 19:45:27.939  1795  1807 I AwareLog: AppHiber_Task:  Screen   Off  State, frozenInhandleMsg Return
12-17 19:45:28.069  1795  2323 D HwBatteryService: onUEvent fcpStatus = 0,scpStatus =0,ovpStatus=0
12-17 19:45:28.070  1795  2323 E UsbDeviceManager: Error reading charge file
12-17 19:45:28.070  1795  2323 E UsbDeviceManager: java.io.FileNotFoundException: sys/class/hw_power/charger/charge_data/water_intrused (No such file or directory)
12-17 19:45:28.070  1795  2323 E UsbDeviceManager: 	at java.io.FileInputStream.open(Native Method)
12-17 19:45:28.070  1795  2323 E UsbDeviceManager: 	at java.io.FileInputStream.<init>(FileInputStream.java:146)
12-17 19:45:28.070  1795  2323 E UsbDeviceManager: 	at android.os.FileUtils.readTextFile(FileUtils.java:267)
12-17 19:45:28.070  1795  2323 E UsbDeviceManager: 	at com.android.server.usb.UsbDeviceManager$2.onUEvent(UsbDeviceManager.java:328)
12-17 19:45:28.070  1795  2323 E UsbDeviceManager: 	at android.os.UEventObserver$UEventThread.sendEvent(UEventObserver.java:210)
12-17 19:45:28.070  1795  2323 E UsbDeviceManager: 	at android.os.UEventObserver$UEventThread.run(UEventObserver.java:187)
12-17 19:45:28.070  1795  2323 D HwBatteryService: onUEvent fcpStatus = 0,scpStatus =0,ovpStatus=0
12-17 19:45:28.071  1795  2323 E UsbDeviceManager: Error reading charge file
12-17 19:45:28.071  1795  2323 E UsbDeviceManager: java.io.FileNotFoundException: sys/class/hw_power/charger/charge_data/water_intrused (No such file or directory)
12-17 19:45:28.071  1795  2323 E UsbDeviceManager: 	at java.io.FileInputStream.open(Native Method)
12-17 19:45:28.071  1795  2323 E UsbDeviceManager: 	at java.io.FileInputStream.<init>(FileInputStream.java:146)
12-17 19:45:28.071  1795  2323 E UsbDeviceManager: 	at android.os.FileUtils.readTextFile(FileUtils.java:267)
12-17 19:45:28.071  1795  2323 E UsbDeviceManager: 	at com.android.server.usb.UsbDeviceManager$2.onUEvent(UsbDeviceManager.java:328)
12-17 19:45:28.071  1795  2323 E UsbDeviceManager: 	at android.os.UEventObserver$UEventThread.sendEvent(UEventObserver.java:210)
12-17 19:45:28.071  1795  2323 E UsbDeviceManager: 	at android.os.UEventObserver$UEventThread.run(UEventObserver.java:187)
12-17 19:45:28.083  1795  2671 D WifiHW  : wifi_send_command: cmd:'IFNAME=wlan0 SIGNAL_POLL'
12-17 19:45:28.083  5215  5215 D wpa_supplicant: wlan0: Control interface command 'SIGNAL_POLL'
12-17 19:45:28.085  5215  5215 E wpa_supplicant: RSSI=-55;LINKSPEED=72;NOISE=9999;FREQUENCY=2452;
12-17 19:45:28.085  5215  5215 D wpa_supplicant: CTRL-DEBUG: global_ctrl_sock-sendto: sock=16 sndbuf=229376 outq=0 send_len=48
12-17 19:45:28.086  1795  2671 V HwWifiServiceFactory: get AllImpl object = com.android.server.wifi.HwWifiServiceFactoryImpl@c332618
12-17 19:45:28.086  1795  2671 E WifiConfigManager: updateConfiguration freq=2452 BSSID=80:38:bc:08:42:c1 RSSI=-55 "Huawei-Employee"WPA_EAP
12-17 19:45:28.086  1795  2671 D WifiHW  : wifi_send_command: cmd:'IFNAME=wlan0 PKTCNT_POLL'
12-17 19:45:28.086  5215  5215 D wpa_supplicant: wlan0: Control interface command 'PKTCNT_POLL'
12-17 19:45:28.088  5215  5215 D wpa_supplicant: CTRL-DEBUG: global_ctrl_sock-sendto: sock=16 sndbuf=229376 outq=0 send_len=35
12-17 19:45:28.089  1795  2739 D HuaweiWifiWatchdogStateMachine: LM mrssi=-55
12-17 19:45:28.089  1795  1795 D WiFi_PRO: MSG_RETURN_AP_CURRY_RSSI rssi = -55
12-17 19:45:28.089  1795  2739 D HuaweiWifiWatchdogStateMachine: 80:38:bc:08:42:c1 current loss[-55]=0%, volume=13
12-17 19:45:28.089  1795  1795 I QosMonitor: queryRtt: rtt_type = 3
12-17 19:45:28.089  1795  1795 I WifiProJNI: ######### GET RTT:3 ########
12-17 19:45:28.089  1795  2739 D HuaweiWifiWatchdogStateMachine: 80:38:bc:08:42:c1 history loss[-55]=0%, volume=92589
