12-17 19:31:45.276  3218  3422 E HW-JPEG-DEC: [HME_JPEG_DEC_Delete](3298): HME_JPEG_DEC_Delete: decoder_ctx=null
12-17 19:31:45.277  1795  3957 E IzatSvc_OSObserver: I/LocTech-Label :: OSOBSERVER :: Data Items In
12-17 19:31:45.277  1795  3957 E IzatSvc_OSObserver: I/LocTech-Value :: Data Item Value: IS_SCREEN_ON: true
12-17 19:31:45.277  1795  3975 E LocSvc_libulp: I/int ulp_msg_process_system_update(const UlpSystemEvent): systemEvent:0 
12-17 19:31:45.277  3180  3578 I ash     : ash->screen unlock
12-17 19:31:45.284  2883  2996 I HwSystemManager: TafficState:default sub id = 0slotIndex = 0 subscriptionId = 0
12-17 19:31:45.284  1795  1806 I AlarmManager: remove(PendingIntent{8db6576: PendingIntentRecord{601e5f3 com.huawei.indexsearch.observer broadcastIntent}}) changed bounds; rebatching
12-17 19:31:45.287  3180  4303 I AwareLog: MemoryRecoveryDMEPlugin: reportScene typeId = 2002
12-17 19:31:45.288  3180  4303 I AwareLog: MemoryRecoveryDMEPlugin: receive sceen on event
12-17 19:31:45.288  3180  4303 I AwareLog: MemoryRecoveryDMEPlugin: the message is still in the messagequeue, remove it
12-17 19:31:45.289  1795  2332 I qti_sensors_hal: [ACC]processReportInd: X: 5.630536 Y: 7.485144 Z: -1.387284  x_offset:0.160831 y_offset:0.184366 z_offset:0.985027
12-17 19:31:45.292  3626  3626 I HourObserver: enter into handleScrnOnOffTimeStats, scrnOn = true, mIsPreScrnOn = false, mScrnSwitchTime = 1481974303428, occurTime = 1481974305291, delta = 1863, mScrnOffAccTime = 1730219, mScrnOnAccTime = 108792
12-17 19:31:45.292  3626  3626 I HourObserver: left handleScrnOnOffTimeStats, mScrnOffAccTime = 1732082, mScrnOffAccTime = 1732082, mScrnOnAccTime = 108792
12-17 19:31:45.294  3626  3626 I iMonitor: create: 903001010
12-17 19:31:45.296  3626  3626 I iMonitor: send: 903001010
12-17 19:31:45.296   818  1152 I logserver: handle_exception_events enter
12-17 19:31:45.297  5224  5224 I Step_LSC: 20002302|logicalDealBroadcastEvent : Intent { act=android.intent.action.SCREEN_ON flg=0x50000010 }
12-17 19:31:45.297  5224  5283 I Step_LSC: 20002302| ## MSG_DEAL_SYSTEM_EVENT android.intent.action.SCREEN_ON
12-17 19:31:45.297  1795  2736 E hwintelligencewifi: inlineAddCurrentApInfo mInfos.size()=132
12-17 19:31:45.298  5224  5283 I Step_StandStepCounter: 20002302|flush sensor data
12-17 19:31:45.297  3626  3770 I LSC_903001010: process buffer and get message
12-17 19:31:45.298  1795 15987 I qti_sensors_hal: flush,395,handle 49
12-17 19:31:45.298  1795 15987 I qti_sensors_hal: flush:sensor(android.sensor.step_counter) handle:49
12-17 19:31:45.298  5224  5283 I Step_LSC: 20002302|REPORT : 4181 89378 2980 0
12-17 19:31:45.299  2883  2996 E HwSystemManager: LeisureTrafficSetting:result is empty
12-17 19:31:45.299  5224  5283 I SendBroadcastPermission: action:android.com.huawei.bone.NOTIFY_SPORT_DATA, mPermissionType:0
12-17 19:31:45.301  5224  5283 I SendBroadcastPermission: action:android.com.huawei.bone.NOTIFY_SPORT_DATA, mPermissionType:0
12-17 19:31:45.302  2883  2996 I HwSystemManager: NatTrafficNotifyService:delta byte = 0 no traffic delta = 0Traffic state is 301
12-17 19:31:45.305  1795 16498 I HwActivityManagerService: Split enqueueing broadcast [callerApp]:ProcessRecord{580cfb2 5224:com.huawei.health:DaemonService/u0a99}
12-17 19:31:45.306  2852  2852 I EventCenter: EventCenter Get :android.com.huawei.bone.NOTIFY_SPORT_DATA
12-17 19:31:45.307  5224  5283 I Step_HSNH: 20002302|upDateHealthNotification()|89|2.98|4181
12-17 19:31:45.308  2883  2996 I HwSystemManager: ExtraTrafficSetting:result is empty
12-17 19:31:45.309  5224  5283 I Step_HSNH: 20002302|rebuild notification
12-17 19:31:45.310  1795 11747 I NotificationManager: enqueueNotificationInternal: pkg=com.huawei.health id=10010 notification=Notification(pri=0 contentView=null vibrate=null sound=null defaults=0x0 flags=0x2 color=0x00000000 vis=PRIVATE)
12-17 19:31:45.312  1795  1795 I NotificationManager: enqueueNotificationInternal: n.getKey = 0|com.huawei.health|10010|null|10099
12-17 19:31:45.312  7741  7741 D Mms_TX_NOTIFY: Get no-perm notification callback android.intent.action.SCREEN_ON
12-17 19:31:45.312  7741  7741 D Mms_TX_NOTIFY: ScreenState present
12-17 19:31:45.315  1795  1795 V NotificationService: disableEffects=null canInterrupt=false once update: false
12-17 19:31:45.315  3626  3753 I LogCollectService: msg = 103 received
12-17 19:31:45.316  2852  2852 I StatusBar: onNotificationPosted: StatusBarNotification(pkg=com.huawei.health user=UserHandle{0} id=10010 tag=null key=0|com.huawei.health|10010|null|10099: Notification(pri=0 contentView=null vibrate=null sound=null defaults=0x0 flags=0x62 color=0x00000000 vis=PRIVATE)) important=2, post=1481974305311, when=1481531589202, vis=0, userid=0
12-17 19:31:45.317  2852  2852 D StatusBar: updateNotification(StatusBarNotification(pkg=com.huawei.health user=UserHandle{0} id=10010 tag=null key=0|com.huawei.health|10010|null|10099: Notification(pri=0 contentView=null vibrate=null sound=null defaults=0x0 flags=0x62 color=0x00000000 vis=PRIVATE)))
12-17 19:31:45.317  2852  2852 D HwCust  : Create obj success use class android.app.HwCustNotificationImpl
12-17 19:31:45.318  2852  2852 I StatusBarIconView: updateTint: tint=0
12-17 19:31:45.318  2852  2852 D StatusBar: No peeking: unimportant notification: 0|com.huawei.health|10010|null|10099
12-17 19:31:45.318  2852  2852 D StatusBar: applyInPlace=true shouldPeek=false alertAgain=true
12-17 19:31:45.318  2852  2852 I NotificationGroupManager: onEntryUpdated:0|com.huawei.health|10010|null|10099
12-17 19:31:45.318  2852  2852 I NotificationGroupManager: onEntryAdded:0|com.huawei.health|10010|null|10099, group=0|com.huawei.health|10010|null|10099
12-17 19:31:45.318  2852  2852 D StatusBar: reusing notification for key: 0|com.huawei.health|10010|null|10099
12-17 19:31:45.318  2852  2852 D HwCust  : Create obj success use class android.app.HwCustNotificationImpl
12-17 19:31:45.319  2852  2852 D HwCust  : Create obj success use class android.app.HwCustNotificationImpl
12-17 19:31:45.319  2852  2852 I StatusBarIconView: updateTint: tint=0
12-17 19:31:45.321  2883  2996 I HwSystemManager: ITrafficInfo:ITrafficInfo create 301updateBytes = 1769320345
12-17 19:31:45.322  3466  3466 I Contacts: DialpadFragment mBroadcastReceiver action:android.intent.action.SCREEN_ON
12-17 19:31:45.324  2852  2852 I HwPhoneStatusBar: updateNotificationShade
12-17 19:31:45.324  2852  2852 I PhoneStatusBar: updateNotificationShade
12-17 19:31:45.324  2852  2852 I PhoneStatusBar: removeNotificationChildren
12-17 19:31:45.324  2852  2852 I HwNotificationIconAreaController: showNotificationAll
12-17 19:31:45.325  3608  3608 D InCall  : InCallActivity - mScreenOnReceiver mCallEndOptionsDialog = null
12-17 19:31:45.326  2852  2852 I NotificationContentView: transferRemoteInputFocus: 0
12-17 19:31:45.326  2852  2852 I NotificationContentView: transferRemoteInputFocus: 0
12-17 19:31:45.326  2852  2852 I StackScrollAlgorithm: updateClipping isOverlap:false
12-17 19:31:45.326  2852  2852 I StackScrollAlgorithm: updateDimmedActivatedHideSensitive overlap:false
12-17 19:31:45.332  3608  3608 I InCall  : ProximitySensor - ProximitySensor{keybrd=0, dpad=0, offhook=1, hor=0, ui=1, aud=EARPIECE}
12-17 19:31:45.332  3608  3608 D InCall  : ProximitySensor - Turning on proximity sensor
12-17 19:31:45.332  3608  3608 I InCall  : ProximitySensor - Proximity wake lock already acquired
12-17 19:31:45.335  1795  1809 I HwPhoneWindowManager: OverscanTimeout run
12-17 19:31:45.337  1795 11747 D StubTelephonyRegistry: uid:10028 pid:16628 PhoneStateListener.LISTEN_CELL_LOCATION:16 events:16
12-17 19:31:45.337  1795 11747 D StubTelephonyRegistry: LISTEN_CELL_LOCATION uid:10028
12-17 19:31:45.337 16628 16628 I TotemWeather: RetryTaskController:mTaskList is null
12-17 19:31:45.340  3218 13036 W PhoneInterfaceManager: shouldBlockLocation running ...
12-17 19:31:45.340  3218 13036 I PhoneInterfaceManager: shouldBlockLocation  ret:false
12-17 19:31:45.346 31949 31967 I PushService: main{1} PushService.onStartCommand(PushService.java:87) Push Service Start by  userEvent
12-17 19:31:45.346  1795  2332 I qti_sensors_hal: [ACC]processReportInd: X: 5.510480 Y: 7.616522 Z: -0.820280  x_offset:0.160831 y_offset:0.184366 z_offset:0.985027
12-17 19:31:45.347 31949 31967 I eSpaceService: WatchThread{4786} TcpCirChannel.shutdown(TcpCirChannel.java:257) Login_By_Step-> shut down now connect
12-17 19:31:45.347 31949 31967 I ECS     : WatchThread{4786} TcpClient.clearAll(TcpClient.java:240) ==================== TCP CLIENT CLEAR ALL ====================
12-17 19:31:45.350   816 20219 D DnsProxyListener: GetAddrInfoHandler addr: uc.huawei.com {304, 917808, 10102} 172.30.70.63
12-17 19:31:45.350 31949 31967 I ECS     : WatchThread{4786} TcpClient.disconnect_i(TcpClient.java:202) ==================== TCP CLIENT DISCONNECT ====================
12-17 19:31:45.351 31949 31967 I TCP     : WatchThread{4786} TcpClientThread.disconnectSocket(TcpClientThread.java:369) disconnecting to uc.huawei.com:7801
12-17 19:31:45.352 31949 31967 I TCP     : WatchThread{4786} TcpSocket.close(TcpSocket.java:158) shutdown output: java.net.SocketException: Socket is closed
12-17 19:31:45.353 31949 31967 W TCP     : tcp.recv{4790} TcpSocket.read(TcpSocket.java:242) <<< WARN(5) >>> java.net.SocketException: Socket closed
12-17 19:31:45.354 31949 31967 I TCP     : WatchThread{4786} TcpSocket.close(TcpSocket.java:170) shutdown input: java.net.SocketException: Socket is closed
12-17 19:31:45.354 31949 31967 E TCP     : tcp.recv{4790} TcpClientThread.readSocket(TcpClientThread.java:452) <<< ERROR(6) >>> socket read length failure -104
12-17 19:31:45.355 31949 31967 I TCP     : WatchThread{4786} TcpClientThread.closeSocket(TcpClientThread.java:396) closed socket.
12-17 19:31:45.355  1795  3110 I AlarmManager: remove(PendingIntent{d985777: PendingIntentRecord{7f86237 com.huawei.espacev2 broadcastIntent}}) changed bounds; rebatching
12-17 19:31:45.356 31949 31967 I TCP     : tcp.recv{4790} TcpClientThread.onReceiverWork(TcpClientThread.java:314) disconnected
12-17 19:31:45.357 31949 31967 I eSpaceService: WatchThread{4786} TcpCirChannel.connect(TcpCirChannel.java:219) Connect to server  address = [uc.huawei.com,]  port = 7801
12-17 19:31:45.357  1795 16498 I AlarmManager: set(PendingIntent{18dafe4: PendingIntentRecord{7f86237 com.huawei.espacev2 broadcastIntent}}) : type=0 triggerAtTime=1481974605357 win=0 tElapsed=443141721 maxElapsed=443141721 interval=300000 flags=0x1
12-17 19:31:45.357 31949 31967 I ECS     : WatchThread{4786} TcpClient.clearAll(TcpClient.java:240) ==================== TCP CLIENT CLEAR ALL ====================
12-17 19:31:45.358 31949 31967 I ECS     : WatchThread{4786} TcpClient.connect(TcpClient.java:162) ==================== TCP CLIENT CONNECT [2] ====================
12-17 19:31:45.359 31949 31967 I TCP     : WatchThread{4786} TcpClientThread.connect(TcpClientThread.java:52) will connect to uc.huawei.com:7801
12-17 19:31:45.360 31949 31967 I TCP     : tcp.conn{4787} TcpClientThread.connectSocket(TcpClientThread.java:349) connecting max 30000ms to uc.huawei.com:7801
12-17 19:31:45.361 31949 31967 I TCP     : tcp.conn{4787} TcpSocket.connect_i(TcpSocket.java:84) connecting to ip address uc.huawei.com/172.30.70.63
12-17 19:31:45.364 31949 31967 I TCP     : tcp.recv{4790} TcpClientThread.onReceiverWork(TcpClientThread.java:292) connected
12-17 19:31:45.365 10324 10324 D MagicLink: MagicLink2-BroadcastReceiver:====>ACTION_SCREEN_ON
12-17 19:31:45.365 31949 31967 I TCP     : tcp.conn{4787} TcpClientThread.connectSocket(TcpClientThread.java:360) notify user tcp connected successully at 36826 to uc.huawei.com:7801
12-17 19:31:45.365 31949 31985 I PushService: connect :true
12-17 19:31:45.367 31949 31967 I TCP     : tcp.conn{4787} TcpClientThread.onRecv(TcpClientThread.java:522) tcp connection event TCP_CONNECTED
12-17 19:31:45.371 31949 31967 I PushService: tcp.conn{4787} ServiceC.connectedNotify(ServiceC.java:289) 172.30.70.63
12-17 19:31:45.372 31949 31967 I ECS     : tcp.conn{4787} XmlMsg.encodeBuf(XmlMsg.java:215) SEND 100 bytes [16]_00_00_00_60_00_03_01_05_01_04_81_B2_00_00_00_00 cmdCode(CC_PCheckVersion.0x0501)msgType(MT_ARG.1)msgClass(MC_Push.5)sender(ST_Mobile.0)crypted(false)zipped(false)nobase64(true)length(96)version(3)sno(81B2)
12-17 19:31:45.377 16354 16354 E HwSystemManager: MemCPUMonitor:startTimerMonitor isCompleted = true
