12-17 19:40:28.196  1795  3110 D WindowManager: interceptKeyBeforeQueueing: key 4 , result : 1
12-17 19:40:28.196  1795  2380 D PowerManagerService: userActivityNoUpdateLocked: eventTime=123166743, event=1, flags=0x0, uid=1000
12-17 19:40:28.196  1795  2380 I PowerManager_screenOn: PowerManagerNotifier onUserActivity: event=1, uid=1000
12-17 19:40:28.197  1795  2380 D PowerManagerService: ready=true,policy=3,wakefulness=1,wksummary=0x0,uasummary=0x1,bootcompleted=true,boostinprogress=false,waitmodeenable=false,mode=true,manual=33,auto=-1,adj=0.0userId=0
12-17 19:40:28.197  1795  2380 D KeyEvent: obtain, mHwFlags=1874117200
12-17 19:40:28.198  1795  2380 I TransactionSponsor: Transact:getHwAdminCachedValue to device policy manager service.
12-17 19:40:28.198  1795  2380 I TransactionProcessor: HwDPMS received transaction_isHwFrameworkAdminAllowed, the ret: false
12-17 19:40:28.199  1795  1809 D KeyEvent: obtain, mHwFlags=0
12-17 19:40:28.199  4492  4492 D KeyEvent: obtain, mHwFlags=3
12-17 19:40:28.200  4690  4690 D KeyEvent: obtain, mHwFlags=-1291845632
12-17 19:40:28.283  1795  2381 D libfingersense_wrapper: Calling fingersense_touch_up()
12-17 19:40:28.283  1795  2381 D libfingersense_wrapper: fingersense_touch_up() finished
12-17 19:40:28.284  2852  2852 I SlideTouchEvent: handleTouchEvent:MotionEvent { action=ACTION_UP, actionButton=0, id[0]=0, x[0]=323.0, y[0]=106.0, toolType[0]=TOOL_TYPE_FINGER, buttonState=0, metaState=0, flags=0x0, edgeFlags=0x0, pointerCount=1, historySize=0, eventTime=123166832, downTime=123166733, deviceId=10, source=0x1002 }
12-17 19:40:28.284  2852  2852 I SlideTouchEvent: vel=0.0, MinimumFlingVelocity=150
12-17 19:40:28.285  2852  2852 I PhoneStatusBar: resumeSuspendedAutohide
12-17 19:40:28.285  2852  2852 I BarTransitions.HwPhoneStatusBarView: transitionTo: mode=MODE_TRANSPARENT, animate=false
12-17 19:40:28.285  2852  2852 I BarTransitions.HwNavigationBarView: transitionTo: mode=MODE_TRANSPARENT, animate=false
12-17 19:40:28.285  2852  2852 I HwNavigationBarTransitions: transitionTo:mode=4, isEmuiStyle=false
12-17 19:40:28.285  2852  2852 I TintImageView: onTouchEvent: code=4, action=1, event=MotionEvent { action=ACTION_UP, actionButton=0, id[0]=0, x[0]=113.0, y[0]=106.0, toolType[0]=TOOL_TYPE_FINGER, buttonState=0, metaState=0, flags=0x0, edgeFlags=0x0, pointerCount=1, historySize=0, eventTime=123166832, downTime=123166733, deviceId=10, source=0x1002 }
12-17 19:40:28.286  2852  2852 I TintImageView: sendEvent:action=1, flag=0
12-17 19:40:28.286  1795  6985 D KeyEvent: obtain, mHwFlags=0
12-17 19:40:28.286  1795  6985 D HwCustPhoneWindowManager: answer call by keyCode = 4, down = false, isSupVolumnkeyAnswerCall = false
12-17 19:40:28.287  1795  6985 I PowerManager_screenOn: HwPhoneWindowManager has intercept Key : 4, isdown : false, flags : 72
12-17 19:40:28.287  1795  6985 D WindowManager: interceptKeyTq keycode=4 interactive=true keyguardActive=false policyFlags=2b000002 down false canceled false
12-17 19:40:28.287  1795  6985 D WindowManager: interceptKeyBeforeQueueing: key 4 , result : 1
12-17 19:40:28.287  1795  2380 D KeyEvent: obtain, mHwFlags=1874117200
12-17 19:40:28.287  2852  2914 V AudioManager: querySoundEffectsEnabled...
12-17 19:40:28.288  1795  2380 I TransactionSponsor: Transact:getHwAdminCachedValue to device policy manager service.
12-17 19:40:28.288  1795  2380 I TransactionProcessor: HwDPMS received transaction_isHwFrameworkAdminAllowed, the ret: false
12-17 19:40:28.289  4492  4492 D KeyEvent: obtain, mHwFlags=3
12-17 19:40:28.289  1795  1809 D KeyEvent: obtain, mHwFlags=0
12-17 19:40:28.289  4690  4690 D KeyEvent: obtain, mHwFlags=-1291845632
12-17 19:40:28.293  1795 15982 V SecInputMethodManagerService: Client requesting input be hidden, pid=4492
12-17 19:40:28.294  1795 16232 V InputMethodManagerService: Client requesting input be hidden, pid=4492
12-17 19:40:28.720  4492  4492 I SendBroadcastPermission: action:com.tencent.mm.ui.ACTION_DEACTIVE, mPermissionType:0
12-17 19:40:28.721  1795 20747 I HwActivityManagerService: keyAppBroadcastQueueForIntent intent Intent { act=com.tencent.mm.ui.ACTION_DEACTIVE flg=0x10 (has extras) } on bgkeyapp queue
12-17 19:40:28.767   633   692 I TCP     : msg.recv{4490} TcpClientThread.onRecv(TcpClientThread.java:515) TCP Msg 108TCP_OK
12-17 19:40:28.768   633   692 I ECS     : msg.recv{4490} XmlMsg.decodeBuf(XmlMsg.java:237) RECV 112 bytes [12]_00_03_02_06_0E_05_87_4C_EC_D5_32_80 cmdCode(CC_ReqCircleState.0x060E)msgType(MT_ACK.2)msgClass(MC_FriendsCircle.6)sender(ST_Mobile.0)crypted(true)zipped(false)nobase64(true)length(108)version(3)sno(874C)
12-17 19:40:28.831  1795  1805 D SmartHeartBeat: setAlarmsPending ...
12-17 19:40:28.833  3180  3578 I BlackListAlarmRestrict: [resume] net alarms
12-17 19:40:28.849  1795 16500 W ActivityManager: getRunningAppProcesses: caller 10102 does not hold REAL_GET_TASKS; limiting output
12-17 19:40:28.858  1795  1809 I WindowManager: onProposedRotationChanged, rotation=0
12-17 19:40:28.858  1795  1809 I WindowManager: MyOrientationListener: updateRotation.
12-17 19:40:28.858  1795  1809 I WindowManager: updateRotationUnchecked(alwaysSendConfiguration=false)
12-17 19:40:28.858  1795  1809 I WindowManager: rotationForOrientationLw(orient=1, last=0); user=0 
12-17 19:40:28.858  1795  1809 I WindowManager: Application requested orientation 1, got rotation 0 which has compatible metrics
12-17 19:40:29.053  1795  2381 D libfingersense_wrapper: Calling fingersense_classify_touch()
12-17 19:40:29.059  1795  2381 D libfingersense_wrapper: fingersense_classify_touch() finished
12-17 19:40:29.061  1795  2380 D PowerManagerService: userActivityNoUpdateLocked: eventTime=123167602, event=2, flags=0x0, uid=1000
12-17 19:40:29.061  2852  2852 I SlideTouchEvent: handleTouchEvent:MotionEvent { action=ACTION_DOWN, actionButton=0, id[0]=0, x[0]=336.0, y[0]=119.0, toolType[0]=TOOL_TYPE_FINGER, buttonState=0, metaState=0, flags=0x0, edgeFlags=0x0, pointerCount=1, historySize=0, eventTime=123167602, downTime=123167602, deviceId=10, source=0x1002 }
12-17 19:40:29.061  1795  2380 I PowerManager_screenOn: PowerManagerNotifier onUserActivity: event=2, uid=1000
12-17 19:40:29.061  2852  2852 I PhoneStatusBar: suspendAutohide
12-17 19:40:29.061  2852  2852 I vol.VolumeDialogControl: C onDismissRequested reason = 2
12-17 19:40:29.061  2852  2852 I BarTransitions.HwPhoneStatusBarView: transitionTo: mode=MODE_TRANSPARENT, animate=false
12-17 19:40:29.061  2852  2852 I BarTransitions.HwNavigationBarView: transitionTo: mode=MODE_TRANSPARENT, animate=false
12-17 19:40:29.061  1795  2380 D PowerManagerService: ready=true,policy=3,wakefulness=1,wksummary=0x0,uasummary=0x1,bootcompleted=true,boostinprogress=false,waitmodeenable=false,mode=true,manual=33,auto=-1,adj=0.0userId=0
12-17 19:40:29.062  2852  2852 I HwNavigationBarTransitions: transitionTo:mode=4, isEmuiStyle=false
12-17 19:40:29.062  2852  2852 I TintImageView: onTouchEvent: code=4, action=0, event=MotionEvent { action=ACTION_DOWN, actionButton=0, id[0]=0, x[0]=126.0, y[0]=119.0, toolType[0]=TOOL_TYPE_FINGER, buttonState=0, metaState=0, flags=0x0, edgeFlags=0x0, pointerCount=1, historySize=0, eventTime=123167602, downTime=123167602, deviceId=10, source=0x1002 }
12-17 19:40:29.063  2852  2852 I TintImageView: sendEvent:action=0, flag=0
12-17 19:40:29.063  2852  2852 I vol.VolumeDialog: VolumeDialogController.Callbacks onDismissRequested reason = 2
12-17 19:40:29.064  1795  3225 D KeyEvent: obtain, mHwFlags=0
12-17 19:40:29.064  1795  3225 D HwCustPhoneWindowManager: answer call by keyCode = 4, down = true, isSupVolumnkeyAnswerCall = false
12-17 19:40:29.064  1795  3225 I PowerManager_screenOn: HwPhoneWindowManager has intercept Key : 4, isdown : true, flags : 72
12-17 19:40:29.064  1795  3225 D WindowManager: interceptKeyTq keycode=4 interactive=true keyguardActive=false policyFlags=2b000002 down true canceled false
12-17 19:40:29.064  1795  3225 D WindowManager: interceptKeyBeforeQueueing: key 4 , result : 1
12-17 19:40:29.065  1795  2380 D PowerManagerService: userActivityNoUpdateLocked: eventTime=123167611, event=1, flags=0x0, uid=1000
12-17 19:40:29.065  1795  2380 I PowerManager_screenOn: PowerManagerNotifier onUserActivity: event=1, uid=1000
12-17 19:40:29.065  1795  2380 D PowerManagerService: ready=true,policy=3,wakefulness=1,wksummary=0x0,uasummary=0x1,bootcompleted=true,boostinprogress=false,waitmodeenable=false,mode=true,manual=33,auto=-1,adj=0.0userId=0
12-17 19:40:29.065  1795  2380 D KeyEvent: obtain, mHwFlags=1874117200
12-17 19:40:29.066  1795  2380 I TransactionSponsor: Transact:getHwAdminCachedValue to device policy manager service.
12-17 19:40:29.066  1795  2380 I TransactionProcessor: HwDPMS received transaction_isHwFrameworkAdminAllowed, the ret: false
12-17 19:40:29.067  1795  1809 D KeyEvent: obtain, mHwFlags=0
12-17 19:40:29.085  1795  2381 D libfingersense_wrapper: Calling fingersense_touch_up()
12-17 19:40:29.085  1795  2381 D libfingersense_wrapper: fingersense_touch_up() finished
12-17 19:40:29.087  2852  2852 I SlideTouchEvent: handleTouchEvent:MotionEvent { action=ACTION_UP, actionButton=0, id[0]=0, x[0]=336.0, y[0]=119.0, toolType[0]=TOOL_TYPE_FINGER, buttonState=0, metaState=0, flags=0x0, edgeFlags=0x0, pointerCount=1, historySize=0, eventTime=123167634, downTime=123167602, deviceId=10, source=0x1002 }
12-17 19:40:29.087  2852  2852 I SlideTouchEvent: vel=0.0, MinimumFlingVelocity=150
12-17 19:40:29.087  2852  2852 I PhoneStatusBar: resumeSuspendedAutohide
12-17 19:40:29.087  2852  2852 I BarTransitions.HwPhoneStatusBarView: transitionTo: mode=MODE_TRANSPARENT, animate=false
12-17 19:40:29.087  2852  2852 I BarTransitions.HwNavigationBarView: transitionTo: mode=MODE_TRANSPARENT, animate=false
12-17 19:40:29.087  2852  2852 I HwNavigationBarTransitions: transitionTo:mode=4, isEmuiStyle=false
12-17 19:40:29.087  2852  2852 I TintImageView: onTouchEvent: code=4, action=1, event=MotionEvent { action=ACTION_UP, actionButton=0, id[0]=0, x[0]=126.0, y[0]=119.0, toolType[0]=TOOL_TYPE_FINGER, buttonState=0, metaState=0, flags=0x0, edgeFlags=0x0, pointerCount=1, historySize=0, eventTime=123167634, downTime=123167602, deviceId=10, source=0x1002 }
12-17 19:40:29.088  2852  2852 I TintImageView: sendEvent:action=1, flag=0
12-17 19:40:29.089  1795  3253 D KeyEvent: obtain, mHwFlags=0
12-17 19:40:29.089  1795  3253 D HwCustPhoneWindowManager: answer call by keyCode = 4, down = false, isSupVolumnkeyAnswerCall = false
12-17 19:40:29.089  1795  3253 I PowerManager_screenOn: HwPhoneWindowManager has intercept Key : 4, isdown : false, flags : 72
12-17 19:40:29.089  1795  3253 D WindowManager: interceptKeyTq keycode=4 interactive=true keyguardActive=false policyFlags=2b000002 down false canceled false
12-17 19:40:29.089  1795  3253 D WindowManager: interceptKeyBeforeQueueing: key 4 , result : 1
12-17 19:40:29.090  2852  2914 V AudioManager: querySoundEffectsEnabled...
12-17 19:40:29.090  1795  2380 D KeyEvent: obtain, mHwFlags=1874117200
12-17 19:40:29.090  1795  2380 I TransactionSponsor: Transact:getHwAdminCachedValue to device policy manager service.
12-17 19:40:29.091  1795  2380 I TransactionProcessor: HwDPMS received transaction_isHwFrameworkAdminAllowed, the ret: false
12-17 19:40:29.091  1795  2380 I InputDispatcher: touch process [4492], send to pg
12-17 19:40:29.093  3180  3578 I ash     : package = null, pid = 4492, touch input
12-17 19:40:29.094  3180  3578 I ash     : Default InputMethod : com.baidu.input_huawei
12-17 19:40:29.123  1795  1795 I TrafficMonitor: expired arrive. level:-1
12-17 19:40:29.123  1795  1795 I TrafficMonitor: during_ms:2002,period_ms:2000
12-17 19:40:29.123  1795  1795 I TrafficMonitor: count:120,rx_sum:24,tx_sum:26,rxBytes:11395,during_ms:2002,rx_speed:5691.8081918081925,tx_speed:1490.0099900099901,rto:0.9230769230769231
12-17 19:40:29.124  1795  1795 D HuaweiWifiWatchdogStateMachine: speed: rxpkt:24, rxSpd:5691B/s, txpkt:26, txSpd:1490
12-17 19:40:29.244  4492  4492 V AudioManager: getMode...
12-17 19:40:29.244  4492  4492 V AudioManager: isSpeakerphoneOn...
