12-17 19:32:08.427  2852  2852 D DateTimeView: Change to single clock mode!
12-17 19:32:08.432  2852  2852 D DateTimeView: Change to single clock mode!
12-17 19:32:08.445  1795  2332 I qti_sensors_hal: [ACC]processReportInd: X: 5.958524 Y: 7.229468 Z: 2.743395  x_offset:0.160831 y_offset:0.184366 z_offset:0.985027
12-17 19:32:08.605  7741  7758 D TmoMonitor: Cache monitor msg as screen_off
12-17 19:32:08.641  1795  2332 I qti_sensors_hal: [ACC]processReportInd: X: 5.825147 Y: 7.378531 Z: 2.897952  x_offset:0.160831 y_offset:0.184366 z_offset:0.985027
12-17 19:32:08.684   633   692 I eSpaceService: Watch Thread{4481} LoginC.doWatch(LoginC.java:1459) Login_By_Step-> watch count =  0
12-17 19:32:08.703  7741  7758 D TmoMonitor: Cache monitor msg as screen_off
12-17 19:32:08.736  3782 20318 V AudioManager: isMusicActive...
12-17 19:32:08.736  3782 20318 V AudioManager: isWiredHeadsetOn...
12-17 19:32:08.837  1795  2332 I qti_sensors_hal: [ACC]processReportInd: X: 5.377973 Y: 8.006155 Z: 2.364721  x_offset:0.160831 y_offset:0.184366 z_offset:0.985027
12-17 19:32:09.033  1795  2332 I qti_sensors_hal: [ACC]processReportInd: X: 5.440732 Y: 8.555319 Z: 2.349270  x_offset:0.160831 y_offset:0.184366 z_offset:0.985027
12-17 19:32:09.197  1795  1795 I TrafficMonitor: update:rxPkts:0,txPkts:0,rxBytes:0,txBytes:0
12-17 19:32:09.197  1795  1795 I TrafficMonitor: start expired. level:-1
12-17 19:32:09.197  1795  1795 I TrafficMonitor: gettimer:interval=2000
12-17 19:32:09.229  1795  2332 I qti_sensors_hal: [ACC]processReportInd: X: 5.652555 Y: 8.312124 Z: 0.347757  x_offset:0.160831 y_offset:0.184366 z_offset:0.985027
12-17 19:32:09.426  1795  2332 I qti_sensors_hal: [ACC]processReportInd: X: 5.119077 Y: 7.770789 Z: -0.030917  x_offset:0.160831 y_offset:0.184366 z_offset:0.985027
12-17 19:32:09.622  1795  2332 I qti_sensors_hal: [ACC]processReportInd: X: 5.864377 Y: 7.472662 Z: -0.316839  x_offset:0.160831 y_offset:0.184366 z_offset:0.985027
12-17 19:32:09.799   633 31867 I SDK     : <2016-12-17 19:32:09> [NOTICE] SDK: UE-SeC 2016-12-17 19:32:9:799 Level[NOTICE] magic[3368294688 1013]:s(0, 0),r(0, 0)in 20s;vsock(135716B, 10762B, 0, 0), sock(846, 897, 0, 0), times(34, 0, 194, 57), delay(0, 0)ms, m(0, 6144)KB, p:38819, s:38819, t(148, 1, 32198B, 50795B), u(0, 0, 176580B, 47974B), c(2247, 2363, 0, 0), e(67914, 1639)/(1330, 1639), k:73, d(589, 677), de(0), s(online, 2, 1), SSL(0), UDP(0), r_d(0), s_d(0), c_d(0), dur(1383 m), vs(0, 0, 0), sysFM(0 KB), ls(1779, 1779),bypass[0]:[0]
12-17 19:32:09.799   633 31867 I SDK     : 
12-17 19:32:09.818  1795  2332 I qti_sensors_hal: [ACC]processReportInd: X: 6.766583 Y: 6.656760 Z: -0.834604  x_offset:0.160831 y_offset:0.184366 z_offset:0.985027
12-17 19:32:10.014  1795  2332 I qti_sensors_hal: [ACC]processReportInd: X: 6.884274 Y: 7.033331 Z: -0.278211  x_offset:0.160831 y_offset:0.184366 z_offset:0.985027
12-17 19:32:10.210  1795  2332 I qti_sensors_hal: [ACC]processReportInd: X: 7.370679 Y: 7.088248 Z: 1.622854  x_offset:0.160831 y_offset:0.184366 z_offset:0.985027
12-17 19:32:10.219  3180  4307 I AwareLog: MemoryRecoveryDMEPlugin: handle message MSG_MEM_LEAK_CHECK
12-17 19:32:10.415  7741  7758 D TmoMonitor: Cache monitor msg as screen_off
12-17 19:32:10.498  7741  7758 D TmoMonitor: Cache monitor msg as screen_off
12-17 19:32:10.762  7741  7758 D TmoMonitor: Cache monitor msg as screen_off
12-17 19:32:10.920  7741  7758 D TmoMonitor: Cache monitor msg as screen_off
12-17 19:32:11.140  7741  7758 D TmoMonitor: Cache monitor msg as screen_off
12-17 19:32:11.202  1795  1795 I TrafficMonitor: update:rxPkts:0,txPkts:0,rxBytes:0,txBytes:0
12-17 19:32:11.202  1795  1795 I TrafficMonitor: start expired. level:-1
12-17 19:32:11.202  1795  1795 I TrafficMonitor: gettimer:interval=2000
12-17 19:32:11.273  7741  7758 D TmoMonitor: Cache monitor msg as screen_off
12-17 19:32:11.309  7741  7758 D TmoMonitor: Cache monitor msg as screen_off
12-17 19:32:11.352   802   802 E Thermal-daemon: [Thermal_Hw] temperature_valid, battery : temperature is invalid, invalid temperatrue is 27
12-17 19:32:11.353   802   802 E Thermal-daemon: [Thermal_Hw] temperature_filter: get invalid temperature, use old temp
12-17 19:32:11.441  1795  3225 W ActivityManager: getRunningAppProcesses: caller 10102 does not hold REAL_GET_TASKS; limiting output
12-17 19:32:11.509  7741  7758 D TmoMonitor: Cache monitor msg as screen_off
12-17 19:32:11.604  7741  7758 D TmoMonitor: Cache monitor msg as screen_off
12-17 19:32:11.704  7741  7758 D TmoMonitor: Cache monitor msg as screen_off
12-17 19:32:12.113  7741  7758 D TmoMonitor: Cache monitor msg as screen_off
12-17 19:32:12.540  1795  2728 D HwArpVerifier: check_wifi_state_mode = 0 mCheckStateToken=1008 token1008
12-17 19:32:12.540  1795  2728 D HwArpVerifier: reportArpDetail: 10.33.8.1  00:00:5e:00:01:09   2   wlan0
12-17 19:32:12.540  1795  2728 D wifiserviceimpl: netmask =16580607
12-17 19:32:12.578  1795  2728 D HWMultiGW: setGateWay 10.33.8.1
12-17 19:32:12.834  1795  2671 D WifiHW  : wifi_send_command: cmd:'IFNAME=wlan0 SIGNAL_POLL'
12-17 19:32:12.835  5215  5215 D wpa_supplicant: wlan0: Control interface command 'SIGNAL_POLL'
12-17 19:32:12.840  5215  5215 E wpa_supplicant: RSSI=-58;LINKSPEED=72;NOISE=9999;FREQUENCY=2452;
12-17 19:32:12.840  5215  5215 D wpa_supplicant: CTRL-DEBUG: global_ctrl_sock-sendto: sock=16 sndbuf=229376 outq=0 send_len=48
12-17 19:32:12.842  1795  2671 V HwWifiServiceFactory: get AllImpl object = com.android.server.wifi.HwWifiServiceFactoryImpl@c332618
12-17 19:32:12.843  1795  2671 E WifiConfigManager: updateConfiguration freq=2452 BSSID=80:38:bc:08:42:c1 RSSI=-57 "Huawei-Employee"WPA_EAP
12-17 19:32:12.843  1795  2671 D WifiHW  : wifi_send_command: cmd:'IFNAME=wlan0 PKTCNT_POLL'
12-17 19:32:12.844  5215  5215 D wpa_supplicant: wlan0: Control interface command 'PKTCNT_POLL'
12-17 19:32:12.847  5215  5215 D wpa_supplicant: CTRL-DEBUG: global_ctrl_sock-sendto: sock=16 sndbuf=229376 outq=0 send_len=34
12-17 19:32:12.857  1795  1795 D WiFi_PRO: MSG_RETURN_AP_CURRY_RSSI rssi = -58
12-17 19:32:12.857  1795  2739 D HuaweiWifiWatchdogStateMachine: LM mrssi=-58
12-17 19:32:12.857  1795  2739 D HuaweiWifiWatchdogStateMachine: 80:38:bc:08:42:c1 current loss[-58]=0%, volume=3
12-17 19:32:12.857  1795  1795 I QosMonitor: queryRtt: rtt_type = 3
12-17 19:32:12.857  1795  1795 I WifiProJNI: ######### GET RTT:3 ########
12-17 19:32:12.857  1795  1795 D WifiProJNI: send_cmd_kernel: cmd=7
12-17 19:32:12.857  1795  2739 D HuaweiWifiWatchdogStateMachine: 80:38:bc:08:42:c1 history loss[-58]=0%, volume=28862
12-17 19:32:12.858  1795  2737 D WifiProJNI: Received kernel message payload: event 4
12-17 19:32:12.858  1795  2737 I QosMonitor: postEventFromNative: msg=100,arg1=4,arg2=9
12-17 19:32:12.859  1795  2737 W WifiProJNI: poll before: g_monitor_fd =310
12-17 19:32:12.859  1795  1795 D HuaweiWifiWatchdogStateMachine: setSampleRtt: unvalid rtt
12-17 19:32:12.859  1795  2739 I HuaweiWifiWatchdogStateMachine: spd good count:0, add sc:0.0, rate:1.0
12-17 19:32:12.859  1795  2739 I HuaweiWifiWatchdogStateMachine: current mHighDataFlowRate = 1.0
12-17 19:32:12.859  1795  2739 I HuaweiWifiWatchdogStateMachine: POta txb txg rxg:0, 3, 0. Lr =0% Totpkt=3
12-17 19:32:12.860  1795  1795 I WifiProJNI: ######### CMD_QUERY_PKTS ########
12-17 19:32:12.860  1795  1795 D WifiProJNI: send_cmd_kernel: cmd=1
12-17 19:32:12.861  1795  2737 D WifiProJNI: Received kernel message payload: event 0
12-17 19:32:12.861  1795  2737 I QosMonitor: postEventFromNative: msg=100,arg1=0,arg2=9
12-17 19:32:12.861  1795  2737 W WifiProJNI: poll before: g_monitor_fd =310
12-17 19:32:12.862  1795  1795 I MQoS    : rtt=250,tcp_tx_pkts=1480287,tcp_rx_pkts=1768498
12-17 19:32:12.862  1795  2739 D HuaweiWifiWatchdogStateMachine: dumpTcpResult: len=9,rtt=250,rttPkt=6,rttWn=89,cgt=0,cgtWn=0
12-17 19:32:12.862  1795  2739 I HuaweiWifiWatchdogStateMachine: PTcp RTT:0, rtt pkt=0, tcp_rx=0, tcp_tx=0, tcp_reTran=0, rtRate=0
12-17 19:32:12.862  1795  2739 D HuaweiWifiWatchdogStateMachine: mRssiBadCount =0, RSSI not bad.
12-17 19:32:12.863  1795  2739 D HuaweiWifiWatchdogStateMachine: detectNetworkAvailable:hw.wifipro.dns_fail_count = 1001
12-17 19:32:12.863  1795  2739 I HuaweiWifiWatchdogStateMachine: rs ota tcp lr rttvb bad: false, false, false, false, false; rsth:-75
12-17 19:32:12.863  1795  2739 D HuaweiWifiWatchdogStateMachine: GSC:0, GSR:1.0, RSR:1.0, RTH:-75
12-17 19:32:12.863  1795  2739 D HuaweiWifiWatchdogStateMachine: bqeLevel = 0 rtt=0,rtt_pkts=0 speed=63 rssi=-58
12-17 19:32:12.863  1795  2739 I HuaweiWifiWatchdogStateMachine:  pkt chk not bad, reset sc to 0.
12-17 19:32:12.863  1795  2739 D HuaweiWifiWatchdogStateMachine: ### mPktChkBadCnt=0
12-17 19:32:12.864  1795  5350 I MQoS    : QOS_level:0(0),DataDisable;use level-0
12-17 19:32:12.864  1795  5350 I MQoS    : skip-low-Level:0(0),DataDisable;use level-0
12-17 19:32:13.205  1795  1795 I TrafficMonitor: update:rxPkts:0,txPkts:0,rxBytes:0,txBytes:0
12-17 19:32:13.205  1795  1795 I TrafficMonitor: start expired. level:-1
12-17 19:32:13.205  1795  1795 I TrafficMonitor: gettimer:interval=2000
12-17 19:32:13.413  7741  7758 D TmoMonitor: Cache monitor msg as screen_off
12-17 19:32:13.499  7741  7758 D TmoMonitor: Cache monitor msg as screen_off
12-17 19:32:13.580  1795  2728 D HwArpVerifier: getGateWayARPResponses: arp rtt = 18
12-17 19:32:13.581  1795  2728 E HwCHRWifiRSSIGroupSummery: updatArpSummery mRSSI:-58  HwCHRWifiRSSIGroup [rssi_index=4, rtt_tcp_packets=64, rtt_tcp_duration=525, rtt_lan_duration=172, rtt_lan_failures=0, rtt_lan_succ=4, rtt_lan_max=124, rtt_lan_min=14,same_area_frequency=0,adjacent_area_frequency=0]
12-17 19:32:13.599  1795  2728 D HwArpVerifier: There are 1 mac address for gateway 
12-17 19:32:13.599  1795  2728 D HwArpVerifier: from HEART_CHECK transmit to state:HEART_CHECK
12-17 19:32:13.599  1795  2728 D HwArpVerifier: msg what=124 arg1(token)=1008 arg2(mode)=0 delay=30000
12-17 19:32:13.599  1795  2728 D HwArpVerifier: performPollAndLog:
12-17 19:32:13.608  1795  2728 D hw_netstat: total/0/0
12-17 19:32:13.613  1795  2728 E HwCHRWebMonitor: WebMonitor [mNetWorkIsSuck=0 mUIDIsSuck=]  WebSpeed [WEBSENDSEGS=0  WEBRESENDSEGS=0  WEBRECVSEGS=0  WEBERRSEGS=0  WEBOUTRSTS=0  WEBESTABLISRST=0  WEBRTTDURATION=0  WEBRTTSEGS=0  WEBSRTT=250  WEBSNDDUPACKS=0  SENDSEGS=0  RESENDSEGS=0  RECVSEGS=0  ERRSEGS=0  OUTRSTS=0  ESTABLISRST=0  RTTDURATION=0  RTTSEGS=0  SNDDUPACKS=0  suckTimes=0 recovage_times=0]
12-17 19:32:13.613  1795  2728 E HwCHRWifiRSSIGroupSummery: updateTcpSummery mRSSI:-58  HwCHRWifiRSSIGroup [rssi_index=4, rtt_tcp_packets=64, rtt_tcp_duration=525, rtt_lan_duration=172, rtt_lan_failures=0, rtt_lan_succ=4, rtt_lan_max=124, rtt_lan_min=14,same_area_frequency=0,adjacent_area_frequency=0]
12-17 19:32:13.613  1795  2728 D WifiHW  : wifi_send_command: cmd:'IFNAME=wlan0 PKTCNT_POLL'
12-17 19:32:13.614  5215  5215 D wpa_supplicant: wlan0: Control interface command 'PKTCNT_POLL'
