12-17 19:40:24.101   633 20834 I SDK     : 
12-17 19:40:24.101   633 31868 I SDK     : <2016-12-17 19:40:24> [NOTICE] SDK: UE-SeC 2016-12-17 19:40:24:101 Level[NOTICE] magic[3365677344 7509]:Currently udp detect response ok,detect id is [4],ack id is [4]!
12-17 19:40:24.101   633 31868 I SDK     : 
12-17 19:40:24.101   633 31868 I SDK     : <2016-12-17 19:40:24> [NOTICE] SDK: UE-SeC 2016-12-17 19:40:24:101 Level[NOTICE] magic[3365677344 5250]:Switch tunnel mode to [3]!
12-17 19:40:24.101   633 31868 I SDK     : 
12-17 19:40:24.101   633 31868 I SDK     : <2016-12-17 19:40:24> [NOTICE] SDK: UE-SeC 2016-12-17 19:40:24:101 Level[NOTICE] magic[3365677344 2549]:Send switch tunnel msg ok,mode is [3],now mode is[3]!
12-17 19:40:24.101   633 31868 I SDK     : 
12-17 19:40:24.102  5215  5215 D wpa_supplicant: wlan0: Control interface command 'BSS RANGE=536- MASK=0x3029d87'
12-17 19:40:24.102   633 31868 I SDK     : <2016-12-17 19:40:24> [NOTICE] SDK: UE-SeC 2016-12-17 19:40:24:102 Level[NOTICE] magic[3365677344 7509]:Currently udp detect response ok,detect id is [4],ack id is [4]!
12-17 19:40:24.102   633 31868 I SDK     : 
12-17 19:40:24.102  5215  5215 D wpa_supplicant: CTRL-DEBUG: global_ctrl_sock-sendto: sock=16 sndbuf=229376 outq=0 send_len=0
12-17 19:40:24.102   633 31868 I SDK     : <2016-12-17 19:40:24> [NOTICE] SDK: UE-SeC 2016-12-17 19:40:24:102 Level[NOTICE] magic[3365677344 5250]:Switch tunnel mode to [3]!
12-17 19:40:24.102   633 31868 I SDK     : 
12-17 19:40:24.102 31949 31967 I ECS     : WatchThread{4786} TcpClient.clearAll(TcpClient.java:240) ==================== TCP CLIENT CLEAR ALL ====================
12-17 19:40:24.102   633 31868 I SDK     : <2016-12-17 19:40:24> [NOTICE] SDK: UE-SeC 2016-12-17 19:40:24:102 Level[NOTICE] magic[3365677344 2549]:Send switch tunnel msg ok,mode is [3],now mode is[3]!
12-17 19:40:24.102   633 31868 I SDK     : 
12-17 19:40:24.102  1795  2671 D WifiNative-HAL: Can't find ssid:  - wlanaccessv2.0
12-17 19:40:24.102  5215  5215 D wpa_supplicant: wlan0: Control interface command 'BSS RANGE=0- MASK=0x3029d87'
12-17 19:40:24.102   633 31868 I SDK     : <2016-12-17 19:40:24> [NOTICE] SDK: UE-SeC 2016-12-17 19:40:24:102 Level[NOTICE] magic[3365677344 7509]:Currently udp detect response ok,detect id is [4],ack id is [4]!
12-17 19:40:24.102   633 31868 I SDK     : 
12-17 19:40:24.102   633 31868 I SDK     : <2016-12-17 19:40:24> [NOTICE] SDK: UE-SeC 2016-12-17 19:40:24:102 Level[NOTICE] magic[3365677344 5250]:Switch tunnel mode to [3]!
12-17 19:40:24.102   633 31868 I SDK     : 
12-17 19:40:24.102   633 31868 I SDK     : <2016-12-17 19:40:24> [NOTICE] SDK: UE-SeC 2016-12-17 19:40:24:102 Level[NOTICE] magic[3365677344 2549]:Send switch tunnel msg ok,mode is [3],now mode is[3]!
12-17 19:40:24.102   633 31868 I SDK     : 
12-17 19:40:24.102  5215  5215 E wpa_supplicant: bssid=80:38:bc:08:42:c1;freq=2452;level=-48;flags=43;ssid=Huawei-Employee;
12-17 19:40:24.102   633 31868 I SDK     : <2016-12-17 19:40:24> [NOTICE] SDK: UE-SeC 2016-12-17 19:40:24:102 Level[NOTICE] magic[3365677344 7509]:Currently udp detect response ok,detect id is [4],ack id is [4]!
12-17 19:40:24.102   633 31868 I SDK     : 
12-17 19:40:24.102  5215  5215 E wpa_supplicant: bssid=80:38:bc:0b:28:01;freq=2432;level=-63;flags=11;ssid=Huawei-Employee;
12-17 19:40:24.102   633 31868 I SDK     : <2016-12-17 19:40:24> [NOTICE] SDK: UE-SeC 2016-12-17 19:40:24:102 Level[NOTICE] magic[3365677344 5250]:Switch tunnel mode to [3]!
12-17 19:40:24.102   633 31868 I SDK     : 
12-17 19:40:24.102   633 31868 I SDK     : <2016-12-17 19:40:24> [NOTICE] SDK: UE-SeC 2016-12-17 19:40:24:102 Level[NOTICE] magic[3365677344 2549]:Send switch tunnel msg ok,mode is [3],now mode is[3]!
12-17 19:40:24.102   633 31868 I SDK     : 
12-17 19:40:24.102  5215  5215 E wpa_supplicant: bssid=80:38:bc:0b:2b:e1;freq=2432;level=-64;flags=11;ssid=Huawei-Employee;
12-17 19:40:24.102  1795  2671 I SendBroadcastPermission: action:android.net.wifi.SCAN_RESULTS, mPermissionType:0
12-17 19:40:24.103  5215  5215 E wpa_supplicant: bssid=80:38:bc:0a:f0:61;freq=2432;level=-79;flags=11;ssid=Huawei-Employee;
12-17 19:40:24.103  5215  5215 E wpa_supplicant: bssid=00:26:f2:1b:9d:b2;freq=2437;level=-79;flags=11;ssid=NTPC02;
12-17 19:40:24.103  5215  5215 E wpa_supplicant: bssid=80:38:bc:0b:18:a1;freq=2432;level=-81;flags=11;ssid=Huawei-Employee;
12-17 19:40:24.103  1795  2671 I ActivityManager_broadcast: collectReceiverComponents, callerApp: ProcessRecord{34bf34f 0:system/1000}, intent:android.net.wifi.SCAN_RESULTS, receiver size:1, flags: 10000400
12-17 19:40:24.103  5215  5215 E wpa_supplicant: bssid=80:38:bc:0b:29:e1;freq=2452;level=-85;flags=11;ssid=Huawei-Employee;
12-17 19:40:24.103  1795  2671 I HwActivityManagerService: Split enqueueing broadcast [callerApp]:ProcessRecord{34bf34f 0:system/1000}
12-17 19:40:24.103  5215  5215 E wpa_supplicant: bssid=80:38:bc:0b:25:e1;freq=2412;level=-87;flags=11;ssid=Huawei-Employee;
12-17 19:40:24.103  5215  5215 D wpa_supplicant: CTRL-DEBUG: global_ctrl_sock-sendto: sock=16 sndbuf=229376 outq=0 send_len=4028
12-17 19:40:24.103  1795  2671 I HwActivityManagerService: Split enqueueing broadcast [callerApp]:ProcessRecord{34bf34f 0:system/1000}
12-17 19:40:24.103  1795  2671 I ActivityManager_broadcast: Enqueueing ordered broadcast[background] BroadcastRecord{59a3bf9 u-1 android.net.wifi.SCAN_RESULTS}: prev had 0
12-17 19:40:24.103 31949 31967 I ECS     : WatchThread{4786} TcpClient.disconnect_i(TcpClient.java:202) ==================== TCP CLIENT DISCONNECT ====================
12-17 19:40:24.104 31949 31967 I TCP     : WatchThread{4786} TcpClientThread.disconnectSocket(TcpClientThread.java:369) disconnecting to uc.huawei.com:7801
12-17 19:40:24.104  1795  1808 I ActivityManager_broadcast: dispatch ordered broadcast [background] BroadcastRecord{59a3bf9 u-1 android.net.wifi.SCAN_RESULTS}, has 1 receivers
12-17 19:40:24.105 31949 31967 I eSpaceService: WatchThread{4786} TcpCirChannel.connect(TcpCirChannel.java:219) Connect to server  address = [uc.huawei.com,]  port = 7801
12-17 19:40:24.105 31949 31967 I ECS     : WatchThread{4786} TcpClient.clearAll(TcpClient.java:240) ==================== TCP CLIENT CLEAR ALL ====================
12-17 19:40:24.105  5215  5215 D wpa_supplicant: wlan0: Control interface command 'BSS RANGE=536- MASK=0x3029d87'
12-17 19:40:24.105  5215  5215 D wpa_supplicant: CTRL-DEBUG: global_ctrl_sock-sendto: sock=16 sndbuf=229376 outq=0 send_len=0
12-17 19:40:24.106 31949 31967 I ECS     : WatchThread{4786} TcpClient.connect(TcpClient.java:162) ==================== TCP CLIENT CONNECT [2] ====================
12-17 19:40:24.106 31949 31967 I TCP     : WatchThread{4786} TcpClientThread.connect(TcpClientThread.java:52) will connect to uc.huawei.com:7801
12-17 19:40:24.107 31949 31967 I TCP     : tcp.conn{4787} TcpSocket.connect_i(TcpSocket.java:84) connecting to ip address uc.huawei.com/172.30.70.63
12-17 19:40:24.107  1795  2671 W WifiStateMachine: attemptAutoConnect: false
12-17 19:40:24.109  3858  4126 I amsnl   : wsr
12-17 19:40:24.110  3858  4126 I amsnl   : t:false, fl: false, p: 2147483647000, ce: true, we: true
12-17 19:40:24.111  1795  2332 I qti_sensors_hal: [ACC]processReportInd: X: -1.459567 Y: 2.401755 Z: 8.480154  x_offset:0.160831 y_offset:0.184366 z_offset:0.985027
12-17 19:40:24.111  1795  2736 E hwintelligencewifi: inlineAddCurrentApInfo mInfos.size()=132
12-17 19:40:24.112  1795  2736 E hwintelligencewifi:  DefaultState message.what = 7
12-17 19:40:24.112 31949 31967 I TCP     : tcp.conn{4787} TcpClientThread.connectSocket(TcpClientThread.java:360) notify user tcp connected successully at 0 to uc.huawei.com:7801
12-17 19:40:24.112 31949 31985 I PushService: connect :true
12-17 19:40:24.113 31949 31967 I TCP     : tcp.conn{4787} TcpClientThread.onRecv(TcpClientThread.java:522) tcp connection event TCP_CONNECTED
12-17 19:40:24.115  1795  3884 D wifiserviceimpl: netmask =16580607
12-17 19:40:24.116  3858  4126 I amsnl   : m1: false
12-17 19:40:24.117  1795  6986 W ActivityManager: getRunningAppProcesses: caller 10009 does not hold REAL_GET_TASKS; limiting output
12-17 19:40:24.117   835  2385 E libteec : begin
12-17 19:40:24.117   606  2379 E libteec : receive data len = 128
12-17 19:40:24.117  3858  4126 I amsnl   : m2: false, m3: false
12-17 19:40:24.117  3858  4126 I amsnl   : c: true, w: true, t: false, l: false
12-17 19:40:24.119 31949 31967 I PushService: tcp.conn{4787} ServiceC.connectedNotify(ServiceC.java:289) null
12-17 19:40:24.121 31949 31967 I ECS     : tcp.conn{4787} XmlMsg.encodeBuf(XmlMsg.java:215) SEND 100 bytes [16]_00_00_00_60_00_03_01_05_01_04_81_C2_00_00_00_00 cmdCode(CC_PCheckVersion.0x0501)msgType(MT_ARG.1)msgClass(MC_Push.5)sender(ST_Mobile.0)crypted(false)zipped(false)nobase64(true)length(96)version(3)sno(81C2)
12-17 19:40:24.123 31949 31967 I TCP     : tcp.conn{4787} TcpClientThread.send(TcpClientThread.java:118) socket not connected, will not send 100 bytes
12-17 19:40:24.123  1795  1795 I TrafficMonitor: update:rxPkts:9,txPkts:15,rxBytes:688,txBytes:1513
12-17 19:40:24.123  1795  1795 I TrafficMonitor: start expired. level:-1
12-17 19:40:24.123  1795  1795 I TrafficMonitor: gettimer:interval=2000
12-17 19:40:24.128   606  2379 E libteec : QSEECom_send_cmd return!
12-17 19:40:24.128   606  2379 E libteec : qsc_send_cmd finish
12-17 19:40:24.128   606  2379 E libteec : send data return = 128
12-17 19:40:24.129   835  2385 E libteec : receive data len = 128
12-17 19:40:24.129   835  2385 E libteec : begin
12-17 19:40:24.129   835  2385 E libteec : qsc_decode end
12-17 19:40:24.132   533  3739 E ANDR-PERF-MPCTL: Invalid profile no. 0, total profiles 0 only
12-17 19:40:24.171  1795  2332 I qti_sensors_hal: [ACC]processReportInd: X: -1.798892 Y: 2.480200 Z: 9.835799  x_offset:0.160831 y_offset:0.184366 z_offset:0.985027
12-17 19:40:24.176  1795  2371 E LightSensor: read Events lux:132.0
12-17 19:40:24.176  1795  1825 D AutomaticBrightnessController: ambient lux=132.0,timeStamp =443360539474000
12-17 19:40:24.229   835  2385 E libteec : begin
12-17 19:40:24.229   606  2379 E libteec : receive data len = 128
12-17 19:40:24.232  1795  2332 I qti_sensors_hal: [ACC]processReportInd: X: -2.229923 Y: 2.844122 Z: 9.076963  x_offset:0.160831 y_offset:0.184366 z_offset:0.985027
12-17 19:40:24.239   606  2379 E libteec : QSEECom_send_cmd return!
12-17 19:40:24.239   606  2379 E libteec : qsc_send_cmd finish
12-17 19:40:24.239   606  2379 E libteec : send data return = 128
12-17 19:40:24.239   835  2385 E libteec : receive data len = 128
12-17 19:40:24.239   835  2385 E libteec : begin
12-17 19:40:24.239   835  2385 E libteec : qsc_decode end
12-17 19:40:24.239   835  2385 D fpc_fingerprint_hal: wait_finger_up FPC_LIB_FINGER_LOST
12-17 19:40:24.239   835  2385 D fpc_fingerprint_hal: wait_finger_up, took 681 ms
12-17 19:40:24.239   835  2385 E libteec : begin
12-17 19:40:24.239   606  2379 E libteec : receive data len = 128
12-17 19:40:24.248   606  2379 E libteec : QSEECom_send_cmd return!
