12-17 19:31:51.897  2852  2852 W HwPhoneLayoutInflater: onCreateView : ClassNotFoundException, In this case we want to let the base class take a crack at it
12-17 19:31:51.904  2852  2852 W HwPhoneLayoutInflater: onCreateView : ClassNotFoundException, In this case we want to let the base class take a crack at it
12-17 19:31:51.905  2852  2852 W HwPhoneLayoutInflater: onCreateView : ClassNotFoundException, In this case we want to let the base class take a crack at it
12-17 19:31:51.914  2852  2852 W HwPhoneLayoutInflater: onCreateView : ClassNotFoundException, In this case we want to let the base class take a crack at it
12-17 19:31:51.914  2852  2852 W HwPhoneLayoutInflater: onCreateView : ClassNotFoundException, In this case we want to let the base class take a crack at it
12-17 19:31:51.918  2852  2852 W HwPhoneLayoutInflater: onCreateView : ClassNotFoundException, In this case we want to let the base class take a crack at it
12-17 19:31:51.919  2852  2852 W HwPhoneLayoutInflater: onCreateView : ClassNotFoundException, In this case we want to let the base class take a crack at it
12-17 19:31:51.924  2852  2852 W HwPhoneLayoutInflater: onCreateView : ClassNotFoundException, In this case we want to let the base class take a crack at it
12-17 19:31:51.925  2852  2852 W HwPhoneLayoutInflater: onCreateView : ClassNotFoundException, In this case we want to let the base class take a crack at it
12-17 19:31:51.933  2852  2852 W HwPhoneLayoutInflater: onCreateView : ClassNotFoundException, In this case we want to let the base class take a crack at it
12-17 19:31:51.934  2852  2852 W HwPhoneLayoutInflater: onCreateView : ClassNotFoundException, In this case we want to let the base class take a crack at it
12-17 19:31:51.951  1795  2332 I qti_sensors_hal: [ACC]processReportInd: X: 5.398953 Y: 8.316000 Z: -0.074490  x_offset:0.160831 y_offset:0.184366 z_offset:0.985027
12-17 19:31:51.955  2852  2852 W HwPhoneLayoutInflater: onCreateView : ClassNotFoundException, In this case we want to let the base class take a crack at it
12-17 19:31:51.956  2852  2852 W HwPhoneLayoutInflater: onCreateView : ClassNotFoundException, In this case we want to let the base class take a crack at it
12-17 19:31:51.960  2852  2852 W HwPhoneLayoutInflater: onCreateView : ClassNotFoundException, In this case we want to let the base class take a crack at it
12-17 19:31:51.961  2852  2852 W HwPhoneLayoutInflater: onCreateView : ClassNotFoundException, In this case we want to let the base class take a crack at it
12-17 19:31:51.987  3180  3180 E libc    : Access denied finding property "persist.sys.smart_power"
12-17 19:31:51.987  3180  3180 E libc    : Access denied finding property "persist.sys.smart_power"
12-17 19:31:52.012  1795  2332 I qti_sensors_hal: [ACC]processReportInd: X: 4.731626 Y: 7.945471 Z: -0.141526  x_offset:0.160831 y_offset:0.184366 z_offset:0.985027
12-17 19:31:52.072  3608  3608 D InCall  : InCallPresenter - notifyInCallScreenIsForeground: false
12-17 19:31:52.072  3608  3608 I SendBroadcastPermission: action:InCallScreenIsForegroundActivity, mPermissionType:0
12-17 19:31:52.073  1795  2332 I qti_sensors_hal: [ACC]processReportInd: X: 5.131452 Y: 7.608008 Z: -0.528842  x_offset:0.160831 y_offset:0.184366 z_offset:0.985027
12-17 19:31:52.088  1795  2750 D SurfaceControl: Excessive delay in setPowerMode(): 224ms
12-17 19:31:52.088  1795  2750 D PowerManagerService: Setting HAL interactive mode to false
12-17 19:31:52.088  1795  2750 I QTI PowerHAL: Got set_interactive hint
12-17 19:31:52.089   625   718 E libnav  : AbaSuspend skips CABL deactivate: state was 3
12-17 19:31:52.089   533  3739 E ANDR-PERF-MPCTL: Invalid profile no. 0, total profiles 0 only
12-17 19:31:52.089  1795  2750 D libfingersense_wrapper: Calling fingersense_on_pause()
12-17 19:31:52.090  1795  2750 D libfingersense_wrapper: fingersense_on_pause() finished
12-17 19:31:52.090  1795  2750 D PowerManagerService: Setting HAL auto-suspend mode to true
12-17 19:31:52.090   836  2387 I knuckle_sensor: Sending SAM_DISABLE to fs_data
12-17 19:31:52.090  1795  1825 I PowerManager_screenOn: DisplayPowerController updatePowerState mPendingRequestLocked=policy=OFF, useProximitySensor=true, useProximitySensorbyPhone=true, screenBrightness=33, screenAutoBrightnessAdjustment=0.0, brightnessSetByUser=true, useAutoBrightness=true, blockScreenOn=false, lowPowerMode=false, boostScreenBrightness=false, dozeScreenBrightness=-1, dozeScreenState=UNKNOWN, useTwilight=false, useSmartBacklight=true, brightnessWaitMode=false, brightnessWaitRet=true, screenAutoBrightness=-1, userId=0
12-17 19:31:52.090   836   928 I knuckle_sensor: Got DISABLE response, status = 0, id = 62
12-17 19:31:52.090  1795  1825 D DisplayPowerController: Animating brightness: target=0, rate=0
12-17 19:31:52.090  1795  1825 D DisplayPowerController: Display ready!
12-17 19:31:52.091  1795  1825 D DisplayPowerController: Finished business...
12-17 19:31:52.091  1795  1825 D PowerManagerService: ready=true,policy=0,wakefulness=0,wksummary=0x10,uasummary=0x0,bootcompleted=true,boostinprogress=false,waitmodeenable=false,mode=true,manual=33,auto=-1,adj=0.0userId=0
12-17 19:31:52.091  1795  1825 I PowerManager_screenOn: PowerManagerNotifier onWakefulnessChangeFinished mInteractiveChanging=true, mInteractive=false
12-17 19:31:52.091  1795  1825 D PowerManagerService: Acquiring suspend blocker "PowerManagerService.Broadcasts".
12-17 19:31:52.091  1795  1825 D PowerManagerService: Releasing suspend blocker "PowerManagerService.Display".
12-17 19:31:52.091  1795  1795 I WindowManger_keyguard: Finished going to sleep... (why=6)
12-17 19:31:52.091  1795  1795 I WindowOrientationListener: WindowOrientationListener disabled
12-17 19:31:52.091  1795  1795 I qti_sensors_hal: batch,376,handle 0, timeout:0 ,period_ns:200000000
12-17 19:31:52.091  1795  1795 I qti_sensors_hal: batch:sensor(android.sensor.accelerometer) handle:0 flags:0x0 period_ns 200000000
12-17 19:31:52.094  1795 17831 I HwActivityManagerService: Split enqueueing broadcast [callerApp]:ProcessRecord{ec55919 3608:com.android.incallui/1001}
12-17 19:31:52.100  1795  1795 I qti_sensors_hal: read from oem info: data_readback
12-17 19:31:52.100  1795  1795 I qti_sensors_hal: 0xcd, 0xb0, 0x24, 0x3e
12-17 19:31:52.100  1795  1795 I qti_sensors_hal: 0x66, 0xca, 0x3c, 0x3e
12-17 19:31:52.100  1795  1795 I qti_sensors_hal: 0xc0, 0x2a, 0x7c, 0x3f
12-17 19:31:52.100  1795  1795 I qti_sensors_hal: 0x55, 0x0, 0x0, 0x0
12-17 19:31:52.100  1795  1795 I qti_sensors_hal: 0x0, 0x0, 0x0, 0x0
12-17 19:31:52.100  1795  1795 E qti_sensors_hal: read from oem info: data_valid_flag=0x55
12-17 19:31:52.100  1795  1795 E qti_sensors_hal: read from oem info: x_offset=0.160831, y_offset=0.184366, z_offset=0.985027
12-17 19:31:52.100  1795  1795 E qti_sensors_hal: Final value: x_offset=0.160831, y_offset=0.184366, z_offset=0.985027
12-17 19:31:52.100  1795  1795 I qti_sensors_hal: batch:load_acc_oeminf_data x_offset:0.160831 y_offset:0.184366 z_offset:0.985027
12-17 19:31:52.100  1795  1795 I qti_sensors_hal: batch:sensor(android.sensor.accelerometer) sample_rate=5.000000Hz report_rate_f=0.000000Hz curr sample rate:14.999925 cur rpt rate:0 max:400.000000 min:1.000000
12-17 19:31:52.101  1795  1795 I WindowManger_keyguard: onFinishedGoingToSleep(6)
12-17 19:31:52.101  1795  1795 I PowerManager_screenOn: PowerManagerNotifier Sending go to sleep broadcast.
12-17 19:31:52.101  1795  1795 I SendBroadcastPermission: action:android.intent.action.SCREEN_OFF, mPermissionType:0
12-17 19:31:52.101  2852  3328 D KeyguardService: Caller checkPermission fail
12-17 19:31:52.101  2852  3328 D KeyguardService: KGSvcCall onFinishedGoingToSleep.
12-17 19:31:52.102  2852  3328 D KeyguardViewMediator: onFinishedGoingToSleep(6)
12-17 19:31:52.102  2852  3328 D KeyguardViewMediator: notifyFinishedGoingToSleep
12-17 19:31:52.102  2852  3328 W AppHandler: sendMessage 15
12-17 19:31:52.102  1795  1795 I HwActivityManagerService: Split enqueueing broadcast [callerApp]:ProcessRecord{34bf34f 0:system/1000}
12-17 19:31:52.103  1795  1795 I ActivityManager_broadcast: Enqueueing ordered broadcast[foreground] BroadcastRecord{926dd57 u-1 android.intent.action.SCREEN_OFF}: prev had 0
12-17 19:31:52.103  1795  1808 I ActivityManager_broadcast: dispatch ordered broadcast [foreground] BroadcastRecord{926dd57 u-1 android.intent.action.SCREEN_OFF}, has 55 receivers
12-17 19:31:52.105  1795  2377 I AwareLog: AwareMem_DMEServer: stop
12-17 19:31:52.109  1795  1795 D HwWifiP2pService: onReceive, action:android.intent.action.SCREEN_OFF
12-17 19:31:52.109  1795  2668 D WifiP2pService: InactiveState143467
12-17 19:31:52.109  1795  2668 E HwWifiP2pService: Unhandled message when=123025281 what=143467 arg1=0 arg2=0
12-17 19:31:52.109  1795  2668 D WifiP2pService: P2pEnabledState when=123025281 what=143467 arg1=0 arg2=0
12-17 19:31:52.109  1795  2668 D WifiP2pService: DefaultState{ when=0 what=143467 target=com.android.internal.util.StateMachine$SmHandler }
12-17 19:31:52.109  1795  2668 D HwWifiP2pService: SleepPolicy:1
12-17 19:31:52.113  2852  2852 W HwPhoneLayoutInflater: onCreateView : ClassNotFoundException, In this case we want to let the base class take a crack at it
12-17 19:31:52.113  1795  2671 D WifiStateMachine:  ConnectedState !CMD_SCREEN_STATE_CHANGED  rt=123025285/442848476 0 0
12-17 19:31:52.113  1795  2671 D WifiStateMachine:  L2ConnectedState !CMD_SCREEN_STATE_CHANGED  rt=123025285/442848477 0 0
12-17 19:31:52.113  1795  2671 D WifiStateMachine:  ConnectModeState !CMD_SCREEN_STATE_CHANGED  rt=123025285/442848477 0 0
12-17 19:31:52.113  1795  2671 D WifiStateMachine:  DriverStartedState !CMD_SCREEN_STATE_CHANGED  rt=123025285/442848477 0 0
12-17 19:31:52.113  1795  2671 D WifiStateMachine:  SupplicantStartedState !CMD_SCREEN_STATE_CHANGED  rt=123025285/442848477 0 0
12-17 19:31:52.113  2852  2852 W HwPhoneLayoutInflater: onCreateView : ClassNotFoundException, In this case we want to let the base class take a crack at it
12-17 19:31:52.113  1795  2671 D WifiStateMachine:  DefaultState !CMD_SCREEN_STATE_CHANGED  rt=123025285/442848477 0 0
12-17 19:31:52.113  1795  2671 D PowerManagerService: acquire lock=244575063, flags=0x1, tag="WifiSuspend", name=android, ws=null, uid=1000, pid=1795
12-17 19:31:52.113  1795  2671 D PowerManagerService: ready=true,policy=0,wakefulness=0,wksummary=0x11,uasummary=0x0,bootcompleted=true,boostinprogress=false,waitmodeenable=false,mode=true,manual=33,auto=-1,adj=0.0userId=0
12-17 19:31:52.113  1795  2671 D PowerManagerService: Acquiring suspend blocker "PowerManagerService.WakeLocks".
12-17 19:31:52.115  1795  1795 D HwConnectivityService: mIntentReceiver begin
12-17 19:31:52.115  1795  2671 I AlarmManager: remove(null) changed bounds; rebatching
12-17 19:31:52.115  1795  1795 D HwKeyguardManagerImpl: isLockScreenDisabled HwKeyguardManagerImpl result = false
12-17 19:31:52.115  1795  1795 D HwConnectivityService: CtrlSocket Receiver,disable: false locked: true action: android.intent.action.SCREEN_OFF mSmartKeyguardLevel: normal_level mStartPowerSaving: false
12-17 19:31:52.115  1795  1795 D HwConnectivityService: receive screen off intent!
12-17 19:31:52.115  1795  1795 D HwConnectivityService: wifi tethering: false
12-17 19:31:52.115  1795  1795 D HwConnectivityService: Usb tethering: false
12-17 19:31:52.115  1795  1795 D HwConnectivityService: bt tethering: false
12-17 19:31:52.115  1795  1795 D HwConnectivityService: pluggedStatus: 0
12-17 19:31:52.115  1795  1795 D HwConnectivityService: is charging: false
12-17 19:31:52.117  1795  2671 E WifiScanner: listener cannot be found
12-17 19:31:52.117  1795  2671 D WifiStateMachine:  ConnectedState CMD_ENABLE_RSSI_POLL  rt=123025289/442848480 0 0
12-17 19:31:52.117  1795  2671 D WifiStateMachine:  L2ConnectedState CMD_ENABLE_RSSI_POLL  rt=123025289/442848480 0 0
12-17 19:31:52.117  1795  2671 D WifiStateMachine:  ConnectedState CMD_SET_SUSPEND_OPT_ENABLED  rt=123025289/442848480 1 0
12-17 19:31:52.117  1795  2671 D WifiStateMachine:  L2ConnectedState CMD_SET_SUSPEND_OPT_ENABLED  rt=123025289/442848481 1 0
