12-17 19:32:29.777  2852  3328 D KeyguardService: KGSvcCall onScreenTurnedOff.
12-17 19:32:29.777  1795  1825 D DisplayPowerController: Animating brightness: target=0, rate=0
12-17 19:32:29.777  2852  3328 D KeyguardViewMediator: notifyScreenTurnedOff
12-17 19:32:29.778  1795  1825 I PowerManager_screenOn: PowerManagerServiceonProximityNegative -> updatePowerStateLocked
12-17 19:32:29.778  2852  2852 D KeyguardViewMediator: handleNotifyScreenTurnedOff
12-17 19:32:29.778  1795  1825 D PowerManagerService: userActivityNoUpdateLocked: eventTime=123055494, event=0, flags=0x0, uid=1000
12-17 19:32:29.778  1795  1825 I PowerManager_screenOn: PowerManagerNotifier onUserActivity: event=0, uid=1000
12-17 19:32:29.778  1795  1825 I PowerManager_screenOn: PowerManagerService wakeUpNoUpdateLocked: eventTime=123055494, uid=1000
12-17 19:32:29.778  1795  1825 I PowerManager_screenOn: PowerManagerService Waking up from sleep (uid 1000)...
12-17 19:32:29.778  1795  1825 I PowerManager_screenOn: PowerManagerNotifier onWakefulnessChangeStarted: wakefulness=1, reason=0, interactive=true, mInteractive=false, mInteractiveChanging=false
12-17 19:32:29.779  1795  1825 D PowerManagerService: Acquiring suspend blocker "PowerManagerService.Broadcasts".
12-17 19:32:29.779  1795  1825 I PowerManager_screenOn: PowerManagerNotifier onWakeUp: event=android.server.power:POWER, reasonUid=1000 opPackageName=android opUid=1000
12-17 19:32:29.779  1795  1795 I WindowManger_keyguard: Started waking up...
12-17 19:32:29.779  1795  1795 I WindowManger_keyguard: onStartedWakingUp()
12-17 19:32:29.779  1795  1825 D PowerManagerService: userActivityNoUpdateLocked: eventTime=123055494, event=0, flags=0x0, uid=1000
12-17 19:32:29.779  1795  1825 I PowerManager_screenOn: PowerManagerNotifier onUserActivity: event=0, uid=1000
12-17 19:32:29.779  1795  1825 I PowerManager_screenOn: PowerManagerServiceonProximityNegative by Phone
12-17 19:32:29.779  1795  1825 D PowerManagerService: setColorTemperatureAccordingToSetting
12-17 19:32:29.779  1795  1825 D HwPowerManagerService: setColorTemperatureAccordingToSetting
12-17 19:32:29.780  1795  1825 D HwPowerManagerService: isDisplayFeatureSupported feature:1
12-17 19:32:29.780  1795  1825 D HW_DISPLAY_EFFECT: hw_get_smart_display_supported: start++
12-17 19:32:29.780  1795  1825 D HW_DISPLAY_EFFECT: hw_get_smart_display_supported: end--
12-17 19:32:29.780  1795  1825 D HWPowerManger_JNI: Surport 3 dimension color temperature.
12-17 19:32:29.780  1795  1825 D HwPowerManagerService: setColorTemperatureAccordingToSetting new.
12-17 19:32:29.780  2852  2867 D KeyguardService: Caller checkPermission fail
12-17 19:32:29.780  2852  2867 D KeyguardService: KGSvcCall onStartedWakingUp.
12-17 19:32:29.780  2852  2867 W HwLockScreenReporter: report result = falsereport type:122 msg:
12-17 19:32:29.780  1795  1825 D HwPowerManagerService: ColorTemperature read from old setting:128
12-17 19:32:29.780  2852  2867 D KeyguardViewMediator: onStartedWakingUp, seq = 475
12-17 19:32:29.780  2852  2867 D KeyguardViewMediator: notifyStartedWakingUp
12-17 19:32:29.780  1795  1825 D HwPowerManagerService: setColorTemperature:128
12-17 19:32:29.780  1795  1825 D HW_DISPLAY_EFFECT: hw_set_colortemperature: start++
12-17 19:32:29.780  2852  2867 W AppHandler: sendMessage 14
12-17 19:32:29.780  1795  1825 W HW_DISPLAY_EFFECT: Warning: hw_set_colortemperature is COLOR_TEMP_2_DIMENSION interface, not supported presently.
12-17 19:32:29.780  1795  1825 D HW_DISPLAY_EFFECT: hw_set_colortemperature: end--
12-17 19:32:29.780  2852  2852 D KeyguardViewMediator: handleNotifyWakingUp
12-17 19:32:29.780  2852  2852 I PhoneStatusBar: onStartedWakingUp
12-17 19:32:29.780  1795  1825 D PowerManagerService: ready=false,policy=3,wakefulness=1,wksummary=0x10,uasummary=0x1,bootcompleted=true,boostinprogress=false,waitmodeenable=false,mode=true,manual=33,auto=-1,adj=0.0userId=0
12-17 19:32:29.781  2852  2852 V KeyguardUpdateMonitor: FingerStat Visible: false; Interactive: true; Switching: false; Bouncer:false; GoingToSleep: false Occluded: false; dreaming: false; Authenticated: false
12-17 19:32:29.781  2852  2852 V KeyguardUpdateMonitor: KGSvcFp stopListeningForFingerprint(). 1
12-17 19:32:29.781  1795  1825 I PowerManager_screenOn: DisplayPowerController updatePowerState mPendingRequestLocked=policy=BRIGHT, useProximitySensor=true, useProximitySensorbyPhone=true, screenBrightness=33, screenAutoBrightnessAdjustment=0.0, brightnessSetByUser=true, useAutoBrightness=true, blockScreenOn=false, lowPowerMode=false, boostScreenBrightness=false, dozeScreenBrightness=-1, dozeScreenState=UNKNOWN, useTwilight=false, useSmartBacklight=true, brightnessWaitMode=false, brightnessWaitRet=true, screenAutoBrightness=-1, userId=0
12-17 19:32:29.781  1795  1795 I PowerManager_screenOn: PowerManagerNotifier Sending wake up broadcast.
12-17 19:32:29.781  1795  1825 I PowerManager_screenOn: DisplayPowerStatesetScreenState: state=2
12-17 19:32:29.781  1795  1795 I SendBroadcastPermission: action:android.intent.action.SCREEN_ON, mPermissionType:0
12-17 19:32:29.781  1795  1825 D FpDataCollector: DisplayPowerState :ON
12-17 19:32:29.781  1795 15982 I Security_fingerprint: FingerprintService cancelAuthentication
12-17 19:32:29.782  1795  2326 V FingerprintService: stop client com.android.systemui
12-17 19:32:29.782  2852  2852 W KeyguardUpdateMonitor: Fingerprint RunningStateChanged. 2
12-17 19:32:29.782   835   835 I fingerprintd: FingerprintDaemonProxyEx::onTransact, code:2
12-17 19:32:29.782   835   835 V fingerprintd: stopAuthentication()
12-17 19:32:29.782   835   835 D fpc_fingerprint_hal: fpc_cancel
12-17 19:32:29.783   835  2385 D fpc_fingerprint_hal: fpc poll irq interupt
12-17 19:32:29.783   835  2385 D fpc_fingerprint_hal: wait_finger_down, took 2851 ms
12-17 19:32:29.783   835  2385 E fpc_fingerprint_hal: capture_image failed -4
12-17 19:32:29.783   835  2385 I fpc_fingerprint_hal: timeForContinueCapture id:2851
12-17 19:32:29.783   835  2385 E libteec : begin
12-17 19:32:29.784  1795  1795 I HwActivityManagerService: Split enqueueing broadcast [callerApp]:ProcessRecord{34bf34f 0:system/1000}
12-17 19:32:29.784  2852  2852 D TimeKeeper: getTimeTickInfo:[mMillisUntilFinished:0, mHour:0, mMinute:0, mSecond:0]
12-17 19:32:29.784  2852  2852 E KeyguardUpdateMonitor: isSimPinSecure mSimDatas is null or empty 
12-17 19:32:29.785  2852  2852 E KeyguardUpdateMonitor: isSimPinSecure mSimDatas is null or empty 
12-17 19:32:29.785  1795  1795 I ActivityManager_broadcast: Enqueueing ordered broadcast[foreground] BroadcastRecord{df4ff43 u-1 android.intent.action.SCREEN_ON}: prev had 0
12-17 19:32:29.785   606  2379 E libteec : receive data len = 128
12-17 19:32:29.785  2852  2852 W HwLockScreenPanel: createLockScreenView when reset
12-17 19:32:29.785  2852  2852 I HwLockScreenPanel: loadMagazine
12-17 19:32:29.785  1795  1808 I ActivityManager_broadcast: dispatch ordered broadcast [foreground] BroadcastRecord{df4ff43 u-1 android.intent.action.SCREEN_ON}, has 57 receivers
12-17 19:32:29.788  2852  2852 V KeyguardStatusView: Enable transport text marquee
12-17 19:32:29.795  2852  2852 W HwLockScreenPanel: Handle message: 14
12-17 19:32:29.796   606  2379 E libteec : QSEECom_send_cmd return!
12-17 19:32:29.796   606  2379 E libteec : qsc_send_cmd finish
12-17 19:32:29.796   606  2379 E libteec : send data return = 128
12-17 19:32:29.796   835  2385 E libteec : receive data len = 128
12-17 19:32:29.796   835  2385 E libteec : begin
12-17 19:32:29.796   835  2385 E libteec : qsc_decode end
12-17 19:32:29.797   835  2385 E fpc_fingerprint_hal: do_identify failed -4
12-17 19:32:29.797   835  2385 D fingerprintd: onError(5)
12-17 19:32:29.797  2852  2852 W DisabledFeatureUtils: Dis-Feature : 0
12-17 19:32:29.797   835  2385 I fpc_fingerprint_hal: do_identify operation CANCELED
12-17 19:32:29.797   835  2385 D fpc_fingerprint_hal: do_identify took 29 ms, total:2880 wait:2851
12-17 19:32:29.797   835  2385 E libteec : begin
12-17 19:32:29.797  1795  6985 W FingerprintService: onError 1
12-17 19:32:29.798  2852  2852 W DisabledFeatureUtils: Dis-Feature : 0
12-17 19:32:29.799   606  2379 E libteec : receive data len = 128
12-17 19:32:29.799  1795  2377 I AwareLog: AwareMem_DMEServer: start
12-17 19:32:29.800  1795  2377 I AwareLog: AwareMem_EventTracker: [SCREEN_ON_1481974349799] is abandoned for memory 839592
12-17 19:32:29.805  1795  1795 D HwWifiP2pService: onReceive, action:android.intent.action.SCREEN_ON
12-17 19:32:29.806  1795  2668 D WifiP2pService: InactiveState143466
12-17 19:32:29.806  1795  2668 E HwWifiP2pService: Unhandled message when=123055521 what=143466 arg1=0 arg2=0
12-17 19:32:29.806  1795  2668 D WifiP2pService: P2pEnabledState when=123055521 what=143466 arg1=0 arg2=0
12-17 19:32:29.806  1795  2668 D WifiP2pService: DefaultState{ when=-1ms what=143466 target=com.android.internal.util.StateMachine$SmHandler }
12-17 19:32:29.806  1795  2668 D HwWifiP2pService: cancel alarm.
12-17 19:32:29.809  1795  1825 I PowerManager_screenOn: DisplayPowerController Blocking screen on until initial contents have been drawn.
12-17 19:32:29.810   606  2379 E libteec : QSEECom_send_cmd return!
12-17 19:32:29.810   606  2379 E libteec : qsc_send_cmd finish
12-17 19:32:29.810   606  2379 E libteec : send data return = 128
12-17 19:32:29.810   835  2385 E libteec : receive data len = 128
12-17 19:32:29.810   835  2385 E libteec : begin
12-17 19:32:29.810   835  2385 E libteec : qsc_decode end
12-17 19:32:29.810   835  2385 D fpc_fingerprint_hal: worker idle
12-17 19:32:29.811   835  2385 D fpc_fingerprint_hal: workerFunction STATE_CANCEL
12-17 19:32:29.811   835  2385 E libteec : begin
