12-17 19:40:23.812  3626  4889 E PTM.FileNodeInfo: getTempInfo error: null, 0
12-17 19:40:23.812  3626  4889 E PTM.FileNodeInfo: getTempInfo error: null, 0
12-17 19:40:23.812  3626  4889 E PTM.FileNodeInfo: getTempInfo error: null, 0
12-17 19:40:23.812  3626  4889 E PTM.FileNodeInfo: getTempInfo error: null, 0
12-17 19:40:23.812  3626  4889 E PTM.FileNodeInfo: getTempInfo error: null, 0
12-17 19:40:23.812  3626  4889 E PTM.FileNodeInfo: getTempInfo error: null, 0
12-17 19:40:23.812  3626  4889 E PTM.FileNodeInfo: getTempInfo error: null, 0
12-17 19:40:23.812  3626  4889 E PTM.FileNodeInfo: getTempInfo error: null, 0
12-17 19:40:23.812  3626  4889 E PTM.FileNodeInfo: getTempInfo error: null, 0
12-17 19:40:23.812  3626  4889 E PTM.FileNodeInfo: getTempInfo error: null, 0
12-17 19:40:23.812  3626  4889 E PTM.FileNodeInfo: getTempInfo error: null, 0
12-17 19:40:23.812  3626  4889 E PTM.FileNodeInfo: getTempInfo error: null, 0
12-17 19:40:23.812  3626  4889 E PTM.FileNodeInfo: getTempInfo error: null, 0
12-17 19:40:23.812  3626  4889 E PTM.FileNodeInfo: getTempInfo error: null, 0
12-17 19:40:23.812  3626  4889 E PTM.FileNodeInfo: getTempInfo error: null, 0
12-17 19:40:23.812  3626  4889 E PTM.FileNodeInfo: getTempInfo error: null, 0
12-17 19:40:23.812  1795  3975 E LocSvc_libulp: I/int ulp_msg_process_system_update(const UlpSystemEvent): systemEvent:0 
12-17 19:40:23.812  3626  4889 E PTM.FileNodeInfo: getTempInfo error: null, 0
12-17 19:40:23.812  3626  4889 E PTM.FileNodeInfo: getTempInfo error: null, 0
12-17 19:40:23.812  3626  4889 E PTM.FileNodeInfo: getTempInfo error: null, 0
12-17 19:40:23.812  3626  4889 E PTM.FileNodeInfo: getTempInfo error: null, 0
12-17 19:40:23.812  1795  3975 E LocSvc_libulp: I/===> int ulp_brain_turn_onoff_dr_provider() line 848 
12-17 19:40:23.812  3626  4889 E PTM.FileNodeInfo: getTempInfo error: null, 0
12-17 19:40:23.812  1795  3975 E LocSvc_libulp: I/===> int ulp_dr_stop_engine() line 235 
12-17 19:40:23.812  3626  4889 E PTM.FileNodeInfo: getTempInfo error: null, 0
12-17 19:40:23.812  3626  4889 E PTM.FileNodeInfo: getTempInfo error: null, 0
12-17 19:40:23.812  3626  4889 E PTM.FileNodeInfo: getTempInfo error: null, 0
12-17 19:40:23.812  1795  3975 E LocSvc_libulp: I/int ulp_msg_process_start_req(), at ulp state = 1
12-17 19:40:23.812  3626  4889 E PTM.FileNodeInfo: getTempInfo error: null, 0
12-17 19:40:23.812  3626  4889 E PTM.FileNodeInfo: getTempInfo error: null, 0
12-17 19:40:23.812  3626  4889 E PTM.FileNodeInfo: getTempInfo error: null, 0
12-17 19:40:23.812  3626  4889 E PTM.FileNodeInfo: getTempInfo error: null, 0
12-17 19:40:23.812  3626  4889 E PTM.FileNodeInfo: getTempInfo error: null, 0
12-17 19:40:23.812  3626  4889 E PTM.FileNodeInfo: getTempInfo error: null, 0
12-17 19:40:23.812  3626  4889 E PTM.FileNodeInfo: getTempInfo error: null, 0
12-17 19:40:23.812  3626  4889 E PTM.FileNodeInfo: getTempInfo error: null, 0
12-17 19:40:23.812  1795  3304 E LocSvc_api_v02: I/---> locClientSendReq line 2069 QMI_LOC_GET_BEST_AVAILABLE_POSITION_REQ_V02
12-17 19:40:23.812  3626  4889 E PTM.FileNodeInfo: getTempInfo error: null, 0
12-17 19:40:23.812  3626  4889 E PTM.FileNodeInfo: getTempInfo error: null, 0
12-17 19:40:23.812  3626  4889 E PTM.FileNodeInfo: getTempInfo error: null, 0
12-17 19:40:23.812  3626  4889 E PTM.FileNodeInfo: getTempInfo error: null, 0
12-17 19:40:23.812  3626  4889 E PTM.FileNodeInfo: getTempInfo error: null, 0
12-17 19:40:23.812  3626  4889 E PTM.FileNodeInfo: getTempInfo error: null, 0
12-17 19:40:23.812  3626  4889 E PTM.FileNodeInfo: getTempInfo error: null, 0
12-17 19:40:23.812  3626  4889 E PTM.FileNodeInfo: getTempInfo error: null, 0
12-17 19:40:23.812  3626  4889 E PTM.FileNodeInfo: getTempInfo error: null, 0
12-17 19:40:23.812  3626  4889 E PTM.FileNodeInfo: getTempInfo error: null, 0
12-17 19:40:23.812  3626  4889 E PTM.FileNodeInfo: getTempInfo error: null, 0
12-17 19:40:23.812  3626  4889 E PTM.FileNodeInfo: getTempInfo error: null, 0
12-17 19:40:23.812  3626  4889 E PTM.FileNodeInfo: getTempInfo error: null, 0
12-17 19:40:23.812  3626  4889 E PTM.FileNodeInfo: getTempInfo error: null, 0
12-17 19:40:23.812  3626  4889 E PTM.FileNodeInfo: getTempInfo error: null, 0
12-17 19:40:23.812  3626  4889 E PTM.FileNodeInfo: getTempInfo error: null, 0
12-17 19:40:23.812  3626  4889 E PTM.FileNodeInfo: getTempInfo error: null, 0
12-17 19:40:23.812  3626  4889 E PTM.FileNodeInfo: getTempInfo error: null, 0
12-17 19:40:23.812  3626  4889 E PTM.FileNodeInfo: getTempInfo error: null, 0
12-17 19:40:23.813  3626  4889 I iMonitor: create: 903001012
12-17 19:40:23.817  3626  4889 I iMonitor: send: 903001012
12-17 19:40:23.818   818  1152 I logserver: handle_exception_events enter
12-17 19:40:23.818  3626  4889 E PTM.FileNodeInfo: getTempInfo error: null, 0
12-17 19:40:23.818  3626  4889 E PTM.FileNodeInfo: getTempInfo error: null, 0
12-17 19:40:23.818  3626  4889 E PTM.FileNodeInfo: getTempInfo error: null, 0
12-17 19:40:23.818  3626  4889 E PTM.FileNodeInfo: getTempInfo error: null, 0
12-17 19:40:23.818  3626  4889 E PTM.FileNodeInfo: getTempInfo error: null, 0
12-17 19:40:23.818  3626  4889 E PTM.FileNodeInfo: getTempInfo error: null, 0
12-17 19:40:23.818  3626  4889 E PTM.FileNodeInfo: getTempInfo error: null, 0
12-17 19:40:23.818  3626  4889 E PTM.FileNodeInfo: getTempInfo error: null, 0
12-17 19:40:23.818  3626  4889 E PTM.FileNodeInfo: getTempInfo error: null, 0
12-17 19:40:23.818  3626  4889 E PTM.FileNodeInfo: getTempInfo error: null, 0
12-17 19:40:23.818  3626  4889 E PTM.FileNodeInfo: getTempInfo error: null, 0
12-17 19:40:23.818  3626  4889 E PTM.FileNodeInfo: getTempInfo error: null, 0
12-17 19:40:23.818  3626  4889 E PTM.FileNodeInfo: getTempInfo error: null, 0
12-17 19:40:23.818  3626  4889 E PTM.FileNodeInfo: getTempInfo error: null, 0
12-17 19:40:23.818  3626  4889 E PTM.FileNodeInfo: getTempInfo error: null, 0
12-17 19:40:23.818  3626  4889 E PTM.FileNodeInfo: getTempInfo error: null, 0
12-17 19:40:23.818  3626  4889 E PTM.FileNodeInfo: getTempInfo error: null, 0
12-17 19:40:23.818  3626  4889 E PTM.FileNodeInfo: getTempInfo error: null, 0
12-17 19:40:23.818  3626  4889 E PTM.FileNodeInfo: getTempInfo error: null, 0
12-17 19:40:23.818  3626  4889 E PTM.FileNodeInfo: getTempInfo error: null, 0
12-17 19:40:23.818  3626  4889 E PTM.FileNodeInfo: getTempInfo error: null, 0
12-17 19:40:23.818  3626  4889 E PTM.FileNodeInfo: getTempInfo error: null, 0
12-17 19:40:23.818  3626  4889 E PTM.FileNodeInfo: getTempInfo error: null, 0
12-17 19:40:23.818  3626  4889 E PTM.FileNodeInfo: getTempInfo error: null, 0
12-17 19:40:23.818  3626  4889 E PTM.FileNodeInfo: getTempInfo error: null, 0
12-17 19:40:23.818  3626  4889 D PTM.ThermalAlarmInfo: TempThreshold: 35, Shell: 0
12-17 19:40:23.818  3626  4889 E PTM.FileNodeInfo: getTempInfo error: null, 0
12-17 19:40:23.818  3626  4889 E PTM.FileNodeInfo: getTempInfo error: null, 0
12-17 19:40:23.818  3626  4889 E PTM.FileNodeInfo: getTempInfo error: null, 0
12-17 19:40:23.818  1795  3341 E LocSvc_ApiV02: I/<--- void globalRespCb(locClientHandleType, uint32_t, const locClientRespIndUnionType, uint32_t, void *) line 140 QMI_LOC_GET_BEST_AVAILABLE_POSITION_REQ_V02
12-17 19:40:23.818  3626  4889 E PTM.FileNodeInfo: getTempInfo error: null, 0
12-17 19:40:23.818  3626  4889 E PTM.FileNodeInfo: getTempInfo error: null, 0
12-17 19:40:23.818  3626  4889 E PTM.FileNodeInfo: getTempInfo error: null, 0
12-17 19:40:23.818  3626  4889 E PTM.FileNodeInfo: getTempInfo error: null, 0
12-17 19:40:23.818  3626  4889 E PTM.FileNodeInfo: getTempInfo error: null, 0
12-17 19:40:23.818  3626  4889 E PTM.FileNodeInfo: getTempInfo error: null, 0
12-17 19:40:23.818  3626  4889 E PTM.FileNodeInfo: getTempInfo error: null, 0
12-17 19:40:23.818  3626  4889 E PTM.FileNodeInfo: getTempInfo error: null, 0
12-17 19:40:23.818  3626  4889 E PTM.FileNodeInfo: getTempInfo error: null, 0
12-17 19:40:23.818  3626  4889 E PTM.FileNodeInfo: getTempInfo error: null, 0
12-17 19:40:23.818  3626  4889 E PTM.FileNodeInfo: getTempInfo error: null, 0
