12-17 19:31:38.346  1795  1821 I WindowManger_keyguard: Setting mDismissKeyguard true by win Window{e6a6b5e u0 com.android.incallui/com.android.incallui.InCallActivity}
12-17 19:31:38.347  2852  3556 I NetworkController.MobileSignalController(0): onDataActivity: direction=0
12-17 19:31:38.347  2852  3556 D NetworkController.MobileSignalController(0): mSimSubId:0 onDataActivity: direction=0
12-17 19:31:38.348  1795  2377 V HwPackageManagerService: Returning system default Launcher 
12-17 19:31:38.348  1795  2377 I AwareLog: AwareMem_EventTracker: [APP_ACTIVITY_FINISH_123011518] is abandoned for memory 833500
12-17 19:31:38.349  2852  2852 I PowerUI : onReceive intent:act:android.intent.action.SCREEN_ON  flag:1342177296 
12-17 19:31:38.353  2883  2996 E HwSystemManager: SimCardMethod:/getSimCardInfo: imsi is null
12-17 19:31:38.359  1795  1821 I WindowManger_keyguard: Setting mDismissKeyguard true by win Window{e6a6b5e u0 com.android.incallui/com.android.incallui.InCallActivity}
12-17 19:31:38.361  2883  2996 I HwSystemManager: NormalTrafficAnalysis:alert byte = 0 last alert byte = 0
12-17 19:31:38.361  2883  2996 E HwSystemManager: NormalTrafficAnalysis:alert byte = 0, so return
12-17 19:31:38.362  3180  3332 I BatteryMonitor: screen off: 1s, awake: 1s wakeups: 0, battery changed: 0
12-17 19:31:38.365  3180  3578 D HwMultiWindowEx: isInMultiWindowMode ret: 0
12-17 19:31:38.365  3180  3578 I BacklightControl: can't adjust backlight when app launch from other scene.
12-17 19:31:38.366  7741  7758 D TmoMonitor: Cache monitor msg as screen_off
12-17 19:31:38.366  3180  3578 I ThermalStateManager: handle action thermal policy:208
12-17 19:31:38.367  3180  3578 I ash     : ash->screen on
12-17 19:31:38.368  1795  3957 E IzatSvc_OSObserver: I/LocTech-Label :: OSOBSERVER :: Data Items In
12-17 19:31:38.368  1795  3957 E IzatSvc_OSObserver: I/LocTech-Value :: Data Item Value: IS_SCREEN_ON: true
12-17 19:31:38.368  1795  3975 E LocSvc_libulp: I/int ulp_msg_process_system_update(const UlpSystemEvent): systemEvent:0 
12-17 19:31:38.369  3218  4159 E HW-JPEG-DEC: [HME_JPEG_DEC_Delete](3298): HME_JPEG_DEC_Delete: decoder_ctx=null
12-17 19:31:38.374  3180  3578 I ash     : ash->screen unlock
12-17 19:31:38.377  1795  2778 I AlarmManager: remove(PendingIntent{ebb6119: PendingIntentRecord{601e5f3 com.huawei.indexsearch.observer broadcastIntent}}) changed bounds; rebatching
12-17 19:31:38.379  2883  2996 I HwSystemManager: TafficState:default sub id = 0slotIndex = 0 subscriptionId = 0
12-17 19:31:38.382  3180  4303 I AwareLog: MemoryRecoveryDMEPlugin: reportScene typeId = 2002
12-17 19:31:38.382  3180  4303 I AwareLog: MemoryRecoveryDMEPlugin: receive sceen on event
12-17 19:31:38.382  3180  4303 I AwareLog: MemoryRecoveryDMEPlugin: the message is still in the messagequeue, remove it
12-17 19:31:38.384  1795  1821 I ActivityManager_activity: windowsVisibleLocked(): ActivityRecord{b46dc67 u0 com.android.incallui/.InCallActivity t310} idle: true
12-17 19:31:38.385  2883  2996 E HwSystemManager: LeisureTrafficSetting:result is empty
12-17 19:31:38.386  1795  1821 I WindowManager: All windows ready for display!
12-17 19:31:38.388  1795  1809 I WindowOrientationListener: WindowOrientationListener enabled
12-17 19:31:38.388  1795  1809 I qti_sensors_hal: batch,376,handle 0, timeout:0 ,period_ns:66667000
12-17 19:31:38.388  1795  1809 I qti_sensors_hal: batch:sensor(android.sensor.accelerometer) handle:0 flags:0x0 period_ns 66667000
12-17 19:31:38.389  1795  1821 I WindowManger_keyguard: Setting mDismissKeyguard true by win Window{e6a6b5e u0 com.android.incallui/com.android.incallui.InCallActivity}
12-17 19:31:38.389  3626  3626 I HourObserver: enter into handleScrnOnOffTimeStats, scrnOn = true, mIsPreScrnOn = false, mScrnSwitchTime = 1481974297030, occurTime = 1481974298388, delta = 1358, mScrnOffAccTime = 1727581, mScrnOnAccTime = 105032
12-17 19:31:38.390  3626  3626 I HourObserver: left handleScrnOnOffTimeStats, mScrnOffAccTime = 1728939, mScrnOffAccTime = 1728939, mScrnOnAccTime = 105032
12-17 19:31:38.390  2883  2996 I HwSystemManager: NatTrafficNotifyService:delta byte = 0 no traffic delta = 0Traffic state is 301
12-17 19:31:38.393  5224  5224 I Step_LSC: 20002302|logicalDealBroadcastEvent : Intent { act=android.intent.action.SCREEN_ON flg=0x50000010 }
12-17 19:31:38.394  3626  3626 I iMonitor: create: 903001010
12-17 19:31:38.395  5224  5283 I Step_LSC: 20002302| ## MSG_DEAL_SYSTEM_EVENT android.intent.action.SCREEN_ON
12-17 19:31:38.395  5224  5283 I Step_StandStepCounter: 20002302|flush sensor data
12-17 19:31:38.397  3626  3626 I iMonitor: send: 903001010
12-17 19:31:38.398  2883  2996 I HwSystemManager: ExtraTrafficSetting:result is empty
12-17 19:31:38.398  1795  1809 I qti_sensors_hal: read from oem info: data_readback
12-17 19:31:38.398  1795  1809 I qti_sensors_hal: 0xcd, 0xb0, 0x24, 0x3e
12-17 19:31:38.398  1795  1809 I qti_sensors_hal: 0x66, 0xca, 0x3c, 0x3e
12-17 19:31:38.398  1795  1809 I qti_sensors_hal: 0xc0, 0x2a, 0x7c, 0x3f
12-17 19:31:38.398  1795  1809 I qti_sensors_hal: 0x55, 0x0, 0x0, 0x0
12-17 19:31:38.398  1795  1809 I qti_sensors_hal: 0x0, 0x0, 0x0, 0x0
12-17 19:31:38.398   818  1152 I logserver: handle_exception_events enter
12-17 19:31:38.398  1795  1809 E qti_sensors_hal: read from oem info: data_valid_flag=0x55
12-17 19:31:38.398  1795  1809 E qti_sensors_hal: read from oem info: x_offset=0.160831, y_offset=0.184366, z_offset=0.985027
12-17 19:31:38.398  1795  1809 E qti_sensors_hal: Final value: x_offset=0.160831, y_offset=0.184366, z_offset=0.985027
12-17 19:31:38.398  1795  1809 I qti_sensors_hal: batch:load_acc_oeminf_data x_offset:0.160831 y_offset:0.184366 z_offset:0.985027
12-17 19:31:38.398  1795  1809 I qti_sensors_hal: batch:sensor(android.sensor.accelerometer) sample_rate=14.999925Hz report_rate_f=0.000000Hz curr sample rate:5.000000 cur rpt rate:0 max:400.000000 min:1.000000
12-17 19:31:38.399  3626  3770 I LSC_903001010: process buffer and get message
12-17 19:31:38.399  1795  1809 I qti_sensors_hal: flush,395,handle 0
12-17 19:31:38.399  1795  1809 I qti_sensors_hal: flush,260 handle 0
12-17 19:31:38.399  1795  1809 I WindowManager: Finished screen turning on...
12-17 19:31:38.400  1795 11747 I qti_sensors_hal: flush,395,handle 49
12-17 19:31:38.400  1795 11747 I qti_sensors_hal: flush:sensor(android.sensor.step_counter) handle:49
12-17 19:31:38.400  1795  1825 I PowerManager_screenOn: DisplayPowerController Unblocked screen on after 467 ms
12-17 19:31:38.400  1795  1825 I PowerManager_screenOn: DisplayPowerController updatePowerState mPendingRequestLocked=policy=BRIGHT, useProximitySensor=true, useProximitySensorbyPhone=true, screenBrightness=33, screenAutoBrightnessAdjustment=0.0, brightnessSetByUser=true, useAutoBrightness=true, blockScreenOn=false, lowPowerMode=false, boostScreenBrightness=false, dozeScreenBrightness=-1, dozeScreenState=UNKNOWN, useTwilight=false, useSmartBacklight=true, brightnessWaitMode=false, brightnessWaitRet=true, screenAutoBrightness=-1, userId=0
12-17 19:31:38.400  1795  1825 I PowerManager_screenOn: DisplayPowerStatesetColorFadeLevel: level=1.0
12-17 19:31:38.401  1795  1825 D DisplayPowerController: Animating brightness: target=16, rate=40
12-17 19:31:38.401  1795  1825 I PowerManager_screenOn: DisplayPowerController updatePowerState mPendingRequestLocked=policy=BRIGHT, useProximitySensor=true, useProximitySensorbyPhone=true, screenBrightness=33, screenAutoBrightnessAdjustment=0.0, brightnessSetByUser=true, useAutoBrightness=true, blockScreenOn=false, lowPowerMode=false, boostScreenBrightness=false, dozeScreenBrightness=-1, dozeScreenState=UNKNOWN, useTwilight=false, useSmartBacklight=true, brightnessWaitMode=false, brightnessWaitRet=true, screenAutoBrightness=-1, userId=0
12-17 19:31:38.401  1795  1825 D DisplayPowerController: Animating brightness: target=16, rate=40
12-17 19:31:38.401  1795  1825 V KeyguardServiceDelegate: onScreenTurnedOn()
12-17 19:31:38.401  1795  1825 I WindowManger_keyguard: onScreenTurnedOn()
12-17 19:31:38.401  1795  1825 D DisplayPowerController: Display ready!
12-17 19:31:38.401  1795  1825 D DisplayPowerController: Finished business...
12-17 19:31:38.401  2852  3344 D KeyguardService: Caller checkPermission fail
12-17 19:31:38.401  2852  3344 D KeyguardService: KGSvcCall onScreenTurnedOn.
12-17 19:31:38.401  5224  5283 I Step_LSC: 20002302|REPORT : 4181 89378 2980 0
12-17 19:31:38.401  2852  3344 D KeyguardViewMediator: notifyScreenTurnedOn
12-17 19:31:38.401  2852  2852 D KeyguardViewMediator: handleNotifyScreenTurnedOn
12-17 19:31:38.401  1795  2750 I PowerManager_screenOn: DisplayPowerState Updating screen state: state=ON, backlight=627
12-17 19:31:38.401  2852  2852 I PhoneStatusBar: onScreenTurnedOn
12-17 19:31:38.401  2852  2852 D KGWallpaper_Magazine: getNextIndex: 0; from 5 to 5; size: 44
12-17 19:31:38.402  2852  2852 I HwLockScreenReporter: report msg is :{picture: Deepwater-05-2.3.001-bigpicture_05_8.jpg}
12-17 19:31:38.402  1795  2750 I HwLightsService: back light level before map = 627
12-17 19:31:38.402  2852  2852 W HwLockScreenReporter: report result = falsereport type:162 msg:{picture: Deepwater-05-2.3.001-bigpicture_05_8.jpg, channelId: 05}
12-17 19:31:38.402  2852  2852 I OucScreenOnCounter: Screen already turned on at: 1481974212
12-17 19:31:38.402  1795  1825 D FpDataCollector: case xxx, not a fingerprint unlock 
12-17 19:31:38.402  1795  1825 D PowerManagerService: ready=true,policy=3,wakefulness=1,wksummary=0x11,uasummary=0x1,bootcompleted=true,boostinprogress=false,waitmodeenable=false,mode=true,manual=33,auto=-1,adj=0.0userId=0
12-17 19:31:38.402  1795  1825 I PowerManager_screenOn: PowerManagerNotifier onWakefulnessChangeFinished mInteractiveChanging=true, mInteractive=true
12-17 19:31:38.403  2852  2925 I EventCenter: ContentChange for slot: 1
12-17 19:31:38.403  2852  2852 I HwBrightnessController: onChange selfChange:false uri.toString():content://settings/system/screen_auto_brightness mIsObserveAutoBrightnessChange:true
12-17 19:31:38.404  5224  5283 I SendBroadcastPermission: action:android.com.huawei.bone.NOTIFY_SPORT_DATA, mPermissionType:0
12-17 19:31:38.404  2852  2852 I HwBrightnessUtils: APS brightness=15.0,ConvertToPercentage=0.1759541
12-17 19:31:38.404  2852  2852 I HwBrightnessUtils:  getSeekBarProgress isAutoMode:true current brightness:15 percentage:0.1759541
12-17 19:31:38.404  2852  2852 I HwBrightnessController: updateSlider1 seekBarProgress:1760
12-17 19:31:38.404  2852  2852 I HwBrightnessController: updateSlider2 seekBarProgress:1760
12-17 19:31:38.405  2852  2852 I ToggleSlider:  mSeekListener onProgressChanged progress:1760 fromUser:false
12-17 19:31:38.405  2852  2852 I ToggleSlider:  mSeekListener onProgressChanged progress:1760 fromUser:false
12-17 19:31:38.406  5224  5283 I SendBroadcastPermission: action:android.com.huawei.bone.NOTIFY_SPORT_DATA, mPermissionType:0
12-17 19:31:38.408  1795  2748 D HwAmbientLuxFilterAlgo: earliestValidTime + POWER_ON_BRIGHTENING_LIGHT_DEBOUNCE
12-17 19:31:38.408  1795  2748 D HwAmbientLuxFilterAlgo: earliestValidTime + POWER_ON_DARKENING_LIGHT_DEBOUNCE
12-17 19:31:38.409  1795  3139 I HwActivityManagerService: Split enqueueing broadcast [callerApp]:ProcessRecord{580cfb2 5224:com.huawei.health:DaemonService/u0a99}
12-17 19:31:38.410  2852  2852 I EventCenter: EventCenter Get :android.com.huawei.bone.NOTIFY_SPORT_DATA
12-17 19:31:38.410  7741  7741 D Mms_TX_NOTIFY: Get no-perm notification callback android.intent.action.SCREEN_ON
