12-17 19:31:46.212  5215  5215 D wpa_supplicant: IEs - hexdump(len=193): 00 0e 77 6c 61 6e 61 63 63 65 73 73 76 32 2e 30 01 08 82 84 0b 16 0c 12 18 24 03 01 0d 05 04 00 ...
12-17 19:31:46.212  5215  5215 D wpa_supplicant: Beacon IEs - hexdump(len=193): 00 0e 77 6c 61 6e 61 63 63 65 73 73 76 32 2e 30 01 08 82 84 0b 16 0c 12 18 24 03 01 0d 05 04 00 ...
12-17 19:31:46.212  5215  5215 D wpa_supplicant: 80:38:bc:0a:f9:61 freq=2472 qual=0 noise=-89~ level=-91 snr=-2 flags=0xb age=50 est=6500
12-17 19:31:46.212  5215  5215 D wpa_supplicant: IEs - hexdump(len=194): 00 0f 48 75 61 77 65 69 2d 45 6d 70 6c 6f 79 65 65 01 08 82 84 0b 16 0c 12 18 24 03 01 0d 05 04 ...
12-17 19:31:46.212  5215  5215 D wpa_supplicant: Beacon IEs - hexdump(len=194): 00 0f 48 75 61 77 65 69 2d 45 6d 70 6c 6f 79 65 65 01 08 82 84 0b 16 0c 12 18 24 03 01 0d 05 04 ...
12-17 19:31:46.212  5215  5215 D wpa_supplicant: 80:38:bc:0a:f4:c0 freq=2412 qual=0 noise=-89~ level=-93 snr=-4 flags=0xb age=50 est=6500
12-17 19:31:46.212  5215  5215 D wpa_supplicant: IEs - hexdump(len=193): 00 0e 77 6c 61 6e 61 63 63 65 73 73 76 32 2e 30 01 08 82 84 0b 16 0c 12 18 24 03 01 01 05 04 00 ...
12-17 19:31:46.212  5215  5215 D wpa_supplicant: Beacon IEs - hexdump(len=193): 00 0e 77 6c 61 6e 61 63 63 65 73 73 76 32 2e 30 01 08 82 84 0b 16 0c 12 18 24 03 01 01 05 04 00 ...
12-17 19:31:46.212  5215  5215 D wpa_supplicant: 80:38:bc:0a:ef:61 freq=2472 qual=0 noise=-89~ level=-93 snr=-4 flags=0xb age=50 est=6500
12-17 19:31:46.212  5215  5215 D wpa_supplicant: IEs - hexdump(len=194): 00 0f 48 75 61 77 65 69 2d 45 6d 70 6c 6f 79 65 65 01 08 82 84 0b 16 0c 12 18 24 03 01 0d 05 04 ...
12-17 19:31:46.212  5215  5215 D wpa_supplicant: Beacon IEs - hexdump(len=194): 00 0f 48 75 61 77 65 69 2d 45 6d 70 6c 6f 79 65 65 01 08 82 84 0b 16 0c 12 18 24 03 01 0d 05 04 ...
12-17 19:31:46.212  5215  5215 D wpa_supplicant: 80:38:bc:0b:04:41 freq=2472 qual=0 noise=-89~ level=-93 snr=-4 flags=0xb age=50 est=6500
12-17 19:31:46.212  5215  5215 D wpa_supplicant: IEs - hexdump(len=194): 00 0f 48 75 61 77 65 69 2d 45 6d 70 6c 6f 79 65 65 01 08 82 84 0b 16 0c 12 18 24 03 01 0d 05 04 ...
12-17 19:31:46.212  5215  5215 D wpa_supplicant: Beacon IEs - hexdump(len=194): 00 0f 48 75 61 77 65 69 2d 45 6d 70 6c 6f 79 65 65 01 08 82 84 0b 16 0c 12 18 24 03 01 0d 05 04 ...
12-17 19:31:46.212  5215  5215 D wpa_supplicant: 80:38:bc:0a:f4:60 freq=2472 qual=0 noise=-89~ level=-95 snr=-6 flags=0xb age=50 est=6500
12-17 19:31:46.212  5215  5215 D wpa_supplicant: IEs - hexdump(len=193): 00 0e 77 6c 61 6e 61 63 63 65 73 73 76 32 2e 30 01 08 82 84 0b 16 0c 12 18 24 03 01 0d 05 04 00 ...
12-17 19:31:46.212  5215  5215 D wpa_supplicant: Beacon IEs - hexdump(len=193): 00 0e 77 6c 61 6e 61 63 63 65 73 73 76 32 2e 30 01 08 82 84 0b 16 0c 12 18 24 03 01 0d 05 04 00 ...
12-17 19:31:46.212  5215  5215 D wpa_supplicant: wlan0: BSS: Start scan result update 105
12-17 19:31:46.212  5215  5215 D wpa_supplicant: wlan0: BSS: Add new id 465 BSSID 80:38:bc:0a:f9:61 SSID 'Huawei-Employee' freq 2472
12-17 19:31:46.212  5215  5215 D wpa_supplicant: CTRL-DEBUG: ctrl_sock-sendmsg: sock=16 sndbuf=229376 outq=0 send_len=42
12-17 19:31:46.212  5215  5215 D wpa_supplicant: CTRL_IFACE monitor sent successfully to /data/misc/wifi/sockets/wpa_ctrl_1795-194\x00
12-17 19:31:46.212  5215  5215 D wpa_supplicant: wlan0: BSS: Add new id 466 BSSID 80:38:bc:0b:04:41 SSID 'Huawei-Employee' freq 2472
12-17 19:31:46.212  5215  5215 D wpa_supplicant: CTRL-DEBUG: ctrl_sock-sendmsg: sock=16 sndbuf=229376 outq=768 send_len=42
12-17 19:31:46.212  5215  5215 D wpa_supplicant: CTRL_IFACE monitor sent successfully to /data/misc/wifi/sockets/wpa_ctrl_1795-194\x00
12-17 19:31:46.213  5215  5215 D wpa_supplicant: wlan0: BSS: Add new id 467 BSSID 80:38:bc:0a:f4:60 SSID 'wlanaccessv2.0' freq 2472
12-17 19:31:46.213  5215  5215 D wpa_supplicant: CTRL-DEBUG: ctrl_sock-sendmsg: sock=16 sndbuf=229376 outq=768 send_len=42
12-17 19:31:46.213  5215  5215 D wpa_supplicant: CTRL_IFACE monitor sent successfully to /data/misc/wifi/sockets/wpa_ctrl_1795-194\x00
12-17 19:31:46.213  1795  5219 D WifiMonitor: Dispatching event to interface: wlan0
12-17 19:31:46.213  5215  5215 D wpa_supplicant: wlan0: BSS: Remove id 437 BSSID 80:38:bc:0b:29:e0 SSID 'wlanaccessv2.0' due to no match in scan
12-17 19:31:46.213  5215  5215 D wpa_supplicant: CTRL-DEBUG: ctrl_sock-sendmsg: sock=16 sndbuf=229376 outq=768 send_len=44
12-17 19:31:46.213  1795  5219 D WifiMonitor: Dispatching event to interface: wlan0
12-17 19:31:46.213  5215  5215 D wpa_supplicant: CTRL_IFACE monitor sent successfully to /data/misc/wifi/sockets/wpa_ctrl_1795-194\x00
12-17 19:31:46.213  1795  5219 D WifiMonitor: Dispatching event to interface: wlan0
12-17 19:31:46.213  5215  5215 D wpa_supplicant: wlan0: BSS: Remove id 438 BSSID 80:38:bc:0b:22:a0 SSID 'wlanaccessv2.0' due to no match in scan
12-17 19:31:46.213  1795  5219 D WifiMonitor: Dispatching event to interface: wlan0
12-17 19:31:46.213  5215  5215 D wpa_supplicant: CTRL-DEBUG: ctrl_sock-sendmsg: sock=16 sndbuf=229376 outq=0 send_len=44
12-17 19:31:46.213  5215  5215 D wpa_supplicant: CTRL_IFACE monitor sent successfully to /data/misc/wifi/sockets/wpa_ctrl_1795-194\x00
12-17 19:31:46.213  5215  5215 D wpa_supplicant: wlan0: BSS: Remove id 439 BSSID 80:38:bc:0b:30:a1 SSID 'Huawei-Employee' due to no match in scan
12-17 19:31:46.213  5215  5215 D wpa_supplicant: CTRL-DEBUG: ctrl_sock-sendmsg: sock=16 sndbuf=229376 outq=768 send_len=44
12-17 19:31:46.213  5215  5215 D wpa_supplicant: CTRL_IFACE monitor sent successfully to /data/misc/wifi/sockets/wpa_ctrl_1795-194\x00
12-17 19:31:46.213  1795  5219 D WifiMonitor: Dispatching event to interface: wlan0
12-17 19:31:46.213  5215  5215 D wpa_supplicant: BSS: last_scan_res_used=27/64
12-17 19:31:46.213  5215  5215 D wpa_supplicant: Add randomness: count=811 entropy=414
12-17 19:31:46.213  5215  5215 D wpa_supplicant: random pool - hexdump(len=128): [REMOVED]
12-17 19:31:46.213  5215  5215 D wpa_supplicant: random_mix_pool - hexdump(len=16): [REMOVED]
12-17 19:31:46.213  1795  5219 D WifiMonitor: Dispatching event to interface: wlan0
12-17 19:31:46.213  5215  5215 D wpa_supplicant: random_mix_pool - hexdump(len=5): [REMOVED]
12-17 19:31:46.213  5215  5215 D wpa_supplicant: random pool - hexdump(len=128): [REMOVED]
12-17 19:31:46.213  5215  5215 D wpa_supplicant: Add randomness: count=812 entropy=415
12-17 19:31:46.213  5215  5215 D wpa_supplicant: random pool - hexdump(len=128): [REMOVED]
12-17 19:31:46.213  5215  5215 D wpa_supplicant: random_mix_pool - hexdump(len=16): [REMOVED]
12-17 19:31:46.213  5215  5215 D wpa_supplicant: random_mix_pool - hexdump(len=5): [REMOVED]
12-17 19:31:46.213  5215  5215 D wpa_supplicant: random pool - hexdump(len=128): [REMOVED]
12-17 19:31:46.213  5215  5215 D wpa_supplicant: Add randomness: count=813 entropy=416
12-17 19:31:46.213  5215  5215 D wpa_supplicant: random pool - hexdump(len=128): [REMOVED]
12-17 19:31:46.213  5215  5215 D wpa_supplicant: random_mix_pool - hexdump(len=16): [REMOVED]
12-17 19:31:46.213  5215  5215 D wpa_supplicant: random_mix_pool - hexdump(len=5): [REMOVED]
12-17 19:31:46.213  5215  5215 D wpa_supplicant: random pool - hexdump(len=128): [REMOVED]
12-17 19:31:46.213  5215  5215 D wpa_supplicant: Add randomness: count=814 entropy=417
12-17 19:31:46.213  5215  5215 D wpa_supplicant: random pool - hexdump(len=128): [REMOVED]
12-17 19:31:46.213  5215  5215 D wpa_supplicant: random_mix_pool - hexdump(len=16): [REMOVED]
12-17 19:31:46.213  5215  5215 D wpa_supplicant: random_mix_pool - hexdump(len=5): [REMOVED]
12-17 19:31:46.213  5215  5215 D wpa_supplicant: random pool - hexdump(len=128): [REMOVED]
12-17 19:31:46.213  5215  5215 D wpa_supplicant: Add randomness: count=815 entropy=418
12-17 19:31:46.213  5215  5215 D wpa_supplicant: random pool - hexdump(len=128): [REMOVED]
12-17 19:31:46.213  5215  5215 D wpa_supplicant: random_mix_pool - hexdump(len=16): [REMOVED]
12-17 19:31:46.213  5215  5215 D wpa_supplicant: random_mix_pool - hexdump(len=5): [REMOVED]
12-17 19:31:46.213  5215  5215 D wpa_supplicant: random pool - hexdump(len=128): [REMOVED]
12-17 19:31:46.213  5215  5215 D wpa_supplicant: Add randomness: count=816 entropy=419
12-17 19:31:46.213  5215  5215 D wpa_supplicant: random pool - hexdump(len=128): [REMOVED]
12-17 19:31:46.213  5215  5215 D wpa_supplicant: random_mix_pool - hexdump(len=16): [REMOVED]
12-17 19:31:46.213  5215  5215 D wpa_supplicant: random_mix_pool - hexdump(len=5): [REMOVED]
12-17 19:31:46.213  5215  5215 D wpa_supplicant: random pool - hexdump(len=128): [REMOVED]
12-17 19:31:46.213  5215  5215 D wpa_supplicant: Add randomness: count=817 entropy=420
12-17 19:31:46.213  5215  5215 D wpa_supplicant: random pool - hexdump(len=128): [REMOVED]
12-17 19:31:46.213  5215  5215 D wpa_supplicant: random_mix_pool - hexdump(len=16): [REMOVED]
12-17 19:31:46.213  5215  5215 D wpa_supplicant: random_mix_pool - hexdump(len=5): [REMOVED]
12-17 19:31:46.213  5215  5215 D wpa_supplicant: random pool - hexdump(len=128): [REMOVED]
12-17 19:31:46.213  5215  5215 D wpa_supplicant: Add randomness: count=818 entropy=421
12-17 19:31:46.213  5215  5215 D wpa_supplicant: random pool - hexdump(len=128): [REMOVED]
12-17 19:31:46.213  5215  5215 D wpa_supplicant: random_mix_pool - hexdump(len=16): [REMOVED]
12-17 19:31:46.213  5215  5215 D wpa_supplicant: random_mix_pool - hexdump(len=5): [REMOVED]
12-17 19:31:46.213  5215  5215 D wpa_supplicant: random pool - hexdump(len=128): [REMOVED]
12-17 19:31:46.213  5215  5215 D wpa_supplicant: Add randomness: count=819 entropy=422
12-17 19:31:46.213  5215  5215 D wpa_supplicant: random pool - hexdump(len=128): [REMOVED]
12-17 19:31:46.213  5215  5215 D wpa_supplicant: random_mix_pool - hexdump(len=16): [REMOVED]
12-17 19:31:46.213  5215  5215 D wpa_supplicant: random_mix_pool - hexdump(len=5): [REMOVED]
12-17 19:31:46.213  5215  5215 D wpa_supplicant: random pool - hexdump(len=128): [REMOVED]
12-17 19:31:46.213  5215  5215 D wpa_supplicant: Add randomness: count=820 entropy=423
12-17 19:31:46.213  5215  5215 D wpa_supplicant: random pool - hexdump(len=128): [REMOVED]
12-17 19:31:46.213  5215  5215 D wpa_supplicant: random_mix_pool - hexdump(len=16): [REMOVED]
12-17 19:31:46.213  5215  5215 D wpa_supplicant: random_mix_pool - hexdump(len=5): [REMOVED]
12-17 19:31:46.213  5215  5215 D wpa_supplicant: random pool - hexdump(len=128): [REMOVED]
12-17 19:31:46.213  5215  5215 D wpa_supplicant: wlan0: Scan-only results received
12-17 19:31:46.213  5215  5215 D wpa_supplicant: CTRL-DEBUG: ctrl_sock-sendmsg: sock=16 sndbuf=229376 outq=0 send_len=24
12-17 19:31:46.213  5215  5215 D wpa_supplicant: CTRL_IFACE monitor sent successfully to /data/misc/wifi/sockets/wpa_ctrl_1795-194\x00
12-17 19:31:46.213  5215  5215 D wpa_supplicant: wlan0: Radio work 'scan'@0x7fb502f3c0 done in 0.419878 seconds
12-17 19:31:46.213  5215  5215 D wpa_supplicant: wlan0: radio_work_free('scan'@0x7fb502f3c0: num_active_works --> 0
12-17 19:31:46.214  1795  5219 D WifiMonitor: Dispatching event to interface: wlan0
12-17 19:31:46.214  1795  5219 E WifiMonitor: WifiMonitor:wlan0 cnt=30966 dispatchEvent: CTRL-EVENT-SCAN-RESULTS 
