12-17 19:52:46.089  1795  1795 I TrafficMonitor: gettimer:interval=2000
12-17 19:52:46.089  3180  3332 D WakelockMonitor: check gps high power
12-17 19:52:46.089  1795  2323 E UsbDeviceManager: Error reading charge file
12-17 19:52:46.089  1795  2323 E UsbDeviceManager: java.io.FileNotFoundException: sys/class/hw_power/charger/charge_data/water_intrused (No such file or directory)
12-17 19:52:46.089  1795  2323 E UsbDeviceManager: 	at java.io.FileInputStream.open(Native Method)
12-17 19:52:46.089  1795  2323 E UsbDeviceManager: 	at java.io.FileInputStream.<init>(FileInputStream.java:146)
12-17 19:52:46.089  1795  2323 E UsbDeviceManager: 	at android.os.FileUtils.readTextFile(FileUtils.java:267)
12-17 19:52:46.089  1795  2323 E UsbDeviceManager: 	at com.android.server.usb.UsbDeviceManager$2.onUEvent(UsbDeviceManager.java:328)
12-17 19:52:46.089  1795  2323 E UsbDeviceManager: 	at android.os.UEventObserver$UEventThread.sendEvent(UEventObserver.java:210)
12-17 19:52:46.089  1795  2323 E UsbDeviceManager: 	at android.os.UEventObserver$UEventThread.run(UEventObserver.java:187)
12-17 19:52:46.089  3180  3332 I DeviceMonitor:  uid:10105 pid:4634 flags:1 tag:WakerLock:233927177 wakeup time:101827
12-17 19:52:46.089  3180  3578 I ash     :  ignore audio app: com.huawei.espacev2 stop delta time:1327295
12-17 19:52:46.090  1795  2323 D HwBatteryService: onUEvent fcpStatus = 0,scpStatus =0,ovpStatus=0
12-17 19:52:46.091  1795  2323 E UsbDeviceManager: Error reading charge file
12-17 19:52:46.091  1795  2323 E UsbDeviceManager: java.io.FileNotFoundException: sys/class/hw_power/charger/charge_data/water_intrused (No such file or directory)
12-17 19:52:46.091  1795  2323 E UsbDeviceManager: 	at java.io.FileInputStream.open(Native Method)
12-17 19:52:46.091  1795  2323 E UsbDeviceManager: 	at java.io.FileInputStream.<init>(FileInputStream.java:146)
12-17 19:52:46.091  1795  2323 E UsbDeviceManager: 	at android.os.FileUtils.readTextFile(FileUtils.java:267)
12-17 19:52:46.091  1795  2323 E UsbDeviceManager: 	at com.android.server.usb.UsbDeviceManager$2.onUEvent(UsbDeviceManager.java:328)
12-17 19:52:46.091  1795  2323 E UsbDeviceManager: 	at android.os.UEventObserver$UEventThread.sendEvent(UEventObserver.java:210)
12-17 19:52:46.091  1795  2323 E UsbDeviceManager: 	at android.os.UEventObserver$UEventThread.run(UEventObserver.java:187)
12-17 19:52:46.097  3180  3578 D ApplicationPackageManager: queryIntentActivitiesAsUser size results:1, for package:com.huawei.espacev2
12-17 19:52:46.097  3180  3578 I ash     : com.huawei.espacev2 { doze duration=640611 } transition to: hibernation reason:
12-17 19:52:46.097  3180  3578 I ash     : perform hibernation actions!
12-17 19:52:46.098  1795 16232 D SmartHeartBeat: setAlarmsAdjust ...
12-17 19:52:46.098  3180  3578 I ash     : com.huawei.espacev2 is unified heartbeat(ms): 300000 reason: hibernation
12-17 19:52:46.098  1795  3111 I PGManagerService: proxyBroadcast:[com.huawei.espacev2] proxy:true
12-17 19:52:46.099  3180  3578 I ash     : proxy com.huawei.espacev2 broadcast OK !
12-17 19:52:46.100  1795  3225 D PowerManagerService: acquire lock=179044068, flags=0x1, tag="hibernation", name=com.huawei.powergenie, ws=null, uid=1000, pid=3180
12-17 19:52:46.100  1795  3225 D PowerManagerService: ready=true,policy=0,wakefulness=0,wksummary=0x1,uasummary=0x0,bootcompleted=true,boostinprogress=false,waitmodeenable=false,mode=true,manual=33,auto=-1,adj=0.0userId=0
12-17 19:52:46.100  1795  3225 D PowerManagerService: Acquiring suspend blocker "PowerManagerService.WakeLocks".
12-17 19:52:46.101  1795 11747 D GpsFreezeProc: addFreezeProcess pkg:com.huawei.espacev2
12-17 19:52:46.101  1795 11747 I GnssLocationProvider: setRequest ProviderRequest[OFF]
12-17 19:52:46.101  1795 11747 I GnssLocationProvider: stopNavigating, mStarted=false
12-17 19:52:46.102  3180  3578 I ash     : proxy app:com.huawei.espacev2,uid:10102,result:true
12-17 19:52:46.107  3180  3578 D PgedBinderAdapter: frz ok, pid: [31949, 633]
12-17 19:52:46.108  3180  3578 I PGServer: report state:6 event type:1 pid:0 uid:10102 pkg:com.huawei.espacev2 to pid: 1795
12-17 19:52:46.108  3180  3578 I ash     : Freeze com.huawei.espacev2 OK !
12-17 19:52:46.108  3180  3578 I PgedBinderAdapter: Listener network packet by uids: [10102]
12-17 19:52:46.108  1795  1807 I AwareLog: AppHiber_Task:  Screen   Off  State, frozenInhandleMsg Return
12-17 19:52:46.108  3180  3578 I ash     : add listener com.huawei.espacev2 net packet OK !,uid:10102
12-17 19:52:46.109   803 21017 E Pged-NetworkMonitor: open file error
12-17 19:52:46.109  1795  1806 I PGManagerService: proxyWakeLockByPidUid, pid: 31949, uid: 10102, proxy: true
12-17 19:52:46.110  3180  3578 I ash     : Proxy wakelock uid = 10102 pid = 31949
12-17 19:52:46.110  1795  1805 I PGManagerService: proxyWakeLockByPidUid, pid: 633, uid: 10102, proxy: true
12-17 19:52:46.111  3180  3578 I ash     : Proxy wakelock uid = 10102 pid = 633
12-17 19:52:46.112  1795 15988 D PowerManagerService: release:lock=179044068, flg=0x0, tag="hibernation", name=com.huawei.powergenie", ws=null, uid=1000, pid=3180
12-17 19:52:46.112  1795 15988 D PowerManagerService: ready=true,policy=0,wakefulness=0,wksummary=0x0,uasummary=0x0,bootcompleted=true,boostinprogress=false,waitmodeenable=false,mode=true,manual=33,auto=-1,adj=0.0userId=0
12-17 19:52:46.112  1795 15988 D PowerManagerService: Releasing suspend blocker "PowerManagerService.WakeLocks".
12-17 19:52:46.113  3180  3578 I ash     :  ignore audio app: com.tencent.mm stop delta time:30874825
12-17 19:52:46.117  3180  3578 D ApplicationPackageManager: queryIntentActivitiesAsUser size results:1, for package:com.tencent.mm
12-17 19:52:46.117  3180  3578 I ash     : com.tencent.mm { doze duration=640630 } transition to: hibernation reason:
12-17 19:52:46.118  3180  3578 I ash     : perform hibernation actions!
12-17 19:52:46.118  1795  3249 D SmartHeartBeat: setAlarmsAdjust ...
12-17 19:52:46.118  3180  3578 I ash     : com.tencent.mm is unified heartbeat(ms): 300000 reason: hibernation
12-17 19:52:46.119  1795 16499 I PGManagerService: proxyBroadcast:[com.tencent.mm] proxy:true
12-17 19:52:46.120  3180  3578 I ash     : proxy com.tencent.mm broadcast OK !
12-17 19:52:46.120  1795  2376 W AlarmManager: mIsScreenOn is: false, WAKEUP alarm talarm.operation == null,package name is: android listenerTag is: DeviceIdleController.light creator uid is: 1000
12-17 19:52:46.120  1795  2376 I AlarmManager: Alarm triggering (type 0 or 2): [Alarm{b3d2f4d type 2 when 444072650 android}]
12-17 19:52:46.120  1795  2376 I AlarmManager: sending alarm Alarm{4ca02 type 3 when 444056363 android},repeatInterval = 0,listenerTag =time_tick
12-17 19:52:46.120   803   803 I Pged-PgedBinderService: Proc: 4634 utime:1144
12-17 19:52:46.120  3180  3578 I ash     : perform hibernation actions delay: 1000
12-17 19:52:46.121  1795  2376 I ActivityManager_broadcast: Enqueueing ordered broadcast[foreground] BroadcastRecord{722cf13 u-1 android.intent.action.TIME_TICK}: prev had 0
12-17 19:52:46.121  1795  1808 I ActivityManager_broadcast: dispatch ordered broadcast [foreground] BroadcastRecord{722cf13 u-1 android.intent.action.TIME_TICK}, has 11 receivers
12-17 19:52:46.121  1795  2376 D PowerManagerService: ready=true,policy=0,wakefulness=0,wksummary=0x1,uasummary=0x0,bootcompleted=true,boostinprogress=false,waitmodeenable=false,mode=true,manual=33,auto=-1,adj=0.0userId=0
12-17 19:52:46.121  1795  2376 D PowerManagerService: Acquiring suspend blocker "PowerManagerService.WakeLocks".
12-17 19:52:46.121  1795  1795 V AlarmManager: Received TIME_TICK alarm; rescheduling
12-17 19:52:46.121  1795  1795 I AlarmManager: scheduleTimeTickEvent triggerAtTime = 444116364
12-17 19:52:46.121  1795  2376 I AlarmManager: sending alarm Alarm{b3d2f4d type 2 when 444072650 android},repeatInterval = 0,listenerTag =DeviceIdleController.light
12-17 19:52:46.124  1795  1807 D DeviceIdleController: stepLightIdleStateLocked: mLightState=4
12-17 19:52:46.124  1795  1807 D PowerManagerService: acquire lock=114070926, flags=0x1, tag="deviceidle_maint", name=android, ws=null, uid=1000, pid=1795
12-17 19:52:46.124  1795  1807 D PowerManagerService: ready=true,policy=0,wakefulness=0,wksummary=0x1,uasummary=0x0,bootcompleted=true,boostinprogress=false,waitmodeenable=false,mode=true,manual=33,auto=-1,adj=0.0userId=0
12-17 19:52:46.125  1795  1807 D DeviceIdleController: scheduleLightAlarmLocked(60000)
12-17 19:52:46.125  2852  2852 I TimeManager: act:android.intent.action.TIME_TICK  flag:1342177300 FLAG_IS_FIRST_POWER_OFF_ALARM=false android.intent.extra.ALARM_COUNT=1 
12-17 19:52:46.125  1795  1807 I AlarmManager: set(null) : type=2 triggerAtTime=444162488 win=45000 tElapsed=444162488 maxElapsed=444207488 interval=0 flags=0x8
12-17 19:52:46.125  2852  2852 I HwDateUtils:  formatChinaDateTime equals.
12-17 19:52:46.125  2852  2852 I HwDateUtils: formatChinaDateTime, change to China normalTime:晚上7:52
12-17 19:52:46.126  2852  2852 I HwDateUtils: begin of formatChinaDateRange chinaDate:晚上7:52
12-17 19:52:46.126  2852  2852 I TimeManager: chinaDateTime:晚上7:52
12-17 19:52:46.126  3180  3578 I ash     : com.baidu.input_huawei goes to hibernation overtime: 71674
12-17 19:52:46.127  2852  2852 I HwDateUtils:  formatChinaDateTime equals.
12-17 19:52:46.127  2852  2852 I HwDateUtils: formatChinaDateTime, change to China normalTime:晚上7:52
12-17 19:52:46.127  2852  2852 I HwDateUtils: begin of formatChinaDateRange chinaDate:晚上7:52
12-17 19:52:46.127  2852  2852 I TimeManager: chinaDateTime:晚上7:52
12-17 19:52:46.127  2852  2852 I HwDateUtils:  formatChinaDateTime equals.
12-17 19:52:46.127  1795  1807 D DeviceIdleController: Moved from LIGHT_STATE_IDLE to LIGHT_STATE_IDLE_MAINTENANCE.
12-17 19:52:46.127  3180  3578 I AppManager: check dependency pid: 4690 is depended by pid: 1795
12-17 19:52:46.127  3180  3578 I ash     : Application com.baidu.input_huawei is depended by other app, delay to H!
12-17 19:52:46.127  2852  2852 I HwDateUtils: formatChinaDateTime, change to China normalTime:晚上7:52
12-17 19:52:46.127  2852  2852 I HwDateUtils: begin of formatChinaDateRange chinaDate:晚上7:52
12-17 19:52:46.127  2852  2852 I TimeManager: chinaDateTime:晚上7:52
12-17 19:52:46.128  1795  1807 D DeviceIdleController: handleMessage(4)
12-17 19:52:46.128  2852  2852 I HwDateUtils:  formatChinaDateTime equals.
12-17 19:52:46.128  2852  2852 I HwDateUtils: formatChinaDateTime, change to China normalTime:晚上7:52
12-17 19:52:46.128  2852  2852 I HwDateUtils: begin of formatChinaDateRange chinaDate:晚上7:52
12-17 19:52:46.128  2852  2852 I TimeManager: chinaDateTime:晚上7:52
12-17 19:52:46.128  1795  1807 D NetdConnector: SND -> {11652 firewall disable_chain dozable}
12-17 19:52:46.144   597   779 I rmt_storage: rmt_storage_client_thread: /boot/modem_fs1: clnt_h=0x1: req_h=0x129 msg_id=3: Bytes written = 1572864
12-17 19:52:46.144   597   779 I rmt_storage: rmt_storage_client_thread: /boot/modem_fs1: clnt_h=0x1: req_h=0x129 msg_id=3: Send response: res=0 err=0
12-17 19:52:46.144   597   779 I rmt_storage: rmt_storage_client_thread: /boot/modem_fs1: clnt_h=0x1 About to block rmt_storage client thread (th_id: 547754226768) wakelock released: 1, error no: 0
