12-17 19:35:00.337  2852  2852 I PhoneStatusBar: cancelAutohide
12-17 19:35:00.337  2852  2852 I PhoneStatusBar: notifyUiVisibilityChanged:vis=0x8708, SystemUiVisibility=0x8708
12-17 19:35:00.340  1795  3238 V SecInputMethodManagerService: Client requesting input be hidden, pid=4492
12-17 19:35:00.340  1795  3238 V InputMethodManagerService: Window asks to hide input going forward
12-17 19:35:00.344  4690  4690 I SendBroadcastPermission: action:com.tencent.mm.plugin.openapi.Intent.ACTION_HANDLE_APP_REGISTER, mPermissionType:0
12-17 19:35:00.345  1795  1806 I ActivityManager_broadcast: collectReceiverComponents, callerApp: ProcessRecord{5299443 4690:com.baidu.input_huawei/u0a74}, intent:com.tencent.mm.plugin.openapi.Intent.ACTION_HANDLE_APP_REGISTER, receiver size:1, flags: 10000400
12-17 19:35:00.345  1795  1806 I HwActivityManagerService: Split enqueueing broadcast [callerApp]:ProcessRecord{5299443 4690:com.baidu.input_huawei/u0a74}
12-17 19:35:00.345  1795  1806 I ActivityManager_broadcast: Enqueueing ordered broadcast[background] BroadcastRecord{9d9d1a u0 com.tencent.mm.plugin.openapi.Intent.ACTION_HANDLE_APP_REGISTER}: prev had 0
12-17 19:35:00.345  1795  1808 I ActivityManager_broadcast: dispatch ordered broadcast [background] BroadcastRecord{9d9d1a u0 com.tencent.mm.plugin.openapi.Intent.ACTION_HANDLE_APP_REGISTER}, has 1 receivers
12-17 19:35:00.348  1795  1805 I ActivityManager_service: retrieveServiceLocked, callerApp: ProcessRecord{c5c29c4 3879:com.huawei.android.launcher/u0a61}, flags: 10000400
12-17 19:35:00.348  1795  1805 I ActivityManager_service: bindServiceLocked, r: ServiceRecord{516004b u0 euid: 0 com.huawei.android.totemweather/.service.WeatherService}, euid: 0
12-17 19:35:00.355 16628 16628 D HwCust  : Create obj success use class com.huawei.android.totemweather.utils.HwCustTotemLocationImpl
12-17 19:35:00.370  1795  1821 I ActivityManager_activity: windowsGone(): ActivityRecord{930e418 u0 com.huawei.android.launcher/.unihome.UniHomeLauncher t297}
12-17 19:35:00.377  4492  4492 I HwResourcesImpl: load icon id : 7f02011e, pkgName : com.baidu.input_huawei
12-17 19:35:00.378  4492  4492 W CfgFilePolicy: No config file found for:/themes/diff/icons
12-17 19:35:00.378  4492  4492 W CfgFilePolicy: CFG_DIRS length : 9
12-17 19:35:00.378  4492  4492 I HwResourcesImpl: icon : com.baidu.input_huawei found in app
12-17 19:35:00.389  4492  4492 I ActivityManager_activity: Reporting idle of ActivityRecord{50977f4 token=android.os.BinderProxy@4e2962b {com.tencent.mm/com.tencent.mm.ui.LauncherUI}} finished=false
12-17 19:35:00.390  1795  6985 D PowerManagerService: release:lock=230301592, flg=0x0, tag="*launch*", name=android", ws=WorkSource{10105}, uid=1000, pid=1795
12-17 19:35:00.390  1795  6985 D PowerManagerService: ready=true,policy=3,wakefulness=1,wksummary=0x0,uasummary=0x1,bootcompleted=true,boostinprogress=false,waitmodeenable=false,mode=true,manual=33,auto=-1,adj=0.0userId=0
12-17 19:35:00.390  1795  6985 D PowerManagerService: Releasing suspend blocker "PowerManagerService.WakeLocks".
12-17 19:35:00.391  1795  2377 V HwPackageManagerService: Returning system default Launcher 
12-17 19:35:00.392  1795  2377 I AwareLog: AwareMem_EventTracker: [APP_ACTIVITY_FINISH_123098007] is abandoned for memory 820108
12-17 19:35:00.428  1795  2728 D HwArpVerifier: performPollAndLog:
12-17 19:35:00.430  1795  2728 D hw_netstat: total/16990/7420,com.huawei.android.totemweather/15296/6699,unknown:0/867/353,com.huawei.espacev2/827/368
12-17 19:35:00.431  1795  2728 E HwCHRWebMonitor: WebMonitor [mNetWorkIsSuck=0 mUIDIsSuck=]  WebSpeed [WEBSENDSEGS=51  WEBRESENDSEGS=0  WEBRECVSEGS=45  WEBERRSEGS=0  WEBOUTRSTS=1  WEBESTABLISRST=0  WEBRTTDURATION=293  WEBRTTSEGS=24  WEBSRTT=970  WEBSNDDUPACKS=0  SENDSEGS=5  RESENDSEGS=0  RECVSEGS=4  ERRSEGS=0  OUTRSTS=0  ESTABLISRST=0  RTTDURATION=2  RTTSEGS=2  SNDDUPACKS=0  suckTimes=0 recovage_times=0]
12-17 19:35:00.431  1795  2728 E HwCHRWifiRSSIGroupSummery: updateTcpSummery mRSSI:-59  HwCHRWifiRSSIGroup [rssi_index=4, rtt_tcp_packets=89, rtt_tcp_duration=824, rtt_lan_duration=188, rtt_lan_failures=0, rtt_lan_succ=5, rtt_lan_max=124, rtt_lan_min=14,same_area_frequency=0,adjacent_area_frequency=0]
12-17 19:35:00.431  1795  2728 D WifiHW  : wifi_send_command: cmd:'IFNAME=wlan0 PKTCNT_POLL'
12-17 19:35:00.432  5215  5215 D wpa_supplicant: wlan0: Control interface command 'PKTCNT_POLL'
12-17 19:35:00.447  5215  5215 D wpa_supplicant: CTRL-DEBUG: global_ctrl_sock-sendto: sock=16 sndbuf=229376 outq=0 send_len=34
12-17 19:35:00.449  1795  2728 E HwCHRWebMonitor: HwCHRWifiPacketCnt [mTXGood=60, mTXbad=0, mRXGood=54] rssi=-59
12-17 19:35:00.449  1795  2728 E HwCHRWebMonitor: Good NetWork Traffic , so mOnAppSuckTime, mUnModifyCount reset 0
12-17 19:35:00.449  1795  2728 D HwArpVerifier: doCheckAccessInternet
12-17 19:35:00.449  1795  2728 D HwArpVerifier: mAccessWebStatus : rx = 45, tx = 51
12-17 19:35:00.449  1795  2728 D HwArpVerifier: AccessWebStatus : reset all
12-17 19:35:00.602  1795  1821 I ActivityManager_activity: windowsVisibleLocked(): ActivityRecord{5f12a6a u0 com.tencent.mm/.ui.LauncherUI t383} idle: true
12-17 19:35:00.604  3879  3879 I HwLauncher: Launcher onStop()
12-17 19:35:00.630  1795  1805 I WindowManager: Destroying surface Surface(name=com.huawei.android.launcher/com.huawei.android.launcher.unihome.UniHomeLauncher) called by com.android.server.wm.WindowStateAnimator.destroySurface:2056 com.android.server.wm.WindowStateAnimator.destroySurfaceLocked:907 com.android.server.wm.WindowState.destroyOrSaveSurface:2174 com.android.server.wm.AppWindowToken.destroySurfaces:366 com.android.server.wm.AppWindowToken.notifyAppStopped:392 com.android.server.wm.WindowManagerService.notifyAppStopped:4822 com.android.server.am.ActivityStack.activityStoppedLocked:1393 com.android.server.am.ActivityManagerService.activityStopped:7645 
12-17 19:35:00.634  1795  1809 I MultiTaskManagerService: onForegroundActivitiesChanged pid = 3879, uid = 10061
12-17 19:35:00.675   625   718 E libnav  : CablComputeBacklightLevel(): UpdateType = DifferentSceneUpdate
12-17 19:35:00.742  1795 20747 W ActivityManager: getRunningAppProcesses: caller 10105 does not hold REAL_GET_TASKS; limiting output
12-17 19:35:00.745  1795 16501 W ActivityManager: getRunningAppProcesses: caller 10105 does not hold REAL_GET_TASKS; limiting output
12-17 19:35:00.749  1795  6985 W ActivityManager: getRunningAppProcesses: caller 10105 does not hold REAL_GET_TASKS; limiting output
12-17 19:35:00.751  1795  3249 W ActivityManager: getRunningAppProcesses: caller 10105 does not hold REAL_GET_TASKS; limiting output
12-17 19:35:00.838  1795  1795 I TrafficMonitor: update:rxPkts:47,txPkts:50,rxBytes:15863,txBytes:5916
12-17 19:35:00.838  1795  1795 I TrafficMonitor: start expired. level:-1
12-17 19:35:00.838  1795  1795 I TrafficMonitor: gettimer:interval=2000
12-17 19:35:00.908  5224  5224 I Step_LSC: 20002302|onStandStepChanged 65613
12-17 19:35:00.908  5224  5224 I Step_LSC: 20002302|compensate received
12-17 19:35:00.909  5224  5283 I Step_DataCache: 20002302|getTodayTotalSteps 4237
12-17 19:35:00.909  5224  5283 I Step_ExtendStepDataManager: 20002302|before compensate: cache step_4237
12-17 19:35:00.911  5224  5283 I Step_DataCache: 20002302|getTodayTotalSteps 4237
12-17 19:35:00.912  5224  5283 I Step_DataCache: 20002302|getTodayTotalSteps 4238
12-17 19:35:00.912  5224  5283 I Step_ExtendStepDataManager: 20002302|after compensate: cache step_4238
12-17 19:35:01.008  5224  5283 I Step_SharedPerferenceUtils: 20002302| getTodayTotalDetailSteps from Prefence success and todaySendorSteps= 1481974380000##4236##172189##0##0##443032537
12-17 19:35:01.009  5224  5283 I Step_SharedPerferenceUtils: 20002302|setTodayTotalDetailSteps to Prefence todaySendorSteps=1481974440000##4238##172215##0##0##443037372
12-17 19:35:01.018  5224  5283 I Step_LSC: 20002302|calculateCaloriesWithCache datas.size=8376
12-17 19:35:01.020  5224  5283 I Step_LSC: 20002302|calculateCaloriesWithCache totalCalories=90725
12-17 19:35:01.020  5224  5283 I Step_LSC: 20002302|calculateAltitudeWithCache datas.size=8376
12-17 19:35:01.021  5224  5283 I Step_LSC: 20002302|calculateAltitudeWithCache totalAltitude=0
12-17 19:35:01.022  5224  5283 I Step_LSC: 20002302|REPORT : 4238 90725 3025 0
12-17 19:35:01.023  5224  5283 I SendBroadcastPermission: action:android.com.huawei.bone.NOTIFY_SPORT_DATA, mPermissionType:0
12-17 19:35:01.024  5224  5283 I SendBroadcastPermission: action:android.com.huawei.bone.NOTIFY_SPORT_DATA, mPermissionType:0
12-17 19:35:01.026  1795 11747 I HwActivityManagerService: Split enqueueing broadcast [callerApp]:ProcessRecord{580cfb2 5224:com.huawei.health:DaemonService/u0a99}
12-17 19:35:01.028  2852  2852 I EventCenter: EventCenter Get :android.com.huawei.bone.NOTIFY_SPORT_DATA
12-17 19:35:01.028  2852  2852 D StepCounterView: onStepCounterChange stepsNum:4238
12-17 19:35:01.028  5224  5283 I Step_HSNH: 20002302|upDateHealthNotification()|91|3.03|4238
12-17 19:35:01.030  5224  5283 I Step_HSNH: 20002302|rebuild notification
12-17 19:35:01.035  1795  6988 I NotificationManager: enqueueNotificationInternal: pkg=com.huawei.health id=10010 notification=Notification(pri=0 contentView=null vibrate=null sound=null defaults=0x0 flags=0x2 color=0x00000000 vis=PRIVATE)
12-17 19:35:01.037  1795  1795 I NotificationManager: enqueueNotificationInternal: n.getKey = 0|com.huawei.health|10010|null|10099
12-17 19:35:01.038  1795  1795 V NotificationService: disableEffects=null canInterrupt=false once update: false
12-17 19:35:01.041  2852  2852 I StatusBar: onNotificationPosted: StatusBarNotification(pkg=com.huawei.health user=UserHandle{0} id=10010 tag=null key=0|com.huawei.health|10010|null|10099: Notification(pri=0 contentView=null vibrate=null sound=null defaults=0x0 flags=0x62 color=0x00000000 vis=PRIVATE)) important=2, post=1481974501035, when=1481531589202, vis=0, userid=0
12-17 19:35:01.042  2852  2852 D StatusBar: updateNotification(StatusBarNotification(pkg=com.huawei.health user=UserHandle{0} id=10010 tag=null key=0|com.huawei.health|10010|null|10099: Notification(pri=0 contentView=null vibrate=null sound=null defaults=0x0 flags=0x62 color=0x00000000 vis=PRIVATE)))
12-17 19:35:01.043  2852  2852 D HwCust  : Create obj success use class android.app.HwCustNotificationImpl
12-17 19:35:01.044  2852  2852 I StatusBarIconView: updateTint: tint=0
12-17 19:35:01.046  2852  2852 D StatusBar: No peeking: unimportant notification: 0|com.huawei.health|10010|null|10099
12-17 19:35:01.046  2852  2852 D StatusBar: applyInPlace=true shouldPeek=false alertAgain=true
12-17 19:35:01.046  2852  2852 I NotificationGroupManager: onEntryUpdated:0|com.huawei.health|10010|null|10099
12-17 19:35:01.046  2852  2852 I NotificationGroupManager: onEntryAdded:0|com.huawei.health|10010|null|10099, group=0|com.huawei.health|10010|null|10099
12-17 19:35:01.046  2852  2852 D StatusBar: reusing notification for key: 0|com.huawei.health|10010|null|10099
12-17 19:35:01.046  2852  2852 D HwCust  : Create obj success use class android.app.HwCustNotificationImpl
12-17 19:35:01.047  2852  2852 D HwCust  : Create obj success use class android.app.HwCustNotificationImpl
12-17 19:35:01.048  2852  2852 I StatusBarIconView: updateTint: tint=0
12-17 19:35:01.057  2852  2852 I HwPhoneStatusBar: updateNotificationShade
12-17 19:35:01.057  2852  2852 I PhoneStatusBar: updateNotificationShade
12-17 19:35:01.057  2852  2852 I PhoneStatusBar: removeNotificationChildren
12-17 19:35:01.058  2852  2852 I HwNotificationIconAreaController: showNotificationAll
12-17 19:35:01.060  2852  2852 I NotificationContentView: transferRemoteInputFocus: 0
12-17 19:35:01.061  2852  2852 I NotificationContentView: transferRemoteInputFocus: 0
12-17 19:35:01.062  2852  2852 I StackScrollAlgorithm: updateClipping isOverlap:false
12-17 19:35:01.062  2852  2852 I StackScrollAlgorithm: updateDimmedActivatedHideSensitive overlap:false
12-17 19:35:01.097  1795  3139 I AlarmManager: remove(PendingIntent{3772a28: PendingIntentRecord{11908bc com.tencent.mm broadcastIntent}}) changed bounds; rebatching
12-17 19:35:01.100  1795  3139 I AlarmManager: remove(PendingIntent{b855341: PendingIntentRecord{559c39a com.tencent.mm broadcastIntent}}) changed bounds; rebatching
12-17 19:35:01.104  1795  2376 I AlarmManager: sending alarm Alarm{3cd065a type 3 when 443036363 android},repeatInterval = 0,listenerTag =time_tick
12-17 19:35:01.105  1795  2376 I ActivityManager_broadcast: Enqueueing ordered broadcast[foreground] BroadcastRecord{c6870e6 u-1 android.intent.action.TIME_TICK}: prev had 0
12-17 19:35:01.105  1795  1808 I ActivityManager_broadcast: dispatch ordered broadcast [foreground] BroadcastRecord{c6870e6 u-1 android.intent.action.TIME_TICK}, has 11 receivers
12-17 19:35:01.106  1795  2376 D PowerManagerService: ready=true,policy=3,wakefulness=1,wksummary=0x1,uasummary=0x1,bootcompleted=true,boostinprogress=false,waitmodeenable=false,mode=true,manual=33,auto=-1,adj=0.0userId=0
12-17 19:35:01.106  1795  2376 D PowerManagerService: Acquiring suspend blocker "PowerManagerService.WakeLocks".
12-17 19:35:01.106  1795  1795 V AlarmManager: Received TIME_TICK alarm; rescheduling
12-17 19:35:01.106  1795  1795 I AlarmManager: scheduleTimeTickEvent triggerAtTime = 443096364
