12-17 19:32:01.227  1795 17831 I qti_sensors_hal: batch:load_acc_oeminf_data x_offset:0.160831 y_offset:0.184366 z_offset:0.985027
12-17 19:32:01.227  1795 17831 I qti_sensors_hal: batch:sensor(android.sensor.accelerometer) sample_rate=14.999925Hz report_rate_f=0.000000Hz curr sample rate:14.999925 cur rpt rate:0 max:400.000000 min:1.000000
12-17 19:32:01.227  1795 17831 I qti_sensors_hal: batch: current sample rate, report rate & buffering are equal to requested (14.999925,0.000000,0)
12-17 19:32:01.231  2852  2852 W HwPhoneLayoutInflater: onCreateView : ClassNotFoundException, In this case we want to let the base class take a crack at it
12-17 19:32:01.232  2852  2852 W HwPhoneLayoutInflater: onCreateView : ClassNotFoundException, In this case we want to let the base class take a crack at it
12-17 19:32:01.233  1795  2332 I qti_sensors_hal: [ACC]processReportInd: X: 4.263745 Y: 8.088186 Z: -0.670367  x_offset:0.160831 y_offset:0.184366 z_offset:0.985027
12-17 19:32:01.244  2852  2852 W HwPhoneLayoutInflater: onCreateView : ClassNotFoundException, In this case we want to let the base class take a crack at it
12-17 19:32:01.244  2852  2852 W HwPhoneLayoutInflater: onCreateView : ClassNotFoundException, In this case we want to let the base class take a crack at it
12-17 19:32:01.249  2852  2852 W HwPhoneLayoutInflater: onCreateView : ClassNotFoundException, In this case we want to let the base class take a crack at it
12-17 19:32:01.250  2852  2852 W HwPhoneLayoutInflater: onCreateView : ClassNotFoundException, In this case we want to let the base class take a crack at it
12-17 19:32:01.256  2852  2852 W HwPhoneLayoutInflater: onCreateView : ClassNotFoundException, In this case we want to let the base class take a crack at it
12-17 19:32:01.257  2852  2852 W HwPhoneLayoutInflater: onCreateView : ClassNotFoundException, In this case we want to let the base class take a crack at it
12-17 19:32:01.268  2852  2852 W HwPhoneLayoutInflater: onCreateView : ClassNotFoundException, In this case we want to let the base class take a crack at it
12-17 19:32:01.269  2852  2852 W HwPhoneLayoutInflater: onCreateView : ClassNotFoundException, In this case we want to let the base class take a crack at it
12-17 19:32:01.281  2852  2852 W HwPhoneLayoutInflater: onCreateView : ClassNotFoundException, In this case we want to let the base class take a crack at it
12-17 19:32:01.281  2852  2852 W HwPhoneLayoutInflater: onCreateView : ClassNotFoundException, In this case we want to let the base class take a crack at it
12-17 19:32:01.291  2852  2852 W HwPhoneLayoutInflater: onCreateView : ClassNotFoundException, In this case we want to let the base class take a crack at it
12-17 19:32:01.292  2852  2852 W HwPhoneLayoutInflater: onCreateView : ClassNotFoundException, In this case we want to let the base class take a crack at it
12-17 19:32:01.297  1795  2332 I qti_sensors_hal: [ACC]processReportInd: X: 3.665417 Y: 9.011679 Z: -0.152693  x_offset:0.160831 y_offset:0.184366 z_offset:0.985027
12-17 19:32:01.308  2852  2852 W HwPhoneLayoutInflater: onCreateView : ClassNotFoundException, In this case we want to let the base class take a crack at it
12-17 19:32:01.309  2852  2852 W HwPhoneLayoutInflater: onCreateView : ClassNotFoundException, In this case we want to let the base class take a crack at it
12-17 19:32:01.309  1795  2671 D WifiHW  : wifi_send_command: cmd:'IFNAME=wlan0 SIGNAL_POLL'
12-17 19:32:01.310  5215  5215 D wpa_supplicant: wlan0: Control interface command 'SIGNAL_POLL'
12-17 19:32:01.316  2852  2852 W HwPhoneLayoutInflater: onCreateView : ClassNotFoundException, In this case we want to let the base class take a crack at it
12-17 19:32:01.316  2852  2852 W HwPhoneLayoutInflater: onCreateView : ClassNotFoundException, In this case we want to let the base class take a crack at it
12-17 19:32:01.321  2852  2852 W HwPhoneLayoutInflater: onCreateView : ClassNotFoundException, In this case we want to let the base class take a crack at it
12-17 19:32:01.322  2852  2852 W HwPhoneLayoutInflater: onCreateView : ClassNotFoundException, In this case we want to let the base class take a crack at it
12-17 19:32:01.325  5215  5215 E wpa_supplicant: RSSI=-56;LINKSPEED=72;NOISE=9999;FREQUENCY=2452;
12-17 19:32:01.325  5215  5215 D wpa_supplicant: CTRL-DEBUG: global_ctrl_sock-sendto: sock=16 sndbuf=229376 outq=0 send_len=48
12-17 19:32:01.326  1795  2671 V HwWifiServiceFactory: get AllImpl object = com.android.server.wifi.HwWifiServiceFactoryImpl@c332618
12-17 19:32:01.326  1795  2671 E WifiConfigManager: updateConfiguration freq=2452 BSSID=80:38:bc:08:42:c1 RSSI=-56 "Huawei-Employee"WPA_EAP
12-17 19:32:01.327  1795  2671 V HwWifiServiceFactory: get AllImpl object = com.android.server.wifi.HwWifiServiceFactoryImpl@c332618
12-17 19:32:01.330  2852  2852 W HwPhoneLayoutInflater: onCreateView : ClassNotFoundException, In this case we want to let the base class take a crack at it
12-17 19:32:01.331  2852  2852 W HwPhoneLayoutInflater: onCreateView : ClassNotFoundException, In this case we want to let the base class take a crack at it
12-17 19:32:01.335  2852  2852 I HwExpandableNotificationRowHelper: unclear notification ,notificationPkgName:com.android.incallui key:0|com.android.incallui|2|null|1001
12-17 19:32:01.335  2852  2852 D StatusBar: No peeking: unimportant notification: 0|com.android.incallui|2|null|1001
12-17 19:32:01.335  2852  2852 I NotificationGroupManager: onEntryAdded:0|com.android.incallui|2|null|1001, group=0|com.android.incallui|2|null|1001
12-17 19:32:01.336  2852  2852 I HwPhoneStatusBar: updateNotificationShade
12-17 19:32:01.336  2852  2852 I PhoneStatusBar: updateNotificationShade
12-17 19:32:01.336  2852  2852 I PhoneStatusBar: removeNotificationChildren
12-17 19:32:01.338  2852  2852 I StackScroller: generateAddAnimation:null, false
12-17 19:32:01.339  2852  2852 I StackScroller: generateAddAnimation:null, false
12-17 19:32:01.339  1795  3237 I NotificationManager: onNotificationExpansionChanged called
12-17 19:32:01.340  2852  2852 I HwNotificationIconAreaController: showNotificationAll
12-17 19:32:01.340  1795  2396 I NotificationManager: onNotificationExpansionChanged called
12-17 19:32:01.341  2852  2852 D ReporterUtil:  e id:344 type:{pkg:com.android.incallui}
12-17 19:32:01.342   802   802 E Thermal-daemon: [Thermal_Hw] temperature_valid, battery : temperature is invalid, invalid temperatrue is 27
12-17 19:32:01.342   802   802 E Thermal-daemon: [Thermal_Hw] temperature_filter: get invalid temperature, use old temp
12-17 19:32:01.355  1795  2332 I qti_sensors_hal: [ACC]processReportInd: X: 3.129483 Y: 9.630789 Z: -0.487884  x_offset:0.160831 y_offset:0.184366 z_offset:0.985027
12-17 19:32:01.356  2852  2852 I BadgedIconHelper: isCloneProcess = false
12-17 19:32:01.357  2852  2852 I BadgedIconHelper: isCloneProcess = false
12-17 19:32:01.363  2852  2852 I NotificationContentView: transferRemoteInputFocus: 0
12-17 19:32:01.364  2852  2852 I NotificationContentView: transferRemoteInputFocus: 0
12-17 19:32:01.365  2852  2852 I StackScrollAlgorithm: overlapAmount:763.6, previousNotificationEnd:607.0, newYTranslation:-156.59998, location:2, i:1, getTopPadding:499.0, getLocationOnScreen():-36
12-17 19:32:01.365  2852  2852 I StackScrollAlgorithm: updateClipping isOverlap:true
12-17 19:32:01.365  2852  2852 I StackScrollAlgorithm: updateDimmedActivatedHideSensitive overlap:true
12-17 19:32:01.366  2852  2852 I NotificationContentView: transferRemoteInputFocus: 1
12-17 19:32:01.366  2852  2852 I HwExpandableNotificationRowHelper: unclear notification ,notificationPkgName:com.android.incallui key:0|com.android.incallui|2|null|1001
12-17 19:32:01.366  2852  2852 I ActivatableNotificationView: setOverlap mOverlap:true, mDimmed:false
12-17 19:32:01.367  2852  2852 I ActivatableNotificationView: setOverlap mOverlap:true, mDimmed:false
12-17 19:32:01.382  1795  1804 I art     : Background partial concurrent mark sweep GC freed 52133(3MB) AllocSpace objects, 18(360KB) LOS objects, 13% free, 52MB/60MB, paused 3.278ms total 237.734ms
12-17 19:32:01.408  3608  3608 D InCall  : InCallPresenter - notifyInCallScreenIsForeground: false
12-17 19:32:01.408  3608  3608 I SendBroadcastPermission: action:InCallScreenIsForegroundActivity, mPermissionType:0
12-17 19:32:01.409  1795  3111 I HwActivityManagerService: Split enqueueing broadcast [callerApp]:ProcessRecord{ec55919 3608:com.android.incallui/1001}
12-17 19:32:01.415  2852  2852 I BackgrounCallingLayout: simCount:2 phoneState:2
12-17 19:32:01.415  2852  2852 I BackgrounCallingLayout: mCallingStatusReceiver:onReceive::action=InCallScreenIsForegroundActivity, isForegroundActivity=false, mPhoneState=2
12-17 19:32:01.416  1795  2332 I qti_sensors_hal: [ACC]processReportInd: X: 3.510403 Y: 9.283895 Z: -0.682482  x_offset:0.160831 y_offset:0.184366 z_offset:0.985027
12-17 19:32:01.418  1795  3110 W ActivityManager: getRunningAppProcesses: caller 10102 does not hold REAL_GET_TASKS; limiting output
12-17 19:32:01.418  2852  2852 I BackgrounCallingLayout: simCount:2 phoneState:2
12-17 19:32:01.420  2852  2852 I BackgrounCallingLayout: updateCallLayout:isBackground=false, isInteractive=false
12-17 19:32:01.421  2852  2852 W HwPhoneStatusBar: mNotifyStateChangedReceiver do nothing
12-17 19:32:01.421  2852  2852 I HwPhoneStatusBar: mNotifyStateChangedReceiver::onReceive:action=InCallScreenIsForegroundActivity, mBackgroundState=false
12-17 19:32:01.431  1795  2750 D SurfaceControl: Excessive delay in setPowerMode(): 219ms
12-17 19:32:01.431  1795  2750 D PowerManagerService: Setting HAL interactive mode to false
12-17 19:32:01.431  1795  2750 I QTI PowerHAL: Got set_interactive hint
12-17 19:32:01.432   625   718 E libnav  : AbaSuspend skips CABL deactivate: state was 3
12-17 19:32:01.433   533  3739 E ANDR-PERF-MPCTL: Invalid profile no. 0, total profiles 0 only
12-17 19:32:01.433  1795  2750 D libfingersense_wrapper: Calling fingersense_on_pause()
12-17 19:32:01.433  1795  2750 D libfingersense_wrapper: fingersense_on_pause() finished
12-17 19:32:01.433  1795  2750 D PowerManagerService: Setting HAL auto-suspend mode to true
12-17 19:32:01.433   836  2387 I knuckle_sensor: Sending SAM_DISABLE to fs_data
12-17 19:32:01.434  1795  1825 I PowerManager_screenOn: DisplayPowerController updatePowerState mPendingRequestLocked=policy=OFF, useProximitySensor=true, useProximitySensorbyPhone=true, screenBrightness=33, screenAutoBrightnessAdjustment=0.0, brightnessSetByUser=true, useAutoBrightness=true, blockScreenOn=false, lowPowerMode=false, boostScreenBrightness=false, dozeScreenBrightness=-1, dozeScreenState=UNKNOWN, useTwilight=false, useSmartBacklight=true, brightnessWaitMode=false, brightnessWaitRet=true, screenAutoBrightness=-1, userId=0
12-17 19:32:01.434  1795  1825 D DisplayPowerController: Animating brightness: target=0, rate=0
12-17 19:32:01.434  1795  1825 D DisplayPowerController: Display ready!
12-17 19:32:01.434  1795  1825 D DisplayPowerController: Finished business...
12-17 19:32:01.435  1795  1825 D PowerManagerService: ready=true,policy=0,wakefulness=0,wksummary=0x10,uasummary=0x0,bootcompleted=true,boostinprogress=false,waitmodeenable=false,mode=true,manual=33,auto=-1,adj=0.0userId=0
12-17 19:32:01.435  1795  1825 I PowerManager_screenOn: PowerManagerNotifier onWakefulnessChangeFinished mInteractiveChanging=true, mInteractive=false
12-17 19:32:01.435  1795  1825 D PowerManagerService: Acquiring suspend blocker "PowerManagerService.Broadcasts".
12-17 19:32:01.435   836   928 I knuckle_sensor: Got DISABLE response, status = 0, id = 65
12-17 19:32:01.435  1795  1795 I WindowManger_keyguard: Finished going to sleep... (why=6)
12-17 19:32:01.435  1795  1795 I WindowOrientationListener: WindowOrientationListener disabled
12-17 19:32:01.436  1795  1795 I qti_sensors_hal: batch,376,handle 0, timeout:0 ,period_ns:200000000
12-17 19:32:01.436  1795  1795 I qti_sensors_hal: batch:sensor(android.sensor.accelerometer) handle:0 flags:0x0 period_ns 200000000
12-17 19:32:01.439  1795  1825 D PowerManagerService: Releasing suspend blocker "PowerManagerService.Display".
12-17 19:32:01.448  1795  1795 I qti_sensors_hal: read from oem info: data_readback
12-17 19:32:01.448  1795  1795 I qti_sensors_hal: 0xcd, 0xb0, 0x24, 0x3e
12-17 19:32:01.448  1795  1795 I qti_sensors_hal: 0x66, 0xca, 0x3c, 0x3e
12-17 19:32:01.448  1795  1795 I qti_sensors_hal: 0xc0, 0x2a, 0x7c, 0x3f
12-17 19:32:01.448  1795  1795 I qti_sensors_hal: 0x55, 0x0, 0x0, 0x0
12-17 19:32:01.448  1795  1795 I qti_sensors_hal: 0x0, 0x0, 0x0, 0x0
