12-17 19:32:23.333  1795  5219 D WifiMonitor: Dispatching event to interface: wlan0
12-17 19:32:23.333  1795  5219 E WifiMonitor: WifiMonitor:wlan0 cnt=31000 dispatchEvent: CTRL-EVENT-SCAN-STARTED 
12-17 19:32:23.335  3626  3753 I LogCollectService: msg = 103 received
12-17 19:32:23.336  1795  2691 D HwConnectivityService: [tiger]setBastetFilterInfo action 3pid 1000
12-17 19:32:23.336  1795  2691 D HwConnectivityService: stopFilter m_filterIsStarted:false
12-17 19:32:23.336  1795  1795 D HwConnectivityService: CtrlSocket processCtrlSocket pid = 1000 cmd = 100 param = 0 ret = 0
12-17 19:32:23.336  1795  1795 D HwConnectivityService: CtrlSocket restoreScrOnStatus reset
12-17 19:32:23.341   606  2379 E libteec : QSEECom_send_cmd return!
12-17 19:32:23.341   606  2379 E libteec : qsc_send_cmd finish
12-17 19:32:23.341   606  2379 E libteec : send data return = 128
12-17 19:32:23.342   835  2385 E libteec : receive data len = 128
12-17 19:32:23.342   835  2385 E libteec : begin
12-17 19:32:23.342   835  2385 E libteec : qsc_decode end
12-17 19:32:23.342   835  2385 D fpc_fingerprint_hal: worker idle
12-17 19:32:23.342   835  2385 D fpc_fingerprint_hal: workerFunction STATE_CANCEL
12-17 19:32:23.342   835  2385 E libteec : begin
12-17 19:32:23.342   606  2379 E libteec : receive data len = 128
12-17 19:32:23.342  1795  2326 W FingerprintService: client com.android.systemui is no longer authenticating
12-17 19:32:23.342  1795  2326 W FingerprintService: onError 2
12-17 19:32:23.342  1795  2326 V FingerprintService: ClientMonitor destroy
12-17 19:32:23.342  1795  2326 V FingerprintService: Done with client: com.android.systemui
12-17 19:32:23.342  1795  2326 V FingerprintService: handleError(client=com.android.systemui, error = 5)
12-17 19:32:23.347  2852  2852 W DisabledFeatureUtils: Dis-Feature : 0
12-17 19:32:23.348  2852  2852 W DisabledFeatureUtils: Dis-Feature : 0
12-17 19:32:23.348  2852  2852 V KeyguardUpdateMonitor: KGSvcFp onAuthenticationError.5
12-17 19:32:23.348  2852  2852 W KeyguardUpdateMonitor: Fingerprint RunningStateChanged. 10
12-17 19:32:23.348  2852  2852 W StatusBarWindowManager: Apply window Height 72
12-17 19:32:23.348  2852  2852 I StatusBarWindowManager: apply skiped :0
12-17 19:32:23.350   606  2379 E libteec : QSEECom_send_cmd return!
12-17 19:32:23.350   606  2379 E libteec : qsc_send_cmd finish
12-17 19:32:23.350   606  2379 E libteec : send data return = 128
12-17 19:32:23.350   835  2385 E libteec : receive data len = 128
12-17 19:32:23.350   835  2385 E libteec : begin
12-17 19:32:23.350   835  2385 E libteec : qsc_decode end
12-17 19:32:23.350   835  2385 D fpc_fingerprint_hal: workerFunction STATE_NAVIGATION
12-17 19:32:23.351   835  2385 E libteec : begin
12-17 19:32:23.351   606  2379 E libteec : receive data len = 128
12-17 19:32:23.352  1795  3249 D PowerManagerService: ready=false,policy=3,wakefulness=1,wksummary=0x11,uasummary=0x1,bootcompleted=true,boostinprogress=false,waitmodeenable=false,mode=true,manual=33,auto=-1,adj=0.0userId=0
12-17 19:32:23.352  1795  3249 D PowerManagerService: Acquiring suspend blocker "PowerManagerService.WakeLocks".
12-17 19:32:23.355  1795  1806 D PowerManagerService: ready=false,policy=3,wakefulness=1,wksummary=0x10,uasummary=0x1,bootcompleted=true,boostinprogress=false,waitmodeenable=false,mode=true,manual=33,auto=-1,adj=0.0userId=0
12-17 19:32:23.355  1795  1806 D PowerManagerService: Releasing suspend blocker "PowerManagerService.WakeLocks".
12-17 19:32:23.357  1795  1821 I WindowManger_keyguard: Setting mDismissKeyguard true by win Window{e6a6b5e u0 com.android.incallui/com.android.incallui.InCallActivity}
12-17 19:32:23.360  1795  3225 I SendBroadcastPermission: action:android.intent.action.SIG_STR, mPermissionType:0
12-17 19:32:23.360  3858  4126 I amsnl   : csr
12-17 19:32:23.361  3858  4126 I amsnl   : t:false, fl: false, p: 2147483647000, ce: true, we: true
12-17 19:32:23.362  1795 16500 D wifiserviceimpl: netmask =16580607
12-17 19:32:23.363  3858  4126 I amsnl   : m1: false
12-17 19:32:23.364  1795 16498 W ActivityManager: getRunningAppProcesses: caller 10009 does not hold REAL_GET_TASKS; limiting output
12-17 19:32:23.365   606  2379 E libteec : QSEECom_send_cmd return!
12-17 19:32:23.365   606  2379 E libteec : qsc_send_cmd finish
12-17 19:32:23.365   835  2385 E libteec : receive data len = 128
12-17 19:32:23.365   835  2385 E libteec : begin
12-17 19:32:23.365   835  2385 E libteec : qsc_decode end
12-17 19:32:23.365   606  2379 E libteec : send data return = 128
12-17 19:32:23.374  1795  1825 I WindowManger_keyguard: Setting mDismissKeyguard true by win Window{e6a6b5e u0 com.android.incallui/com.android.incallui.InCallActivity}
12-17 19:32:23.390  1795  1825 I WindowManger_keyguard: Setting mDismissKeyguard true by win Window{e6a6b5e u0 com.android.incallui/com.android.incallui.InCallActivity}
12-17 19:32:23.409  1795  1825 I WindowManger_keyguard: Setting mDismissKeyguard true by win Window{e6a6b5e u0 com.android.incallui/com.android.incallui.InCallActivity}
12-17 19:32:23.424  1795  1825 I ActivityManager_activity: completedResumed: ActivityRecord{b46dc67 u0 com.android.incallui/.InCallActivity t310}, launchTrack: outofsleep resumeTopComplete
12-17 19:32:23.431  1795  1825 I WindowManger_keyguard: Screen turned on for keyguard
12-17 19:32:23.431  1795  1825 I PowerManager_screenOn: KeyguardServiceDelegate  onScreenTurnedOn(showListener = com.android.server.policy.PhoneWindowManager$3@bf53b21)
12-17 19:32:23.432  2852  3328 D KeyguardService: Caller checkPermission fail
12-17 19:32:23.432  2852  3328 D KeyguardService: KGSvcCall onScreenTurningOn.
12-17 19:32:23.432  2852  3328 D KeyguardViewMediator: notifyScreenOn
12-17 19:32:23.432  1795  1819 D NetworkManagement: notifyInterfaceClassActivity: client is com.android.server.connectivity.Vpn$2@e40aefb
12-17 19:32:23.432  1795  1819 D NetworkManagement: notifyInterfaceClassActivity: client is com.android.server.ethernet.EthernetNetworkFactory$InterfaceObserver@fccfd35
12-17 19:32:23.432  1795  1819 D NetworkManagement: notifyInterfaceClassActivity: client is com.android.server.connectivity.Tethering@ff4a50f
12-17 19:32:23.432  2852  2852 D KeyguardViewMediator: handleNotifyScreenTurningOn
12-17 19:32:23.432  2852  2852 I PhoneStatusBar: onScreenTurningOn
12-17 19:32:23.432  2852  2852 D KeyguardViewMediator: handleNotifyScreenTurnedOn End with : 131
12-17 19:32:23.433  1795  3253 I WindowManger_keyguard: **** SHOWN CALLED ****
12-17 19:32:23.433  1795  3253 D WindowManager: mKeyguardDelegate.ShowListener.onDrawn.
12-17 19:32:23.433  1795  3253 I WindowManger_keyguard: hideScrim()
12-17 19:32:23.433  1795  2680 I AlarmManager: set(null) : type=2 triggerAtTime=442894694 win=11250 tElapsed=442894694 maxElapsed=442905944 interval=0 flags=0x8
12-17 19:32:23.433  1795  2671 D WifiStateMachine:  ConnectedState !CMD_ENABLE_RSSI_POLL  rt=123049149/442879797 1 0
12-17 19:32:23.433  1795  2671 D WifiStateMachine:  L2ConnectedState !CMD_ENABLE_RSSI_POLL  rt=123049149/442879797 1 0
12-17 19:32:23.433  3608  3608 D InCall  : InCallActivity - onStart()...
12-17 19:32:23.433  1795  2671 D WifiHW  : wifi_send_command: cmd:'IFNAME=wlan0 SIGNAL_POLL'
12-17 19:32:23.434  5215  5215 D wpa_supplicant: wlan0: Control interface command 'SIGNAL_POLL'
12-17 19:32:23.437  5215  5215 E wpa_supplicant: RSSI=-56;LINKSPEED=72;NOISE=9999;FREQUENCY=2452;
12-17 19:32:23.437  5215  5215 D wpa_supplicant: CTRL-DEBUG: global_ctrl_sock-sendto: sock=16 sndbuf=229376 outq=0 send_len=48
12-17 19:32:23.438  1795  2671 V HwWifiServiceFactory: get AllImpl object = com.android.server.wifi.HwWifiServiceFactoryImpl@c332618
12-17 19:32:23.438  1795  2671 E WifiConfigManager: updateConfiguration freq=2452 BSSID=80:38:bc:08:42:c1 RSSI=-56 "Huawei-Employee"WPA_EAP
12-17 19:32:23.439  1795  2671 D WifiStateMachine:  ConnectedState !CMD_SET_SUSPEND_OPT_ENABLED  rt=123049154/442879802 0 0
12-17 19:32:23.439  1795  2671 D WifiStateMachine:  L2ConnectedState !CMD_SET_SUSPEND_OPT_ENABLED  rt=123049155/442879802 0 0
12-17 19:32:23.439  1795  2671 D WifiStateMachine:  ConnectModeState !CMD_SET_SUSPEND_OPT_ENABLED  rt=123049155/442879802 0 0
12-17 19:32:23.439  1795  2671 D WifiStateMachine:  DriverStartedState !CMD_SET_SUSPEND_OPT_ENABLED  rt=123049155/442879802 0 0
12-17 19:32:23.439  1795  2671 D WifiHW  : wifi_send_command: cmd:'IFNAME=wlan0 DRIVER SETSUSPENDMODE 0'
12-17 19:32:23.439  5215  5215 D wpa_supplicant: wlan0: Control interface command 'DRIVER SETSUSPENDMODE 0'
12-17 19:32:23.442  3858  4126 I amsnl   : m2: false, m3: false
12-17 19:32:23.442  1795  1825 D HwNormalizedAutomaticBrightnessController: set power status:mPowerStatus=false,powerStatus=true
12-17 19:32:23.442  1795  1795 I MQoS    : onSignal: mSubId=1,currDataSubID=0
12-17 19:32:23.442  1795  1795 I MQoS    : received cell-signal:1
12-17 19:32:23.442  1795  1795 I NotificationManager: mIntentReceiver-ACTION_SCREEN_ON
12-17 19:32:23.442  1795  1795 I NotificationManager: updateLightsLocked,mInCall =true,mScreenOn = true,ledNotification == null?true
12-17 19:32:23.442  1795  1795 I NotificationManager: updateLightsLocked,turn off notificationLight
12-17 19:32:23.443  3858  4126 I amsnl   : c: true, w: true, t: false, l: false
12-17 19:32:23.443  1795  1825 D Sensors : batch called handle:3 sample_ns:300000000 latency_ns:0
12-17 19:32:23.443  1795  1825 D Sensors : activate called handle:3 enable:1
12-17 19:32:23.443  1795  1825 D Sensors : bh1745-light calling driver setDelay 300 ms
12-17 19:32:23.443  1795  1825 D Sensors : bh1745-light calling driver enable
