12-17 19:31:45.383 17238 17238 D Bth     : BtChrStatisticsManager:sendScreenOnEvent enter.
12-17 19:31:45.383 17238 17252 D Bth     : BtChrStatisticsManager:msg Loop is running.
12-17 19:31:45.385 31949 31967 I TCP     : tcp.recv{4790} TcpClientThread.onReceiverWork(TcpClientThread.java:307) get tcp message 659
12-17 19:31:45.404  1795  1795 I PowerManager_screenOn: PowerManagerNotifier Sending go to sleep broadcast.
12-17 19:31:45.404  1795  1795 I SendBroadcastPermission: action:android.intent.action.SCREEN_OFF, mPermissionType:0
12-17 19:31:45.406  1795  2332 I qti_sensors_hal: [ACC]processReportInd: X: 5.128613 Y: 8.018240 Z: -1.022318  x_offset:0.160831 y_offset:0.184366 z_offset:0.985027
12-17 19:31:45.408  1795 16501 W ActivityManager: getRunningAppProcesses: caller 10105 does not hold REAL_GET_TASKS; limiting output
12-17 19:31:45.410  1795  1795 I HwActivityManagerService: Split enqueueing broadcast [callerApp]:ProcessRecord{34bf34f 0:system/1000}
12-17 19:31:45.410  1795  1795 I ActivityManager_broadcast: Enqueueing ordered broadcast[foreground] BroadcastRecord{3438c4d u-1 android.intent.action.SCREEN_OFF}: prev had 0
12-17 19:31:45.410  1795  1808 I ActivityManager_broadcast: dispatch ordered broadcast [foreground] BroadcastRecord{3438c4d u-1 android.intent.action.SCREEN_OFF}, has 55 receivers
12-17 19:31:45.412  1795  2377 I AwareLog: AwareMem_DMEServer: stop
12-17 19:31:45.416  1795  1795 D HwWifiP2pService: onReceive, action:android.intent.action.SCREEN_OFF
12-17 19:31:45.416  1795  2668 D WifiP2pService: InactiveState143467
12-17 19:31:45.416  1795  2668 E HwWifiP2pService: Unhandled message when=123018588 what=143467 arg1=0 arg2=0
12-17 19:31:45.416  1795  2668 D WifiP2pService: P2pEnabledState when=123018588 what=143467 arg1=0 arg2=0
12-17 19:31:45.416  1795  2668 D WifiP2pService: DefaultState{ when=0 what=143467 target=com.android.internal.util.StateMachine$SmHandler }
12-17 19:31:45.416  1795  2668 D HwWifiP2pService: SleepPolicy:1
12-17 19:31:45.420  1795  2671 D WifiStateMachine:  ConnectedState !CMD_SCREEN_STATE_CHANGED  rt=123018592/442841783 0 0
12-17 19:31:45.420  1795  2671 D WifiStateMachine:  L2ConnectedState !CMD_SCREEN_STATE_CHANGED  rt=123018592/442841784 0 0
12-17 19:31:45.420  1795  2671 D WifiStateMachine:  ConnectModeState !CMD_SCREEN_STATE_CHANGED  rt=123018592/442841784 0 0
12-17 19:31:45.420  1795  2671 D WifiStateMachine:  DriverStartedState !CMD_SCREEN_STATE_CHANGED  rt=123018592/442841784 0 0
12-17 19:31:45.420  1795  2671 D WifiStateMachine:  SupplicantStartedState !CMD_SCREEN_STATE_CHANGED  rt=123018592/442841784 0 0
12-17 19:31:45.420  1795  2671 D WifiStateMachine:  DefaultState !CMD_SCREEN_STATE_CHANGED  rt=123018592/442841784 0 0
12-17 19:31:45.420  1795  2671 D PowerManagerService: acquire lock=244575063, flags=0x1, tag="WifiSuspend", name=android, ws=null, uid=1000, pid=1795
12-17 19:31:45.421  1795  2671 D PowerManagerService: ready=true,policy=3,wakefulness=1,wksummary=0x11,uasummary=0x1,bootcompleted=true,boostinprogress=false,waitmodeenable=false,mode=true,manual=33,auto=-1,adj=0.0userId=0
12-17 19:31:45.421  1795  2671 D PowerManagerService: Acquiring suspend blocker "PowerManagerService.WakeLocks".
12-17 19:31:45.422  1795  2671 I AlarmManager: remove(null) changed bounds; rebatching
12-17 19:31:45.422  1795  1795 D HwConnectivityService: mIntentReceiver begin
12-17 19:31:45.422  1795  1795 D HwKeyguardManagerImpl: isLockScreenDisabled HwKeyguardManagerImpl result = false
12-17 19:31:45.422  1795  1795 D HwConnectivityService: CtrlSocket Receiver,disable: false locked: true action: android.intent.action.SCREEN_OFF mSmartKeyguardLevel: normal_level mStartPowerSaving: false
12-17 19:31:45.422  1795  1795 D HwConnectivityService: receive screen off intent!
12-17 19:31:45.422  1795  1795 D HwConnectivityService: wifi tethering: false
12-17 19:31:45.422  1795  1795 D HwConnectivityService: Usb tethering: false
12-17 19:31:45.422  1795  1795 D HwConnectivityService: bt tethering: false
12-17 19:31:45.422  1795  1795 D HwConnectivityService: pluggedStatus: 0
12-17 19:31:45.422  1795  1795 D HwConnectivityService: is charging: false
12-17 19:31:45.424  1795  2671 E WifiScanner: listener cannot be found
12-17 19:31:45.424  1795  2671 D WifiStateMachine:  ConnectedState CMD_ENABLE_RSSI_POLL  rt=123018596/442841787 0 0
12-17 19:31:45.424  1795  2671 D WifiStateMachine:  L2ConnectedState CMD_ENABLE_RSSI_POLL  rt=123018596/442841788 0 0
12-17 19:31:45.424  1795  2671 D WifiStateMachine:  ConnectedState CMD_SET_SUSPEND_OPT_ENABLED  rt=123018596/442841788 1 0
12-17 19:31:45.424  1795  2671 D WifiStateMachine:  L2ConnectedState CMD_SET_SUSPEND_OPT_ENABLED  rt=123018596/442841788 1 0
12-17 19:31:45.424  1795  2671 D WifiStateMachine:  ConnectModeState CMD_SET_SUSPEND_OPT_ENABLED  rt=123018596/442841788 1 0
12-17 19:31:45.424  1795  2671 D WifiStateMachine:  DriverStartedState CMD_SET_SUSPEND_OPT_ENABLED  rt=123018596/442841788 1 0
12-17 19:31:45.424  1795  2671 D WifiHW  : wifi_send_command: cmd:'IFNAME=wlan0 DRIVER SETSUSPENDMODE 1'
12-17 19:31:45.424  3218 13114 D PhoneInterfaceManager: [PhoneIntfMgr] getDataEnabled: subId=0 phoneId=0
12-17 19:31:45.424  5215  5215 D wpa_supplicant: wlan0: Control interface command 'DRIVER SETSUSPENDMODE 1'
12-17 19:31:45.425  3218 13114 D PhoneInterfaceManager: [PhoneIntfMgr] getDataEnabled: subId=0 retVal=false
12-17 19:31:45.425  1795  1795 D HwConnectivityService: CtrlSocket getMobileDataEnabled = false
12-17 19:31:45.427  1795  1795 I NotificationManager: mIntentReceiver-ACTION_SCREEN_OFF
12-17 19:31:45.427  1795  1795 I NotificationManager: updateLightsLocked,mInCall =true,mScreenOn = false,ledNotification == null?true
12-17 19:31:45.427  1795  1795 I NotificationManager: updateLightsLocked,turn off notificationLight
12-17 19:31:45.427  1795  1795 I Sensor  : turn off notificationLight due to incall or screenon
12-17 19:31:45.427  1795  1795 I Sensor  : updateLight --> mIsNotificationExisting: false ledOnMS: 0 ledOffMS :0
12-17 19:31:45.427  1795  1795 I Sensor  : updateLightsLocked --> level:78, status:3
12-17 19:31:45.427  1795  1795 I Sensor  : updateLightsLocked --> mBatteryLight.turnOff
12-17 19:31:45.430  1046  1467 V ThreadsEx: HDebug print the key screen_state
12-17 19:31:45.430  1046  1467 D audio_hw_primary: adev_set_parameters: enter: screen_state=off
12-17 19:31:45.430  1046  1467 I Huawei_audio_cust: huawei_audio huawei_choose_HandsFree_device_incall_forHWtest: test Type =4
12-17 19:31:45.430  1046  1467 I Huawei_audio_cust: huawei_audio huawei_choose_Handset_device_incall_forHWtest: test Type =4
12-17 19:31:45.430  1046  1467 I Huawei_audio_cust: get_spk_pa_type: pa is max98925
12-17 19:31:45.430  1046  1467 I Huawei_audio_cust: huawei_common_set_parameters: exit with code(0)
12-17 19:31:45.430  1046  1467 V Huawei_audio_cust: huawei_cust_set_parameters: exit with code(0)
12-17 19:31:45.430  1046  1467 V msm8916_platform: platform_set_parameters: enter: - screen_state=off
12-17 19:31:45.430  1046  1467 V msm8916_platform: platform_set_parameters: exit with code(0)
12-17 19:31:45.430  1046  1467 D audio_hw_extn: audio_extn_set_anc_parameters: anc_enabled:0
12-17 19:31:45.430  1046  1467 D audio_hw_spkr_prot: audio_extn_fbsp_set_parameters: Speaker protection disabled
12-17 19:31:45.430  1046  1467 V audio_hw_primary: adev_set_parameters: exit with code(0)
12-17 19:31:45.432  1795  1795 I AlarmManager: set(PendingIntent{2f9e644: PendingIntentRecord{527f32d android broadcastIntent}}) : type=2 triggerAtTime=447101795 win=300000 tElapsed=447101795 maxElapsed=447401795 interval=0 flags=0x8
12-17 19:31:45.434  1795  1795 D HwPFWLogger: PFW.HwPFWService:mBroadcastReceiver action = android.intent.action.SCREEN_OFF
12-17 19:31:45.434  1795  2708 D HwPFWLogger: PFW.HwPFWService:handle PFW_MSG_SYSTEM
12-17 19:31:45.434  1795  2708 D HwPFWLogger: PFW.HwPFWAppRestartPolicy:receive action = android.intent.action.SCREEN_OFF
12-17 19:31:45.436  1795  1795 D WifiService: onReceive, action:android.intent.action.SCREEN_OFF
12-17 19:31:45.436  1795  2670 D WifiController: DeviceActiveState{ when=0 what=155651 target=com.android.internal.util.StateMachine$SmHandler }
12-17 19:31:45.436  1795  2670 D WifiController: StaEnabledState what=155651
12-17 19:31:45.436  1795  2670 D WifiController: DefaultState what=155651
12-17 19:31:45.436  1795  2670 D WifiController: wifiSleepPolicy:1
12-17 19:31:45.436  1795  2670 D WifiController: set idle timer: 1800000 ms
12-17 19:31:45.436  1795  2670 I AlarmManager: set(PendingIntent{50e3a01: PendingIntentRecord{a8130a6 android broadcastIntent}}) : type=0 triggerAtTime=1481976105436 win=0 tElapsed=444641800 maxElapsed=444641800 interval=0 flags=0x9
12-17 19:31:45.442  1795  2736 E hwintelligencewifi:  DefaultState MSG_SCREEN_OFF mIsAutoOpenSearch = false
12-17 19:31:45.443  1795  2377 I IO.IOStatsService: onReceive:screen off
12-17 19:31:45.446  5215  5215 D wpa_supplicant: wpa_driver_nl80211_driver_cmd SETSUSPENDMODE 1 len = 0, 4096
12-17 19:31:45.446  5215  5215 D wpa_supplicant: CTRL-DEBUG: global_ctrl_sock-sendto: sock=16 sndbuf=229376 outq=0 send_len=3
12-17 19:31:45.446  1795  2377 I IO.IOStatsService: saveIOStatsAndLatestUids,the time interval is too shorter than the last screen off
12-17 19:31:45.447  1795  2671 D PowerManagerService: release:lock=244575063, flg=0x0, tag="WifiSuspend", name=android", ws=null, uid=1000, pid=1795
12-17 19:31:45.447  1795  2671 D PowerManagerService: ready=true,policy=3,wakefulness=1,wksummary=0x10,uasummary=0x1,bootcompleted=true,boostinprogress=false,waitmodeenable=false,mode=true,manual=33,auto=-1,adj=0.0userId=0
12-17 19:31:45.447  1795  2671 D PowerManagerService: Releasing suspend blocker "PowerManagerService.WakeLocks".
12-17 19:31:45.447  2883  2883 D HwKeyguardManagerImpl: isLockScreenDisabled HwKeyguardManagerImpl result = false
12-17 19:31:45.448  1795  3884 D PowerManagerService: acquire lock=184063844, flags=0x1, tag="NetworkStats", name=android, ws=null, uid=1000, pid=1795
12-17 19:31:45.448  1795  3884 D PowerManagerService: ready=true,policy=3,wakefulness=1,wksummary=0x11,uasummary=0x1,bootcompleted=true,boostinprogress=false,waitmodeenable=false,mode=true,manual=33,auto=-1,adj=0.0userId=0
12-17 19:31:45.448  1795  3884 D PowerManagerService: Acquiring suspend blocker "PowerManagerService.WakeLocks".
12-17 19:31:45.451  1795  3884 D NetdConnector: SND -> {11599 bandwidth gettetherstats}
12-17 19:31:45.452  1795  2665 D NetdConnector: RCV <- {200 11599 Tethering stats list completed}
12-17 19:31:45.452  1795  2665 D NetdConnector: RCV <- {200 11599 Tethering stats list completed}
12-17 19:31:45.453  2883  2883 I HwSystemManager: AntiMalManager:receive Broadcast ACTION_SCREEN_OFF mOnTimeSum:260909299 onTime:539804 isPowerConnected:false
12-17 19:31:45.453  2883  2883 I HwSystemManager: AutoCleanReceiveServer:receive action:android.intent.action.SCREEN_OFF
12-17 19:31:45.454  2883  2883 I HwSystemManager: AutoCleanReceiveServer:telemamanger state isIdle:true
12-17 19:31:45.454  2883  2883 I HwSystemManager: AutoCleanReceiveServer:checkToStartCleanService,phone is use state,phone is use,need not start clean service
12-17 19:31:45.454  1795  3884 W NetworkStatsFactory: mStatsXtProcUid: /proc/net/comm/stats does not exist!
12-17 19:31:45.454  1795  3884 D HwNetworkStatsService: mActiveIface: null
12-17 19:31:45.456  1795  3884 I SendBroadcastPermission: action:com.android.server.action.NETWORK_STATS_UPDATED, mPermissionType:0
