12-17 19:35:00.202  1795  1795 I NotificationManager: cancelNotificationLocked:0|com.tencent.mm|4097|null|10105
12-17 19:35:00.202  1795  1795 I NotificationManager: cancelNotificationLocked,remove =com.tencent.mm
12-17 19:35:00.203  1795  1795 I NotificationManager: updateLightsLocked,mInCall =false,mScreenOn = true,ledNotification == null?true
12-17 19:35:00.203  1795  1795 I NotificationManager: updateLightsLocked,turn off notificationLight
12-17 19:35:00.203  1795  1795 I Sensor  : turn off notificationLight due to incall or screenon
12-17 19:35:00.203  1795  1795 I Sensor  : updateLight --> mIsNotificationExisting: false ledOnMS: 0 ledOffMS :0
12-17 19:35:00.203  1795  1795 I Sensor  : updateLightsLocked --> level:78, status:3
12-17 19:35:00.203  1795  1795 I Sensor  : updateLightsLocked --> mBatteryLight.turnOff
12-17 19:35:00.205  2852  2852 I StatusBar: onNotificationRemoved: StatusBarNotification(pkg=com.tencent.mm user=UserHandle{0} id=4097 tag=null key=0|com.tencent.mm|4097|null|10105: Notification(pri=1 contentView=null vibrate=[] sound=null tick defaults=0x0 flags=0x101 color=0x00000000 category=msg vis=PRIVATE))
12-17 19:35:00.205  2852  2852 I PhoneStatusBar: removeNotification:0|com.tencent.mm|4097|null|10105
12-17 19:35:00.205  2852  2852 I StatusBar: removeNotificationViews:0|com.tencent.mm|4097|null|10105
12-17 19:35:00.205  2852  2852 I NotificationGroupManager: onEntryRemoved:0|com.tencent.mm|4097|null|10105
12-17 19:35:00.205  2852  2852 I NotificationGroupManager: onEntryRemovedInternal:0|com.tencent.mm|4097|null|10105, group=0|com.tencent.mm|4097|null|10105
12-17 19:35:00.205  2852  2852 I NotificationGroupManager: summary = null
12-17 19:35:00.205  2852  2852 I HwPhoneStatusBar: updateNotificationShade
12-17 19:35:00.205  2852  2852 I PhoneStatusBar: updateNotificationShade
12-17 19:35:00.206  2852  2852 I PhoneStatusBar: removeNotificationChildren
12-17 19:35:00.207  2852  2852 I HwNotificationIconAreaController: showNotificationAll
12-17 19:35:00.210  1795  3249 I NotificationManager: cancelNotificationWithTag pid 4492,uid = 10105,tag = null,pkg =com.tencent.mm,id =4098
12-17 19:35:00.210  1795  1795 I NotificationManager: cancelNotification,index:-1
12-17 19:35:00.211  1795 15988 I NotificationManager: cancelNotificationWithTag pid 4492,uid = 10105,tag = null,pkg =com.tencent.mm,id =4099
12-17 19:35:00.212  1795  3110 I NotificationManager: cancelNotificationWithTag pid 4492,uid = 10105,tag = null,pkg =com.tencent.mm,id =4100
12-17 19:35:00.212  1795  1795 I NotificationManager: cancelNotification,index:-1
12-17 19:35:00.212  1795  1795 I NotificationManager: cancelNotification,index:-1
12-17 19:35:00.212  1795 11747 I NotificationManager: cancelNotificationWithTag pid 4492,uid = 10105,tag = null,pkg =com.tencent.mm,id =4101
12-17 19:35:00.213  1795  1795 I NotificationManager: cancelNotification,index:-1
12-17 19:35:00.214  2852  2852 I StackScrollAlgorithm: updateClipping isOverlap:false
12-17 19:35:00.214  2852  2852 I StackScrollAlgorithm: updateDimmedActivatedHideSensitive overlap:false
12-17 19:35:00.215  2852  2852 I ActivatableNotificationView: setOverlap mOverlap:false, mDimmed:false
12-17 19:35:00.234  4492  4492 I SendBroadcastPermission: action:com.tencent.mm.ui.ACTION_ACTIVE, mPermissionType:0
12-17 19:35:00.234  1795  3139 I HwActivityManagerService: keyAppBroadcastQueueForIntent intent Intent { act=com.tencent.mm.ui.ACTION_ACTIVE flg=0x10 (has extras) } on bgkeyapp queue
12-17 19:35:00.235  4492  4492 I SendBroadcastPermission: action:com.tencent.mm.ui.ACTION_ACTIVE, mPermissionType:0
12-17 19:35:00.236  1795  3247 I HwActivityManagerService: keyAppBroadcastQueueForIntent intent Intent { act=com.tencent.mm.ui.ACTION_ACTIVE flg=0x10 (has extras) } on bgkeyapp queue
12-17 19:35:00.246  4492  4492 I SendBroadcastPermission: action:com.tencent.mm.ui.ACTION_ACTIVE, mPermissionType:0
12-17 19:35:00.246  1795 11746 I HwActivityManagerService: keyAppBroadcastQueueForIntent intent Intent { act=com.tencent.mm.ui.ACTION_ACTIVE flg=0x10 (has extras) } on bgkeyapp queue
12-17 19:35:00.247  4492  4492 I SendBroadcastPermission: action:com.tencent.mm.ui.ACTION_ACTIVE, mPermissionType:0
12-17 19:35:00.248  1795  3884 I HwActivityManagerService: keyAppBroadcastQueueForIntent intent Intent { act=com.tencent.mm.ui.ACTION_ACTIVE flg=0x10 (has extras) } on bgkeyapp queue
12-17 19:35:00.250  4492  4492 I SendBroadcastPermission: action:com.tencent.mm.ui.ACTION_ACTIVE, mPermissionType:0
12-17 19:35:00.251  1795  3237 I HwActivityManagerService: keyAppBroadcastQueueForIntent intent Intent { act=com.tencent.mm.ui.ACTION_ACTIVE flg=0x10 (has extras) } on bgkeyapp queue
12-17 19:35:00.252  4492  4492 I ActivityManager_activity: Resuming ActivityRecord{50977f4 token=android.os.BinderProxy@4e2962b {com.tencent.mm/com.tencent.mm.ui.LauncherUI}} with isForward=true,forwardBitChanged=true onlyLocalRequest=false
12-17 19:35:00.260  1795  2778 V HwPhoneWindowManager: updateSystemUiColorLw window=Window{4e22340 u0 com.tencent.mm/com.tencent.mm.ui.LauncherUI},EmuiStyle=0,StatusBarColor=0xff303135,NavigationBarColor=0xff000000, mLastIsEmuiLightStyle=-1
12-17 19:35:00.261  1795  1809 D HwPhoneWindowManager: Transact:setSystemUIColor to status bar service
12-17 19:35:00.261  1795  2778 I WindowManger_windowChange: oldFocusWindow: null, currentFocusWindow: Window{4e22340 u0 com.tencent.mm/com.tencent.mm.ui.LauncherUI}, currentFocusApp: AppWindowToken{b6efcd1 token=Token{a978b5b ActivityRecord{5f12a6a u0 com.tencent.mm/.ui.LauncherUI t383}}}
12-17 19:35:00.261  2852  3344 I CommandQueue: updateBarBgColor
12-17 19:35:00.261  2852  3344 D CommandQueue: CommandQueue, setBarBackgroundColor
12-17 19:35:00.261  2852  2852 I TintManager: updateBarBgColor:emuiStyle=0,statusBarColor=#FF303135,navigationBarColor=#FF000000, isEmuiLight=-1
12-17 19:35:00.262  2852  2852 I HwPhoneStatusBarTransitions: restoreBackgroundColor:new=1711276032, old=0
12-17 19:35:00.262  2852  2852 I HwNavigationBarTransitions: restoreBackgroundColor:new=-16777216, old=0
12-17 19:35:00.262  2852  2852 D TintManager: statusBarIconTint=#B3FFFFFF,navigationBarIconTint=#FF000000
12-17 19:35:00.268  2852  2852 I PhoneStatusBar: setSystemUiVisibility vis=80000708 mask=ffffffff oldVal=c0000700 newVal=80000708 diff=40000008
12-17 19:35:00.268  2852  2852 I BarTransitions.HwPhoneStatusBarView: transitionTo: mode=MODE_TRANSPARENT, animate=false
12-17 19:35:00.268  2852  2852 I BarTransitions.HwNavigationBarView: transitionTo: mode=MODE_TRANSLUCENT, animate=false
12-17 19:35:00.268  2852  2852 I HwNavigationBarTransitions: transitionTo:mode=2, isEmuiStyle=false
12-17 19:35:00.268  2852  2852 I PhoneStatusBar: cancelAutohide
12-17 19:35:00.268  2852  2852 I PhoneStatusBar: notifyUiVisibilityChanged:vis=0x80000708, SystemUiVisibility=0x80000708
12-17 19:35:00.270  2852  2852 D TintTextView: #B3FFFFFF com.android.systemui.tint.TintTextView{f83e2df V.ED..... ......ID 0,1-66,43 #7f1401be app:id/battery_outside_percent}
12-17 19:35:00.271  2852  2852 D TintTextView: #B3FFFFFF com.android.systemui.tint.TintTextView{280af00 V.ED..... ......ID 0,0-0,0 #7f1403e3 app:id/speed}
12-17 19:35:00.271  2852  2852 D TintTextView: #B3FFFFFF com.android.systemui.tint.TintTextView{88b1de7 V.ED..... ......I. 0,11-144,60 #7f14004e app:id/msim_status_bar_operators_card_one_id}
12-17 19:35:00.271  2852  2852 D TintTextView: #B3FFFFFF com.android.systemui.time.HwStatusBarClock{dbc7fa6 V.ED..... ........ 294,0-441,72 #7f1401c9 app:id/clock}
12-17 19:35:00.271  2852  2852 D TintTextView: #B3FFFFFF com.android.systemui.tint.TintTextView{3f96501 V.ED..... ........ 0,1-66,43 #7f1401be app:id/battery_outside_percent}
12-17 19:35:00.272  2852  2852 D TintTextView: #B3FFFFFF com.android.systemui.tint.TintTextView{7ea3fda V.ED..... ......ID 0,0-0,0 #7f1403e3 app:id/speed}
12-17 19:35:00.272  2852  2852 D TintTextView: #B3FFFFFF com.android.systemui.tint.TintTextView{8a4a4ce V.ED..... ......ID 0,0-0,0 #7f14032f app:id/hw_notification_number}
12-17 19:35:00.272  2852  2852 D TintTextView: #B3FFFFFF com.android.systemui.tint.TintTextView{29531d0 V.ED..... ........ 0,0-144,49 #7f14004e app:id/msim_status_bar_operators_card_one_id}
12-17 19:35:00.272  2852  2852 I PhoneStatusBarPolicy: updateBluetooth:::setBluetoothBatteryEnable false.
12-17 19:35:00.272  2852  2852 I PhoneStatusBarPolicy: updateBluetooth::bluetoothEnabled:false, bluetoothConnected=false, bluetoothTransfering=false
12-17 19:35:00.272  2852  2852 I HwStatusBarIconController: applyIconTint
12-17 19:35:00.289  1795 20747 W ActivityManager: getTasks: caller 10105 does not hold REAL_GET_TASKS; limiting output
12-17 19:35:00.293  2852  2852 D HwRecentsLockUtils: search
12-17 19:35:00.294  1795 16498 E HsmCoreServiceImpl: onTransact in code is: 103
12-17 19:35:00.294  1795 16498 I MediaProcessHandler: playingUids: 
12-17 19:35:00.294  2852  2852 D HwRecentsLockUtils: search
12-17 19:35:00.296  1795  3249 D ActivityManager: Skipping, home stack task: TaskRecord{37babfb #297 A=com.huawei.android.launcher U=0 StackId=0 sz=1}
12-17 19:35:00.296  1795  3249 D ActivityManager: Skipping, withExcluded: false, tr.intent:Intent { act=android.intent.action.MAIN flg=0x10840000 cmp=com.android.incallui/.InCallActivity (has extras) }
12-17 19:35:00.296  1795  3249 D ActivityManager: Skipping, withExcluded: false, tr.intent:Intent { flg=0x10804000 cmp=com.android.systemui/.recents.RecentsActivity bnds=[48,1199][1032,2447] }
12-17 19:35:00.297  1795  3249 D ActivityManager: Skipping, withExcluded: false, tr.intent:Intent { act=android.intent.action.VIEW dat=file:///storage/emulated/0/Downloads/云播影视326.apk typ=application/vnd.android.package-archive flg=0x10800000 cmp=com.android.packageinstaller/.PackageInstallerActivity (has extras) }
12-17 19:35:00.297  1795  3249 D ActivityManager: Skipping, withExcluded: false, tr.intent:Intent { act=com.android.deskclock.ALARM_ALERT flg=0x10800004 cmp=com.android.deskclock/.alarmclock.LockAlarmFullActivity (has extras) }
12-17 19:35:00.297  1795  3249 D ActivityManager: Skipping, withExcluded: false, tr.intent:Intent { act=android.intent.action.VIEW dat=file:///storage/emulated/0/Downloads/106_4389c1ec4cb78314a457ce5927578bb4.apk typ=application/vnd.android.package-archive flg=0x10800000 cmp=com.android.packageinstaller/.PackageInstallerActivity (has extras) }
12-17 19:35:00.297  1795  3249 D ActivityManager: Skipping, withExcluded: false, tr.intent:Intent { act=android.intent.action.VIEW dat=file:///storage/emulated/0/tencent/TMAssistantSDK/Download/com.tencent.mm/1a41cb224d6d4b020176381a7c790891 typ=application/vnd.android.package-archive flg=0x10800000 cmp=com.android.packageinstaller/.PackageInstallerActivity (has extras) }
12-17 19:35:00.297  1795  3249 D ActivityManager: Skipping, withExcluded: false, tr.intent:Intent { act=android.intent.action.VIEW dat=https://service.10046.mi.com/... flg=0x10800000 cmp=com.android.browser/.BrowserActivity (has extras) }
12-17 19:35:00.297  1795  3249 D ActivityManager: Skipping, withExcluded: false, tr.intent:Intent { act=android.media.action.STILL_IMAGE_CAMERA_SECURE flg=0x34800000 pkg=com.huawei.camera cmp=com.huawei.camera/.controller.SecureCameraActivity (has extras) }
12-17 19:35:00.297  1795  3249 D ActivityManager: Skipping, withExcluded: false, tr.intent:Intent { flg=0x10800000 cmp=com.huawei.camera/com.huawei.rapidcapture.RapidPlaceHolderActivity }
12-17 19:35:00.297  1795  3249 D ActivityManager: Skipping, withExcluded: false, tr.intent:Intent { act=android.intent.action.VIEW dat=file:///storage/emulated/0/Downloads/12306zhixinghuochepiao_314.apk typ=application/vnd.android.package-archive flg=0x10800000 cmp=com.android.packageinstaller/.PackageInstallerActivity (has extras) }
12-17 19:35:00.297  1795  3249 D ActivityManager: Skipping, withExcluded: false, tr.intent:Intent { flg=0x34800000 cmp=com.huawei.systemmanager/com.huawei.harassmentinterception.ui.InterceptionActivity (has extras) }
12-17 19:35:00.297  1795  3249 D ActivityManager: getRecentTasks: num=20,flags=62,totalTasks=47
12-17 19:35:00.297  1795  3249 D ActivityManager: getRecentTasks: topActivity=ComponentInfo{com.tencent.mm/com.tencent.mm.ui.LauncherUI}
12-17 19:35:00.298  2852  2852 I SystemServicesProxy: get the task from ActivityManager size is 20 AMS:getRecentTasksForUser,args:numTasksToQuery=20,flags=62,userId=-2
12-17 19:35:00.303  2852  2852 I RecentsTaskLoadPlan: to show tasks size is 20
12-17 19:35:00.304  1795 11747 D ActivityManager: Skipping, home stack task: TaskRecord{37babfb #297 A=com.huawei.android.launcher U=0 StackId=0 sz=1}
12-17 19:35:00.304  1795 11747 D ActivityManager: Skipping, withExcluded: false, tr.intent:Intent { act=android.intent.action.MAIN flg=0x10840000 cmp=com.android.incallui/.InCallActivity (has extras) }
12-17 19:35:00.304  1795 11747 D ActivityManager: getRecentTasks: num=10,flags=62,totalTasks=47
12-17 19:35:00.304  1795 11747 D ActivityManager: getRecentTasks: topActivity=ComponentInfo{com.tencent.mm/com.tencent.mm.ui.LauncherUI}
12-17 19:35:00.305  2852  2852 I SystemServicesProxy: get the task from ActivityManager size is 10 AMS:getRecentTasksForUser,args:numTasksToQuery=10,flags=62,userId=0
12-17 19:35:00.305  1795  2748 D lux trace:: [44.0/123094064, 46.0/123094416, 40.0/123095124, 39.0/123095476, 66.0/123095834, 95.0/123096207, 102.0/123096561, 90.0/123096912, 75.0/123097266, 276.0/123097642]
12-17 19:35:00.305  1795  2748 D HwAmbientLuxFilterAlgo: t=123097922,BT=123098922,DT=123101922,BT1=123101922,DT1=123105922,Bn=false,Dn=false,lx=[95.0/123096419, 102.0/123096719, 90.0/123097020, 75.0/123097321, 75.0/123097622, 276.0/123097922],mLx=53.0,s=5.0,ss=53.76826,AuIntervened=false,mProximityState=false,bLux=404.0,dLux=20.0,bLux1=404.0,dLux1=20.0
12-17 19:35:00.336  2852  2852 I PhoneStatusBar: setSystemUiVisibility vis=8708 mask=ffffffff oldVal=80000708 newVal=8708 diff=80008000
12-17 19:35:00.337  2852  2852 I BarTransitions.HwPhoneStatusBarView: transitionTo: mode=MODE_TRANSPARENT, animate=false
12-17 19:35:00.337  2852  2852 I BarTransitions.HwNavigationBarView: transitionTo: mode=MODE_TRANSPARENT, animate=false
12-17 19:35:00.337  2852  2852 D BarTransitions.HwNavigationBarView: MODE_TRANSLUCENT -> MODE_TRANSPARENT animate=false
12-17 19:35:00.337  2852  2852 D BarTransitions.HwNavigationBarView: applyModeBackground oldMode=MODE_TRANSLUCENT newMode=MODE_TRANSPARENT animate=false
12-17 19:35:00.337  2852  2852 I HwNavigationBarTransitions: transitionTo:mode=4, isEmuiStyle=false
