12-17 19:33:13.511  1795  1795 D HwConnectivityService: mIntentReceiver begin
12-17 19:33:13.512  1795  1821 I ActivityManager_activity: Incall is gone
12-17 19:33:13.512  1795  1821 I ActivityManager_activity: windowsGone(): ActivityRecord{b46dc67 u0 com.android.incallui/.InCallActivity t310}
12-17 19:33:13.511  1795  1795 D HwKeyguardManagerImpl: isLockScreenDisabled HwKeyguardManagerImpl result = false
12-17 19:33:13.512  3608  3608 D InCall  : InCallActivity - onStart()...
12-17 19:33:13.512  1795  1795 D HwConnectivityService: CtrlSocket Receiver,disable: false locked: true action: android.intent.action.SCREEN_ON mSmartKeyguardLevel: normal_level mStartPowerSaving: false
12-17 19:33:13.512  1795  1795 D HwConnectivityService: CtrlSocket receive screen on intent!
12-17 19:33:13.512  1795  1795 D HwConnectivityService: CtrlSocket restoreScrOnStatus
12-17 19:33:13.512  1795  1795 D HwConnectivityService: pid=1000, cmd=100, param=0
12-17 19:33:13.512  1795  1795 D HwConnectivityService: mFilterMsgFlag: 0,msg.arg1: 3
12-17 19:33:13.513  1795  2691 D HwConnectivityService: handleFilterMsg action: 3mFilterMsgFlag3
12-17 19:33:13.513  1795  2691 D HwConnectivityService: [tiger]setBastetFilterInfo action 3pid 1000
12-17 19:33:13.513  1795  2691 D HwConnectivityService: stopFilter m_filterIsStarted:false
12-17 19:33:13.513  1795  1795 D HwConnectivityService: CtrlSocket processCtrlSocket pid = 1000 cmd = 100 param = 0 ret = 0
12-17 19:33:13.513  1795  1795 D HwConnectivityService: CtrlSocket restoreScrOnStatus reset
12-17 19:33:13.513  1795  2671 D WifiStateMachine:  ConnectedState !CMD_ENABLE_RSSI_POLL  rt=123077199/442929876 1 0
12-17 19:33:13.513  1795  2671 D WifiStateMachine:  L2ConnectedState !CMD_ENABLE_RSSI_POLL  rt=123077199/442929876 1 0
12-17 19:33:13.513  1795  2671 D WifiHW  : wifi_send_command: cmd:'IFNAME=wlan0 SIGNAL_POLL'
12-17 19:33:13.514  5215  5215 D wpa_supplicant: wlan0: Control interface command 'SIGNAL_POLL'
12-17 19:33:13.518  5215  5215 E wpa_supplicant: RSSI=-56;LINKSPEED=72;NOISE=9999;FREQUENCY=2452;
12-17 19:33:13.518  5215  5215 D wpa_supplicant: CTRL-DEBUG: global_ctrl_sock-sendto: sock=16 sndbuf=229376 outq=0 send_len=48
12-17 19:33:13.519   832  1840 E Parcel  : Reading a NULL string not supported here.
12-17 19:33:13.519   832  1840 E Parcel  : Reading a NULL string not supported here.
12-17 19:33:13.520  1795  1809 D HwPhoneWindowManager: Transact:setSystemUIColor to status bar service
12-17 19:33:13.521  1795  1795 I NotificationManager: mIntentReceiver-ACTION_SCREEN_ON
12-17 19:33:13.521  2852  2866 I CommandQueue: updateBarBgColor
12-17 19:33:13.521  2852  2866 D CommandQueue: CommandQueue, setBarBackgroundColor
12-17 19:33:13.521  1795  1795 I NotificationManager: updateLightsLocked,mInCall =true,mScreenOn = true,ledNotification == null?false
12-17 19:33:13.521  1795  1795 I NotificationManager: updateLightsLocked,turn off notificationLight
12-17 19:33:13.521  1795  1795 I Sensor  : turn off notificationLight due to incall or screenon
12-17 19:33:13.521  1795  2671 V HwWifiServiceFactory: get AllImpl object = com.android.server.wifi.HwWifiServiceFactoryImpl@c332618
12-17 19:33:13.521  1795  1795 I Sensor  : updateLight --> mIsNotificationExisting: false ledOnMS: 0 ledOffMS :0
12-17 19:33:13.521  1795  1795 I Sensor  : updateLightsLocked --> level:78, status:3
12-17 19:33:13.521  1795  1795 I Sensor  : updateLightsLocked --> mBatteryLight.turnOff
12-17 19:33:13.521  1795  2671 E WifiConfigManager: updateConfiguration freq=2452 BSSID=80:38:bc:08:42:c1 RSSI=-56 "Huawei-Employee"WPA_EAP
12-17 19:33:13.522  1795  2671 D WifiStateMachine:  ConnectedState !CMD_SET_SUSPEND_OPT_ENABLED  rt=123077208/442929885 0 0
12-17 19:33:13.522  1795  2671 D WifiStateMachine:  L2ConnectedState !CMD_SET_SUSPEND_OPT_ENABLED  rt=123077208/442929885 0 0
12-17 19:33:13.522  1795  2671 D WifiStateMachine:  ConnectModeState !CMD_SET_SUSPEND_OPT_ENABLED  rt=123077208/442929885 0 0
12-17 19:33:13.522  1795  2671 D WifiStateMachine:  DriverStartedState !CMD_SET_SUSPEND_OPT_ENABLED  rt=123077208/442929886 0 0
12-17 19:33:13.522  1795  2671 D WifiHW  : wifi_send_command: cmd:'IFNAME=wlan0 DRIVER SETSUSPENDMODE 0'
12-17 19:33:13.522  5215  5215 D wpa_supplicant: wlan0: Control interface command 'DRIVER SETSUSPENDMODE 0'
12-17 19:33:13.525  1795  1809 I PowerManager_screenOn: finishKeyguardDrawn -> waitForAllWindowsDrawn
12-17 19:33:13.525  1795  1809 I PowerManager_screenOn: waitForAllWindowsDrawn  cover is open or null
12-17 19:33:13.527  2852  2852 I TintManager: updateBarBgColor:emuiStyle=1,statusBarColor=#00000000,navigationBarColor=#00000000, isEmuiLight=1
12-17 19:33:13.527  2852  2852 I HwPhoneStatusBarTransitions: setBackgroundColor:new=0, old=0
12-17 19:33:13.528  2852  2852 I HwNavigationBarTransitions: setBackgroundColor:new=0, old=0
12-17 19:33:13.529  2852  2852 D TintManager: statusBarIconTint=#B3FFFFFF,navigationBarIconTint=#00000000
12-17 19:33:13.530  1795  1795 D DeviceIdleController: updateDisplayLocked: screenOn=false
12-17 19:33:13.530  1795 15982 D ActivityManager: setExcludeFromRecents:pkgName=null
12-17 19:33:13.531  1046  1046 V ThreadsEx: HDebug print the key screen_state
12-17 19:33:13.531  1046  1046 D audio_hw_primary: adev_set_parameters: enter: screen_state=on
12-17 19:33:13.532  1046  1046 I Huawei_audio_cust: huawei_audio huawei_choose_HandsFree_device_incall_forHWtest: test Type =4
12-17 19:33:13.532  1046  1046 I Huawei_audio_cust: huawei_audio huawei_choose_Handset_device_incall_forHWtest: test Type =4
12-17 19:33:13.532  3608  3608 D InCall  : InCallPresenter - onActivityStarted
12-17 19:33:13.532  3608  3608 D InCall  : InCallPresenter - notifyVideoPauseController
12-17 19:33:13.532  1046  1046 I Huawei_audio_cust: get_spk_pa_type: pa is max98925
12-17 19:33:13.532  3608  3608 D InCall  : VideoPauseController: - VideoPauseController:onResume
12-17 19:33:13.532  1046  1046 I Huawei_audio_cust: huawei_common_set_parameters: exit with code(0)
12-17 19:33:13.532  3608  3608 D InCall  : VideoPauseController: - VideoPauseController:onResume. Ignoring...
12-17 19:33:13.532  1046  1046 V Huawei_audio_cust: huawei_cust_set_parameters: exit with code(0)
12-17 19:33:13.532  3608  3608 D InCall  : InCallActivity - doOrientationChanged prevOrientation=1 newOrientation=1
12-17 19:33:13.532  3608  3608 D InCall  : InCallActivity - onStart()... end
12-17 19:33:13.532  1046  1046 V msm8916_platform: platform_set_parameters: enter: - screen_state=on
12-17 19:33:13.532  1046  1046 V msm8916_platform: platform_set_parameters: exit with code(0)
12-17 19:33:13.532  1046  1046 D audio_hw_extn: audio_extn_set_anc_parameters: anc_enabled:0
12-17 19:33:13.532  1046  1046 D audio_hw_spkr_prot: audio_extn_fbsp_set_parameters: Speaker protection disabled
12-17 19:33:13.532  1046  1046 V audio_hw_primary: adev_set_parameters: exit with code(0)
12-17 19:33:13.533  3608  3608 I InCall  : InCallActivity - onResume()...
12-17 19:33:13.536  1795  1821 I ActivityManager_activity: windowsVisibleLocked(): ActivityRecord{b46dc67 u0 com.android.incallui/.InCallActivity t310} idle: false
12-17 19:33:13.537  1795  1795 I AlarmManager: remove(PendingIntent{2f9e644: PendingIntentRecord{527f32d android broadcastIntent}}) changed bounds; rebatching
12-17 19:33:13.537  1795  1821 I DisplayManagerService: Display device changed state: "内置屏幕", ON
12-17 19:33:13.537  3608  3608 I InCall  : InCallActivity - bgCallTwinkingSwitch is truemIsForegroundActivity is true
12-17 19:33:13.537  3608  3608 D InCall  : InCallPresenter - notifyInCallScreenIsForeground: true
12-17 19:33:13.537  3608  3608 I SendBroadcastPermission: action:InCallScreenIsForegroundActivity, mPermissionType:0
12-17 19:33:13.537  1795  1821 I WindowManger_keyguard: Setting mDismissKeyguard true by win Window{e6a6b5e u0 com.android.incallui/com.android.incallui.InCallActivity}
12-17 19:33:13.538  1795  3110 I HwActivityManagerService: Split enqueueing broadcast [callerApp]:ProcessRecord{ec55919 3608:com.android.incallui/1001}
12-17 19:33:13.538  3608  3608 D InCall  : StatusBarNotifier - cancelInCall()...
12-17 19:33:13.539  1795  3253 I NotificationManager: cancelNotificationWithTag pid 3608,uid = 1001,tag = null,pkg =com.android.incallui,id =2
12-17 19:33:13.539  3608  3608 D InCall  : StatusBarNotifier - updateInCallNotification: timer cleared
12-17 19:33:13.541  3608  3608 I InCall  : ProximitySensor - ProximitySensor{keybrd=0, dpad=0, offhook=1, hor=0, ui=1, aud=EARPIECE}
12-17 19:33:13.541  3608  3608 D InCall  : ProximitySensor - Turning on proximity sensor
12-17 19:33:13.541  3608  3608 I InCall  : ProximitySensor - Proximity wake lock already acquired
12-17 19:33:13.541  3608  3608 D InCall  : AnswerPresenter - onUiShowingtrue
12-17 19:33:13.541  3608  3608 D InCall  : AnswerPresenter - onCallListChange callList=com.android.incallui.CallList@86c7f97
12-17 19:33:13.541  3608  3608 D HwCust  : Create obj success use class com.android.incallui.HwCustAnswerPresenterImpl
12-17 19:33:13.542  1795  1795 I NotificationManager: cancelNotification,index:1
12-17 19:33:13.542  1795  1795 I NotificationManager: cancelNotification,cancelNotificationLocked,callingUid = 1001,callingPid = 3608
12-17 19:33:13.542  1795  1795 I NotificationManager: cancelNotificationLocked called,tell the app,reason = 8
12-17 19:33:13.542  1795  1795 I NotificationManager: cancelNotificationLocked:0|com.android.incallui|2|null|1001
12-17 19:33:13.542  1795  1795 I NotificationManager: cancelNotificationLocked,remove =com.android.incallui
12-17 19:33:13.542  1795  1795 I NotificationManager: updateLightsLocked,mInCall =true,mScreenOn = true,ledNotification == null?false
12-17 19:33:13.542  1795  1795 I NotificationManager: updateLightsLocked,turn off notificationLight
12-17 19:33:13.542  1795  1795 I Sensor  : turn off notificationLight due to incall or screenon
12-17 19:33:13.542  1795  1795 I Sensor  : updateLight --> mIsNotificationExisting: false ledOnMS: 0 ledOffMS :0
12-17 19:33:13.542  1795  1795 I Sensor  : updateLightsLocked --> level:78, status:3
12-17 19:33:13.542  1795  1795 I Sensor  : updateLightsLocked --> mBatteryLight.turnOff
12-17 19:33:13.542  1795  1795 D HwPFWLogger: PFW.HwPFWService:mBroadcastReceiver action = android.intent.action.SCREEN_ON
12-17 19:33:13.543  3608  3608 D InCall  : AnswerPresenter - onCallListChange callList=com.android.incallui.CallList@86c7f97
12-17 19:33:13.544  1795  2708 D HwPFWLogger: PFW.HwPFWService:handle PFW_MSG_SYSTEM
12-17 19:33:13.544  1795  2708 D HwPFWLogger: PFW.HwPFWAppRestartPolicy:receive action = android.intent.action.SCREEN_ON
