12-17 19:32:30.871  2852  2852 I BackgrounCallingLayout: simCount:2 phoneState:2
12-17 19:32:30.872  2852  2852 I BackgrounCallingLayout: updateCallLayout:isBackground=false, isInteractive=false
12-17 19:32:30.872  2852  2852 W HwPhoneStatusBar: mNotifyStateChangedReceiver do nothing
12-17 19:32:30.872  2852  2852 I HwPhoneStatusBar: mNotifyStateChangedReceiver::onReceive:action=InCallScreenIsForegroundActivity, mBackgroundState=false
12-17 19:32:30.881  2852  2852 I BadgedIconHelper: isCloneProcess = false
12-17 19:32:30.882  2852  2852 I BadgedIconHelper: isCloneProcess = false
12-17 19:32:30.887  2852  2852 I NotificationContentView: transferRemoteInputFocus: 0
12-17 19:32:30.888  2852  2852 I NotificationContentView: transferRemoteInputFocus: 0
12-17 19:32:30.889  2852  2852 I StackScrollAlgorithm: overlapAmount:763.6, previousNotificationEnd:607.0, newYTranslation:-156.59998, location:2, i:1, getTopPadding:499.0, getLocationOnScreen():-36
12-17 19:32:30.889  2852  2852 I StackScrollAlgorithm: updateClipping isOverlap:true
12-17 19:32:30.889  2852  2852 I StackScrollAlgorithm: updateDimmedActivatedHideSensitive overlap:true
12-17 19:32:30.889  2852  2852 I NotificationContentView: transferRemoteInputFocus: 1
12-17 19:32:30.890  2852  2852 I HwExpandableNotificationRowHelper: unclear notification ,notificationPkgName:com.android.incallui key:0|com.android.incallui|2|null|1001
12-17 19:32:30.890  2852  2852 I ActivatableNotificationView: setOverlap mOverlap:true, mDimmed:false
12-17 19:32:30.890  2852  2852 I ActivatableNotificationView: setOverlap mOverlap:true, mDimmed:false
12-17 19:32:30.892  3180  3332 I WakelockMonitor: start wakelock monitor.
12-17 19:32:30.892  3180  3578 I ScreenLockClean: call busy and not start clean apps.
12-17 19:32:30.893  3180  3578 I ash     : ash->screen off
12-17 19:32:30.894  3180  3578 I ash     : Default InputMethod : com.baidu.input_huawei
12-17 19:32:30.894  3180  3578 I ash     : screen off inputmethod, delay to hibernation
12-17 19:32:30.894  3180  3578 I ThermalStateManager: handle action thermal policy:301
12-17 19:32:30.897  1795  3957 E IzatSvc_OSObserver: I/LocTech-Label :: OSOBSERVER :: Data Items In
12-17 19:32:30.897  1795  3957 E IzatSvc_OSObserver: I/LocTech-Value :: Data Item Value: IS_SCREEN_ON: false
12-17 19:32:30.907  3879  3879 I HwLauncher: Launcher receiver screen off broadcast sendmessage true
12-17 19:32:30.909  2852  2852 D NetworkController.MobileSignalController(0): mSimSubId:0 onDataActivity: direction=0
12-17 19:32:30.913  1795 11747 I AlarmManager: set(PendingIntent{d53ba7c: PendingIntentRecord{601e5f3 com.huawei.indexsearch.observer broadcastIntent}}) : type=2 triggerAtTime=443487276 win=60000 tElapsed=443487276 maxElapsed=443547276 interval=0 flags=0x8
12-17 19:32:30.922  3180  4303 I AwareLog: MemoryRecoveryDMEPlugin: reportScene typeId = 2002
12-17 19:32:30.922  3180  4303 I AwareLog: MemoryRecoveryDMEPlugin: receive sceen off event
12-17 19:32:30.927  3626  3626 I HourObserver: enter into handleScrnOnOffTimeStats, scrnOn = false, mIsPreScrnOn = true, mScrnSwitchTime = 1481974350268, occurTime = 1481974350926, delta = 658, mScrnOffAccTime = 1765420, mScrnOnAccTime = 120431
12-17 19:32:30.927  3626  3626 I HourObserver: left handleScrnOnOffTimeStats, mScrnOffAccTime = 1765420, mScrnOffAccTime = 1765420, mScrnOnAccTime = 121089
12-17 19:32:30.931  3626  3626 I iMonitor: create: 903001010
12-17 19:32:30.933  3626  3626 I iMonitor: send: 903001010
12-17 19:32:30.934   818  1152 I logserver: handle_exception_events enter
12-17 19:32:30.935  3626  3770 I LSC_903001010: process buffer and get message
12-17 19:32:30.937  7741  7741 D Mms_TX_NOTIFY: Get no-perm notification callback android.intent.action.SCREEN_OFF
12-17 19:32:30.943  3626  3753 I LogCollectService: msg = 103 received
12-17 19:32:30.946  3466  3466 I Contacts: DialpadFragment mBroadcastReceiver action:android.intent.action.SCREEN_OFF
12-17 19:32:30.959  1795 17832 D StubTelephonyRegistry: uid:10028 pid:16628 PhoneStateListener.LISTEN_CELL_LOCATION:16 events:0
12-17 19:32:30.965  7741  7758 D TmoMonitor: Cache monitor msg as screen_off
12-17 19:32:30.993 10324 10324 D MagicLink: MagicLink2-BroadcastReceiver:====>ACTION_SCREEN_OFF
12-17 19:32:31.002  1795  2332 I qti_sensors_hal: [ACC]processReportInd: X: 7.276532 Y: 6.947028 Z: 2.612015  x_offset:0.160831 y_offset:0.184366 z_offset:0.985027
12-17 19:32:31.034  1795  1795 D PowerManagerService: Releasing suspend blocker "PowerManagerService.Broadcasts".
12-17 19:32:31.039  1795  3237 W ActivityManager: getRunningAppProcesses: caller 10105 does not hold REAL_GET_TASKS; limiting output
12-17 19:32:31.060  7741  7758 D TmoMonitor: Cache monitor msg as screen_off
12-17 19:32:31.082  1795  2728 D HwArpVerifier: performPollAndLog:
12-17 19:32:31.086  1795  2728 D hw_netstat: total/954/427,com.huawei.espacev2/827/368,unknown:0/127/59
12-17 19:32:31.089  1795  2728 E HwCHRWebMonitor: WebMonitor [mNetWorkIsSuck=0 mUIDIsSuck=]  WebSpeed [WEBSENDSEGS=0  WEBRESENDSEGS=0  WEBRECVSEGS=0  WEBERRSEGS=0  WEBOUTRSTS=0  WEBESTABLISRST=0  WEBRTTDURATION=0  WEBRTTSEGS=0  WEBSRTT=250  WEBSNDDUPACKS=0  SENDSEGS=5  RESENDSEGS=0  RECVSEGS=4  ERRSEGS=0  OUTRSTS=0  ESTABLISRST=0  RTTDURATION=2  RTTSEGS=2  SNDDUPACKS=0  suckTimes=0 recovage_times=0]
12-17 19:32:31.089  1795  2728 E HwCHRWifiRSSIGroupSummery: updateTcpSummery mRSSI:-57  HwCHRWifiRSSIGroup [rssi_index=4, rtt_tcp_packets=64, rtt_tcp_duration=525, rtt_lan_duration=172, rtt_lan_failures=0, rtt_lan_succ=4, rtt_lan_max=124, rtt_lan_min=14,same_area_frequency=0,adjacent_area_frequency=0]
12-17 19:32:31.090  1795  2728 D WifiHW  : wifi_send_command: cmd:'IFNAME=wlan0 PKTCNT_POLL'
12-17 19:32:31.090  5215  5215 D wpa_supplicant: wlan0: Control interface command 'PKTCNT_POLL'
12-17 19:32:31.103  7741  7758 D TmoMonitor: Cache monitor msg as screen_off
12-17 19:32:31.103  5215  5215 D wpa_supplicant: CTRL-DEBUG: global_ctrl_sock-sendto: sock=16 sndbuf=229376 outq=0 send_len=34
12-17 19:32:31.105  1795  2728 E HwCHRWebMonitor: HwCHRWifiPacketCnt [mTXGood=6, mTXbad=0, mRXGood=5] rssi=-57
12-17 19:32:31.106  1795  2728 E HwCHRWebMonitor: running processName=com.android.incallui
12-17 19:32:31.108  1795  2728 E HwCHRWebMonitor: HwCHRWifiUIDWebSpeed [appName=com.huawei.espacev2 UID=10102  WEBSENDSEGS=0  WEBRESENDSEGS=0  WEBRECVSEGS=0  WEBERRSEGS=0  WEBOUTRSTS=0  WEBESTABLISRST=0  WEBRTTDURATION=0  WEBRTTSEGS=0  WEBSNDDUPACKS=0  suckTimes=0 recovage_times=0]
12-17 19:32:31.108  1795  2728 D HwArpVerifier: doCheckAccessInternet
12-17 19:32:31.108  1795  2728 D HwArpVerifier: mAccessWebStatus : rx = 0, tx = 0
12-17 19:32:31.108  1795  2728 D HwArpVerifier: getDNSFailedCntDiff  dnsNewFailCnt =  1001, aws.getOldDnsFailedCnt() = 1001, dnsDiff = 0
12-17 19:32:31.159  7741  7758 D TmoMonitor: Cache monitor msg as screen_off
12-17 19:32:31.198  1795  2332 I qti_sensors_hal: [ACC]processReportInd: X: 7.370679 Y: 6.593985 Z: -0.200925  x_offset:0.160831 y_offset:0.184366 z_offset:0.985027
12-17 19:32:31.292  2852  2852 D DateTimeView: Change to single clock mode!
12-17 19:32:31.296  2852  2852 D DateTimeView: Change to single clock mode!
12-17 19:32:31.300   633   692 I eSpaceService: Watch Thread{4481} LoginC.doWatch(LoginC.java:1459) Login_By_Step-> watch count =  0
12-17 19:32:31.395  1795  2332 I qti_sensors_hal: [ACC]processReportInd: X: 6.601834 Y: 6.460623 Z: -1.275097  x_offset:0.160831 y_offset:0.184366 z_offset:0.985027
12-17 19:32:31.400 31949 31967 I TCP     : msg.recv{4791} TcpClientThread.onRecv(TcpClientThread.java:515) TCP Msg 659TCP_OK
12-17 19:32:31.402 31949 31967 I ECS     : msg.recv{4791} XmlMsg.decodeBuf(XmlMsg.java:237) RECV 663 bytes [12]_00_03_02_05_01_04_81_BA_F1_40_50_D8 cmdCode(CC_PCheckVersion.0x0501)msgType(MT_ACK.2)msgClass(MC_Push.5)sender(ST_Mobile.0)crypted(false)zipped(false)nobase64(true)length(659)version(3)sno(81BA)
12-17 19:32:31.439  3782 20387 V AudioManager: isMusicActive...
12-17 19:32:31.440  3782 20387 V AudioManager: isWiredHeadsetOn...
12-17 19:32:31.590  1795  2332 I qti_sensors_hal: [ACC]processReportInd: X: 6.735211 Y: 6.429236 Z: -1.128266  x_offset:0.160831 y_offset:0.184366 z_offset:0.985027
12-17 19:32:31.787  1795  2332 I qti_sensors_hal: [ACC]processReportInd: X: 6.695981 Y: 6.797965 Z: -0.386400  x_offset:0.160831 y_offset:0.184366 z_offset:0.985027
12-17 19:32:31.866  7741  7758 D TmoMonitor: Cache monitor msg as screen_off
12-17 19:32:31.983  1795  2332 I qti_sensors_hal: [ACC]processReportInd: X: 8.178739 Y: 6.915656 Z: 1.027804  x_offset:0.160831 y_offset:0.184366 z_offset:0.985027
12-17 19:32:32.179  1795  2332 I qti_sensors_hal: [ACC]processReportInd: X: 6.774442 Y: 6.327246 Z: 2.774297  x_offset:0.160831 y_offset:0.184366 z_offset:0.985027
12-17 19:32:32.299  7741  7758 D TmoMonitor: Cache monitor msg as screen_off
12-17 19:32:32.375  1795  2332 I qti_sensors_hal: [ACC]processReportInd: X: 6.593991 Y: 6.350791 Z: 2.952046  x_offset:0.160831 y_offset:0.184366 z_offset:0.985027
12-17 19:32:32.571  1795  2332 I qti_sensors_hal: [ACC]processReportInd: X: 6.954877 Y: 6.656760 Z: 3.292062  x_offset:0.160831 y_offset:0.184366 z_offset:0.985027
12-17 19:32:32.575  5224  5224 I Step_LSC: 20002302|onStandStepChanged 65564
12-17 19:32:32.576  5224  5224 I Step_LSC: 20002302|compensate received
12-17 19:32:32.579  5224  5283 I Step_DataCache: 20002302|getTodayTotalSteps 4188
12-17 19:32:32.580  5224  5283 I Step_ExtendStepDataManager: 20002302|before compensate: cache step_4188
12-17 19:32:32.583  5224  5283 I Step_DataCache: 20002302|getTodayTotalSteps 4188
12-17 19:32:32.584  5224  5283 I Step_ExtendStepDataManager: 20002302|compensate 24699572 8
12-17 19:32:32.587  5224  5283 I Step_DataCache: 20002302|getTodayTotalSteps 4189
12-17 19:32:32.588  5224  5283 I Step_ExtendStepDataManager: 20002302|after compensate: cache step_4189
12-17 19:32:32.676  5224  5283 I Step_LSC: 20002302|REPORT : 4189 89506 2985 0
12-17 19:32:32.677  5224  5283 I SendBroadcastPermission: action:android.com.huawei.bone.NOTIFY_SPORT_DATA, mPermissionType:0
12-17 19:32:32.679  5224  5283 I SendBroadcastPermission: action:android.com.huawei.bone.NOTIFY_SPORT_DATA, mPermissionType:0
12-17 19:32:32.681  1795  3238 I HwActivityManagerService: Split enqueueing broadcast [callerApp]:ProcessRecord{580cfb2 5224:com.huawei.health:DaemonService/u0a99}
12-17 19:32:32.683  2852  2852 I EventCenter: EventCenter Get :android.com.huawei.bone.NOTIFY_SPORT_DATA
12-17 19:32:32.683  2852  2852 D StepCounterView: onStepCounterChange stepsNum:4189
12-17 19:32:32.683  5224  5283 I Step_HSNH: 20002302|upDateHealthNotification()|90|2.98|4189
12-17 19:32:32.685  5224  5283 I Step_HSNH: 20002302|rebuild notification
12-17 19:32:32.692  1795  2778 I NotificationManager: enqueueNotificationInternal: pkg=com.huawei.health id=10010 notification=Notification(pri=0 contentView=null vibrate=null sound=null defaults=0x0 flags=0x2 color=0x00000000 vis=PRIVATE)
12-17 19:32:32.694  1795  1795 I NotificationManager: enqueueNotificationInternal: n.getKey = 0|com.huawei.health|10010|null|10099
12-17 19:32:32.696  1795  1795 V NotificationService: disableEffects=null canInterrupt=false once update: false
12-17 19:32:32.698  1795  1795 I TrafficMonitor: update:rxPkts:0,txPkts:0,rxBytes:0,txBytes:0
12-17 19:32:32.698  1795  1795 I TrafficMonitor: start expired. level:-1
12-17 19:32:32.698  1795  1795 I TrafficMonitor: gettimer:interval=2000
12-17 19:32:32.702  2852  2852 I StatusBar: onNotificationPosted: StatusBarNotification(pkg=com.huawei.health user=UserHandle{0} id=10010 tag=null key=0|com.huawei.health|10010|null|10099: Notification(pri=0 contentView=null vibrate=null sound=null defaults=0x0 flags=0x62 color=0x00000000 vis=PRIVATE)) important=2, post=1481974352692, when=1481531589202, vis=0, userid=0
12-17 19:32:32.703  2852  2852 D StatusBar: updateNotification(StatusBarNotification(pkg=com.huawei.health user=UserHandle{0} id=10010 tag=null key=0|com.huawei.health|10010|null|10099: Notification(pri=0 contentView=null vibrate=null sound=null defaults=0x0 flags=0x62 color=0x00000000 vis=PRIVATE)))
