12-17 19:35:16.490  5215  5215 D wpa_supplicant: Beacon IEs - hexdump(len=194): 00 0f 48 75 61 77 65 69 2d 45 6d 70 6c 6f 79 65 65 01 08 82 84 0b 16 0c 12 18 24 03 01 0d 05 04 ...
12-17 19:35:16.490  5215  5215 D wpa_supplicant: 80:38:bc:0a:f1:a1 freq=2412 qual=0 noise=-89~ level=-88 snr=1 flags=0xb age=0 est=6500
12-17 19:35:16.490  5215  5215 D wpa_supplicant: IEs - hexdump(len=194): 00 0f 48 75 61 77 65 69 2d 45 6d 70 6c 6f 79 65 65 01 08 82 84 0b 16 0c 12 18 24 03 01 01 05 04 ...
12-17 19:35:16.490  5215  5215 D wpa_supplicant: Beacon IEs - hexdump(len=194): 00 0f 48 75 61 77 65 69 2d 45 6d 70 6c 6f 79 65 65 01 08 82 84 0b 16 0c 12 18 24 03 01 01 05 04 ...
12-17 19:35:16.490  5215  5215 D wpa_supplicant: 80:38:bc:0b:04:40 freq=2472 qual=0 noise=-89~ level=-91 snr=-2 flags=0xb age=0 est=6500
12-17 19:35:16.490  5215  5215 D wpa_supplicant: IEs - hexdump(len=193): 00 0e 77 6c 61 6e 61 63 63 65 73 73 76 32 2e 30 01 08 82 84 0b 16 0c 12 18 24 03 01 0d 05 04 00 ...
12-17 19:35:16.491  5215  5215 D wpa_supplicant: Beacon IEs - hexdump(len=193): 00 0e 77 6c 61 6e 61 63 63 65 73 73 76 32 2e 30 01 08 82 84 0b 16 0c 12 18 24 03 01 0d 05 04 00 ...
12-17 19:35:16.491  5215  5215 D wpa_supplicant: 80:38:bc:0b:37:21 freq=2412 qual=0 noise=-89~ level=-92 snr=-3 flags=0xb age=0 est=6500
12-17 19:35:16.491  5215  5215 D wpa_supplicant: IEs - hexdump(len=194): 00 0f 48 75 61 77 65 69 2d 45 6d 70 6c 6f 79 65 65 01 08 82 84 0b 16 0c 12 18 24 03 01 01 05 04 ...
12-17 19:35:16.491  5215  5215 D wpa_supplicant: Beacon IEs - hexdump(len=194): 00 0f 48 75 61 77 65 69 2d 45 6d 70 6c 6f 79 65 65 01 08 82 84 0b 16 0c 12 18 24 03 01 01 05 04 ...
12-17 19:35:16.491  5215  5215 D wpa_supplicant: 80:38:bc:0a:f9:81 freq=2412 qual=0 noise=-89~ level=-93 snr=-4 flags=0xb age=0 est=6500
12-17 19:35:16.491  5215  5215 D wpa_supplicant: IEs - hexdump(len=194): 00 0f 48 75 61 77 65 69 2d 45 6d 70 6c 6f 79 65 65 01 08 82 84 0b 16 0c 12 18 24 03 01 01 05 04 ...
12-17 19:35:16.491  5215  5215 D wpa_supplicant: Beacon IEs - hexdump(len=194): 00 0f 48 75 61 77 65 69 2d 45 6d 70 6c 6f 79 65 65 01 08 82 84 0b 16 0c 12 18 24 03 01 01 05 04 ...
12-17 19:35:16.491  5215  5215 D wpa_supplicant: 80:38:bc:08:39:c0 freq=2412 qual=0 noise=-89~ level=-94 snr=-5 flags=0xb age=0 est=6500
12-17 19:35:16.491  5215  5215 D wpa_supplicant: IEs - hexdump(len=193): 00 0e 77 6c 61 6e 61 63 63 65 73 73 76 32 2e 30 01 08 82 84 0b 16 0c 12 18 24 03 01 01 05 04 00 ...
12-17 19:35:16.491  5215  5215 D wpa_supplicant: Beacon IEs - hexdump(len=193): 00 0e 77 6c 61 6e 61 63 63 65 73 73 76 32 2e 30 01 08 82 84 0b 16 0c 12 18 24 03 01 01 05 04 00 ...
12-17 19:35:16.491  5215  5215 D wpa_supplicant: 80:38:bc:0a:f0:c0 freq=2452 qual=0 noise=-89~ level=-94 snr=-5 flags=0xb age=0 est=6500
12-17 19:35:16.491  5215  5215 D wpa_supplicant: IEs - hexdump(len=193): 00 0e 77 6c 61 6e 61 63 63 65 73 73 76 32 2e 30 01 08 82 84 0b 16 0c 12 18 24 03 01 09 05 04 00 ...
12-17 19:35:16.492  5215  5215 D wpa_supplicant: Beacon IEs - hexdump(len=193): 00 0e 77 6c 61 6e 61 63 63 65 73 73 76 32 2e 30 01 08 82 84 0b 16 0c 12 18 24 03 01 09 05 04 00 ...
12-17 19:35:16.492  5215  5215 D wpa_supplicant: wlan0: BSS: Start scan result update 113
12-17 19:35:16.492  5215  5215 D wpa_supplicant: wlan0: BSS: Add new id 522 BSSID 80:38:bc:0a:f1:40 SSID 'wlanaccessv2.0' freq 2412
12-17 19:35:16.492  5215  5215 D wpa_supplicant: CTRL-DEBUG: ctrl_sock-sendmsg: sock=16 sndbuf=229376 outq=0 send_len=42
12-17 19:35:16.492  5215  5215 D wpa_supplicant: CTRL_IFACE monitor sent successfully to /data/misc/wifi/sockets/wpa_ctrl_1795-194\x00
12-17 19:35:16.493  5215  5215 D wpa_supplicant: wlan0: BSS: Add new id 523 BSSID 80:38:bc:0a:f0:60 SSID 'wlanaccessv2.0' freq 2432
12-17 19:35:16.493  5215  5215 D wpa_supplicant: CTRL-DEBUG: ctrl_sock-sendmsg: sock=16 sndbuf=229376 outq=0 send_len=42
12-17 19:35:16.493  1795  5219 D WifiMonitor: Dispatching event to interface: wlan0
12-17 19:35:16.493  5215  5215 D wpa_supplicant: CTRL_IFACE monitor sent successfully to /data/misc/wifi/sockets/wpa_ctrl_1795-194\x00
12-17 19:35:16.493  5215  5215 D wpa_supplicant: wlan0: BSS: Add new id 524 BSSID 80:38:bc:0a:f9:40 SSID 'wlanaccessv2.0' freq 2452
12-17 19:35:16.493  1795  5219 D WifiMonitor: Dispatching event to interface: wlan0
12-17 19:35:16.493  5215  5215 D wpa_supplicant: CTRL-DEBUG: ctrl_sock-sendmsg: sock=16 sndbuf=229376 outq=0 send_len=42
12-17 19:35:16.493  5215  5215 D wpa_supplicant: CTRL_IFACE monitor sent successfully to /data/misc/wifi/sockets/wpa_ctrl_1795-194\x00
12-17 19:35:16.493  1795  5219 D WifiMonitor: Dispatching event to interface: wlan0
12-17 19:35:16.493  5215  5215 D wpa_supplicant: wlan0: BSS: Add new id 525 BSSID 80:38:bc:0a:f1:a1 SSID 'Huawei-Employee' freq 2412
12-17 19:35:16.493  5215  5215 D wpa_supplicant: CTRL-DEBUG: ctrl_sock-sendmsg: sock=16 sndbuf=229376 outq=0 send_len=42
12-17 19:35:16.493  5215  5215 D wpa_supplicant: CTRL_IFACE monitor sent successfully to /data/misc/wifi/sockets/wpa_ctrl_1795-194\x00
12-17 19:35:16.493  1795  5219 D WifiMonitor: Dispatching event to interface: wlan0
12-17 19:35:16.493  5215  5215 D wpa_supplicant: wlan0: BSS: Add new id 526 BSSID 80:38:bc:08:39:c0 SSID 'wlanaccessv2.0' freq 2412
12-17 19:35:16.494  5215  5215 D wpa_supplicant: CTRL-DEBUG: ctrl_sock-sendmsg: sock=16 sndbuf=229376 outq=0 send_len=42
12-17 19:35:16.494  5215  5215 D wpa_supplicant: CTRL_IFACE monitor sent successfully to /data/misc/wifi/sockets/wpa_ctrl_1795-194\x00
12-17 19:35:16.494  1795  5219 D WifiMonitor: Dispatching event to interface: wlan0
12-17 19:35:16.494  5215  5215 D wpa_supplicant: wlan0: BSS: Add new id 527 BSSID 80:38:bc:0a:f0:c0 SSID 'wlanaccessv2.0' freq 2452
12-17 19:35:16.494  5215  5215 D wpa_supplicant: CTRL-DEBUG: ctrl_sock-sendmsg: sock=16 sndbuf=229376 outq=0 send_len=42
12-17 19:35:16.494  5215  5215 D wpa_supplicant: CTRL_IFACE monitor sent successfully to /data/misc/wifi/sockets/wpa_ctrl_1795-194\x00
12-17 19:35:16.494  5215  5215 D wpa_supplicant: wlan0: BSS: Remove id 509 BSSID 80:38:bc:08:42:e0 SSID 'wlanaccessv2.0' due to no match in scan
12-17 19:35:16.494  1795  5219 D WifiMonitor: Dispatching event to interface: wlan0
12-17 19:35:16.494  5215  5215 D wpa_supplicant: CTRL-DEBUG: ctrl_sock-sendmsg: sock=16 sndbuf=229376 outq=0 send_len=44
12-17 19:35:16.494  5215  5215 D wpa_supplicant: CTRL_IFACE monitor sent successfully to /data/misc/wifi/sockets/wpa_ctrl_1795-194\x00
12-17 19:35:16.494  5215  5215 D wpa_supplicant: wlan0: BSS: Remove id 510 BSSID 80:38:bc:0b:2b:e1 SSID 'Huawei-Employee' due to no match in scan
12-17 19:35:16.494  1795  5219 D WifiMonitor: Dispatching event to interface: wlan0
12-17 19:35:16.494  5215  5215 D wpa_supplicant: CTRL-DEBUG: ctrl_sock-sendmsg: sock=16 sndbuf=229376 outq=0 send_len=44
12-17 19:35:16.494  5215  5215 D wpa_supplicant: CTRL_IFACE monitor sent successfully to /data/misc/wifi/sockets/wpa_ctrl_1795-194\x00
12-17 19:35:16.494  1795  5219 D WifiMonitor: Dispatching event to interface: wlan0
12-17 19:35:16.494  5215  5215 D wpa_supplicant: wlan0: BSS: Remove id 500 BSSID 80:38:bc:08:42:c0 SSID 'wlanaccessv2.0' due to no match in scan
12-17 19:35:16.494  5215  5215 D wpa_supplicant: CTRL-DEBUG: ctrl_sock-sendmsg: sock=16 sndbuf=229376 outq=0 send_len=44
12-17 19:35:16.495  5215  5215 D wpa_supplicant: CTRL_IFACE monitor sent successfully to /data/misc/wifi/sockets/wpa_ctrl_1795-194\x00
12-17 19:35:16.495  1795  5219 D WifiMonitor: Dispatching event to interface: wlan0
12-17 19:35:16.495  5215  5215 D wpa_supplicant: wlan0: BSS: Remove id 511 BSSID 80:38:bc:0b:29:e1 SSID 'Huawei-Employee' due to no match in scan
12-17 19:35:16.495  5215  5215 D wpa_supplicant: CTRL-DEBUG: ctrl_sock-sendmsg: sock=16 sndbuf=229376 outq=0 send_len=44
12-17 19:35:16.495  5215  5215 D wpa_supplicant: CTRL_IFACE monitor sent successfully to /data/misc/wifi/sockets/wpa_ctrl_1795-194\x00
12-17 19:35:16.495  1795  5219 D WifiMonitor: Dispatching event to interface: wlan0
12-17 19:35:16.495  5215  5215 D wpa_supplicant: wlan0: BSS: Remove id 485 BSSID 80:38:bc:0b:2b:e0 SSID 'wlanaccessv2.0' due to no match in scan
12-17 19:35:16.495  5215  5215 D wpa_supplicant: CTRL-DEBUG: ctrl_sock-sendmsg: sock=16 sndbuf=229376 outq=0 send_len=44
12-17 19:35:16.495  5215  5215 D wpa_supplicant: CTRL_IFACE monitor sent successfully to /data/misc/wifi/sockets/wpa_ctrl_1795-194\x00
12-17 19:35:16.495  1795  5219 D WifiMonitor: Dispatching event to interface: wlan0
12-17 19:35:16.495  5215  5215 D wpa_supplicant: wlan0: BSS: Remove id 474 BSSID 80:38:bc:0b:29:e0 SSID 'wlanaccessv2.0' due to no match in scan
12-17 19:35:16.495  5215  5215 D wpa_supplicant: CTRL-DEBUG: ctrl_sock-sendmsg: sock=16 sndbuf=229376 outq=0 send_len=44
12-17 19:35:16.495  5215  5215 D wpa_supplicant: CTRL_IFACE monitor sent successfully to /data/misc/wifi/sockets/wpa_ctrl_1795-194\x00
12-17 19:35:16.495  1795  5219 D WifiMonitor: Dispatching event to interface: wlan0
12-17 19:35:16.495  5215  5215 D wpa_supplicant: wlan0: BSS: Remove id 501 BSSID 80:38:bc:0a:ef:41 SSID 'Huawei-Employee' due to no match in scan
12-17 19:35:16.495  5215  5215 D wpa_supplicant: CTRL-DEBUG: ctrl_sock-sendmsg: sock=16 sndbuf=229376 outq=0 send_len=44
12-17 19:35:16.495  5215  5215 D wpa_supplicant: CTRL_IFACE monitor sent successfully to /data/misc/wifi/sockets/wpa_ctrl_1795-194\x00
12-17 19:35:16.496  1795  5219 D WifiMonitor: Dispatching event to interface: wlan0
12-17 19:35:16.496  5215  5215 D wpa_supplicant: wlan0: BSS: Remove id 441 BSSID 80:38:bc:0a:fa:e0 SSID 'wlanaccessv2.0' due to no match in scan
12-17 19:35:16.496  5215  5215 D wpa_supplicant: CTRL-DEBUG: ctrl_sock-sendmsg: sock=16 sndbuf=229376 outq=0 send_len=44
12-17 19:35:16.496  5215  5215 D wpa_supplicant: CTRL_IFACE monitor sent successfully to /data/misc/wifi/sockets/wpa_ctrl_1795-194\x00
12-17 19:35:16.496  1795  5219 D WifiMonitor: Dispatching event to interface: wlan0
12-17 19:35:16.496  5215  5215 D wpa_supplicant: wlan0: BSS: Remove id 512 BSSID 80:38:bc:0b:14:41 SSID 'Huawei-Employee' due to no match in scan
12-17 19:35:16.496  5215  5215 D wpa_supplicant: CTRL-DEBUG: ctrl_sock-sendmsg: sock=16 sndbuf=229376 outq=0 send_len=44
12-17 19:35:16.496  5215  5215 D wpa_supplicant: CTRL_IFACE monitor sent successfully to /data/misc/wifi/sockets/wpa_ctrl_1795-194\x00
12-17 19:35:16.496  5215  5215 D wpa_supplicant: wlan0: BSS: Remove id 513 BSSID 80:38:bc:0b:29:61 SSID 'Huawei-Employee' due to no match in scan
12-17 19:35:16.496  1795  5219 D WifiMonitor: Dispatching event to interface: wlan0
12-17 19:35:16.496  5215  5215 D wpa_supplicant: CTRL-DEBUG: ctrl_sock-sendmsg: sock=16 sndbuf=229376 outq=0 send_len=44
12-17 19:35:16.496  5215  5215 D wpa_supplicant: CTRL_IFACE monitor sent successfully to /data/misc/wifi/sockets/wpa_ctrl_1795-194\x00
12-17 19:35:16.496  1795  5219 D WifiMonitor: Dispatching event to interface: wlan0
12-17 19:35:16.496  5215  5215 D wpa_supplicant: wlan0: BSS: Remove id 514 BSSID 80:38:bc:0b:19:61 SSID 'Huawei-Employee' due to no match in scan
12-17 19:35:16.496  5215  5215 D wpa_supplicant: CTRL-DEBUG: ctrl_sock-sendmsg: sock=16 sndbuf=229376 outq=0 send_len=44
12-17 19:35:16.496  5215  5215 D wpa_supplicant: CTRL_IFACE monitor sent successfully to /data/misc/wifi/sockets/wpa_ctrl_1795-194\x00
12-17 19:35:16.496  1795  5219 D WifiMonitor: Dispatching event to interface: wlan0
12-17 19:35:16.496  5215  5215 D wpa_supplicant: wlan0: BSS: Remove id 502 BSSID 80:38:bc:0a:ef:c1 SSID 'Huawei-Employee' due to no match in scan
12-17 19:35:16.496  5215  5215 D wpa_supplicant: CTRL-DEBUG: ctrl_sock-sendmsg: sock=16 sndbuf=229376 outq=0 send_len=44
12-17 19:35:16.497  5215  5215 D wpa_supplicant: CTRL_IFACE monitor sent successfully to /data/misc/wifi/sockets/wpa_ctrl_1795-194\x00
12-17 19:35:16.497  1795  5219 D WifiMonitor: Dispatching event to interface: wlan0
12-17 19:35:16.497  5215  5215 D wpa_supplicant: wlan0: BSS: Remove id 487 BSSID 80:38:bc:0b:14:40 SSID 'wlanaccessv2.0' due to no match in scan
12-17 19:35:16.497  5215  5215 D wpa_supplicant: CTRL-DEBUG: ctrl_sock-sendmsg: sock=16 sndbuf=229376 outq=0 send_len=44
12-17 19:35:16.497  5215  5215 D wpa_supplicant: CTRL_IFACE monitor sent successfully to /data/misc/wifi/sockets/wpa_ctrl_1795-194\x00
12-17 19:35:16.497  5215  5215 D wpa_supplicant: wlan0: BSS: Remove id 469 BSSID 80:38:bc:0b:36:e1 SSID 'Huawei-Employee' due to no match in scan
12-17 19:35:16.497  1795  5219 D WifiMonitor: Dispatching event to interface: wlan0
12-17 19:35:16.497  5215  5215 D wpa_supplicant: CTRL-DEBUG: ctrl_sock-sendmsg: sock=16 sndbuf=229376 outq=0 send_len=44
12-17 19:35:16.497  5215  5215 D wpa_supplicant: CTRL_IFACE monitor sent successfully to /data/misc/wifi/sockets/wpa_ctrl_1795-194\x00
12-17 19:35:16.497  1795  5219 D WifiMonitor: Dispatching event to interface: wlan0
