12-17 19:33:01.952  3608  3608 D InCall  : AnswerPresenter - onUiShowingtrue
12-17 19:33:01.952  2852  2852 I StackScrollAlgorithm: updateDimmedActivatedHideSensitive overlap:true
12-17 19:33:01.952  3608  3608 D InCall  : AnswerPresenter - onCallListChange callList=com.android.incallui.CallList@86c7f97
12-17 19:33:01.952  3608  3608 D HwCust  : Create obj success use class com.android.incallui.HwCustAnswerPresenterImpl
12-17 19:33:01.956  3608  3608 D InCall  : AnswerPresenter - onCallListChange callList=com.android.incallui.CallList@86c7f97
12-17 19:33:01.956  2852  2852 I BackgrounCallingLayout: simCount:2 phoneState:2
12-17 19:33:01.956  2852  2852 I BackgrounCallingLayout: mCallingStatusReceiver:onReceive::action=InCallScreenIsForegroundActivity, isForegroundActivity=true, mPhoneState=2
12-17 19:33:01.956  2852  2852 I BackgrounCallingLayout: updateCallLayout:isBackground=false, isInteractive=false
12-17 19:33:01.957  2852  2852 I HwPhoneStatusBar: mNotifyStateChangedReceiver::onReceive:action=InCallScreenIsForegroundActivity, mBackgroundState=false
12-17 19:33:01.957  1795  1795 I HwScreenOnProximityLock: preparePoriximityView addView 
12-17 19:33:01.958  1795  1795 I HwPointEventFilter: do not support AFT because of no config
12-17 19:33:01.969   832  1840 E Parcel  : Reading a NULL string not supported here.
12-17 19:33:01.969   832  1840 E Parcel  : Reading a NULL string not supported here.
12-17 19:33:01.970  1795  1795 D WindowManager: ACTIVITY check resid: android, size=8
12-17 19:33:01.970  1795  1795 V HwPhoneWindowManager: updateSystemUiColorLw window=Window{2918562 u0 android},EmuiStyle=0,StatusBarColor=0x0,NavigationBarColor=0x0, mLastIsEmuiLightStyle=-1
12-17 19:33:01.970  1795  1795 I WindowManger_windowChange: oldFocusWindow: Window{e71ca6c u0 com.android.phone}, currentFocusWindow: Window{2918562 u0 android}, currentFocusApp: AppWindowToken{844a0b2 token=Token{2fd6a14 ActivityRecord{b46dc67 u0 com.android.incallui/.InCallActivity t310}}}
12-17 19:33:01.971  1795  3249 D PowerManagerService: ready=false,policy=3,wakefulness=3,wksummary=0x11,uasummary=0x1,bootcompleted=true,boostinprogress=false,waitmodeenable=false,mode=true,manual=33,auto=-1,adj=0.0userId=0
12-17 19:33:01.971  1795  3249 D PowerManagerService: Acquiring suspend blocker "PowerManagerService.WakeLocks".
12-17 19:33:01.973  1795 16499 D PowerManagerService: ready=false,policy=3,wakefulness=3,wksummary=0x11,uasummary=0x1,bootcompleted=true,boostinprogress=false,waitmodeenable=false,mode=true,manual=33,auto=-1,adj=0.0userId=0
12-17 19:33:01.973  1795 20747 D PowerManagerService: ready=false,policy=3,wakefulness=3,wksummary=0x11,uasummary=0x1,bootcompleted=true,boostinprogress=false,waitmodeenable=false,mode=true,manual=33,auto=-1,adj=0.0userId=0
12-17 19:33:01.973  3608  3608 D InCall  : InCallActivity - onResume()... end
12-17 19:33:01.973  3608  3608 I InCall  : VideoCallFragment - onResume
12-17 19:33:01.973  3608  3608 I InCall  : VideoCallPresenter - isVideoCallWorking, state is: 3
12-17 19:33:01.973  3608  3608 I InCall  : VideoCallFragment - onResume: Surface exist, resume videos
12-17 19:33:01.974  3608  3608 D InCall  : VideoCallPresenter - resumeVideo: Error bad state mPrimaryCall=[Call_10, ACTIVE, [Capabilities: CAPABILITY_HOLD CAPABILITY_SUPPORT_HOLD CAPABILITY_MUTE CAPABILITY_CANNOT_DOWNGRADE_VIDEO_TO_AUDIO], children:[], parent:null, conferenceable:[], videoState:Audio Only, mSessionModificationState:0, VideoSettings:(CameraDir:-1)] mVideoCall=null
12-17 19:33:01.974  3608  3608 I InCall  : VTCallButtonFragment - --- onResume ---
12-17 19:33:01.974  3608  3608 I ActivityManager_activity: Resuming ActivityRecord{fd45985 token=android.os.BinderProxy@af8ea9b {com.android.incallui/com.android.incallui.InCallActivity}} with isForward=true,forwardBitChanged=true onlyLocalRequest=false
12-17 19:33:01.974  1795  1821 I WindowManger_keyguard: Setting mDismissKeyguard true by win Window{e6a6b5e u0 com.android.incallui/com.android.incallui.InCallActivity}
12-17 19:33:01.976  1795 16500 D PowerManagerService: ready=false,policy=3,wakefulness=3,wksummary=0x10,uasummary=0x1,bootcompleted=true,boostinprogress=false,waitmodeenable=false,mode=true,manual=33,auto=-1,adj=0.0userId=0
12-17 19:33:01.976  1795 16500 D PowerManagerService: Releasing suspend blocker "PowerManagerService.WakeLocks".
12-17 19:33:01.976  1795  1795 I TrafficMonitor: expired arrive. level:-1
12-17 19:33:01.977  2852  2925 I EventCenter: ContentChange for slot: 1
12-17 19:33:01.978  2852  2925 I EventCenter: ContentChange for slot: 1
12-17 19:33:01.978  2852  2925 I EventCenter: ContentChange for slot: 1
12-17 19:33:01.979  2852  2925 I EventCenter: ContentChange for slot: 1
12-17 19:33:01.980  1795  1795 I NotificationManager: mIntentReceiver-ACTION_SCREEN_ON
12-17 19:33:01.980  1795  1795 I NotificationManager: updateLightsLocked,mInCall =true,mScreenOn = true,ledNotification == null?true
12-17 19:33:01.980  1795  1795 I NotificationManager: updateLightsLocked,turn off notificationLight
12-17 19:33:01.980  1795  1795 I Sensor  : turn off notificationLight due to incall or screenon
12-17 19:33:01.980  1795  1795 I Sensor  : updateLight --> mIsNotificationExisting: false ledOnMS: 0 ledOffMS :0
12-17 19:33:01.980  1795  1795 I Sensor  : updateLightsLocked --> level:78, status:3
12-17 19:33:01.980  1795  1795 I Sensor  : updateLightsLocked --> mBatteryLight.turnOff
12-17 19:33:01.984  1795  1795 I NotificationManager: cancelNotification,index:0
12-17 19:33:01.984  1795  1795 I NotificationManager: cancelNotification,cancelNotificationLocked,callingUid = 1001,callingPid = 3608
12-17 19:33:01.984  1795  1795 I NotificationManager: cancelNotificationLocked called,tell the app,reason = 8
12-17 19:33:01.984  1795  1795 I NotificationManager: cancelNotificationLocked:0|com.android.incallui|2|null|1001
12-17 19:33:01.985  1795  1795 I NotificationManager: cancelNotificationLocked,remove =com.android.incallui
12-17 19:33:01.985  1795  1795 I NotificationManager: updateLightsLocked,mInCall =true,mScreenOn = true,ledNotification == null?true
12-17 19:33:01.985  1795  1795 I NotificationManager: updateLightsLocked,turn off notificationLight
12-17 19:33:01.985  1795  1795 I Sensor  : turn off notificationLight due to incall or screenon
12-17 19:33:01.985  1795  6985 I PowerManager_screenOn: PowerManagerService wakeUpNoUpdateLocked: eventTime=123065671, uid=1000
12-17 19:33:01.985  1795  1795 I Sensor  : updateLight --> mIsNotificationExisting: false ledOnMS: 0 ledOffMS :0
12-17 19:33:01.985  1795  1795 I Sensor  : updateLightsLocked --> level:78, status:3
12-17 19:33:01.985  1795  1795 I Sensor  : updateLightsLocked --> mBatteryLight.turnOff
12-17 19:33:01.985  1795  1809 D HwPhoneWindowManager: Transact:setSystemUIColor to status bar service
12-17 19:33:01.986  2852  2867 I CommandQueue: updateBarBgColor
12-17 19:33:01.986  2852  2867 D CommandQueue: CommandQueue, setBarBackgroundColor
12-17 19:33:01.986  1795  6985 I WindowManger_keyguard: Setting mDismissKeyguard true by win Window{e6a6b5e u0 com.android.incallui/com.android.incallui.InCallActivity}
12-17 19:33:01.986  1795  6988 D PowerManagerService: acquire lock=5152000, flags=0x1, tag="RILJ_ACK_WL", name=com.android.phone, ws=null, uid=1001, pid=3218
12-17 19:33:01.986  1795  6988 D PowerManagerService: ready=false,policy=3,wakefulness=3,wksummary=0x11,uasummary=0x1,bootcompleted=true,boostinprogress=false,waitmodeenable=false,mode=true,manual=33,auto=-1,adj=0.0userId=0
12-17 19:33:01.986  1795  6988 D PowerManagerService: Acquiring suspend blocker "PowerManagerService.WakeLocks".
12-17 19:33:01.988  1795  3110 D PowerManagerService: ready=false,policy=3,wakefulness=3,wksummary=0x11,uasummary=0x1,bootcompleted=true,boostinprogress=false,waitmodeenable=false,mode=true,manual=33,auto=-1,adj=0.0userId=0
12-17 19:33:01.989  1795  3111 D PowerManagerService: ready=false,policy=3,wakefulness=3,wksummary=0x11,uasummary=0x1,bootcompleted=true,boostinprogress=false,waitmodeenable=false,mode=true,manual=33,auto=-1,adj=0.0userId=0
12-17 19:33:01.989  1795  3225 D PowerManagerService: ready=false,policy=3,wakefulness=3,wksummary=0x11,uasummary=0x1,bootcompleted=true,boostinprogress=false,waitmodeenable=false,mode=true,manual=33,auto=-1,adj=0.0userId=0
12-17 19:33:01.990  1795  3237 D PowerManagerService: ready=false,policy=3,wakefulness=3,wksummary=0x11,uasummary=0x1,bootcompleted=true,boostinprogress=false,waitmodeenable=false,mode=true,manual=33,auto=-1,adj=0.0userId=0
12-17 19:33:01.993  1795 16501 I SendBroadcastPermission: action:android.intent.action.SIG_STR, mPermissionType:0
12-17 19:33:01.993  2852  2852 I TintManager: updateBarBgColor:emuiStyle=0,statusBarColor=#00000000,navigationBarColor=#00000000, isEmuiLight=-1
12-17 19:33:01.993  2852  2852 I HwPhoneStatusBarTransitions: restoreBackgroundColor:new=-16777216, old=0
12-17 19:33:01.994  2852  2852 I HwNavigationBarTransitions: restoreBackgroundColor:new=0, old=0
12-17 19:33:01.994  3858  4126 I amsnl   : csr
12-17 19:33:01.995  3858  4126 I amsnl   : t:false, fl: false, p: 2147483647000, ce: true, we: true
12-17 19:33:01.995  2852  2852 D TintManager: statusBarIconTint=#B3FFFFFF,navigationBarIconTint=#00000000
12-17 19:33:01.995  7741  7758 D TmoMonitor: Cache monitor msg as screen_off
12-17 19:33:01.996  2852  3556 I NetworkController.MobileSignalController(0): onSignalStrengthsChanged signalStrength=SignalStrength: -62 0 -1 255 -1 255 -1 255 255 99 2147483647 2147483647 2147483647 2147483647 2147483647 false gw|lte level=5 isSuspend=false levelOld=5,mSignalStrength level=5
12-17 19:33:01.996  2852  2914 I HwMobileSignalController: updateSignalStrength: signalStrength=SignalStrength: -62 0 -1 255 -1 255 -1 255 255 99 2147483647 2147483647 2147483647 2147483647 2147483647 false gw|lte
12-17 19:33:01.997  1795 16500 D wifiserviceimpl: netmask =16580607
12-17 19:33:01.997  3858  4126 I amsnl   : m1: false
12-17 19:33:01.999  1795 16232 W ActivityManager: getRunningAppProcesses: caller 10009 does not hold REAL_GET_TASKS; limiting output
12-17 19:33:01.999  3858  4126 I amsnl   : m2: false, m3: false
12-17 19:33:02.000  3858  4126 I amsnl   : c: true, w: true, t: false, l: false
12-17 19:33:02.002  3608  3608 D InCall  : CallCardFragment - onGlobalLayout
12-17 19:33:02.005  2852  2914 I HwMobileSignalController: subId:0 phoneType:1 networktype:16 targetClass:1 masterLevel:5 slaveLevel:-1
12-17 19:33:02.007  1795 16499 D PowerManagerService: ready=false,policy=3,wakefulness=3,wksummary=0x11,uasummary=0x1,bootcompleted=true,boostinprogress=false,waitmodeenable=false,mode=true,manual=33,auto=-1,adj=0.0userId=0
12-17 19:33:02.007  3608  3608 I InCall  : CallList - hasAnyLiveCall call = [Call_10, ACTIVE, [Capabilities: CAPABILITY_HOLD CAPABILITY_SUPPORT_HOLD CAPABILITY_MUTE CAPABILITY_CANNOT_DOWNGRADE_VIDEO_TO_AUDIO], children:[], parent:null, conferenceable:[], videoState:Audio Only, mSessionModificationState:0, VideoSettings:(CameraDir:-1)]
12-17 19:33:02.007  3608  3608 I InCall  : ProximitySensor - isDisplayOn: true
12-17 19:33:02.011  1795 17831 I qti_sensors_hal: flush,395,handle 0
12-17 19:33:02.011  1795 17831 I qti_sensors_hal: flush,260 handle 0
12-17 19:33:02.014  3218  3218 E HW-JPEG-DEC: [HME_JPEG_DEC_Delete](3298): HME_JPEG_DEC_Delete: decoder_ctx=null
12-17 19:33:02.018  1795  1795 D DeviceIdleController: updateDisplayLocked: screenOn=true
12-17 19:33:02.018  1795  1795 I DeviceIdleController: becomeActiveLocked, reason = screen
12-17 19:33:02.018  1795  1821 I ActivityManager_activity: Incall is gone
12-17 19:33:02.018  1795  1821 I ActivityManager_activity: windowsGone(): ActivityRecord{b46dc67 u0 com.android.incallui/.InCallActivity t310}
12-17 19:33:02.018  1795  1795 I AlarmManager: remove(null) changed bounds; rebatching
12-17 19:33:02.019  1795  1807 D DeviceIdleController: handleMessage(5)
12-17 19:33:02.021  1795  1795 D DeviceIdleController: stopMonitoringMotionLocked()
12-17 19:33:02.021  1795  1795 I AlarmManager: remove(null) changed bounds; rebatching
12-17 19:33:02.034  1795  1795 V SecInputMethodManagerService: Client requesting input be hidden, pid=1795
12-17 19:33:02.034  1795  1795 V InputMethodManagerService: Unspecified window will hide input
12-17 19:33:02.035  2852  2852 I PanelBar: collapsePanel:false
12-17 19:33:02.035  2852  2852 I PanelView: closeQs
