12-17 19:33:03.542  2852  2852 D BarTransitions.HwPhoneStatusBarView: applyModeBackground oldMode=MODE_OPAQUE newMode=MODE_TRANSLUCENT animate=false
12-17 19:33:03.543  2852  2852 I BarTransitions.HwNavigationBarView: transitionTo: mode=MODE_TRANSLUCENT, animate=false
12-17 19:33:03.543  2852  2852 I HwNavigationBarTransitions: transitionTo:mode=2, isEmuiStyle=false
12-17 19:33:03.543  2852  2852 I PhoneStatusBar: cancelAutohide
12-17 19:33:03.543  2852  2852 I PhoneStatusBar: notifyUiVisibilityChanged:vis=0xc0000300, SystemUiVisibility=0xc0000300
12-17 19:33:03.543  1795  1795 I NotificationManager: cancelNotification,index:0
12-17 19:33:03.544  1795  1795 I NotificationManager: cancelNotification,cancelNotificationLocked,callingUid = 1001,callingPid = 3608
12-17 19:33:03.544  1795  1795 I NotificationManager: cancelNotificationLocked called,tell the app,reason = 8
12-17 19:33:03.544  1795  1795 I NotificationManager: cancelNotificationLocked:0|com.android.incallui|2|null|1001
12-17 19:33:03.544  2852  2852 W DisabledFeatureUtils: Dis-Feature : 0
12-17 19:33:03.544   606  2379 E libteec : QSEECom_send_cmd return!
12-17 19:33:03.544   606  2379 E libteec : qsc_send_cmd finish
12-17 19:33:03.544   606  2379 E libteec : send data return = 128
12-17 19:33:03.544   835  2385 E libteec : receive data len = 128
12-17 19:33:03.544   835  2385 E libteec : begin
12-17 19:33:03.544   835  2385 E libteec : qsc_decode end
12-17 19:33:03.544   835  2385 D fpc_fingerprint_hal: worker idle
12-17 19:33:03.544  2852  2852 W DisabledFeatureUtils: Dis-Feature : 0
12-17 19:33:03.544  1795  1795 I NotificationManager: cancelNotificationLocked,remove =com.android.incallui
12-17 19:33:03.544   835  2385 D fpc_fingerprint_hal: workerFunction STATE_CANCEL
12-17 19:33:03.544   835  2385 E libteec : begin
12-17 19:33:03.544  2852  2852 I TintManager: updateBarBgColor:emuiStyle=1,statusBarColor=#00000000,navigationBarColor=#00000000, isEmuiLight=1
12-17 19:33:03.545  2852  2852 I HwPhoneStatusBarTransitions: setBackgroundColor:new=0, old=-16777216
12-17 19:33:03.545  2852  2852 I HwNavigationBarTransitions: setBackgroundColor:new=0, old=0
12-17 19:33:03.545  1795  1795 I NotificationManager: updateLightsLocked,mInCall =true,mScreenOn = false,ledNotification == null?true
12-17 19:33:03.545  1795  1795 I NotificationManager: updateLightsLocked,turn off notificationLight
12-17 19:33:03.545  1795  1795 I Sensor  : turn off notificationLight due to incall or screenon
12-17 19:33:03.545  1795  2326 W FingerprintService: client com.android.systemui is no longer authenticating
12-17 19:33:03.545  1795  1795 I Sensor  : updateLight --> mIsNotificationExisting: false ledOnMS: 0 ledOffMS :0
12-17 19:33:03.545  1795  2326 W FingerprintService: onError 2
12-17 19:33:03.545  1795  1795 I Sensor  : updateLightsLocked --> level:78, status:3
12-17 19:33:03.545  1795  1795 I Sensor  : updateLightsLocked --> mBatteryLight.turnOff
12-17 19:33:03.545  1795  2326 V FingerprintService: ClientMonitor destroy
12-17 19:33:03.545   606  2379 E libteec : receive data len = 128
12-17 19:33:03.545  1795  2326 V FingerprintService: Done with client: com.android.systemui
12-17 19:33:03.545  1795  2326 V FingerprintService: handleError(client=com.android.systemui, error = 5)
12-17 19:33:03.546  2852  2852 D TintManager: statusBarIconTint=#B3FFFFFF,navigationBarIconTint=#00000000
12-17 19:33:03.546  2852  2852 I PhoneStatusBar: setSystemUiVisibility vis=c0000600 mask=ffffffff oldVal=c0000300 newVal=c0000600 diff=500
12-17 19:33:03.546  2852  2852 I BarTransitions.HwPhoneStatusBarView: transitionTo: mode=MODE_TRANSLUCENT, animate=false
12-17 19:33:03.546  2852  2852 D BarTransitions.HwPhoneStatusBarView: MODE_TRANSLUCENT -> MODE_TRANSPARENT animate=false
12-17 19:33:03.546  2852  2852 D BarTransitions.HwPhoneStatusBarView: applyModeBackground oldMode=MODE_TRANSLUCENT newMode=MODE_TRANSPARENT animate=false
12-17 19:33:03.546  2852  2852 I BarTransitions.HwNavigationBarView: transitionTo: mode=MODE_TRANSLUCENT, animate=false
12-17 19:33:03.546  2852  2852 I HwNavigationBarTransitions: transitionTo:mode=2, isEmuiStyle=true
12-17 19:33:03.546  2852  2852 I PhoneStatusBar: notifyUiVisibilityChanged:vis=0xc0000600, SystemUiVisibility=0xc0000600
12-17 19:33:03.547  1795  2377 I AwareLog: AwareMem_DMEServer: start
12-17 19:33:03.547  1795  2377 I AwareLog: AwareMem_EventTracker: [SCREEN_ON_1481974383545] is abandoned for memory 833188
12-17 19:33:03.548  2852  2852 I BackgrounCallingLayout: simCount:2 phoneState:2
12-17 19:33:03.548  2852  2852 I BackgrounCallingLayout: mCallingStatusReceiver:onReceive::action=InCallScreenIsForegroundActivity, isForegroundActivity=true, mPhoneState=2
12-17 19:33:03.548  2852  2852 I BackgrounCallingLayout: updateCallLayout:isBackground=false, isInteractive=true
12-17 19:33:03.549  1795  1795 D HwWifiP2pService: onReceive, action:android.intent.action.SCREEN_ON
12-17 19:33:03.549  1795 16499 D PowerManagerService: acquire lock=5152000, flags=0x1, tag="RILJ_ACK_WL", name=com.android.phone, ws=null, uid=1001, pid=3218
12-17 19:33:03.549  1795 16499 D PowerManagerService: ready=false,policy=3,wakefulness=1,wksummary=0x11,uasummary=0x1,bootcompleted=true,boostinprogress=false,waitmodeenable=false,mode=true,manual=33,auto=-1,adj=0.0userId=0
12-17 19:33:03.549  1795 16499 D PowerManagerService: Acquiring suspend blocker "PowerManagerService.WakeLocks".
12-17 19:33:03.549  1795  2668 D WifiP2pService: InactiveState143466
12-17 19:33:03.549  1795  2668 E HwWifiP2pService: Unhandled message when=123067235 what=143466 arg1=0 arg2=0
12-17 19:33:03.549  1795  2668 D WifiP2pService: P2pEnabledState when=123067235 what=143466 arg1=0 arg2=0
12-17 19:33:03.549  1795  2668 D WifiP2pService: DefaultState{ when=0 what=143466 target=com.android.internal.util.StateMachine$SmHandler }
12-17 19:33:03.549  1795  2668 D HwWifiP2pService: cancel alarm.
12-17 19:33:03.550  2852  2852 I HwPhoneStatusBar: mNotifyStateChangedReceiver::onReceive:action=InCallScreenIsForegroundActivity, mBackgroundState=false
12-17 19:33:03.550  1795 15988 D PowerManagerService: ready=false,policy=3,wakefulness=1,wksummary=0x11,uasummary=0x1,bootcompleted=true,boostinprogress=false,waitmodeenable=false,mode=true,manual=33,auto=-1,adj=0.0userId=0
12-17 19:33:03.552  1795  3247 D PowerManagerService: ready=false,policy=3,wakefulness=1,wksummary=0x11,uasummary=0x1,bootcompleted=true,boostinprogress=false,waitmodeenable=false,mode=true,manual=33,auto=-1,adj=0.0userId=0
12-17 19:33:03.552  1795  1809 I qti_sensors_hal: read from oem info: data_readback
12-17 19:33:03.552  1795  1809 I qti_sensors_hal: 0xcd, 0xb0, 0x24, 0x3e
12-17 19:33:03.552  1795  1809 I qti_sensors_hal: 0x66, 0xca, 0x3c, 0x3e
12-17 19:33:03.552  1795  1809 I qti_sensors_hal: 0xc0, 0x2a, 0x7c, 0x3f
12-17 19:33:03.552  1795  1809 I qti_sensors_hal: 0x55, 0x0, 0x0, 0x0
12-17 19:33:03.552  1795  1809 I qti_sensors_hal: 0x0, 0x0, 0x0, 0x0
12-17 19:33:03.552  1795  1809 E qti_sensors_hal: read from oem info: data_valid_flag=0x55
12-17 19:33:03.552  1795  1809 E qti_sensors_hal: read from oem info: x_offset=0.160831, y_offset=0.184366, z_offset=0.985027
12-17 19:33:03.552  1795  1809 E qti_sensors_hal: Final value: x_offset=0.160831, y_offset=0.184366, z_offset=0.985027
12-17 19:33:03.552  1795  1809 I qti_sensors_hal: batch:load_acc_oeminf_data x_offset:0.160831 y_offset:0.184366 z_offset:0.985027
12-17 19:33:03.552  1795  1809 I qti_sensors_hal: batch:sensor(android.sensor.accelerometer) sample_rate=14.999925Hz report_rate_f=0.000000Hz curr sample rate:5.000000 cur rpt rate:0 max:400.000000 min:1.000000
12-17 19:33:03.552  1795  3110 D PowerManagerService: ready=false,policy=3,wakefulness=1,wksummary=0x11,uasummary=0x1,bootcompleted=true,boostinprogress=false,waitmodeenable=false,mode=true,manual=33,auto=-1,adj=0.0userId=0
12-17 19:33:03.553  1795  1821 I WindowManger_keyguard: Setting mDismissKeyguard true by win Window{e6a6b5e u0 com.android.incallui/com.android.incallui.InCallActivity}
12-17 19:33:03.553  1795  2778 D PowerManagerService: ready=false,policy=3,wakefulness=1,wksummary=0x11,uasummary=0x1,bootcompleted=true,boostinprogress=false,waitmodeenable=false,mode=true,manual=33,auto=-1,adj=0.0userId=0
12-17 19:33:03.554  1795  1809 I qti_sensors_hal: flush,395,handle 0
12-17 19:33:03.554  1795  1809 I qti_sensors_hal: flush,260 handle 0
12-17 19:33:03.554  1795  1809 I WindowManager: Finished screen turning on...
12-17 19:33:03.554  1795  1825 I PowerManager_screenOn: DisplayPowerController Unblocked screen on after 344 ms
12-17 19:33:03.554  1795  1825 I PowerManager_screenOn: DisplayPowerController updatePowerState mPendingRequestLocked=policy=BRIGHT, useProximitySensor=true, useProximitySensorbyPhone=true, screenBrightness=33, screenAutoBrightnessAdjustment=0.0, brightnessSetByUser=true, useAutoBrightness=true, blockScreenOn=false, lowPowerMode=false, boostScreenBrightness=false, dozeScreenBrightness=-1, dozeScreenState=UNKNOWN, useTwilight=false, useSmartBacklight=true, brightnessWaitMode=false, brightnessWaitRet=true, screenAutoBrightness=-1, userId=0
12-17 19:33:03.554  1795  1825 I PowerManager_screenOn: DisplayPowerStatesetColorFadeLevel: level=1.0
12-17 19:33:03.557  3608  3608 D InCall  : InCallActivity - onResume()... end
12-17 19:33:03.557  3608  3608 I InCall  : VideoCallFragment - onResume
12-17 19:33:03.557  3608  3608 I InCall  : VideoCallPresenter - isVideoCallWorking, state is: 3
12-17 19:33:03.557  3608  3608 I InCall  : VideoCallFragment - onResume: Surface exist, resume videos
12-17 19:33:03.557  3608  3608 D InCall  : VideoCallPresenter - resumeVideo: Error bad state mPrimaryCall=[Call_10, ACTIVE, [Capabilities: CAPABILITY_HOLD CAPABILITY_SUPPORT_HOLD CAPABILITY_MUTE CAPABILITY_CANNOT_DOWNGRADE_VIDEO_TO_AUDIO], children:[], parent:null, conferenceable:[], videoState:Audio Only, mSessionModificationState:0, VideoSettings:(CameraDir:-1)] mVideoCall=null
12-17 19:33:03.557  3608  3608 I InCall  : VTCallButtonFragment - --- onResume ---
12-17 19:33:03.558  3608  3608 I ActivityManager_activity: Resuming ActivityRecord{fd45985 token=android.os.BinderProxy@af8ea9b {com.android.incallui/com.android.incallui.InCallActivity}} with isForward=true,forwardBitChanged=true onlyLocalRequest=false
12-17 19:33:03.560  1795  1821 I WindowManger_keyguard: Setting mDismissKeyguard true by win Window{e6a6b5e u0 com.android.incallui/com.android.incallui.InCallActivity}
12-17 19:33:03.562  2852  2852 V KeyguardUpdateMonitor: KGSvcFp onAuthenticationError.5
12-17 19:33:03.562  2852  2852 W KeyguardUpdateMonitor: Fingerprint RunningStateChanged. 10
12-17 19:33:03.562  1795  1795 D DeviceIdleController: updateDisplayLocked: screenOn=true
12-17 19:33:03.562  1795  1795 I DeviceIdleController: becomeActiveLocked, reason = screen
12-17 19:33:03.562  2852  2852 W StatusBarWindowManager: Apply window Height 72
12-17 19:33:03.562  2852  2852 I StatusBarWindowManager: apply skiped :0
12-17 19:33:03.562   832  1840 E Parcel  : Reading a NULL string not supported here.
12-17 19:33:03.562   832  1840 E Parcel  : Reading a NULL string not supported here.
12-17 19:33:03.563  2852  2852 I StatusBar: onNotificationRemoved: StatusBarNotification(pkg=com.android.incallui user=UserHandle{0} id=2 tag=null key=0|com.android.incallui|2|null|1001: Notification(pri=2 contentView=null vibrate=null sound=null defaults=0x0 flags=0x2 color=0x00000000 actions=3 vis=PRIVATE publicVersion=Notification(pri=0 contentView=null vibrate=null sound=null defaults=0x0 flags=0x0 color=0xff33b5e5 vis=PRIVATE)))
12-17 19:33:03.564   606  2379 E libteec : QSEECom_send_cmd return!
12-17 19:33:03.564   606  2379 E libteec : qsc_send_cmd finish
