12-17 19:32:29.811   606  2379 E libteec : receive data len = 128
12-17 19:32:29.811  1795  2326 W FingerprintService: client com.android.systemui is no longer authenticating
12-17 19:32:29.812  1795  2326 W FingerprintService: onError 2
12-17 19:32:29.812  1795  2326 V FingerprintService: ClientMonitor destroy
12-17 19:32:29.812  1795  2326 V FingerprintService: Done with client: com.android.systemui
12-17 19:32:29.812  1795  2326 V FingerprintService: handleError(client=com.android.systemui, error = 5)
12-17 19:32:29.812  2852  2852 V KeyguardUpdateMonitor: KGSvcFp onAuthenticationError.5
12-17 19:32:29.812  2852  2852 W KeyguardUpdateMonitor: Fingerprint RunningStateChanged. 10
12-17 19:32:29.812  2852  2852 W StatusBarWindowManager: Apply window Height 72
12-17 19:32:29.812  2852  2852 I StatusBarWindowManager: apply skiped :0
12-17 19:32:29.814  1795  1821 I WindowManger_keyguard: Setting mDismissKeyguard true by win Window{e6a6b5e u0 com.android.incallui/com.android.incallui.InCallActivity}
12-17 19:32:29.822   606  2379 E libteec : QSEECom_send_cmd return!
12-17 19:32:29.822   606  2379 E libteec : qsc_send_cmd finish
12-17 19:32:29.822   606  2379 E libteec : send data return = 128
12-17 19:32:29.822   835  2385 E libteec : receive data len = 128
12-17 19:32:29.822   835  2385 E libteec : begin
12-17 19:32:29.822   835  2385 E libteec : qsc_decode end
12-17 19:32:29.822   835  2385 D fpc_fingerprint_hal: workerFunction STATE_NAVIGATION
12-17 19:32:29.822   835  2385 E libteec : begin
12-17 19:32:29.822   606  2379 E libteec : receive data len = 128
12-17 19:32:29.827  1795  1821 I WindowManger_keyguard: Setting mDismissKeyguard true by win Window{e6a6b5e u0 com.android.incallui/com.android.incallui.InCallActivity}
12-17 19:32:29.837   606  2379 E libteec : QSEECom_send_cmd return!
12-17 19:32:29.837   606  2379 E libteec : qsc_send_cmd finish
12-17 19:32:29.837   606  2379 E libteec : send data return = 128
12-17 19:32:29.837   835  2385 E libteec : receive data len = 128
12-17 19:32:29.838   835  2385 E libteec : begin
12-17 19:32:29.838   835  2385 E libteec : qsc_decode end
12-17 19:32:29.845  1795  1825 I WindowManger_keyguard: Setting mDismissKeyguard true by win Window{e6a6b5e u0 com.android.incallui/com.android.incallui.InCallActivity}
12-17 19:32:29.859  1795  1825 I WindowManger_keyguard: Setting mDismissKeyguard true by win Window{e6a6b5e u0 com.android.incallui/com.android.incallui.InCallActivity}
12-17 19:32:29.865  7741  7758 D TmoMonitor: Cache monitor msg as screen_off
12-17 19:32:29.876  1795  1825 I WindowManger_keyguard: Setting mDismissKeyguard true by win Window{e6a6b5e u0 com.android.incallui/com.android.incallui.InCallActivity}
12-17 19:32:29.894  1795  1825 I ActivityManager_activity: completedResumed: ActivityRecord{b46dc67 u0 com.android.incallui/.InCallActivity t310}, launchTrack: outofsleep resumeTopComplete
12-17 19:32:29.900  1795  1825 I WindowManger_keyguard: Screen turned on for keyguard
12-17 19:32:29.900  1795  1825 I PowerManager_screenOn: KeyguardServiceDelegate  onScreenTurnedOn(showListener = com.android.server.policy.PhoneWindowManager$3@bf53b21)
12-17 19:32:29.901  2852  3344 D KeyguardService: Caller checkPermission fail
12-17 19:32:29.901  2852  3344 D KeyguardService: KGSvcCall onScreenTurningOn.
12-17 19:32:29.901  2852  3344 D KeyguardViewMediator: notifyScreenOn
12-17 19:32:29.902  2852  2852 D KeyguardViewMediator: handleNotifyScreenTurningOn
12-17 19:32:29.902  2852  2852 I PhoneStatusBar: onScreenTurningOn
12-17 19:32:29.903  2852  2852 D KeyguardViewMediator: handleNotifyScreenTurnedOn End with : 121
12-17 19:32:29.903  1795 17831 I WindowManger_keyguard: **** SHOWN CALLED ****
12-17 19:32:29.903  1795 17831 D WindowManager: mKeyguardDelegate.ShowListener.onDrawn.
12-17 19:32:29.903  1795 17831 I WindowManger_keyguard: hideScrim()
12-17 19:32:29.907  3608  3608 D InCall  : InCallActivity - onStart()...
12-17 19:32:29.909  1795  2671 D WifiStateMachine:  ConnectedState CMD_SCREEN_STATE_CHANGED  rt=123055625/442886272 1 0
12-17 19:32:29.909  1795  2671 D WifiStateMachine:  L2ConnectedState CMD_SCREEN_STATE_CHANGED  rt=123055625/442886273 1 0
12-17 19:32:29.909  1795  2671 D WifiStateMachine:  ConnectModeState CMD_SCREEN_STATE_CHANGED  rt=123055625/442886273 1 0
12-17 19:32:29.909  1795  2671 D WifiStateMachine:  DriverStartedState CMD_SCREEN_STATE_CHANGED  rt=123055625/442886273 1 0
12-17 19:32:29.909  1795  2671 D WifiStateMachine:  SupplicantStartedState CMD_SCREEN_STATE_CHANGED  rt=123055625/442886273 1 0
12-17 19:32:29.910  1795  1825 D HwNormalizedAutomaticBrightnessController: set power status:mPowerStatus=false,powerStatus=true
12-17 19:32:29.910  1795  2671 D WifiStateMachine:  DefaultState CMD_SCREEN_STATE_CHANGED  rt=123055626/442886273 1 0
12-17 19:32:29.910  1795  2671 D WifiStateMachine: handleScreenStateChanged: allow send scan results broadcast.
12-17 19:32:29.911  1795  1825 D Sensors : batch called handle:3 sample_ns:300000000 latency_ns:0
12-17 19:32:29.911  1795  1825 D Sensors : activate called handle:3 enable:1
12-17 19:32:29.911  1795  1825 D Sensors : bh1745-light calling driver setDelay 300 ms
12-17 19:32:29.911  1795  1825 D Sensors : bh1745-light calling driver enable
12-17 19:32:29.911  1795  1825 W LightSensor: LightSensor, enable, 283: en=1
12-17 19:32:29.911  1795  1825 W LightSensor: LightSensor, enable, 284: flags=1
12-17 19:32:29.911  1795  1825 W LightSensor: LightSensor, enable, 285: mEnabled=0
12-17 19:32:29.912  1795  2671 W AlarmManager: Unrecognized alarm listener com.android.server.wifi.WifiConnectivityManager$3@bdcaf7b
12-17 19:32:29.912  1795  2671 E WifiScanner: listener cannot be found
12-17 19:32:29.912  1795  2671 D HwWifiConnectivityManager: handleScanCounterChanged,reason: 2, mHwSingleScanCounter: 0
12-17 19:32:29.914  1795  2671 I AlarmManager: set(null) : type=2 triggerAtTime=442889693 win=0 tElapsed=442891278 maxElapsed=442891278 interval=0 flags=0x9
12-17 19:32:29.916  1795  1825 D AutomaticBrightnessController: Enable LightSensor at time:mLightSensorEnableTime=123055632,mLightSensorEnableElapsedTimeNanos=442886273789038
12-17 19:32:29.916  1795  1825 D AutomaticBrightnessController: mAmbientLuxValid= false,sensor is not ready
12-17 19:32:29.916  1795  1825 D DisplayPowerController: mode change : autoBrightnessEnabled=true,adjustment=0.0,state=2
12-17 19:32:29.917  1795  1825 D HwNormalizedAutomaticBrightnessController: mWakeupFromSleep= true,currentTime=123055633,mLightSensorEnableTime=123055626
12-17 19:32:29.917  1795  1825 D DisplayPowerController: Animating brightness: target=-1, rate=0
12-17 19:32:29.917  1795  1825 D DisplayPowerController: Unfinished business...
12-17 19:32:29.917  1795  1795 D HwConnectivityService: mIntentReceiver begin
12-17 19:32:29.917  1795  2750 I PowerManager_screenOn: DisplayPowerState Updating screen state: state=ON, backlight=0
12-17 19:32:29.917  1795  2750 D PowerManagerService: Setting HAL auto-suspend mode to false
12-17 19:32:29.917  1795  2750 D PowerManagerService: Setting HAL interactive mode to true
12-17 19:32:29.917  1795  2750 I QTI PowerHAL: Got set_interactive hint
12-17 19:32:29.918  1795  1795 D HwKeyguardManagerImpl: isLockScreenDisabled HwKeyguardManagerImpl result = false
12-17 19:32:29.918  1795  2671 D WifiStateMachine:  ConnectedState !CMD_ENABLE_RSSI_POLL  rt=123055634/442886281 1 0
12-17 19:32:29.918  1795  2671 D WifiStateMachine:  L2ConnectedState !CMD_ENABLE_RSSI_POLL  rt=123055634/442886281 1 0
12-17 19:32:29.918  1795  1795 D HwConnectivityService: CtrlSocket Receiver,disable: false locked: true action: android.intent.action.SCREEN_ON mSmartKeyguardLevel: normal_level mStartPowerSaving: false
12-17 19:32:29.918  1795  1795 D HwConnectivityService: CtrlSocket receive screen on intent!
12-17 19:32:29.918  1795  2671 D WifiHW  : wifi_send_command: cmd:'IFNAME=wlan0 SIGNAL_POLL'
12-17 19:32:29.918  1795  1795 D HwConnectivityService: CtrlSocket restoreScrOnStatus
12-17 19:32:29.918  1795  2750 D libfingersense_wrapper: Calling fingersense_on_resume()
12-17 19:32:29.918  1795  1795 D HwConnectivityService: pid=1000, cmd=100, param=0
12-17 19:32:29.918  1795  2750 D libfingersense_wrapper: fingersense_on_resume() finished
12-17 19:32:29.919  5215  5215 D wpa_supplicant: wlan0: Control interface command 'SIGNAL_POLL'
12-17 19:32:29.919   836  2387 I knuckle_sensor: Sending SAM_ENABLE to fs_data
12-17 19:32:29.919  1795  1809 I PowerManager_screenOn: finishKeyguardDrawn -> waitForAllWindowsDrawn
12-17 19:32:29.919  1795  1795 D HwConnectivityService: mFilterMsgFlag: 0,msg.arg1: 3
12-17 19:32:29.919   612   612 D SurfaceFlinger: Set power mode=2, type=0 flinger=0x7f9a25b400
12-17 19:32:29.920   612   612 I SDM     : HWCDisplay::SetPowerMode: display = 0, mode = 2
12-17 19:32:29.920   612   612 I SDM     : DisplayBase::SetDisplayState: Set state = 1, display 0
12-17 19:32:29.920  1795  1809 I PowerManager_screenOn: waitForAllWindowsDrawn  cover is open or null
12-17 19:32:29.920  1795  2691 D HwConnectivityService: handleFilterMsg action: 3mFilterMsgFlag3
12-17 19:32:29.920  1795  2691 D HwConnectivityService: [tiger]setBastetFilterInfo action 3pid 1000
12-17 19:32:29.920  1795  2691 D HwConnectivityService: stopFilter m_filterIsStarted:false
12-17 19:32:29.920  1795  1821 I DisplayManagerService: Display device changed state: "内置屏幕", ON
12-17 19:32:29.921  1795  1821 I WindowManger_keyguard: Setting mDismissKeyguard true by win Window{e6a6b5e u0 com.android.incallui/com.android.incallui.InCallActivity}
12-17 19:32:29.922   836   928 I knuckle_sensor: Got ENABLE response, status = 0, id = 68
12-17 19:32:29.925  1795  1795 D HwConnectivityService: CtrlSocket processCtrlSocket pid = 1000 cmd = 100 param = 0 ret = 0
12-17 19:32:29.925  1795  1795 D HwConnectivityService: CtrlSocket restoreScrOnStatus reset
