12-17 19:33:00.586  2852  2852 I BadgedIconHelper: isCloneProcess = false
12-17 19:33:00.586  2852  2852 I StatusBarIconView: updateTint: tint=0
12-17 19:33:00.587  2852  2852 I BadgedIconHelper: isCloneProcess = false
12-17 19:33:00.587  2852  2852 D HwCust  : Create obj success use class android.app.HwCustNotificationImpl
12-17 19:33:00.590  2852  2852 I BadgedIconHelper: isCloneProcess = false
12-17 19:33:00.591  2852  2852 D HwCust  : Create obj success use class android.app.HwCustNotificationImpl
12-17 19:33:00.591  2883  2996 I HwSystemManager: ITrafficInfo:ITrafficInfo create 301updateBytes = 1769320345
12-17 19:33:00.594  2852  2852 D HwCust  : Create obj success use class android.app.HwCustNotificationImpl
12-17 19:33:00.595  2852  2852 I StatusBarIconView: updateTint: tint=1
12-17 19:33:00.596  2852  2852 D HwCust  : Create obj success use class com.android.systemui.statusbar.HwCustExpandableNotificationRowImpl
12-17 19:33:00.596  1795  2332 I qti_sensors_hal: [ACC]processReportInd: X: 4.116284 Y: 8.599554 Z: 0.080067  x_offset:0.160831 y_offset:0.184366 z_offset:0.985027
12-17 19:33:00.603  2852  2852 W HwPhoneLayoutInflater: onCreateView : ClassNotFoundException, In this case we want to let the base class take a crack at it
12-17 19:33:00.604  2852  2852 W HwPhoneLayoutInflater: onCreateView : ClassNotFoundException, In this case we want to let the base class take a crack at it
12-17 19:33:00.610  2852  2852 W HwPhoneLayoutInflater: onCreateView : ClassNotFoundException, In this case we want to let the base class take a crack at it
12-17 19:33:00.611  2852  2852 W HwPhoneLayoutInflater: onCreateView : ClassNotFoundException, In this case we want to let the base class take a crack at it
12-17 19:33:00.620  2852  2852 W HwPhoneLayoutInflater: onCreateView : ClassNotFoundException, In this case we want to let the base class take a crack at it
12-17 19:33:00.620  2852  2852 W HwPhoneLayoutInflater: onCreateView : ClassNotFoundException, In this case we want to let the base class take a crack at it
12-17 19:33:00.624  2852  2852 W HwPhoneLayoutInflater: onCreateView : ClassNotFoundException, In this case we want to let the base class take a crack at it
12-17 19:33:00.625  2852  2852 W HwPhoneLayoutInflater: onCreateView : ClassNotFoundException, In this case we want to let the base class take a crack at it
12-17 19:33:00.631  2852  2852 W HwPhoneLayoutInflater: onCreateView : ClassNotFoundException, In this case we want to let the base class take a crack at it
12-17 19:33:00.632  2852  2852 W HwPhoneLayoutInflater: onCreateView : ClassNotFoundException, In this case we want to let the base class take a crack at it
12-17 19:33:00.640  2852  2852 W HwPhoneLayoutInflater: onCreateView : ClassNotFoundException, In this case we want to let the base class take a crack at it
12-17 19:33:00.641  2852  2852 W HwPhoneLayoutInflater: onCreateView : ClassNotFoundException, In this case we want to let the base class take a crack at it
12-17 19:33:00.651  2852  2852 W HwPhoneLayoutInflater: onCreateView : ClassNotFoundException, In this case we want to let the base class take a crack at it
12-17 19:33:00.653  2852  2852 W HwPhoneLayoutInflater: onCreateView : ClassNotFoundException, In this case we want to let the base class take a crack at it
12-17 19:33:00.658  1795  2332 I qti_sensors_hal: [ACC]processReportInd: X: 6.615445 Y: 8.906759 Z: 1.364949  x_offset:0.160831 y_offset:0.184366 z_offset:0.985027
12-17 19:33:00.659  2852  2852 W HwPhoneLayoutInflater: onCreateView : ClassNotFoundException, In this case we want to let the base class take a crack at it
12-17 19:33:00.660  2852  2852 W HwPhoneLayoutInflater: onCreateView : ClassNotFoundException, In this case we want to let the base class take a crack at it
12-17 19:33:00.718  1795  2332 I qti_sensors_hal: [ACC]processReportInd: X: 5.535062 Y: 7.727118 Z: 2.704752  x_offset:0.160831 y_offset:0.184366 z_offset:0.985027
12-17 19:33:00.733  1795  1795 I TrafficMonitor: update:rxPkts:0,txPkts:0,rxBytes:0,txBytes:0
12-17 19:33:00.733  1795  1795 I TrafficMonitor: start expired. level:-1
12-17 19:33:00.733  1795  1795 I TrafficMonitor: gettimer:interval=2000
12-17 19:33:00.766   625   718 E libnav  : AbaSuspend skips CABL deactivate: state was 3
12-17 19:33:00.766  1795  2750 D SurfaceControl: Excessive delay in setPowerMode(): 218ms
12-17 19:33:00.767  1795  2750 D PowerManagerService: Setting HAL interactive mode to false
12-17 19:33:00.767  1795  2750 I QTI PowerHAL: Got set_interactive hint
12-17 19:33:00.767   533  3739 E ANDR-PERF-MPCTL: Invalid profile no. 0, total profiles 0 only
12-17 19:33:00.768  1795  2750 D libfingersense_wrapper: Calling fingersense_on_pause()
12-17 19:33:00.768  1795  2750 D libfingersense_wrapper: fingersense_on_pause() finished
12-17 19:33:00.768  1795  2750 D PowerManagerService: Setting HAL auto-suspend mode to true
12-17 19:33:00.768   836  2387 I knuckle_sensor: Sending SAM_DISABLE to fs_data
12-17 19:33:00.769  1795  1825 I PowerManager_screenOn: DisplayPowerController updatePowerState mPendingRequestLocked=policy=OFF, useProximitySensor=true, useProximitySensorbyPhone=true, screenBrightness=33, screenAutoBrightnessAdjustment=0.0, brightnessSetByUser=true, useAutoBrightness=true, blockScreenOn=false, lowPowerMode=false, boostScreenBrightness=false, dozeScreenBrightness=-1, dozeScreenState=UNKNOWN, useTwilight=false, useSmartBacklight=true, brightnessWaitMode=false, brightnessWaitRet=true, screenAutoBrightness=-1, userId=0
12-17 19:33:00.769  1795  1825 D DisplayPowerController: Animating brightness: target=0, rate=0
12-17 19:33:00.769  1795  1825 D DisplayPowerController: Display ready!
12-17 19:33:00.769  1795  1825 D DisplayPowerController: Finished business...
12-17 19:33:00.769  1795  1825 D PowerManagerService: ready=true,policy=0,wakefulness=0,wksummary=0x11,uasummary=0x0,bootcompleted=true,boostinprogress=false,waitmodeenable=false,mode=true,manual=33,auto=-1,adj=0.0userId=0
12-17 19:33:00.769  1795  1825 I PowerManager_screenOn: PowerManagerNotifier onWakefulnessChangeFinished mInteractiveChanging=true, mInteractive=false
12-17 19:33:00.769  1795  1825 D PowerManagerService: Releasing suspend blocker "PowerManagerService.Display".
12-17 19:33:00.769  1795  1795 I WindowManger_keyguard: Finished going to sleep... (why=6)
12-17 19:33:00.769  1795  1795 I WindowOrientationListener: WindowOrientationListener disabled
12-17 19:33:00.770  1795  1795 I qti_sensors_hal: batch,376,handle 0, timeout:0 ,period_ns:200000000
12-17 19:33:00.770  1795  1795 I qti_sensors_hal: batch:sensor(android.sensor.accelerometer) handle:0 flags:0x0 period_ns 200000000
12-17 19:33:00.770   836   928 I knuckle_sensor: Got DISABLE response, status = 0, id = 69
12-17 19:33:00.772  3608  3608 I InCall  : CallList - hasAnyLiveCall call = [Call_10, ACTIVE, [Capabilities: CAPABILITY_HOLD CAPABILITY_SUPPORT_HOLD CAPABILITY_MUTE CAPABILITY_CANNOT_DOWNGRADE_VIDEO_TO_AUDIO], children:[], parent:null, conferenceable:[], videoState:Audio Only, mSessionModificationState:0, VideoSettings:(CameraDir:-1)]
12-17 19:33:00.772  3608  3608 I InCall  : ProximitySensor - isDisplayOn: false
12-17 19:33:00.777  3180  3578 I ash     : unproxy com.tencent.mm broadcast OK !
12-17 19:33:00.777  1795 15987 D SmartHeartBeat: setAlarmsAdjust ...
12-17 19:33:00.778  1795  3957 E IzatSvc_OSObserver: I/LocTech-Label :: OSOBSERVER :: Data Items In
12-17 19:33:00.778  1795  3957 E IzatSvc_OSObserver: I/LocTech-Value :: Data Item Value: IS_SCREEN_ON: true
12-17 19:33:00.778  3180  3578 I ash     : cancel unified heartbeat: com.tencent.mm reason:left H
12-17 19:33:00.779  1795  1795 I qti_sensors_hal: read from oem info: data_readback
12-17 19:33:00.779  1795  1795 I qti_sensors_hal: 0xcd, 0xb0, 0x24, 0x3e
12-17 19:33:00.779  1795  1795 I qti_sensors_hal: 0x66, 0xca, 0x3c, 0x3e
12-17 19:33:00.779  1795  1795 I qti_sensors_hal: 0xc0, 0x2a, 0x7c, 0x3f
12-17 19:33:00.779  1795  1795 I qti_sensors_hal: 0x55, 0x0, 0x0, 0x0
12-17 19:33:00.779  1795  1795 I qti_sensors_hal: 0x0, 0x0, 0x0, 0x0
12-17 19:33:00.779  1795  1795 E qti_sensors_hal: read from oem info: data_valid_flag=0x55
12-17 19:33:00.779  1795  1795 E qti_sensors_hal: read from oem info: x_offset=0.160831, y_offset=0.184366, z_offset=0.985027
12-17 19:33:00.779  1795  1795 E qti_sensors_hal: Final value: x_offset=0.160831, y_offset=0.184366, z_offset=0.985027
12-17 19:33:00.779  1795  1795 I qti_sensors_hal: batch:load_acc_oeminf_data x_offset:0.160831 y_offset:0.184366 z_offset:0.985027
12-17 19:33:00.779  1795  1795 I qti_sensors_hal: batch:sensor(android.sensor.accelerometer) sample_rate=5.000000Hz report_rate_f=0.000000Hz curr sample rate:14.999925 cur rpt rate:0 max:400.000000 min:1.000000
12-17 19:33:00.779  1795  3975 E LocSvc_libulp: I/int ulp_msg_process_system_update(const UlpSystemEvent): systemEvent:0 
12-17 19:33:00.779  1795  3884 D GpsFreezeProc: removeFreezeProcess pkg:com.tencent.mm
12-17 19:33:00.780  1795  3884 I GnssLocationProvider: setRequest ProviderRequest[OFF]
12-17 19:33:00.780  1795  3884 I GnssLocationProvider: stopNavigating, mStarted=false
12-17 19:33:00.780  1795 15982 I qti_sensors_hal: batch,376,handle 0, timeout:0 ,period_ns:200000000
12-17 19:33:00.780  1795 15982 I qti_sensors_hal: batch:sensor(android.sensor.accelerometer) handle:0 flags:0x0 period_ns 200000000
12-17 19:33:00.780  3180  3578 I ash     : unproxy app:com.tencent.mm,uid:10105,result:true
12-17 19:33:00.781  3180  3578 I PgedBinderAdapter: Stop listener network packet!
12-17 19:33:00.781   803   803 E Pged-IPgedBinderService: ****monitorNetworkPacket num is too larger,num is 0***
12-17 19:33:00.781  3180  3578 I ash     : perform running actions!
12-17 19:33:00.782  3180  3578 I ash     : running package: com.tencent.mm, visible: false
12-17 19:33:00.783  3180  3578 I ash     : ash->screen unlock
12-17 19:33:00.785  1795  1805 I AlarmManager: remove(PendingIntent{38baac: PendingIntentRecord{601e5f3 com.huawei.indexsearch.observer broadcastIntent}}) changed bounds; rebatching
12-17 19:33:00.788  3180  4303 I AwareLog: MemoryRecoveryDMEPlugin: reportScene typeId = 2002
12-17 19:33:00.788  3180  4303 I AwareLog: MemoryRecoveryDMEPlugin: receive sceen on event
12-17 19:33:00.788  3180  4303 I AwareLog: MemoryRecoveryDMEPlugin: interrupt
12-17 19:33:00.789  1795 15982 I qti_sensors_hal: read from oem info: data_readback
12-17 19:33:00.789  1795 15982 I qti_sensors_hal: 0xcd, 0xb0, 0x24, 0x3e
12-17 19:33:00.789  1795 15982 I qti_sensors_hal: 0x66, 0xca, 0x3c, 0x3e
12-17 19:33:00.790  1795 15982 I qti_sensors_hal: 0xc0, 0x2a, 0x7c, 0x3f
12-17 19:33:00.790  1795 15982 I qti_sensors_hal: 0x55, 0x0, 0x0, 0x0
12-17 19:33:00.790  1795 15982 I qti_sensors_hal: 0x0, 0x0, 0x0, 0x0
12-17 19:33:00.790  1795 15982 E qti_sensors_hal: read from oem info: data_valid_flag=0x55
12-17 19:33:00.790  1795 15982 E qti_sensors_hal: read from oem info: x_offset=0.160831, y_offset=0.184366, z_offset=0.985027
12-17 19:33:00.790  1795 15982 E qti_sensors_hal: Final value: x_offset=0.160831, y_offset=0.184366, z_offset=0.985027
12-17 19:33:00.790  1795 15982 I qti_sensors_hal: batch:load_acc_oeminf_data x_offset:0.160831 y_offset:0.184366 z_offset:0.985027
12-17 19:33:00.790  1795 15982 I qti_sensors_hal: batch:sensor(android.sensor.accelerometer) sample_rate=5.000000Hz report_rate_f=0.000000Hz curr sample rate:5.000000 cur rpt rate:0 max:400.000000 min:1.000000
12-17 19:33:00.790  1795 15982 I qti_sensors_hal: batch: current sample rate, report rate & buffering are equal to requested (5.000000,0.000000,0)
12-17 19:33:00.790  1795  1795 I WindowManger_keyguard: onFinishedGoingToSleep(6)
