12-17 19:31:37.934  1795  1825 D Sensors : activate called handle:3 enable:1
12-17 19:31:37.934  1795  1825 D Sensors : bh1745-light calling driver setDelay 300 ms
12-17 19:31:37.934  1795  1825 D Sensors : bh1745-light calling driver enable
12-17 19:31:37.934  1795  1825 W LightSensor: LightSensor, enable, 283: en=1
12-17 19:31:37.934  1795  1825 W LightSensor: LightSensor, enable, 284: flags=1
12-17 19:31:37.934  1795  1825 W LightSensor: LightSensor, enable, 285: mEnabled=0
12-17 19:31:37.937  1795  1825 D AutomaticBrightnessController: Enable LightSensor at time:mLightSensorEnableTime=123011109,mLightSensorEnableElapsedTimeNanos=442834297534683
12-17 19:31:37.937  1795  1825 D AutomaticBrightnessController: mAmbientLuxValid= false,sensor is not ready
12-17 19:31:37.937  1795  1825 D DisplayPowerController: mode change : autoBrightnessEnabled=true,adjustment=0.0,state=2
12-17 19:31:37.937  1795  1825 D HwNormalizedAutomaticBrightnessController: mWakeupFromSleep= true,currentTime=123011109,mLightSensorEnableTime=123011105
12-17 19:31:37.937  1795  1825 D DisplayPowerController: Animating brightness: target=-1, rate=0
12-17 19:31:37.937  1795  1825 D DisplayPowerController: Unfinished business...
12-17 19:31:37.937  1795  2750 I PowerManager_screenOn: DisplayPowerState Updating screen state: state=ON, backlight=0
12-17 19:31:37.937  1795  2750 D PowerManagerService: Setting HAL auto-suspend mode to false
12-17 19:31:37.937  1795  2750 D PowerManagerService: Setting HAL interactive mode to true
12-17 19:31:37.938  1795  2750 I QTI PowerHAL: Got set_interactive hint
12-17 19:31:37.938  1795  2750 D libfingersense_wrapper: Calling fingersense_on_resume()
12-17 19:31:37.938  1795  2750 D libfingersense_wrapper: fingersense_on_resume() finished
12-17 19:31:37.939   612   612 D SurfaceFlinger: Set power mode=2, type=0 flinger=0x7f9a25b400
12-17 19:31:37.939   612   612 I SDM     : HWCDisplay::SetPowerMode: display = 0, mode = 2
12-17 19:31:37.939   612   612 I SDM     : DisplayBase::SetDisplayState: Set state = 1, display 0
12-17 19:31:37.941   836  2387 I knuckle_sensor: Sending SAM_ENABLE to fs_data
12-17 19:31:37.942  1795  1795 I WindowManger_windowChange: oldFocusWindow: Window{3605848 u0 android}, currentFocusWindow: Window{e71ca6c u0 com.android.phone}, currentFocusApp: AppWindowToken{844a0b2 token=Token{2fd6a14 ActivityRecord{b46dc67 u0 com.android.incallui/.InCallActivity t310}}}
12-17 19:31:37.943   836   928 I knuckle_sensor: Got ENABLE response, status = 0, id = 58
12-17 19:31:37.945  1795 11745 I WindowManger_keyguard: Setting mDismissKeyguard true by win Window{e6a6b5e u0 com.android.incallui/com.android.incallui.InCallActivity}
12-17 19:31:38.107  1795  2371 E LightSensor: read Events lux:  8.0
12-17 19:31:38.107  1795  1825 D AutomaticBrightnessController: ambient lux=8.0,timeStamp =442834470823000
12-17 19:31:38.108  1795  1825 D HwNormalizedAutomaticBrightnessController: mAmbientLuxValid=true,mWakeupFromSleep= false
12-17 19:31:38.108  1795  1825 D HwAmbientLuxFilterAlgo: updateAmbientLux: Initializing: mAmbientLightRingBuffer=[8.0 / 0ms], mAmbientLux=8.0
12-17 19:31:38.108  1795  1825 D HwAmbientLuxFilterAlgo: earliestValidTime + POWER_ON_BRIGHTENING_LIGHT_DEBOUNCE
12-17 19:31:38.108  1795  1825 D HwAmbientLuxFilterAlgo: earliestValidTime + POWER_ON_DARKENING_LIGHT_DEBOUNCE
12-17 19:31:38.108  1795  1825 D HwAmbientLuxFilterAlgo: t=123011279,BT=123011779,DT=123012279,BT1=123015279,DT1=123019279,Bn=false,Dn=false,lx=[8.0/123011279],mLx=8.0,s=5.0,ss=0.0,AuIntervened=false,mProximityState=false,bLux=23.4,dLux=0.0,bLux1=23.4,dLux1=0.0
12-17 19:31:38.108  1795  1825 D HwNormalizedAutomaticBrightnessController: need to update brightness: mAmbientLux=8.0
12-17 19:31:38.108  1795  1825 D HwNormalizedSpline: interpolate:mPosBrightness=0.0lux=8.0,mIsReboot=true,mIsUserChange=false,mDelta=0.0
12-17 19:31:38.108  1795  1825 D HwNormalizedSpline: offsetBrightness=16.16,mOffsetBrightness_last16.16,lux=8.0,mPosBrightness=0.0,mIsUserChange=false,mDelta=0.0,defaultBrightness=16.16,mStartLuxDefaultBrightness=16.16mLastLuxDefaultBrightness=16.16
12-17 19:31:38.109  1795  1825 D HwNormalizedSpline: write:userId=0,mPosBrightness =0.0,mOffsetBrightness_last=16.16,mIsUserChange=false,mDeltaNew=0.0,mStartLuxDefaultBrightness=16.16mLastLuxDefaultBrightness=16.16,mAmLux=8.0
12-17 19:31:38.109  1795  1825 D AutomaticBrightnessController: updateAutoBrightness: mScreenAutoBrightness=21, newScreenAutoBrightness=16
12-17 19:31:38.109  1795  1825 I PowerManager_screenOn: DisplayPowerController updatePowerState mPendingRequestLocked=policy=BRIGHT, useProximitySensor=true, useProximitySensorbyPhone=true, screenBrightness=33, screenAutoBrightnessAdjustment=0.0, brightnessSetByUser=true, useAutoBrightness=true, blockScreenOn=false, lowPowerMode=false, boostScreenBrightness=false, dozeScreenBrightness=-1, dozeScreenState=UNKNOWN, useTwilight=false, useSmartBacklight=true, brightnessWaitMode=false, brightnessWaitRet=true, screenAutoBrightness=-1, userId=0
12-17 19:31:38.109  1795  1825 D DisplayPowerController: Animating brightness: target=16, rate=0
12-17 19:31:38.109  1795  1825 I PowerManager_screenOn: DisplayPowerController updatePowerState mPendingRequestLocked=policy=BRIGHT, useProximitySensor=true, useProximitySensorbyPhone=true, screenBrightness=33, screenAutoBrightnessAdjustment=0.0, brightnessSetByUser=true, useAutoBrightness=true, blockScreenOn=false, lowPowerMode=false, boostScreenBrightness=false, dozeScreenBrightness=-1, dozeScreenState=UNKNOWN, useTwilight=false, useSmartBacklight=true, brightnessWaitMode=false, brightnessWaitRet=true, screenAutoBrightness=-1, userId=0
12-17 19:31:38.109  1795  1825 D DisplayPowerController: Animating brightness: target=16, rate=40
12-17 19:31:38.152  1795  2750 D SurfaceControl: Excessive delay in setPowerMode(): 213ms
12-17 19:31:38.156  1795  1809 I PowerManager_screenOn: waitForAllWindowsDrawn  cover is open or null
12-17 19:31:38.158  1795  1795 I WindowManger_keyguard: Setting mDismissKeyguard true by win Window{e6a6b5e u0 com.android.incallui/com.android.incallui.InCallActivity}
12-17 19:31:38.177  1795  1795 I WindowManger_keyguard: Setting mDismissKeyguard true by win Window{e6a6b5e u0 com.android.incallui/com.android.incallui.InCallActivity}
12-17 19:31:38.194  1795  1821 I DisplayManagerService: Display device changed state: "内置屏幕", ON
12-17 19:31:38.195  1795  1795 I WindowManger_keyguard: Setting mDismissKeyguard true by win Window{e6a6b5e u0 com.android.incallui/com.android.incallui.InCallActivity}
12-17 19:31:38.209  1795  1795 V HwPhoneWindowManager: updateSystemUiColorLw window=Window{e6a6b5e u0 com.android.incallui/com.android.incallui.InCallActivity},EmuiStyle=1,StatusBarColor=0x0,NavigationBarColor=0x0, mLastIsEmuiLightStyle=1
12-17 19:31:38.210  1795  1795 I WindowManger_keyguard: Setting mDismissKeyguard true by win Window{e6a6b5e u0 com.android.incallui/com.android.incallui.InCallActivity}
12-17 19:31:38.226  1795  1795 I ActivityManager_activity: completedResumed: ActivityRecord{b46dc67 u0 com.android.incallui/.InCallActivity t310}, launchTrack: outofsleep resumeTopComplete
12-17 19:31:38.229  1795  1795 I WindowManger_keyguard: Started waking up...
12-17 19:31:38.229  1795  1795 I WindowManger_keyguard: onStartedWakingUp()
12-17 19:31:38.229  1795  1795 I PowerManager_screenOn: PowerManagerNotifier Sending wake up broadcast.
12-17 19:31:38.229  1795  1795 I SendBroadcastPermission: action:android.intent.action.SCREEN_ON, mPermissionType:0
12-17 19:31:38.229  2852  3344 D KeyguardService: Caller checkPermission fail
12-17 19:31:38.229  2852  3344 D KeyguardService: KGSvcCall onStartedWakingUp.
12-17 19:31:38.229  2852  3344 W HwLockScreenReporter: report result = falsereport type:122 msg:
12-17 19:31:38.229  2852  3344 D KeyguardViewMediator: onStartedWakingUp, seq = 463
12-17 19:31:38.229  2852  3344 D KeyguardViewMediator: notifyStartedWakingUp
12-17 19:31:38.229  2852  3344 W AppHandler: sendMessage 14
12-17 19:31:38.229  2852  2852 D KeyguardViewMediator: handleNotifyWakingUp
12-17 19:31:38.229  2852  2852 I PhoneStatusBar: onStartedWakingUp
12-17 19:31:38.229  3608  3608 D InCall  : InCallActivity - onStart()...
12-17 19:31:38.230  2852  2852 V KeyguardUpdateMonitor: FingerStat Visible: false; Interactive: true; Switching: false; Bouncer:false; GoingToSleep: false Occluded: false; dreaming: false; Authenticated: false
12-17 19:31:38.230  2852  2852 V KeyguardUpdateMonitor: KGSvcFp stopListeningForFingerprint(). 1
12-17 19:31:38.230  1795  3884 I Security_fingerprint: FingerprintService cancelAuthentication
12-17 19:31:38.230  1795  2326 V FingerprintService: stop client com.android.systemui
12-17 19:31:38.230  2852  2852 W KeyguardUpdateMonitor: Fingerprint RunningStateChanged. 2
12-17 19:31:38.230   835   835 I fingerprintd: FingerprintDaemonProxyEx::onTransact, code:2
12-17 19:31:38.230   835   835 V fingerprintd: stopAuthentication()
12-17 19:31:38.230   835   835 D fpc_fingerprint_hal: fpc_cancel
12-17 19:31:38.230  1795  1795 I HwActivityManagerService: Split enqueueing broadcast [callerApp]:ProcessRecord{34bf34f 0:system/1000}
12-17 19:31:38.230   835  2385 D fpc_fingerprint_hal: fpc poll irq interupt
12-17 19:31:38.230   835  2385 D fpc_fingerprint_hal: wait_finger_down, took 1389 ms
12-17 19:31:38.230   835  2385 E fpc_fingerprint_hal: capture_image failed -4
12-17 19:31:38.231  1795  1795 I ActivityManager_broadcast: Enqueueing ordered broadcast[foreground] BroadcastRecord{797e860 u-1 android.intent.action.SCREEN_ON}: prev had 0
12-17 19:31:38.231   835  2385 I fpc_fingerprint_hal: timeForContinueCapture id:1389
12-17 19:31:38.231  2852  2852 D TimeKeeper: getTimeTickInfo:[mMillisUntilFinished:0, mHour:0, mMinute:0, mSecond:0]
12-17 19:31:38.231  2852  2852 E KeyguardUpdateMonitor: isSimPinSecure mSimDatas is null or empty 
12-17 19:31:38.231  2852  2852 E KeyguardUpdateMonitor: isSimPinSecure mSimDatas is null or empty 
12-17 19:31:38.231  1795  1808 I ActivityManager_broadcast: dispatch ordered broadcast [foreground] BroadcastRecord{797e860 u-1 android.intent.action.SCREEN_ON}, has 57 receivers
12-17 19:31:38.231  2852  2852 W HwLockScreenPanel: createLockScreenView when reset
12-17 19:31:38.231   835  2385 E libteec : begin
12-17 19:31:38.231  2852  2852 I HwLockScreenPanel: loadMagazine
12-17 19:31:38.231   606  2379 E libteec : receive data len = 128
12-17 19:31:38.232  1795  1809 D HwPhoneWindowManager: Transact:setSystemUIColor to status bar service
12-17 19:31:38.232  1795  1821 I ActivityManager_activity: Incall is gone
12-17 19:31:38.232  2852  2852 V KeyguardStatusView: Enable transport text marquee
12-17 19:31:38.232  2852  3328 I CommandQueue: updateBarBgColor
12-17 19:31:38.232  1795  1821 I ActivityManager_activity: windowsGone(): ActivityRecord{b46dc67 u0 com.android.incallui/.InCallActivity t310}
12-17 19:31:38.232  2852  3328 D CommandQueue: CommandQueue, setBarBackgroundColor
12-17 19:31:38.233  1795 20747 D ActivityManager: setExcludeFromRecents:pkgName=null
12-17 19:31:38.233  1795  1795 I TrafficMonitor: expired arrive. level:-1
12-17 19:31:38.235   606  2379 E libteec : QSEECom_send_cmd return!
12-17 19:31:38.235   606  2379 E libteec : qsc_send_cmd finish
12-17 19:31:38.235   606  2379 E libteec : send data return = 128
12-17 19:31:38.235   835  2385 E libteec : receive data len = 128
12-17 19:31:38.235   835  2385 E libteec : begin
12-17 19:31:38.235   835  2385 E libteec : qsc_decode end
12-17 19:31:38.235   835  2385 E fpc_fingerprint_hal: do_identify failed -4
