12-17 19:34:57.883  1795 11747 D PowerManagerService: release:lock=262561148, flg=0x0, tag="ImsSenderRxr", name=org.codeaurora.ims", ws=null, uid=1001, pid=3218
12-17 19:34:57.883  1795 11747 D PowerManagerService: ready=true,policy=3,wakefulness=1,wksummary=0x1,uasummary=0x1,bootcompleted=true,boostinprogress=false,waitmodeenable=false,mode=true,manual=33,auto=-1,adj=0.0userId=0
12-17 19:34:57.886  1795 20747 I ActivityManager_broadcast: dispatch ordered broadcast [background] BroadcastRecord{7875c6f u0 com.android.huawei.broadcast.HwRepairHelper}, has 1 receivers
12-17 19:34:57.886  3168  3307 I CHR_ChrUtil: is Beta User, userType = 3
12-17 19:34:57.886  3168  3369 I CHR_ChrLogService: msg = 1 received
12-17 19:34:57.886  3168  3307 I CHR_TelStatusListenr0: stepAtomic
12-17 19:34:57.886  3168  3369 I CHR_ChrLogService: msg = 2 received
12-17 19:34:57.886  3168  3370 I CHR_LogDatabase: msg = 1 received
12-17 19:34:57.886  3168  3370 I CHR_ChrUtil: is Beta User, userType = 3
12-17 19:34:57.886  3168  3370 I CHR_ChrUtil: is Beta User, userType = 3
12-17 19:34:57.887  3168  3370 I CHR_LogDatabase: msg = 2 received
12-17 19:34:57.887  3168  3307 I CHR_ProtocolLogManager: write chr success
12-17 19:34:57.887  3168  3369 I CHR_ChrLogService: msg = 4 received
12-17 19:34:57.887  3168  3370 I CHR_LogDatabase: msg = 5 received
12-17 19:34:57.887  3168  3370 I CHR_ChrUtil: is Beta User, userType = 3
12-17 19:34:57.887  3168  3370 I CHR_ChrUtil: is Beta User, userType = 3
12-17 19:34:57.888  3858  4126 I amsnl   : csr
12-17 19:34:57.888  3858  4126 I amsnl   : t:false, fl: false, p: 2147483647000, ce: true, we: true
12-17 19:34:57.889  3168  3168 D HwRepairHelper: onReceive communication_CHR_exception broadcast
12-17 19:34:57.890  3626  3753 I LogCollectService: msg = 103 received
12-17 19:34:57.890  3626  3753 I UserSpecification: handleOverSize()
12-17 19:34:57.890  3168 20586 D HwRepairHelper: onReceive broadcast thread began runProcess 
12-17 19:34:57.891  1795 17831 D wifiserviceimpl: netmask =16580607
12-17 19:34:57.891  3858  4126 I amsnl   : m1: false
12-17 19:34:57.892  1795 16232 W ActivityManager: getRunningAppProcesses: caller 10009 does not hold REAL_GET_TASKS; limiting output
12-17 19:34:57.895  3626  3753 I SizeStateMachine: Sdcard free size is 16294404096 B. InitialState is 0
12-17 19:34:57.896  3858  4126 I amsnl   : m2: false, m3: false
12-17 19:34:57.896  3858  4126 I amsnl   : c: true, w: true, t: false, l: false
12-17 19:34:57.896  3858  4126 I amsnl   : csr
12-17 19:34:57.896  3858  4126 I amsnl   : t:false, fl: false, p: 2147483647000, ce: true, we: true
12-17 19:34:57.898  1795  2748 D HwAmbientLuxFilterAlgo: earliestValidTime + POWER_ON_BRIGHTENING_LIGHT_DEBOUNCE
12-17 19:34:57.898  1795  2748 D HwAmbientLuxFilterAlgo: earliestValidTime + POWER_ON_DARKENING_LIGHT_DEBOUNCE
12-17 19:34:57.899  1795 11745 D wifiserviceimpl: netmask =16580607
12-17 19:34:57.899  3858  4126 I amsnl   : m1: false
12-17 19:34:57.900  1795  6985 W ActivityManager: getRunningAppProcesses: caller 10009 does not hold REAL_GET_TASKS; limiting output
12-17 19:34:57.901  3858  4126 I amsnl   : m2: false, m3: false
12-17 19:34:57.901  3858  4126 I amsnl   : c: true, w: true, t: false, l: false
12-17 19:34:57.901  3858  4126 I amsnl   : csr
12-17 19:34:57.901  3858  4126 I amsnl   : t:false, fl: false, p: 2147483647000, ce: true, we: true
12-17 19:34:57.903  1795 16501 D wifiserviceimpl: netmask =16580607
12-17 19:34:57.903  3168 20586 D CommunicateRecord : getRcvData() EVENTTYPE :  NOT_RESUME
12-17 19:34:57.903  3168 20586 D CommunicateRecord : getRcvData() TimeStamp :  20161217193040
12-17 19:34:57.903  3168 20586 D CommunicateRecord : getRcvData() SIM_Index :  0
12-17 19:34:57.903  3168 20586 D CommunicateRecord : getRcvData() ErrorCode :  0
12-17 19:34:57.903  3168 20586 D CommunicateRecord : getRcvData() ErrorType :  2
12-17 19:34:57.903  3168 20586 D CommunicateRecord : getRcvData() MCC :  460
12-17 19:34:57.903  3858  4126 I amsnl   : m1: false
12-17 19:34:57.903  3168 20586 D CommunicateRecord : getRcvData() MNC :  02
12-17 19:34:57.903  3168 20586 D CommunicateRecord : getRcvData() Data_RAT :  LTE
12-17 19:34:57.903  3168 20586 D CommunicateRecord : getRcvData() Voic_RAT :  LTE
12-17 19:34:57.903  3168 20586 D CommunicateRecord : getRcvData() LAC :  10167
12-17 19:34:57.903  3168 20586 D CommunicateRecord : getRcvData() CellID :  46525542
12-17 19:34:57.903  3168 20586 D CommunicateRecord : getRcvData() TAC :  -1
12-17 19:34:57.903  3168 20586 D CommunicateRecord : getRcvData() RAC :  -1
12-17 19:34:57.903  3168 20586 D CommunicateRecord : getRcvData() SignalStrength_RSSI :  -1
12-17 19:34:57.903  3168 20586 D CommunicateRecord : getRcvData() SignalStrength_RSCP :  -1
12-17 19:34:57.903  3168 20586 D CommunicateRecord : getRcvData() SignalStrength_RSRP :  -67
12-17 19:34:57.903  3168 20586 D CommunicateRecord : getRcvData() SignalQuality_WcdmaEcio :  255
12-17 19:34:57.903  3168 20586 D CommunicateRecord : getRcvData() SignalQuality_LteRsrq :  212
12-17 19:34:57.903  3168 20586 D CommunicateRecord : getRcvData() SignalQuality_LteRssnr :  212
12-17 19:34:57.903  3168 20586 D CommunicateRecord : getRcvData() ARFCN :  -1
12-17 19:34:57.903  3168 20586 D CommunicateRecord : getRcvData() Reserve1 :  10
12-17 19:34:57.903  3168 20586 D CommunicateRecord : getRcvData() Reserve2 :  PS
12-17 19:34:57.903  1795  2332 I qti_sensors_hal: [ACC]processReportInd: X: -1.058795 Y: 6.430274 Z: 8.901003  x_offset:0.160831 y_offset:0.184366 z_offset:0.985027
12-17 19:34:57.903  3168 20586 D HwRepairHelper: query() sql:select count(*) from CHRError
12-17 19:34:57.904  1795 15988 W ActivityManager: getRunningAppProcesses: caller 10009 does not hold REAL_GET_TASKS; limiting output
12-17 19:34:57.904  3168 20586 D CommunicateRecord: getDBOptId() return id -1
12-17 19:34:57.904  3858  4126 I amsnl   : m2: false, m3: false
12-17 19:34:57.904  3858  4126 I amsnl   : c: true, w: true, t: false, l: false
12-17 19:34:57.905  3858  4126 I amsnl   : csr
12-17 19:34:57.905  3858  4126 I amsnl   : t:false, fl: false, p: 2147483647000, ce: true, we: true
12-17 19:34:57.906  1795  6988 D wifiserviceimpl: netmask =16580607
12-17 19:34:57.906  3858  4126 I amsnl   : m1: false
12-17 19:34:57.907  1795  3253 W ActivityManager: getRunningAppProcesses: caller 10009 does not hold REAL_GET_TASKS; limiting output
12-17 19:34:57.907  3858  4126 I amsnl   : m2: false, m3: false
12-17 19:34:57.907  3858  4126 I amsnl   : c: true, w: true, t: false, l: false
12-17 19:34:57.909  3218  3234 W PhoneInterfaceManager: shouldBlockLocation running ...
12-17 19:34:57.909  3218  3234 I PhoneInterfaceManager: shouldBlockLocation  ret:false
12-17 19:34:57.914  3626  3753 I SizeStateMachine: handleMaxSizeState: logServiceSize = 69223845
12-17 19:34:57.914  3626  3753 I SizeStateMachine: handleOverMaxSizeState: maxTotalSize = 2147483648
12-17 19:34:57.917  3858  4126 D TelephonyManager: getNeighboringCellInfo calling app is com.amap.android.ams
12-17 19:34:57.918  3168 20586 D HwRepairHelper: insert() the  broadcast  Data has inserted
12-17 19:34:57.918  3168 20586 D HwRepairHelper: query() sql:select * from 'CHREventType' where EVENTTYPE = 'NOT_RESUME'
12-17 19:34:57.919  3218  7071 W PhoneInterfaceManager: shouldBlockLocation running ...
12-17 19:34:57.919  3218  7071 I PhoneInterfaceManager: shouldBlockLocation  ret:false
12-17 19:34:57.920  1795  2377 I AwareLog: AwareMem_EventTracker: [POLLING_TIMEOUT_123095537] is abandoned for memory 832540
12-17 19:34:57.920  1795 17831 D PowerManagerService: ready=true,policy=3,wakefulness=1,wksummary=0x1,uasummary=0x1,bootcompleted=true,boostinprogress=false,waitmodeenable=false,mode=true,manual=33,auto=-1,adj=0.0userId=0
12-17 19:34:57.926  3626  3753 I EventInfoManager: the log(event) is exist.
12-17 19:34:57.927  3168 20586 D HwRepairHelper: update() the  broadcast  Data has updated
12-17 19:34:57.927  3168 20586 D CommunicateRecord: eventUpate  CHREvent Total count  has updated 
12-17 19:34:57.928  3168 20586 D HwRepairHelper: db.close()  has closed 
12-17 19:34:57.928  1795 15987 D PowerManagerService: ready=true,policy=3,wakefulness=1,wksummary=0x1,uasummary=0x1,bootcompleted=true,boostinprogress=false,waitmodeenable=false,mode=true,manual=33,auto=-1,adj=0.0userId=0
12-17 19:34:57.931  2852  2852 I NetworkController.WifiSignalController: Change in state from: connected=true,enabled=true,level=4,inetCondition=1,iconGroup=IconGroup(Wi-Fi Icons),activityIn=true,activityOut=true,rssi=-48,lastModified=12-17 07:33:00,isChaged:false,wifiNoInternet=false,ssid="Huawei-Employee"
12-17 19:34:57.931  2852  2852 I NetworkController.WifiSignalController: 	to: connected=true,enabled=true,level=4,inetCondition=1,iconGroup=IconGroup(Wi-Fi Icons),activityIn=false,activityOut=false,rssi=-48,lastModified=12-17 07:33:00,isChaged:false,wifiNoInternet=false,ssid="Huawei-Employee"
12-17 19:34:57.931  2852  2852 I SignalClusterView: mWifiVisible is:truemWifiStrengthId is:2130839427mWifiDescription is:WLAN 信号强度满格。
12-17 19:34:57.932  3218  6115 W PhoneInterfaceManager: shouldBlockLocation running ...
12-17 19:34:57.932  2852  2852 D NetWorkUtils: mVSimCurCardType is -1
12-17 19:34:57.932  3218  6115 I PhoneInterfaceManager: shouldBlockLocation  ret:false
12-17 19:34:57.932  2852  2852 I HwSignalClusterView: apply hwPhoneState.mSubId:0 anyMobileVisible:false mIsAirplaneMode:false, mobileGroupVisible=true
12-17 19:34:57.933  2852  2852 I SignalClusterView: mWifiVisible is:truemWifiStrengthId is:2130839427mWifiDescription is:WLAN 信号强度满格。
