12-17 19:32:59.940  1795  1821 I WindowManger_keyguard: Setting mDismissKeyguard true by win Window{e6a6b5e u0 com.android.incallui/com.android.incallui.InCallActivity}
12-17 19:32:59.942   836   928 I knuckle_sensor: Got ENABLE response, status = 0, id = 69
12-17 19:32:59.954  2852  2852 D KeyguardViewMediator: handleNotifyScreenTurnedOff
12-17 19:33:00.001  1795  2376 I AlarmManager: there are no wakeup alarms and the screen is off, we can delay what we have so far until the future
12-17 19:33:00.106  1795  2371 E LightSensor: read Events lux: 21.0
12-17 19:33:00.106  1795  1825 D AutomaticBrightnessController: ambient lux=21.0,timeStamp =442916469212000
12-17 19:33:00.107  1795  1825 D HwNormalizedAutomaticBrightnessController: mAmbientLuxValid=true,mWakeupFromSleep= false
12-17 19:33:00.107  1795  1825 D HwAmbientLuxFilterAlgo: updateAmbientLux: Initializing: mAmbientLightRingBuffer=[21.0 / 1ms], mAmbientLux=21.0
12-17 19:33:00.107  1795  1825 D HwAmbientLuxFilterAlgo: earliestValidTime + POWER_ON_BRIGHTENING_LIGHT_DEBOUNCE
12-17 19:33:00.107  1795  1825 D HwAmbientLuxFilterAlgo: earliestValidTime + POWER_ON_DARKENING_LIGHT_DEBOUNCE
12-17 19:33:00.109  1795  1825 D HwAmbientLuxFilterAlgo: t=123063792,BT=123064292,DT=123064792,BT1=123067792,DT1=123071792,Bn=false,Dn=false,lx=[21.0/123063792],mLx=21.0,s=5.0,ss=0.0,AuIntervened=false,mProximityState=false,bLux=244.0,dLux=5.5,bLux1=244.0,dLux1=5.5
12-17 19:33:00.109  1795  1825 D HwNormalizedAutomaticBrightnessController: need to update brightness: mAmbientLux=21.0
12-17 19:33:00.109  1795  1825 D HwNormalizedSpline: interpolate:mPosBrightness=0.0lux=21.0,mIsReboot=true,mIsUserChange=false,mDelta=0.0
12-17 19:33:00.109  1795  1825 D HwNormalizedSpline: offsetBrightness=35.92,mOffsetBrightness_last35.92,lux=21.0,mPosBrightness=0.0,mIsUserChange=false,mDelta=0.0,defaultBrightness=35.92,mStartLuxDefaultBrightness=35.92mLastLuxDefaultBrightness=35.92
12-17 19:33:00.110  5224  5224 I Step_LSC: 20002302|onStandStepChanged 65570
12-17 19:33:00.110  1795  1825 D HwNormalizedSpline: write:userId=0,mPosBrightness =0.0,mOffsetBrightness_last=35.92,mIsUserChange=false,mDeltaNew=0.0,mStartLuxDefaultBrightness=35.92mLastLuxDefaultBrightness=35.92,mAmLux=21.0
12-17 19:33:00.110  1795  1825 D AutomaticBrightnessController: updateAutoBrightness: mScreenAutoBrightness=18, newScreenAutoBrightness=36
12-17 19:33:00.111  5224  5224 I Step_LSC: 20002302|compensate received
12-17 19:33:00.111  1795  1825 I PowerManager_screenOn: DisplayPowerController updatePowerState mPendingRequestLocked=policy=BRIGHT, useProximitySensor=true, useProximitySensorbyPhone=true, screenBrightness=33, screenAutoBrightnessAdjustment=0.0, brightnessSetByUser=true, useAutoBrightness=true, blockScreenOn=false, lowPowerMode=false, boostScreenBrightness=false, dozeScreenBrightness=-1, dozeScreenState=UNKNOWN, useTwilight=false, useSmartBacklight=true, brightnessWaitMode=false, brightnessWaitRet=true, screenAutoBrightness=-1, userId=0
12-17 19:33:00.111  1795  1825 D DisplayPowerController: Animating brightness: target=36, rate=0
12-17 19:33:00.112  1795  1825 I PowerManager_screenOn: DisplayPowerController updatePowerState mPendingRequestLocked=policy=BRIGHT, useProximitySensor=true, useProximitySensorbyPhone=true, screenBrightness=33, screenAutoBrightnessAdjustment=0.0, brightnessSetByUser=true, useAutoBrightness=true, blockScreenOn=false, lowPowerMode=false, boostScreenBrightness=false, dozeScreenBrightness=-1, dozeScreenState=UNKNOWN, useTwilight=false, useSmartBacklight=true, brightnessWaitMode=false, brightnessWaitRet=true, screenAutoBrightness=-1, userId=0
12-17 19:33:00.112  1795  1825 D DisplayPowerController: Animating brightness: target=36, rate=40
12-17 19:33:00.114  5224  5283 I Step_DataCache: 20002302|getTodayTotalSteps 4189
12-17 19:33:00.115  5224  5283 I Step_ExtendStepDataManager: 20002302|before compensate: cache step_4189
12-17 19:33:00.118  5224  5283 I Step_DataCache: 20002302|getTodayTotalSteps 4189
12-17 19:33:00.121  5224  5283 I Step_DataCache: 20002302|getTodayTotalSteps 4195
12-17 19:33:00.122  5224  5283 I Step_ExtendStepDataManager: 20002302|after compensate: cache step_4195
12-17 19:33:00.153  1795  2750 D SurfaceControl: Excessive delay in setPowerMode(): 215ms
12-17 19:33:00.160  1795  1795 I WindowManger_keyguard: Setting mDismissKeyguard true by win Window{e6a6b5e u0 com.android.incallui/com.android.incallui.InCallActivity}
12-17 19:33:00.179  2852  2852 D KeyguardViewMediator: handleNotifyScreenTurningOn
12-17 19:33:00.179  2852  2852 I PhoneStatusBar: onScreenTurningOn
12-17 19:33:00.180  2852  2852 D KeyguardViewMediator: handleNotifyScreenTurnedOn End with : 30150
12-17 19:33:00.180  1795  3884 I WindowManger_keyguard: **** SHOWN CALLED ****
12-17 19:33:00.180  1795  3884 D WindowManager: mKeyguardDelegate.ShowListener.onDrawn.
12-17 19:33:00.180  1795  3884 I WindowManger_keyguard: hideScrim()
12-17 19:33:00.183  1795  1795 I WindowManger_keyguard: Setting mDismissKeyguard true by win Window{e6a6b5e u0 com.android.incallui/com.android.incallui.InCallActivity}
12-17 19:33:00.193  1795  1795 V HwPhoneWindowManager: updateSystemUiColorLw window=Window{e6a6b5e u0 com.android.incallui/com.android.incallui.InCallActivity},EmuiStyle=1,StatusBarColor=0x0,NavigationBarColor=0x0, mLastIsEmuiLightStyle=1
12-17 19:33:00.197  1795  1795 I WindowManger_keyguard: Setting mDismissKeyguard true by win Window{e6a6b5e u0 com.android.incallui/com.android.incallui.InCallActivity}
12-17 19:33:00.212  5224  5283 I Step_SharedPerferenceUtils: 20002302| getTodayTotalDetailSteps from Prefence success and todaySendorSteps= 1481974260000##4181##172159##0##0##442862678
12-17 19:33:00.214  1795  1795 I WindowManger_keyguard: Setting mDismissKeyguard true by win Window{e6a6b5e u0 com.android.incallui/com.android.incallui.InCallActivity}
12-17 19:33:00.214  5224  5283 I Step_SharedPerferenceUtils: 20002302|setTodayTotalDetailSteps to Prefence todaySendorSteps=1481974320000##4195##172167##0##0##442916578
12-17 19:33:00.227  5224  5283 I Step_LSC: 20002302|calculateCaloriesWithCache datas.size=8374
12-17 19:33:00.228  1795  1795 I ActivityManager_activity: completedResumed: ActivityRecord{b46dc67 u0 com.android.incallui/.InCallActivity t310}, launchTrack: outofsleep resumeTopComplete
12-17 19:33:00.230  5224  5283 I Step_LSC: 20002302|calculateCaloriesWithCache totalCalories=89805
12-17 19:33:00.231  5224  5283 I Step_LSC: 20002302|calculateAltitudeWithCache datas.size=8374
12-17 19:33:00.234  5224  5283 I Step_LSC: 20002302|calculateAltitudeWithCache totalAltitude=0
12-17 19:33:00.235  1795  1795 I WindowManger_keyguard: Started waking up...
12-17 19:33:00.235  1795  1795 I WindowManger_keyguard: onStartedWakingUp()
12-17 19:33:00.235  1795  1795 I PowerManager_screenOn: PowerManagerNotifier Sending wake up broadcast.
12-17 19:33:00.235  2852  2822 D KeyguardService: Caller checkPermission fail
12-17 19:33:00.235  2852  2822 D KeyguardService: KGSvcCall onStartedWakingUp.
12-17 19:33:00.235  5224  5283 I Step_LSC: 20002302|REPORT : 4195 89805 2995 0
12-17 19:33:00.235  2852  2822 W HwLockScreenReporter: report result = falsereport type:122 msg:
12-17 19:33:00.235  2852  2822 D KeyguardViewMediator: onStartedWakingUp, seq = 476
12-17 19:33:00.235  2852  2822 D KeyguardViewMediator: notifyStartedWakingUp
12-17 19:33:00.235  2852  2822 W AppHandler: sendMessage 14
12-17 19:33:00.235  2852  2852 D KeyguardViewMediator: handleNotifyWakingUp
12-17 19:33:00.235  2852  2852 I PhoneStatusBar: onStartedWakingUp
12-17 19:33:00.236  2852  2852 V KeyguardUpdateMonitor: FingerStat Visible: false; Interactive: true; Switching: false; Bouncer:false; GoingToSleep: false Occluded: false; dreaming: false; Authenticated: false
12-17 19:33:00.236  2852  2852 V KeyguardUpdateMonitor: KGSvcFp stopListeningForFingerprint(). 1
12-17 19:33:00.236  1795  1795 I SendBroadcastPermission: action:android.intent.action.SCREEN_ON, mPermissionType:0
12-17 19:33:00.236  1795 15988 I Security_fingerprint: FingerprintService cancelAuthentication
12-17 19:33:00.237  1795  2326 V FingerprintService: stop client com.android.systemui
12-17 19:33:00.237  2852  2852 W KeyguardUpdateMonitor: Fingerprint RunningStateChanged. 2
12-17 19:33:00.237  3608  3608 D InCall  : InCallActivity - onStart()...
12-17 19:33:00.237   835   835 I fingerprintd: FingerprintDaemonProxyEx::onTransact, code:2
12-17 19:33:00.237   835   835 V fingerprintd: stopAuthentication()
12-17 19:33:00.238   835   835 D fpc_fingerprint_hal: fpc_cancel
12-17 19:33:00.238   835  2385 D fpc_fingerprint_hal: fpc poll irq interupt
12-17 19:33:00.238   835  2385 D fpc_fingerprint_hal: wait_finger_down, took 29512 ms
12-17 19:33:00.238   835  2385 E fpc_fingerprint_hal: capture_image failed -4
12-17 19:33:00.238  2852  2852 D TimeKeeper: getTimeTickInfo:[mMillisUntilFinished:0, mHour:0, mMinute:0, mSecond:0]
12-17 19:33:00.238  2852  2852 E KeyguardUpdateMonitor: isSimPinSecure mSimDatas is null or empty 
12-17 19:33:00.238   835  2385 I fpc_fingerprint_hal: timeForContinueCapture id:29512
12-17 19:33:00.238  2852  2852 E KeyguardUpdateMonitor: isSimPinSecure mSimDatas is null or empty 
12-17 19:33:00.238  5224  5283 I SendBroadcastPermission: action:android.com.huawei.bone.NOTIFY_SPORT_DATA, mPermissionType:0
12-17 19:33:00.238  2852  2852 W HwLockScreenPanel: createLockScreenView when reset
12-17 19:33:00.238   835  2385 E libteec : begin
12-17 19:33:00.238   606  2379 E libteec : receive data len = 128
12-17 19:33:00.238  2852  2852 I HwLockScreenPanel: loadMagazine
12-17 19:33:00.240  2852  2852 V KeyguardStatusView: Enable transport text marquee
12-17 19:33:00.240  1795  1795 I HwActivityManagerService: Split enqueueing broadcast [callerApp]:ProcessRecord{34bf34f 0:system/1000}
12-17 19:33:00.241  1795  1795 I ActivityManager_broadcast: Enqueueing ordered broadcast[foreground] BroadcastRecord{5a069bd u-1 android.intent.action.SCREEN_ON}: prev had 0
12-17 19:33:00.241  1795  1809 I PowerManager_screenOn: finishKeyguardDrawn -> waitForAllWindowsDrawn
12-17 19:33:00.242  1795  1809 I PowerManager_screenOn: waitForAllWindowsDrawn  cover is open or null
12-17 19:33:00.242  1795  1821 I ActivityManager_activity: Incall is gone
12-17 19:33:00.242  1795  1821 I ActivityManager_activity: windowsGone(): ActivityRecord{b46dc67 u0 com.android.incallui/.InCallActivity t310}
12-17 19:33:00.242  1795  1821 I DisplayManagerService: Display device changed state: "内置屏幕", ON
12-17 19:33:00.242  1795  1795 I NotificationManager: cancelNotification,index:-1
12-17 19:33:00.242  1795  1809 D HwPhoneWindowManager: Transact:setSystemUIColor to status bar service
12-17 19:33:00.243  2852  2822 I CommandQueue: updateBarBgColor
12-17 19:33:00.243  2852  2822 D CommandQueue: CommandQueue, setBarBackgroundColor
12-17 19:33:00.244  1795  1808 I ActivityManager_broadcast: dispatch ordered broadcast [foreground] BroadcastRecord{5a069bd u-1 android.intent.action.SCREEN_ON}, has 57 receivers
12-17 19:33:00.245  5224  5283 I SendBroadcastPermission: action:android.com.huawei.bone.NOTIFY_SPORT_DATA, mPermissionType:0
12-17 19:33:00.246  2852  2925 I EventCenter: ContentChange for slot: 1
12-17 19:33:00.246  1795  3238 D ActivityManager: setExcludeFromRecents:pkgName=null
12-17 19:33:00.247   606  2379 E libteec : QSEECom_send_cmd return!
12-17 19:33:00.247   606  2379 E libteec : qsc_send_cmd finish
12-17 19:33:00.247   606  2379 E libteec : send data return = 128
12-17 19:33:00.247   835  2385 E libteec : receive data len = 128
