12-17 19:31:57.887  3608  3608 D InCall  : AnswerPresenter - onCallListChange callList=com.android.incallui.CallList@86c7f97
12-17 19:31:57.887  3608  3608 D HwCust  : Create obj success use class com.android.incallui.HwCustAnswerPresenterImpl
12-17 19:31:57.889  1795  1795 I NotificationManager: cancelNotification,index:0
12-17 19:31:57.889  1795  1795 I NotificationManager: cancelNotification,cancelNotificationLocked,callingUid = 1001,callingPid = 3608
12-17 19:31:57.889  1795  1795 I NotificationManager: cancelNotificationLocked called,tell the app,reason = 8
12-17 19:31:57.889  1795  1795 I NotificationManager: cancelNotificationLocked:0|com.android.incallui|2|null|1001
12-17 19:31:57.889  1795  1795 I NotificationManager: cancelNotificationLocked,remove =com.android.incallui
12-17 19:31:57.890  1795  1795 I NotificationManager: updateLightsLocked,mInCall =true,mScreenOn = false,ledNotification == null?true
12-17 19:31:57.890  1795  1795 I NotificationManager: updateLightsLocked,turn off notificationLight
12-17 19:31:57.890  1795  1795 I Sensor  : turn off notificationLight due to incall or screenon
12-17 19:31:57.890  1795  1795 I Sensor  : updateLight --> mIsNotificationExisting: false ledOnMS: 0 ledOffMS :0
12-17 19:31:57.890  1795  1795 I Sensor  : updateLightsLocked --> level:78, status:3
12-17 19:31:57.890  1795  1795 I Sensor  : updateLightsLocked --> mBatteryLight.turnOff
12-17 19:31:57.895  3608  3608 D InCall  : AnswerPresenter - onCallListChange callList=com.android.incallui.CallList@86c7f97
12-17 19:31:57.895  1795  2736 E hwintelligencewifi:  DefaultState MSG_SCREEN_OFF mIsAutoOpenSearch = false
12-17 19:31:57.895  1795  2377 I IO.IOStatsService: onReceive:screen off
12-17 19:31:57.897  2852  2852 I StackScrollAlgorithm: overlapAmount:763.6, previousNotificationEnd:607.0, newYTranslation:-156.59998, location:2, i:1, getTopPadding:499.0, getLocationOnScreen():-36
12-17 19:31:57.897  2852  2852 I StackScrollAlgorithm: updateClipping isOverlap:true
12-17 19:31:57.897  2852  2852 I StackScrollAlgorithm: updateDimmedActivatedHideSensitive overlap:true
12-17 19:31:57.900  1795  2377 I IO.IOStatsService: saveIOStatsAndLatestUids,the time interval is too shorter than the last screen off
12-17 19:31:57.901  2883  2883 D HwKeyguardManagerImpl: isLockScreenDisabled HwKeyguardManagerImpl result = false
12-17 19:31:57.901  2852  2852 I BackgrounCallingLayout: simCount:2 phoneState:2
12-17 19:31:57.901  2852  2852 I BackgrounCallingLayout: mCallingStatusReceiver:onReceive::action=InCallScreenIsForegroundActivity, isForegroundActivity=true, mPhoneState=2
12-17 19:31:57.902  1795 16500 D PowerManagerService: acquire lock=184063844, flags=0x1, tag="NetworkStats", name=android, ws=null, uid=1000, pid=1795
12-17 19:31:57.902  1795 16500 D PowerManagerService: ready=false,policy=3,wakefulness=1,wksummary=0x11,uasummary=0x1,bootcompleted=true,boostinprogress=false,waitmodeenable=false,mode=true,manual=33,auto=-1,adj=0.0userId=0
12-17 19:31:57.902  1795 16500 D PowerManagerService: Acquiring suspend blocker "PowerManagerService.WakeLocks".
12-17 19:31:57.902  2852  2852 I BackgrounCallingLayout: updateCallLayout:isBackground=false, isInteractive=true
12-17 19:31:57.903  2852  2852 I HwPhoneStatusBar: mNotifyStateChangedReceiver::onReceive:action=InCallScreenIsForegroundActivity, mBackgroundState=false
12-17 19:31:57.903  2852  2852 I StatusBar: onNotificationRemoved: StatusBarNotification(pkg=com.android.incallui user=UserHandle{0} id=2 tag=null key=0|com.android.incallui|2|null|1001: Notification(pri=2 contentView=null vibrate=null sound=null defaults=0x0 flags=0x2 color=0x00000000 actions=3 vis=PRIVATE publicVersion=Notification(pri=0 contentView=null vibrate=null sound=null defaults=0x0 flags=0x0 color=0xff33b5e5 vis=PRIVATE)))
12-17 19:31:57.905  1795 16500 D NetdConnector: SND -> {11609 bandwidth gettetherstats}
12-17 19:31:57.906  1795  2665 D NetdConnector: RCV <- {200 11609 Tethering stats list completed}
12-17 19:31:57.906  1795  2665 D NetdConnector: RCV <- {200 11609 Tethering stats list completed}
12-17 19:31:57.908  1795 16500 W NetworkStatsFactory: mStatsXtProcUid: /proc/net/comm/stats does not exist!
12-17 19:31:57.908  1795 16500 D HwNetworkStatsService: mActiveIface: null
12-17 19:31:57.910  1795 16500 I SendBroadcastPermission: action:com.android.server.action.NETWORK_STATS_UPDATED, mPermissionType:0
12-17 19:31:57.919  2852  2852 I PhoneStatusBar: removeNotification:0|com.android.incallui|2|null|1001
12-17 19:31:57.919  2852  2852 I StatusBar: removeNotificationViews:0|com.android.incallui|2|null|1001
12-17 19:31:57.920  2852  2852 I NotificationGroupManager: onEntryRemoved:0|com.android.incallui|2|null|1001
12-17 19:31:57.920  2852  2852 I NotificationGroupManager: onEntryRemovedInternal:0|com.android.incallui|2|null|1001, group=0|com.android.incallui|2|null|1001
12-17 19:31:57.920  2852  2852 I NotificationGroupManager: summary = null
12-17 19:31:57.920  2852  2852 I HwPhoneStatusBar: updateNotificationShade
12-17 19:31:57.920  2852  2852 I PhoneStatusBar: updateNotificationShade
12-17 19:31:57.921  2852  2852 I PhoneStatusBar: removeNotificationChildren
12-17 19:31:57.921  2852  2852 I HwNotificationIconAreaController: showNotificationAll
12-17 19:31:57.921  1795  2396 I NotificationManager: onNotificationExpansionChanged called
12-17 19:31:57.938  2852  2852 I StackScrollAlgorithm: updateClipping isOverlap:false
12-17 19:31:57.938  2852  2852 I StackScrollAlgorithm: updateDimmedActivatedHideSensitive overlap:false
12-17 19:31:57.939  2852  2852 I ActivatableNotificationView: setOverlap mOverlap:false, mDimmed:false
12-17 19:31:57.940  2852  2852 D DateTimeView: Change to single clock mode!
12-17 19:31:57.941  2852  2852 D DateTimeView: Change to single clock mode!
12-17 19:31:58.069  1795  1825 D HwNormalizedAutomaticBrightnessController: sensor doesn't report lux in 200ms
12-17 19:31:58.069  1795  1825 I PowerManager_screenOn: DisplayPowerController updatePowerState mPendingRequestLocked=policy=BRIGHT, useProximitySensor=true, useProximitySensorbyPhone=true, screenBrightness=33, screenAutoBrightnessAdjustment=0.0, brightnessSetByUser=true, useAutoBrightness=true, blockScreenOn=false, lowPowerMode=false, boostScreenBrightness=false, dozeScreenBrightness=-1, dozeScreenState=UNKNOWN, useTwilight=false, useSmartBacklight=true, brightnessWaitMode=false, brightnessWaitRet=true, screenAutoBrightness=-1, userId=0
12-17 19:31:58.070  1795  1825 D DisplayPowerController: Animating brightness: target=24, rate=0
12-17 19:31:58.070  1795  1825 I PowerManager_screenOn: DisplayPowerController updatePowerState mPendingRequestLocked=policy=BRIGHT, useProximitySensor=true, useProximitySensorbyPhone=true, screenBrightness=33, screenAutoBrightnessAdjustment=0.0, brightnessSetByUser=true, useAutoBrightness=true, blockScreenOn=false, lowPowerMode=false, boostScreenBrightness=false, dozeScreenBrightness=-1, dozeScreenState=UNKNOWN, useTwilight=false, useSmartBacklight=true, brightnessWaitMode=false, brightnessWaitRet=true, screenAutoBrightness=-1, userId=0
12-17 19:31:58.070  1795  1825 D DisplayPowerController: Animating brightness: target=24, rate=40
12-17 19:31:58.074  1795  2332 I qti_sensors_hal: [ACC]processReportInd: X: 5.189679 Y: 8.112844 Z: 0.050998  x_offset:0.160831 y_offset:0.184366 z_offset:0.985027
12-17 19:31:58.087  1795  2750 D SurfaceControl: Excessive delay in setPowerMode(): 210ms
12-17 19:31:58.088  1795  1821 I DisplayManagerService: Display device changed state: "内置屏幕", ON
12-17 19:31:58.089  3608  3608 D InCall  : InCallActivity - onResume()... end
12-17 19:31:58.089  3608  3608 I InCall  : VideoCallFragment - onResume
12-17 19:31:58.089  3608  3608 I InCall  : VideoCallPresenter - isVideoCallWorking, state is: 3
12-17 19:31:58.089  3608  3608 I InCall  : VideoCallFragment - onResume: Surface exist, resume videos
12-17 19:31:58.090  3608  3608 D InCall  : VideoCallPresenter - resumeVideo: Error bad state mPrimaryCall=[Call_10, ACTIVE, [Capabilities: CAPABILITY_HOLD CAPABILITY_SUPPORT_HOLD CAPABILITY_MUTE CAPABILITY_CANNOT_DOWNGRADE_VIDEO_TO_AUDIO], children:[], parent:null, conferenceable:[], videoState:Audio Only, mSessionModificationState:0, VideoSettings:(CameraDir:-1)] mVideoCall=null
12-17 19:31:58.090  3608  3608 I InCall  : VTCallButtonFragment - --- onResume ---
12-17 19:31:58.090  1795  1795 D DeviceIdleController: updateDisplayLocked: screenOn=true
12-17 19:31:58.090  1795  1795 I DeviceIdleController: becomeActiveLocked, reason = screen
12-17 19:31:58.090  3608  3608 I ActivityManager_activity: Resuming ActivityRecord{fd45985 token=android.os.BinderProxy@af8ea9b {com.android.incallui/com.android.incallui.InCallActivity}} with isForward=true,forwardBitChanged=true onlyLocalRequest=false
12-17 19:31:58.091  1795  1795 I AlarmManager: remove(null) changed bounds; rebatching
12-17 19:31:58.091   832  1840 E Parcel  : Reading a NULL string not supported here.
12-17 19:31:58.091   832  1840 E Parcel  : Reading a NULL string not supported here.
12-17 19:31:58.093  1795  1795 D DeviceIdleController: stopMonitoringMotionLocked()
12-17 19:31:58.093  1795  1795 I AlarmManager: remove(null) changed bounds; rebatching
12-17 19:31:58.093  1795 17832 D PowerManagerService: ready=false,policy=3,wakefulness=1,wksummary=0x11,uasummary=0x1,bootcompleted=true,boostinprogress=false,waitmodeenable=false,mode=true,manual=33,auto=-1,adj=0.0userId=0
12-17 19:31:58.094  1795  1821 I WindowManger_keyguard: Setting mDismissKeyguard true by win Window{e6a6b5e u0 com.android.incallui/com.android.incallui.InCallActivity}
12-17 19:31:58.094  1795 16500 I HwActivityManagerService: Split enqueueing broadcast [callerApp]:ProcessRecord{34bf34f 0:system/1000}
12-17 19:31:58.095  1795 16500 D PowerManagerService: release:lock=184063844, flg=0x0, tag="NetworkStats", name=android", ws=null, uid=1000, pid=1795
12-17 19:31:58.095  1795  1807 D DeviceIdleController: handleMessage(5)
12-17 19:31:58.096  1795 16500 D PowerManagerService: ready=false,policy=3,wakefulness=1,wksummary=0x11,uasummary=0x1,bootcompleted=true,boostinprogress=false,waitmodeenable=false,mode=true,manual=33,auto=-1,adj=0.0userId=0
12-17 19:31:58.097  1795  3247 D PowerManagerService: ready=false,policy=3,wakefulness=1,wksummary=0x11,uasummary=0x1,bootcompleted=true,boostinprogress=false,waitmodeenable=false,mode=true,manual=33,auto=-1,adj=0.0userId=0
12-17 19:31:58.098  3608  3608 I InCall  : CallList - hasAnyLiveCall call = [Call_10, ACTIVE, [Capabilities: CAPABILITY_HOLD CAPABILITY_SUPPORT_HOLD CAPABILITY_MUTE CAPABILITY_CANNOT_DOWNGRADE_VIDEO_TO_AUDIO], children:[], parent:null, conferenceable:[], videoState:Audio Only, mSessionModificationState:0, VideoSettings:(CameraDir:-1)]
12-17 19:31:58.098  3608  3608 I InCall  : ProximitySensor - isDisplayOn: true
12-17 19:31:58.098  1795 15988 D PowerManagerService: ready=false,policy=3,wakefulness=1,wksummary=0x11,uasummary=0x1,bootcompleted=true,boostinprogress=false,waitmodeenable=false,mode=true,manual=33,auto=-1,adj=0.0userId=0
12-17 19:31:58.099  2883  2883 I HwSystemManager: AntiMalManager:receive Broadcast ACTION_SCREEN_OFF mOnTimeSum:260909299 onTime:542962 isPowerConnected:false
12-17 19:31:58.099  1795 17831 I qti_sensors_hal: flush,395,handle 0
12-17 19:31:58.099  1795 17831 I qti_sensors_hal: flush,260 handle 0
12-17 19:31:58.099  1795  3139 D PowerManagerService: ready=false,policy=3,wakefulness=1,wksummary=0x10,uasummary=0x1,bootcompleted=true,boostinprogress=false,waitmodeenable=false,mode=true,manual=33,auto=-1,adj=0.0userId=0
12-17 19:31:58.099  1795  3139 D PowerManagerService: Releasing suspend blocker "PowerManagerService.WakeLocks".
12-17 19:31:58.100  2883  2883 I HwSystemManager: AutoCleanReceiveServer:receive action:android.intent.action.SCREEN_OFF
12-17 19:31:58.102  2883  2883 I HwSystemManager: AutoCleanReceiveServer:telemamanger state isIdle:true
12-17 19:31:58.102  2883  2883 I HwSystemManager: AutoCleanReceiveServer:checkToStartCleanService,phone is use state,phone is use,need not start clean service
12-17 19:31:58.107  1795  3077 D GnssLocationProvider: receive broadcast intent, action: android.intent.action.SCREEN_OFF
12-17 19:31:58.107  1795  3077 I GnssLocationProvider: updateLowPowerMode,isPowerSaveMode:falseisInteractive:true
12-17 19:31:58.107  1795  3077 I GnssLocationProvider: disableGps:false  isEnabled()=true
12-17 19:31:58.107  3180  3180 E libc    : Access denied finding property "persist.sys.smart_power"
12-17 19:31:58.108  3180  3180 E libc    : Access denied finding property "persist.sys.smart_power"
12-17 19:31:58.108  2883  3040 I HwSystemManager: TrafficNotifyAfterLocked:mLockStartTraffic = 0;mLockStartTrafficList = {}
12-17 19:31:58.110  1795 16499 D PowerManagerService: acquire lock=152331024, flags=0x1, tag="RILJ_ACK_WL", name=com.android.phone, ws=null, uid=1001, pid=3218
12-17 19:31:58.110  1795 16499 D PowerManagerService: ready=false,policy=3,wakefulness=1,wksummary=0x11,uasummary=0x1,bootcompleted=true,boostinprogress=false,waitmodeenable=false,mode=true,manual=33,auto=-1,adj=0.0userId=0
12-17 19:31:58.110  1795 16499 D PowerManagerService: Acquiring suspend blocker "PowerManagerService.WakeLocks".
12-17 19:31:58.111  2852  3361 I vol.VolumeDialogControl: C onScreenOff 
