12-17 19:34:58.916 16628 27121 I TotemWeather: TaskController:handleTask citycode= nullstate= 3
12-17 19:34:58.916 16628 27121 I TotemWeather: WeatherParserFactorys:type is 1
12-17 19:34:58.918 20602 20602 D baidu_location_service: baidu location service stop ...
12-17 19:34:58.920  5224  5224 I Step_LSC: 20002302|onStandStepChanged 65612
12-17 19:34:58.921  5224  5224 I Step_LSC: 20002302|compensate received
12-17 19:34:58.922  5224  5283 I Step_DataCache: 20002302|getTodayTotalSteps 4236
12-17 19:34:58.923  5224  5283 I Step_ExtendStepDataManager: 20002302|before compensate: cache step_4236
12-17 19:34:58.925  5224  5283 I Step_DataCache: 20002302|getTodayTotalSteps 4236
12-17 19:34:58.925  5224  5283 I Step_ExtendStepDataManager: 20002302|compensate 24699574 26
12-17 19:34:58.927   816 20618 D DnsProxyListener: GetAddrInfoHandler addr: api.accuweather.com {304, 917808, 10028} 104.88.152.53
12-17 19:34:58.927  5224  5283 I Step_DataCache: 20002302|getTodayTotalSteps 4237
12-17 19:34:58.928  5224  5283 I Step_ExtendStepDataManager: 20002302|after compensate: cache step_4237
12-17 19:34:58.932  2852  2852 I NetworkController.WifiSignalController: Change in state from: connected=true,enabled=true,level=4,inetCondition=1,iconGroup=IconGroup(Wi-Fi Icons),activityIn=false,activityOut=false,rssi=-48,lastModified=12-17 07:34:57,isChaged:false,wifiNoInternet=false,ssid="Huawei-Employee"
12-17 19:34:58.932  2852  2852 I NetworkController.WifiSignalController: 	to: connected=true,enabled=true,level=4,inetCondition=1,iconGroup=IconGroup(Wi-Fi Icons),activityIn=true,activityOut=true,rssi=-48,lastModified=12-17 07:34:57,isChaged:false,wifiNoInternet=false,ssid="Huawei-Employee"
12-17 19:34:58.932  2852  2852 I SignalClusterView: mWifiVisible is:truemWifiStrengthId is:2130839427mWifiDescription is:WLAN 信号强度满格。
12-17 19:34:58.933  2852  2852 D NetWorkUtils: mVSimCurCardType is -1
12-17 19:34:58.934  2852  2852 I HwSignalClusterView: apply hwPhoneState.mSubId:0 anyMobileVisible:false mIsAirplaneMode:false, mobileGroupVisible=true
12-17 19:34:58.934  2852  2852 I SignalClusterView: mWifiVisible is:truemWifiStrengthId is:2130839427mWifiDescription is:WLAN 信号强度满格。
12-17 19:34:58.934  2852  2852 D NetWorkUtils: mVSimCurCardType is -1
12-17 19:34:58.935  2852  2852 I HwSignalClusterView: apply hwPhoneState.mSubId:0 anyMobileVisible:false mIsAirplaneMode:false, mobileGroupVisible=true
12-17 19:34:58.939 20602 20616 W DeviceId: galaxy lib host missing meta-data,make sure you know the right way to integrate galaxy
12-17 19:34:58.939 20602 20616 W DeviceId: galaxy lib host missing meta-data,make sure you know the right way to integrate galaxy
12-17 19:34:58.939 20602 20616 W DeviceId: galaxy lib host missing meta-data,make sure you know the right way to integrate galaxy
12-17 19:34:58.944  1795  1825 D AutomaticBrightnessController: ambient lux=102.0,timeStamp =443035305559000
12-17 19:34:58.944  2852  2852 I SignalClusterView: applyIconTint ignore
12-17 19:34:58.951 20602 20616 E SQLiteLog: (14) cannot open file at line 32731 of [bda77dda96]
12-17 19:34:58.951 20602 20616 E SQLiteLog: (14) os_unix.c:32731: (13) open(/storage/emulated/0/baidu/tempdata/ls.db) - 
12-17 19:34:58.952 20602 20616 E SQLiteDatabase: Failed to open database '/storage/emulated/0/baidu/tempdata/ls.db'.
12-17 19:34:58.952 20602 20616 E SQLiteDatabase: android.database.sqlite.SQLiteCantOpenDatabaseException: unknown error (Sqlite code 14): Could not open database, (OS error - 13:Permission denied)
12-17 19:34:58.952 20602 20616 E SQLiteDatabase: 	at android.database.sqlite.SQLiteConnection.nativeOpen(Native Method)
12-17 19:34:58.952 20602 20616 E SQLiteDatabase: 	at android.database.sqlite.SQLiteConnection.open(SQLiteConnection.java:219)
12-17 19:34:58.952 20602 20616 E SQLiteDatabase: 	at android.database.sqlite.SQLiteConnection.open(SQLiteConnection.java:203)
12-17 19:34:58.952 20602 20616 E SQLiteDatabase: 	at android.database.sqlite.SQLiteConnectionPool.openConnectionLocked(SQLiteConnectionPool.java:511)
12-17 19:34:58.952 20602 20616 E SQLiteDatabase: 	at android.database.sqlite.SQLiteConnectionPool.open(SQLiteConnectionPool.java:194)
12-17 19:34:58.952 20602 20616 E SQLiteDatabase: 	at android.database.sqlite.SQLiteConnectionPool.open(SQLiteConnectionPool.java:183)
12-17 19:34:58.952 20602 20616 E SQLiteDatabase: 	at android.database.sqlite.SQLiteDatabase.openInner(SQLiteDatabase.java:880)
12-17 19:34:58.952 20602 20616 E SQLiteDatabase: 	at android.database.sqlite.SQLiteDatabase.open(SQLiteDatabase.java:864)
12-17 19:34:58.952 20602 20616 E SQLiteDatabase: 	at android.database.sqlite.SQLiteDatabase.openDatabase(SQLiteDatabase.java:767)
12-17 19:34:58.952 20602 20616 E SQLiteDatabase: 	at android.database.sqlite.SQLiteDatabase.openOrCreateDatabase(SQLiteDatabase.java:782)
12-17 19:34:58.952 20602 20616 E SQLiteDatabase: 	at android.database.sqlite.SQLiteDatabase.openOrCreateDatabase(SQLiteDatabase.java:775)
12-17 19:34:58.952 20602 20616 E SQLiteDatabase: 	at com.baidu.location.e.a.<init>(Unknown)
12-17 19:34:58.952 20602 20616 E SQLiteDatabase: 	at com.baidu.location.e.a.a(Unknown)
12-17 19:34:58.952 20602 20616 E SQLiteDatabase: 	at com.baidu.location.g.a.b(Unknown)
12-17 19:34:58.952 20602 20616 E SQLiteDatabase: 	at com.baidu.location.g.a.b(Unknown)
12-17 19:34:58.952 20602 20616 E SQLiteDatabase: 	at com.baidu.location.g.a$a.handleMessage(Unknown)
12-17 19:34:58.952 20602 20616 E SQLiteDatabase: 	at android.os.Handler.dispatchMessage(Handler.java:102)
12-17 19:34:58.952 20602 20616 E SQLiteDatabase: 	at android.os.Looper.loop(Looper.java:156)
12-17 19:34:58.952 20602 20616 E SQLiteDatabase: 	at android.os.HandlerThread.run(HandlerThread.java:61)
12-17 19:34:58.964  3218 13114 W PhoneInterfaceManager: shouldBlockLocation running ...
12-17 19:34:58.964  3218 13114 I PhoneInterfaceManager: shouldBlockLocation  ret:false
12-17 19:34:58.997  1795  3238 D StubTelephonyRegistry: uid:10028 pid:20602 PhoneStateListener.LISTEN_CELL_LOCATION:16 events:0
12-17 19:34:59.001 20602 20616 D baidu_location_service: baidu location service has stoped ...
12-17 19:34:59.001 20602 20616 I Process : Sending signal. PID: 20602 SIG: 9
12-17 19:34:59.016  1795 16498 I ActivityManager: Process com.huawei.android.totemweather:remote (pid 20602) has died
12-17 19:34:59.016  1795  3111 I DisplayManagerService: stopWifiDisplayScanLocked record.mWifiDisplayScanRequested=false
12-17 19:34:59.016  1795  3111 I DisplayManagerService: stopWifiDisplayScanLocked mWifiDisplayScanRequestCount=0
12-17 19:34:59.016  1795 16498 D ActivityManager: cleanUpApplicationRecord -- 20602
12-17 19:34:59.016  1795 16498 I ActivityManager: cleanUpApplicationRecordLocked, pid: 20602, restart: false
12-17 19:34:59.016  1795 16498 I ActivityManager: cleanUpApplicationRecordLocked, reset pid: 20602, euid: 0
12-17 19:34:59.017  1795  1809 I MultiTaskManagerService: onProcessDied pid = 20602, uid = 10028
12-17 19:34:59.018  1795 20747 E HsmCoreServiceImpl: onTransact in code is: 102
12-17 19:34:59.018  1795 20747 I MediaProcessHandler: processOp opType: 1, uid: 10028, pid: 20602
12-17 19:34:59.018  1795 20747 W MediaProcessHandler: remove target not exist, maybe the UI process: uid: 10028, pid: 20602
12-17 19:34:59.021  5224  5283 I Step_LSC: 20002302|REPORT : 4237 90683 3024 0
12-17 19:34:59.022  5224  5283 I SendBroadcastPermission: action:android.com.huawei.bone.NOTIFY_SPORT_DATA, mPermissionType:0
12-17 19:34:59.023  5224  5283 I SendBroadcastPermission: action:android.com.huawei.bone.NOTIFY_SPORT_DATA, mPermissionType:0
12-17 19:34:59.024  1795 11745 I HwActivityManagerService: Split enqueueing broadcast [callerApp]:ProcessRecord{580cfb2 5224:com.huawei.health:DaemonService/u0a99}
12-17 19:34:59.025  2852  2852 I EventCenter: EventCenter Get :android.com.huawei.bone.NOTIFY_SPORT_DATA
12-17 19:34:59.025  2852  2852 D StepCounterView: onStepCounterChange stepsNum:4237
12-17 19:34:59.025  5224  5283 I Step_HSNH: 20002302|upDateHealthNotification()|91|3.02|4237
12-17 19:34:59.026  5224  5283 I Step_HSNH: 20002302|rebuild notification
12-17 19:34:59.029  1795 11746 I NotificationManager: enqueueNotificationInternal: pkg=com.huawei.health id=10010 notification=Notification(pri=0 contentView=null vibrate=null sound=null defaults=0x0 flags=0x2 color=0x00000000 vis=PRIVATE)
12-17 19:34:59.030  3879  4201 I TotemWeather: WidgetDataManager:my location is 77666
12-17 19:34:59.031  1795  1795 I NotificationManager: enqueueNotificationInternal: n.getKey = 0|com.huawei.health|10010|null|10099
12-17 19:34:59.032  1795  1795 V NotificationService: disableEffects=null canInterrupt=false once update: false
12-17 19:34:59.034  2852  2852 I StatusBar: onNotificationPosted: StatusBarNotification(pkg=com.huawei.health user=UserHandle{0} id=10010 tag=null key=0|com.huawei.health|10010|null|10099: Notification(pri=0 contentView=null vibrate=null sound=null defaults=0x0 flags=0x62 color=0x00000000 vis=PRIVATE)) important=2, post=1481974499030, when=1481531589202, vis=0, userid=0
12-17 19:34:59.034  2852  2852 D StatusBar: updateNotification(StatusBarNotification(pkg=com.huawei.health user=UserHandle{0} id=10010 tag=null key=0|com.huawei.health|10010|null|10099: Notification(pri=0 contentView=null vibrate=null sound=null defaults=0x0 flags=0x62 color=0x00000000 vis=PRIVATE)))
12-17 19:34:59.035  2852  2852 D HwCust  : Create obj success use class android.app.HwCustNotificationImpl
12-17 19:34:59.035  2852  2852 I StatusBarIconView: updateTint: tint=0
12-17 19:34:59.036  2852  2852 D StatusBar: No peeking: unimportant notification: 0|com.huawei.health|10010|null|10099
12-17 19:34:59.036  2852  2852 D StatusBar: applyInPlace=true shouldPeek=false alertAgain=true
12-17 19:34:59.036  2852  2852 I NotificationGroupManager: onEntryUpdated:0|com.huawei.health|10010|null|10099
12-17 19:34:59.036  2852  2852 I NotificationGroupManager: onEntryAdded:0|com.huawei.health|10010|null|10099, group=0|com.huawei.health|10010|null|10099
12-17 19:34:59.036  2852  2852 D StatusBar: reusing notification for key: 0|com.huawei.health|10010|null|10099
12-17 19:34:59.036  2852  2852 D HwCust  : Create obj success use class android.app.HwCustNotificationImpl
12-17 19:34:59.037  3879  3879 I TotemWeather: WidgetDataManager:colorType : 3
12-17 19:34:59.037  2852  2852 D HwCust  : Create obj success use class android.app.HwCustNotificationImpl
12-17 19:34:59.037  2852  2852 I StatusBarIconView: updateTint: tint=0
12-17 19:34:59.045  2852  2852 I HwPhoneStatusBar: updateNotificationShade
12-17 19:34:59.046  1795  2381 D libfingersense_wrapper: Calling fingersense_classify_touch()
12-17 19:34:59.046  2852  2852 I PhoneStatusBar: updateNotificationShade
12-17 19:34:59.046  2852  2852 I PhoneStatusBar: removeNotificationChildren
12-17 19:34:59.046  2852  2852 I HwNotificationIconAreaController: showNotificationAll
12-17 19:34:59.049  2852  2852 I NotificationContentView: transferRemoteInputFocus: 0
12-17 19:34:59.049  2852  2852 I NotificationContentView: transferRemoteInputFocus: 0
12-17 19:34:59.050  1795  2381 D libfingersense_wrapper: fingersense_classify_touch() finished
12-17 19:34:59.051  2852  2852 I StackScrollAlgorithm: overlapAmount:763.6, previousNotificationEnd:607.0, newYTranslation:-156.59998, location:2, i:1, getTopPadding:499.0, getLocationOnScreen():-36
12-17 19:34:59.051  2852  2852 I StackScrollAlgorithm: updateClipping isOverlap:true
12-17 19:34:59.051  2852  2852 I StackScrollAlgorithm: updateDimmedActivatedHideSensitive overlap:true
12-17 19:34:59.052  2852  2852 I SlideTouchEvent: handleTouchEvent:MotionEvent { action=ACTION_DOWN, actionButton=0, id[0]=0, x[0]=271.0, y[0]=119.0, toolType[0]=TOOL_TYPE_FINGER, buttonState=0, metaState=0, flags=0x0, edgeFlags=0x0, pointerCount=1, historySize=0, eventTime=123096663, downTime=123096663, deviceId=10, source=0x1002 }
