12-17 19:31:42.224  2852  2852 D KeyguardViewMediator: handleNotifyScreenTurnedOff
12-17 19:31:42.224  2852  2852 D KeyguardViewMediator: handleNotifyFinishedGoingToSleep
12-17 19:31:42.224  2852  2852 I PhoneStatusBar: onFinishedGoingToSleep
12-17 19:31:42.225  2852  2852 V KeyguardStatusView: Disable transport text marquee
12-17 19:31:42.225  2852  2852 V KeyguardUpdateMonitor: FingerStat Visible: false; Interactive: true; Switching: false; Bouncer:false; GoingToSleep: false Occluded: false; dreaming: false; Authenticated: false
12-17 19:31:42.225  2852  2852 I KeyguardUpdateMonitor: Ignore update FP: 10 false
12-17 19:31:42.225  2852  2852 W HwLockScreenPanel: Handle message: 15
12-17 19:31:42.225  2852  2852 W CameraLayout: Cameralayout setVisibility. true false  2
12-17 19:31:42.225  2852  2852 D MagazineDetailView: resetPagerState
12-17 19:31:42.226  2852  2852 D KeyguardViewMediator: handleNotifyScreenTurningOn
12-17 19:31:42.226  2852  2852 I PhoneStatusBar: onScreenTurningOn
12-17 19:31:42.226  1795  3238 I WindowManger_keyguard: **** SHOWN CALLED ****
12-17 19:31:42.226  1795  3238 D WindowManager: mKeyguardDelegate.ShowListener.onDrawn.
12-17 19:31:42.226  1795  3238 I WindowManger_keyguard: hideScrim()
12-17 19:31:42.226  2852  2852 D KeyguardViewMediator: handleNotifyScreenTurnedOn End with : 907
12-17 19:31:42.227  1795  1809 I PowerManager_screenOn: finishKeyguardDrawn -> waitForAllWindowsDrawn
12-17 19:31:42.227  1795  1795 I NotificationManager: mIntentReceiver-ACTION_SCREEN_OFF
12-17 19:31:42.227  1795  1795 I NotificationManager: updateLightsLocked,mInCall =true,mScreenOn = false,ledNotification == null?true
12-17 19:31:42.227  1795  1795 I NotificationManager: updateLightsLocked,turn off notificationLight
12-17 19:31:42.227  1795  1795 I Sensor  : turn off notificationLight due to incall or screenon
12-17 19:31:42.227  1795  1795 I Sensor  : updateLight --> mIsNotificationExisting: false ledOnMS: 0 ledOffMS :0
12-17 19:31:42.227  1795  1795 I Sensor  : updateLightsLocked --> level:78, status:3
12-17 19:31:42.227  1795  1795 I Sensor  : updateLightsLocked --> mBatteryLight.turnOff
12-17 19:31:42.231  1046  1046 V ThreadsEx: HDebug print the key screen_state
12-17 19:31:42.232  1046  1046 D audio_hw_primary: adev_set_parameters: enter: screen_state=off
12-17 19:31:42.232  1046  1046 I Huawei_audio_cust: huawei_audio huawei_choose_HandsFree_device_incall_forHWtest: test Type =4
12-17 19:31:42.232  1046  1046 I Huawei_audio_cust: huawei_audio huawei_choose_Handset_device_incall_forHWtest: test Type =4
12-17 19:31:42.232  1795  1821 I WindowManger_keyguard: Setting mDismissKeyguard true by win Window{e6a6b5e u0 com.android.incallui/com.android.incallui.InCallActivity}
12-17 19:31:42.232  1046  1046 I Huawei_audio_cust: get_spk_pa_type: pa is max98925
12-17 19:31:42.232  1046  1046 I Huawei_audio_cust: huawei_common_set_parameters: exit with code(0)
12-17 19:31:42.232  1046  1046 V Huawei_audio_cust: huawei_cust_set_parameters: exit with code(0)
12-17 19:31:42.232  1046  1046 V msm8916_platform: platform_set_parameters: enter: - screen_state=off
12-17 19:31:42.232  1046  1046 V msm8916_platform: platform_set_parameters: exit with code(0)
12-17 19:31:42.232  1046  1046 D audio_hw_extn: audio_extn_set_anc_parameters: anc_enabled:0
12-17 19:31:42.232  1046  1046 D audio_hw_spkr_prot: audio_extn_fbsp_set_parameters: Speaker protection disabled
12-17 19:31:42.232  1046  1046 V audio_hw_primary: adev_set_parameters: exit with code(0)
12-17 19:31:42.235  1795  1795 I AlarmManager: set(PendingIntent{2f9e644: PendingIntentRecord{527f32d android broadcastIntent}}) : type=2 triggerAtTime=447098598 win=300000 tElapsed=447098598 maxElapsed=447398598 interval=0 flags=0x8
12-17 19:31:42.237  1795  1795 D HwPFWLogger: PFW.HwPFWService:mBroadcastReceiver action = android.intent.action.SCREEN_OFF
12-17 19:31:42.237  1795  2708 D HwPFWLogger: PFW.HwPFWService:handle PFW_MSG_SYSTEM
12-17 19:31:42.237  1795  2708 D HwPFWLogger: PFW.HwPFWAppRestartPolicy:receive action = android.intent.action.SCREEN_OFF
12-17 19:31:42.240  1795  1795 D WifiService: onReceive, action:android.intent.action.SCREEN_OFF
12-17 19:31:42.240  1795  2670 D WifiController: DeviceActiveState{ when=0 what=155651 target=com.android.internal.util.StateMachine$SmHandler }
12-17 19:31:42.240  1795  2670 D WifiController: StaEnabledState what=155651
12-17 19:31:42.240  1795  2670 D WifiController: DefaultState what=155651
12-17 19:31:42.240  1795  2670 D WifiController: wifiSleepPolicy:1
12-17 19:31:42.240  1795  2670 D WifiController: set idle timer: 1800000 ms
12-17 19:31:42.240  1795  2670 I AlarmManager: set(PendingIntent{50e3a01: PendingIntentRecord{a8130a6 android broadcastIntent}}) : type=0 triggerAtTime=1481976102240 win=0 tElapsed=444638604 maxElapsed=444638604 interval=0 flags=0x9
12-17 19:31:42.241  1795  1809 I PowerManager_screenOn: waitForAllWindowsDrawn  cover is open or null
12-17 19:31:42.244  1795  1821 I WindowManger_keyguard: Setting mDismissKeyguard true by win Window{e6a6b5e u0 com.android.incallui/com.android.incallui.InCallActivity}
12-17 19:31:42.248  1795  2736 E hwintelligencewifi:  DefaultState MSG_SCREEN_OFF mIsAutoOpenSearch = false
12-17 19:31:42.248  1795  2377 I IO.IOStatsService: onReceive:screen off
12-17 19:31:42.250  5215  5215 D wpa_supplicant: wpa_driver_nl80211_driver_cmd SETSUSPENDMODE 1 len = 0, 4096
12-17 19:31:42.250  5215  5215 D wpa_supplicant: CTRL-DEBUG: global_ctrl_sock-sendto: sock=16 sndbuf=229376 outq=0 send_len=3
12-17 19:31:42.251  1795  2671 D PowerManagerService: release:lock=244575063, flg=0x0, tag="WifiSuspend", name=android", ws=null, uid=1000, pid=1795
12-17 19:31:42.251  1795  2671 D PowerManagerService: ready=false,policy=3,wakefulness=1,wksummary=0x11,uasummary=0x1,bootcompleted=true,boostinprogress=false,waitmodeenable=false,mode=true,manual=33,auto=-1,adj=0.0userId=0
12-17 19:31:42.253  1795  2377 I IO.IOStatsService: saveIOStatsAndLatestUids,the time interval is too shorter than the last screen off
12-17 19:31:42.254  2883  2883 D HwKeyguardManagerImpl: isLockScreenDisabled HwKeyguardManagerImpl result = false
12-17 19:31:42.255  1795 16501 D PowerManagerService: acquire lock=184063844, flags=0x1, tag="NetworkStats", name=android, ws=null, uid=1000, pid=1795
12-17 19:31:42.255  1795 16501 D PowerManagerService: ready=false,policy=3,wakefulness=1,wksummary=0x11,uasummary=0x1,bootcompleted=true,boostinprogress=false,waitmodeenable=false,mode=true,manual=33,auto=-1,adj=0.0userId=0
12-17 19:31:42.258  1795 16501 D NetdConnector: SND -> {11595 bandwidth gettetherstats}
12-17 19:31:42.259  1795  2665 D NetdConnector: RCV <- {200 11595 Tethering stats list completed}
12-17 19:31:42.259  1795  3253 I WindowManger_keyguard: Setting mDismissKeyguard true by win Window{e6a6b5e u0 com.android.incallui/com.android.incallui.InCallActivity}
12-17 19:31:42.260  2883  2883 I HwSystemManager: AntiMalManager:receive Broadcast ACTION_SCREEN_OFF mOnTimeSum:260909299 onTime:538787 isPowerConnected:false
12-17 19:31:42.260  1795  2665 D NetdConnector: RCV <- {200 11595 Tethering stats list completed}
12-17 19:31:42.261  2883  2883 I HwSystemManager: AutoCleanReceiveServer:receive action:android.intent.action.SCREEN_OFF
12-17 19:31:42.263  1795  2332 I qti_sensors_hal: [ACC]processReportInd: X: 6.253827 Y: 6.977149 Z: -1.134759  x_offset:0.160831 y_offset:0.184366 z_offset:0.985027
12-17 19:31:42.263  2883  2883 I HwSystemManager: AutoCleanReceiveServer:telemamanger state isIdle:true
12-17 19:31:42.263  2883  2883 I HwSystemManager: AutoCleanReceiveServer:checkToStartCleanService,phone is use state,phone is use,need not start clean service
12-17 19:31:42.263  1795 16501 W NetworkStatsFactory: mStatsXtProcUid: /proc/net/comm/stats does not exist!
12-17 19:31:42.263  1795 16501 D HwNetworkStatsService: mActiveIface: null
12-17 19:31:42.265  1795 16501 I SendBroadcastPermission: action:com.android.server.action.NETWORK_STATS_UPDATED, mPermissionType:0
12-17 19:31:42.266  1795 16501 I HwActivityManagerService: Split enqueueing broadcast [callerApp]:ProcessRecord{34bf34f 0:system/1000}
12-17 19:31:42.266  1795 16501 D PowerManagerService: release:lock=184063844, flg=0x0, tag="NetworkStats", name=android", ws=null, uid=1000, pid=1795
12-17 19:31:42.267  1795 16501 D PowerManagerService: ready=false,policy=3,wakefulness=1,wksummary=0x11,uasummary=0x1,bootcompleted=true,boostinprogress=false,waitmodeenable=false,mode=true,manual=33,auto=-1,adj=0.0userId=0
12-17 19:31:42.269  1795  3077 D GnssLocationProvider: receive broadcast intent, action: android.intent.action.SCREEN_OFF
12-17 19:31:42.269  1795  3077 I GnssLocationProvider: updateLowPowerMode,isPowerSaveMode:falseisInteractive:true
12-17 19:31:42.269  1795  3077 I GnssLocationProvider: disableGps:false  isEnabled()=true
12-17 19:31:42.272  2852  3361 I vol.VolumeDialogControl: C onScreenOff 
12-17 19:31:42.276  3168  3168 I CHR_TelStatusListenr0: [Timer rat:0 level:5] suspend
12-17 19:31:42.276  1795  6986 I WindowManger_keyguard: Setting mDismissKeyguard true by win Window{e6a6b5e u0 com.android.incallui/com.android.incallui.InCallActivity}
12-17 19:31:42.276  3168  3168 I CHR_TelStatusListenr0: [Timer serviceState:0 simReady:true] suspend
12-17 19:31:42.276  3168  3168 I CHR_TelStatusListenr1: [Timer serviceState:1 simReady:false] suspend
12-17 19:31:42.276  3168  3168 I CHR_TelphonyStatusService: duration: 501276 STATUS_REPORT_TIMESPAN: 86400000 / (1000 * 60 * 60 * 24) day STATUS_REPORT_TIMESPAN_FOR_BETA: 21600000 / (1000 * 60 * 60 * 24) day
12-17 19:31:42.276  3168  3168 I CHR_ChrUtil: is Beta User, userType = 3
12-17 19:31:42.280  2852  3556 I NetworkController.MobileSignalController(0): onDataActivity: direction=0
12-17 19:31:42.280  2883  3040 I HwSystemManager: TrafficNotifyAfterLocked:mLockStartTraffic = 0;mLockStartTrafficList = {}
12-17 19:31:42.280  2852  3556 I SystemUIIdleHandler: enter addToIdleMessage(type:1001), mainloop is busy, add to idleMessage
12-17 19:31:42.281  2852  3556 I NetworkController.MobileSignalController(0): onDataActivity: direction=0
12-17 19:31:42.282  2852  3556 I SystemUIIdleHandler: enter addToIdleMessage(type:1001), mainloop is busy, add to idleMessage
12-17 19:31:42.287  2883  2996 E HwSystemManager: SimCardMethod:/getSimCardInfo: imsi is null
12-17 19:31:42.293  2852  2852 I SystemUIIdleHandler: enter addToIdleMessage(type:1002), mainloop is busy, add to idleMessage
12-17 19:31:42.293  2852  2852 D KeyguardViewMediator: handleNotifyWakingUp
12-17 19:31:42.293  2852  2852 I PhoneStatusBar: onStartedWakingUp
12-17 19:31:42.293  3608  3608 D InCall  : CallCardFragment - onGlobalLayout
12-17 19:31:42.294  2852  2852 V KeyguardUpdateMonitor: FingerStat Visible: false; Interactive: true; Switching: false; Bouncer:false; GoingToSleep: false Occluded: false; dreaming: false; Authenticated: false
12-17 19:31:42.294  2852  2852 I KeyguardUpdateMonitor: Ignore update FP: 10 false
12-17 19:31:42.294  2852  2852 D TimeKeeper: getTimeTickInfo:[mMillisUntilFinished:0, mHour:0, mMinute:0, mSecond:0]
12-17 19:31:42.294  2852  2852 E KeyguardUpdateMonitor: isSimPinSecure mSimDatas is null or empty 
12-17 19:31:42.294  2852  2852 E KeyguardUpdateMonitor: isSimPinSecure mSimDatas is null or empty 
12-17 19:31:42.295  2852  2852 W HwLockScreenPanel: createLockScreenView when reset
