12-17 19:36:02.078  2852  2852 I BarTransitions.HwNavigationBarView: transitionTo: mode=MODE_TRANSLUCENT, animate=false
12-17 19:36:02.078  2852  2852 I HwNavigationBarTransitions: transitionTo:mode=2, isEmuiStyle=false
12-17 19:36:02.084  2852  2852 W HwKeyguardPolicy: KGSvcCall updateKeyguardState 1->1; false false
12-17 19:36:02.084  2852  2852 W StatusBarWindowManager: Apply window without WALLPAPER
12-17 19:36:02.084  2852  2852 W StatusBarWindowManager: Apply window Height MATCH_PARENT
12-17 19:36:02.084  2852  2852 I StatusBarWindowManager: apply skiped :0
12-17 19:36:02.084  2852  2852 D PhoneStatusBar: disable: < expand ICONS* alerts SYSTEM_INFO* back home recent clock navigationbar search quick_settings >
12-17 19:36:02.085  2852  2852 I PhoneStatusBar: suspendAutohide
12-17 19:36:02.085  2852  2852 I BarTransitions.HwPhoneStatusBarView: transitionTo: mode=MODE_TRANSLUCENT, animate=false
12-17 19:36:02.085  2852  2852 I BarTransitions.HwNavigationBarView: transitionTo: mode=MODE_TRANSLUCENT, animate=false
12-17 19:36:02.085  2852  2852 I HwNavigationBarTransitions: transitionTo:mode=2, isEmuiStyle=false
12-17 19:36:02.085  2852  2852 I HwNotificationIconAreaController: showNotificationAll
12-17 19:36:02.086  2852  2852 I PanelView: expand: false
12-17 19:36:02.086  2852  2852 I PanelBar: panelExpansionChanged 0.0, true
12-17 19:36:02.087  2852  2852 I HwPhoneStatusBarTransitions: setBackgroundAlpha:alpha=0.0
12-17 19:36:02.087  2852  2852 I HwPhoneStatusBar: enter keyguard:1481974562087
12-17 19:36:02.087  2852  2852 V KeyguardSecurityView: Container check 2132017669 <-> 2132017669
12-17 19:36:02.087  2852  2852 D KeyguardViewBase: showPrimarySecurityScreen()
12-17 19:36:02.090  2852  2852 V KeyguardSecurityView: showPrimarySecurityScreen(turningOff=false)
12-17 19:36:02.090  2852  2852 D KeyguardSecurityView: showSecurityScreen(PIN)
12-17 19:36:02.094  2852  2852 W DisabledFeatureUtils: Dis-Feature : 0
12-17 19:36:02.094  2852  2852 E KeyguardUpdateMonitor: isSimPinSecure mSimDatas is null or empty 
12-17 19:36:02.095  1795  3139 I Security_fingerprint: FingerprintService getEnrolledFingerprints
12-17 19:36:02.095  2852  2852 D TimeKeeper: getTimeTickInfo:[mMillisUntilFinished:0, mHour:0, mMinute:0, mSecond:0]
12-17 19:36:02.095  2852  2852 I KeyguardUpdateMonitor: hasFingerprintUnlockTimedOut = true
12-17 19:36:02.095  2852  2852 D KeyguardUpdateMonitor: Fingerprint timeout
12-17 19:36:02.096  2852  2852 I KeyguardUpdateMonitor: SystemUI may crashed at earlier time. 123155642
12-17 19:36:02.096  2852  2852 D KeyguardUpdateMonitor: sendKeyguardReset
12-17 19:36:02.096  2852  2852 I StatusBarKeyguardViewManager: updateStates true false false
12-17 19:36:02.096  2852  2852 W StatusBarKeyguardViewManager: set navBarVisible 
12-17 19:36:02.096  2852  2852 D KeyguardUpdateMonitor: onKeyguardVisibilityChanged(true)
12-17 19:36:02.097  2852  2852 V KeyguardStatusView: refresh statusview showing:true
12-17 19:36:02.104  2852  2852 V KeyguardUpdateMonitor: FingerStat Visible: true; Interactive: false; Switching: false; Bouncer:false; GoingToSleep: false Occluded: false; dreaming: false; Authenticated: false
12-17 19:36:02.106  2852  2852 W DisabledFeatureUtils: Dis-Feature : 0
12-17 19:36:02.106  2852  2852 E KeyguardUpdateMonitor: isSimPinSecure mSimDatas is null or empty 
12-17 19:36:02.106  2852  2852 I KeyguardUpdateMonitor: Ignore update FP: 1 true
12-17 19:36:02.106  2852  2852 W AppHandler: sendSingleMessage 10
12-17 19:36:02.106  2852  2852 W StatusBarKeyguardViewManager: updateStates Show KeyguardStatusBar with clcok: false
12-17 19:36:02.109  2852  2852 D KeyguardViewMediator: adjustStatusBarLocked: mShowing=true mOccluded=false isSecure=true --> flags=0x3600000
12-17 19:36:02.111  1795 15987 D StatusBarManagerService: manageDisableList userId=0 what=0x3600000 pkg=com.android.systemui
12-17 19:36:02.114  1795  1805 D PowerManagerService: userActivityNoUpdateLocked: eventTime=123155660, event=0, flags=0x0, uid=10033
12-17 19:36:02.114  3180  3578 I ash     : 1795 binder call 2852
12-17 19:36:02.114  1795  1805 I PowerManager_screenOn: PowerManagerNotifier onUserActivity: event=0, uid=10033
12-17 19:36:02.115  1795  3238 D PowerManagerService: release:lock=162494490, flg=0x0, tag="show keyguard", name=com.android.systemui", ws=null, uid=10033, pid=2852
12-17 19:36:02.116  1795  3238 D PowerManagerService: ready=true,policy=0,wakefulness=0,wksummary=0x0,uasummary=0x0,bootcompleted=true,boostinprogress=false,waitmodeenable=false,mode=true,manual=33,auto=-1,adj=0.0userId=0
12-17 19:36:02.116  1795  3238 D PowerManagerService: Releasing suspend blocker "PowerManagerService.WakeLocks".
12-17 19:36:02.443   816  1562 W SocketListener: sending broadcast to Pid = 1795, Uid = 1000 
12-17 19:36:02.445  1795  2665 D NetdConnector: RCV <- {613 IfaceClass idle 1 443098757026246}
12-17 19:36:02.446  1795  2665 D NetdConnector: RCV <- {613 IfaceClass idle 1 443098757026246}
12-17 19:36:02.447  1795  1795 I HwActivityManagerService: OverscanTimeout run
12-17 19:36:02.447  1795  2323 D HwBatteryService: onUEvent fcpStatus = 0,scpStatus =0,ovpStatus=0
12-17 19:36:02.448  1795  1819 D NetdConnector: RCV unsolicited event from native daemon, event = 613 IfaceClass idle 1 443098757026246
12-17 19:36:02.448  2852  2852 V KeyguardDisplayManager: show
12-17 19:36:02.448  2852  2852 E HiddenSpace: update HiddenSpaceData!
12-17 19:36:02.449  3180  4307 I AwareLog: MemoryRecoveryDMEPlugin: handle message MSG_MEM_LEAK_CHECK
12-17 19:36:02.449  1795  2323 E UsbDeviceManager: Error reading charge file
12-17 19:36:02.449  1795  2323 E UsbDeviceManager: java.io.FileNotFoundException: sys/class/hw_power/charger/charge_data/water_intrused (No such file or directory)
12-17 19:36:02.449  1795  2323 E UsbDeviceManager: 	at java.io.FileInputStream.open(Native Method)
12-17 19:36:02.449  1795  2323 E UsbDeviceManager: 	at java.io.FileInputStream.<init>(FileInputStream.java:146)
12-17 19:36:02.449  1795  2323 E UsbDeviceManager: 	at android.os.FileUtils.readTextFile(FileUtils.java:267)
12-17 19:36:02.449  1795  2323 E UsbDeviceManager: 	at com.android.server.usb.UsbDeviceManager$2.onUEvent(UsbDeviceManager.java:328)
12-17 19:36:02.449  1795  2323 E UsbDeviceManager: 	at android.os.UEventObserver$UEventThread.sendEvent(UEventObserver.java:210)
12-17 19:36:02.449  1795  2323 E UsbDeviceManager: 	at android.os.UEventObserver$UEventThread.run(UEventObserver.java:187)
12-17 19:36:02.449  1795  2323 D HwBatteryService: onUEvent fcpStatus = 0,scpStatus =0,ovpStatus=0
12-17 19:36:02.449  1795  1819 D NetworkManagement: notifyInterfaceClassActivity: client is com.android.server.net.NetworkStatsService$6@5d6efc
12-17 19:36:02.449  1795  1819 D NetworkManagement: notifyInterfaceClassActivity: client is android.net.ip.IpManager$2@4c99c84
12-17 19:36:02.449  1795  1819 D NetworkManagement: notifyInterfaceClassActivity: client is com.android.server.net.NetworkPolicyManagerService$13@4df0feb
12-17 19:36:02.449  1795  1819 D NetworkManagement: notifyInterfaceClassActivity: client is android.net.INetworkManagementEventObserver$Stub$Proxy@af226
12-17 19:36:02.450  2852  2852 I HiddenSpace: don't find the hidden space userId!
12-17 19:36:02.450  1795  2323 E UsbDeviceManager: Error reading charge file
12-17 19:36:02.450  1795  2323 E UsbDeviceManager: java.io.FileNotFoundException: sys/class/hw_power/charger/charge_data/water_intrused (No such file or directory)
12-17 19:36:02.450  1795  2323 E UsbDeviceManager: 	at java.io.FileInputStream.open(Native Method)
12-17 19:36:02.450  1795  2323 E UsbDeviceManager: 	at java.io.FileInputStream.<init>(FileInputStream.java:146)
12-17 19:36:02.450  1795  2323 E UsbDeviceManager: 	at android.os.FileUtils.readTextFile(FileUtils.java:267)
12-17 19:36:02.450  1795  2323 E UsbDeviceManager: 	at com.android.server.usb.UsbDeviceManager$2.onUEvent(UsbDeviceManager.java:328)
12-17 19:36:02.450  1795  2323 E UsbDeviceManager: 	at android.os.UEventObserver$UEventThread.sendEvent(UEventObserver.java:210)
12-17 19:36:02.450  1795  2323 E UsbDeviceManager: 	at android.os.UEventObserver$UEventThread.run(UEventObserver.java:187)
12-17 19:36:02.450  1795  1819 D NetworkManagement: notifyInterfaceClassActivity: client is android.net.INetworkManagementEventObserver$Stub$Proxy@c0acf8b
12-17 19:36:02.451  1795  1819 D NetworkManagement: notifyInterfaceClassActivity: client is com.android.server.ConnectivityService$1@e0f099c
12-17 19:36:02.451  1795  1819 I SendBroadcastPermission: action:android.net.conn.DATA_ACTIVITY_CHANGE, mPermissionType:0
12-17 19:36:02.451  2852  2852 V KeyguardUpdateMonitor: setKeyguardViewState: true-false
12-17 19:36:02.451  2852  2852 W AppHandler: sendImmediateMessage 10
12-17 19:36:02.451  2852  2852 W HwLockScreenPanel: Handle message: 10
12-17 19:36:02.451  1795  1813 E BatteryStatsService: no controller energy info supplied
12-17 19:36:02.452  1795  1819 D NetworkManagement: notifyInterfaceClassActivity: client is com.android.server.connectivity.Vpn$2@e40aefb
12-17 19:36:02.452  1795  1819 D NetworkManagement: notifyInterfaceClassActivity: client is com.android.server.ethernet.EthernetNetworkFactory$InterfaceObserver@fccfd35
12-17 19:36:02.452  1795  1819 D NetworkManagement: notifyInterfaceClassActivity: client is com.android.server.connectivity.Tethering@ff4a50f
12-17 19:36:02.455  2852  2852 D MagazineDetailView: resetPagerState
12-17 19:36:02.456  2852  2852 I HwBackDropView: restore param to 0
12-17 19:36:02.456  2852  2852 W HwBackDropView: setDrawBehindAsSrc skipped. null
12-17 19:36:02.456  2852  2852 I HwWallpaperMask: tryUpdateKeyguardWallpaperWithMask::useMask=3, avgColorType=1
12-17 19:36:02.456  2852  2852 I TintManager: setKeyguardWallpaperAVGColor:3
12-17 19:36:02.457  2852  2852 I HwBackDropView: checkVisibility : true; true
12-17 19:36:02.457  2852  2852 W AppHandler: sendImmediateMessage 12
12-17 19:36:02.457  2852  2852 W HwLockScreenPanel: Handle message: 12
12-17 19:36:02.457  2852  2852 D KeyguardViewMediator: send keyguard locked intent
12-17 19:36:02.457  2852  2852 I SendBroadcastPermission: action:com.android.keyguard.keyguardlocked, mPermissionType:0
12-17 19:36:02.471  1795 11747 W ActivityManager: Sending non-protected broadcast com.android.keyguard.keyguardlocked from system 2852:com.android.systemui/u0a33 pkg com.android.systemui
12-17 19:36:02.472  2852  2852 I Choreographer: Skipped 33 frames!  The application may be doing too much work on its main thread.
12-17 19:36:02.488  1795  3225 I WindowManger_windowChange: oldFocusWindow: Window{773320 u0 com.huawei.android.launcher/com.huawei.android.launcher.unihome.UniHomeLauncher}, currentFocusWindow: Window{e050fd4 u0 StatusBar}, currentFocusApp: AppWindowToken{dcf0cd7 token=Token{1e09e71 ActivityRecord{930e418 u0 com.huawei.android.launcher/.unihome.UniHomeLauncher t297}}}
