12-17 19:31:56.416  3608  3608 D InCall  : InCallActivity - onStop()...
12-17 19:31:56.417  3608  3608 D InCall  : InCallPresenter - onActivityStopped
12-17 19:31:56.417  3608  3608 D InCall  : InCallPresenter - notifyVideoPauseController
12-17 19:31:56.417  3608  3608 D InCall  : VideoPauseController: - VideoPauseController:onPause
12-17 19:31:56.417  3608  3608 D InCall  : VideoPauseController: - VideoPauseController:onPause, Ignoring...
12-17 19:31:56.417  3608  3608 I InCall  : InCallPresenter - updateStatusBar: state = 0x0
12-17 19:31:56.417  1795  2671 I ActivityManager_broadcast: collectReceiverComponents, callerApp: ProcessRecord{34bf34f 0:system/1000}, intent:android.net.wifi.SCAN_RESULTS, receiver size:1, flags: 10000400
12-17 19:31:56.417  1795  2671 I HwActivityManagerService: Split enqueueing broadcast [callerApp]:ProcessRecord{34bf34f 0:system/1000}
12-17 19:31:56.417  1795  2671 I HwActivityManagerService: Split enqueueing broadcast [callerApp]:ProcessRecord{34bf34f 0:system/1000}
12-17 19:31:56.417  1795  2671 I ActivityManager_broadcast: Enqueueing ordered broadcast[background] BroadcastRecord{63f827 u-1 android.net.wifi.SCAN_RESULTS}: prev had 0
12-17 19:31:56.418  1795 20747 D StatusBarManagerService: manageDisableList userId=0 what=0x0 pkg=com.android.incallui
12-17 19:31:56.418  3608  3608 D InCall  : InCallActivity -  bgCallTwinkingSwitch is true inQuickExiting is false mIsForegroundActivity is false
12-17 19:31:56.418  1795  1808 I ActivityManager_broadcast: dispatch ordered broadcast [background] BroadcastRecord{63f827 u-1 android.net.wifi.SCAN_RESULTS}, has 1 receivers
12-17 19:31:56.420  3608  3608 I CallUtils: show_incallscreen  0
12-17 19:31:56.420  1795  2671 W WifiStateMachine: attemptAutoConnect: false
12-17 19:31:56.421  1795  2396 D PowerManagerService: release:lock=228612087, flg=0x0, tag="ActivityManager-Sleep", name=android", ws=null, uid=1000, pid=1795
12-17 19:31:56.421  1795  2396 D PowerManagerService: ready=true,policy=0,wakefulness=0,wksummary=0x10,uasummary=0x0,bootcompleted=true,boostinprogress=false,waitmodeenable=false,mode=true,manual=33,auto=-1,adj=0.0userId=0
12-17 19:31:56.422  1795  2396 D PowerManagerService: Releasing suspend blocker "PowerManagerService.WakeLocks".
12-17 19:31:56.426  3858  4126 I amsnl   : wsr
12-17 19:31:56.428  2852  2852 I PhoneStatusBar: setSystemUiVisibility vis=c0000000 mask=ffffffff oldVal=c0000600 newVal=c0000000 diff=600
12-17 19:31:56.428  2852  2852 I PhoneStatusBar: notifyUiVisibilityChanged:vis=0xc0000000, SystemUiVisibility=0xc0000000
12-17 19:31:56.428  2852  2852 I PanelBar: collapsePanel:false
12-17 19:31:56.428  2852  2852 I PanelView: closeQs
12-17 19:31:56.428  2852  2852 I QSContainer: updateQsState:false
12-17 19:31:56.428  2852  2852 I QSContainer: updateQsState:false
12-17 19:31:56.429  2852  2852 I StackScroller: setScrollingEnabled: true
12-17 19:31:56.429  2852  2852 I PanelView: instantCollapse
12-17 19:31:56.429  2852  2852 I PanelBar: collapsePanel2
12-17 19:31:56.429  1795  1795 V SecInputMethodManagerService: Client requesting input be hidden, pid=1795
12-17 19:31:56.429  1795  1821 I DisplayManagerService: Display device changed state: "内置屏幕", OFF
12-17 19:31:56.429  1795  1795 V InputMethodManagerService: Unspecified window will hide input
12-17 19:31:56.431  1795  1795 I TrafficMonitor: during_ms:2004,period_ms:2000
12-17 19:31:56.431  1795  1795 I TrafficMonitor: count:51,rx_sum:0,tx_sum:0,rxBytes:0,during_ms:2004,rx_speed:0.0,tx_speed:0.0,rto:0.0
12-17 19:31:56.431  1795  1795 D HuaweiWifiWatchdogStateMachine: speed: rxpkt:0, rxSpd:0B/s, txpkt:0, txSpd:0
12-17 19:31:56.431  1795  1795 D HwInputMethodManagerService: ------------startInput--------------
12-17 19:31:56.431  1795  1795 V SecInputMethodManagerService: Client requesting input be hidden, pid=1795
12-17 19:31:56.431  1795  1795 D HwInputMethodManagerService: hideSecSoftInput = false
12-17 19:31:56.431   832  1841 E Parcel  : Reading a NULL string not supported here.
12-17 19:31:56.431   832  1841 E Parcel  : Reading a NULL string not supported here.
12-17 19:31:56.434  1795  1795 I NotificationManager: enqueueNotificationInternal: n.getKey = 0|com.android.incallui|2|null|1001
12-17 19:31:56.435  1795  3111 D PowerManagerService: ready=true,policy=0,wakefulness=0,wksummary=0x11,uasummary=0x0,bootcompleted=true,boostinprogress=false,waitmodeenable=false,mode=true,manual=33,auto=-1,adj=0.0userId=0
12-17 19:31:56.435  1795  3111 D PowerManagerService: Acquiring suspend blocker "PowerManagerService.WakeLocks".
12-17 19:31:56.435  1795  1795 V NotificationService: disableEffects=null canInterrupt=false once update: false
12-17 19:31:56.435  1795  1795 I WindowManger_keyguard: Finished going to sleep... (why=6)
12-17 19:31:56.435  1795  1795 I WindowOrientationListener: WindowOrientationListener disabled
12-17 19:31:56.435  1795  1795 I qti_sensors_hal: batch,376,handle 0, timeout:0 ,period_ns:200000000
12-17 19:31:56.435  1795  1795 I qti_sensors_hal: batch:sensor(android.sensor.accelerometer) handle:0 flags:0x0 period_ns 200000000
12-17 19:31:56.437  1795 11747 D PowerManagerService: ready=true,policy=0,wakefulness=0,wksummary=0x11,uasummary=0x0,bootcompleted=true,boostinprogress=false,waitmodeenable=false,mode=true,manual=33,auto=-1,adj=0.0userId=0
12-17 19:31:56.437  3858  4126 I amsnl   : t:false, fl: false, p: 2147483647000, ce: true, we: true
12-17 19:31:56.437  3608  3608 I InCall  : CallList - hasAnyLiveCall call = [Call_10, ACTIVE, [Capabilities: CAPABILITY_HOLD CAPABILITY_SUPPORT_HOLD CAPABILITY_MUTE CAPABILITY_CANNOT_DOWNGRADE_VIDEO_TO_AUDIO], children:[], parent:null, conferenceable:[], videoState:Audio Only, mSessionModificationState:0, VideoSettings:(CameraDir:-1)]
12-17 19:31:56.437  3608  3608 I InCall  : ProximitySensor - isDisplayOn: false
12-17 19:31:56.438  2852  2852 I PhoneStatusBar: setSystemUiVisibility vis=80000300 mask=ffffffff oldVal=c0000000 newVal=80000300 diff=40000300
12-17 19:31:56.438  2852  2852 I BarTransitions.HwPhoneStatusBarView: transitionTo: mode=MODE_OPAQUE, animate=false
12-17 19:31:56.438  2852  2852 D BarTransitions.HwPhoneStatusBarView: MODE_TRANSLUCENT -> MODE_OPAQUE animate=false
12-17 19:31:56.438  2852  2852 D BarTransitions.HwPhoneStatusBarView: applyModeBackground oldMode=MODE_TRANSLUCENT newMode=MODE_OPAQUE animate=false
12-17 19:31:56.438  2852  2852 I BarTransitions.HwNavigationBarView: transitionTo: mode=MODE_TRANSLUCENT, animate=false
12-17 19:31:56.438  2852  2852 I HwNavigationBarTransitions: transitionTo:mode=2, isEmuiStyle=false
12-17 19:31:56.438  2852  2852 I PhoneStatusBar: cancelAutohide
12-17 19:31:56.438  1795 15982 D PowerManagerService: ready=true,policy=0,wakefulness=0,wksummary=0x11,uasummary=0x0,bootcompleted=true,boostinprogress=false,waitmodeenable=false,mode=true,manual=33,auto=-1,adj=0.0userId=0
12-17 19:31:56.438  2852  2852 I PhoneStatusBar: notifyUiVisibilityChanged:vis=0x80000300, SystemUiVisibility=0x80000300
12-17 19:31:56.439  1795  3110 D wifiserviceimpl: netmask =16580607
12-17 19:31:56.439  1795  3249 D PowerManagerService: ready=true,policy=0,wakefulness=0,wksummary=0x10,uasummary=0x0,bootcompleted=true,boostinprogress=false,waitmodeenable=false,mode=true,manual=33,auto=-1,adj=0.0userId=0
12-17 19:31:56.439  1795  3249 D PowerManagerService: Releasing suspend blocker "PowerManagerService.WakeLocks".
12-17 19:31:56.440  3858  4126 I amsnl   : m1: false
12-17 19:31:56.441  1795  3111 W ActivityManager: getRunningAppProcesses: caller 10009 does not hold REAL_GET_TASKS; limiting output
12-17 19:31:56.442  3858  4126 I amsnl   : m2: false, m3: false
12-17 19:31:56.442  3858  4126 I amsnl   : c: true, w: true, t: false, l: false
12-17 19:31:56.446  1795  1795 I qti_sensors_hal: read from oem info: data_readback
12-17 19:31:56.446  1795  1795 I qti_sensors_hal: 0xcd, 0xb0, 0x24, 0x3e
12-17 19:31:56.446  1795  1795 I qti_sensors_hal: 0x66, 0xca, 0x3c, 0x3e
12-17 19:31:56.446  1795  1795 I qti_sensors_hal: 0xc0, 0x2a, 0x7c, 0x3f
12-17 19:31:56.446  1795  1795 I qti_sensors_hal: 0x55, 0x0, 0x0, 0x0
12-17 19:31:56.446  1795  1795 I qti_sensors_hal: 0x0, 0x0, 0x0, 0x0
12-17 19:31:56.446  1795  1795 E qti_sensors_hal: read from oem info: data_valid_flag=0x55
12-17 19:31:56.446  1795  1795 E qti_sensors_hal: read from oem info: x_offset=0.160831, y_offset=0.184366, z_offset=0.985027
12-17 19:31:56.446  1795  1795 E qti_sensors_hal: Final value: x_offset=0.160831, y_offset=0.184366, z_offset=0.985027
12-17 19:31:56.446  1795  1795 I qti_sensors_hal: batch:load_acc_oeminf_data x_offset:0.160831 y_offset:0.184366 z_offset:0.985027
12-17 19:31:56.446  1795  1795 I qti_sensors_hal: batch:sensor(android.sensor.accelerometer) sample_rate=5.000000Hz report_rate_f=0.000000Hz curr sample rate:14.999925 cur rpt rate:0 max:400.000000 min:1.000000
12-17 19:31:56.447  1795  1795 I WindowManger_keyguard: onFinishedGoingToSleep(6)
12-17 19:31:56.447  1795 11747 I qti_sensors_hal: batch,376,handle 0, timeout:0 ,period_ns:200000000
12-17 19:31:56.447  1795 11747 I qti_sensors_hal: batch:sensor(android.sensor.accelerometer) handle:0 flags:0x0 period_ns 200000000
12-17 19:31:56.447  1795  1795 I PowerManager_screenOn: PowerManagerNotifier Sending go to sleep broadcast.
12-17 19:31:56.447  1795  1795 I SendBroadcastPermission: action:android.intent.action.SCREEN_OFF, mPermissionType:0
12-17 19:31:56.447  2852  2867 D KeyguardService: Caller checkPermission fail
12-17 19:31:56.447  2852  2867 D KeyguardService: KGSvcCall onFinishedGoingToSleep.
12-17 19:31:56.447  2852  2867 D KeyguardViewMediator: onFinishedGoingToSleep(6)
12-17 19:31:56.448  2852  2867 D KeyguardViewMediator: notifyFinishedGoingToSleep
12-17 19:31:56.448  2852  2867 W AppHandler: sendMessage 15
12-17 19:31:56.448  2852  2852 D KeyguardViewMediator: handleNotifyFinishedGoingToSleep
12-17 19:31:56.448  2852  2852 I PhoneStatusBar: onFinishedGoingToSleep
12-17 19:31:56.449  1795  1795 I HwActivityManagerService: Split enqueueing broadcast [callerApp]:ProcessRecord{34bf34f 0:system/1000}
12-17 19:31:56.449  1795  1795 I ActivityManager_broadcast: Enqueueing ordered broadcast[foreground] BroadcastRecord{556bad4 u-1 android.intent.action.SCREEN_OFF}: prev had 0
12-17 19:31:56.449  1795  1808 I ActivityManager_broadcast: dispatch ordered broadcast [foreground] BroadcastRecord{556bad4 u-1 android.intent.action.SCREEN_OFF}, has 55 receivers
12-17 19:31:56.457  1795 11747 I qti_sensors_hal: read from oem info: data_readback
12-17 19:31:56.457  1795 11747 I qti_sensors_hal: 0xcd, 0xb0, 0x24, 0x3e
12-17 19:31:56.457  1795 11747 I qti_sensors_hal: 0x66, 0xca, 0x3c, 0x3e
12-17 19:31:56.457  1795 11747 I qti_sensors_hal: 0xc0, 0x2a, 0x7c, 0x3f
12-17 19:31:56.457  1795 11747 I qti_sensors_hal: 0x55, 0x0, 0x0, 0x0
12-17 19:31:56.457  1795 11747 I qti_sensors_hal: 0x0, 0x0, 0x0, 0x0
12-17 19:31:56.457  1795 11747 E qti_sensors_hal: read from oem info: data_valid_flag=0x55
