12-17 19:55:47.055  3879  4071 I HwLauncher: ClockDynamicUpdater clock update folder at ClockDynamicUpdater
12-17 19:55:47.055  3879  4071 I HwLauncher: DynamicUpdater updateBitmap end and send update message
12-17 19:55:47.056  1795 16498 I NotificationManager: onNotificationVisibilityChanged called
12-17 19:55:47.057 32607 32607 W ContextImpl: Calling a method in the system process without a qualified user: android.app.ContextImpl.startService:1527 android.content.ContextWrapper.startService:613 android.content.ContextWrapper.startService:613 com.huawei.betaclub.receiver.RouteSystemReceiver.onReceive:17 android.app.ActivityThread.handleReceiver:3177 
12-17 19:55:47.059  2883  3125 I HwSystemManager: StartupResidentService:InnerHandler Message:7
12-17 19:55:47.059  1795  1795 I HwActivityManagerService: Split enqueueing broadcast [callerApp]:ProcessRecord{34bf34f 0:system/1000}
12-17 19:55:47.059  1795  1795 I ActivityManager_broadcast: Enqueueing ordered broadcast[foreground] BroadcastRecord{f0c096 u-1 android.intent.action.SCREEN_ON}: prev had 0
12-17 19:55:47.060  3879  3879 I HwLauncher: DynamicUpdater call updateFolder
12-17 19:55:47.061  3879  3879 I HwLauncher: DynamicIcon onResume  isvisible = true   mAttachedToWindow:true    mWindowVisible:truecom.android.calendar
12-17 19:55:47.061  3879  3879 I HwLauncher: DynamicUpdater registerReceiver
12-17 19:55:47.061  1795 17831 I ActivityManager_service: retrieveServiceLocked, callerApp: ProcessRecord{e68e93f 32607:com.huawei.betaclub/1000}, flags: 10000400
12-17 19:55:47.061  1795 17831 I ActivityManager_service: bindServiceLocked, r: ServiceRecord{d705022 u0 euid: 0 com.huawei.betaclub/.receiver.RouteService}, euid: 0
12-17 19:55:47.063  2852  2852 I HwNavigationBarTransitions: setBackgroundColor:new=0, old=0
12-17 19:55:47.063  2852  2852 D PhoneStatusBar: makeExpandedInvisible: mExpandedVisible=true
12-17 19:55:47.063  2852  2852 I PanelBar: collapsePanel:false
12-17 19:55:47.063  2852  2852 I PanelView: closeQs
12-17 19:55:47.064  2852  2852 I QSContainer: updateQsState:false
12-17 19:55:47.064  2852  2852 I QSContainer: updateQsState:false
12-17 19:55:47.064  2852  2852 I StackScroller: setScrollingEnabled: true
12-17 19:55:47.064  2852  2852 I PanelView: instantCollapse
12-17 19:55:47.064  2852  2852 I PanelBar: collapsePanel2
12-17 19:55:47.064  2852  2852 I PanelView: closeQs
12-17 19:55:47.064  1795 16232 I NotificationManager: onNotificationVisibilityChanged called
12-17 19:55:47.065  2852  2852 W StatusBarWindowManager: Apply window Height 72
12-17 19:55:47.065  2852  2852 I StatusBarWindowManager: apply mLp:0 -> 0; Height: 72; Flag: 81840048
12-17 19:55:47.065  1795  1808 I ActivityManager_broadcast: dispatch ordered broadcast [foreground] BroadcastRecord{f0c096 u-1 android.intent.action.SCREEN_ON}, has 58 receivers
12-17 19:55:47.066  2852  2852 W StatusBarWindowManager: Apply window Height 72
12-17 19:55:47.066  2852  2852 I StatusBarWindowManager: apply skiped :0
12-17 19:55:47.066  2852  2852 I PhoneStatusBar: resumeSuspendedAutohide
12-17 19:55:47.066  2852  2852 I BarTransitions.HwPhoneStatusBarView: transitionTo: mode=MODE_TRANSPARENT, animate=false
12-17 19:55:47.066  2852  2852 I BarTransitions.HwNavigationBarView: transitionTo: mode=MODE_TRANSPARENT, animate=false
12-17 19:55:47.066  2852  2852 I HwNavigationBarTransitions: transitionTo:mode=4, isEmuiStyle=false
12-17 19:55:47.066  2852  2852 D PhoneStatusBar: disable: < expand icons* alerts system_info* back home recent clock navigationbar search quick_settings >
12-17 19:55:47.067  2852  2852 V KeyguardUpdateMonitor: FingerStat Visible: false; Interactive: true; Switching: false; Bouncer:false; GoingToSleep: false Occluded: false; dreaming: false; Authenticated: false
12-17 19:55:47.067  2852  2852 I KeyguardUpdateMonitor: Ignore update FP: 0 false
12-17 19:55:47.069  2852  2852 D TimeKeeper: getTimeTickInfo:[mMillisUntilFinished:0, mHour:0, mMinute:0, mSecond:0]
12-17 19:55:47.069  2852  2852 E KeyguardUpdateMonitor: isSimPinSecure mSimDatas is null or empty 
12-17 19:55:47.069  2852  2852 E KeyguardUpdateMonitor: isSimPinSecure mSimDatas is null or empty 
12-17 19:55:47.069  2852  2852 W HwLockScreenPanel: createLockScreenView when reset
12-17 19:55:47.069  2852  2852 I HwLockScreenPanel: loadMagazine
12-17 19:55:47.071  1795  2709 I ActivityManager_service: retrieveServiceLocked, callerApp: ProcessRecord{34bf34f 0:system/1000}, flags: 10000400
12-17 19:55:47.072  2852  2852 V KeyguardStatusView: Enable transport text marquee
12-17 19:55:47.072  1795  3253 D ActivityManager: getRecentTasks: num=1,flags=5,totalTasks=47
12-17 19:55:47.072  1795  3253 D ActivityManager: getRecentTasks: topActivity=ComponentInfo{com.huawei.android.launcher/com.huawei.android.launcher.unihome.UniHomeLauncher}
12-17 19:55:47.073  3879  3879 I HwLauncher: DynamicUpdater call updateFolder
12-17 19:55:47.073  3879  4071 I HwLauncher: WeatherDynamicUpdater positiveUpdate at WeatherDynamicUpdater
12-17 19:55:47.073  2883  3125 I HwSystemManager: StartupResidentService:InnerHandler Message:7
12-17 19:55:47.073  3879  3879 I HwLauncher: DynamicIcon onResume  isvisible = true   mAttachedToWindow:false    mWindowVisible:falsecom.huawei.android.totemweather
12-17 19:55:47.073  3879  3879 I HwLauncher: Launcher  Launcher.onStart() cost 31 ms
12-17 19:55:47.073  1795  2709 I ActivityManager_service: retrieveServiceLocked, callerApp: ProcessRecord{34bf34f 0:system/1000}, flags: 10000400
12-17 19:55:47.075  1795 16499 I NotificationManager: Marking notification as seen 0|com.huawei.health|10010|null|10099
12-17 19:55:47.077 32607 32607 I BetaClub: [RouteService.onStartCommand]
12-17 19:55:47.077  2852  2852 W HwLockScreenPanel: Handle message: 14
12-17 19:55:47.077 32607 21068 I BetaClub: [UserPresentReceiver.onReceive]Start!
12-17 19:55:47.080 32607 32622 D AndroidCommon: [SdcardManager.isMounted]Path:/storage/emulated/0
12-17 19:55:47.081 32607 32607 I UX      : CollectorManager--isCollectorEnabled--getBoolean: false
12-17 19:55:47.081 32607 32607 I UX      : CollectorManager--isCollectorEnabled--getBoolean: false
12-17 19:55:47.081 32607 32607 I UX      : CollectorManager--isCollectorEnabled--getBoolean: false
12-17 19:55:47.081 32607 32607 I UX      : CollectorManager--isCollectorEnabled--getBoolean: false
12-17 19:55:47.081 32607 32607 I UX      : CollectorManager--isCollectorEnabled--getBoolean: false
12-17 19:55:47.081 32607 32607 I UX      : CollectorManager--isCollectorEnabled--getBoolean: false
12-17 19:55:47.081 32607 32607 I UX      : CollectorManager--isCollectorEnabled--getBoolean: false
12-17 19:55:47.081 32607 32607 I UX      : CollectorManager--isCollectorEnabled--getBoolean: false
12-17 19:55:47.082 32607 32607 W UX      : [CollectStarterReceiver.onReceive] enable == false
12-17 19:55:47.082 32607 21069 E UX      : [CollectStarterReceiver.onReceive] checkCollectSwitchStatus start
12-17 19:55:47.082 32607 21069 E UX      : [CollectStarterReceiver.onReceive] interval is to short:5838928
12-17 19:55:47.083 32607 21069 E UX      : [CollectStarterReceiver.onReceive] checkCollectSwitchStatus end
12-17 19:55:47.083 32607 32622 D AndroidCommon: [SdcardManager.isMounted]Mounted:/storage/emulated/0:true
12-17 19:55:47.084  1795  2709 I ActivityManager_service: retrieveServiceLocked, callerApp: ProcessRecord{34bf34f 0:system/1000}, flags: 10000400
12-17 19:55:47.084  2883  3125 I HwSystemManager: StartupResidentService:InnerHandler Message:7
12-17 19:55:47.086  1795  2709 I ActivityManager_service: retrieveServiceLocked, callerApp: ProcessRecord{34bf34f 0:system/1000}, flags: 10000400
12-17 19:55:47.087  3879  3879 I HwLauncher: Launcher onResume()
12-17 19:55:47.088  3879  3879 I HwLauncher: Launcher doResumeWork()
12-17 19:55:47.088  1795 16498 V HwBroadcastQueue: trim and enqueue background Parallel:(4) Ordered:(1)(BroadcastRecord{8e3f9a5 u0 android.intent.action.USER_PRESENT})
12-17 19:55:47.088  1795 16498 I ActivityManager_broadcast: orderd background broadcast:(BroadcastRecord{3295935 u0 android.intent.action.USER_PRESENT}) should be proxyed, target:(ResolveInfo{9bfc17a com.huawei.espacev2/com.huawei.push.BootCompletedReceiver p=9000 m=0x108000 euid=0})
12-17 19:55:47.089  1795  1808 V HwBroadcastQueue: trim and enqueue background Parallel:(4) Ordered:(2)(BroadcastRecord{1f4bd2b u0 android.intent.action.USER_PRESENT})
12-17 19:55:47.089  1795  1808 I ActivityManager_broadcast: orderd background broadcast:(BroadcastRecord{3295935 u0 android.intent.action.USER_PRESENT}) should be proxyed, target:(ResolveInfo{119d588 com.huawei.espacev2/com.huawei.anyoffice.sdk.network.ScreenOnReceiver m=0x108000 euid=0})
12-17 19:55:47.090 16628 16655 E HW-JPEG-DEC: [HME_JPEG_DEC_Delete](3298): HME_JPEG_DEC_Delete: decoder_ctx=null
12-17 19:55:47.091  3879  3879 I HwLauncher: Launcher  onResume mIsToUninstallApp = false
12-17 19:55:47.091  3879  3879 I HwLauncher: Launcher  Launcher hot start cost 49 ms
12-17 19:55:47.091 16628 16655 I SendBroadcastPermission: action:com.huawei.android.action.launcher_weather_icon_change, mPermissionType:0
12-17 19:55:47.091  3879  3879 I ActivityManager_activity: Resuming ActivityRecord{4679a0a token=android.os.BinderProxy@5462fa {com.huawei.android.launcher/com.huawei.android.launcher.unihome.UniHomeLauncher}} with isForward=true,forwardBitChanged=true onlyLocalRequest=false
12-17 19:55:47.093   835  2385 E libteec : begin
12-17 19:55:47.093   606  2379 E libteec : receive data len = 128
12-17 19:55:47.093  3879  3879 I HwLauncher: DynamicUpdater call updateFolder
12-17 19:55:47.094  1795  3884 I HwActivityManagerService: Split enqueueing broadcast [callerApp]:ProcessRecord{fddc75d 16628:com.huawei.android.totemweather/u0a28}
12-17 19:55:47.096  1795  1795 D HwWifiP2pService: onReceive, action:android.intent.action.USER_PRESENT
12-17 19:55:47.097  1795  1795 D HwConnectivityService: mIntentReceiver begin
12-17 19:55:47.097  1795  2668 D WifiP2pService: InactiveState143468
12-17 19:55:47.097  1795  2668 E HwWifiP2pService: Unhandled message when=123201543 what=143468 arg1=0 arg2=0
12-17 19:55:47.097  1795  2668 D WifiP2pService: P2pEnabledState when=123201543 what=143468 arg1=0 arg2=0
12-17 19:55:47.097  1795  1795 D HwKeyguardManagerImpl: isLockScreenDisabled HwKeyguardManagerImpl result = false
12-17 19:55:47.097  1795  2668 D WifiP2pService: DefaultState{ when=-1ms what=143468 target=com.android.internal.util.StateMachine$SmHandler }
12-17 19:55:47.097  1795  1795 D HwConnectivityService: CtrlSocket Receiver,disable: false locked: false action: android.intent.action.USER_PRESENT mSmartKeyguardLevel: normal_level mStartPowerSaving: false
12-17 19:55:47.097  1795  1795 D HwConnectivityService: receive ACTION_USER_PRESENT and unlock.
12-17 19:55:47.097  1795  2668 E HwWifiP2pService: Unhandled message { when=-1ms what=143468 target=com.android.internal.util.StateMachine$SmHandler }
12-17 19:55:47.097  1795  1795 D HwConnectivityService: pid=1000, cmd=100, param=0
12-17 19:55:47.097  1795  1795 D HwConnectivityService: mFilterMsgFlag: 0,msg.arg1: 3
12-17 19:55:47.097  1795  2691 D HwConnectivityService: handleFilterMsg action: 3mFilterMsgFlag3
12-17 19:55:47.097  1795  2691 D HwConnectivityService: [tiger]setBastetFilterInfo action 3pid 1000
