12-17 19:54:27.367  3626  3626 E PTM.FileNodeInfo: getTempInfo error: null, 0
12-17 19:54:27.367  3626  3626 E PTM.FileNodeInfo: getTempInfo error: null, 0
12-17 19:54:27.367  3626  3626 E PTM.FileNodeInfo: getTempInfo error: null, 0
12-17 19:54:27.367  3626  3626 E PTM.FileNodeInfo: getTempInfo error: null, 0
12-17 19:54:27.367  1795  3238 I NotificationManager: cancelNotificationWithTag pid 2852,uid = 10033,tag = low_battery,pkg =com.android.systemui,id =2132017204
12-17 19:54:27.367  3626  3626 E PTM.FileNodeInfo: getTempInfo error: null, 0
12-17 19:54:27.367  3626  3626 E PTM.FileNodeInfo: getTempInfo error: null, 0
12-17 19:54:27.367  3626  3626 E PTM.FileNodeInfo: getTempInfo error: null, 0
12-17 19:54:27.367  3626  3626 E PTM.FileNodeInfo: getTempInfo error: null, 0
12-17 19:54:27.367  1795  2376 I ActivityManager_broadcast: Enqueueing ordered broadcast[foreground] BroadcastRecord{bcf4e68 u-1 android.intent.action.TIME_TICK}: prev had 0
12-17 19:54:27.367  3626  3626 E PTM.FileNodeInfo: getTempInfo error: null, 0
12-17 19:54:27.367  3626  3626 E PTM.FileNodeInfo: getTempInfo error: null, 0
12-17 19:54:27.367  3626  3626 E PTM.FileNodeInfo: getTempInfo error: null, 0
12-17 19:54:27.367  3626  3626 E PTM.FileNodeInfo: getTempInfo error: null, 0
12-17 19:54:27.368  3626  3626 E PTM.FileNodeInfo: getTempInfo error: null, 0
12-17 19:54:27.368  3626  3626 E PTM.FileNodeInfo: getTempInfo error: null, 0
12-17 19:54:27.368  3626  3626 E PTM.FileNodeInfo: getTempInfo error: null, 0
12-17 19:54:27.368  1795  1795 I NotificationManager: cancelNotification,index:-1
12-17 19:54:27.368  3626  3626 E PTM.FileNodeInfo: getTempInfo error: null, 0
12-17 19:54:27.368  3626  3626 E PTM.FileNodeInfo: getTempInfo error: null, 0
12-17 19:54:27.368  3626  3626 E PTM.FileNodeInfo: getTempInfo error: null, 0
12-17 19:54:27.368  1795  1808 I ActivityManager_broadcast: dispatch ordered broadcast [foreground] BroadcastRecord{bcf4e68 u-1 android.intent.action.TIME_TICK}, has 11 receivers
12-17 19:54:27.368  1795  2376 D PowerManagerService: ready=true,policy=0,wakefulness=0,wksummary=0x1,uasummary=0x0,bootcompleted=true,boostinprogress=false,waitmodeenable=false,mode=true,manual=33,auto=-1,adj=0.0userId=0
12-17 19:54:27.368  1795  2376 D PowerManagerService: Acquiring suspend blocker "PowerManagerService.WakeLocks".
12-17 19:54:27.368  2852  2852 I HwPowerUI: processLowerBatteryLevel plugged:false batteryLevel:78 intent:act:android.intent.action.BATTERY_CHANGED  flag:1610612752 technology=Li-ion icon-small=17303220 max_charging_voltage=0 health=2 max_charging_current=0 status=3 plugged=0 present=true charge_counter=0 level=78 scale=100 temperature=292 voltage=4071 invalid_charger=0 
12-17 19:54:27.368  2852  2852 I HwPowerUI: doTemperatueWarning, health:2
12-17 19:54:27.369  2852  2852 I HwBatteryManager: onBatteryLevelChanged: level=78, pluggedIn=false, charging=false, PercentColor=-1275068417
12-17 19:54:27.369  1795  2376 I AlarmManager: sending alarm Alarm{8b98ea9 type 0 when 1481975665485 android},repeatInterval = 0,listenerTag =null
12-17 19:54:27.369  3626  3626 I iMonitor: create: 903001012
12-17 19:54:27.369  1795  2376 W ActivityManager: Sending non-protected broadcast com.huawei.intent.action.PUSH from system uid 1000 pkg android
12-17 19:54:27.369  1795  2376 I ActivityManager_broadcast: Enqueueing ordered broadcast[background] BroadcastRecord{d984281 u0 com.huawei.intent.action.PUSH}: prev had 0
12-17 19:54:27.370  1795  1808 I ActivityManager_broadcast: dispatch ordered broadcast [background] BroadcastRecord{d984281 u0 com.huawei.intent.action.PUSH}, has 1 receivers
12-17 19:54:27.370  1795  2376 I AlarmManager: sending alarm Alarm{976db75 type 1 when 1481975585955 com.huawei.imonitor},repeatInterval = 0,listenerTag =null
12-17 19:54:27.371  1795  1795 V AlarmManager: Received TIME_TICK alarm; rescheduling
12-17 19:54:27.372  1795  1795 I AlarmManager: scheduleTimeTickEvent triggerAtTime = 444236364
12-17 19:54:27.375  3180  3578 I ash     : com.baidu.input_huawei goes to hibernation overtime: 71247
12-17 19:54:27.379   816  1562 W SocketListener: sending broadcast to Pid = 1795, Uid = 1000 
12-17 19:54:27.381  7194  7194 I PushLog2824: [main-1]action is com.huawei.intent.action.PUSH(android/null:-1)
12-17 19:54:27.381  1795  2665 D NetdConnector: RCV <- {613 IfaceClass idle 1 444118762417360}
12-17 19:54:27.383  1795  2665 D NetdConnector: RCV <- {613 IfaceClass idle 1 444118762417360}
12-17 19:54:27.383  3180  3578 I AppManager: check dependency pid: 4690 is depended by pid: 1795
12-17 19:54:27.383  3180  3578 I ash     : Application com.baidu.input_huawei is depended by other app, delay to H!
12-17 19:54:27.386  1795  1819 D NetdConnector: RCV unsolicited event from native daemon, event = 613 IfaceClass idle 1 444118762417360
12-17 19:54:27.388  1795  1819 D NetworkManagement: notifyInterfaceClassActivity: client is com.android.server.net.NetworkStatsService$6@5d6efc
12-17 19:54:27.388  1795  1819 D NetworkManagement: notifyInterfaceClassActivity: client is android.net.ip.IpManager$2@4c99c84
12-17 19:54:27.388  1795  1819 D NetworkManagement: notifyInterfaceClassActivity: client is com.android.server.net.NetworkPolicyManagerService$13@4df0feb
12-17 19:54:27.389  1795  1819 D NetworkManagement: notifyInterfaceClassActivity: client is android.net.INetworkManagementEventObserver$Stub$Proxy@af226
12-17 19:54:27.389  1795  1819 D NetworkManagement: notifyInterfaceClassActivity: client is android.net.INetworkManagementEventObserver$Stub$Proxy@c0acf8b
12-17 19:54:27.390  1795  1813 E BatteryStatsService: no controller energy info supplied
12-17 19:54:27.390  1795  1819 D NetworkManagement: notifyInterfaceClassActivity: client is com.android.server.ConnectivityService$1@e0f099c
12-17 19:54:27.390  1795  1819 I SendBroadcastPermission: action:android.net.conn.DATA_ACTIVITY_CHANGE, mPermissionType:0
12-17 19:54:27.393   818  1152 I logserver: handle_exception_events enter
12-17 19:54:27.394  1795  1819 D NetworkManagement: notifyInterfaceClassActivity: client is com.android.server.connectivity.Vpn$2@e40aefb
12-17 19:54:27.394  1795  1819 D NetworkManagement: notifyInterfaceClassActivity: client is com.android.server.ethernet.EthernetNetworkFactory$InterfaceObserver@fccfd35
12-17 19:54:27.394  1795  1819 D NetworkManagement: notifyInterfaceClassActivity: client is com.android.server.connectivity.Tethering@ff4a50f
12-17 19:54:27.395  3626  3626 I iMonitor: send: 903001012
12-17 19:54:27.396  3626  3770 I LSC_903001012: process buffer and get message
12-17 19:54:27.402  3626  3626 E PTM.FileNodeInfo: getTempInfo error: null, 0
12-17 19:54:27.402  3626  3626 E PTM.FileNodeInfo: getTempInfo error: null, 0
12-17 19:54:27.402  3626  3626 E PTM.FileNodeInfo: getTempInfo error: null, 0
12-17 19:54:27.402  3626  3626 E PTM.FileNodeInfo: getTempInfo error: null, 0
12-17 19:54:27.402  3626  3626 E PTM.FileNodeInfo: getTempInfo error: null, 0
12-17 19:54:27.402  3626  3626 E PTM.FileNodeInfo: getTempInfo error: null, 0
12-17 19:54:27.402  3626  3626 E PTM.FileNodeInfo: getTempInfo error: null, 0
12-17 19:54:27.402  3626  3626 E PTM.FileNodeInfo: getTempInfo error: null, 0
12-17 19:54:27.402  3626  3626 E PTM.FileNodeInfo: getTempInfo error: null, 0
12-17 19:54:27.402  3626  3626 E PTM.FileNodeInfo: getTempInfo error: null, 0
12-17 19:54:27.402  3626  3626 E PTM.FileNodeInfo: getTempInfo error: null, 0
12-17 19:54:27.402  3626  3626 E PTM.FileNodeInfo: getTempInfo error: null, 0
12-17 19:54:27.402  3626  3626 E PTM.FileNodeInfo: getTempInfo error: null, 0
12-17 19:54:27.402  3626  3626 E PTM.FileNodeInfo: getTempInfo error: null, 0
12-17 19:54:27.402  3626  3626 E PTM.FileNodeInfo: getTempInfo error: null, 0
12-17 19:54:27.402  3626  3626 E PTM.FileNodeInfo: getTempInfo error: null, 0
12-17 19:54:27.402  3626  3626 E PTM.FileNodeInfo: getTempInfo error: null, 0
12-17 19:54:27.402  3626  3626 E PTM.FileNodeInfo: getTempInfo error: null, 0
12-17 19:54:27.402  3626  3626 E PTM.FileNodeInfo: getTempInfo error: null, 0
12-17 19:54:27.402  3626  3626 E PTM.FileNodeInfo: getTempInfo error: null, 0
12-17 19:54:27.402  3626  3626 E PTM.FileNodeInfo: getTempInfo error: null, 0
12-17 19:54:27.402  3626  3626 E PTM.FileNodeInfo: getTempInfo error: null, 0
12-17 19:54:27.402  3626  3626 E PTM.FileNodeInfo: getTempInfo error: null, 0
12-17 19:54:27.402  3626  3626 E PTM.FileNodeInfo: getTempInfo error: null, 0
12-17 19:54:27.404  3626  3626 E PTM.FileNodeInfo: getTempInfo error: null, 0
12-17 19:54:27.404  3626  3626 D PTM.ThermalAlarmInfo: TempThreshold: 35, Shell: 0
12-17 19:54:27.404  3626  3626 E PTM.FileNodeInfo: getTempInfo error: null, 0
12-17 19:54:27.404  3626  3626 E PTM.FileNodeInfo: getTempInfo error: null, 0
12-17 19:54:27.404  3626  3626 E PTM.FileNodeInfo: getTempInfo error: null, 0
12-17 19:54:27.404  3626  3626 E PTM.FileNodeInfo: getTempInfo error: null, 0
12-17 19:54:27.405  3626  3626 E PTM.FileNodeInfo: getTempInfo error: null, 0
12-17 19:54:27.405  3626  3626 E PTM.FileNodeInfo: getTempInfo error: null, 0
12-17 19:54:27.405  3626  3626 E PTM.FileNodeInfo: getTempInfo error: null, 0
12-17 19:54:27.405  3626  3626 E PTM.FileNodeInfo: getTempInfo error: null, 0
12-17 19:54:27.405  3626  3626 E PTM.FileNodeInfo: getTempInfo error: null, 0
12-17 19:54:27.405  3626  3626 E PTM.FileNodeInfo: getTempInfo error: null, 0
12-17 19:54:27.405  3626  3626 E PTM.FileNodeInfo: getTempInfo error: null, 0
12-17 19:54:27.405  3626  3626 E PTM.FileNodeInfo: getTempInfo error: null, 0
12-17 19:54:27.405  3626  3626 E PTM.FileNodeInfo: getTempInfo error: null, 0
12-17 19:54:27.405  3626  3626 E PTM.FileNodeInfo: getTempInfo error: null, 0
12-17 19:54:27.405  3626  3626 E PTM.FileNodeInfo: getTempInfo error: null, 0
12-17 19:54:27.405  3626  3626 E PTM.FileNodeInfo: getTempInfo error: null, 0
12-17 19:54:27.405  3626  3626 E PTM.FileNodeInfo: getTempInfo error: null, 0
