12-17 19:34:55.864  2852  2852 D TimeKeeper: getTimeTickInfo:[mMillisUntilFinished:0, mHour:0, mMinute:0, mSecond:0]
12-17 19:34:55.864  2852  2852 E KeyguardUpdateMonitor: isSimPinSecure mSimDatas is null or empty 
12-17 19:34:55.864  2852  2852 E KeyguardUpdateMonitor: isSimPinSecure mSimDatas is null or empty 
12-17 19:34:55.864  2852  2852 W HwLockScreenPanel: createLockScreenView when reset
12-17 19:34:55.864  2852  2852 I HwLockScreenPanel: loadMagazine
12-17 19:34:55.864  1795  1825 I WindowManger_keyguard: Setting mDismissKeyguard true by win Window{e6a6b5e u0 com.android.incallui/com.android.incallui.InCallActivity}
12-17 19:34:55.865  2852  2852 V KeyguardStatusView: Enable transport text marquee
12-17 19:34:55.868   606  2379 E libteec : QSEECom_send_cmd return!
12-17 19:34:55.868   606  2379 E libteec : qsc_send_cmd finish
12-17 19:34:55.868   606  2379 E libteec : send data return = 128
12-17 19:34:55.868   835  2385 E libteec : receive data len = 128
12-17 19:34:55.868   835  2385 E libteec : begin
12-17 19:34:55.868   835  2385 E libteec : qsc_decode end
12-17 19:34:55.868   835  2385 E fpc_fingerprint_hal: do_identify failed -4
12-17 19:34:55.868   835  2385 D fingerprintd: onError(5)
12-17 19:34:55.868   835  2385 I fpc_fingerprint_hal: do_identify operation CANCELED
12-17 19:34:55.868   835  2385 D fpc_fingerprint_hal: do_identify took 22 ms, total:72508 wait:72486
12-17 19:34:55.868   835  2385 E libteec : begin
12-17 19:34:55.868   606  2379 E libteec : receive data len = 128
12-17 19:34:55.868  1795  2396 W FingerprintService: onError 1
12-17 19:34:55.869  2852  2852 W HwLockScreenPanel: Handle message: 14
12-17 19:34:55.869  2852  2852 I PhoneStatusBar: setSystemUiVisibility vis=c0000300 mask=ffffffff oldVal=80000300 newVal=c0000300 diff=40000000
12-17 19:34:55.869  2852  2852 I BarTransitions.HwPhoneStatusBarView: transitionTo: mode=MODE_TRANSLUCENT, animate=false
12-17 19:34:55.869  2852  2852 D BarTransitions.HwPhoneStatusBarView: MODE_OPAQUE -> MODE_TRANSLUCENT animate=false
12-17 19:34:55.869  2852  2852 D BarTransitions.HwPhoneStatusBarView: applyModeBackground oldMode=MODE_OPAQUE newMode=MODE_TRANSLUCENT animate=false
12-17 19:34:55.870  2852  2852 I BarTransitions.HwNavigationBarView: transitionTo: mode=MODE_TRANSLUCENT, animate=false
12-17 19:34:55.870  2852  2852 I HwNavigationBarTransitions: transitionTo:mode=2, isEmuiStyle=false
12-17 19:34:55.870  2852  2852 I PhoneStatusBar: cancelAutohide
12-17 19:34:55.870  2852  2852 I PhoneStatusBar: notifyUiVisibilityChanged:vis=0xc0000300, SystemUiVisibility=0xc0000300
12-17 19:34:55.870  2852  2852 I PhoneStatusBar: setSystemUiVisibility vis=c0000600 mask=ffffffff oldVal=c0000300 newVal=c0000600 diff=500
12-17 19:34:55.870  2852  2852 I PhoneStatusBar: notifyUiVisibilityChanged:vis=0xc0000600, SystemUiVisibility=0xc0000600
12-17 19:34:55.871  2852  2852 W DisabledFeatureUtils: Dis-Feature : 0
12-17 19:34:55.872  2852  2852 W DisabledFeatureUtils: Dis-Feature : 0
12-17 19:34:55.877   606  2379 E libteec : QSEECom_send_cmd return!
12-17 19:34:55.877   606  2379 E libteec : qsc_send_cmd finish
12-17 19:34:55.878   835  2385 E libteec : receive data len = 128
12-17 19:34:55.878   835  2385 E libteec : begin
12-17 19:34:55.878   835  2385 E libteec : qsc_decode end
12-17 19:34:55.878   835  2385 D fpc_fingerprint_hal: worker idle
12-17 19:34:55.878   835  2385 D fpc_fingerprint_hal: workerFunction STATE_CANCEL
12-17 19:34:55.878   835  2385 E libteec : begin
12-17 19:34:55.878   606  2379 E libteec : send data return = 128
12-17 19:34:55.878   606  2379 E libteec : receive data len = 128
12-17 19:34:55.879  1795  2326 W FingerprintService: client com.android.systemui is no longer authenticating
12-17 19:34:55.879  1795  1825 I WindowManger_keyguard: Setting mDismissKeyguard true by win Window{e6a6b5e u0 com.android.incallui/com.android.incallui.InCallActivity}
12-17 19:34:55.879  1795  2326 W FingerprintService: onError 2
12-17 19:34:55.879  1795  2326 V FingerprintService: ClientMonitor destroy
12-17 19:34:55.879  1795  2326 V FingerprintService: Done with client: com.android.systemui
12-17 19:34:55.879  1795  2326 V FingerprintService: handleError(client=com.android.systemui, error = 5)
12-17 19:34:55.886  7741  7758 D TmoMonitor: Cache monitor msg as screen_off
12-17 19:34:55.887   606  2379 E libteec : QSEECom_send_cmd return!
12-17 19:34:55.887   606  2379 E libteec : qsc_send_cmd finish
12-17 19:34:55.887   606  2379 E libteec : send data return = 128
12-17 19:34:55.888   835  2385 E libteec : receive data len = 128
12-17 19:34:55.888   835  2385 E libteec : begin
12-17 19:34:55.888   835  2385 E libteec : qsc_decode end
12-17 19:34:55.888   835  2385 D fpc_fingerprint_hal: workerFunction STATE_NAVIGATION
12-17 19:34:55.888   835  2385 E libteec : begin
12-17 19:34:55.888   606  2379 E libteec : receive data len = 128
12-17 19:34:55.892  2852  2852 V KeyguardUpdateMonitor: KGSvcFp onAuthenticationError.5
12-17 19:34:55.893  2852  2852 W KeyguardUpdateMonitor: Fingerprint RunningStateChanged. 10
12-17 19:34:55.893  2852  2852 W StatusBarWindowManager: Apply window Height 72
12-17 19:34:55.893  2852  2852 I StatusBarWindowManager: apply skiped :0
12-17 19:34:55.893  1795  1825 V HwPhoneWindowManager: updateSystemUiColorLw window=Window{e6a6b5e u0 com.android.incallui/com.android.incallui.InCallActivity},EmuiStyle=1,StatusBarColor=0x0,NavigationBarColor=0x0, mLastIsEmuiLightStyle=1
12-17 19:34:55.895  1795  1825 I WindowManger_keyguard: Setting mDismissKeyguard true by win Window{e6a6b5e u0 com.android.incallui/com.android.incallui.InCallActivity}
12-17 19:34:55.900   606  2379 E libteec : QSEECom_send_cmd return!
12-17 19:34:55.900   606  2379 E libteec : qsc_send_cmd finish
12-17 19:34:55.900   606  2379 E libteec : send data return = 128
12-17 19:34:55.900   835  2385 E libteec : receive data len = 128
12-17 19:34:55.900   835  2385 E libteec : begin
12-17 19:34:55.901   835  2385 E libteec : qsc_decode end
12-17 19:34:55.911  1795  1825 I ActivityManager_activity: completedResumed: ActivityRecord{b46dc67 u0 com.android.incallui/.InCallActivity t310}, launchTrack: outofsleep resumeTopComplete
12-17 19:34:55.913  1795  1825 I WindowManger_keyguard: Screen turned on for keyguard
12-17 19:34:55.914  1795  1825 I PowerManager_screenOn: KeyguardServiceDelegate  onScreenTurnedOn(showListener = com.android.server.policy.PhoneWindowManager$3@bf53b21)
12-17 19:34:55.914  2852  2867 D KeyguardService: Caller checkPermission fail
12-17 19:34:55.914  2852  2867 D KeyguardService: KGSvcCall onScreenTurningOn.
12-17 19:34:55.914  2852  2867 D KeyguardViewMediator: notifyScreenOn
12-17 19:34:55.914  1795  1795 I ActivityManager_broadcast: Enqueueing ordered broadcast[foreground] BroadcastRecord{7321c87 u-1 android.intent.action.TIME_TICK}: prev had 1
12-17 19:34:55.915  2852  2852 D KeyguardViewMediator: handleNotifyScreenTurningOn
12-17 19:34:55.915  2852  2852 I PhoneStatusBar: onScreenTurningOn
12-17 19:34:55.915  2852  2852 D KeyguardViewMediator: handleNotifyScreenTurnedOn End with : 66
12-17 19:34:55.915  1795  1795 D PowerManagerService: ready=false,policy=3,wakefulness=1,wksummary=0x11,uasummary=0x1,bootcompleted=true,boostinprogress=false,waitmodeenable=false,mode=true,manual=33,auto=-1,adj=0.0userId=0
12-17 19:34:55.915  1795  1795 D PowerManagerService: Acquiring suspend blocker "PowerManagerService.WakeLocks".
12-17 19:34:55.915  1795  6985 I WindowManger_keyguard: **** SHOWN CALLED ****
12-17 19:34:55.915  1795  6985 D WindowManager: mKeyguardDelegate.ShowListener.onDrawn.
12-17 19:34:55.915  1795  6985 I WindowManger_keyguard: hideScrim()
12-17 19:34:55.918  1795  1821 I ActivityManager_activity: Incall is gone
12-17 19:34:55.918  1795  1821 I ActivityManager_activity: windowsGone(): ActivityRecord{b46dc67 u0 com.android.incallui/.InCallActivity t310}
12-17 19:34:55.919  3608  3608 D InCall  : InCallActivity - onStart()...
12-17 19:34:55.919  1795  1809 D HwPhoneWindowManager: Transact:setSystemUIColor to status bar service
12-17 19:34:55.919  2852  3328 I CommandQueue: updateBarBgColor
12-17 19:34:55.919  2852  3328 D CommandQueue: CommandQueue, setBarBackgroundColor
12-17 19:34:55.919  1795  2377 I AwareLog: AwareMem_DMEServer: start
12-17 19:34:55.920  1795  1825 D HwNormalizedAutomaticBrightnessController: set power status:mPowerStatus=false,powerStatus=true
12-17 19:34:55.920  1795  1825 D Sensors : batch called handle:3 sample_ns:300000000 latency_ns:0
12-17 19:34:55.920  1795  1825 D Sensors : activate called handle:3 enable:1
12-17 19:34:55.920  1795  1825 D Sensors : bh1745-light calling driver setDelay 300 ms
12-17 19:34:55.920  2852  2852 I TintManager: updateBarBgColor:emuiStyle=1,statusBarColor=#00000000,navigationBarColor=#00000000, isEmuiLight=1
12-17 19:34:55.920  1795  2377 I AwareLog: AwareMem_EventTracker: [SCREEN_ON_1481974495919] is abandoned for memory 837204
12-17 19:34:55.920  2852  2852 I HwPhoneStatusBarTransitions: setBackgroundColor:new=0, old=1711276032
