12-17 19:32:05.814  1795  1825 D PowerManagerService: Acquiring suspend blocker "PowerManagerService.Broadcasts".
12-17 19:32:05.814  1795  1825 I PowerManager_screenOn: PowerManagerNotifier onWakeUp: event=android.server.power:POWER, reasonUid=1000 opPackageName=android opUid=1000
12-17 19:32:05.815  1795  1795 I WindowManger_keyguard: Started waking up...
12-17 19:32:05.815  1795  1795 I WindowManger_keyguard: onStartedWakingUp()
12-17 19:32:05.815  1795  1825 D PowerManagerService: userActivityNoUpdateLocked: eventTime=123038985, event=0, flags=0x0, uid=1000
12-17 19:32:05.815  1795  1825 I PowerManager_screenOn: PowerManagerNotifier onUserActivity: event=0, uid=1000
12-17 19:32:05.816  1795  1825 I PowerManager_screenOn: PowerManagerServiceonProximityNegative by Phone
12-17 19:32:05.816  1795  1825 D PowerManagerService: setColorTemperatureAccordingToSetting
12-17 19:32:05.816  1795  1825 D HwPowerManagerService: setColorTemperatureAccordingToSetting
12-17 19:32:05.816  1795  1825 D HwPowerManagerService: isDisplayFeatureSupported feature:1
12-17 19:32:05.816  1795  1825 D HW_DISPLAY_EFFECT: hw_get_smart_display_supported: start++
12-17 19:32:05.816  1795  1825 D HW_DISPLAY_EFFECT: hw_get_smart_display_supported: end--
12-17 19:32:05.817  1795  1825 D HWPowerManger_JNI: Surport 3 dimension color temperature.
12-17 19:32:05.817  1795  1825 D HwPowerManagerService: setColorTemperatureAccordingToSetting new.
12-17 19:32:05.818  2852  2866 D KeyguardService: Caller checkPermission fail
12-17 19:32:05.818  2852  2866 D KeyguardService: KGSvcCall onStartedWakingUp.
12-17 19:32:05.818  1795  1825 D HwPowerManagerService: ColorTemperature read from old setting:128
12-17 19:32:05.818  1795  1825 D HwPowerManagerService: setColorTemperature:128
12-17 19:32:05.818  2852  2866 W HwLockScreenReporter: report result = falsereport type:122 msg:
12-17 19:32:05.818  2852  2866 D KeyguardViewMediator: onStartedWakingUp, seq = 473
12-17 19:32:05.818  1795  1825 D HW_DISPLAY_EFFECT: hw_set_colortemperature: start++
12-17 19:32:05.818  2852  2866 D KeyguardViewMediator: notifyStartedWakingUp
12-17 19:32:05.818  1795  1825 W HW_DISPLAY_EFFECT: Warning: hw_set_colortemperature is COLOR_TEMP_2_DIMENSION interface, not supported presently.
12-17 19:32:05.818  1795  1825 D HW_DISPLAY_EFFECT: hw_set_colortemperature: end--
12-17 19:32:05.818  1795  1825 D PowerManagerService: ready=false,policy=3,wakefulness=1,wksummary=0x10,uasummary=0x1,bootcompleted=true,boostinprogress=false,waitmodeenable=false,mode=true,manual=33,auto=-1,adj=0.0userId=0
12-17 19:32:05.819  1795  1825 I PowerManager_screenOn: DisplayPowerController updatePowerState mPendingRequestLocked=policy=BRIGHT, useProximitySensor=true, useProximitySensorbyPhone=true, screenBrightness=33, screenAutoBrightnessAdjustment=0.0, brightnessSetByUser=true, useAutoBrightness=true, blockScreenOn=false, lowPowerMode=false, boostScreenBrightness=false, dozeScreenBrightness=-1, dozeScreenState=UNKNOWN, useTwilight=false, useSmartBacklight=true, brightnessWaitMode=false, brightnessWaitRet=true, screenAutoBrightness=-1, userId=0
12-17 19:32:05.819  2852  2866 W AppHandler: sendMessage 14
12-17 19:32:05.819  2852  2852 D KeyguardViewMediator: handleNotifyWakingUp
12-17 19:32:05.819  1795  1825 I PowerManager_screenOn: DisplayPowerStatesetScreenState: state=2
12-17 19:32:05.819  1795  1825 D FpDataCollector: DisplayPowerState :ON
12-17 19:32:05.819  2852  2852 I PhoneStatusBar: onStartedWakingUp
12-17 19:32:05.819  2852  2852 V KeyguardUpdateMonitor: FingerStat Visible: false; Interactive: true; Switching: false; Bouncer:false; GoingToSleep: false Occluded: false; dreaming: false; Authenticated: false
12-17 19:32:05.819  2852  2852 V KeyguardUpdateMonitor: KGSvcFp stopListeningForFingerprint(). 1
12-17 19:32:05.820  1795  1795 I PowerManager_screenOn: PowerManagerNotifier Sending wake up broadcast.
12-17 19:32:05.820  1795  1795 I SendBroadcastPermission: action:android.intent.action.SCREEN_ON, mPermissionType:0
12-17 19:32:05.820  1795  3247 I Security_fingerprint: FingerprintService cancelAuthentication
12-17 19:32:05.820  1795  2326 V FingerprintService: stop client com.android.systemui
12-17 19:32:05.820  2852  2852 W KeyguardUpdateMonitor: Fingerprint RunningStateChanged. 2
12-17 19:32:05.821   835   835 I fingerprintd: FingerprintDaemonProxyEx::onTransact, code:2
12-17 19:32:05.821   835   835 V fingerprintd: stopAuthentication()
12-17 19:32:05.821   835   835 D fpc_fingerprint_hal: fpc_cancel
12-17 19:32:05.822  2852  2852 D TimeKeeper: getTimeTickInfo:[mMillisUntilFinished:0, mHour:0, mMinute:0, mSecond:0]
12-17 19:32:05.822  2852  2852 E KeyguardUpdateMonitor: isSimPinSecure mSimDatas is null or empty 
12-17 19:32:05.822  2852  2852 E KeyguardUpdateMonitor: isSimPinSecure mSimDatas is null or empty 
12-17 19:32:05.822  2852  2852 W HwLockScreenPanel: createLockScreenView when reset
12-17 19:32:05.822  2852  2852 I HwLockScreenPanel: loadMagazine
12-17 19:32:05.823   835  2385 D fpc_fingerprint_hal: fpc poll irq interupt
12-17 19:32:05.823   835  2385 D fpc_fingerprint_hal: wait_finger_down, took 4301 ms
12-17 19:32:05.823   835  2385 E fpc_fingerprint_hal: capture_image failed -4
12-17 19:32:05.823  1795  1795 I HwActivityManagerService: Split enqueueing broadcast [callerApp]:ProcessRecord{34bf34f 0:system/1000}
12-17 19:32:05.823   835  2385 I fpc_fingerprint_hal: timeForContinueCapture id:4302
12-17 19:32:05.823   835  2385 E libteec : begin
12-17 19:32:05.823   606  2379 E libteec : receive data len = 128
12-17 19:32:05.824  1795  1795 I ActivityManager_broadcast: Enqueueing ordered broadcast[foreground] BroadcastRecord{a9a9783 u-1 android.intent.action.SCREEN_ON}: prev had 0
12-17 19:32:05.824  1795  1808 I ActivityManager_broadcast: dispatch ordered broadcast [foreground] BroadcastRecord{a9a9783 u-1 android.intent.action.SCREEN_ON}, has 57 receivers
12-17 19:32:05.825  2852  2852 V KeyguardStatusView: Enable transport text marquee
12-17 19:32:05.832  2852  2852 W HwLockScreenPanel: Handle message: 14
12-17 19:32:05.834  2852  2852 W DisabledFeatureUtils: Dis-Feature : 0
12-17 19:32:05.835   606  2379 E libteec : QSEECom_send_cmd return!
12-17 19:32:05.835   606  2379 E libteec : qsc_send_cmd finish
12-17 19:32:05.835   835  2385 E libteec : receive data len = 128
12-17 19:32:05.835   835  2385 E libteec : begin
12-17 19:32:05.835   835  2385 E libteec : qsc_decode end
12-17 19:32:05.835  2852  2852 W DisabledFeatureUtils: Dis-Feature : 0
12-17 19:32:05.835   835  2385 E fpc_fingerprint_hal: do_identify failed -4
12-17 19:32:05.835   835  2385 D fingerprintd: onError(5)
12-17 19:32:05.835   835  2385 I fpc_fingerprint_hal: do_identify operation CANCELED
12-17 19:32:05.836  1795 11745 W FingerprintService: onError 1
12-17 19:32:05.836   835  2385 D fpc_fingerprint_hal: do_identify took 31 ms, total:4332 wait:4301
12-17 19:32:05.836   835  2385 E libteec : begin
12-17 19:32:05.836   606  2379 E libteec : send data return = 128
12-17 19:32:05.836   606  2379 E libteec : receive data len = 128
12-17 19:32:05.837  1795  2377 I AwareLog: AwareMem_DMEServer: start
12-17 19:32:05.839  1795  2377 I AwareLog: AwareMem_EventTracker: [SCREEN_ON_1481974325836] is abandoned for memory 830472
12-17 19:32:05.842  1795  1795 D HwWifiP2pService: onReceive, action:android.intent.action.SCREEN_ON
12-17 19:32:05.842  1795  2668 D WifiP2pService: InactiveState143466
12-17 19:32:05.842  1795  2668 E HwWifiP2pService: Unhandled message when=123039014 what=143466 arg1=0 arg2=0
12-17 19:32:05.843  1795  2668 D WifiP2pService: P2pEnabledState when=123039014 what=143466 arg1=0 arg2=0
12-17 19:32:05.843  1795  2668 D WifiP2pService: DefaultState{ when=-1ms what=143466 target=com.android.internal.util.StateMachine$SmHandler }
12-17 19:32:05.843  1795  2668 D HwWifiP2pService: cancel alarm.
12-17 19:32:05.844  1795  1825 I PowerManager_screenOn: DisplayPowerController Blocking screen on until initial contents have been drawn.
12-17 19:32:05.848   606  2379 E libteec : QSEECom_send_cmd return!
12-17 19:32:05.848   606  2379 E libteec : qsc_send_cmd finish
12-17 19:32:05.848   835  2385 E libteec : receive data len = 128
12-17 19:32:05.848   835  2385 E libteec : begin
12-17 19:32:05.848   835  2385 E libteec : qsc_decode end
12-17 19:32:05.848   835  2385 D fpc_fingerprint_hal: worker idle
12-17 19:32:05.849  1795  2326 W FingerprintService: client com.android.systemui is no longer authenticating
12-17 19:32:05.849  1795  2326 W FingerprintService: onError 2
12-17 19:32:05.849   835  2385 D fpc_fingerprint_hal: workerFunction STATE_CANCEL
12-17 19:32:05.849   835  2385 E libteec : begin
12-17 19:32:05.849  1795  2326 V FingerprintService: ClientMonitor destroy
12-17 19:32:05.849  1795  2326 V FingerprintService: Done with client: com.android.systemui
12-17 19:32:05.849  1795  2326 V FingerprintService: handleError(client=com.android.systemui, error = 5)
12-17 19:32:05.850  2852  2852 V KeyguardUpdateMonitor: KGSvcFp onAuthenticationError.5
12-17 19:32:05.850  2852  2852 W KeyguardUpdateMonitor: Fingerprint RunningStateChanged. 10
12-17 19:32:05.850  2852  2852 W StatusBarWindowManager: Apply window Height 72
12-17 19:32:05.850   606  2379 E libteec : send data return = 128
12-17 19:32:05.850  2852  2852 I StatusBarWindowManager: apply skiped :0
12-17 19:32:05.850   606  2379 E libteec : receive data len = 128
