12-17 19:42:44.981  1795 16498 W ActivityManager: Sending non-protected broadcast com.android.imscontection.DISCONNECTED from system 3218:com.android.phone/1001 pkg com.android.phone
12-17 19:42:44.981  3218  3218 I QImsService: ImsServiceSub : sendBroadcastForDisconnected
12-17 19:42:44.981  3466  3466 I Contacts: DialpadFragment mBroadcastReceiver action:huawei.intent.action.IMS_SERVICE_STATE_CHANGED
12-17 19:42:44.989  3218  3218 E HW-JPEG-DEC: [HME_JPEG_DEC_Delete](3298): HME_JPEG_DEC_Delete: decoder_ctx=null
12-17 19:42:44.990  2883  2996 I HwSystemManager: TafficState:default sub id = 0slotIndex = 0 subscriptionId = 0
12-17 19:42:44.999  1795  3253 D PowerManagerService: ready=true,policy=0,wakefulness=0,wksummary=0x1,uasummary=0x0,bootcompleted=true,boostinprogress=false,waitmodeenable=false,mode=true,manual=33,auto=-1,adj=0.0userId=0
12-17 19:42:45.000  1795  3238 D PowerManagerService: acquire lock=15081967, flags=0x1, tag="RILJ_ACK_WL", name=com.android.phone, ws=null, uid=1001, pid=3218
12-17 19:42:45.000  1795  3238 D PowerManagerService: ready=true,policy=0,wakefulness=0,wksummary=0x1,uasummary=0x0,bootcompleted=true,boostinprogress=false,waitmodeenable=false,mode=true,manual=33,auto=-1,adj=0.0userId=0
12-17 19:42:45.000  2883  2996 E HwSystemManager: LeisureTrafficSetting:result is empty
12-17 19:42:45.004  3466  3466 I Contacts: DialpadFragment SIM 1 enable:true, SIM 2 enable:false
12-17 19:42:45.004  3466  3466 I Contacts: DialpadFragment Sim presence : 1
12-17 19:42:45.005  3218  3517 I QImsService: ImsSenderRxr : Response data: [12, 13, -1, -1, -1, -1, 16, 3, 24, -46, 1, 32, 0, 18, 12, 8, 1, 24, 10, 58, 6, 16, 0, 34, 2, 8, 2, 18, 12, 8, 1, 24, 0, 58, 6, 16, 0, 34, 2, 8, 2, 18, 12, 8, 1, 24, 3, 58, 6, 16, 0, 34, 2, 8, 2, 18, 12, 8, 1, 24, 1, 58, 6, 16, 0, 34, 2, 8, 2, 18, 12, 8, 1, 24, 2, 58, 6, 16, 0, 34, 2, 8, 2, 18, 14, 8, 1, 24, 11, 58, 8, 8, 14, 16, 2, 34, 2, 8, 1][SUB0]
12-17 19:42:45.005  3218  3517 I QImsService: ImsSenderRxr :  Tag -1 3 210 0[SUB0]
12-17 19:42:45.006  3218  3517 I QImsService: ImsSenderRxr : isValid = true type = 10 status = 0 userdata = null[SUB0]
12-17 19:42:45.006  3218  3517 I QImsService: ImsSenderRxr :  networkMode = -1 status = 0 restrictCause = 0 registered = 2[SUB0]
12-17 19:42:45.006  3218  3517 I QImsService: ImsSenderRxr : isValid = true type = 0 status = 0 userdata = null[SUB0]
12-17 19:42:45.006  3218  3517 I QImsService: ImsSenderRxr :  networkMode = -1 status = 0 restrictCause = 0 registered = 2[SUB0]
12-17 19:42:45.006  3218  3517 I QImsService: ImsSenderRxr : isValid = true type = 3 status = 0 userdata = null[SUB0]
12-17 19:42:45.006  3218  3517 I QImsService: ImsSenderRxr :  networkMode = -1 status = 0 restrictCause = 0 registered = 2[SUB0]
12-17 19:42:45.006  3218  3517 I QImsService: ImsSenderRxr : isValid = true type = 1 status = 0 userdata = null[SUB0]
12-17 19:42:45.006  3218  3517 I QImsService: ImsSenderRxr :  networkMode = -1 status = 0 restrictCause = 0 registered = 2[SUB0]
12-17 19:42:45.006  3218  3517 I QImsService: ImsSenderRxr : isValid = true type = 2 status = 0 userdata = null[SUB0]
12-17 19:42:45.006  3218  3517 I QImsService: ImsSenderRxr :  networkMode = -1 status = 0 restrictCause = 0 registered = 2[SUB0]
12-17 19:42:45.006  3218  3517 I QImsService: ImsSenderRxr : isValid = true type = 11 status = 0 userdata = null[SUB0]
12-17 19:42:45.006  3218  3517 I QImsService: ImsSenderRxr :  networkMode = 14 status = 2 restrictCause = 0 registered = 1[SUB0]
12-17 19:42:45.006  1795 15982 I AlarmManager: setTimeZoneImpl,uid is 1001,pid is 3218,tz = Asia/Shanghai
12-17 19:42:45.006  3218  3517 I QImsService: ImsSenderRxr : [UNSL]< UNSOL_SRV_STATUS_UPDATE [org.codeaurora.ims.ServiceStatus@bf358c7, org.codeaurora.ims.ServiceStatus@c939ef4, org.codeaurora.ims.ServiceStatus@a01361d, org.codeaurora.ims.ServiceStatus@86f1092, org.codeaurora.ims.ServiceStatus@142ba63, org.codeaurora.ims.ServiceStatus@9c5b660][SUB0]
12-17 19:42:45.006  1795 15982 D AlarmManagerService: Kernel timezone updated to -480 minutes west of GMT
12-17 19:42:45.007  3218  3218 I SendBroadcastPermission: action:android.intent.action.NETWORK_SET_TIMEZONE, mPermissionType:0
12-17 19:42:45.008  1795 15987 I HwActivityManagerService: Split enqueueing broadcast [callerApp]:ProcessRecord{24cdca7 3218:com.android.phone/1001}
12-17 19:42:45.009  2883  2996 I HwSystemManager: NatTrafficNotifyService:delta byte = 0 no traffic delta = 0Traffic state is 301
12-17 19:42:45.011  1795  2778 D PowerManagerService: acquire lock=207137242, flags=0x1, tag="ServiceStateTracker", name=com.android.phone, ws=null, uid=1001, pid=3218
12-17 19:42:45.011  1795  2778 D PowerManagerService: ready=true,policy=0,wakefulness=0,wksummary=0x1,uasummary=0x0,bootcompleted=true,boostinprogress=false,waitmodeenable=false,mode=true,manual=33,auto=-1,adj=0.0userId=0
12-17 19:42:45.013  3382  3399 D QcrilMsgTunnelSocket: readRilMessage: Buffer = [B@204bb9f HexData = [010000000404000012000000514f454d484f4f4b1d04080002000000ffff]
12-17 19:42:45.014  3382  3399 D QcrilMsgTunnelSocket: Rcvd UNSOL response with 28 bytes data for SUB0
12-17 19:42:45.014  3382  3399 D QcrilMsgTunnelSocket: Rac Change (PDC) data: [-1, -1]
12-17 19:42:45.014  3382  3399 D QcrilMsgTunnelSocket: Broadcasting intent ACTION_RAC_CHANGED
12-17 19:42:45.014  3382  3399 I SendBroadcastPermission: action:qualcomm.intent.action.ACTION_RAC_CHANGED, mPermissionType:0
12-17 19:42:45.014  1795  3111 D PowerManagerService: acquire lock=15081967, flags=0x1, tag="RILJ_ACK_WL", name=com.android.phone, ws=null, uid=1001, pid=3218
12-17 19:42:45.014  1795  3111 D PowerManagerService: ready=true,policy=0,wakefulness=0,wksummary=0x1,uasummary=0x0,bootcompleted=true,boostinprogress=false,waitmodeenable=false,mode=true,manual=33,auto=-1,adj=0.0userId=0
12-17 19:42:45.015  2852  2925 I EventCenter: ContentChange for slot: 1
12-17 19:42:45.015  3466  3466 I Contacts: DialpadFragment sim_one is presence -> updateSingleCardButton
12-17 19:42:45.016  3218  3375 I SendBroadcastPermission: action:com.huawei.android.intent.action.RAC_CHANGED, mPermissionType:0
12-17 19:42:45.018  2883  2996 I HwSystemManager: ExtraTrafficSetting:result is empty
12-17 19:42:45.019  1795  3238 D PowerManagerService: release:lock=207137242, flg=0x0, tag="ServiceStateTracker", name=com.android.phone", ws=null, uid=1001, pid=3218
12-17 19:42:45.019  1795  3238 D PowerManagerService: ready=true,policy=0,wakefulness=0,wksummary=0x1,uasummary=0x0,bootcompleted=true,boostinprogress=false,waitmodeenable=false,mode=true,manual=33,auto=-1,adj=0.0userId=0
12-17 19:42:45.020  3218  3218 D HwCust  : Create obj success use class com.android.settings.deviceinfo.HwCustStatusImpl
12-17 19:42:45.024  3382  3399 D QcrilMsgTunnelSocket: readRilMessage: Buffer = [B@204bb9f HexData = [010000000404000012000000514f454d484f4f4b1d04080002000000ffff]
12-17 19:42:45.024  3382  3399 D QcrilMsgTunnelSocket: Rcvd UNSOL response with 28 bytes data for SUB0
12-17 19:42:45.024  3382  3399 D QcrilMsgTunnelSocket: Rac Change (PDC) data: [-1, -1]
12-17 19:42:45.024  3382  3399 D QcrilMsgTunnelSocket: Broadcasting intent ACTION_RAC_CHANGED
12-17 19:42:45.024  3382  3399 I SendBroadcastPermission: action:qualcomm.intent.action.ACTION_RAC_CHANGED, mPermissionType:0
12-17 19:42:45.024  1795  3111 D PowerManagerService: acquire lock=15081967, flags=0x1, tag="RILJ_ACK_WL", name=com.android.phone, ws=null, uid=1001, pid=3218
12-17 19:42:45.024  1795  3111 D PowerManagerService: ready=true,policy=0,wakefulness=0,wksummary=0x1,uasummary=0x0,bootcompleted=true,boostinprogress=false,waitmodeenable=false,mode=true,manual=33,auto=-1,adj=0.0userId=0
12-17 19:42:45.028  3218  3375 I SendBroadcastPermission: action:com.huawei.android.intent.action.RAC_CHANGED, mPermissionType:0
12-17 19:42:45.029  3218  3218 E HW-JPEG-DEC: [HME_JPEG_DEC_Delete](3298): HME_JPEG_DEC_Delete: decoder_ctx=null
12-17 19:42:45.037  2883  2996 I HwSystemManager: ITrafficInfo:ITrafficInfo create 301updateBytes = 1769320345
12-17 19:42:45.038  1795  3111 D PowerManagerService: ready=true,policy=0,wakefulness=0,wksummary=0x1,uasummary=0x0,bootcompleted=true,boostinprogress=false,waitmodeenable=false,mode=true,manual=33,auto=-1,adj=0.0userId=0
12-17 19:42:45.040  1795 16501 D PowerManagerService: ready=true,policy=0,wakefulness=0,wksummary=0x1,uasummary=0x0,bootcompleted=true,boostinprogress=false,waitmodeenable=false,mode=true,manual=33,auto=-1,adj=0.0userId=0
12-17 19:42:45.041  1795  6985 D PowerManagerService: ready=true,policy=0,wakefulness=0,wksummary=0x1,uasummary=0x0,bootcompleted=true,boostinprogress=false,waitmodeenable=false,mode=true,manual=33,auto=-1,adj=0.0userId=0
12-17 19:42:45.042  1795  1805 D PowerManagerService: ready=true,policy=0,wakefulness=0,wksummary=0x1,uasummary=0x0,bootcompleted=true,boostinprogress=false,waitmodeenable=false,mode=true,manual=33,auto=-1,adj=0.0userId=0
12-17 19:42:45.042  3218  3218 I QImsService: ImsServiceSubHandler : Message received: what = 4
12-17 19:42:45.042  3218  3218 I QImsService: ImsServiceSubHandler : Received event: EVENT_SRV_STATUS_UPDATE
12-17 19:42:45.043  3218  3218 I QImsService: ImsServiceSub : type = 10 status = 0 isValid = true
12-17 19:42:45.043  3218  3218 I QImsService: ImsServiceSub : type = 0 status = 0 isValid = true
12-17 19:42:45.043  3218  3218 I QImsService: ImsServiceSub : Call Type 0has num updates = 1
12-17 19:42:45.043  3218  3218 I QImsService: ImsServiceSub : StatusForAccessTech networkMode = -1 registered = 2 status = 0 restrictCause = 0
12-17 19:42:45.043  3218  3218 I QImsService: ImsServiceSub : disabledFeature = 0
12-17 19:42:45.043  3218  3218 I QImsService: ImsServiceSub : type = 3 status = 0 isValid = true
12-17 19:42:45.043  3218  3218 I QImsService: ImsServiceSub : Call Type 3has num updates = 1
12-17 19:42:45.043  3218  3218 I QImsService: ImsServiceSub : StatusForAccessTech networkMode = -1 registered = 2 status = 0 restrictCause = 0
12-17 19:42:45.043  3218  3218 I QImsService: ImsServiceSub : disabledFeature = 1
12-17 19:42:45.043  3218  3218 I QImsService: ImsServiceSub : type = 1 status = 0 isValid = true
12-17 19:42:45.043  3218  3218 I QImsService: ImsServiceSub : Call Type 1has num updates = 1
12-17 19:42:45.043  3218  3218 I QImsService: ImsServiceSub : StatusForAccessTech networkMode = -1 registered = 2 status = 0 restrictCause = 0
12-17 19:42:45.043  3218  3218 I QImsService: ImsServiceSub : disabledFeature = 1
12-17 19:42:45.043  3218  3218 I QImsService: ImsServiceSub : type = 2 status = 0 isValid = true
12-17 19:42:45.043  3218  3218 I QImsService: ImsServiceSub : Call Type 2has num updates = 1
12-17 19:42:45.043  3218  3218 I QImsService: ImsServiceSub : StatusForAccessTech networkMode = -1 registered = 2 status = 0 restrictCause = 0
12-17 19:42:45.043  3218  3218 I QImsService: ImsServiceSub : disabledFeature = 1
12-17 19:42:45.043  3218  3218 I QImsService: ImsServiceSub : type = 11 status = 0 isValid = true
12-17 19:42:45.043  3218  3218 I QImsService: ImsServiceSub : Call Type 11has num updates = 1
12-17 19:42:45.043  3218  3218 I QImsService: ImsServiceSub : StatusForAccessTech networkMode = 14 registered = 1 status = 2 restrictCause = 0
12-17 19:42:45.043  3218  3218 I QImsService: ImsServiceSub : enabledFeature = 4
12-17 19:42:45.043  3218  3218 I QImsService: ImsServiceClassTracker : updateFeatureCapabilities video false voice false
12-17 19:42:45.043  3218  3218 I QImsService: ImsServiceStateReceiver : updateHDIcon isVideo : false isVoice : false phoneId: 0 show HD Icon: false
12-17 19:42:45.048  3218  3218 E HW-JPEG-DEC: [HME_JPEG_DEC_Delete](3298): HME_JPEG_DEC_Delete: decoder_ctx=null
12-17 19:42:45.057  1795 16498 D PowerManagerService: ready=true,policy=0,wakefulness=0,wksummary=0x1,uasummary=0x0,bootcompleted=true,boostinprogress=false,waitmodeenable=false,mode=true,manual=33,auto=-1,adj=0.0userId=0
12-17 19:42:45.059  3218  3218 E HW-JPEG-DEC: [HME_JPEG_DEC_Delete](3298): HME_JPEG_DEC_Delete: decoder_ctx=null
12-17 19:42:45.067  3218  3218 I QImsService: ImsServiceStateReceiver : isShowHDIconSupported config showHDIcon : true
12-17 19:42:45.067  3218  3218 D ImsViceParser: getCallPullInfo mDialogIds null
12-17 19:42:45.073  3218  3218 W CfgFilePolicy: No config file found for:xml/VirtualNet_cust.xml
12-17 19:42:45.073  3218  3218 W CfgFilePolicy: CFG_DIRS length : 9
12-17 19:42:45.084  3218  3218 E HW-JPEG-DEC: [HME_JPEG_DEC_Delete](3298): HME_JPEG_DEC_Delete: decoder_ctx=null
12-17 19:42:45.227  1795  3253 D PowerManagerService: release:lock=15081967, flg=0x0, tag="RILJ_ACK_WL", name=com.android.phone", ws=null, uid=1001, pid=3218
12-17 19:42:45.228  1795  3253 D PowerManagerService: ready=true,policy=0,wakefulness=0,wksummary=0x0,uasummary=0x0,bootcompleted=true,boostinprogress=false,waitmodeenable=false,mode=true,manual=33,auto=-1,adj=0.0userId=0
12-17 19:42:45.228  1795  3253 D PowerManagerService: Releasing suspend blocker "PowerManagerService.WakeLocks".
12-17 19:42:45.520 20894 20910 I ChinaUploader: statusLineopenresty
12-17 19:42:45.520 20894 20910 I ChinaUploader: statusLinekeyServer
12-17 19:42:45.520 20894 20910 I ChinaUploader: statusLine2openresty
