12-17 19:31:38.410  7741  7741 D Mms_TX_NOTIFY: ScreenState present
12-17 19:31:38.411  5224  5283 I Step_HSNH: 20002302|upDateHealthNotification()|89|2.98|4181
12-17 19:31:38.413  5224  5283 I Step_HSNH: 20002302|rebuild notification
12-17 19:31:38.413  3626  3753 I LogCollectService: msg = 103 received
12-17 19:31:38.415  1795 15988 I NotificationManager: enqueueNotificationInternal: pkg=com.huawei.health id=10010 notification=Notification(pri=0 contentView=null vibrate=null sound=null defaults=0x0 flags=0x2 color=0x00000000 vis=PRIVATE)
12-17 19:31:38.416  2883  2996 I HwSystemManager: ITrafficInfo:ITrafficInfo create 301updateBytes = 1769320345
12-17 19:31:38.416  1795  1795 I NotificationManager: enqueueNotificationInternal: n.getKey = 0|com.huawei.health|10010|null|10099
12-17 19:31:38.419  3466  3466 I Contacts: DialpadFragment mBroadcastReceiver action:android.intent.action.SCREEN_ON
12-17 19:31:38.422  3608  3608 D InCall  : InCallActivity - mScreenOnReceiver mCallEndOptionsDialog = null
12-17 19:31:38.424  1795  2750 D HW_DISPLAY_EFFECT: presently, hw_update_color_temp_for_rg_led interface not achieved.
12-17 19:31:38.429  1795  1795 V NotificationService: disableEffects=null canInterrupt=false once update: false
12-17 19:31:38.431  2852  2852 I StatusBar: onNotificationPosted: StatusBarNotification(pkg=com.huawei.health user=UserHandle{0} id=10010 tag=null key=0|com.huawei.health|10010|null|10099: Notification(pri=0 contentView=null vibrate=null sound=null defaults=0x0 flags=0x62 color=0x00000000 vis=PRIVATE)) important=2, post=1481974298415, when=1481531589202, vis=0, userid=0
12-17 19:31:38.431  2852  2852 D StatusBar: updateNotification(StatusBarNotification(pkg=com.huawei.health user=UserHandle{0} id=10010 tag=null key=0|com.huawei.health|10010|null|10099: Notification(pri=0 contentView=null vibrate=null sound=null defaults=0x0 flags=0x62 color=0x00000000 vis=PRIVATE)))
12-17 19:31:38.432  2852  2852 D HwCust  : Create obj success use class android.app.HwCustNotificationImpl
12-17 19:31:38.432  2852  2852 I StatusBarIconView: updateTint: tint=0
12-17 19:31:38.434  2852  2852 D StatusBar: No peeking: unimportant notification: 0|com.huawei.health|10010|null|10099
12-17 19:31:38.434  2852  2852 D StatusBar: applyInPlace=true shouldPeek=false alertAgain=true
12-17 19:31:38.434  2852  2852 I NotificationGroupManager: onEntryUpdated:0|com.huawei.health|10010|null|10099
12-17 19:31:38.434  2852  2852 I NotificationGroupManager: onEntryAdded:0|com.huawei.health|10010|null|10099, group=0|com.huawei.health|10010|null|10099
12-17 19:31:38.434  2852  2852 D StatusBar: reusing notification for key: 0|com.huawei.health|10010|null|10099
12-17 19:31:38.434  2852  2852 D HwCust  : Create obj success use class android.app.HwCustNotificationImpl
12-17 19:31:38.434  2852  2852 D HwCust  : Create obj success use class android.app.HwCustNotificationImpl
12-17 19:31:38.435  2852  2852 I StatusBarIconView: updateTint: tint=0
12-17 19:31:38.437 16628 16628 I TotemWeather: RetryTaskController:mTaskList is null
12-17 19:31:38.444  3608  3608 I InCall  : ProximitySensor - ProximitySensor{keybrd=0, dpad=0, offhook=1, hor=0, ui=1, aud=EARPIECE}
12-17 19:31:38.444  3608  3608 D InCall  : ProximitySensor - Turning on proximity sensor
12-17 19:31:38.444  3608  3608 I InCall  : ProximitySensor - Proximity wake lock already acquired
12-17 19:31:38.445 31949 31967 I PushService: main{1} PushService.onStartCommand(PushService.java:87) Push Service Start by  userEvent
12-17 19:31:38.447  2852  2852 I HwPhoneStatusBar: updateNotificationShade
12-17 19:31:38.447  2852  2852 I PhoneStatusBar: updateNotificationShade
12-17 19:31:38.447  2852  2852 I PhoneStatusBar: removeNotificationChildren
12-17 19:31:38.448  2852  2852 I HwNotificationIconAreaController: showNotificationAll
12-17 19:31:38.449  1795  1806 D StubTelephonyRegistry: uid:10028 pid:16628 PhoneStateListener.LISTEN_CELL_LOCATION:16 events:16
12-17 19:31:38.449  1795  1806 D StubTelephonyRegistry: LISTEN_CELL_LOCATION uid:10028
12-17 19:31:38.450 31949 31967 I eSpaceService: WatchThread{4786} TcpCirChannel.shutdown(TcpCirChannel.java:257) Login_By_Step-> shut down now connect
12-17 19:31:38.451 31949 31967 I ECS     : WatchThread{4786} TcpClient.clearAll(TcpClient.java:240) ==================== TCP CLIENT CLEAR ALL ====================
12-17 19:31:38.451  2852  2852 I NotificationContentView: transferRemoteInputFocus: 0
12-17 19:31:38.452  2852  2852 I NotificationContentView: transferRemoteInputFocus: 0
12-17 19:31:38.452 31949 31967 I ECS     : WatchThread{4786} TcpClient.disconnect_i(TcpClient.java:202) ==================== TCP CLIENT DISCONNECT ====================
12-17 19:31:38.453  2852  2852 I StackScrollAlgorithm: updateClipping isOverlap:false
12-17 19:31:38.453  2852  2852 I StackScrollAlgorithm: updateDimmedActivatedHideSensitive overlap:false
12-17 19:31:38.453 31949 31967 I TCP     : WatchThread{4786} TcpClientThread.disconnectSocket(TcpClientThread.java:369) disconnecting to uc.huawei.com:7801
12-17 19:31:38.454 31949 31967 W TCP     : tcp.recv{4790} TcpSocket.read(TcpSocket.java:242) <<< WARN(5) >>> java.net.SocketException: Socket operation on non-socket
12-17 19:31:38.454  1795 17832 I AlarmManager: remove(PendingIntent{fb425de: PendingIntentRecord{7f86237 com.huawei.espacev2 broadcastIntent}}) changed bounds; rebatching
12-17 19:31:38.457  1795 17831 I AlarmManager: set(PendingIntent{af1f3bf: PendingIntentRecord{7f86237 com.huawei.espacev2 broadcastIntent}}) : type=0 triggerAtTime=1481974598456 win=0 tElapsed=443134819 maxElapsed=443134819 interval=300000 flags=0x1
12-17 19:31:38.457   816 20168 D DnsProxyListener: GetAddrInfoHandler addr: uc.huawei.com {304, 917808, 10102} 172.30.70.63
12-17 19:31:38.459  1795  2371 E LightSensor: read Events lux:  9.0
12-17 19:31:38.459 31949 31967 I TCP     : WatchThread{4786} TcpSocket.close(TcpSocket.java:158) shutdown output: java.net.SocketException: Socket is closed
12-17 19:31:38.459  1795  2332 I qti_sensors_hal: [ACC]processReportInd: X: 9.505933 Y: 5.848029 Z: 1.262532  x_offset:0.160831 y_offset:0.184366 z_offset:0.985027
12-17 19:31:38.459  1795  1825 D AutomaticBrightnessController: ambient lux=9.0,timeStamp =442834822394000
12-17 19:31:38.461 31949 31967 E TCP     : tcp.recv{4790} TcpClientThread.readSocket(TcpClientThread.java:452) <<< ERROR(6) >>> socket read length failure -104
12-17 19:31:38.462 31949 31967 I TCP     : tcp.recv{4790} TcpClientThread.onReceiverWork(TcpClientThread.java:314) disconnected
12-17 19:31:38.463 31949 31967 I TCP     : WatchThread{4786} TcpSocket.close(TcpSocket.java:170) shutdown input: java.net.SocketException: Socket is closed
12-17 19:31:38.464 31949 31967 I TCP     : WatchThread{4786} TcpClientThread.closeSocket(TcpClientThread.java:396) closed socket.
12-17 19:31:38.465 31949 31967 I eSpaceService: WatchThread{4786} TcpCirChannel.connect(TcpCirChannel.java:219) Connect to server  address = [uc.huawei.com,]  port = 7801
12-17 19:31:38.466 31949 31967 I ECS     : WatchThread{4786} TcpClient.clearAll(TcpClient.java:240) ==================== TCP CLIENT CLEAR ALL ====================
12-17 19:31:38.467 31949 31967 I ECS     : WatchThread{4786} TcpClient.connect(TcpClient.java:162) ==================== TCP CLIENT CONNECT [2] ====================
12-17 19:31:38.467 31949 31967 I TCP     : WatchThread{4786} TcpClientThread.connect(TcpClientThread.java:52) will connect to uc.huawei.com:7801
12-17 19:31:38.468 10324 10324 D MagicLink: MagicLink2-BroadcastReceiver:====>ACTION_SCREEN_ON
12-17 19:31:38.469  1795 16500 D PowerManagerService: release:lock=8525102, flg=0x0, tag="RILJ_ACK_WL", name=com.android.phone", ws=null, uid=1001, pid=3218
12-17 19:31:38.469 31949 31967 I TCP     : tcp.conn{4787} TcpClientThread.connectSocket(TcpClientThread.java:349) connecting max 30000ms to uc.huawei.com:7801
12-17 19:31:38.469  1795 16500 D PowerManagerService: ready=true,policy=3,wakefulness=1,wksummary=0x10,uasummary=0x1,bootcompleted=true,boostinprogress=false,waitmodeenable=false,mode=true,manual=33,auto=-1,adj=0.0userId=0
12-17 19:31:38.469  1795 16500 D PowerManagerService: Releasing suspend blocker "PowerManagerService.WakeLocks".
12-17 19:31:38.470 31949 31967 I TCP     : tcp.conn{4787} TcpSocket.connect_i(TcpSocket.java:84) connecting to ip address uc.huawei.com/172.30.70.63
12-17 19:31:38.470  3218  3234 W PhoneInterfaceManager: shouldBlockLocation running ...
12-17 19:31:38.470  3218  3234 I PhoneInterfaceManager: shouldBlockLocation  ret:false
12-17 19:31:38.474 31949 31985 I PushService: connect :true
12-17 19:31:38.477 31949 31967 I TCP     : tcp.recv{4790} TcpClientThread.onReceiverWork(TcpClientThread.java:292) connected
12-17 19:31:38.479 31949 31967 I TCP     : tcp.conn{4787} TcpClientThread.connectSocket(TcpClientThread.java:360) notify user tcp connected successully at 36823 to uc.huawei.com:7801
12-17 19:31:38.480 31949 31967 I TCP     : tcp.conn{4787} TcpClientThread.onRecv(TcpClientThread.java:522) tcp connection event TCP_CONNECTED
12-17 19:31:38.482 16354 16354 E HwSystemManager: MemCPUMonitor:startTimerMonitor isCompleted = true
12-17 19:31:38.485 31949 31967 I PushService: tcp.conn{4787} ServiceC.connectedNotify(ServiceC.java:289) 172.30.70.63
12-17 19:31:38.487 31949 31967 I ECS     : tcp.conn{4787} XmlMsg.encodeBuf(XmlMsg.java:215) SEND 100 bytes [16]_00_00_00_60_00_03_01_05_01_04_81_AF_00_00_00_00 cmdCode(CC_PCheckVersion.0x0501)msgType(MT_ARG.1)msgClass(MC_Push.5)sender(ST_Mobile.0)crypted(false)zipped(false)nobase64(true)length(96)version(3)sno(81AF)
12-17 19:31:38.487 17238 17238 D Bth     : BtChrStatisticsManager:sendScreenOnEvent enter.
12-17 19:31:38.488 17238 17252 D Bth     : BtChrStatisticsManager:msg Loop is running.
12-17 19:31:38.512  1795  1795 D PowerManagerService: Releasing suspend blocker "PowerManagerService.Broadcasts".
12-17 19:31:38.516  1795  3121 W ActivityManager: getRunningAppProcesses: caller 10105 does not hold REAL_GET_TASKS; limiting output
12-17 19:31:38.520  1795  2332 I qti_sensors_hal: [ACC]processReportInd: X: 8.071088 Y: 6.729910 Z: 0.101485  x_offset:0.160831 y_offset:0.184366 z_offset:0.985027
12-17 19:31:38.581  1795  2332 I qti_sensors_hal: [ACC]processReportInd: X: 7.769559 Y: 6.256354 Z: -0.394771  x_offset:0.160831 y_offset:0.184366 z_offset:0.985027
12-17 19:31:38.641  1795  2332 I qti_sensors_hal: [ACC]processReportInd: X: 5.913144 Y: 5.839514 Z: -0.367777  x_offset:0.160831 y_offset:0.184366 z_offset:0.985027
12-17 19:31:38.656   633   692 I eSpaceService: Watch Thread{4481} LoginC.doWatch(LoginC.java:1459) Login_By_Step-> watch count =  0
12-17 19:31:38.702  1795  2332 I qti_sensors_hal: [ACC]processReportInd: X: 6.713758 Y: 5.552176 Z: -0.610787  x_offset:0.160831 y_offset:0.184366 z_offset:0.985027
12-17 19:31:38.709  1795  2748 D HwAmbientLuxFilterAlgo: earliestValidTime + POWER_ON_BRIGHTENING_LIGHT_DEBOUNCE
12-17 19:31:38.709  1795  2748 D HwAmbientLuxFilterAlgo: earliestValidTime + POWER_ON_DARKENING_LIGHT_DEBOUNCE
12-17 19:31:38.759  1795  2332 I qti_sensors_hal: [ACC]processReportInd: X: 7.606046 Y: 6.243124 Z: -1.666607  x_offset:0.160831 y_offset:0.184366 z_offset:0.985027
12-17 19:31:38.811  1795  2371 E LightSensor: read Events lux:  8.0
12-17 19:31:38.811  1795  1825 D AutomaticBrightnessController: ambient lux=8.0,timeStamp =442835174447000
12-17 19:31:38.819  1795  2332 I qti_sensors_hal: [ACC]processReportInd: X: 6.993527 Y: 6.745978 Z: -1.242978  x_offset:0.160831 y_offset:0.184366 z_offset:0.985027
12-17 19:31:38.880  1795  2332 I qti_sensors_hal: [ACC]processReportInd: X: 6.819608 Y: 5.262930 Z: -0.631274  x_offset:0.160831 y_offset:0.184366 z_offset:0.985027
12-17 19:31:38.883  3180  3180 E libc    : Access denied finding property "persist.sys.smart_power"
12-17 19:31:38.883  3180  3180 E libc    : Access denied finding property "persist.sys.smart_power"
12-17 19:31:38.934  1795  1795 D Sensors : batch called handle:2 sample_ns:20000000 latency_ns:0
12-17 19:31:38.934  1795  1795 D Sensors : pa2240-proximity calling driver setDelay 20 ms
12-17 19:31:38.934  1795  1795 E huawei_ProximitySensor_CPP_Test: write 20 failed
12-17 19:31:38.941  1795  2332 I qti_sensors_hal: [ACC]processReportInd: X: 7.787519 Y: 4.620184 Z: -0.192734  x_offset:0.160831 y_offset:0.184366 z_offset:0.985027
12-17 19:31:38.976  1795  1795 I TrafficMonitor: update:rxPkts:4,txPkts:5,rxBytes:879,txBytes:368
12-17 19:31:38.976  1795  1795 I TrafficMonitor: start expired. level:-1
12-17 19:31:38.976  1795  1795 I TrafficMonitor: gettimer:interval=2000
12-17 19:31:39.002  1795  2332 I qti_sensors_hal: [ACC]processReportInd: X: 8.217587 Y: 5.185431 Z: -1.283018  x_offset:0.160831 y_offset:0.184366 z_offset:0.985027
12-17 19:31:39.005  2852  2852 D DateTimeView: Change to single clock mode!
