12-17 19:55:55.223  1795  6985 D ActivityManager: Skipping, withExcluded: false, tr.intent:Intent { act=android.intent.action.VIEW dat=file:///storage/emulated/0/Downloads/云播影视326.apk typ=application/vnd.android.package-archive flg=0x10800000 cmp=com.android.packageinstaller/.PackageInstallerActivity (has extras) }
12-17 19:55:55.223  1795  6985 D ActivityManager: Skipping, withExcluded: false, tr.intent:Intent { act=com.android.deskclock.ALARM_ALERT flg=0x10800004 cmp=com.android.deskclock/.alarmclock.LockAlarmFullActivity (has extras) }
12-17 19:55:55.223  1795  6985 D ActivityManager: Skipping, withExcluded: false, tr.intent:Intent { act=android.intent.action.VIEW dat=file:///storage/emulated/0/Downloads/106_4389c1ec4cb78314a457ce5927578bb4.apk typ=application/vnd.android.package-archive flg=0x10800000 cmp=com.android.packageinstaller/.PackageInstallerActivity (has extras) }
12-17 19:55:55.223  1795  6985 D ActivityManager: Skipping, withExcluded: false, tr.intent:Intent { act=android.intent.action.VIEW dat=file:///storage/emulated/0/tencent/TMAssistantSDK/Download/com.tencent.mm/1a41cb224d6d4b020176381a7c790891 typ=application/vnd.android.package-archive flg=0x10800000 cmp=com.android.packageinstaller/.PackageInstallerActivity (has extras) }
12-17 19:55:55.223  1795  6985 D ActivityManager: Skipping, withExcluded: false, tr.intent:Intent { act=android.intent.action.VIEW dat=https://service.10046.mi.com/... flg=0x10800000 cmp=com.android.browser/.BrowserActivity (has extras) }
12-17 19:55:55.223  1795  6985 D ActivityManager: Skipping, withExcluded: false, tr.intent:Intent { act=android.media.action.STILL_IMAGE_CAMERA_SECURE flg=0x34800000 pkg=com.huawei.camera cmp=com.huawei.camera/.controller.SecureCameraActivity (has extras) }
12-17 19:55:55.223  1795  6985 D ActivityManager: Skipping, withExcluded: false, tr.intent:Intent { flg=0x10800000 cmp=com.huawei.camera/com.huawei.rapidcapture.RapidPlaceHolderActivity }
12-17 19:55:55.223  1795  6985 D ActivityManager: Skipping, withExcluded: false, tr.intent:Intent { act=android.intent.action.VIEW dat=file:///storage/emulated/0/Downloads/12306zhixinghuochepiao_314.apk typ=application/vnd.android.package-archive flg=0x10800000 cmp=com.android.packageinstaller/.PackageInstallerActivity (has extras) }
12-17 19:55:55.223  1795  6985 D ActivityManager: Skipping, withExcluded: false, tr.intent:Intent { flg=0x34800000 cmp=com.huawei.systemmanager/com.huawei.harassmentinterception.ui.InterceptionActivity (has extras) }
12-17 19:55:55.223  1795  6985 D ActivityManager: getRecentTasks: num=20,flags=62,totalTasks=47
12-17 19:55:55.223  1795  6985 D ActivityManager: getRecentTasks: topActivity=ComponentInfo{com.tencent.mm/com.tencent.mm.plugin.mall.ui.MallIndexUI}
12-17 19:55:55.224  4492  4492 D HwRTBlurUtils: check blur style for HwPhoneWindow-, themeResId : 0x7f0d01ec, context : com.tencent.mm.plugin.mall.ui.MallIndexUI@d3841c7, Nhwext : 0, get Blur : disable with , null
12-17 19:55:55.224  4492  4492 D HwRTBlurUtils: check blur style for HwPhoneWindow-, themeResId : 0x7f0d01ec, context : com.tencent.mm.plugin.mall.ui.MallIndexUI@d3841c7, Nhwext : 0, get Blur : disable with , null
12-17 19:55:55.224  2852  2852 I SystemServicesProxy: get the task from ActivityManager size is 20 AMS:getRecentTasksForUser,args:numTasksToQuery=20,flags=62,userId=-2
12-17 19:55:55.230  2852  2852 I RecentsTaskLoadPlan: to show tasks size is 20
12-17 19:55:55.231  1795  3884 D ActivityManager: Skipping, home stack task: TaskRecord{37babfb #297 A=com.huawei.android.launcher U=0 StackId=0 sz=1}
12-17 19:55:55.231  1795  3884 D ActivityManager: Skipping, withExcluded: false, tr.intent:Intent { act=android.intent.action.MAIN flg=0x10840000 cmp=com.android.incallui/.InCallActivity (has extras) }
12-17 19:55:55.231  1795  3884 D ActivityManager: getRecentTasks: num=10,flags=62,totalTasks=47
12-17 19:55:55.231  1795  3884 D ActivityManager: getRecentTasks: topActivity=ComponentInfo{com.tencent.mm/com.tencent.mm.plugin.mall.ui.MallIndexUI}
12-17 19:55:55.231  1795  3111 W ActivityManager: getTasks: caller 10105 does not hold REAL_GET_TASKS; limiting output
12-17 19:55:55.232  2852  2852 I SystemServicesProxy: get the task from ActivityManager size is 10 AMS:getRecentTasksForUser,args:numTasksToQuery=10,flags=62,userId=0
12-17 19:55:55.234  4492  4492 D CubicBezierInterpolator: CubicBezierInterpolator  mControlPoint1x = 0.23, mControlPoint1y = 0.06, mControlPoint2x = 0.09, mControlPoint2y = 0.97
12-17 19:55:55.234  4492  4492 D CubicBezierInterpolator: CubicBezierInterpolator  mControlPoint1x = 0.6, mControlPoint1y = 0.9, mControlPoint2x = 0.8, mControlPoint2y = 1.0
12-17 19:55:55.234  4492  4492 V BoostFramework: BoostFramework() : mPerf = com.qualcomm.qti.Performance@ec217fd
12-17 19:55:55.234  4492  4492 D CubicBezierInterpolator: CubicBezierInterpolator  mControlPoint1x = 0.23, mControlPoint1y = 0.06, mControlPoint2x = 0.09, mControlPoint2y = 0.97
12-17 19:55:55.234  4492  4492 D CubicBezierInterpolator: CubicBezierInterpolator  mControlPoint1x = 0.6, mControlPoint1y = 0.9, mControlPoint2x = 0.8, mControlPoint2y = 1.0
12-17 19:55:55.234  4492  4492 V BoostFramework: BoostFramework() : mPerf = com.qualcomm.qti.Performance@6a17cf2
12-17 19:55:55.234  4492  4492 D CubicBezierInterpolator: CubicBezierInterpolator  mControlPoint1x = 0.23, mControlPoint1y = 0.06, mControlPoint2x = 0.09, mControlPoint2y = 0.97
12-17 19:55:55.234  4492  4492 D CubicBezierInterpolator: CubicBezierInterpolator  mControlPoint1x = 0.6, mControlPoint1y = 0.9, mControlPoint2x = 0.8, mControlPoint2y = 1.0
12-17 19:55:55.234  4492  4492 V BoostFramework: BoostFramework() : mPerf = com.qualcomm.qti.Performance@c001f43
12-17 19:55:55.234  4492  4492 D CubicBezierInterpolator: CubicBezierInterpolator  mControlPoint1x = 0.23, mControlPoint1y = 0.06, mControlPoint2x = 0.09, mControlPoint2y = 0.97
12-17 19:55:55.235  4492  4492 D CubicBezierInterpolator: CubicBezierInterpolator  mControlPoint1x = 0.6, mControlPoint1y = 0.9, mControlPoint2x = 0.8, mControlPoint2y = 1.0
12-17 19:55:55.235  4492  4492 V BoostFramework: BoostFramework() : mPerf = com.qualcomm.qti.Performance@665e9c0
12-17 19:55:55.280  4492  4492 D JNI     : readFile,  path = /data/user/0/com.tencent.mm/cert/9B16049696DEFFAA86FDEC601D908A6F/auth/id
12-17 19:55:55.280  4492  4492 D JNI     : readFile,  file_len=13
12-17 19:55:55.282  4492  4492 D JNI     : readFile,  path = /data/user/0/com.tencent.mm/cert/9B16049696DEFFAA86FDEC601D908A6F/auth/id
12-17 19:55:55.282  4492  4492 D JNI     : readFile,  file_len=13
12-17 19:55:55.301  4492  4492 D JNI     : strcpy_c2j, java_str is null .
12-17 19:55:55.310  1795  2748 D lux trace:: [54.0/123205599, 56.0/123206313, 70.0/123206667, 77.0/123207024, 80.0/123207404, 70.0/123207761, 59.0/123208114, 51.0/123208470, 65.0/123208847, 76.0/123209201, 81.0/123209553]
12-17 19:55:55.310  1795  2748 D HwAmbientLuxFilterAlgo: t=123209757,BT=123210757,DT=123213757,BT1=123213757,DT1=123217757,Bn=false,Dn=false,lx=[59.0/123208254, 51.0/123208555, 65.0/123208855, 65.0/123209156, 76.0/123209457, 81.0/123209757],mLx=108.0,s=5.0,ss=7.7650914,AuIntervened=false,mProximityState=false,bLux=651.0,dLux=21.279999,bLux1=651.0,dLux1=21.279999
12-17 19:55:55.353  1795 11746 W ActivityManager: getRunningAppProcesses: caller 10105 does not hold REAL_GET_TASKS; limiting output
12-17 19:55:55.360  1795  3249 W ActivityManager: getRunningAppProcesses: caller 10105 does not hold REAL_GET_TASKS; limiting output
12-17 19:55:55.363  1795 11745 W ActivityManager: getRunningAppProcesses: caller 10105 does not hold REAL_GET_TASKS; limiting output
12-17 19:55:55.366  1795 17832 W ActivityManager: getRunningAppProcesses: caller 10105 does not hold REAL_GET_TASKS; limiting output
12-17 19:55:55.367  1795  1795 I MQoS    : onSignal: mSubId=0,currDataSubID=0
12-17 19:55:55.367  1795  1795 I MQoS    : received cell-signal:5
12-17 19:55:55.367  2852  3556 I NetworkController.MobileSignalController(0): onSignalStrengthsChanged signalStrength=SignalStrength: -1 0 -1 255 -1 255 -1 255 255 26 -81 -7 300 2147483647 2147483647 false gw|lte level=5 isSuspend=false levelOld=5,mSignalStrength level=5
12-17 19:55:55.367  1795 17832 I SendBroadcastPermission: action:android.intent.action.SIG_STR, mPermissionType:0
12-17 19:55:55.367  2852  2914 I HwMobileSignalController: updateSignalStrength: signalStrength=SignalStrength: -1 0 -1 255 -1 255 -1 255 255 26 -81 -7 300 2147483647 2147483647 false gw|lte
12-17 19:55:55.369  3858  4126 I amsnl   : csr
12-17 19:55:55.369  3858  4126 I amsnl   : t:false, fl: false, p: 2147483647000, ce: true, we: true
12-17 19:55:55.370  1795 16500 D wifiserviceimpl: netmask =16580607
12-17 19:55:55.370  3858  4126 I amsnl   : m1: false
12-17 19:55:55.370  2852  2914 I HwMobileSignalController: subId:0 phoneType:1 networktype:13 targetClass:3 masterLevel:5 slaveLevel:-1
12-17 19:55:55.371  1795  2396 W ActivityManager: getRunningAppProcesses: caller 10009 does not hold REAL_GET_TASKS; limiting output
12-17 19:55:55.371  3858  4126 I amsnl   : m2: false, m3: false
12-17 19:55:55.371  3858  4126 I amsnl   : c: true, w: true, t: false, l: false
12-17 19:55:55.510  4492  4492 D ActivityThread: add activity client record, r= ActivityRecord{4494820 token=android.os.BinderProxy@2da4706 {com.tencent.mm/com.tencent.mm.plugin.mall.ui.MallIndexUI}} token= android.os.BinderProxy@2da4706
12-17 19:55:55.549  4492  4492 I SendBroadcastPermission: action:com.tencent.mm.ui.ACTION_ACTIVE, mPermissionType:0
12-17 19:55:55.550  1795  3111 I HwActivityManagerService: keyAppBroadcastQueueForIntent intent Intent { act=com.tencent.mm.ui.ACTION_ACTIVE flg=0x10 (has extras) } on bgkeyapp queue
12-17 19:55:55.553  1795 17831 W ActivityManager: getRunningAppProcesses: caller 10105 does not hold REAL_GET_TASKS; limiting output
12-17 19:55:55.559  1795  2778 W ActivityManager: getRunningAppProcesses: caller 10105 does not hold REAL_GET_TASKS; limiting output
12-17 19:55:55.561  1795  3121 W ActivityManager: getRunningAppProcesses: caller 10105 does not hold REAL_GET_TASKS; limiting output
12-17 19:55:55.563  1795 15982 W ActivityManager: getRunningAppProcesses: caller 10105 does not hold REAL_GET_TASKS; limiting output
12-17 19:55:55.581  4492  4492 I HwPointEventFilter: do not support AFT because of no config
12-17 19:55:55.586  1795 20747 D WindowManager: ACTIVITY check resid: com.tencent.mm, size=0
12-17 19:55:55.587  4492  4492 I ActivityManager_activity: Resuming ActivityRecord{4494820 token=android.os.BinderProxy@2da4706 {com.tencent.mm/com.tencent.mm.plugin.mall.ui.MallIndexUI}} with isForward=true,forwardBitChanged=false onlyLocalRequest=false
12-17 19:55:55.591  4492  4492 D ViewRootImpl[MallIndexUI]: changeCanvasOpacity: opaque=true
12-17 19:55:55.611  1795  3225 W ActivityManager: getRunningAppProcesses: caller 10105 does not hold REAL_GET_TASKS; limiting output
12-17 19:55:55.614  1795 16500 W ActivityManager: getRunningAppProcesses: caller 10105 does not hold REAL_GET_TASKS; limiting output
12-17 19:55:55.617  1795  1806 W ActivityManager: getRunningAppProcesses: caller 10105 does not hold REAL_GET_TASKS; limiting output
12-17 19:55:55.618  1795  2396 W ActivityManager: getRunningAppProcesses: caller 10105 does not hold REAL_GET_TASKS; limiting output
12-17 19:55:55.634   802   802 E Thermal-daemon: [Thermal_Hw] temperature_valid, battery : temperature is invalid, invalid temperatrue is 29
12-17 19:55:55.634   802   802 E Thermal-daemon: [Thermal_Hw] temperature_filter: get invalid temperature, use old temp
12-17 19:55:55.726  1795  3110 W ActivityManager: getRunningAppProcesses: caller 10105 does not hold REAL_GET_TASKS; limiting output
12-17 19:55:55.729  1795 15988 W ActivityManager: getRunningAppProcesses: caller 10105 does not hold REAL_GET_TASKS; limiting output
12-17 19:55:55.731  1795  3884 W ActivityManager: getRunningAppProcesses: caller 10105 does not hold REAL_GET_TASKS; limiting output
12-17 19:55:55.734  1795 17831 W ActivityManager: getRunningAppProcesses: caller 10105 does not hold REAL_GET_TASKS; limiting output
12-17 19:55:56.199  1795  2671 D WifiHW  : wifi_send_command: cmd:'IFNAME=wlan0 SIGNAL_POLL'
12-17 19:55:56.199  5215  5215 D wpa_supplicant: wlan0: Control interface command 'SIGNAL_POLL'
12-17 19:55:56.216  5215  5215 E wpa_supplicant: RSSI=-50;LINKSPEED=72;NOISE=9999;FREQUENCY=2452;
12-17 19:55:56.216  5215  5215 D wpa_supplicant: CTRL-DEBUG: global_ctrl_sock-sendto: sock=16 sndbuf=229376 outq=0 send_len=48
12-17 19:55:56.217  1795  2671 V HwWifiServiceFactory: get AllImpl object = com.android.server.wifi.HwWifiServiceFactoryImpl@c332618
12-17 19:55:56.217  1795  2671 E WifiConfigManager: updateConfiguration freq=2452 BSSID=80:38:bc:08:42:c1 RSSI=-48 "Huawei-Employee"WPA_EAP
12-17 19:55:56.219  1795  2671 V HwWifiServiceFactory: get AllImpl object = com.android.server.wifi.HwWifiServiceFactoryImpl@c332618
12-17 19:55:56.549  4492  4492 I Choreographer: Skipped 57 frames!  The application may be doing too much work on its main thread.
12-17 19:55:56.585  4492  4492 E HW-JPEG-DEC: [HME_JPEG_DEC_Delete](3298): HME_JPEG_DEC_Delete: decoder_ctx=null
12-17 19:55:56.598  4492 21150 E HW-JPEG-DEC: [HME_JPEG_DEC_Delete](3298): HME_JPEG_DEC_Delete: decoder_ctx=null
12-17 19:55:56.605  4492 21151 E HW-JPEG-DEC: [HME_JPEG_DEC_Delete](3298): HME_JPEG_DEC_Delete: decoder_ctx=null
12-17 19:55:56.617  4492 21152 E HW-JPEG-DEC: [HME_JPEG_DEC_Delete](3298): HME_JPEG_DEC_Delete: decoder_ctx=null
12-17 19:55:56.624  4492 21153 E HW-JPEG-DEC: [HME_JPEG_DEC_Delete](3298): HME_JPEG_DEC_Delete: decoder_ctx=null
12-17 19:55:56.624  4492 21154 E HW-JPEG-DEC: [HME_JPEG_DEC_Delete](3298): HME_JPEG_DEC_Delete: decoder_ctx=null
12-17 19:55:56.627  4492 21155 E HW-JPEG-DEC: [HME_JPEG_DEC_Delete](3298): HME_JPEG_DEC_Delete: decoder_ctx=null
12-17 19:55:56.631  4492 21154 E HW-JPEG-DEC: [HME_JPEG_DEC_Delete](3298): HME_JPEG_DEC_Delete: decoder_ctx=null
12-17 19:55:56.634  4492 12954 E HW-JPEG-DEC: [HME_JPEG_DEC_Delete](3298): HME_JPEG_DEC_Delete: decoder_ctx=null
12-17 19:55:56.635  4492 21155 E HW-JPEG-DEC: [HME_JPEG_DEC_Delete](3298): HME_JPEG_DEC_Delete: decoder_ctx=null
12-17 19:55:56.637  1795 15982 I WindowManger_windowChange: oldFocusWindow: null, currentFocusWindow: Window{d23f356 u0 com.tencent.mm/com.tencent.mm.plugin.mall.ui.MallIndexUI}, currentFocusApp: AppWindowToken{c93eb18 token=Token{ffa6efb ActivityRecord{b88d88a u0 com.tencent.mm/.plugin.mall.ui.MallIndexUI t383}}}
12-17 19:55:56.637  2852  2852 I PhoneStatusBar: setSystemUiVisibility vis=8608 mask=ffffffff oldVal=8708 newVal=8608 diff=100
12-17 19:55:56.637  2852  2852 I PhoneStatusBar: notifyUiVisibilityChanged:vis=0x8608, SystemUiVisibility=0x8608
12-17 19:55:56.788  1795 16501 W ActivityManager: getRunningAppProcesses: caller 10105 does not hold REAL_GET_TASKS; limiting output
