12-17 19:31:57.865  2852  2852 D KeyguardViewMediator: handleNotifyScreenTurnedOn End with : 92
12-17 19:31:57.865  1795  3237 I WindowManger_keyguard: **** SHOWN CALLED ****
12-17 19:31:57.865  1795  3237 D WindowManager: mKeyguardDelegate.ShowListener.onDrawn.
12-17 19:31:57.865  1795  3237 I WindowManger_keyguard: hideScrim()
12-17 19:31:57.866  3608  3608 D InCall  : InCallActivity - onStart()...
12-17 19:31:57.868  2852  2852 I BackgrounCallingLayout: simCount:2 phoneState:2
12-17 19:31:57.868  2852  2852 I BackgrounCallingLayout: mCallingStatusReceiver:onReceive::action=InCallScreenIsForegroundActivity, isForegroundActivity=false, mPhoneState=2
12-17 19:31:57.869  1795  1795 I NotificationManager: mIntentReceiver-ACTION_SCREEN_OFF
12-17 19:31:57.869  1795  1825 D HwNormalizedAutomaticBrightnessController: set power status:mPowerStatus=false,powerStatus=true
12-17 19:31:57.869  1795  1795 I NotificationManager: updateLightsLocked,mInCall =true,mScreenOn = false,ledNotification == null?true
12-17 19:31:57.869  1795  1795 I NotificationManager: updateLightsLocked,turn off notificationLight
12-17 19:31:57.869  1795  1795 I Sensor  : turn off notificationLight due to incall or screenon
12-17 19:31:57.869  1795  1795 I Sensor  : updateLight --> mIsNotificationExisting: false ledOnMS: 0 ledOffMS :0
12-17 19:31:57.869  1795  1795 I Sensor  : updateLightsLocked --> level:78, status:3
12-17 19:31:57.869  1795  1795 I Sensor  : updateLightsLocked --> mBatteryLight.turnOff
12-17 19:31:57.870  1795  1825 D Sensors : batch called handle:3 sample_ns:300000000 latency_ns:0
12-17 19:31:57.870  1795  1825 D Sensors : activate called handle:3 enable:1
12-17 19:31:57.870  1795  1825 D Sensors : bh1745-light calling driver setDelay 300 ms
12-17 19:31:57.870  1795  1825 D Sensors : bh1745-light calling driver enable
12-17 19:31:57.870  1795  1825 W LightSensor: LightSensor, enable, 283: en=1
12-17 19:31:57.870  1795  1825 W LightSensor: LightSensor, enable, 284: flags=1
12-17 19:31:57.870  1795  1825 W LightSensor: LightSensor, enable, 285: mEnabled=0
12-17 19:31:57.871  2852  2852 I BackgrounCallingLayout: simCount:2 phoneState:2
12-17 19:31:57.872  2852  2852 I BackgrounCallingLayout: updateCallLayout:isBackground=true, isInteractive=true
12-17 19:31:57.873  1795  1825 D AutomaticBrightnessController: Enable LightSensor at time:mLightSensorEnableTime=123031044,mLightSensorEnableElapsedTimeNanos=442854233333894
12-17 19:31:57.873  1795  1825 D AutomaticBrightnessController: mAmbientLuxValid= false,sensor is not ready
12-17 19:31:57.873  1795  1825 D DisplayPowerController: mode change : autoBrightnessEnabled=true,adjustment=0.0,state=2
12-17 19:31:57.873  1795  1825 D HwNormalizedAutomaticBrightnessController: mWakeupFromSleep= true,currentTime=123031045,mLightSensorEnableTime=123031041
12-17 19:31:57.873  1795  1825 D DisplayPowerController: Animating brightness: target=-1, rate=0
12-17 19:31:57.873  1795  1825 D DisplayPowerController: Unfinished business...
12-17 19:31:57.874  1795  1809 D HwPhoneWindowManager: Transact:setSystemUIColor to status bar service
12-17 19:31:57.875  2852  2866 I CommandQueue: updateBarBgColor
12-17 19:31:57.875  2852  2866 D CommandQueue: CommandQueue, setBarBackgroundColor
12-17 19:31:57.875  1795  3237 D ActivityManager: setExcludeFromRecents:pkgName=null
12-17 19:31:57.875  1046  1467 V ThreadsEx: HDebug print the key screen_state
12-17 19:31:57.875  1046  1467 D audio_hw_primary: adev_set_parameters: enter: screen_state=off
12-17 19:31:57.875  1046  1467 I Huawei_audio_cust: huawei_audio huawei_choose_HandsFree_device_incall_forHWtest: test Type =4
12-17 19:31:57.875  1046  1467 I Huawei_audio_cust: huawei_audio huawei_choose_Handset_device_incall_forHWtest: test Type =4
12-17 19:31:57.875  1046  1467 I Huawei_audio_cust: get_spk_pa_type: pa is max98925
12-17 19:31:57.875  1046  1467 I Huawei_audio_cust: huawei_common_set_parameters: exit with code(0)
12-17 19:31:57.875  1046  1467 V Huawei_audio_cust: huawei_cust_set_parameters: exit with code(0)
12-17 19:31:57.875  1046  1467 V msm8916_platform: platform_set_parameters: enter: - screen_state=off
12-17 19:31:57.875  1046  1467 V msm8916_platform: platform_set_parameters: exit with code(0)
12-17 19:31:57.875  1046  1467 D audio_hw_extn: audio_extn_set_anc_parameters: anc_enabled:0
12-17 19:31:57.875  1046  1467 D audio_hw_spkr_prot: audio_extn_fbsp_set_parameters: Speaker protection disabled
12-17 19:31:57.875  1046  1467 V audio_hw_primary: adev_set_parameters: exit with code(0)
12-17 19:31:57.875  1795  2750 I PowerManager_screenOn: DisplayPowerState Updating screen state: state=ON, backlight=0
12-17 19:31:57.876  1795  2750 D PowerManagerService: Setting HAL auto-suspend mode to false
12-17 19:31:57.876  1795  2750 D PowerManagerService: Setting HAL interactive mode to true
12-17 19:31:57.876  1795  2750 I QTI PowerHAL: Got set_interactive hint
12-17 19:31:57.876  1795  1809 I PowerManager_screenOn: finishKeyguardDrawn -> waitForAllWindowsDrawn
12-17 19:31:57.876  1795  1809 I PowerManager_screenOn: waitForAllWindowsDrawn  cover is open or null
12-17 19:31:57.876  1795  2750 D libfingersense_wrapper: Calling fingersense_on_resume()
12-17 19:31:57.876  1795  2750 D libfingersense_wrapper: fingersense_on_resume() finished
12-17 19:31:57.876   832   832 E Parcel  : Reading a NULL string not supported here.
12-17 19:31:57.876   832   832 E Parcel  : Reading a NULL string not supported here.
12-17 19:31:57.877   612   612 D SurfaceFlinger: Set power mode=2, type=0 flinger=0x7f9a25b400
12-17 19:31:57.877   612   612 I SDM     : HWCDisplay::SetPowerMode: display = 0, mode = 2
12-17 19:31:57.877   612   612 I SDM     : DisplayBase::SetDisplayState: Set state = 1, display 0
12-17 19:31:57.877   836  2387 I knuckle_sensor: Sending SAM_ENABLE to fs_data
12-17 19:31:57.879  2852  2852 I BackgrounCallingLayout: simCount:2 phoneState:2
12-17 19:31:57.879  1795  1795 D DeviceIdleController: updateDisplayLocked: screenOn=false
12-17 19:31:57.879  2852  2852 D BackgrounCallingLayout: in updateCallTime, mCallConnectedTimeMills=442781737
12-17 19:31:57.879  3608  3608 D InCall  : InCallPresenter - onActivityStarted
12-17 19:31:57.879  3608  3608 D InCall  : InCallPresenter - notifyVideoPauseController
12-17 19:31:57.879  3608  3608 D InCall  : VideoPauseController: - VideoPauseController:onResume
12-17 19:31:57.879  3608  3608 D InCall  : VideoPauseController: - VideoPauseController:onResume. Ignoring...
12-17 19:31:57.880  3608  3608 D InCall  : InCallActivity - doOrientationChanged prevOrientation=1 newOrientation=1
12-17 19:31:57.880  3608  3608 D InCall  : InCallActivity - onStart()... end
12-17 19:31:57.880  3608  3608 I InCall  : InCallActivity - onResume()...
12-17 19:31:57.880  2852  2852 D BackgrounCallingLayout: in updateCallTime, mCallConnectedTimeMills=442781737
12-17 19:31:57.880  1795  1795 I AlarmManager: set(PendingIntent{2f9e644: PendingIntentRecord{527f32d android broadcastIntent}}) : type=2 triggerAtTime=447114244 win=300000 tElapsed=447114244 maxElapsed=447414244 interval=0 flags=0x8
12-17 19:31:57.880  2852  2852 I HwPhoneStatusBar: mNotifyStateChangedReceiver::onReceive:action=InCallScreenIsForegroundActivity, mBackgroundState=true
12-17 19:31:57.880  1795  1821 I WindowManger_keyguard: Setting mDismissKeyguard true by win Window{e6a6b5e u0 com.android.incallui/com.android.incallui.InCallActivity}
12-17 19:31:57.881  3608  3608 I InCall  : InCallActivity - bgCallTwinkingSwitch is truemIsForegroundActivity is true
12-17 19:31:57.881  3608  3608 D InCall  : InCallPresenter - notifyInCallScreenIsForeground: true
12-17 19:31:57.881  3608  3608 I SendBroadcastPermission: action:InCallScreenIsForegroundActivity, mPermissionType:0
12-17 19:31:57.883  1795  1795 D HwPFWLogger: PFW.HwPFWService:mBroadcastReceiver action = android.intent.action.SCREEN_OFF
12-17 19:31:57.883  1795 11745 I HwActivityManagerService: Split enqueueing broadcast [callerApp]:ProcessRecord{ec55919 3608:com.android.incallui/1001}
12-17 19:31:57.883  1795  2708 D HwPFWLogger: PFW.HwPFWService:handle PFW_MSG_SYSTEM
12-17 19:31:57.883   836   928 I knuckle_sensor: Got ENABLE response, status = 0, id = 65
12-17 19:31:57.883  1795  2708 D HwPFWLogger: PFW.HwPFWAppRestartPolicy:receive action = android.intent.action.SCREEN_OFF
12-17 19:31:57.883  2852  2852 I TintManager: updateBarBgColor:emuiStyle=1,statusBarColor=#00000000,navigationBarColor=#00000000, isEmuiLight=1
12-17 19:31:57.884  2852  2852 I HwPhoneStatusBarTransitions: setBackgroundColor:new=0, old=-16777216
12-17 19:31:57.884  3608  3608 D InCall  : StatusBarNotifier - cancelInCall()...
12-17 19:31:57.884  2852  2852 I HwNavigationBarTransitions: setBackgroundColor:new=0, old=0
12-17 19:31:57.884  2852  2852 D TintManager: statusBarIconTint=#B3FFFFFF,navigationBarIconTint=#00000000
12-17 19:31:57.886  1795  1795 D WifiService: onReceive, action:android.intent.action.SCREEN_OFF
12-17 19:31:57.886  1795 20747 I NotificationManager: cancelNotificationWithTag pid 3608,uid = 1001,tag = null,pkg =com.android.incallui,id =2
12-17 19:31:57.886  1795  2670 D WifiController: DeviceActiveState{ when=0 what=155651 target=com.android.internal.util.StateMachine$SmHandler }
12-17 19:31:57.886  1795  2670 D WifiController: StaEnabledState what=155651
12-17 19:31:57.886  1795  2670 D WifiController: DefaultState what=155651
12-17 19:31:57.886  3608  3608 D InCall  : StatusBarNotifier - updateInCallNotification: timer cleared
12-17 19:31:57.886  1795  2670 D WifiController: wifiSleepPolicy:1
12-17 19:31:57.887  1795  2670 D WifiController: set idle timer: 1800000 ms
12-17 19:31:57.887  1795  2670 I AlarmManager: set(PendingIntent{50e3a01: PendingIntentRecord{a8130a6 android broadcastIntent}}) : type=0 triggerAtTime=1481976117887 win=0 tElapsed=444654250 maxElapsed=444654250 interval=0 flags=0x9
12-17 19:31:57.887  3608  3608 I InCall  : ProximitySensor - ProximitySensor{keybrd=0, dpad=0, offhook=1, hor=0, ui=1, aud=EARPIECE}
12-17 19:31:57.887  3608  3608 D InCall  : ProximitySensor - Turning on proximity sensor
12-17 19:31:57.887  3608  3608 I InCall  : ProximitySensor - Proximity wake lock already acquired
12-17 19:31:57.887  3608  3608 D InCall  : AnswerPresenter - onUiShowingtrue
