12-17 19:40:27.067  1795 16500 D ApplicationPackageManager: queryIntentActivitiesAsUser size results:1, for package:com.tencent.mm
12-17 19:40:27.068  3879  4071 I HwLauncher: AllIdleAppsList  updatePackage : package[com.tencent.mm] matched activity's size is 1 and data List size is 69
12-17 19:40:27.074  3879  4071 W CfgFilePolicy: No config file found for:/themes/diff/icons
12-17 19:40:27.074  3879  4071 W CfgFilePolicy: CFG_DIRS length : 9
12-17 19:40:27.078  3879  4071 I HwLauncher: Launcher.IconCache, cacheLocked  Utilities.createIconBitmap entry.title = 微信 ComponentName:ComponentInfo{com.tencent.mm/com.tencent.mm.ui.LauncherUI} user:UserHandle{0}
12-17 19:40:27.078  3879  4071 D HwLauncher: Launcher.LauncherProvider  launcher-restore query - uri:content://com.huawei.android.launcher.settings/badge
12-17 19:40:27.082  3879  4071 I HwLauncher: Launcher.LauncherProvider  queried count: 1
12-17 19:40:27.084  3879  4071 I HwLauncher: BadgeContentObserver  getBadgeNumber: 0 mComponentName :ComponentInfo{com.tencent.mm/com.tencent.mm.ui.LauncherUI}
12-17 19:40:27.084  3879  4071 I HwLauncher: Workspace  The same unread count.
12-17 19:40:27.084  3879  3879 I HwLauncher: Launcher.Folder childCount: 7
12-17 19:40:27.084  3879  4071 I HwLauncher: Workspace updateCustomizeShortcuts view invalidate ShortcutInfo(title=微信)
12-17 19:40:27.085  3879  3879 I HwLauncher: Launcher.Folder childCount: 2
12-17 19:40:27.085  3879  4071 D HwLauncher: Launcher.LauncherProvider  launcher-restore query - uri:content://com.huawei.android.launcher.settings/badge
12-17 19:40:27.085  3879  3879 I HwLauncher: Launcher.Folder childCount: 6
12-17 19:40:27.085  3879  3879 I HwLauncher: Launcher.Folder childCount: 3
12-17 19:40:27.088  3879  4071 I HwLauncher: Launcher.LauncherProvider  queried count: 1
12-17 19:40:27.091  3879  4071 I HwLauncher: BadgeContentObserver  getBadgeNumber: 0 mComponentName :ComponentInfo{com.tencent.mm/com.tencent.mm.ui.LauncherUI}
12-17 19:40:27.140   533  3739 E ANDR-PERF-MPCTL: Invalid profile no. 0, total profiles 0 only
12-17 19:40:27.383  1795  2748 D lux trace:: [123.0/123162373, 132.0/123162725, 134.0/123163079, 130.0/123163432, 125.0/123163784, 129.0/123164137, 121.0/123164488, 129.0/123164843, 139.0/123165194, 142.0/123165550, 175.0/123165920]
12-17 19:40:27.540  1795  1809 I WindowManager: onProposedRotationChanged, rotation=0
12-17 19:40:27.540  1795  1809 I WindowManager: MyOrientationListener: updateRotation.
12-17 19:40:27.541  1795  1809 I WindowManager: updateRotationUnchecked(alwaysSendConfiguration=false)
12-17 19:40:27.541  1795  1809 I WindowManager: rotationForOrientationLw(orient=1, last=0); user=0 
12-17 19:40:27.541  1795  1809 I WindowManager: Application requested orientation 1, got rotation 0 which has compatible metrics
12-17 19:40:27.551  1795  2671 D WifiHW  : wifi_send_command: cmd:'IFNAME=wlan0 SIGNAL_POLL'
12-17 19:40:27.552  5215  5215 D wpa_supplicant: wlan0: Control interface command 'SIGNAL_POLL'
12-17 19:40:27.568  5215  5215 E wpa_supplicant: RSSI=-42;LINKSPEED=72;NOISE=9999;FREQUENCY=2452;
12-17 19:40:27.569  5215  5215 D wpa_supplicant: CTRL-DEBUG: global_ctrl_sock-sendto: sock=16 sndbuf=229376 outq=0 send_len=48
12-17 19:40:27.569  1795  2671 V HwWifiServiceFactory: get AllImpl object = com.android.server.wifi.HwWifiServiceFactoryImpl@c332618
12-17 19:40:27.570  1795  2671 E WifiConfigManager: updateConfiguration freq=2452 BSSID=80:38:bc:08:42:c1 RSSI=-42 "Huawei-Employee"WPA_EAP
12-17 19:40:27.570  1795  2671 D WifiHW  : wifi_send_command: cmd:'IFNAME=wlan0 PKTCNT_POLL'
12-17 19:40:27.571  5215  5215 D wpa_supplicant: wlan0: Control interface command 'PKTCNT_POLL'
12-17 19:40:27.584  5215  5215 D wpa_supplicant: CTRL-DEBUG: global_ctrl_sock-sendto: sock=16 sndbuf=229376 outq=0 send_len=34
12-17 19:40:27.586  1795  2739 D HuaweiWifiWatchdogStateMachine: LM mrssi=-42
12-17 19:40:27.586  1795  2739 D HuaweiWifiWatchdogStateMachine: 80:38:bc:08:42:c1 current loss[-45]=0%, volume=57
12-17 19:40:27.586  1795  2739 D HuaweiWifiWatchdogStateMachine: 80:38:bc:08:42:c1 history loss[-45]=0.02%, volume=189595
12-17 19:40:27.587  1795  2739 I HuaweiWifiWatchdogStateMachine: spd good count:0, add sc:0.0, rate:1.0
12-17 19:40:27.587  1795  2739 I HuaweiWifiWatchdogStateMachine: current mHighDataFlowRate = 1.0
12-17 19:40:27.587  1795  2739 I HuaweiWifiWatchdogStateMachine: POta txb txg rxg:0, 57, 0. Lr =0% Totpkt=57
12-17 19:40:27.587  1795  1795 D WiFi_PRO: MSG_RETURN_AP_CURRY_RSSI rssi = -42
12-17 19:40:27.587  1795  1795 I QosMonitor: queryRtt: rtt_type = 3
12-17 19:40:27.587  1795  1795 I WifiProJNI: ######### GET RTT:3 ########
12-17 19:40:27.587  1795  1795 D WifiProJNI: send_cmd_kernel: cmd=7
12-17 19:40:27.587  1795  1795 I WifiProJNI: ######### CMD_QUERY_PKTS ########
12-17 19:40:27.587  1795  2737 D WifiProJNI: Received kernel message payload: event 4
12-17 19:40:27.587  1795  1795 D WifiProJNI: send_cmd_kernel: cmd=1
12-17 19:40:27.587  1795  2737 I QosMonitor: postEventFromNative: msg=100,arg1=4,arg2=9
12-17 19:40:27.587  1795  2737 W WifiProJNI: poll before: g_monitor_fd =310
12-17 19:40:27.587  1795  2737 D WifiProJNI: Received kernel message payload: event 0
12-17 19:40:27.587  1795  1795 D HuaweiWifiWatchdogStateMachine: 80:38:bc:08:42:c1 current RTT[-45]=460, volume=9
12-17 19:40:27.587  1795  2737 I QosMonitor: postEventFromNative: msg=100,arg1=0,arg2=9
12-17 19:40:27.587  1795  1795 D HuaweiWifiWatchdogStateMachine: 80:38:bc:08:42:c1 history RTT[-45]=392, volume=44054
12-17 19:40:27.588  1795  2737 W WifiProJNI: poll before: g_monitor_fd =310
12-17 19:40:27.588  1795  1795 D HuaweiWifiWatchdogStateMachine: setSampleRtt: rtt=460,rtt_pkts =9,rtt_when=0
12-17 19:40:27.588  1795  1795 I MQoS    : rtt=460,tcp_tx_pkts=1480382,tcp_rx_pkts=1768577
12-17 19:40:27.588  1795  1795 I QosMonitor: resetRtt: rtt_type = 3
12-17 19:40:27.588  1795  1795 I WifiProJNI: ######### RESET RTT:3 ########
12-17 19:40:27.588  1795  1795 D WifiProJNI: send_cmd_kernel: cmd=6
12-17 19:40:27.589  1795  5350 I MQoS    : QOS_level:0(0),DataDisable;use level-0
12-17 19:40:27.589  1795  2739 D HuaweiWifiWatchdogStateMachine: dumpTcpResult: len=9,rtt=460,rttPkt=9,rttWn=0,cgt=0,cgtWn=0
12-17 19:40:27.589  1795  2739 I HuaweiWifiWatchdogStateMachine: PTcp RTT:460, rtt pkt=9, tcp_rx=13, tcp_tx=21, tcp_reTran=0, rtRate=0
12-17 19:40:27.589  1795  2739 D HuaweiWifiWatchdogStateMachine: isRttGood is good, AvgRtt = 460, TotPkt = 9
12-17 19:40:27.589  1795  2739 D HuaweiWifiWatchdogStateMachine: mRssiBadCount =0, RSSI not bad.
12-17 19:40:27.589  1795  2739 D HuaweiWifiWatchdogStateMachine: detectNetworkAvailable:hw.wifipro.dns_fail_count = 1001
12-17 19:40:27.589  1795  2739 D HuaweiWifiWatchdogStateMachine: detectNetworkAvailable: tcpRxPkts != 0, reset
12-17 19:40:27.589  1795  2739 I HuaweiWifiWatchdogStateMachine: rs ota tcp lr rttvb bad: false, false, false, false, false; rsth:-75
12-17 19:40:27.589  1795  2739 D HuaweiWifiWatchdogStateMachine: GSC:0, GSR:1.0, RSR:1.0, RTH:-75
12-17 19:40:27.589  1795  2739 D HuaweiWifiWatchdogStateMachine: bqeLevel = 3 rtt=460,rtt_pkts=9 speed=461 rssi=-42
12-17 19:40:27.589  1795  2739 D HuaweiWifiWatchdogStateMachine: Enter updateQoeLevel level = 3
12-17 19:40:27.589  1795  2739 D HuaweiWifiWatchdogStateMachine: updateQoeLevel current level equal to mLastDetectLevel, return
12-17 19:40:27.589  1795  2739 I HuaweiWifiWatchdogStateMachine:  pkt chk not bad, reset sc to 0.
12-17 19:40:27.589  1795  2739 D HuaweiWifiWatchdogStateMachine: ### mPktChkBadCnt=0
12-17 19:40:27.684  1795  2748 D HwAmbientLuxFilterAlgo: t=123166233,BT=123167233,DT=123170233,BT1=123170233,DT1=123174233,Bn=false,Dn=false,lx=[121.0/123164728, 129.0/123165029, 139.0/123165330, 142.0/123165631, 175.0/123165932, 175.0/123166233],mLx=87.0,s=5.0,ss=13.216393,AuIntervened=false,mProximityState=false,bLux=574.0,dLux=20.0,bLux1=574.0,dLux1=20.0
12-17 19:40:27.694  1795  2377 I AwareLog: AwareMem_EventTracker: [POLLING_TIMEOUT_123166243] is abandoned for memory 850740
12-17 19:40:27.739   633   692 I ECS     : main{1} XmlMsg.encodeBuf(XmlMsg.java:215) SEND 128 bytes [16]_00_00_00_7C_00_03_01_06_0E_05_87_4C_EC_D5_32_80 cmdCode(CC_ReqCircleState.0x060E)msgType(MT_ARG.1)msgClass(MC_FriendsCircle.6)sender(ST_Mobile.0)crypted(true)zipped(false)nobase64(true)length(124)version(3)sno(874C)
12-17 19:40:27.765   633   692 I TCP     : tcp.recv{4488} TcpClientThread.onReceiverWork(TcpClientThread.java:307) get tcp message 108
12-17 19:40:27.793 31949 31967 I ECS     : msg.recv{4791} XmlMsg.decodeBuf(XmlMsg.java:237) RECV 663 bytes [12]_00_03_02_05_01_04_81_C3_F9_D3_17_57 cmdCode(CC_PCheckVersion.0x0501)msgType(MT_ACK.2)msgClass(MC_Push.5)sender(ST_Mobile.0)crypted(false)zipped(false)nobase64(true)length(659)version(3)sno(81C3)
12-17 19:40:27.813  3180 19270 I DownloadState: @@@@@@@@@@@@ uid :10102 download :true
12-17 19:40:27.813  3180 19270 I PGServer: report state:5 event type:1 pid:0 uid:10102 pkg:null to pid: 1795
12-17 19:40:28.126  1795  1795 I TrafficMonitor: update:rxPkts:24,txPkts:26,rxBytes:11395,txBytes:2983
12-17 19:40:28.126  1795  1795 I TrafficMonitor: start expired. level:-1
12-17 19:40:28.126  1795  1795 I TrafficMonitor: gettimer:interval=2000
12-17 19:40:28.184  1795  2381 D libfingersense_wrapper: Calling fingersense_classify_touch()
12-17 19:40:28.189  1795  2381 D libfingersense_wrapper: fingersense_classify_touch() finished
12-17 19:40:28.192  1795  2380 D PowerManagerService: userActivityNoUpdateLocked: eventTime=123166733, event=2, flags=0x0, uid=1000
12-17 19:40:28.192  1795  2380 I PowerManager_screenOn: PowerManagerNotifier onUserActivity: event=2, uid=1000
12-17 19:40:28.193  1795  2380 D PowerManagerService: ready=true,policy=3,wakefulness=1,wksummary=0x0,uasummary=0x1,bootcompleted=true,boostinprogress=false,waitmodeenable=false,mode=true,manual=33,auto=-1,adj=0.0userId=0
12-17 19:40:28.193  2852  2852 I SlideTouchEvent: handleTouchEvent:MotionEvent { action=ACTION_DOWN, actionButton=0, id[0]=0, x[0]=323.0, y[0]=106.0, toolType[0]=TOOL_TYPE_FINGER, buttonState=0, metaState=0, flags=0x0, edgeFlags=0x0, pointerCount=1, historySize=0, eventTime=123166733, downTime=123166733, deviceId=10, source=0x1002 }
12-17 19:40:28.193  2852  2852 I PhoneStatusBar: suspendAutohide
12-17 19:40:28.193  2852  2852 I vol.VolumeDialogControl: C onDismissRequested reason = 2
12-17 19:40:28.193  2852  2852 I BarTransitions.HwPhoneStatusBarView: transitionTo: mode=MODE_TRANSPARENT, animate=false
12-17 19:40:28.193  2852  2852 I BarTransitions.HwNavigationBarView: transitionTo: mode=MODE_TRANSPARENT, animate=false
12-17 19:40:28.193  2852  2852 I HwNavigationBarTransitions: transitionTo:mode=4, isEmuiStyle=false
12-17 19:40:28.194  2852  2852 I TintImageView: onTouchEvent: code=4, action=0, event=MotionEvent { action=ACTION_DOWN, actionButton=0, id[0]=0, x[0]=113.0, y[0]=106.0, toolType[0]=TOOL_TYPE_FINGER, buttonState=0, metaState=0, flags=0x0, edgeFlags=0x0, pointerCount=1, historySize=0, eventTime=123166733, downTime=123166733, deviceId=10, source=0x1002 }
12-17 19:40:28.195  2852  2852 I TintImageView: sendEvent:action=0, flag=0
12-17 19:40:28.195  2852  2852 I vol.VolumeDialog: VolumeDialogController.Callbacks onDismissRequested reason = 2
12-17 19:40:28.195  1795  3110 D KeyEvent: obtain, mHwFlags=0
12-17 19:40:28.196  1795  3110 D HwCustPhoneWindowManager: answer call by keyCode = 4, down = true, isSupVolumnkeyAnswerCall = false
12-17 19:40:28.196  1795  3110 I PowerManager_screenOn: HwPhoneWindowManager has intercept Key : 4, isdown : true, flags : 72
12-17 19:40:28.196  1795  3110 D WindowManager: interceptKeyTq keycode=4 interactive=true keyguardActive=false policyFlags=2b000002 down true canceled false
