12-17 19:35:09.837  2852  2852 I HwBrightnessUtils: APS brightness=37.0,ConvertToPercentage=0.32394165
12-17 19:35:09.837  2852  2852 I HwBrightnessUtils:  getSeekBarProgress isAutoMode:true current brightness:37 percentage:0.32394165
12-17 19:35:09.837  2852  2852 I HwBrightnessController: updateSlider1 seekBarProgress:3239
12-17 19:35:09.837  2852  2852 I HwBrightnessController: updateSlider2 seekBarProgress:3239
12-17 19:35:09.837  2852  2852 I ToggleSlider:  mSeekListener onProgressChanged progress:3239 fromUser:false
12-17 19:35:09.837  2852  2852 I ToggleSlider:  mSeekListener onProgressChanged progress:3239 fromUser:false
12-17 19:35:09.838  1795 11746 D wifiserviceimpl: netmask =16580607
12-17 19:35:09.838  3858  4126 I amsnl   : m1: false
12-17 19:35:09.840  1795  3884 W ActivityManager: getRunningAppProcesses: caller 10009 does not hold REAL_GET_TASKS; limiting output
12-17 19:35:09.840  2852  2914 I HwMobileSignalController: subId:0 phoneType:1 networktype:13 targetClass:3 masterLevel:5 slaveLevel:-1
12-17 19:35:09.841  3858  4126 I amsnl   : m2: false, m3: false
12-17 19:35:09.841  3858  4126 I amsnl   : c: true, w: true, t: false, l: false
12-17 19:35:09.844  1795  1795 I TrafficMonitor: expired arrive. level:-1
12-17 19:35:09.844  1795  1795 I TrafficMonitor: during_ms:2003,period_ms:2000
12-17 19:35:09.844  1795  1795 I TrafficMonitor: count:90,rx_sum:0,tx_sum:0,rxBytes:0,during_ms:2003,rx_speed:0.0,tx_speed:0.0,rto:0.0
12-17 19:35:09.844  1795  1795 D HuaweiWifiWatchdogStateMachine: speed: rxpkt:0, rxSpd:0B/s, txpkt:0, txSpd:0
12-17 19:35:09.849  1795  2750 D HW_DISPLAY_EFFECT: presently, hw_update_color_temp_for_rg_led interface not achieved.
12-17 19:35:09.854  5224  5224 I Step_LSC: 20002302|onStandStepChanged 65623
12-17 19:35:09.854  5224  5224 I Step_LSC: 20002302|standStepCounter report 100 steps,write fe
12-17 19:35:09.855  5224  5283 I Step_LSC: 20002302|MSG_RECORD_DATA_TO_FILE 
12-17 19:35:09.855  5224  5224 I Step_LSC: 20002302|compensate received
12-17 19:35:09.855  5224  5283 I Step_LSC: 20002302|MSG_RECORD_DATA_TO_FILE datas.size()=8376
12-17 19:35:09.855  5224  5224 I Step_LSC: 20002302|onStandStepChanged 65624
12-17 19:35:09.856  5224  5224 I Step_LSC: 20002302|compensate received
12-17 19:35:09.866  1795  2750 D HW_DISPLAY_EFFECT: presently, hw_update_color_temp_for_rg_led interface not achieved.
12-17 19:35:09.883  1795  2750 D HW_DISPLAY_EFFECT: presently, hw_update_color_temp_for_rg_led interface not achieved.
12-17 19:35:09.899  1795  2750 D HW_DISPLAY_EFFECT: presently, hw_update_color_temp_for_rg_led interface not achieved.
12-17 19:35:09.916  1795  2750 D HW_DISPLAY_EFFECT: presently, hw_update_color_temp_for_rg_led interface not achieved.
12-17 19:35:09.917  2852  2925 I EventCenter: ContentChange for slot: 1
12-17 19:35:09.918  2852  2852 I HwBrightnessController: onChange selfChange:false uri.toString():content://settings/system/screen_auto_brightness mIsObserveAutoBrightnessChange:true
12-17 19:35:09.920  2852  2852 I HwBrightnessUtils: APS brightness=36.0,ConvertToPercentage=0.3184508
12-17 19:35:09.920  2852  2852 I HwBrightnessUtils:  getSeekBarProgress isAutoMode:true current brightness:36 percentage:0.3184508
12-17 19:35:09.920  2852  2852 I HwBrightnessController: updateSlider1 seekBarProgress:3185
12-17 19:35:09.920  2852  2852 I HwBrightnessController: updateSlider2 seekBarProgress:3185
12-17 19:35:09.920  2852  2852 I ToggleSlider:  mSeekListener onProgressChanged progress:3185 fromUser:false
12-17 19:35:09.920  2852  2852 I ToggleSlider:  mSeekListener onProgressChanged progress:3185 fromUser:false
12-17 19:35:09.932  1795  2750 D HW_DISPLAY_EFFECT: presently, hw_update_color_temp_for_rg_led interface not achieved.
12-17 19:35:09.948  1795  2750 D HW_DISPLAY_EFFECT: presently, hw_update_color_temp_for_rg_led interface not achieved.
12-17 19:35:09.965  1795  2750 D HW_DISPLAY_EFFECT: presently, hw_update_color_temp_for_rg_led interface not achieved.
12-17 19:35:09.981  1795  2750 D HW_DISPLAY_EFFECT: presently, hw_update_color_temp_for_rg_led interface not achieved.
12-17 19:35:09.993  5224  5283 I Step_DataCache: 20002302|getTodayTotalSteps 4247
12-17 19:35:09.993  5224  5283 I Step_ExtendStepDataManager: 20002302|before compensate: cache step_4247
12-17 19:35:09.994  5224  5283 I Step_DataCache: 20002302|getTodayTotalSteps 4247
12-17 19:35:09.994  5224  5283 I Step_ExtendStepDataManager: 20002302|compensate 24699575 11
12-17 19:35:09.995  5224  5283 I Step_DataCache: 20002302|getTodayTotalSteps 4248
12-17 19:35:09.995  5224  5283 I Step_ExtendStepDataManager: 20002302|after compensate: cache step_4248
12-17 19:35:09.996  5224  5283 I Step_DataCache: 20002302|getTodayTotalSteps 4248
12-17 19:35:09.996  5224  5283 I Step_ExtendStepDataManager: 20002302|before compensate: cache step_4248
12-17 19:35:09.997  5224  5283 I Step_DataCache: 20002302|getTodayTotalSteps 4248
12-17 19:35:09.997  5224  5283 I Step_ExtendStepDataManager: 20002302|compensate 24699575 12
12-17 19:35:09.998  5224  5283 I Step_DataCache: 20002302|getTodayTotalSteps 4249
12-17 19:35:09.998  1795  2750 D HW_DISPLAY_EFFECT: presently, hw_update_color_temp_for_rg_led interface not achieved.
12-17 19:35:09.998  5224  5283 I Step_ExtendStepDataManager: 20002302|after compensate: cache step_4249
12-17 19:35:09.998  5224  5283 I Step_LSC: 20002302|REPORT : 4249 90725 3025 0
12-17 19:35:09.998  5224  5283 I SendBroadcastPermission: action:android.com.huawei.bone.NOTIFY_SPORT_DATA, mPermissionType:0
12-17 19:35:09.999  2852  2925 I EventCenter: ContentChange for slot: 1
12-17 19:35:09.999  2852  2852 I HwBrightnessController: onChange selfChange:false uri.toString():content://settings/system/screen_auto_brightness mIsObserveAutoBrightnessChange:true
12-17 19:35:10.000  5224  5283 I SendBroadcastPermission: action:android.com.huawei.bone.NOTIFY_SPORT_DATA, mPermissionType:0
12-17 19:35:10.001  2852  2852 I HwBrightnessUtils: APS brightness=35.0,ConvertToPercentage=0.31288317
12-17 19:35:10.001  2852  2852 I HwBrightnessUtils:  getSeekBarProgress isAutoMode:true current brightness:35 percentage:0.31288317
12-17 19:35:10.001  2852  2852 I HwBrightnessController: updateSlider1 seekBarProgress:3129
12-17 19:35:10.001  2852  2852 I HwBrightnessController: updateSlider2 seekBarProgress:3129
12-17 19:35:10.001  2852  2852 I ToggleSlider:  mSeekListener onProgressChanged progress:3129 fromUser:false
12-17 19:35:10.001  1795 16501 I HwActivityManagerService: Split enqueueing broadcast [callerApp]:ProcessRecord{580cfb2 5224:com.huawei.health:DaemonService/u0a99}
12-17 19:35:10.001  2852  2852 I ToggleSlider:  mSeekListener onProgressChanged progress:3129 fromUser:false
12-17 19:35:10.002  2852  2852 I EventCenter: EventCenter Get :android.com.huawei.bone.NOTIFY_SPORT_DATA
12-17 19:35:10.002  2852  2852 D StepCounterView: onStepCounterChange stepsNum:4249
12-17 19:35:10.003  5224  5283 I Step_HSNH: 20002302|upDateHealthNotification()|91|3.03|4249
12-17 19:35:10.003  5224  5283 I Step_HSNH: 20002302|rebuild notification
12-17 19:35:10.006  1795 16500 I NotificationManager: enqueueNotificationInternal: pkg=com.huawei.health id=10010 notification=Notification(pri=0 contentView=null vibrate=null sound=null defaults=0x0 flags=0x2 color=0x00000000 vis=PRIVATE)
12-17 19:35:10.007  1795  1795 I NotificationManager: enqueueNotificationInternal: n.getKey = 0|com.huawei.health|10010|null|10099
12-17 19:35:10.008  1795  1795 V NotificationService: disableEffects=null canInterrupt=false once update: false
12-17 19:35:10.011  2852  2852 I StatusBar: onNotificationPosted: StatusBarNotification(pkg=com.huawei.health user=UserHandle{0} id=10010 tag=null key=0|com.huawei.health|10010|null|10099: Notification(pri=0 contentView=null vibrate=null sound=null defaults=0x0 flags=0x62 color=0x00000000 vis=PRIVATE)) important=2, post=1481974510007, when=1481531589202, vis=0, userid=0
12-17 19:35:10.012  2852  2852 D StatusBar: updateNotification(StatusBarNotification(pkg=com.huawei.health user=UserHandle{0} id=10010 tag=null key=0|com.huawei.health|10010|null|10099: Notification(pri=0 contentView=null vibrate=null sound=null defaults=0x0 flags=0x62 color=0x00000000 vis=PRIVATE)))
12-17 19:35:10.014  1795  2750 D HW_DISPLAY_EFFECT: presently, hw_update_color_temp_for_rg_led interface not achieved.
12-17 19:35:10.015  2852  2852 D HwCust  : Create obj success use class android.app.HwCustNotificationImpl
12-17 19:35:10.015  2852  2852 I StatusBarIconView: updateTint: tint=0
12-17 19:35:10.016  2852  2852 D StatusBar: No peeking: unimportant notification: 0|com.huawei.health|10010|null|10099
12-17 19:35:10.016  2852  2852 D StatusBar: applyInPlace=true shouldPeek=false alertAgain=true
12-17 19:35:10.016  2852  2852 I NotificationGroupManager: onEntryUpdated:0|com.huawei.health|10010|null|10099
12-17 19:35:10.016  2852  2852 I NotificationGroupManager: onEntryAdded:0|com.huawei.health|10010|null|10099, group=0|com.huawei.health|10010|null|10099
12-17 19:35:10.016  2852  2852 D StatusBar: reusing notification for key: 0|com.huawei.health|10010|null|10099
12-17 19:35:10.016  2852  2852 D HwCust  : Create obj success use class android.app.HwCustNotificationImpl
12-17 19:35:10.017  2852  2852 D HwCust  : Create obj success use class android.app.HwCustNotificationImpl
12-17 19:35:10.017  2852  2852 I StatusBarIconView: updateTint: tint=0
12-17 19:35:10.023  2852  2852 I HwPhoneStatusBar: updateNotificationShade
12-17 19:35:10.023  2852  2852 I PhoneStatusBar: updateNotificationShade
12-17 19:35:10.023  2852  2852 I PhoneStatusBar: removeNotificationChildren
12-17 19:35:10.024  2852  2852 I HwNotificationIconAreaController: showNotificationAll
12-17 19:35:10.031  1795  2750 I HwLightsService: back light level before map = 1389
12-17 19:35:10.031  1795  2750 D HW_DISPLAY_EFFECT: presently, hw_update_color_temp_for_rg_led interface not achieved.
12-17 19:35:10.032  2852  2852 I NotificationContentView: transferRemoteInputFocus: 0
12-17 19:35:10.033  2852  2852 I NotificationContentView: transferRemoteInputFocus: 0
12-17 19:35:10.033  2852  2852 I StackScrollAlgorithm: updateClipping isOverlap:false
12-17 19:35:10.033  2852  2852 I StackScrollAlgorithm: updateDimmedActivatedHideSensitive overlap:false
12-17 19:35:10.047  1795  2750 D HW_DISPLAY_EFFECT: presently, hw_update_color_temp_for_rg_led interface not achieved.
12-17 19:35:10.065  1795  2750 D HW_DISPLAY_EFFECT: presently, hw_update_color_temp_for_rg_led interface not achieved.
12-17 19:35:10.081  1795  2750 D HW_DISPLAY_EFFECT: presently, hw_update_color_temp_for_rg_led interface not achieved.
12-17 19:35:10.084  2852  2852 I HwBrightnessController: onChange selfChange:false uri.toString():content://settings/system/screen_auto_brightness mIsObserveAutoBrightnessChange:true
12-17 19:35:10.084  2852  2925 I EventCenter: ContentChange for slot: 1
