12-17 19:32:30.715  1795  2668 D WifiP2pService: InactiveState143467
12-17 19:32:30.715  1795  2668 E HwWifiP2pService: Unhandled message when=123056430 what=143467 arg1=0 arg2=0
12-17 19:32:30.715  1795  2668 D WifiP2pService: P2pEnabledState when=123056430 what=143467 arg1=0 arg2=0
12-17 19:32:30.715  2852  2852 I StatusBarIconView: updateTint: tint=1
12-17 19:32:30.715  1795  2668 D WifiP2pService: DefaultState{ when=-1ms what=143467 target=com.android.internal.util.StateMachine$SmHandler }
12-17 19:32:30.715  1795  2668 D HwWifiP2pService: SleepPolicy:1
12-17 19:32:30.716   606  2379 E libteec : QSEECom_send_cmd return!
12-17 19:32:30.716   606  2379 E libteec : qsc_send_cmd finish
12-17 19:32:30.716   835  2385 E libteec : receive data len = 1152
12-17 19:32:30.716   835  2385 E libteec : begin
12-17 19:32:30.716   835  2385 E libteec : qsc_decode end
12-17 19:32:30.716   835  2385 E libteec : begin
12-17 19:32:30.716   606  2379 E libteec : send data return = 1152
12-17 19:32:30.716   606  2379 E libteec : receive data len = 128
12-17 19:32:30.716  2852  2852 D HwCust  : Create obj success use class com.android.systemui.statusbar.HwCustExpandableNotificationRowImpl
12-17 19:32:30.720  1795  2671 D WifiStateMachine:  ConnectedState !CMD_SCREEN_STATE_CHANGED  rt=123056436/442887084 0 0
12-17 19:32:30.720  1795  2671 D WifiStateMachine:  L2ConnectedState !CMD_SCREEN_STATE_CHANGED  rt=123056436/442887084 0 0
12-17 19:32:30.720  1795  2671 D WifiStateMachine:  ConnectModeState !CMD_SCREEN_STATE_CHANGED  rt=123056436/442887084 0 0
12-17 19:32:30.720   606  2379 E libteec : QSEECom_send_cmd return!
12-17 19:32:30.720  1795  2671 D WifiStateMachine:  DriverStartedState !CMD_SCREEN_STATE_CHANGED  rt=123056436/442887084 0 0
12-17 19:32:30.720   606  2379 E libteec : qsc_send_cmd finish
12-17 19:32:30.721  1795  2671 D WifiStateMachine:  SupplicantStartedState !CMD_SCREEN_STATE_CHANGED  rt=123056436/442887084 0 0
12-17 19:32:30.721   606  2379 E libteec : send data return = 128
12-17 19:32:30.721  1795  2671 D WifiStateMachine:  DefaultState !CMD_SCREEN_STATE_CHANGED  rt=123056437/442887084 0 0
12-17 19:32:30.721  1795  2671 D PowerManagerService: acquire lock=244575063, flags=0x1, tag="WifiSuspend", name=android, ws=null, uid=1000, pid=1795
12-17 19:32:30.721  1795  2671 D PowerManagerService: ready=true,policy=0,wakefulness=0,wksummary=0x11,uasummary=0x0,bootcompleted=true,boostinprogress=false,waitmodeenable=false,mode=true,manual=33,auto=-1,adj=0.0userId=0
12-17 19:32:30.721  1795  2671 D PowerManagerService: Acquiring suspend blocker "PowerManagerService.WakeLocks".
12-17 19:32:30.721   835  2385 E libteec : receive data len = 128
12-17 19:32:30.721   835  2385 E libteec : begin
12-17 19:32:30.721   835  2385 E libteec : qsc_decode end
12-17 19:32:30.721   835  2385 I fpc_tac : fpc_tac_begin_identify---need_liveness_authentication: 0
12-17 19:32:30.721   835  2385 E libteec : begin
12-17 19:32:30.721   606  2379 E libteec : receive data len = 192
12-17 19:32:30.722  1795  2671 I AlarmManager: remove(null) changed bounds; rebatching
12-17 19:32:30.725  1795  2671 E WifiScanner: listener cannot be found
12-17 19:32:30.725  1795  2671 D WifiStateMachine:  ConnectedState CMD_ENABLE_RSSI_POLL  rt=123056441/442887088 0 0
12-17 19:32:30.725  1795  2671 D WifiStateMachine:  L2ConnectedState CMD_ENABLE_RSSI_POLL  rt=123056441/442887088 0 0
12-17 19:32:30.725  1795  2671 D WifiStateMachine:  ConnectedState CMD_SET_SUSPEND_OPT_ENABLED  rt=123056441/442887088 1 0
12-17 19:32:30.725  1795  2671 D WifiStateMachine:  L2ConnectedState CMD_SET_SUSPEND_OPT_ENABLED  rt=123056441/442887088 1 0
12-17 19:32:30.725  1795  2671 D WifiStateMachine:  ConnectModeState CMD_SET_SUSPEND_OPT_ENABLED  rt=123056441/442887089 1 0
12-17 19:32:30.725  1795  2671 D WifiStateMachine:  DriverStartedState CMD_SET_SUSPEND_OPT_ENABLED  rt=123056441/442887089 1 0
12-17 19:32:30.725  1795  2671 D WifiHW  : wifi_send_command: cmd:'IFNAME=wlan0 DRIVER SETSUSPENDMODE 1'
12-17 19:32:30.725   606  2379 E libteec : QSEECom_send_cmd return!
12-17 19:32:30.725   606  2379 E libteec : qsc_send_cmd finish
12-17 19:32:30.725   606  2379 E libteec : send data return = 192
12-17 19:32:30.725   835  2385 E libteec : receive data len = 192
12-17 19:32:30.726   835  2385 E libteec : begin
12-17 19:32:30.726   835  2385 E libteec : qsc_decode end
12-17 19:32:30.726   835  2385 I fpc_tac : fpc_tac_send_set_arbitrary_data_cmd:ok, response:0
12-17 19:32:30.726   835  2385 D fingerprintd: onAcquired(2001)
12-17 19:32:30.726   835  2385 E libteec : begin
12-17 19:32:30.726   606  2379 E libteec : receive data len = 128
12-17 19:32:30.726  1795 15982 W FingerprintService: onAcquired 1
12-17 19:32:30.726  1795  2326 W FingerprintService: onAcquired 2
12-17 19:32:30.726  2852  2852 W HwPhoneLayoutInflater: onCreateView : ClassNotFoundException, In this case we want to let the base class take a crack at it
12-17 19:32:30.727  2852  2852 W HwPhoneLayoutInflater: onCreateView : ClassNotFoundException, In this case we want to let the base class take a crack at it
12-17 19:32:30.729  1795  1795 D HwConnectivityService: mIntentReceiver begin
12-17 19:32:30.729  1795  1795 D HwKeyguardManagerImpl: isLockScreenDisabled HwKeyguardManagerImpl result = false
12-17 19:32:30.729  1795  1795 D HwConnectivityService: CtrlSocket Receiver,disable: false locked: true action: android.intent.action.SCREEN_OFF mSmartKeyguardLevel: normal_level mStartPowerSaving: false
12-17 19:32:30.729  1795  1795 D HwConnectivityService: receive screen off intent!
12-17 19:32:30.729  1795  1795 D HwConnectivityService: wifi tethering: false
12-17 19:32:30.729  1795  1795 D HwConnectivityService: Usb tethering: false
12-17 19:32:30.729  1795  1795 D HwConnectivityService: bt tethering: false
12-17 19:32:30.729  1795  1795 D HwConnectivityService: pluggedStatus: 0
12-17 19:32:30.729  1795  1795 D HwConnectivityService: is charging: false
12-17 19:32:30.730  5215  5215 D wpa_supplicant: wlan0: Control interface command 'DRIVER SETSUSPENDMODE 1'
12-17 19:32:30.737  3218  4070 D PhoneInterfaceManager: [PhoneIntfMgr] getDataEnabled: subId=0 phoneId=0
12-17 19:32:30.737  3218  4070 D PhoneInterfaceManager: [PhoneIntfMgr] getDataEnabled: subId=0 retVal=false
12-17 19:32:30.737  1795  1795 D HwConnectivityService: CtrlSocket getMobileDataEnabled = false
12-17 19:32:30.740  1795  1795 I NotificationManager: mIntentReceiver-ACTION_SCREEN_OFF
12-17 19:32:30.740  1795  1795 I NotificationManager: updateLightsLocked,mInCall =true,mScreenOn = false,ledNotification == null?true
12-17 19:32:30.740  1795  1795 I NotificationManager: updateLightsLocked,turn off notificationLight
12-17 19:32:30.740  1795  1795 I Sensor  : turn off notificationLight due to incall or screenon
12-17 19:32:30.740  1795  1795 I Sensor  : updateLight --> mIsNotificationExisting: false ledOnMS: 0 ledOffMS :0
12-17 19:32:30.740  1795  1795 I Sensor  : updateLightsLocked --> level:78, status:3
12-17 19:32:30.740  1795  1795 I Sensor  : updateLightsLocked --> mBatteryLight.turnOff
12-17 19:32:30.741  2852  2852 W HwPhoneLayoutInflater: onCreateView : ClassNotFoundException, In this case we want to let the base class take a crack at it
12-17 19:32:30.741  2852  2852 W HwPhoneLayoutInflater: onCreateView : ClassNotFoundException, In this case we want to let the base class take a crack at it
12-17 19:32:30.743  1046  1046 V ThreadsEx: HDebug print the key screen_state
12-17 19:32:30.743  1046  1046 D audio_hw_primary: adev_set_parameters: enter: screen_state=off
12-17 19:32:30.743  1046  1046 I Huawei_audio_cust: huawei_audio huawei_choose_HandsFree_device_incall_forHWtest: test Type =4
12-17 19:32:30.743  1046  1046 I Huawei_audio_cust: huawei_audio huawei_choose_Handset_device_incall_forHWtest: test Type =4
12-17 19:32:30.743  1046  1046 I Huawei_audio_cust: get_spk_pa_type: pa is max98925
12-17 19:32:30.743  1046  1046 I Huawei_audio_cust: huawei_common_set_parameters: exit with code(0)
12-17 19:32:30.743  1046  1046 V Huawei_audio_cust: huawei_cust_set_parameters: exit with code(0)
12-17 19:32:30.743  1046  1046 V msm8916_platform: platform_set_parameters: enter: - screen_state=off
12-17 19:32:30.743  1046  1046 V msm8916_platform: platform_set_parameters: exit with code(0)
12-17 19:32:30.743  1046  1046 D audio_hw_extn: audio_extn_set_anc_parameters: anc_enabled:0
12-17 19:32:30.743  1046  1046 D audio_hw_spkr_prot: audio_extn_fbsp_set_parameters: Speaker protection disabled
12-17 19:32:30.743  1046  1046 V audio_hw_primary: adev_set_parameters: exit with code(0)
12-17 19:32:30.746   606  2379 E libteec : QSEECom_send_cmd return!
12-17 19:32:30.746   606  2379 E libteec : qsc_send_cmd finish
12-17 19:32:30.746   835  2385 E libteec : receive data len = 128
12-17 19:32:30.746   835  2385 E libteec : begin
12-17 19:32:30.746   835  2385 E libteec : qsc_decode end
12-17 19:32:30.747  1795  1795 I AlarmManager: set(PendingIntent{2f9e644: PendingIntentRecord{527f32d android broadcastIntent}}) : type=2 triggerAtTime=447147110 win=300000 tElapsed=447147110 maxElapsed=447447110 interval=0 flags=0x8
12-17 19:32:30.747   606  2379 E libteec : send data return = 128
12-17 19:32:30.749  1795  1795 D HwPFWLogger: PFW.HwPFWService:mBroadcastReceiver action = android.intent.action.SCREEN_OFF
12-17 19:32:30.750  1795  2708 D HwPFWLogger: PFW.HwPFWService:handle PFW_MSG_SYSTEM
12-17 19:32:30.750  1795  2708 D HwPFWLogger: PFW.HwPFWAppRestartPolicy:receive action = android.intent.action.SCREEN_OFF
