12-17 19:31:40.191  1795  2750 D PowerManagerService: Setting HAL auto-suspend mode to true
12-17 19:31:40.191   836  2387 I knuckle_sensor: Sending SAM_DISABLE to fs_data
12-17 19:31:40.191  1795  1825 I PowerManager_screenOn: DisplayPowerController updatePowerState mPendingRequestLocked=policy=OFF, useProximitySensor=true, useProximitySensorbyPhone=true, screenBrightness=33, screenAutoBrightnessAdjustment=0.0, brightnessSetByUser=true, useAutoBrightness=true, blockScreenOn=false, lowPowerMode=false, boostScreenBrightness=false, dozeScreenBrightness=-1, dozeScreenState=UNKNOWN, useTwilight=false, useSmartBacklight=true, brightnessWaitMode=false, brightnessWaitRet=true, screenAutoBrightness=-1, userId=0
12-17 19:31:40.192  1795  1825 D DisplayPowerController: Animating brightness: target=0, rate=0
12-17 19:31:40.192  1795  1825 D DisplayPowerController: Display ready!
12-17 19:31:40.192  1795  1825 D DisplayPowerController: Finished business...
12-17 19:31:40.192   836   928 I knuckle_sensor: Got DISABLE response, status = 0, id = 58
12-17 19:31:40.192  1795  1825 D PowerManagerService: ready=true,policy=0,wakefulness=0,wksummary=0x11,uasummary=0x0,bootcompleted=true,boostinprogress=false,waitmodeenable=false,mode=true,manual=33,auto=-1,adj=0.0userId=0
12-17 19:31:40.192  1795  1825 I PowerManager_screenOn: PowerManagerNotifier onWakefulnessChangeFinished mInteractiveChanging=true, mInteractive=false
12-17 19:31:40.192  1795  1825 D PowerManagerService: Acquiring suspend blocker "PowerManagerService.Broadcasts".
12-17 19:31:40.192  1795  1825 D PowerManagerService: Releasing suspend blocker "PowerManagerService.Display".
12-17 19:31:40.193  1795  1795 I WindowManger_keyguard: Finished going to sleep... (why=6)
12-17 19:31:40.193  1795  1795 I WindowOrientationListener: WindowOrientationListener disabled
12-17 19:31:40.193  1795  1795 I qti_sensors_hal: batch,376,handle 0, timeout:0 ,period_ns:200000000
12-17 19:31:40.193  1795  1795 I qti_sensors_hal: batch:sensor(android.sensor.accelerometer) handle:0 flags:0x0 period_ns 200000000
12-17 19:31:40.204  1795  1795 I qti_sensors_hal: read from oem info: data_readback
12-17 19:31:40.204  1795  1795 I qti_sensors_hal: 0xcd, 0xb0, 0x24, 0x3e
12-17 19:31:40.204  1795  1795 I qti_sensors_hal: 0x66, 0xca, 0x3c, 0x3e
12-17 19:31:40.204  1795  1795 I qti_sensors_hal: 0xc0, 0x2a, 0x7c, 0x3f
12-17 19:31:40.204  1795  1795 I qti_sensors_hal: 0x55, 0x0, 0x0, 0x0
12-17 19:31:40.204  1795  1795 I qti_sensors_hal: 0x0, 0x0, 0x0, 0x0
12-17 19:31:40.204  1795  1795 E qti_sensors_hal: read from oem info: data_valid_flag=0x55
12-17 19:31:40.204  1795  1795 E qti_sensors_hal: read from oem info: x_offset=0.160831, y_offset=0.184366, z_offset=0.985027
12-17 19:31:40.204  1795  1795 E qti_sensors_hal: Final value: x_offset=0.160831, y_offset=0.184366, z_offset=0.985027
12-17 19:31:40.204  1795  1795 I qti_sensors_hal: batch:load_acc_oeminf_data x_offset:0.160831 y_offset:0.184366 z_offset:0.985027
12-17 19:31:40.204  1795  1795 I qti_sensors_hal: batch:sensor(android.sensor.accelerometer) sample_rate=5.000000Hz report_rate_f=0.000000Hz curr sample rate:14.999925 cur rpt rate:0 max:400.000000 min:1.000000
12-17 19:31:40.206  1795  1795 I WindowManger_keyguard: onFinishedGoingToSleep(6)
12-17 19:31:40.206  3608  3608 I InCall  : CallList - hasAnyLiveCall call = [Call_10, ACTIVE, [Capabilities: CAPABILITY_HOLD CAPABILITY_SUPPORT_HOLD CAPABILITY_MUTE CAPABILITY_CANNOT_DOWNGRADE_VIDEO_TO_AUDIO], children:[], parent:null, conferenceable:[], videoState:Audio Only, mSessionModificationState:0, VideoSettings:(CameraDir:-1)]
12-17 19:31:40.206  1795  1795 I PowerManager_screenOn: PowerManagerNotifier Sending go to sleep broadcast.
12-17 19:31:40.206  3608  3608 I InCall  : ProximitySensor - isDisplayOn: false
12-17 19:31:40.206  1795  1795 I SendBroadcastPermission: action:android.intent.action.SCREEN_OFF, mPermissionType:0
12-17 19:31:40.206  2852  2822 D KeyguardService: Caller checkPermission fail
12-17 19:31:40.206  2852  2822 D KeyguardService: KGSvcCall onFinishedGoingToSleep.
12-17 19:31:40.206  2852  2822 D KeyguardViewMediator: onFinishedGoingToSleep(6)
12-17 19:31:40.206  2852  2822 D KeyguardViewMediator: notifyFinishedGoingToSleep
12-17 19:31:40.206  2852  2822 W AppHandler: sendMessage 15
12-17 19:31:40.207  1795  6986 I qti_sensors_hal: batch,376,handle 0, timeout:0 ,period_ns:200000000
12-17 19:31:40.207  1795  6986 I qti_sensors_hal: batch:sensor(android.sensor.accelerometer) handle:0 flags:0x0 period_ns 200000000
12-17 19:31:40.209  1795  1795 I HwActivityManagerService: Split enqueueing broadcast [callerApp]:ProcessRecord{34bf34f 0:system/1000}
12-17 19:31:40.209  1795  1795 I ActivityManager_broadcast: Enqueueing ordered broadcast[foreground] BroadcastRecord{dc0cdb u-1 android.intent.action.SCREEN_OFF}: prev had 0
12-17 19:31:40.210  1795  1808 I ActivityManager_broadcast: dispatch ordered broadcast [foreground] BroadcastRecord{dc0cdb u-1 android.intent.action.SCREEN_OFF}, has 55 receivers
12-17 19:31:40.216  1795  2377 I AwareLog: AwareMem_DMEServer: stop
12-17 19:31:40.217  1795  6986 I qti_sensors_hal: read from oem info: data_readback
12-17 19:31:40.217  1795  6986 I qti_sensors_hal: 0xcd, 0xb0, 0x24, 0x3e
12-17 19:31:40.217  1795  6986 I qti_sensors_hal: 0x66, 0xca, 0x3c, 0x3e
12-17 19:31:40.217  1795  6986 I qti_sensors_hal: 0xc0, 0x2a, 0x7c, 0x3f
12-17 19:31:40.217  1795  6986 I qti_sensors_hal: 0x55, 0x0, 0x0, 0x0
12-17 19:31:40.217  1795  6986 I qti_sensors_hal: 0x0, 0x0, 0x0, 0x0
12-17 19:31:40.217  1795  6986 E qti_sensors_hal: read from oem info: data_valid_flag=0x55
12-17 19:31:40.217  1795  6986 E qti_sensors_hal: read from oem info: x_offset=0.160831, y_offset=0.184366, z_offset=0.985027
12-17 19:31:40.217  1795  6986 E qti_sensors_hal: Final value: x_offset=0.160831, y_offset=0.184366, z_offset=0.985027
12-17 19:31:40.217  1795  6986 I qti_sensors_hal: batch:load_acc_oeminf_data x_offset:0.160831 y_offset:0.184366 z_offset:0.985027
12-17 19:31:40.217  1795  6986 I qti_sensors_hal: batch:sensor(android.sensor.accelerometer) sample_rate=5.000000Hz report_rate_f=0.000000Hz curr sample rate:5.000000 cur rpt rate:0 max:400.000000 min:1.000000
12-17 19:31:40.217  1795  6986 I qti_sensors_hal: batch: current sample rate, report rate & buffering are equal to requested (5.000000,0.000000,0)
12-17 19:31:40.224  3608  3608 I InCall  : VideoCallFragment - onStop:
12-17 19:31:40.224  3608  3608 D InCall  : InCallActivity - onStop()...
12-17 19:31:40.224  3608  3608 D InCall  : InCallPresenter - onActivityStopped
12-17 19:31:40.224  3608  3608 D InCall  : InCallPresenter - notifyVideoPauseController
12-17 19:31:40.224  3608  3608 D InCall  : VideoPauseController: - VideoPauseController:onPause
12-17 19:31:40.224  3608  3608 D InCall  : VideoPauseController: - VideoPauseController:onPause, Ignoring...
12-17 19:31:40.225  3608  3608 I InCall  : InCallPresenter - updateStatusBar: state = 0x0
12-17 19:31:40.226  1795  1795 D HwWifiP2pService: onReceive, action:android.intent.action.SCREEN_OFF
12-17 19:31:40.226  1795  1805 D StatusBarManagerService: manageDisableList userId=0 what=0x0 pkg=com.android.incallui
12-17 19:31:40.226  1795  2668 D WifiP2pService: InactiveState143467
12-17 19:31:40.226  1795  2668 E HwWifiP2pService: Unhandled message when=123013398 what=143467 arg1=0 arg2=0
12-17 19:31:40.226  3608  3608 D InCall  : InCallActivity -  bgCallTwinkingSwitch is true inQuickExiting is false mIsForegroundActivity is false
12-17 19:31:40.227  1795  2668 D WifiP2pService: P2pEnabledState when=123013398 what=143467 arg1=0 arg2=0
12-17 19:31:40.227  1795  2668 D WifiP2pService: DefaultState{ when=0 what=143467 target=com.android.internal.util.StateMachine$SmHandler }
12-17 19:31:40.227  1795  2668 D HwWifiP2pService: SleepPolicy:1
12-17 19:31:40.230  3608  3608 I CallUtils: show_incallscreen  0
12-17 19:31:40.233  1795  3237 D PowerManagerService: release:lock=228612087, flg=0x0, tag="ActivityManager-Sleep", name=android", ws=null, uid=1000, pid=1795
12-17 19:31:40.234  1795  3237 D PowerManagerService: ready=true,policy=0,wakefulness=0,wksummary=0x10,uasummary=0x0,bootcompleted=true,boostinprogress=false,waitmodeenable=false,mode=true,manual=33,auto=-1,adj=0.0userId=0
12-17 19:31:40.234  1795  3237 D PowerManagerService: Releasing suspend blocker "PowerManagerService.WakeLocks".
12-17 19:31:40.240  1795  2671 D WifiStateMachine:  ConnectedState !CMD_SCREEN_STATE_CHANGED  rt=123013412/442836604 0 0
12-17 19:31:40.241  1795  2671 D WifiStateMachine:  L2ConnectedState !CMD_SCREEN_STATE_CHANGED  rt=123013412/442836604 0 0
12-17 19:31:40.241  1795  2671 D WifiStateMachine:  ConnectModeState !CMD_SCREEN_STATE_CHANGED  rt=123013413/442836604 0 0
12-17 19:31:40.241  1795  2671 D WifiStateMachine:  DriverStartedState !CMD_SCREEN_STATE_CHANGED  rt=123013413/442836604 0 0
12-17 19:31:40.241  1795  2671 D WifiStateMachine:  SupplicantStartedState !CMD_SCREEN_STATE_CHANGED  rt=123013413/442836604 0 0
12-17 19:31:40.241  1795  2671 D WifiStateMachine:  DefaultState !CMD_SCREEN_STATE_CHANGED  rt=123013413/442836604 0 0
12-17 19:31:40.241  1795  2671 D PowerManagerService: acquire lock=244575063, flags=0x1, tag="WifiSuspend", name=android, ws=null, uid=1000, pid=1795
12-17 19:31:40.241  1795  2671 D PowerManagerService: ready=true,policy=0,wakefulness=0,wksummary=0x11,uasummary=0x0,bootcompleted=true,boostinprogress=false,waitmodeenable=false,mode=true,manual=33,auto=-1,adj=0.0userId=0
12-17 19:31:40.242  1795  2671 D PowerManagerService: Acquiring suspend blocker "PowerManagerService.WakeLocks".
12-17 19:31:40.245  1795  2671 I AlarmManager: remove(null) changed bounds; rebatching
12-17 19:31:40.245  2852  2852 W HwPhoneLayoutInflater: onCreateView : ClassNotFoundException, In this case we want to let the base class take a crack at it
12-17 19:31:40.247  1795  1795 D HwConnectivityService: mIntentReceiver begin
12-17 19:31:40.247  2852  2852 W HwPhoneLayoutInflater: onCreateView : ClassNotFoundException, In this case we want to let the base class take a crack at it
12-17 19:31:40.247  1795  1795 D HwKeyguardManagerImpl: isLockScreenDisabled HwKeyguardManagerImpl result = false
12-17 19:31:40.247  1795  1795 D HwConnectivityService: CtrlSocket Receiver,disable: false locked: true action: android.intent.action.SCREEN_OFF mSmartKeyguardLevel: normal_level mStartPowerSaving: false
12-17 19:31:40.247  1795  1795 D HwConnectivityService: receive screen off intent!
12-17 19:31:40.247  1795  1795 D HwConnectivityService: wifi tethering: false
12-17 19:31:40.247  1795  1795 D HwConnectivityService: Usb tethering: false
12-17 19:31:40.247  1795  1795 D HwConnectivityService: bt tethering: false
12-17 19:31:40.251  1795  2671 E WifiScanner: listener cannot be found
12-17 19:31:40.251  1795  2671 D WifiStateMachine:  ConnectedState CMD_ENABLE_RSSI_POLL  rt=123013423/442836615 0 0
12-17 19:31:40.251  1795  2671 D WifiStateMachine:  L2ConnectedState CMD_ENABLE_RSSI_POLL  rt=123013423/442836615 0 0
12-17 19:31:40.252  1795  2671 D WifiStateMachine:  ConnectedState CMD_SET_SUSPEND_OPT_ENABLED  rt=123013424/442836615 1 0
12-17 19:31:40.252  1795  1795 D HwConnectivityService: pluggedStatus: 0
12-17 19:31:40.252  1795  2671 D WifiStateMachine:  L2ConnectedState CMD_SET_SUSPEND_OPT_ENABLED  rt=123013424/442836615 1 0
12-17 19:31:40.252  1795  1795 D HwConnectivityService: is charging: false
12-17 19:31:40.252  1795  2671 D WifiStateMachine:  ConnectModeState CMD_SET_SUSPEND_OPT_ENABLED  rt=123013424/442836616 1 0
