12-17 19:31:55.825  2883  2996 I HwSystemManager: NatTrafficNotifyService:delta byte = 0 no traffic delta = 0Traffic state is 301
12-17 19:31:55.826  5224  5283 I Step_LSC: 20002302| ## MSG_DEAL_SYSTEM_EVENT android.intent.action.SCREEN_ON
12-17 19:31:55.826  1795  1809 I WindowOrientationListener: WindowOrientationListener enabled
12-17 19:31:55.826  5224  5283 I Step_StandStepCounter: 20002302|flush sensor data
12-17 19:31:55.827  1795  3253 I qti_sensors_hal: flush,395,handle 49
12-17 19:31:55.827  1795  3253 I qti_sensors_hal: flush:sensor(android.sensor.step_counter) handle:49
12-17 19:31:55.827  1795  1809 I qti_sensors_hal: batch,376,handle 0, timeout:0 ,period_ns:66667000
12-17 19:31:55.827  1795  1809 I qti_sensors_hal: batch:sensor(android.sensor.accelerometer) handle:0 flags:0x0 period_ns 66667000
12-17 19:31:55.827  3626  3626 I iMonitor: send: 903001010
12-17 19:31:55.827  5224  5283 I Step_LSC: 20002302|REPORT : 4181 89378 2980 0
12-17 19:31:55.828  5224  5283 I SendBroadcastPermission: action:android.com.huawei.bone.NOTIFY_SPORT_DATA, mPermissionType:0
12-17 19:31:55.828   818  1152 I logserver: handle_exception_events enter
12-17 19:31:55.829  1795  1821 I WindowManger_keyguard: Setting mDismissKeyguard true by win Window{e6a6b5e u0 com.android.incallui/com.android.incallui.InCallActivity}
12-17 19:31:55.830  5224  5283 I SendBroadcastPermission: action:android.com.huawei.bone.NOTIFY_SPORT_DATA, mPermissionType:0
12-17 19:31:55.831  3626  3770 I LSC_903001010: process buffer and get message
12-17 19:31:55.833  2883  2996 I HwSystemManager: ExtraTrafficSetting:result is empty
12-17 19:31:55.835  1795 16498 I HwActivityManagerService: Split enqueueing broadcast [callerApp]:ProcessRecord{580cfb2 5224:com.huawei.health:DaemonService/u0a99}
12-17 19:31:55.836  2852  2852 I EventCenter: EventCenter Get :android.com.huawei.bone.NOTIFY_SPORT_DATA
12-17 19:31:55.837  5224  5283 I Step_HSNH: 20002302|upDateHealthNotification()|89|2.98|4181
12-17 19:31:55.837  1795  1809 I qti_sensors_hal: read from oem info: data_readback
12-17 19:31:55.837  1795  1809 I qti_sensors_hal: 0xcd, 0xb0, 0x24, 0x3e
12-17 19:31:55.837  1795  1809 I qti_sensors_hal: 0x66, 0xca, 0x3c, 0x3e
12-17 19:31:55.837  1795  1809 I qti_sensors_hal: 0xc0, 0x2a, 0x7c, 0x3f
12-17 19:31:55.837  1795  1809 I qti_sensors_hal: 0x55, 0x0, 0x0, 0x0
12-17 19:31:55.837  1795  1809 I qti_sensors_hal: 0x0, 0x0, 0x0, 0x0
12-17 19:31:55.837  1795  1809 E qti_sensors_hal: read from oem info: data_valid_flag=0x55
12-17 19:31:55.837  1795  1809 E qti_sensors_hal: read from oem info: x_offset=0.160831, y_offset=0.184366, z_offset=0.985027
12-17 19:31:55.837  1795  1809 E qti_sensors_hal: Final value: x_offset=0.160831, y_offset=0.184366, z_offset=0.985027
12-17 19:31:55.837  1795  1809 I qti_sensors_hal: batch:load_acc_oeminf_data x_offset:0.160831 y_offset:0.184366 z_offset:0.985027
12-17 19:31:55.837  1795  1809 I qti_sensors_hal: batch:sensor(android.sensor.accelerometer) sample_rate=14.999925Hz report_rate_f=0.000000Hz curr sample rate:5.000000 cur rpt rate:0 max:400.000000 min:1.000000
12-17 19:31:55.839  5224  5283 I Step_HSNH: 20002302|rebuild notification
12-17 19:31:55.839  1795  1809 I qti_sensors_hal: flush,395,handle 0
12-17 19:31:55.839  1795  1809 I qti_sensors_hal: flush,260 handle 0
12-17 19:31:55.839  1795  1809 I WindowManager: Finished screen turning on...
12-17 19:31:55.840  1795  1825 I PowerManager_screenOn: DisplayPowerController Unblocked screen on after 453 ms
12-17 19:31:55.840  1795  1825 I PowerManager_screenOn: DisplayPowerController updatePowerState mPendingRequestLocked=policy=BRIGHT, useProximitySensor=true, useProximitySensorbyPhone=true, screenBrightness=33, screenAutoBrightnessAdjustment=0.0, brightnessSetByUser=true, useAutoBrightness=true, blockScreenOn=false, lowPowerMode=false, boostScreenBrightness=false, dozeScreenBrightness=-1, dozeScreenState=UNKNOWN, useTwilight=false, useSmartBacklight=true, brightnessWaitMode=false, brightnessWaitRet=true, screenAutoBrightness=-1, userId=0
12-17 19:31:55.840  1795  1825 I PowerManager_screenOn: DisplayPowerStatesetColorFadeLevel: level=1.0
12-17 19:31:55.840  1795  1825 D DisplayPowerController: Animating brightness: target=15, rate=40
12-17 19:31:55.841  1795  2750 I PowerManager_screenOn: DisplayPowerState Updating screen state: state=ON, backlight=588
12-17 19:31:55.841  1795  1825 I PowerManager_screenOn: DisplayPowerController updatePowerState mPendingRequestLocked=policy=BRIGHT, useProximitySensor=true, useProximitySensorbyPhone=true, screenBrightness=33, screenAutoBrightnessAdjustment=0.0, brightnessSetByUser=true, useAutoBrightness=true, blockScreenOn=false, lowPowerMode=false, boostScreenBrightness=false, dozeScreenBrightness=-1, dozeScreenState=UNKNOWN, useTwilight=false, useSmartBacklight=true, brightnessWaitMode=false, brightnessWaitRet=true, screenAutoBrightness=-1, userId=0
12-17 19:31:55.841  1795  2750 I HwLightsService: back light level before map = 588
12-17 19:31:55.841  1795  1825 D DisplayPowerController: Animating brightness: target=15, rate=40
12-17 19:31:55.841  1795  1825 V KeyguardServiceDelegate: onScreenTurnedOn()
12-17 19:31:55.841  1795  1825 I WindowManger_keyguard: onScreenTurnedOn()
12-17 19:31:55.841  1795  1825 D DisplayPowerController: Display ready!
12-17 19:31:55.841  1795  1825 D DisplayPowerController: Finished business...
12-17 19:31:55.842  2852  2867 D KeyguardService: Caller checkPermission fail
12-17 19:31:55.842  2852  2867 D KeyguardService: KGSvcCall onScreenTurnedOn.
12-17 19:31:55.842  2852  2867 D KeyguardViewMediator: notifyScreenTurnedOn
12-17 19:31:55.842  1795  1825 D FpDataCollector: case xxx, not a fingerprint unlock 
12-17 19:31:55.842  1795  1825 D PowerManagerService: ready=true,policy=3,wakefulness=1,wksummary=0x11,uasummary=0x1,bootcompleted=true,boostinprogress=false,waitmodeenable=false,mode=true,manual=33,auto=-1,adj=0.0userId=0
12-17 19:31:55.842  2852  2852 I HwBrightnessController: onChange selfChange:false uri.toString():content://settings/system/screen_auto_brightness mIsObserveAutoBrightnessChange:true
12-17 19:31:55.843  1795  1825 I PowerManager_screenOn: PowerManagerNotifier onWakefulnessChangeFinished mInteractiveChanging=true, mInteractive=true
12-17 19:31:55.843  2852  2925 I EventCenter: ContentChange for slot: 1
12-17 19:31:55.843  1795  1805 I NotificationManager: enqueueNotificationInternal: pkg=com.huawei.health id=10010 notification=Notification(pri=0 contentView=null vibrate=null sound=null defaults=0x0 flags=0x2 color=0x00000000 vis=PRIVATE)
12-17 19:31:55.843  2852  2852 I HwBrightnessUtils: APS brightness=14.0,ConvertToPercentage=0.16687968
12-17 19:31:55.843  2852  2852 I HwBrightnessUtils:  getSeekBarProgress isAutoMode:true current brightness:14 percentage:0.16687968
12-17 19:31:55.843  2852  2852 I HwBrightnessController: updateSlider1 seekBarProgress:1669
12-17 19:31:55.843  2852  2852 I HwBrightnessController: updateSlider2 seekBarProgress:1669
12-17 19:31:55.844  2852  2852 I ToggleSlider:  mSeekListener onProgressChanged progress:1669 fromUser:false
12-17 19:31:55.844  2852  2852 I ToggleSlider:  mSeekListener onProgressChanged progress:1669 fromUser:false
12-17 19:31:55.844  1795  1795 I NotificationManager: enqueueNotificationInternal: n.getKey = 0|com.huawei.health|10010|null|10099
12-17 19:31:55.844  2852  2852 D KeyguardViewMediator: handleNotifyScreenTurnedOn
12-17 19:31:55.844  2852  2852 I PhoneStatusBar: onScreenTurnedOn
12-17 19:31:55.844  2852  2852 D KGWallpaper_Magazine: getNextIndex: 0; from 5 to 5; size: 44
12-17 19:31:55.844  2852  2852 I HwLockScreenReporter: report msg is :{picture: Deepwater-05-2.3.001-bigpicture_05_8.jpg}
12-17 19:31:55.844  2852  2852 W HwLockScreenReporter: report result = falsereport type:162 msg:{picture: Deepwater-05-2.3.001-bigpicture_05_8.jpg, channelId: 05}
12-17 19:31:55.844  2852  2852 I OucScreenOnCounter: Screen already turned on at: 1481974212
12-17 19:31:55.845  1795  1795 V NotificationService: disableEffects=null canInterrupt=false once update: false
12-17 19:31:55.845  7741  7741 D Mms_TX_NOTIFY: Get no-perm notification callback android.intent.action.SCREEN_ON
12-17 19:31:55.846  7741  7741 D Mms_TX_NOTIFY: ScreenState present
12-17 19:31:55.847  2852  2852 I StatusBar: onNotificationPosted: StatusBarNotification(pkg=com.huawei.health user=UserHandle{0} id=10010 tag=null key=0|com.huawei.health|10010|null|10099: Notification(pri=0 contentView=null vibrate=null sound=null defaults=0x0 flags=0x62 color=0x00000000 vis=PRIVATE)) important=2, post=1481974315843, when=1481531589202, vis=0, userid=0
12-17 19:31:55.847  2852  2852 D StatusBar: updateNotification(StatusBarNotification(pkg=com.huawei.health user=UserHandle{0} id=10010 tag=null key=0|com.huawei.health|10010|null|10099: Notification(pri=0 contentView=null vibrate=null sound=null defaults=0x0 flags=0x62 color=0x00000000 vis=PRIVATE)))
12-17 19:31:55.847  2852  2852 D HwCust  : Create obj success use class android.app.HwCustNotificationImpl
12-17 19:31:55.848  2852  2852 I StatusBarIconView: updateTint: tint=0
12-17 19:31:55.848  2852  2852 D StatusBar: No peeking: unimportant notification: 0|com.huawei.health|10010|null|10099
12-17 19:31:55.848  2852  2852 D StatusBar: applyInPlace=true shouldPeek=false alertAgain=true
12-17 19:31:55.848  2852  2852 I NotificationGroupManager: onEntryUpdated:0|com.huawei.health|10010|null|10099
12-17 19:31:55.848  2852  2852 I NotificationGroupManager: onEntryAdded:0|com.huawei.health|10010|null|10099, group=0|com.huawei.health|10010|null|10099
12-17 19:31:55.848  2852  2852 D StatusBar: reusing notification for key: 0|com.huawei.health|10010|null|10099
12-17 19:31:55.849  2852  2852 D HwCust  : Create obj success use class android.app.HwCustNotificationImpl
12-17 19:31:55.849  2852  2852 D HwCust  : Create obj success use class android.app.HwCustNotificationImpl
12-17 19:31:55.849  2852  2852 I StatusBarIconView: updateTint: tint=0
12-17 19:31:55.854  2883  2996 I HwSystemManager: ITrafficInfo:ITrafficInfo create 301updateBytes = 1769320345
12-17 19:31:55.855  3626  3753 I LogCollectService: msg = 103 received
12-17 19:31:55.855  3466  3466 I Contacts: DialpadFragment mBroadcastReceiver action:android.intent.action.SCREEN_ON
12-17 19:31:55.856  2852  2852 I HwPhoneStatusBar: updateNotificationShade
12-17 19:31:55.856  2852  2852 I PhoneStatusBar: updateNotificationShade
12-17 19:31:55.856  2852  2852 I PhoneStatusBar: removeNotificationChildren
12-17 19:31:55.856  2852  2852 I HwNotificationIconAreaController: showNotificationAll
12-17 19:31:55.859  3608  3608 D InCall  : InCallActivity - mScreenOnReceiver mCallEndOptionsDialog = null
12-17 19:31:55.862  1795  2750 D HW_DISPLAY_EFFECT: presently, hw_update_color_temp_for_rg_led interface not achieved.
12-17 19:31:55.864  2852  2852 I NotificationContentView: transferRemoteInputFocus: 0
12-17 19:31:55.865  2852  2852 I NotificationContentView: transferRemoteInputFocus: 0
12-17 19:31:55.866  2852  2852 I StackScrollAlgorithm: updateClipping isOverlap:false
12-17 19:31:55.866  2852  2852 I StackScrollAlgorithm: updateDimmedActivatedHideSensitive overlap:false
12-17 19:31:55.873 16628 16628 I TotemWeather: RetryTaskController:mTaskList is null
12-17 19:31:55.876  1795 15988 D StubTelephonyRegistry: uid:10028 pid:16628 PhoneStateListener.LISTEN_CELL_LOCATION:16 events:16
12-17 19:31:55.876  1795 15988 D StubTelephonyRegistry: LISTEN_CELL_LOCATION uid:10028
12-17 19:31:55.881 31949 31967 I PushService: main{1} PushService.onStartCommand(PushService.java:87) Push Service Start by  userEvent
