12-17 19:33:11.030  5215  5215 D wpa_supplicant: Beacon IEs - hexdump(len=193): 00 0e 77 6c 61 6e 61 63 63 65 73 73 76 32 2e 30 01 08 82 84 0b 16 0c 12 18 24 03 01 09 05 04 00 ...
12-17 19:33:11.030  5215  5215 D wpa_supplicant: 80:38:bc:0a:ef:c1 freq=2412 qual=0 noise=-89~ level=-78 snr=11 flags=0xb age=0 est=36000
12-17 19:33:11.030  5215  5215 D wpa_supplicant: IEs - hexdump(len=194): 00 0f 48 75 61 77 65 69 2d 45 6d 70 6c 6f 79 65 65 01 08 82 84 0b 16 0c 12 18 24 03 01 01 05 04 ...
12-17 19:33:11.030  5215  5215 D wpa_supplicant: Beacon IEs - hexdump(len=194): 00 0f 48 75 61 77 65 69 2d 45 6d 70 6c 6f 79 65 65 01 08 82 84 0b 16 0c 12 18 24 03 01 01 05 04 ...
12-17 19:33:11.031  5215  5215 D wpa_supplicant: 80:38:bc:0b:29:60 freq=2412 qual=0 noise=-89~ level=-78 snr=11 flags=0xb age=0 est=36000
12-17 19:33:11.031  5215  5215 D wpa_supplicant: IEs - hexdump(len=193): 00 0e 77 6c 61 6e 61 63 63 65 73 73 76 32 2e 30 01 08 82 84 0b 16 0c 12 18 24 03 01 01 05 04 00 ...
12-17 19:33:11.031  5215  5215 D wpa_supplicant: Beacon IEs - hexdump(len=193): 00 0e 77 6c 61 6e 61 63 63 65 73 73 76 32 2e 30 01 08 82 84 0b 16 0c 12 18 24 03 01 01 05 04 00 ...
12-17 19:33:11.031  5215  5215 D wpa_supplicant: 80:38:bc:0b:14:40 freq=2472 qual=0 noise=-89~ level=-79 snr=10 flags=0xb age=0 est=24000
12-17 19:33:11.031  5215  5215 D wpa_supplicant: IEs - hexdump(len=193): 00 0e 77 6c 61 6e 61 63 63 65 73 73 76 32 2e 30 01 08 82 84 0b 16 0c 12 18 24 03 01 0d 05 04 00 ...
12-17 19:33:11.031  5215  5215 D wpa_supplicant: Beacon IEs - hexdump(len=193): 00 0e 77 6c 61 6e 61 63 63 65 73 73 76 32 2e 30 01 08 82 84 0b 16 0c 12 18 24 03 01 0d 05 04 00 ...
12-17 19:33:11.031  5215  5215 D wpa_supplicant: 80:38:bc:08:43:00 freq=2472 qual=0 noise=-89~ level=-80 snr=9 flags=0xb age=0 est=19500
12-17 19:33:11.031  5215  5215 D wpa_supplicant: IEs - hexdump(len=193): 00 0e 77 6c 61 6e 61 63 63 65 73 73 76 32 2e 30 01 08 82 84 0b 16 0c 12 18 24 03 01 0d 05 04 00 ...
12-17 19:33:11.031  5215  5215 D wpa_supplicant: Beacon IEs - hexdump(len=193): 00 0e 77 6c 61 6e 61 63 63 65 73 73 76 32 2e 30 01 08 82 84 0b 16 0c 12 18 24 03 01 0d 05 04 00 ...
12-17 19:33:11.031  5215  5215 D wpa_supplicant: 80:38:bc:0a:f9:21 freq=2472 qual=0 noise=-89~ level=-82 snr=7 flags=0xb age=0 est=18000
12-17 19:33:11.031  5215  5215 D wpa_supplicant: IEs - hexdump(len=194): 00 0f 48 75 61 77 65 69 2d 45 6d 70 6c 6f 79 65 65 01 08 82 84 0b 16 0c 12 18 24 03 01 0d 05 04 ...
12-17 19:33:11.031  5215  5215 D wpa_supplicant: Beacon IEs - hexdump(len=194): 00 0f 48 75 61 77 65 69 2d 45 6d 70 6c 6f 79 65 65 01 08 82 84 0b 16 0c 12 18 24 03 01 0d 05 04 ...
12-17 19:33:11.031  5215  5215 D wpa_supplicant: 80:38:bc:0b:36:e1 freq=2452 qual=0 noise=-89~ level=-82 snr=7 flags=0xb age=0 est=18000
12-17 19:33:11.031  5215  5215 D wpa_supplicant: IEs - hexdump(len=194): 00 0f 48 75 61 77 65 69 2d 45 6d 70 6c 6f 79 65 65 01 08 82 84 0b 16 0c 12 18 24 03 01 09 05 04 ...
12-17 19:33:11.031  5215  5215 D wpa_supplicant: Beacon IEs - hexdump(len=194): 00 0f 48 75 61 77 65 69 2d 45 6d 70 6c 6f 79 65 65 01 08 82 84 0b 16 0c 12 18 24 03 01 09 05 04 ...
12-17 19:33:11.031  5215  5215 D wpa_supplicant: 80:38:bc:0b:1d:81 freq=2472 qual=0 noise=-89~ level=-83 snr=6 flags=0xb age=0 est=13000
12-17 19:33:11.031  5215  5215 D wpa_supplicant: IEs - hexdump(len=194): 00 0f 48 75 61 77 65 69 2d 45 6d 70 6c 6f 79 65 65 01 08 82 84 0b 16 0c 12 18 24 03 01 0d 05 04 ...
12-17 19:33:11.031  5215  5215 D wpa_supplicant: Beacon IEs - hexdump(len=194): 00 0f 48 75 61 77 65 69 2d 45 6d 70 6c 6f 79 65 65 01 08 82 84 0b 16 0c 12 18 24 03 01 0d 05 04 ...
12-17 19:33:11.031  5215  5215 D wpa_supplicant: 80:38:bc:0b:22:a0 freq=2452 qual=0 noise=-89~ level=-85 snr=4 flags=0xb age=0 est=6500
12-17 19:33:11.031  5215  5215 D wpa_supplicant: IEs - hexdump(len=193): 00 0e 77 6c 61 6e 61 63 63 65 73 73 76 32 2e 30 01 08 82 84 0b 16 0c 12 18 24 03 01 09 05 04 00 ...
12-17 19:33:11.031  5215  5215 D wpa_supplicant: Beacon IEs - hexdump(len=193): 00 0e 77 6c 61 6e 61 63 63 65 73 73 76 32 2e 30 01 08 82 84 0b 16 0c 12 18 24 03 01 09 05 04 00 ...
12-17 19:33:11.031  5215  5215 D wpa_supplicant: 80:38:bc:0b:34:a1 freq=2472 qual=0 noise=-89~ level=-86 snr=3 flags=0xb age=0 est=6500
12-17 19:33:11.031  5215  5215 D wpa_supplicant: IEs - hexdump(len=194): 00 0f 48 75 61 77 65 69 2d 45 6d 70 6c 6f 79 65 65 01 08 82 84 0b 16 0c 12 18 24 03 01 0d 05 04 ...
12-17 19:33:11.031  5215  5215 D wpa_supplicant: Beacon IEs - hexdump(len=194): 00 0f 48 75 61 77 65 69 2d 45 6d 70 6c 6f 79 65 65 01 08 82 84 0b 16 0c 12 18 24 03 01 0d 05 04 ...
12-17 19:33:11.031  5215  5215 D wpa_supplicant: 80:38:bc:0b:04:40 freq=2472 qual=0 noise=-89~ level=-86 snr=3 flags=0xb age=0 est=6500
12-17 19:33:11.031  5215  5215 D wpa_supplicant: IEs - hexdump(len=193): 00 0e 77 6c 61 6e 61 63 63 65 73 73 76 32 2e 30 01 08 82 84 0b 16 0c 12 18 24 03 01 0d 05 04 00 ...
12-17 19:33:11.031  5215  5215 D wpa_supplicant: Beacon IEs - hexdump(len=193): 00 0e 77 6c 61 6e 61 63 63 65 73 73 76 32 2e 30 01 08 82 84 0b 16 0c 12 18 24 03 01 0d 05 04 00 ...
12-17 19:33:11.031  5215  5215 D wpa_supplicant: 80:38:bc:0a:ef:61 freq=2472 qual=0 noise=-89~ level=-86 snr=3 flags=0xb age=0 est=6500
12-17 19:33:11.031  5215  5215 D wpa_supplicant: IEs - hexdump(len=194): 00 0f 48 75 61 77 65 69 2d 45 6d 70 6c 6f 79 65 65 01 08 82 84 0b 16 0c 12 18 24 03 01 0d 05 04 ...
12-17 19:33:11.031  5215  5215 D wpa_supplicant: Beacon IEs - hexdump(len=194): 00 0f 48 75 61 77 65 69 2d 45 6d 70 6c 6f 79 65 65 01 08 82 84 0b 16 0c 12 18 24 03 01 0d 05 04 ...
12-17 19:33:11.031  5215  5215 D wpa_supplicant: 80:38:bc:0b:22:a1 freq=2452 qual=0 noise=-89~ level=-86 snr=3 flags=0xb age=0 est=6500
12-17 19:33:11.031  5215  5215 D wpa_supplicant: IEs - hexdump(len=194): 00 0f 48 75 61 77 65 69 2d 45 6d 70 6c 6f 79 65 65 01 08 82 84 0b 16 0c 12 18 24 03 01 09 05 04 ...
12-17 19:33:11.031  5215  5215 D wpa_supplicant: Beacon IEs - hexdump(len=194): 00 0f 48 75 61 77 65 69 2d 45 6d 70 6c 6f 79 65 65 01 08 82 84 0b 16 0c 12 18 24 03 01 09 05 04 ...
12-17 19:33:11.031  5215  5215 D wpa_supplicant: 80:38:bc:0a:f9:60 freq=2472 qual=0 noise=-89~ level=-86 snr=3 flags=0xb age=0 est=6500
12-17 19:33:11.031  5215  5215 D wpa_supplicant: IEs - hexdump(len=193): 00 0e 77 6c 61 6e 61 63 63 65 73 73 76 32 2e 30 01 08 82 84 0b 16 0c 12 18 24 03 01 0d 05 04 00 ...
12-17 19:33:11.031  5215  5215 D wpa_supplicant: Beacon IEs - hexdump(len=193): 00 0e 77 6c 61 6e 61 63 63 65 73 73 76 32 2e 30 01 08 82 84 0b 16 0c 12 18 24 03 01 0d 05 04 00 ...
12-17 19:33:11.031  5215  5215 D wpa_supplicant: 80:38:bc:0a:f9:41 freq=2452 qual=0 noise=-89~ level=-87 snr=2 flags=0xb age=0 est=6500
12-17 19:33:11.031  5215  5215 D wpa_supplicant: IEs - hexdump(len=194): 00 0f 48 75 61 77 65 69 2d 45 6d 70 6c 6f 79 65 65 01 08 82 84 0b 16 0c 12 18 24 03 01 09 05 04 ...
12-17 19:33:11.031  5215  5215 D wpa_supplicant: Beacon IEs - hexdump(len=194): 00 0f 48 75 61 77 65 69 2d 45 6d 70 6c 6f 79 65 65 01 08 82 84 0b 16 0c 12 18 24 03 01 09 05 04 ...
12-17 19:33:11.031  5215  5215 D wpa_supplicant: 80:38:bc:0b:36:a1 freq=2472 qual=0 noise=-89~ level=-89 snr=0 flags=0xb age=0 est=6500
12-17 19:33:11.032  5215  5215 D wpa_supplicant: IEs - hexdump(len=194): 00 0f 48 75 61 77 65 69 2d 45 6d 70 6c 6f 79 65 65 01 08 82 84 0b 16 0c 12 18 24 03 01 0d 05 04 ...
12-17 19:33:11.032  5215  5215 D wpa_supplicant: Beacon IEs - hexdump(len=194): 00 0f 48 75 61 77 65 69 2d 45 6d 70 6c 6f 79 65 65 01 08 82 84 0b 16 0c 12 18 24 03 01 0d 05 04 ...
12-17 19:33:11.032  5215  5215 D wpa_supplicant: 80:38:bc:0a:f0:20 freq=2472 qual=0 noise=-89~ level=-90 snr=-1 flags=0xb age=0 est=6500
12-17 19:33:11.032  5215  5215 D wpa_supplicant: IEs - hexdump(len=193): 00 0e 77 6c 61 6e 61 63 63 65 73 73 76 32 2e 30 01 08 82 84 0b 16 0c 12 18 24 03 01 0d 05 04 00 ...
12-17 19:33:11.032  5215  5215 D wpa_supplicant: Beacon IEs - hexdump(len=193): 00 0e 77 6c 61 6e 61 63 63 65 73 73 76 32 2e 30 01 08 82 84 0b 16 0c 12 18 24 03 01 0d 05 04 00 ...
12-17 19:33:11.032  5215  5215 D wpa_supplicant: 80:38:bc:0b:14:80 freq=2452 qual=0 noise=-89~ level=-91 snr=-2 flags=0xb age=0 est=6500
12-17 19:33:11.032  5215  5215 D wpa_supplicant: IEs - hexdump(len=193): 00 0e 77 6c 61 6e 61 63 63 65 73 73 76 32 2e 30 01 08 82 84 0b 16 0c 12 18 24 03 01 09 05 04 00 ...
12-17 19:33:11.032  5215  5215 D wpa_supplicant: Beacon IEs - hexdump(len=193): 00 0e 77 6c 61 6e 61 63 63 65 73 73 76 32 2e 30 01 08 82 84 0b 16 0c 12 18 24 03 01 09 05 04 00 ...
12-17 19:33:11.032  5215  5215 D wpa_supplicant: 80:38:bc:0a:f1:e0 freq=2472 qual=0 noise=-89~ level=-92 snr=-3 flags=0xb age=0 est=6500
12-17 19:33:11.032  5215  5215 D wpa_supplicant: IEs - hexdump(len=193): 00 0e 77 6c 61 6e 61 63 63 65 73 73 76 32 2e 30 01 08 82 84 0b 16 0c 12 18 24 03 01 0d 05 04 00 ...
12-17 19:33:11.032  5215  5215 D wpa_supplicant: Beacon IEs - hexdump(len=193): 00 0e 77 6c 61 6e 61 63 63 65 73 73 76 32 2e 30 01 08 82 84 0b 16 0c 12 18 24 03 01 0d 05 04 00 ...
12-17 19:33:11.032  5215  5215 D wpa_supplicant: 80:38:bc:0a:ef:21 freq=2412 qual=0 noise=-89~ level=-92 snr=-3 flags=0xb age=0 est=6500
12-17 19:33:11.032  5215  5215 D wpa_supplicant: IEs - hexdump(len=194): 00 0f 48 75 61 77 65 69 2d 45 6d 70 6c 6f 79 65 65 01 08 82 84 0b 16 0c 12 18 24 03 01 01 05 04 ...
12-17 19:33:11.032  5215  5215 D wpa_supplicant: Beacon IEs - hexdump(len=194): 00 0f 48 75 61 77 65 69 2d 45 6d 70 6c 6f 79 65 65 01 08 82 84 0b 16 0c 12 18 24 03 01 01 05 04 ...
12-17 19:33:11.032  5215  5215 D wpa_supplicant: 18:c5:8a:1a:4d:21 freq=2472 qual=0 noise=-89~ level=-93 snr=-4 flags=0xb age=0 est=6500
12-17 19:33:11.032  5215  5215 D wpa_supplicant: IEs - hexdump(len=194): 00 0f 48 75 61 77 65 69 2d 45 6d 70 6c 6f 79 65 65 01 08 82 84 0b 16 0c 12 18 24 03 01 0d 05 04 ...
12-17 19:33:11.032  5215  5215 D wpa_supplicant: Beacon IEs - hexdump(len=194): 00 0f 48 75 61 77 65 69 2d 45 6d 70 6c 6f 79 65 65 01 08 82 84 0b 16 0c 12 18 24 03 01 0d 05 04 ...
12-17 19:33:11.032  5215  5215 D wpa_supplicant: 80:38:bc:0a:fe:e0 freq=2412 qual=0 noise=-89~ level=-94 snr=-5 flags=0xb age=0 est=6500
12-17 19:33:11.032  5215  5215 D wpa_supplicant: IEs - hexdump(len=193): 00 0e 77 6c 61 6e 61 63 63 65 73 73 76 32 2e 30 01 08 82 84 0b 16 0c 12 18 24 03 01 01 05 04 00 ...
12-17 19:33:11.032  5215  5215 D wpa_supplicant: Beacon IEs - hexdump(len=193): 00 0e 77 6c 61 6e 61 63 63 65 73 73 76 32 2e 30 01 08 82 84 0b 16 0c 12 18 24 03 01 01 05 04 00 ...
12-17 19:33:11.032  5215  5215 D wpa_supplicant: 80:38:bc:0a:f0:c1 freq=2452 qual=0 noise=-89~ level=-95 snr=-6 flags=0xb age=0 est=6500
12-17 19:33:11.032  5215  5215 D wpa_supplicant: IEs - hexdump(len=194): 00 0f 48 75 61 77 65 69 2d 45 6d 70 6c 6f 79 65 65 01 08 82 84 0b 16 0c 12 18 24 03 01 09 05 04 ...
12-17 19:33:11.032  5215  5215 D wpa_supplicant: Beacon IEs - hexdump(len=194): 00 0f 48 75 61 77 65 69 2d 45 6d 70 6c 6f 79 65 65 01 08 82 84 0b 16 0c 12 18 24 03 01 09 05 04 ...
12-17 19:33:11.032  5215  5215 D wpa_supplicant: wlan0: BSS: Start scan result update 110
12-17 19:33:11.032  5215  5215 D wpa_supplicant: wlan0: BSS: Add new id 500 BSSID 80:38:bc:08:42:c0 SSID 'wlanaccessv2.0' freq 2452
12-17 19:33:11.032  5215  5215 D wpa_supplicant: CTRL-DEBUG: ctrl_sock-sendmsg: sock=16 sndbuf=229376 outq=0 send_len=42
12-17 19:33:11.032  5215  5215 D wpa_supplicant: CTRL_IFACE monitor sent successfully to /data/misc/wifi/sockets/wpa_ctrl_1795-194\x00
12-17 19:33:11.032  5215  5215 D wpa_supplicant: wlan0: BSS: Add new id 501 BSSID 80:38:bc:0a:ef:41 SSID 'Huawei-Employee' freq 2452
12-17 19:33:11.032  5215  5215 D wpa_supplicant: CTRL-DEBUG: ctrl_sock-sendmsg: sock=16 sndbuf=229376 outq=0 send_len=42
12-17 19:33:11.032  5215  5215 D wpa_supplicant: CTRL_IFACE monitor sent successfully to /data/misc/wifi/sockets/wpa_ctrl_1795-194\x00
12-17 19:33:11.032  5215  5215 D wpa_supplicant: wlan0: BSS: Add new id 502 BSSID 80:38:bc:0a:ef:c1 SSID 'Huawei-Employee' freq 2412
12-17 19:33:11.033  5215  5215 D wpa_supplicant: CTRL-DEBUG: ctrl_sock-sendmsg: sock=16 sndbuf=229376 outq=768 send_len=42
12-17 19:33:11.033  5215  5215 D wpa_supplicant: CTRL_IFACE monitor sent successfully to /data/misc/wifi/sockets/wpa_ctrl_1795-194\x00
12-17 19:33:11.033  5215  5215 D wpa_supplicant: wlan0: BSS: Add new id 503 BSSID 80:38:bc:08:43:00 SSID 'wlanaccessv2.0' freq 2472
12-17 19:33:11.033  5215  5215 D wpa_supplicant: CTRL-DEBUG: ctrl_sock-sendmsg: sock=16 sndbuf=229376 outq=1536 send_len=42
12-17 19:33:11.033  5215  5215 D wpa_supplicant: CTRL_IFACE monitor sent successfully to /data/misc/wifi/sockets/wpa_ctrl_1795-194\x00
12-17 19:33:11.033  5215  5215 D wpa_supplicant: wlan0: BSS: Add new id 504 BSSID 80:38:bc:0b:34:a1 SSID 'Huawei-Employee' freq 2472
12-17 19:33:11.033  1795  5219 D WifiMonitor: Dispatching event to interface: wlan0
12-17 19:33:11.033  5215  5215 D wpa_supplicant: CTRL-DEBUG: ctrl_sock-sendmsg: sock=16 sndbuf=229376 outq=2304 send_len=42
12-17 19:33:11.033  5215  5215 D wpa_supplicant: CTRL_IFACE monitor sent successfully to /data/misc/wifi/sockets/wpa_ctrl_1795-194\x00
12-17 19:33:11.033  5215  5215 D wpa_supplicant: wlan0: BSS: Add new id 505 BSSID 80:38:bc:0b:22:a1 SSID 'Huawei-Employee' freq 2452
12-17 19:33:11.033  5215  5215 D wpa_supplicant: CTRL-DEBUG: ctrl_sock-sendmsg: sock=16 sndbuf=229376 outq=2304 send_len=42
12-17 19:33:11.033  5215  5215 D wpa_supplicant: CTRL_IFACE monitor sent successfully to /data/misc/wifi/sockets/wpa_ctrl_1795-194\x00
12-17 19:33:11.033  1795  5219 D WifiMonitor: Dispatching event to interface: wlan0
12-17 19:33:11.033  5215  5215 D wpa_supplicant: wlan0: BSS: Add new id 506 BSSID 80:38:bc:0a:f9:60 SSID 'wlanaccessv2.0' freq 2472
12-17 19:33:11.033  1795  5219 D WifiMonitor: Dispatching event to interface: wlan0
12-17 19:33:11.033  5215  5215 D wpa_supplicant: CTRL-DEBUG: ctrl_sock-sendmsg: sock=16 sndbuf=229376 outq=2304 send_len=42
12-17 19:33:11.033  1795  5219 D WifiMonitor: Dispatching event to interface: wlan0
12-17 19:33:11.033  5215  5215 D wpa_supplicant: CTRL_IFACE monitor sent successfully to /data/misc/wifi/sockets/wpa_ctrl_1795-194\x00
12-17 19:33:11.033  1795  5219 D WifiMonitor: Dispatching event to interface: wlan0
12-17 19:33:11.033  5215  5215 D wpa_supplicant: wlan0: BSS: Add new id 507 BSSID 80:38:bc:0a:f9:41 SSID 'Huawei-Employee' freq 2452
12-17 19:33:11.033  1795  5219 D WifiMonitor: Dispatching event to interface: wlan0
12-17 19:33:11.033  5215  5215 D wpa_supplicant: CTRL-DEBUG: ctrl_sock-sendmsg: sock=16 sndbuf=229376 outq=768 send_len=42
12-17 19:33:11.033  5215  5215 D wpa_supplicant: CTRL_IFACE monitor sent successfully to /data/misc/wifi/sockets/wpa_ctrl_1795-194\x00
12-17 19:33:11.033  1795  5219 D WifiMonitor: Dispatching event to interface: wlan0
12-17 19:33:11.033  5215  5215 D wpa_supplicant: wlan0: BSS: Add new id 508 BSSID 80:38:bc:0a:ef:21 SSID 'Huawei-Employee' freq 2412
