12-17 19:31:57.808  1795  2671 D PowerManagerService: ready=false,policy=3,wakefulness=1,wksummary=0x10,uasummary=0x1,bootcompleted=true,boostinprogress=false,waitmodeenable=false,mode=true,manual=33,auto=-1,adj=0.0userId=0
12-17 19:31:57.808  2852  2852 I PhoneStatusBar: setSystemUiVisibility vis=c0000300 mask=ffffffff oldVal=80000300 newVal=c0000300 diff=40000000
12-17 19:31:57.808  1795  2671 D PowerManagerService: Releasing suspend blocker "PowerManagerService.WakeLocks".
12-17 19:31:57.808  2852  2852 I BarTransitions.HwPhoneStatusBarView: transitionTo: mode=MODE_TRANSLUCENT, animate=false
12-17 19:31:57.808  2852  2852 D BarTransitions.HwPhoneStatusBarView: MODE_OPAQUE -> MODE_TRANSLUCENT animate=false
12-17 19:31:57.808  2852  2852 D BarTransitions.HwPhoneStatusBarView: applyModeBackground oldMode=MODE_OPAQUE newMode=MODE_TRANSLUCENT animate=false
12-17 19:31:57.809  2852  2852 I BarTransitions.HwNavigationBarView: transitionTo: mode=MODE_TRANSLUCENT, animate=false
12-17 19:31:57.809  2852  2852 I HwNavigationBarTransitions: transitionTo:mode=2, isEmuiStyle=false
12-17 19:31:57.809  2852  2852 I PhoneStatusBar: cancelAutohide
12-17 19:31:57.809  2852  2852 I PhoneStatusBar: notifyUiVisibilityChanged:vis=0xc0000300, SystemUiVisibility=0xc0000300
12-17 19:31:57.809  2852  2852 I PhoneStatusBar: setSystemUiVisibility vis=c0000600 mask=ffffffff oldVal=c0000300 newVal=c0000600 diff=500
12-17 19:31:57.809  2852  2852 I PhoneStatusBar: notifyUiVisibilityChanged:vis=0xc0000600, SystemUiVisibility=0xc0000600
12-17 19:31:57.809  2852  2852 V KeyguardUpdateMonitor: FingerStat Visible: false; Interactive: true; Switching: false; Bouncer:false; GoingToSleep: false Occluded: false; dreaming: false; Authenticated: false
12-17 19:31:57.809  2852  2852 V KeyguardUpdateMonitor: KGSvcFp stopListeningForFingerprint(). 1
12-17 19:31:57.810  1795 16232 I Security_fingerprint: FingerprintService cancelAuthentication
12-17 19:31:57.810  1795  2326 V FingerprintService: stop client com.android.systemui
12-17 19:31:57.810  2852  2852 W KeyguardUpdateMonitor: Fingerprint RunningStateChanged. 2
12-17 19:31:57.810   835   835 I fingerprintd: FingerprintDaemonProxyEx::onTransact, code:2
12-17 19:31:57.810   835   835 V fingerprintd: stopAuthentication()
12-17 19:31:57.810   835   835 D fpc_fingerprint_hal: fpc_cancel
12-17 19:31:57.811   835  2385 D fpc_fingerprint_hal: fpc poll irq interupt
12-17 19:31:57.811   835  2385 D fpc_fingerprint_hal: wait_finger_down, took 22 ms
12-17 19:31:57.811   835  2385 E fpc_fingerprint_hal: capture_image failed -4
12-17 19:31:57.811   835  2385 E libteec : begin
12-17 19:31:57.811   606  2379 E libteec : receive data len = 128
12-17 19:31:57.812  2852  2852 D TimeKeeper: getTimeTickInfo:[mMillisUntilFinished:0, mHour:0, mMinute:0, mSecond:0]
12-17 19:31:57.812  2852  2852 E KeyguardUpdateMonitor: isSimPinSecure mSimDatas is null or empty 
12-17 19:31:57.812  2852  2852 E KeyguardUpdateMonitor: isSimPinSecure mSimDatas is null or empty 
12-17 19:31:57.812  2852  2852 W HwLockScreenPanel: createLockScreenView when reset
12-17 19:31:57.812  2852  2852 I HwLockScreenPanel: loadMagazine
12-17 19:31:57.814  2852  2852 V KeyguardStatusView: Enable transport text marquee
12-17 19:31:57.814  1795  1825 I WindowManger_keyguard: Setting mDismissKeyguard true by win Window{e6a6b5e u0 com.android.incallui/com.android.incallui.InCallActivity}
12-17 19:31:57.815   606  2379 E libteec : QSEECom_send_cmd return!
12-17 19:31:57.815   606  2379 E libteec : qsc_send_cmd finish
12-17 19:31:57.815   606  2379 E libteec : send data return = 128
12-17 19:31:57.815   835  2385 E libteec : receive data len = 128
12-17 19:31:57.815   835  2385 E libteec : begin
12-17 19:31:57.815   835  2385 E libteec : qsc_decode end
12-17 19:31:57.815   835  2385 E fpc_fingerprint_hal: do_identify failed -4
12-17 19:31:57.815   835  2385 D fingerprintd: onError(5)
12-17 19:31:57.815   835  2385 I fpc_fingerprint_hal: do_identify operation CANCELED
12-17 19:31:57.815  1795 17832 W FingerprintService: onError 1
12-17 19:31:57.815   835  2385 D fpc_fingerprint_hal: do_identify took 26 ms, total:48 wait:22
12-17 19:31:57.815   835  2385 E libteec : begin
12-17 19:31:57.816   606  2379 E libteec : receive data len = 128
12-17 19:31:57.819  2852  2852 W HwLockScreenPanel: Handle message: 14
12-17 19:31:57.820  2852  2852 W KeyguardUpdateMonitor: onAuthenticationAcquired Fingerprint should stoped.2
12-17 19:31:57.821  2852  2852 I NotificationContentView: transferRemoteInputFocus: 0
12-17 19:31:57.821  2852  2852 I NotificationContentView: transferRemoteInputFocus: 0
12-17 19:31:57.822  2852  2852 I StackScrollAlgorithm: overlapAmount:763.6, previousNotificationEnd:607.0, newYTranslation:-156.59998, location:2, i:1, getTopPadding:499.0, getLocationOnScreen():-36
12-17 19:31:57.822  2852  2852 I StackScrollAlgorithm: updateClipping isOverlap:true
12-17 19:31:57.822  2852  2852 I StackScrollAlgorithm: updateDimmedActivatedHideSensitive overlap:true
12-17 19:31:57.824  2852  2852 W DisabledFeatureUtils: Dis-Feature : 0
12-17 19:31:57.825  2852  2852 W DisabledFeatureUtils: Dis-Feature : 0
12-17 19:31:57.825   606  2379 E libteec : QSEECom_send_cmd return!
12-17 19:31:57.825   606  2379 E libteec : qsc_send_cmd finish
12-17 19:31:57.825   606  2379 E libteec : send data return = 128
12-17 19:31:57.826   835  2385 E libteec : receive data len = 128
12-17 19:31:57.826   835  2385 E libteec : begin
12-17 19:31:57.826   835  2385 E libteec : qsc_decode end
12-17 19:31:57.826   835  2385 D fpc_fingerprint_hal: worker idle
12-17 19:31:57.826   835  2385 D fpc_fingerprint_hal: workerFunction STATE_CANCEL
12-17 19:31:57.826   835  2385 E libteec : begin
12-17 19:31:57.826   606  2379 E libteec : receive data len = 128
12-17 19:31:57.826  1795  2326 W FingerprintService: client com.android.systemui is no longer authenticating
12-17 19:31:57.826  1795  2326 W FingerprintService: onError 2
12-17 19:31:57.826  1795  2326 V FingerprintService: ClientMonitor destroy
12-17 19:31:57.826  1795  2326 V FingerprintService: Done with client: com.android.systemui
12-17 19:31:57.826  1795  2326 V FingerprintService: handleError(client=com.android.systemui, error = 5)
12-17 19:31:57.829  2852  2852 V KeyguardUpdateMonitor: KGSvcFp onAuthenticationError.5
12-17 19:31:57.829  2852  2852 W KeyguardUpdateMonitor: Fingerprint RunningStateChanged. 10
12-17 19:31:57.829  2852  2852 W StatusBarWindowManager: Apply window Height 72
12-17 19:31:57.829  2852  2852 I StatusBarWindowManager: apply skiped :0
12-17 19:31:57.829  1795  1825 I WindowManger_keyguard: Setting mDismissKeyguard true by win Window{e6a6b5e u0 com.android.incallui/com.android.incallui.InCallActivity}
12-17 19:31:57.838   606  2379 E libteec : QSEECom_send_cmd return!
12-17 19:31:57.838   606  2379 E libteec : qsc_send_cmd finish
12-17 19:31:57.838   606  2379 E libteec : send data return = 128
12-17 19:31:57.838   835  2385 E libteec : receive data len = 128
12-17 19:31:57.838   835  2385 E libteec : begin
12-17 19:31:57.838   835  2385 E libteec : qsc_decode end
12-17 19:31:57.838   835  2385 D fpc_fingerprint_hal: workerFunction STATE_NAVIGATION
12-17 19:31:57.838   835  2385 E libteec : begin
12-17 19:31:57.838   606  2379 E libteec : receive data len = 128
12-17 19:31:57.844  1795  1825 V HwPhoneWindowManager: updateSystemUiColorLw window=Window{e6a6b5e u0 com.android.incallui/com.android.incallui.InCallActivity},EmuiStyle=1,StatusBarColor=0x0,NavigationBarColor=0x0, mLastIsEmuiLightStyle=1
12-17 19:31:57.846  1795  1825 I WindowManger_keyguard: Setting mDismissKeyguard true by win Window{e6a6b5e u0 com.android.incallui/com.android.incallui.InCallActivity}
12-17 19:31:57.850   606  2379 E libteec : QSEECom_send_cmd return!
12-17 19:31:57.850   606  2379 E libteec : qsc_send_cmd finish
12-17 19:31:57.850   606  2379 E libteec : send data return = 128
12-17 19:31:57.850   835  2385 E libteec : receive data len = 128
12-17 19:31:57.850   835  2385 E libteec : begin
12-17 19:31:57.850   835  2385 E libteec : qsc_decode end
12-17 19:31:57.862  1795  1825 I ActivityManager_activity: completedResumed: ActivityRecord{b46dc67 u0 com.android.incallui/.InCallActivity t310}, launchTrack: outofsleep resumeTopComplete
12-17 19:31:57.864  1795  1825 I WindowManger_keyguard: Screen turned on for keyguard
12-17 19:31:57.864  1795  1825 I PowerManager_screenOn: KeyguardServiceDelegate  onScreenTurnedOn(showListener = com.android.server.policy.PhoneWindowManager$3@bf53b21)
12-17 19:31:57.864  1795  3249 I HwActivityManagerService: Split enqueueing broadcast [callerApp]:ProcessRecord{ec55919 3608:com.android.incallui/1001}
12-17 19:31:57.865  2852  2867 D KeyguardService: Caller checkPermission fail
12-17 19:31:57.865  2852  2867 D KeyguardService: KGSvcCall onScreenTurningOn.
12-17 19:31:57.865  2852  2867 D KeyguardViewMediator: notifyScreenOn
12-17 19:31:57.865  2852  2852 D KeyguardViewMediator: handleNotifyScreenTurningOn
12-17 19:31:57.865  2852  2852 I PhoneStatusBar: onScreenTurningOn
