12-17 19:35:56.337  5215  5215 E wpa_supplicant: bssid=80:38:bc:0a:fa:e1;freq=2412;level=-82;flags=11;ssid=Huawei-Employee;
12-17 19:35:56.337  5215  5215 D wpa_supplicant: CTRL-DEBUG: global_ctrl_sock-sendto: sock=16 sndbuf=229376 outq=0 send_len=4022
12-17 19:35:56.338  5215  5215 D wpa_supplicant: wlan0: Control interface command 'BSS RANGE=520- MASK=0x3029d87'
12-17 19:35:56.339  5215  5215 E wpa_supplicant: bssid=80:38:bc:0b:37:21;freq=2412;level=-92;flags=11;ssid=Huawei-Employee;
12-17 19:35:56.339  5215  5215 E wpa_supplicant: bssid=80:38:bc:0a:f9:81;freq=2412;level=-93;flags=11;ssid=Huawei-Employee;
12-17 19:35:56.339  5215  5215 E wpa_supplicant: bssid=80:38:bc:0a:f1:40;freq=2412;level=-68;flags=11;ssid=wlanaccessv2.0;
12-17 19:35:56.340  5215  5215 E wpa_supplicant: bssid=80:38:bc:0a:f0:60;freq=2432;level=-77;flags=11;ssid=wlanaccessv2.0;
12-17 19:35:56.340  5215  5215 E wpa_supplicant: bssid=80:38:bc:0a:f9:40;freq=2452;level=-83;flags=11;ssid=wlanaccessv2.0;
12-17 19:35:56.340  5215  5215 E wpa_supplicant: bssid=80:38:bc:0a:f1:a1;freq=2412;level=-88;flags=11;ssid=Huawei-Employee;
12-17 19:35:56.340  5215  5215 E wpa_supplicant: bssid=80:38:bc:08:39:c0;freq=2412;level=-94;flags=11;ssid=wlanaccessv2.0;
12-17 19:35:56.341  5215  5215 D wpa_supplicant: CTRL-DEBUG: global_ctrl_sock-sendto: sock=16 sndbuf=229376 outq=0 send_len=3670
12-17 19:35:56.342  5215  5215 D wpa_supplicant: wlan0: Control interface command 'BSS RANGE=520- MASK=0x3029d87'
12-17 19:35:56.342  5215  5215 E wpa_supplicant: bssid=80:38:bc:0b:37:21;freq=2412;level=-92;flags=11;ssid=Huawei-Employee;
12-17 19:35:56.342  5215  5215 E wpa_supplicant: bssid=80:38:bc:0a:f9:81;freq=2412;level=-93;flags=11;ssid=Huawei-Employee;
12-17 19:35:56.342  5215  5215 E wpa_supplicant: bssid=80:38:bc:0a:f1:40;freq=2412;level=-68;flags=11;ssid=wlanaccessv2.0;
12-17 19:35:56.343  5215  5215 E wpa_supplicant: bssid=80:38:bc:0a:f0:60;freq=2432;level=-77;flags=11;ssid=wlanaccessv2.0;
12-17 19:35:56.343  5215  5215 E wpa_supplicant: bssid=80:38:bc:0a:f9:40;freq=2452;level=-83;flags=11;ssid=wlanaccessv2.0;
12-17 19:35:56.343  5215  5215 E wpa_supplicant: bssid=80:38:bc:0a:f1:a1;freq=2412;level=-88;flags=11;ssid=Huawei-Employee;
12-17 19:35:56.343  5215  5215 E wpa_supplicant: bssid=80:38:bc:08:39:c0;freq=2412;level=-94;flags=11;ssid=wlanaccessv2.0;
12-17 19:35:56.344  5215  5215 D wpa_supplicant: CTRL-DEBUG: global_ctrl_sock-sendto: sock=16 sndbuf=229376 outq=0 send_len=3670
12-17 19:35:56.344  2883  2996 I HwSystemManager: ITrafficInfo:ITrafficInfo create 301updateBytes = 1769320345
12-17 19:35:56.345  5215  5215 D wpa_supplicant: wlan0: Control interface command 'BSS RANGE=527- MASK=0x3029d87'
12-17 19:35:56.345  5215  5215 E wpa_supplicant: bssid=80:38:bc:0a:f0:c0;freq=2452;level=-94;flags=11;ssid=wlanaccessv2.0;
12-17 19:35:56.345  5215  5215 E wpa_supplicant: bssid=80:38:bc:0a:f2:00;freq=2452;level=-74;flags=11;ssid=wlanaccessv2.0;
12-17 19:35:56.345  5215  5215 D wpa_supplicant: CTRL-DEBUG: global_ctrl_sock-sendto: sock=16 sndbuf=229376 outq=0 send_len=1046
12-17 19:35:56.346  5215  5215 D wpa_supplicant: wlan0: Control interface command 'BSS RANGE=527- MASK=0x3029d87'
12-17 19:35:56.346  5215  5215 E wpa_supplicant: bssid=80:38:bc:0a:f0:c0;freq=2452;level=-94;flags=11;ssid=wlanaccessv2.0;
12-17 19:35:56.347  5215  5215 E wpa_supplicant: bssid=80:38:bc:0a:f2:00;freq=2452;level=-74;flags=11;ssid=wlanaccessv2.0;
12-17 19:35:56.347  5215  5215 D wpa_supplicant: CTRL-DEBUG: global_ctrl_sock-sendto: sock=16 sndbuf=229376 outq=0 send_len=1046
12-17 19:35:56.347  5215  5215 D wpa_supplicant: wlan0: Control interface command 'BSS RANGE=529- MASK=0x3029d87'
12-17 19:35:56.347  5215  5215 D wpa_supplicant: CTRL-DEBUG: global_ctrl_sock-sendto: sock=16 sndbuf=229376 outq=0 send_len=0
12-17 19:35:56.348  5215  5215 D wpa_supplicant: wlan0: Control interface command 'BSS RANGE=529- MASK=0x3029d87'
12-17 19:35:56.348  5215  5215 D wpa_supplicant: CTRL-DEBUG: global_ctrl_sock-sendto: sock=16 sndbuf=229376 outq=0 send_len=0
12-17 19:35:56.351  1795  3110 D StubTelephonyRegistry: uid:10028 pid:16628 PhoneStateListener.LISTEN_CELL_LOCATION:16 events:0
12-17 19:35:56.356  1795  2671 D HwWifiStateMachine: isWifiProEvaluatingAP, connectedConfig = "Huawei-Employee", selectedConfig = null
12-17 19:35:56.356  1795  2671 D HwWifiStateMachine: isWifiProEvaluatingAP, isTempCreated = false, evaluating = false, wifiConnectedBackgroundReason = 0
12-17 19:35:56.358  1795  2671 W WifiStateMachine: attemptAutoConnect: false
12-17 19:35:56.361  1795  1809 I HwPhoneWindowManager: OverscanTimeout run
12-17 19:35:56.384 10324 10324 D MagicLink: MagicLink2-BroadcastReceiver:====>ACTION_SCREEN_OFF
12-17 19:35:56.406  1795 17831 V HwBroadcastQueue: trim and enqueue foreground Parallel:(0) Ordered:(2)(BroadcastRecord{c6488d3 u-1 android.intent.action.SCREEN_OFF})
12-17 19:35:56.406  1795 17831 I ActivityManager_broadcast: orderd foreground broadcast:(BroadcastRecord{e10630d u-1 android.intent.action.SCREEN_OFF}) should be proxyed, target:(BroadcastFilter{d2752d6 u0 ReceiverList{6abc6f1 17357 com.android.browser/10029/u0 remote:55e98}})
12-17 19:35:56.408  3180  3578 I ash     : android send broadcast:android.intent.action.SCREEN_OFF notify package: com.android.browser, pid: 17357
12-17 19:35:56.408  3180  3578 I ash     : com.android.browser broadcast notify, H to R!
12-17 19:35:56.408  3180  3578 I ash     : com.android.browser { hibernation duration=41186 } transition to: running reason:bc_notify_android.intent.action.SCREEN_OFF
12-17 19:35:56.408  3180  3578 I ash     : clear hibernation actions!
12-17 19:35:56.409  1795 16500 I PGManagerService: proxyWakeLockByPidUid, pid: 31558, uid: 10029, proxy: false
12-17 19:35:56.409  1795 16500 D HwPowerManagerService: remove pxy wl, pid: 31558, uid: 10029 from pxy process list.
12-17 19:35:56.409  3180  3578 I ash     : Unproxy wakelock uid = 10029 pid = 31558
12-17 19:35:56.410  1795  3253 I PGManagerService: proxyWakeLockByPidUid, pid: 17357, uid: 10029, proxy: false
12-17 19:35:56.410  1795  3253 D HwPowerManagerService: remove pxy wl, pid: 17357, uid: 10029 from pxy process list.
12-17 19:35:56.410  3180  3578 I ash     : Unproxy wakelock uid = 10029 pid = 17357
12-17 19:35:56.412  1795  2396 D PowerManagerService: acquire lock=246463504, flags=0x1, tag="hibernation", name=com.huawei.powergenie, ws=null, uid=1000, pid=3180
12-17 19:35:56.412  1795  2396 D PowerManagerService: ready=true,policy=0,wakefulness=0,wksummary=0x1,uasummary=0x0,bootcompleted=true,boostinprogress=false,waitmodeenable=false,mode=true,manual=33,auto=-1,adj=0.0userId=0
12-17 19:35:56.412  1795  2396 D PowerManagerService: Acquiring suspend blocker "PowerManagerService.WakeLocks".
12-17 19:35:56.424  3180  3578 D PgedBinderAdapter: unfrz ok, pid: [31558, 17357]
12-17 19:35:56.424  3180  3578 I PGServer: report state:6 event type:2 pid:0 uid:10029 pkg:com.android.browser to pid: 1795
12-17 19:35:56.424  3180  3578 I ash     : Unfreeze com.android.browser OK !
12-17 19:35:56.425  1795  3237 D PowerManagerService: release:lock=246463504, flg=0x0, tag="hibernation", name=com.huawei.powergenie", ws=null, uid=1000, pid=3180
12-17 19:35:56.425  1795  3237 D PowerManagerService: ready=true,policy=0,wakefulness=0,wksummary=0x0,uasummary=0x0,bootcompleted=true,boostinprogress=false,waitmodeenable=false,mode=true,manual=33,auto=-1,adj=0.0userId=0
12-17 19:35:56.425  1795  3237 D PowerManagerService: Releasing suspend blocker "PowerManagerService.WakeLocks".
12-17 19:35:56.426  1795 15988 I PGManagerService: proxyBroadcast:[com.android.browser] proxy:false
12-17 19:35:56.433  1795 20747 W ActivityManager: getRunningAppProcesses: caller 10105 does not hold REAL_GET_TASKS; limiting output
12-17 19:35:56.433  1795  1795 D PowerManagerService: Releasing suspend blocker "PowerManagerService.Broadcasts".
12-17 19:35:56.441  3180  3578 I ash     : unproxy com.android.browser broadcast OK !
12-17 19:35:56.442  1795  1808 I ActivityManager_broadcast: dispatch ordered broadcast [foreground] BroadcastRecord{c6488d3 u-1 android.intent.action.SCREEN_OFF}, has 1 receivers
12-17 19:35:56.442  1795 11745 D SmartHeartBeat: setAlarmsPending ...
12-17 19:35:56.443  3180  3578 I ash     : Unpending com.android.browser alarm OK !
12-17 19:35:56.444  1795  6985 D GpsFreezeProc: removeFreezeProcess pkg:com.android.browser
12-17 19:35:56.444  1795  6985 I GnssLocationProvider: setRequest ProviderRequest[OFF]
12-17 19:35:56.444  1795  6985 I GnssLocationProvider: stopNavigating, mStarted=false
12-17 19:35:56.445  3180  3578 I ash     : unproxy app:com.android.browser,uid:10029,result:true
12-17 19:35:56.446  1795  1806 D NetdConnector: SND -> {11635 firewall set_uid_rule standby 10029 allow}
12-17 19:35:56.500  1795  2665 D NetdConnector: RCV <- {200 11635 Firewall command succeeded}
12-17 19:35:56.500   633   692 I eSpaceService: Watch Thread{4481} LoginC.doWatch(LoginC.java:1459) Login_By_Step-> watch count =  0
12-17 19:35:56.502  1795  2665 D NetdConnector: RCV <- {200 11635 Firewall command succeeded}
12-17 19:35:56.505  3180  3578 I ash     : removeAppNetworkRestrict >> com.android.browser, uids : [10029]
12-17 19:35:56.505  3180  3578 I ash     : perform running actions!
12-17 19:35:56.505  3180  3578 I ash     : running package: com.android.browser, visible: false
12-17 19:35:56.519  7741  7758 D TmoMonitor: Cache monitor msg as screen_off
12-17 19:35:56.568  7741  7758 D TmoMonitor: Cache monitor msg as screen_off
12-17 19:35:56.799  7741  7758 D TmoMonitor: Cache monitor msg as screen_off
12-17 19:35:56.826  3782 20757 V AudioManager: isMusicActive...
12-17 19:35:56.826  3782 20757 V AudioManager: isWiredHeadsetOn...
12-17 19:35:56.890  7741  7758 D TmoMonitor: Cache monitor msg as screen_off
12-17 19:35:56.921  1795  1795 I TrafficMonitor: update:rxPkts:0,txPkts:0,rxBytes:0,txBytes:0
12-17 19:35:56.921  1795  1795 I TrafficMonitor: start expired. level:-1
12-17 19:35:56.921  1795  1795 I TrafficMonitor: gettimer:interval=2000
12-17 19:35:57.024   802   802 E Thermal-daemon: [Thermal_Hw] temperature_valid, battery : temperature is invalid, invalid temperatrue is 27
12-17 19:35:57.024   802   802 E Thermal-daemon: [Thermal_Hw] temperature_filter: get invalid temperature, use old temp
12-17 19:35:57.211  7741  7758 D TmoMonitor: Cache monitor msg as screen_off
12-17 19:35:57.235  1795  3139 W ActivityManager: getRunningAppProcesses: caller 10102 does not hold REAL_GET_TASKS; limiting output
12-17 19:35:57.470  1795  2728 D HwArpVerifier: performPollAndLog:
12-17 19:35:57.477  1795  2728 D hw_netstat: total/0/0
12-17 19:35:57.480  1795  2728 E HwCHRWebMonitor: WebMonitor [mNetWorkIsSuck=0 mUIDIsSuck=]  WebSpeed [WEBSENDSEGS=0  WEBRESENDSEGS=0  WEBRECVSEGS=0  WEBERRSEGS=0  WEBOUTRSTS=0  WEBESTABLISRST=0  WEBRTTDURATION=0  WEBRTTSEGS=0  WEBSRTT=80  WEBSNDDUPACKS=0  SENDSEGS=0  RESENDSEGS=0  RECVSEGS=0  ERRSEGS=0  OUTRSTS=0  ESTABLISRST=0  RTTDURATION=0  RTTSEGS=0  SNDDUPACKS=0  suckTimes=0 recovage_times=0]
12-17 19:35:57.480  1795  2728 E HwCHRWifiRSSIGroupSummery: updateTcpSummery mRSSI:-45  HwCHRWifiRSSIGroup [rssi_index=4, rtt_tcp_packets=98, rtt_tcp_duration=843, rtt_lan_duration=223, rtt_lan_failures=0, rtt_lan_succ=7, rtt_lan_max=124, rtt_lan_min=14,same_area_frequency=0,adjacent_area_frequency=0]
12-17 19:35:57.480  1795  2728 D WifiHW  : wifi_send_command: cmd:'IFNAME=wlan0 PKTCNT_POLL'
12-17 19:35:57.481  5215  5215 D wpa_supplicant: wlan0: Control interface command 'PKTCNT_POLL'
12-17 19:35:57.496  5215  5215 D wpa_supplicant: CTRL-DEBUG: global_ctrl_sock-sendto: sock=16 sndbuf=229376 outq=0 send_len=34
12-17 19:35:57.497  1795  2728 E HwCHRWebMonitor: HwCHRWifiPacketCnt [mTXGood=0, mTXbad=0, mRXGood=0] rssi=-45
12-17 19:35:57.498  1795  2728 E HwCHRWebMonitor: running processName=com.huawei.android.launcher
