12-17 19:31:58.235  1795  1825 D PowerManagerService: ready=true,policy=3,wakefulness=1,wksummary=0x11,uasummary=0x1,bootcompleted=true,boostinprogress=false,waitmodeenable=false,mode=true,manual=33,auto=-1,adj=0.0userId=0
12-17 19:31:58.235  1795  1825 I PowerManager_screenOn: PowerManagerNotifier onWakefulnessChangeFinished mInteractiveChanging=true, mInteractive=true
12-17 19:31:58.235  2852  2925 I EventCenter: ContentChange for slot: 1
12-17 19:31:58.235  2852  2852 I HwBrightnessController: onChange selfChange:false uri.toString():content://settings/system/screen_auto_brightness mIsObserveAutoBrightnessChange:true
12-17 19:31:58.236  2852  2852 I HwBrightnessUtils: APS brightness=23.0,ConvertToPercentage=0.23837823
12-17 19:31:58.236  2852  2852 I HwBrightnessUtils:  getSeekBarProgress isAutoMode:true current brightness:23 percentage:0.23837823
12-17 19:31:58.236  2852  2852 I HwBrightnessController: updateSlider1 seekBarProgress:2384
12-17 19:31:58.236  2852  2852 I HwBrightnessController: updateSlider2 seekBarProgress:2384
12-17 19:31:58.236  2852  2852 I ToggleSlider:  mSeekListener onProgressChanged progress:2384 fromUser:false
12-17 19:31:58.236  2852  2852 I ToggleSlider:  mSeekListener onProgressChanged progress:2384 fromUser:false
12-17 19:31:58.242 10324 10324 D MagicLink: MagicLink2-BroadcastReceiver:====>ACTION_SCREEN_OFF
12-17 19:31:58.255  1795  2750 D HW_DISPLAY_EFFECT: presently, hw_update_color_temp_for_rg_led interface not achieved.
12-17 19:31:58.276  1795  1795 I PowerManager_screenOn: PowerManagerNotifier Sending wake up broadcast.
12-17 19:31:58.276  1795  1795 I SendBroadcastPermission: action:android.intent.action.SCREEN_ON, mPermissionType:0
12-17 19:31:58.281  1795  3110 W ActivityManager: getRunningAppProcesses: caller 10105 does not hold REAL_GET_TASKS; limiting output
12-17 19:31:58.283  1795  1795 I HwActivityManagerService: Split enqueueing broadcast [callerApp]:ProcessRecord{34bf34f 0:system/1000}
12-17 19:31:58.284  1795  1795 I ActivityManager_broadcast: Enqueueing ordered broadcast[foreground] BroadcastRecord{b0656ed u-1 android.intent.action.SCREEN_ON}: prev had 0
12-17 19:31:58.284  1795  1808 I ActivityManager_broadcast: dispatch ordered broadcast [foreground] BroadcastRecord{b0656ed u-1 android.intent.action.SCREEN_ON}, has 57 receivers
12-17 19:31:58.286  1795  2377 I AwareLog: AwareMem_DMEServer: start
12-17 19:31:58.286  1795  2377 I AwareLog: AwareMem_EventTracker: [SCREEN_ON_1481974318286] is abandoned for memory 831108
12-17 19:31:58.288  1795  1795 D HwWifiP2pService: onReceive, action:android.intent.action.SCREEN_ON
12-17 19:31:58.288  1795  2668 D WifiP2pService: InactiveState143466
12-17 19:31:58.288  1795  2668 E HwWifiP2pService: Unhandled message when=123031459 what=143466 arg1=0 arg2=0
12-17 19:31:58.288  1795  2668 D WifiP2pService: P2pEnabledState when=123031459 what=143466 arg1=0 arg2=0
12-17 19:31:58.288  1795  2668 D WifiP2pService: DefaultState{ when=-1ms what=143466 target=com.android.internal.util.StateMachine$SmHandler }
12-17 19:31:58.288  1795  2668 D HwWifiP2pService: cancel alarm.
12-17 19:31:58.291  1795  2332 I qti_sensors_hal: [ACC]processReportInd: X: 9.004972 Y: 8.467230 Z: 0.920833  x_offset:0.160831 y_offset:0.184366 z_offset:0.985027
12-17 19:31:58.292  2852  2852 I NetworkController.WifiSignalController: Change in state from: connected=true,enabled=true,level=4,inetCondition=1,iconGroup=IconGroup(Wi-Fi Icons),activityIn=false,activityOut=false,rssi=-48,lastModified=12-17 07:31:57,isChaged:false,wifiNoInternet=false,ssid="Huawei-Employee"
12-17 19:31:58.292  2852  2852 I NetworkController.WifiSignalController: 	to: connected=true,enabled=true,level=4,inetCondition=1,iconGroup=IconGroup(Wi-Fi Icons),activityIn=true,activityOut=true,rssi=-48,lastModified=12-17 07:31:57,isChaged:false,wifiNoInternet=false,ssid="Huawei-Employee"
12-17 19:31:58.292  2852  2852 I SignalClusterView: mWifiVisible is:truemWifiStrengthId is:2130839427mWifiDescription is:WLAN 信号强度满格。
12-17 19:31:58.292  1795  2671 D WifiStateMachine:  ConnectedState CMD_SCREEN_STATE_CHANGED  rt=123031464/442854655 1 0
12-17 19:31:58.292  1795  2671 D WifiStateMachine:  L2ConnectedState CMD_SCREEN_STATE_CHANGED  rt=123031464/442854655 1 0
12-17 19:31:58.292  1795  2671 D WifiStateMachine:  ConnectModeState CMD_SCREEN_STATE_CHANGED  rt=123031464/442854656 1 0
12-17 19:31:58.292  1795  2671 D WifiStateMachine:  DriverStartedState CMD_SCREEN_STATE_CHANGED  rt=123031464/442854656 1 0
12-17 19:31:58.292  1795  2671 D WifiStateMachine:  SupplicantStartedState CMD_SCREEN_STATE_CHANGED  rt=123031464/442854656 1 0
12-17 19:31:58.292  1795  2671 D WifiStateMachine:  DefaultState CMD_SCREEN_STATE_CHANGED  rt=123031464/442854656 1 0
12-17 19:31:58.293  1795  2671 W AlarmManager: Unrecognized alarm listener com.android.server.wifi.WifiConnectivityManager$3@bdcaf7b
12-17 19:31:58.293  1795  2671 E WifiScanner: listener cannot be found
12-17 19:31:58.293  1795  2671 D HwWifiConnectivityManager: handleScanCounterChanged,reason: 2, mHwSingleScanCounter: 0
12-17 19:31:58.293  2852  2852 D NetWorkUtils: mVSimCurCardType is -1
12-17 19:31:58.294  1795  2671 I AlarmManager: set(null) : type=2 triggerAtTime=442862161 win=0 tElapsed=442862161 maxElapsed=442862161 interval=0 flags=0x9
12-17 19:31:58.294  1795  1795 D HwConnectivityService: mIntentReceiver begin
12-17 19:31:58.294  1795  1795 D HwKeyguardManagerImpl: isLockScreenDisabled HwKeyguardManagerImpl result = false
12-17 19:31:58.294  1795  1795 D HwConnectivityService: CtrlSocket Receiver,disable: false locked: true action: android.intent.action.SCREEN_ON mSmartKeyguardLevel: normal_level mStartPowerSaving: false
12-17 19:31:58.294  1795  1795 D HwConnectivityService: CtrlSocket receive screen on intent!
12-17 19:31:58.294  1795  1795 D HwConnectivityService: CtrlSocket restoreScrOnStatus
12-17 19:31:58.294  1795  1795 D HwConnectivityService: pid=1000, cmd=100, param=0
12-17 19:31:58.294  1795  1795 D HwConnectivityService: mFilterMsgFlag: 0,msg.arg1: 3
12-17 19:31:58.295  1795  1795 D HwConnectivityService: CtrlSocket processCtrlSocket pid = 1000 cmd = 100 param = 0 ret = 0
12-17 19:31:58.295  1795  1795 D HwConnectivityService: CtrlSocket restoreScrOnStatus reset
12-17 19:31:58.295  1795  2671 D WifiStateMachine:  ConnectedState !CMD_ENABLE_RSSI_POLL  rt=123031466/442854658 1 0
12-17 19:31:58.295  1795  2671 D WifiStateMachine:  L2ConnectedState !CMD_ENABLE_RSSI_POLL  rt=123031466/442854658 1 0
12-17 19:31:58.295  1795  2671 D WifiHW  : wifi_send_command: cmd:'IFNAME=wlan0 SIGNAL_POLL'
12-17 19:31:58.295  2852  2852 I HwSignalClusterView: apply hwPhoneState.mSubId:0 anyMobileVisible:false mIsAirplaneMode:false, mobileGroupVisible=true
12-17 19:31:58.295  1795  2691 D HwConnectivityService: handleFilterMsg action: 3mFilterMsgFlag3
12-17 19:31:58.295  1795  2691 D HwConnectivityService: [tiger]setBastetFilterInfo action 3pid 1000
12-17 19:31:58.295  1795  2691 D HwConnectivityService: stopFilter m_filterIsStarted:false
12-17 19:31:58.295  5215  5215 D wpa_supplicant: wlan0: Control interface command 'SIGNAL_POLL'
12-17 19:31:58.296  2852  2852 I SignalClusterView: mWifiVisible is:truemWifiStrengthId is:2130839427mWifiDescription is:WLAN 信号强度满格。
12-17 19:31:58.296  2852  2852 D NetWorkUtils: mVSimCurCardType is -1
12-17 19:31:58.297  2852  2852 I HwSignalClusterView: apply hwPhoneState.mSubId:0 anyMobileVisible:false mIsAirplaneMode:false, mobileGroupVisible=true
12-17 19:31:58.297  1795  1795 I NotificationManager: mIntentReceiver-ACTION_SCREEN_ON
12-17 19:31:58.297  1795  1795 I NotificationManager: updateLightsLocked,mInCall =true,mScreenOn = true,ledNotification == null?true
12-17 19:31:58.297  1795  1795 I NotificationManager: updateLightsLocked,turn off notificationLight
12-17 19:31:58.297  1795  1795 I Sensor  : turn off notificationLight due to incall or screenon
12-17 19:31:58.297  1795  1795 I Sensor  : updateLight --> mIsNotificationExisting: false ledOnMS: 0 ledOffMS :0
12-17 19:31:58.297  1795  1795 I Sensor  : updateLightsLocked --> level:78, status:3
12-17 19:31:58.297  1795  1795 I Sensor  : updateLightsLocked --> mBatteryLight.turnOff
12-17 19:31:58.300  1046  2703 V ThreadsEx: HDebug print the key screen_state
12-17 19:31:58.300  1046  2703 D audio_hw_primary: adev_set_parameters: enter: screen_state=on
12-17 19:31:58.300  1046  2703 I Huawei_audio_cust: huawei_audio huawei_choose_HandsFree_device_incall_forHWtest: test Type =4
12-17 19:31:58.300  1046  2703 I Huawei_audio_cust: huawei_audio huawei_choose_Handset_device_incall_forHWtest: test Type =4
12-17 19:31:58.300  1046  2703 I Huawei_audio_cust: get_spk_pa_type: pa is max98925
12-17 19:31:58.300  1046  2703 I Huawei_audio_cust: huawei_common_set_parameters: exit with code(0)
12-17 19:31:58.300  1046  2703 V Huawei_audio_cust: huawei_cust_set_parameters: exit with code(0)
12-17 19:31:58.300  1046  2703 V msm8916_platform: platform_set_parameters: enter: - screen_state=on
12-17 19:31:58.300  1046  2703 V msm8916_platform: platform_set_parameters: exit with code(0)
12-17 19:31:58.300  1046  2703 D audio_hw_extn: audio_extn_set_anc_parameters: anc_enabled:0
12-17 19:31:58.300  1046  2703 D audio_hw_spkr_prot: audio_extn_fbsp_set_parameters: Speaker protection disabled
12-17 19:31:58.300  1046  2703 V audio_hw_primary: adev_set_parameters: exit with code(0)
12-17 19:31:58.303  1795  1795 I AlarmManager: remove(PendingIntent{2f9e644: PendingIntentRecord{527f32d android broadcastIntent}}) changed bounds; rebatching
12-17 19:31:58.307  1795  1795 D HwPFWLogger: PFW.HwPFWService:mBroadcastReceiver action = android.intent.action.SCREEN_ON
12-17 19:31:58.307  1795  2708 D HwPFWLogger: PFW.HwPFWService:handle PFW_MSG_SYSTEM
12-17 19:31:58.307  1795  2708 D HwPFWLogger: PFW.HwPFWAppRestartPolicy:receive action = android.intent.action.SCREEN_ON
12-17 19:31:58.308  5215  5215 E wpa_supplicant: RSSI=-57;LINKSPEED=72;NOISE=9999;FREQUENCY=2452;
12-17 19:31:58.308  5215  5215 D wpa_supplicant: CTRL-DEBUG: global_ctrl_sock-sendto: sock=16 sndbuf=229376 outq=0 send_len=48
12-17 19:31:58.308  1795  2671 V HwWifiServiceFactory: get AllImpl object = com.android.server.wifi.HwWifiServiceFactoryImpl@c332618
12-17 19:31:58.308  1795  2671 E WifiConfigManager: updateConfiguration freq=2452 BSSID=80:38:bc:08:42:c1 RSSI=-56 "Huawei-Employee"WPA_EAP
12-17 19:31:58.308  1795  2671 D WifiStateMachine:  ConnectedState !CMD_SET_SUSPEND_OPT_ENABLED  rt=123031480/442854672 0 0
12-17 19:31:58.309  1795  2671 D WifiStateMachine:  L2ConnectedState !CMD_SET_SUSPEND_OPT_ENABLED  rt=123031480/442854672 0 0
12-17 19:31:58.309  1795  2671 D WifiStateMachine:  ConnectModeState !CMD_SET_SUSPEND_OPT_ENABLED  rt=123031480/442854672 0 0
12-17 19:31:58.309  1795  1795 D WifiService: onReceive, action:android.intent.action.SCREEN_ON
12-17 19:31:58.309  1795  2671 D WifiStateMachine:  DriverStartedState !CMD_SET_SUSPEND_OPT_ENABLED  rt=123031480/442854672 0 0
12-17 19:31:58.309  1795  2671 D WifiHW  : wifi_send_command: cmd:'IFNAME=wlan0 DRIVER SETSUSPENDMODE 0'
12-17 19:31:58.309  5215  5215 D wpa_supplicant: wlan0: Control interface command 'DRIVER SETSUSPENDMODE 0'
12-17 19:31:58.309  1795  2670 D WifiController: DeviceActiveState{ when=0 what=155650 target=com.android.internal.util.StateMachine$SmHandler }
12-17 19:31:58.309  1795  2670 D WifiController: StaEnabledState what=155650
12-17 19:31:58.309  1795  2670 D WifiController: DefaultState what=155650
12-17 19:31:58.309  2852  2852 I SignalClusterView: applyIconTint ignore
12-17 19:31:58.309  1795  2670 I AlarmManager: remove(PendingIntent{50e3a01: PendingIntentRecord{a8130a6 android broadcastIntent}}) changed bounds; rebatching
