12-17 19:35:51.226  1795  2750 D HW_DISPLAY_EFFECT: presently, hw_update_color_temp_for_rg_led interface not achieved.
12-17 19:35:51.242  1795  2750 D HW_DISPLAY_EFFECT: presently, hw_update_color_temp_for_rg_led interface not achieved.
12-17 19:35:51.258  1795  2750 I HwLightsService: back light level before map = 683
12-17 19:35:51.259  1795  2750 D HW_DISPLAY_EFFECT: presently, hw_update_color_temp_for_rg_led interface not achieved.
12-17 19:35:51.275  1795  2750 D HW_DISPLAY_EFFECT: presently, hw_update_color_temp_for_rg_led interface not achieved.
12-17 19:35:51.292  1795  2750 D HW_DISPLAY_EFFECT: presently, hw_update_color_temp_for_rg_led interface not achieved.
12-17 19:35:51.308  1795  2750 D HW_DISPLAY_EFFECT: presently, hw_update_color_temp_for_rg_led interface not achieved.
12-17 19:35:51.325  1795  2750 D HW_DISPLAY_EFFECT: presently, hw_update_color_temp_for_rg_led interface not achieved.
12-17 19:35:51.341  1795  2750 D HW_DISPLAY_EFFECT: presently, hw_update_color_temp_for_rg_led interface not achieved.
12-17 19:35:51.358  1795  2750 D HW_DISPLAY_EFFECT: presently, hw_update_color_temp_for_rg_led interface not achieved.
12-17 19:35:51.375  1795  2750 D HW_DISPLAY_EFFECT: presently, hw_update_color_temp_for_rg_led interface not achieved.
12-17 19:35:51.391  1795  2750 D HW_DISPLAY_EFFECT: presently, hw_update_color_temp_for_rg_led interface not achieved.
12-17 19:35:51.408  1795  2750 D HW_DISPLAY_EFFECT: presently, hw_update_color_temp_for_rg_led interface not achieved.
12-17 19:35:51.425  1795  2750 D HW_DISPLAY_EFFECT: presently, hw_update_color_temp_for_rg_led interface not achieved.
12-17 19:35:51.441  1795  2750 D HW_DISPLAY_EFFECT: presently, hw_update_color_temp_for_rg_led interface not achieved.
12-17 19:35:51.458  1795  2750 D HW_DISPLAY_EFFECT: presently, hw_update_color_temp_for_rg_led interface not achieved.
12-17 19:35:51.474  1795  2750 D HW_DISPLAY_EFFECT: presently, hw_update_color_temp_for_rg_led interface not achieved.
12-17 19:35:51.490  1795  2750 I HwLightsService: back light level before map = 610
12-17 19:35:51.491  1795  2750 D HW_DISPLAY_EFFECT: presently, hw_update_color_temp_for_rg_led interface not achieved.
12-17 19:35:51.507  1795  2750 D HW_DISPLAY_EFFECT: presently, hw_update_color_temp_for_rg_led interface not achieved.
12-17 19:35:51.524  1795  2750 D HW_DISPLAY_EFFECT: presently, hw_update_color_temp_for_rg_led interface not achieved.
12-17 19:35:51.541  1795  2750 D HW_DISPLAY_EFFECT: presently, hw_update_color_temp_for_rg_led interface not achieved.
12-17 19:35:51.556  1795  2750 D HW_DISPLAY_EFFECT: presently, hw_update_color_temp_for_rg_led interface not achieved.
12-17 19:35:51.573  1795  2750 D HW_DISPLAY_EFFECT: presently, hw_update_color_temp_for_rg_led interface not achieved.
12-17 19:35:51.590  1795  2750 D HW_DISPLAY_EFFECT: presently, hw_update_color_temp_for_rg_led interface not achieved.
12-17 19:35:51.599  1795 20747 D PowerManagerService: ready=true,policy=2,wakefulness=1,wksummary=0x1,uasummary=0x2,bootcompleted=true,boostinprogress=false,waitmodeenable=false,mode=true,manual=33,auto=-1,adj=0.0userId=0
12-17 19:35:51.599  1795 20747 D PowerManagerService: Acquiring suspend blocker "PowerManagerService.WakeLocks".
12-17 19:35:51.604  1795  3247 D PowerManagerService: ready=true,policy=2,wakefulness=1,wksummary=0x0,uasummary=0x2,bootcompleted=true,boostinprogress=false,waitmodeenable=false,mode=true,manual=33,auto=-1,adj=0.0userId=0
12-17 19:35:51.604  1795  3247 D PowerManagerService: Releasing suspend blocker "PowerManagerService.WakeLocks".
12-17 19:35:51.606  1795  2750 D HW_DISPLAY_EFFECT: presently, hw_update_color_temp_for_rg_led interface not achieved.
12-17 19:35:51.606  1795  1795 I MQoS    : onSignal: mSubId=1,currDataSubID=0
12-17 19:35:51.607  1795  1795 I MQoS    : received cell-signal:1
12-17 19:35:51.608  1795  3237 I SendBroadcastPermission: action:android.intent.action.SIG_STR, mPermissionType:0
12-17 19:35:51.608  3858  4126 I amsnl   : csr
12-17 19:35:51.609  3858  4126 I amsnl   : t:false, fl: false, p: 2147483647000, ce: true, we: true
12-17 19:35:51.610  1795 16501 D PowerManagerService: ready=true,policy=2,wakefulness=1,wksummary=0x1,uasummary=0x2,bootcompleted=true,boostinprogress=false,waitmodeenable=false,mode=true,manual=33,auto=-1,adj=0.0userId=0
12-17 19:35:51.610  1795 16501 D PowerManagerService: Acquiring suspend blocker "PowerManagerService.WakeLocks".
12-17 19:35:51.612  1795  1806 D wifiserviceimpl: netmask =16580607
12-17 19:35:51.613  3858  4126 I amsnl   : m1: false
12-17 19:35:51.615  1795  2396 D PowerManagerService: ready=true,policy=2,wakefulness=1,wksummary=0x0,uasummary=0x2,bootcompleted=true,boostinprogress=false,waitmodeenable=false,mode=true,manual=33,auto=-1,adj=0.0userId=0
12-17 19:35:51.615  1795 17832 W ActivityManager: getRunningAppProcesses: caller 10009 does not hold REAL_GET_TASKS; limiting output
12-17 19:35:51.616  1795  2396 D PowerManagerService: Releasing suspend blocker "PowerManagerService.WakeLocks".
12-17 19:35:51.617  1795  1795 I MQoS    : onSignal: mSubId=1,currDataSubID=0
12-17 19:35:51.617  1795  1795 I MQoS    : received cell-signal:1
12-17 19:35:51.617  3858  4126 I amsnl   : m2: false, m3: false
12-17 19:35:51.617  3858  4126 I amsnl   : c: true, w: false, t: false, l: false
12-17 19:35:51.617  1795 16232 I SendBroadcastPermission: action:android.intent.action.SIG_STR, mPermissionType:0
12-17 19:35:51.618  3858  4126 I amsnl   : csr
12-17 19:35:51.618  3858  4126 I amsnl   : t:false, fl: false, p: 2147483647000, ce: true, we: true
12-17 19:35:51.623  1795  3110 D wifiserviceimpl: netmask =16580607
12-17 19:35:51.623  3858  4126 I amsnl   : m1: false
12-17 19:35:51.625  1795  2750 D HW_DISPLAY_EFFECT: presently, hw_update_color_temp_for_rg_led interface not achieved.
12-17 19:35:51.626  1795  3121 W ActivityManager: getRunningAppProcesses: caller 10009 does not hold REAL_GET_TASKS; limiting output
12-17 19:35:51.627  3858  4126 I amsnl   : m2: false, m3: false
12-17 19:35:51.627  3858  4126 I amsnl   : c: true, w: false, t: false, l: false
12-17 19:35:51.639  1795  1825 D HwNormalizedRampAnimator: bright trace:1154/123113641,1169/123113658,1176/123113675,1171/123147312,1166/123147329,1160/123147351,1155/123147368,1150/123147385,1145/123147401,1140/123147418,1134/123147434,1129/123147451,1124/123147467,1119/123147484,1114/123147500,1109/123147517,1103/123147533,1098/123147550,1093/123147566,1088/123147583,1083/123147599,1077/123147616,1072/123147632,1067/123147649,1062/123147665,1057/123147682,1051/123147699,1046/123147715,1041/123147732,1036/123147748,1031/123147765,1026/123147782,1020/123147798,1015/123147815,1010/123147832,1005/123147848,1000/123147865,994/123147881,989/123147898,984/123147914
12-17 19:35:51.639  1795  1825 D HwNormalizedRampAnimator: 979/123147931,974/123147947,968/123147964,963/123147981,958/123147998,953/123148013,948/123148030,943/123148046,937/123148063,932/123148080,927/123148096,922/123148113,917/123148129,911/123148146,906/123148162,901/123148179,896/123148196,891/123148212,885/123148229,880/123148245,875/123148262,870/123148279,865/123148295,860/123148312,854/123148328,849/123148345,844/123148361,839/123148378,834/123148394,828/123148411,823/123148428,818/123148444,813/123148461,808/123148477,802/123148494,797/123148511,792/123148527,787/123148544,782/123148560,777/123148577
12-17 19:35:51.639  1795  1825 D HwNormalizedRampAnimator: 771/123148594,766/123148610,761/123148627,756/123148643,751/123148660,745/123148676,740/123148693,735/123148709,730/123148726,725/123148742,719/123148759,714/123148775,709/123148792,704/123148809,699/123148825,693/123148842,688/123148858,683/123148875,678/123148891,673/123148908,668/123148924,662/123148941,657/123148958,652/123148974,647/123148991,642/123149007,636/123149024,631/123149041,626/123149057,621/123149074,616/123149090,610/123149107,605/123149123,600/123149140,595/123149158,590/123149173,585/123149189,579/123149206,574/123149223,569/123149239
12-17 19:35:51.640  1795  2750 D HW_DISPLAY_EFFECT: presently, hw_update_color_temp_for_rg_led interface not achieved.
12-17 19:35:51.657  1795  2750 D HW_DISPLAY_EFFECT: presently, hw_update_color_temp_for_rg_led interface not achieved.
12-17 19:35:51.673  1795  2750 D HW_DISPLAY_EFFECT: presently, hw_update_color_temp_for_rg_led interface not achieved.
12-17 19:35:51.689  1795  2750 I HwLightsService: back light level before map = 548
12-17 19:35:51.689  1795  2750 D HW_DISPLAY_EFFECT: presently, hw_update_color_temp_for_rg_led interface not achieved.
12-17 19:35:51.706  1795  2750 D HW_DISPLAY_EFFECT: presently, hw_update_color_temp_for_rg_led interface not achieved.
12-17 19:35:51.722  1795  2750 D HW_DISPLAY_EFFECT: presently, hw_update_color_temp_for_rg_led interface not achieved.
12-17 19:35:51.739  1795  2750 D HW_DISPLAY_EFFECT: presently, hw_update_color_temp_for_rg_led interface not achieved.
12-17 19:35:51.756  1795  2750 D HW_DISPLAY_EFFECT: presently, hw_update_color_temp_for_rg_led interface not achieved.
12-17 19:35:51.772  1795  2750 D HW_DISPLAY_EFFECT: presently, hw_update_color_temp_for_rg_led interface not achieved.
12-17 19:35:51.789  1795  2750 D HW_DISPLAY_EFFECT: presently, hw_update_color_temp_for_rg_led interface not achieved.
12-17 19:35:51.805  1795  2750 D HW_DISPLAY_EFFECT: presently, hw_update_color_temp_for_rg_led interface not achieved.
12-17 19:35:51.822  1795  2750 D HW_DISPLAY_EFFECT: presently, hw_update_color_temp_for_rg_led interface not achieved.
12-17 19:35:51.838  1795  2750 D HW_DISPLAY_EFFECT: presently, hw_update_color_temp_for_rg_led interface not achieved.
12-17 19:35:51.855  1795  2750 D HW_DISPLAY_EFFECT: presently, hw_update_color_temp_for_rg_led interface not achieved.
12-17 19:35:51.871  1795  2750 I HwLightsService: back light level before map = 491
12-17 19:35:51.872  1795  2750 D HW_DISPLAY_EFFECT: presently, hw_update_color_temp_for_rg_led interface not achieved.
12-17 19:35:51.888  1795  2750 D HW_DISPLAY_EFFECT: presently, hw_update_color_temp_for_rg_led interface not achieved.
12-17 19:35:51.905  1795  2750 D HW_DISPLAY_EFFECT: presently, hw_update_color_temp_for_rg_led interface not achieved.
12-17 19:35:51.906  1795  1795 I TrafficMonitor: expired arrive. level:-1
12-17 19:35:51.906  1795  1795 I TrafficMonitor: during_ms:2005,period_ms:2000
12-17 19:35:51.907  1795  1795 I TrafficMonitor: count:111,rx_sum:0,tx_sum:0,rxBytes:0,during_ms:2005,rx_speed:0.0,tx_speed:0.0,rto:0.0
12-17 19:35:51.907  1795  1795 D HuaweiWifiWatchdogStateMachine: speed: rxpkt:0, rxSpd:0B/s, txpkt:0, txSpd:0
12-17 19:35:51.921  1795  2750 D HW_DISPLAY_EFFECT: presently, hw_update_color_temp_for_rg_led interface not achieved.
12-17 19:35:51.938  1795  2750 D HW_DISPLAY_EFFECT: presently, hw_update_color_temp_for_rg_led interface not achieved.
12-17 19:35:51.955  1795  2750 D HW_DISPLAY_EFFECT: presently, hw_update_color_temp_for_rg_led interface not achieved.
12-17 19:35:51.971  1795  2750 D HW_DISPLAY_EFFECT: presently, hw_update_color_temp_for_rg_led interface not achieved.
12-17 19:35:51.988  1795  2750 D HW_DISPLAY_EFFECT: presently, hw_update_color_temp_for_rg_led interface not achieved.
12-17 19:35:52.004  1795  2750 D HW_DISPLAY_EFFECT: presently, hw_update_color_temp_for_rg_led interface not achieved.
12-17 19:35:52.019   802   802 E Thermal-daemon: [Thermal_Hw] temperature_valid, battery : temperature is invalid, invalid temperatrue is 27
12-17 19:35:52.019   802   802 E Thermal-daemon: [Thermal_Hw] temperature_filter: get invalid temperature, use old temp
12-17 19:35:52.021  1795  2750 D HW_DISPLAY_EFFECT: presently, hw_update_color_temp_for_rg_led interface not achieved.
12-17 19:35:52.037  1795  2750 I HwLightsService: back light level before map = 439
12-17 19:35:52.037  1795  2750 D HW_DISPLAY_EFFECT: presently, hw_update_color_temp_for_rg_led interface not achieved.
12-17 19:35:52.054  1795  2750 D HW_DISPLAY_EFFECT: presently, hw_update_color_temp_for_rg_led interface not achieved.
12-17 19:35:52.070  1795  2750 D HW_DISPLAY_EFFECT: presently, hw_update_color_temp_for_rg_led interface not achieved.
12-17 19:35:52.087  1795  2750 D HW_DISPLAY_EFFECT: presently, hw_update_color_temp_for_rg_led interface not achieved.
12-17 19:35:52.104  1795  2750 D HW_DISPLAY_EFFECT: presently, hw_update_color_temp_for_rg_led interface not achieved.
12-17 19:35:52.120  1795  2750 D HW_DISPLAY_EFFECT: presently, hw_update_color_temp_for_rg_led interface not achieved.
12-17 19:35:52.137  1795  2750 D HW_DISPLAY_EFFECT: presently, hw_update_color_temp_for_rg_led interface not achieved.
12-17 19:35:52.153  1795  2750 D HW_DISPLAY_EFFECT: presently, hw_update_color_temp_for_rg_led interface not achieved.
12-17 19:35:52.170  1795  2750 D HW_DISPLAY_EFFECT: presently, hw_update_color_temp_for_rg_led interface not achieved.
