12-17 19:50:30.904  2852  2852 I TrafficPanelManager: hideTraffic
12-17 19:50:30.904  2852  2852 I TrafficPanelViewContent: onShowStatusChange show:false
12-17 19:50:30.904  1795  2728 D WifiHW  : wifi_send_command: cmd:'IFNAME=wlan0 PKTCNT_POLL'
12-17 19:50:30.904  5215  5215 D wpa_supplicant: wlan0: Control interface command 'PKTCNT_POLL'
12-17 19:50:30.905  2852  2852 I StackScrollAlgorithm: updateClipping isOverlap:false
12-17 19:50:30.905  2852  2852 I StackScrollAlgorithm: updateDimmedActivatedHideSensitive overlap:false
12-17 19:50:30.905  2852  2852 I EventCenter: EventCenter Get :android.intent.action.TIME_TICK
12-17 19:50:30.906   816  1562 W SocketListener: sending broadcast to Pid = 1795, Uid = 1000 
12-17 19:50:30.906  2852  2852 W ResourceType: Failure getting entry for 0xffffffff (t=254 e=65535) (error -2147483647)
12-17 19:50:30.907  2852  2852 E DateLunarView: mDateString is: 12月17日星期六
12-17 19:50:30.907  1795  2665 D NetdConnector: RCV <- {613 IfaceClass active 1 443967269684497 10105}
12-17 19:50:30.907  1795  3111 I AlarmManager: remove(PendingIntent{f7d5dab: PendingIntentRecord{d1e8625 com.tencent.mm broadcastIntent}}) changed bounds; rebatching
12-17 19:50:30.909  1795  2665 D NetdConnector: RCV <- {613 IfaceClass active 1 443967269684497 10105}
12-17 19:50:30.909 31949 31967 I ECS     : WatchThread{4786} TcpClient.disconnect_i(TcpClient.java:202) ==================== TCP CLIENT DISCONNECT ====================
12-17 19:50:30.910 31949 31967 I TCP     : WatchThread{4786} TcpClientThread.disconnectSocket(TcpClientThread.java:369) disconnecting to uc.huawei.com:7801
12-17 19:50:30.910  1795  1819 D NetdConnector: RCV unsolicited event from native daemon, event = 613 IfaceClass active 1 443967269684497 10105
12-17 19:50:30.911  1795  1819 D NetworkManagement: notifyInterfaceClassActivity: client is com.android.server.net.NetworkStatsService$6@5d6efc
12-17 19:50:30.911  1795  1819 D NetworkManagement: notifyInterfaceClassActivity: client is android.net.ip.IpManager$2@4c99c84
12-17 19:50:30.911  1795  1819 D NetworkManagement: notifyInterfaceClassActivity: client is com.android.server.net.NetworkPolicyManagerService$13@4df0feb
12-17 19:50:30.911  2852  2852 W ResourceType: Failure getting entry for 0xffffffff (t=254 e=65535) (error -2147483647)
12-17 19:50:30.911  1795  1819 D NetworkManagement: notifyInterfaceClassActivity: client is android.net.INetworkManagementEventObserver$Stub$Proxy@af226
12-17 19:50:30.911  2852  2852 E DateLunarView: mDateString is: 12月17日星期六
12-17 19:50:30.911 31949 31967 I eSpaceService: WatchThread{4786} TcpCirChannel.connect(TcpCirChannel.java:219) Connect to server  address = [uc.huawei.com,]  port = 7801
12-17 19:50:30.911  1795  1819 D NetworkManagement: notifyInterfaceClassActivity: client is android.net.INetworkManagementEventObserver$Stub$Proxy@c0acf8b
12-17 19:50:30.912  1795  1819 D NetworkManagement: notifyInterfaceClassActivity: client is com.android.server.ConnectivityService$1@e0f099c
12-17 19:50:30.912  1795  1819 I SendBroadcastPermission: action:android.net.conn.DATA_ACTIVITY_CHANGE, mPermissionType:0
12-17 19:50:30.912  1795  1813 E BatteryStatsService: no controller energy info supplied
12-17 19:50:30.912 31949 31967 I ECS     : WatchThread{4786} TcpClient.clearAll(TcpClient.java:240) ==================== TCP CLIENT CLEAR ALL ====================
12-17 19:50:30.912  1795  1819 D NetworkManagement: notifyInterfaceClassActivity: client is com.android.server.connectivity.Vpn$2@e40aefb
12-17 19:50:30.912  1795  1819 D NetworkManagement: notifyInterfaceClassActivity: client is com.android.server.ethernet.EthernetNetworkFactory$InterfaceObserver@fccfd35
12-17 19:50:30.912  1795  1819 D NetworkManagement: notifyInterfaceClassActivity: client is com.android.server.connectivity.Tethering@ff4a50f
12-17 19:50:30.913 31949 31967 I ECS     : WatchThread{4786} TcpClient.connect(TcpClient.java:162) ==================== TCP CLIENT CONNECT [2] ====================
12-17 19:50:30.914 31949 31967 I TCP     : WatchThread{4786} TcpClientThread.connect(TcpClientThread.java:52) will connect to uc.huawei.com:7801
12-17 19:50:30.917  1795  3225 I AlarmManager: set(PendingIntent{82d2c08: PendingIntentRecord{4d65fa1 com.tencent.mm broadcastIntent}}) : type=2 triggerAtTime=444237278 win=202498 tElapsed=444237278 maxElapsed=444439776 interval=0 flags=0x8
12-17 19:50:30.918  5215  5215 D wpa_supplicant: CTRL-DEBUG: global_ctrl_sock-sendto: sock=16 sndbuf=229376 outq=0 send_len=35
12-17 19:50:30.919  1795  2728 E HwCHRWebMonitor: HwCHRWifiPacketCnt [mTXGood=10, mTXbad=0, mRXGood=6] rssi=-55
12-17 19:50:30.920  1795  2728 E HwCHRWebMonitor: running processName=com.huawei.android.launcher
12-17 19:50:30.921  1795  2728 E HwCHRWebMonitor: HwCHRWifiUIDWebSpeed [appName=com.tencent.mm UID=10105  WEBSENDSEGS=2  WEBRESENDSEGS=0  WEBRECVSEGS=1  WEBERRSEGS=0  WEBOUTRSTS=0  WEBESTABLISRST=0  WEBRTTDURATION=2  WEBRTTSEGS=1  WEBSNDDUPACKS=0  suckTimes=0 recovage_times=0]
12-17 19:50:30.921  1795  2728 E HwCHRWebMonitor: HwCHRWifiUIDWebSpeed [appName=com.huawei.espacev2 UID=10102  WEBSENDSEGS=2  WEBRESENDSEGS=0  WEBRECVSEGS=0  WEBERRSEGS=0  WEBOUTRSTS=1  WEBESTABLISRST=1  WEBRTTDURATION=0  WEBRTTSEGS=0  WEBSNDDUPACKS=0  suckTimes=0 recovage_times=0]
12-17 19:50:30.921  1795  2728 D HwArpVerifier: doCheckAccessInternet
12-17 19:50:30.921  1795  2728 D HwArpVerifier: mAccessWebStatus : rx = 1, tx = 8
12-17 19:50:30.921  1795  2728 D HwArpVerifier: AccessWebStatus : reset all
12-17 19:50:30.924  1795 16232 I AlarmManager: remove(PendingIntent{7eff5c6: PendingIntentRecord{c3f6ee com.tencent.mm broadcastIntent}}) changed bounds; rebatching
12-17 19:50:30.927  2852  2852 W PanelView: set notification panel padding = 1675
12-17 19:50:30.927  2852  2852 I TrafficPanelManager: hideTraffic
12-17 19:50:30.927  2852  2852 I TrafficPanelViewContent: onShowStatusChange show:false
12-17 19:50:30.928  2852  2852 I StackScrollAlgorithm: updateClipping isOverlap:false
12-17 19:50:30.928  2852  2852 I StackScrollAlgorithm: updateDimmedActivatedHideSensitive overlap:false
12-17 19:50:30.928  2852  2852 D KeyguardUpdateMonitor: received broadcast android.intent.action.TIME_TICK
12-17 19:50:30.928  2852  2852 D KeyguardUpdateMonitor: handleTimeUpdate
12-17 19:50:30.929  1795  6986 D PowerManagerService: release:lock=237604388, flg=0x0, tag="WakerLock:49171226", name=com.tencent.mm", ws=null, uid=10105, pid=4634
12-17 19:50:30.930  1795  6986 D PowerManagerService: ready=true,policy=0,wakefulness=0,wksummary=0x1,uasummary=0x0,bootcompleted=true,boostinprogress=false,waitmodeenable=false,mode=true,manual=33,auto=-1,adj=0.0userId=0
12-17 19:50:30.933  3879  3879 I HwLauncher: Model  onReceive intent=Intent { act=android.intent.action.TIME_TICK flg=0x50000014 (has extras) }
12-17 19:50:30.933  3879  3879 I HwLauncher: Model  onReceive user=UserHandle{0}
12-17 19:50:30.934  1795 15988 D PowerManagerService: acquire lock=237604388, flags=0x1, tag="WakerLock:49171226", name=com.tencent.mm, ws=null, uid=10105, pid=4634
12-17 19:50:30.934  1795 15988 D PowerManagerService: ready=true,policy=0,wakefulness=0,wksummary=0x1,uasummary=0x0,bootcompleted=true,boostinprogress=false,waitmodeenable=false,mode=true,manual=33,auto=-1,adj=0.0userId=0
12-17 19:50:30.941  5224  5224 I Step_LSC: 20002302|logicalDealBroadcastEvent : Intent { act=android.intent.action.TIME_TICK flg=0x50000014 (has extras) }
12-17 19:50:30.942  5224  5283 I Step_LSC: 20002302| ## MSG_DEAL_SYSTEM_EVENT android.intent.action.TIME_TICK
12-17 19:50:30.959  1795  1795 D PowerManagerService: ready=true,policy=0,wakefulness=0,wksummary=0x1,uasummary=0x0,bootcompleted=true,boostinprogress=false,waitmodeenable=false,mode=true,manual=33,auto=-1,adj=0.0userId=0
12-17 19:50:30.960  1795 17831 W ActivityManager: getRunningAppProcesses: caller 10105 does not hold REAL_GET_TASKS; limiting output
12-17 19:50:31.006  2852  2852 D DateTimeView: Change to single clock mode!
12-17 19:50:31.008  2852  2852 D DateTimeView: Change to single clock mode!
12-17 19:50:31.027  2852  2852 W PanelView: set notification panel padding = 1675
12-17 19:50:31.028  2852  2852 I TrafficPanelManager: hideTraffic
12-17 19:50:31.028  2852  2852 I TrafficPanelViewContent: onShowStatusChange show:false
12-17 19:50:31.029  2852  2852 I StackScrollAlgorithm: updateClipping isOverlap:false
12-17 19:50:31.029  2852  2852 I StackScrollAlgorithm: updateDimmedActivatedHideSensitive overlap:false
12-17 19:50:31.085  5224  5224 I Step_LSC: 20002302|onStandStepChanged 65632
12-17 19:50:31.086  5224  5224 I Step_LSC: 20002302|compensate received
12-17 19:50:31.089  5224  5283 I Step_DataCache: 20002302|getTodayTotalSteps 4256
12-17 19:50:31.091  5224  5283 I Step_ExtendStepDataManager: 20002302|before compensate: cache step_4256
12-17 19:50:31.094  5224  5283 I Step_DataCache: 20002302|getTodayTotalSteps 4256
12-17 19:50:31.097  5224  5283 I Step_DataCache: 20002302|getTodayTotalSteps 4257
12-17 19:50:31.098  5224  5283 I Step_ExtendStepDataManager: 20002302|after compensate: cache step_4257
12-17 19:50:31.178   633   692 I eSpaceService: tcp.recv{4488} StatusManager.clearAll(StatusManager.java:227)  clear all friends' status
12-17 19:50:31.180   633   692 I ECS     : tcp.recv{4488} SimpleThread.close(SimpleThread.java:69) stopping Heartbeat timer.timers{6125}
12-17 19:50:31.182   633   692 I ECS     : Heartbeat timer.timers{6125} SimpleThread.onLoop_i(SimpleThread.java:144) thread loop broken
12-17 19:50:31.184   633   692 I ECS     : Heartbeat timer.timers{6125} SimpleThread.onDeath_i(SimpleThread.java:133) thread end
12-17 19:50:31.186   633   692 E HW_DEBUG: pool-3-thread-1{4478} 10.run(RecentConversationFunc.java:2177) <<< ERROR(6) >>> not connect!
12-17 19:50:31.187  5224  5283 I Step_SharedPerferenceUtils: 20002302| getTodayTotalDetailSteps from Prefence success and todaySendorSteps= 1481975220000##4256##172216##0##0##443832649
12-17 19:50:31.187   633   692 I ECS     : tcp.recv{4488} SimpleThread.close(SimpleThread.java:88) stopped Heartbeat timer.timers{6125}
12-17 19:50:31.189  5224  5283 I Step_SharedPerferenceUtils: 20002302|setTodayTotalDetailSteps to Prefence todaySendorSteps=1481975340000##4257##172216##0##0##443967552
12-17 19:50:31.189   633   692 I TCP     : tcp.recv{4488} TcpClientThread.onReceiverWork(TcpClientThread.java:314) disconnected
12-17 19:50:31.191   633   692 I eSpaceService: Watch Thread{4481} WatchThread.onLoop(WatchThread.java:90) watch delay to start
12-17 19:50:31.193   633   692 I TupC30  : pool-2-thread-2{4430} 2.doInBackground(TupHelper.java:1260) UnRegister VOIP enter
12-17 19:50:31.195   633   692 I TupC30  : pool-2-thread-2{4430} 2.doInBackground(TupHelper.java:1270) UnRegister VOIP end
12-17 19:50:31.200  5224  5283 I Step_LSC: 20002302|calculateCaloriesWithCache datas.size=8391
12-17 19:50:31.204  5224  5283 I Step_LSC: 20002302|calculateCaloriesWithCache totalCalories=91131
12-17 19:50:31.205  5224  5283 I Step_LSC: 20002302|calculateAltitudeWithCache datas.size=8391
12-17 19:50:31.207  5224  5283 I Step_LSC: 20002302|calculateAltitudeWithCache totalAltitude=0
12-17 19:50:31.209  5224  5283 I Step_LSC: 20002302|REPORT : 4257 91131 3039 0
12-17 19:50:31.210  5224  5283 I SendBroadcastPermission: action:android.com.huawei.bone.NOTIFY_SPORT_DATA, mPermissionType:0
12-17 19:50:31.212  5224  5283 I SendBroadcastPermission: action:android.com.huawei.bone.NOTIFY_SPORT_DATA, mPermissionType:0
12-17 19:50:31.213  1795  3249 I HwActivityManagerService: Split enqueueing broadcast [callerApp]:ProcessRecord{580cfb2 5224:com.huawei.health:DaemonService/u0a99}
12-17 19:50:31.215  2852  2852 I EventCenter: EventCenter Get :android.com.huawei.bone.NOTIFY_SPORT_DATA
12-17 19:50:31.215  2852  2852 D StepCounterView: onStepCounterChange stepsNum:4257
12-17 19:50:31.216  5224  5283 I Step_HSNH: 20002302|upDateHealthNotification()|91|3.04|4257
12-17 19:50:31.218  5224  5283 I Step_HSNH: 20002302|rebuild notification
12-17 19:50:31.220  1795  1795 I MQoS    : onSignal: mSubId=0,currDataSubID=0
12-17 19:50:31.220  1795  1795 I MQoS    : received cell-signal:5
