12-17 19:33:13.900  2852  2852 I EventCenter: EventCenter Get :android.com.huawei.bone.NOTIFY_SPORT_DATA
12-17 19:33:13.900  5224  5283 I Step_HSNH: 20002302|upDateHealthNotification()|90|2.99|4197
12-17 19:33:13.901  5224  5283 I Step_HSNH: 20002302|rebuild notification
12-17 19:33:13.901  1795  1825 D PowerManagerService: reallyGoToSleepNoUpdateLocked: eventTime=123077587, uid=1000
12-17 19:33:13.901  1795  1825 I PowerManagerService: Sleeping (uid 1000)...
12-17 19:33:13.901  1795  1825 I PowerManager_screenOn: PowerManagerNotifier onWakefulnessChangeStarted: wakefulness=0, reason=2, interactive=false, mInteractive=false, mInteractiveChanging=true
12-17 19:33:13.901  1795  1825 D PowerManagerService: ready=false,policy=0,wakefulness=0,wksummary=0x11,uasummary=0x0,bootcompleted=true,boostinprogress=false,waitmodeenable=false,mode=true,manual=33,auto=-1,adj=0.0userId=0
12-17 19:33:13.901  1795  1825 I PowerManager_screenOn: DisplayPowerController updatePowerState mPendingRequestLocked=policy=OFF, useProximitySensor=true, useProximitySensorbyPhone=true, screenBrightness=33, screenAutoBrightnessAdjustment=0.0, brightnessSetByUser=true, useAutoBrightness=true, blockScreenOn=false, lowPowerMode=false, boostScreenBrightness=false, dozeScreenBrightness=-1, dozeScreenState=UNKNOWN, useTwilight=false, useSmartBacklight=true, brightnessWaitMode=false, brightnessWaitRet=true, screenAutoBrightness=-1, userId=0
12-17 19:33:13.903  1795  1795 D PowerManagerService: acquire lock=228612087, flags=0x1, tag="ActivityManager-Sleep", name=android, ws=null, uid=1000, pid=1795
12-17 19:33:13.903  1795  1795 D PowerManagerService: ready=false,policy=0,wakefulness=0,wksummary=0x11,uasummary=0x0,bootcompleted=true,boostinprogress=false,waitmodeenable=false,mode=true,manual=33,auto=-1,adj=0.0userId=0
12-17 19:33:13.903  1795  3139 I NotificationManager: enqueueNotificationInternal: pkg=com.huawei.health id=10010 notification=Notification(pri=0 contentView=null vibrate=null sound=null defaults=0x0 flags=0x2 color=0x00000000 vis=PRIVATE)
12-17 19:33:13.904  1795  1795 I ActivityManager_activity: Start pausing: ActivityRecord{b46dc67 u0 com.android.incallui/.InCallActivity t310}
12-17 19:33:13.904  3608  3608 I InCall  : VideoCallFragment - onPause:
12-17 19:33:13.904  3608  3608 I InCall  : VideoCallPresenter - isVideoCallWorking, state is: 3
12-17 19:33:13.904  3608  3608 D InCall  : VideoCallPresenter - pauseVideo: Error bad state mPrimaryCall=[Call_10, ACTIVE, [Capabilities: CAPABILITY_HOLD CAPABILITY_SUPPORT_HOLD CAPABILITY_MUTE CAPABILITY_CANNOT_DOWNGRADE_VIDEO_TO_AUDIO], children:[], parent:null, conferenceable:[], videoState:Audio Only, mSessionModificationState:0, VideoSettings:(CameraDir:-1)] mVideoCall=null
12-17 19:33:13.904  3608  3608 D InCall  : InCallActivity - onPause()...
12-17 19:33:13.904  3608  3608 D InCall  : DialpadFragment - Notifying dtmf key up.
12-17 19:33:13.905  3608  3608 D InCall  : ContactInfoCache - Contact lookup. In memory cache hit; lookup complete
12-17 19:33:13.908  1795  1795 I NotificationManager: enqueueNotificationInternal: n.getKey = 0|com.huawei.health|10010|null|10099
12-17 19:33:13.909  1795  2750 D HW_DISPLAY_EFFECT: presently, hw_update_color_temp_for_rg_led interface not achieved.
12-17 19:33:13.909  7741  7741 D Mms_TX_NOTIFY: Get no-perm notification callback android.intent.action.SCREEN_ON
12-17 19:33:13.909  3608  3608 D InCall  : StatusBarNotifier - Showing notification for first time.
12-17 19:33:13.909  3608  3608 D InCall  : StatusBarNotifier - Data changed.  Showing notification
12-17 19:33:13.909  3608  3608 D InCall  : StatusBarNotifier - contactsentry_photo is null
12-17 19:33:13.909  7741  7741 D Mms_TX_NOTIFY: ScreenState present
12-17 19:33:13.913  1795  1795 V NotificationService: disableEffects=null canInterrupt=false once update: false
12-17 19:33:13.915  3608  3608 D HwCust  : Create obj success use class android.app.HwCustNotificationImpl
12-17 19:33:13.916  3608  3608 D HwCust  : Create obj success use class android.app.HwCustNotificationImpl
12-17 19:33:13.916  2852  2852 I StatusBar: onNotificationPosted: StatusBarNotification(pkg=com.huawei.health user=UserHandle{0} id=10010 tag=null key=0|com.huawei.health|10010|null|10099: Notification(pri=0 contentView=null vibrate=null sound=null defaults=0x0 flags=0x62 color=0x00000000 vis=PRIVATE)) important=2, post=1481974393904, when=1481531589202, vis=0, userid=0
12-17 19:33:13.916  3626  3626 I iMonitor: create: 903001010
12-17 19:33:13.917  3608  3608 E InCall  : StatusBarNotifier - getNotificationBuilder
12-17 19:33:13.917  2852  2852 D StatusBar: updateNotification(StatusBarNotification(pkg=com.huawei.health user=UserHandle{0} id=10010 tag=null key=0|com.huawei.health|10010|null|10099: Notification(pri=0 contentView=null vibrate=null sound=null defaults=0x0 flags=0x62 color=0x00000000 vis=PRIVATE)))
12-17 19:33:13.918  2852  2852 D HwCust  : Create obj success use class android.app.HwCustNotificationImpl
12-17 19:33:13.918  2852  2852 I StatusBarIconView: updateTint: tint=0
12-17 19:33:13.919  2852  2852 D StatusBar: No peeking: unimportant notification: 0|com.huawei.health|10010|null|10099
12-17 19:33:13.919  2852  2852 D StatusBar: applyInPlace=true shouldPeek=false alertAgain=true
12-17 19:33:13.919  2852  2852 I NotificationGroupManager: onEntryUpdated:0|com.huawei.health|10010|null|10099
12-17 19:33:13.919  2852  2852 I NotificationGroupManager: onEntryAdded:0|com.huawei.health|10010|null|10099, group=0|com.huawei.health|10010|null|10099
12-17 19:33:13.919  2852  2852 D StatusBar: reusing notification for key: 0|com.huawei.health|10010|null|10099
12-17 19:33:13.920  2852  2852 D HwCust  : Create obj success use class android.app.HwCustNotificationImpl
12-17 19:33:13.920  3626  3626 I iMonitor: send: 903001010
12-17 19:33:13.920  2852  2852 D HwCust  : Create obj success use class android.app.HwCustNotificationImpl
12-17 19:33:13.921  2852  2852 I StatusBarIconView: updateTint: tint=0
12-17 19:33:13.921   818  1152 I logserver: handle_exception_events enter
12-17 19:33:13.922  3626  3770 I LSC_903001010: process buffer and get message
12-17 19:33:13.923  3466  3466 I Contacts: DialpadFragment mBroadcastReceiver action:android.intent.action.SCREEN_ON
12-17 19:33:13.927  3608  3608 D InCall  : StatusBarNotifier - Will show "hang-up" action in the ongoing active call Notification
12-17 19:33:13.930  2852  2852 I HwPhoneStatusBar: updateNotificationShade
12-17 19:33:13.930  2852  2852 I PhoneStatusBar: updateNotificationShade
12-17 19:33:13.930  2852  2852 I PhoneStatusBar: removeNotificationChildren
12-17 19:33:13.930  2852  2852 I HwNotificationIconAreaController: showNotificationAll
12-17 19:33:13.933  2852  2852 I NotificationContentView: transferRemoteInputFocus: 0
12-17 19:33:13.934  2852  2852 I NotificationContentView: transferRemoteInputFocus: 0
12-17 19:33:13.935  2852  2852 I StackScrollAlgorithm: overlapAmount:763.6, previousNotificationEnd:607.0, newYTranslation:-156.59998, location:2, i:1, getTopPadding:499.0, getLocationOnScreen():-36
12-17 19:33:13.935  1795  1825 I DisplayPowerController: checkPhoneWindowIsTop:pakcage name:com.android.incallui,ClassName name:com.android.incallui.InCallActivity
12-17 19:33:13.935  2852  2852 I StackScrollAlgorithm: updateClipping isOverlap:true
12-17 19:33:13.935  2852  2852 I StackScrollAlgorithm: updateDimmedActivatedHideSensitive overlap:true
12-17 19:33:13.935  1795  1825 I PowerManager_screenOn: DisplayPowerStatesetColorFadeLevel: level=0.0
12-17 19:33:13.935  1795  1825 I DisplayPowerController: set brightness to DIM brightness:6
12-17 19:33:13.935  1795  1825 D DisplayPowerController: Unfinished business...
12-17 19:33:13.935  1795  1825 I PowerManager_screenOn: DisplayPowerController updatePowerState mPendingRequestLocked=policy=OFF, useProximitySensor=true, useProximitySensorbyPhone=true, screenBrightness=33, screenAutoBrightnessAdjustment=0.0, brightnessSetByUser=true, useAutoBrightness=true, blockScreenOn=false, lowPowerMode=false, boostScreenBrightness=false, dozeScreenBrightness=-1, dozeScreenState=UNKNOWN, useTwilight=false, useSmartBacklight=true, brightnessWaitMode=false, brightnessWaitRet=true, screenAutoBrightness=-1, userId=0
12-17 19:33:13.935  1795  2750 I PowerManager_screenOn: DisplayPowerState Updating screen state: state=ON, backlight=0
12-17 19:33:13.935  1795  1825 I PowerManager_screenOn: DisplayPowerStatesetScreenState: state=1
12-17 19:33:13.935  1795  1825 D FpDataCollector: DisplayPowerState :OFF
12-17 19:33:13.936  1795  2750 I HwLightsService: back light level before map = 0
12-17 19:33:13.936  1795  2750 D HW_DISPLAY_EFFECT: presently, hw_update_color_temp_for_rg_led interface not achieved.
12-17 19:33:13.937  2852  2925 I EventCenter: ContentChange for slot: 1
12-17 19:33:13.937  2852  2852 I HwBrightnessController: onChange selfChange:false uri.toString():content://settings/system/screen_auto_brightness mIsObserveAutoBrightnessChange:true
12-17 19:33:13.938  2852  2852 I HwBrightnessUtils: APS brightness=0.0,ConvertToPercentage=NaN
12-17 19:33:13.938  2852  2852 I HwBrightnessUtils:  getSeekBarProgress isAutoMode:true current brightness:0 percentage:NaN
12-17 19:33:13.938  2852  2852 I HwBrightnessController: updateSlider1 seekBarProgress:0
12-17 19:33:13.938  2852  2852 I HwBrightnessController: updateSlider2 seekBarProgress:0
12-17 19:33:13.938  2852  2852 I ToggleSlider:  mSeekListener onProgressChanged progress:0 fromUser:false
12-17 19:33:13.938  2852  2852 I ToggleSlider:  mSeekListener onProgressChanged progress:0 fromUser:false
12-17 19:33:13.938  3608  3608 E WindowManagerEx: ret: 1
12-17 19:33:13.939  1795  1806 D HwWindowManagerService: imeVis=false
12-17 19:33:13.939  3608  3608 E WindowManagerEx: ret: 0
12-17 19:33:13.939  3608  3608 I InCall  : StatusBarNotifier - isTopIsFullscreen = true--isTopIsFullscreenInput()--false
12-17 19:33:13.939  3608  3608 E InCall  : StatusBarNotifier - buildAndSendNotification state=3 showHeadUpNotification=false mHeadupViewShow=false
12-17 19:33:13.939  3608  3608 D InCall  : StatusBarNotifier - isDreaming = false
12-17 19:33:13.940  3608  3608 D InCall  : StatusBarNotifier - Notifying IN_CALL_NOTIFICATION: Notification(pri=2 contentView=null vibrate=null sound=null defaults=0x0 flags=0x2 color=0x00000000 actions=3 vis=PRIVATE publicVersion=Notification(pri=0 contentView=null vibrate=null sound=null defaults=0x0 flags=0x0 color=0xff33b5e5 vis=PRIVATE))
12-17 19:33:13.944  1795 11747 D PowerManagerService: release:lock=247092602, flg=0x0, tag="RILJ_ACK_WL", name=com.android.phone", ws=null, uid=1001, pid=3218
12-17 19:33:13.944  1795  2332 I qti_sensors_hal: [ACC]processReportInd: X: 5.339398 Y: 8.013510 Z: -0.511151  x_offset:0.160831 y_offset:0.184366 z_offset:0.985027
12-17 19:33:13.948  3626  3753 I LogCollectService: msg = 103 received
12-17 19:33:13.948  1795 11747 D PowerManagerService: ready=false,policy=0,wakefulness=0,wksummary=0x11,uasummary=0x0,bootcompleted=true,boostinprogress=false,waitmodeenable=false,mode=true,manual=33,auto=-1,adj=0.0userId=0
12-17 19:33:13.948  1795  6985 I NotificationManager: enqueueNotificationInternal: pkg=com.android.incallui id=2 notification=Notification(pri=2 contentView=null vibrate=null sound=null defaults=0x0 flags=0x2 color=0x00000000 actions=3 vis=PRIVATE publicVersion=Notification(pri=0 contentView=null vibrate=null sound=null defaults=0x0 flags=0x0 color=0xff33b5e5 vis=PRIVATE))
12-17 19:33:13.948  1795  1825 D HwAmbientLuxFilterAlgo: clear buffer data and algo flags
12-17 19:33:13.948  1795  1825 D lux trace:: []
12-17 19:33:13.949  1795  1825 D Sensors : activate called handle:3 enable:0
12-17 19:33:13.949  1795  1825 D Sensors : bh1745-light calling driver disable
12-17 19:33:13.949  1795  1825 W LightSensor: LightSensor, enable, 283: en=0
12-17 19:33:13.949  1795  1825 W LightSensor: LightSensor, enable, 284: flags=0
12-17 19:33:13.949  1795  1825 W LightSensor: LightSensor, enable, 285: mEnabled=1
12-17 19:33:13.949  1795  1825 E LightSensor: LightSensor disable, event occur num: 1
12-17 19:33:13.950  1795  1795 I NotificationManager: enqueueNotificationInternal: n.getKey = 0|com.android.incallui|2|null|1001
12-17 19:33:13.950  3608  3608 I InCall  : ProximitySensor - ProximitySensor{keybrd=0, dpad=0, offhook=1, hor=0, ui=1, aud=EARPIECE}
12-17 19:33:13.950  3608  3608 D InCall  : ProximitySensor - Turning on proximity sensor
12-17 19:33:13.950  3608  3608 I InCall  : ProximitySensor - Proximity wake lock already acquired
12-17 19:33:13.950  3608  3608 D InCall  : AnswerPresenter - onUiShowingfalse
12-17 19:33:13.951  3608  3608 D InCall  : GlowPadAnswerFragment - Show answer UI: false
