12-17 19:35:11.711  2852  2852 I ToggleSlider:  mSeekListener onProgressChanged progress:1669 fromUser:false
12-17 19:35:11.721  1795  2750 I HwLightsService: back light level before map = 573
12-17 19:35:11.721  1795  2750 D HW_DISPLAY_EFFECT: presently, hw_update_color_temp_for_rg_led interface not achieved.
12-17 19:35:11.737  1795  2750 D HW_DISPLAY_EFFECT: presently, hw_update_color_temp_for_rg_led interface not achieved.
12-17 19:35:11.754  1795  2750 D HW_DISPLAY_EFFECT: presently, hw_update_color_temp_for_rg_led interface not achieved.
12-17 19:35:11.770  1795  2750 D HW_DISPLAY_EFFECT: presently, hw_update_color_temp_for_rg_led interface not achieved.
12-17 19:35:11.772  2852  2852 I HwBrightnessController: onChange selfChange:false uri.toString():content://settings/system/screen_auto_brightness mIsObserveAutoBrightnessChange:true
12-17 19:35:11.772  2852  2925 I EventCenter: ContentChange for slot: 1
12-17 19:35:11.774  2852  2852 I HwBrightnessUtils: APS brightness=13.0,ConvertToPercentage=0.157392
12-17 19:35:11.774  2852  2852 I HwBrightnessUtils:  getSeekBarProgress isAutoMode:true current brightness:13 percentage:0.157392
12-17 19:35:11.774  2852  2852 I HwBrightnessController: updateSlider1 seekBarProgress:1574
12-17 19:35:11.774  2852  2852 I HwBrightnessController: updateSlider2 seekBarProgress:1574
12-17 19:35:11.775  2852  2852 I ToggleSlider:  mSeekListener onProgressChanged progress:1574 fromUser:false
12-17 19:35:11.775  2852  2852 I ToggleSlider:  mSeekListener onProgressChanged progress:1574 fromUser:false
12-17 19:35:11.786  1795  2750 D HW_DISPLAY_EFFECT: presently, hw_update_color_temp_for_rg_led interface not achieved.
12-17 19:35:11.803  1795  2750 D HW_DISPLAY_EFFECT: presently, hw_update_color_temp_for_rg_led interface not achieved.
12-17 19:35:11.820  1795  2750 D HW_DISPLAY_EFFECT: presently, hw_update_color_temp_for_rg_led interface not achieved.
12-17 19:35:11.837  1795  2750 D HW_DISPLAY_EFFECT: presently, hw_update_color_temp_for_rg_led interface not achieved.
12-17 19:35:11.842  5224  5224 I Step_LSC: 20002302|onStandStepChanged 65627
12-17 19:35:11.843  5224  5224 I Step_LSC: 20002302|compensate received
12-17 19:35:11.844  5224  5224 I Step_LSC: 20002302|onStandStepChanged 65628
12-17 19:35:11.845  5224  5224 I Step_LSC: 20002302|compensate received
12-17 19:35:11.847  5224  5283 I Step_DataCache: 20002302|getTodayTotalSteps 4251
12-17 19:35:11.848  5224  5283 I Step_ExtendStepDataManager: 20002302|before compensate: cache step_4251
12-17 19:35:11.851  5224  5283 I Step_DataCache: 20002302|getTodayTotalSteps 4251
12-17 19:35:11.853  5224  5283 I Step_ExtendStepDataManager: 20002302|compensate 24699575 15
12-17 19:35:11.853  1795  2750 I HwLightsService: back light level before map = 509
12-17 19:35:11.854  1795  2750 D HW_DISPLAY_EFFECT: presently, hw_update_color_temp_for_rg_led interface not achieved.
12-17 19:35:11.856  2852  2925 I EventCenter: ContentChange for slot: 1
12-17 19:35:11.856  2852  2852 I HwBrightnessController: onChange selfChange:false uri.toString():content://settings/system/screen_auto_brightness mIsObserveAutoBrightnessChange:true
12-17 19:35:11.859  2852  2852 I HwBrightnessUtils: APS brightness=12.0,ConvertToPercentage=0.14742278
12-17 19:35:11.859  2852  2852 I HwBrightnessUtils:  getSeekBarProgress isAutoMode:true current brightness:12 percentage:0.14742278
12-17 19:35:11.859  2852  2852 I HwBrightnessController: updateSlider1 seekBarProgress:1474
12-17 19:35:11.859  2852  2852 I HwBrightnessController: updateSlider2 seekBarProgress:1474
12-17 19:35:11.860  2852  2852 I ToggleSlider:  mSeekListener onProgressChanged progress:1474 fromUser:false
12-17 19:35:11.860  2852  2852 I ToggleSlider:  mSeekListener onProgressChanged progress:1474 fromUser:false
12-17 19:35:11.861  5224  5283 I Step_DataCache: 20002302|getTodayTotalSteps 4252
12-17 19:35:11.862  5224  5283 I Step_ExtendStepDataManager: 20002302|after compensate: cache step_4252
12-17 19:35:11.864  5224  5283 I Step_DataCache: 20002302|getTodayTotalSteps 4252
12-17 19:35:11.865  5224  5283 I Step_ExtendStepDataManager: 20002302|before compensate: cache step_4252
12-17 19:35:11.867  5224  5283 I Step_DataCache: 20002302|getTodayTotalSteps 4252
12-17 19:35:11.867  5224  5283 I Step_ExtendStepDataManager: 20002302|compensate 24699575 16
12-17 19:35:11.870  1795  2750 D HW_DISPLAY_EFFECT: presently, hw_update_color_temp_for_rg_led interface not achieved.
12-17 19:35:11.870  5224  5283 I Step_DataCache: 20002302|getTodayTotalSteps 4253
12-17 19:35:11.871  5224  5283 I Step_ExtendStepDataManager: 20002302|after compensate: cache step_4253
12-17 19:35:11.886  1795  2750 D HW_DISPLAY_EFFECT: presently, hw_update_color_temp_for_rg_led interface not achieved.
12-17 19:35:11.902  1795  2750 D HW_DISPLAY_EFFECT: presently, hw_update_color_temp_for_rg_led interface not achieved.
12-17 19:35:11.920  1795  2750 D HW_DISPLAY_EFFECT: presently, hw_update_color_temp_for_rg_led interface not achieved.
12-17 19:35:11.925  1795  2377 I AwareLog: AwareMem_EventTracker: [POLLING_TIMEOUT_123109541] is abandoned for memory 865960
12-17 19:35:11.936  1795  2750 D HW_DISPLAY_EFFECT: presently, hw_update_color_temp_for_rg_led interface not achieved.
12-17 19:35:11.938  2852  2925 I EventCenter: ContentChange for slot: 1
12-17 19:35:11.939  2852  2852 I HwBrightnessController: onChange selfChange:false uri.toString():content://settings/system/screen_auto_brightness mIsObserveAutoBrightnessChange:true
12-17 19:35:11.942  1795  2371 E LightSensor: read Events lux:  3.0
12-17 19:35:11.943  2852  2852 I HwBrightnessUtils: APS brightness=11.0,ConvertToPercentage=0.13688216
12-17 19:35:11.943  2852  2852 I HwBrightnessUtils:  getSeekBarProgress isAutoMode:true current brightness:11 percentage:0.13688216
12-17 19:35:11.943  2852  2852 I HwBrightnessController: updateSlider1 seekBarProgress:1369
12-17 19:35:11.943  2852  2852 I HwBrightnessController: updateSlider2 seekBarProgress:1369
12-17 19:35:11.943  2852  2852 I ToggleSlider:  mSeekListener onProgressChanged progress:1369 fromUser:false
12-17 19:35:11.944  2852  2852 I ToggleSlider:  mSeekListener onProgressChanged progress:1369 fromUser:false
12-17 19:35:11.944  5224  5283 I Step_LSC: 20002302|REPORT : 4253 90725 3025 0
12-17 19:35:11.945  5224  5283 I SendBroadcastPermission: action:android.com.huawei.bone.NOTIFY_SPORT_DATA, mPermissionType:0
12-17 19:35:11.948  5224  5283 I SendBroadcastPermission: action:android.com.huawei.bone.NOTIFY_SPORT_DATA, mPermissionType:0
12-17 19:35:11.950  1795  3110 I HwActivityManagerService: Split enqueueing broadcast [callerApp]:ProcessRecord{580cfb2 5224:com.huawei.health:DaemonService/u0a99}
12-17 19:35:11.952  2852  2852 I EventCenter: EventCenter Get :android.com.huawei.bone.NOTIFY_SPORT_DATA
12-17 19:35:11.952  1795  2750 D HW_DISPLAY_EFFECT: presently, hw_update_color_temp_for_rg_led interface not achieved.
12-17 19:35:11.953  2852  2852 D StepCounterView: onStepCounterChange stepsNum:4253
12-17 19:35:11.957  5224  5283 I Step_HSNH: 20002302|upDateHealthNotification()|91|3.03|4253
12-17 19:35:11.958  5224  5283 I Step_HSNH: 20002302|rebuild notification
12-17 19:35:11.965  1795 16232 I NotificationManager: enqueueNotificationInternal: pkg=com.huawei.health id=10010 notification=Notification(pri=0 contentView=null vibrate=null sound=null defaults=0x0 flags=0x2 color=0x00000000 vis=PRIVATE)
12-17 19:35:11.969  1795  1795 I NotificationManager: enqueueNotificationInternal: n.getKey = 0|com.huawei.health|10010|null|10099
12-17 19:35:11.969  1795  2750 I HwLightsService: back light level before map = 453
12-17 19:35:11.969  1795  2750 D HW_DISPLAY_EFFECT: presently, hw_update_color_temp_for_rg_led interface not achieved.
12-17 19:35:11.970  1795  1795 V NotificationService: disableEffects=null canInterrupt=false once update: false
12-17 19:35:11.975  2852  2852 I StatusBar: onNotificationPosted: StatusBarNotification(pkg=com.huawei.health user=UserHandle{0} id=10010 tag=null key=0|com.huawei.health|10010|null|10099: Notification(pri=0 contentView=null vibrate=null sound=null defaults=0x0 flags=0x62 color=0x00000000 vis=PRIVATE)) important=2, post=1481974511966, when=1481531589202, vis=0, userid=0
12-17 19:35:11.976  2852  2852 D StatusBar: updateNotification(StatusBarNotification(pkg=com.huawei.health user=UserHandle{0} id=10010 tag=null key=0|com.huawei.health|10010|null|10099: Notification(pri=0 contentView=null vibrate=null sound=null defaults=0x0 flags=0x62 color=0x00000000 vis=PRIVATE)))
12-17 19:35:11.977  2852  2852 D HwCust  : Create obj success use class android.app.HwCustNotificationImpl
12-17 19:35:11.978   802   802 E Thermal-daemon: [Thermal_Hw] temperature_valid, battery : temperature is invalid, invalid temperatrue is 27
12-17 19:35:11.978   802   802 E Thermal-daemon: [Thermal_Hw] temperature_filter: get invalid temperature, use old temp
12-17 19:35:11.979  2852  2852 I StatusBarIconView: updateTint: tint=0
12-17 19:35:11.980  2852  2852 D StatusBar: No peeking: unimportant notification: 0|com.huawei.health|10010|null|10099
12-17 19:35:11.980  2852  2852 D StatusBar: applyInPlace=true shouldPeek=false alertAgain=true
12-17 19:35:11.980  2852  2852 I NotificationGroupManager: onEntryUpdated:0|com.huawei.health|10010|null|10099
12-17 19:35:11.980  2852  2852 I NotificationGroupManager: onEntryAdded:0|com.huawei.health|10010|null|10099, group=0|com.huawei.health|10010|null|10099
12-17 19:35:11.980  2852  2852 D StatusBar: reusing notification for key: 0|com.huawei.health|10010|null|10099
12-17 19:35:11.981  2852  2852 D HwCust  : Create obj success use class android.app.HwCustNotificationImpl
12-17 19:35:11.982  2852  2852 D HwCust  : Create obj success use class android.app.HwCustNotificationImpl
12-17 19:35:11.983  2852  2852 I StatusBarIconView: updateTint: tint=0
12-17 19:35:11.987  1795  2750 D HW_DISPLAY_EFFECT: presently, hw_update_color_temp_for_rg_led interface not achieved.
12-17 19:35:11.995  2852  2852 I HwPhoneStatusBar: updateNotificationShade
12-17 19:35:11.995  2852  2852 I PhoneStatusBar: updateNotificationShade
12-17 19:35:11.995  2852  2852 I PhoneStatusBar: removeNotificationChildren
12-17 19:35:11.995  2852  2852 I HwNotificationIconAreaController: showNotificationAll
12-17 19:35:11.998  2852  2852 I NotificationContentView: transferRemoteInputFocus: 0
12-17 19:35:11.999  2852  2852 I NotificationContentView: transferRemoteInputFocus: 0
12-17 19:35:12.000  2852  2852 I StackScrollAlgorithm: updateClipping isOverlap:false
12-17 19:35:12.000  2852  2852 I StackScrollAlgorithm: updateDimmedActivatedHideSensitive overlap:false
12-17 19:35:12.002  1795  2750 D HW_DISPLAY_EFFECT: presently, hw_update_color_temp_for_rg_led interface not achieved.
12-17 19:35:12.018  1795  2750 D HW_DISPLAY_EFFECT: presently, hw_update_color_temp_for_rg_led interface not achieved.
12-17 19:35:12.020  2852  2925 I EventCenter: ContentChange for slot: 1
12-17 19:35:12.020  2852  2852 I HwBrightnessController: onChange selfChange:false uri.toString():content://settings/system/screen_auto_brightness mIsObserveAutoBrightnessChange:true
