12-17 19:31:53.132  1795  1795 I TrafficMonitor: gettimer:interval=2000
12-17 19:31:53.256  1795  2332 I qti_sensors_hal: [ACC]processReportInd: X: 6.641065 Y: 6.617529 Z: 3.037042  x_offset:0.160831 y_offset:0.184366 z_offset:0.985027
12-17 19:31:53.366  7741  7758 D TmoMonitor: Cache monitor msg as screen_off
12-17 19:31:53.452  1795  2332 I qti_sensors_hal: [ACC]processReportInd: X: 6.852887 Y: 7.001944 Z: 3.129779  x_offset:0.160831 y_offset:0.184366 z_offset:0.985027
12-17 19:31:53.649  1795  2332 I qti_sensors_hal: [ACC]processReportInd: X: 6.688138 Y: 7.558966 Z: 1.754219  x_offset:0.160831 y_offset:0.184366 z_offset:0.985027
12-17 19:31:53.845  1795  2332 I qti_sensors_hal: [ACC]processReportInd: X: 5.401502 Y: 7.810019 Z: -0.054094  x_offset:0.160831 y_offset:0.184366 z_offset:0.985027
12-17 19:31:54.041  1795  2332 I qti_sensors_hal: [ACC]processReportInd: X: 5.817304 Y: 7.229453 Z: -0.386400  x_offset:0.160831 y_offset:0.184366 z_offset:0.985027
12-17 19:31:54.133  7741  7758 D TmoMonitor: Cache monitor msg as screen_off
12-17 19:31:54.237  1795  2332 I qti_sensors_hal: [ACC]processReportInd: X: 6.397855 Y: 7.056860 Z: -0.185474  x_offset:0.160831 y_offset:0.184366 z_offset:0.985027
12-17 19:31:54.245  3180  4307 I AwareLog: MemoryRecoveryDMEPlugin: handle message MSG_MEM_LEAK_CHECK
12-17 19:31:54.357  7741  7758 D TmoMonitor: Cache monitor msg as screen_off
12-17 19:31:55.114  7741  7758 D TmoMonitor: Cache monitor msg as screen_off
12-17 19:31:55.136  1795  1795 I TrafficMonitor: update:rxPkts:0,txPkts:0,rxBytes:0,txBytes:0
12-17 19:31:55.136  1795  1795 I TrafficMonitor: start expired. level:-1
12-17 19:31:55.136  1795  1795 I TrafficMonitor: gettimer:interval=2000
12-17 19:31:55.340  1795  2371 E huawei_ProximitySensor_CPP_Test: ProximitySensor: 9 is far event,0 is close event,value = 9.000000
12-17 19:31:55.341  1795  2371 I huawei_ProximitySensor_CPP_Test: readEvents:345: ProximitySensor: getTimestamp,mPendingEvent.timestamp =1921561100 
12-17 19:31:55.343  1795  1825 D DisplayPowerController: handleProximitySensorEvent positive:false
12-17 19:31:55.344  1795  1825 D PowerManagerService: Acquiring suspend blocker "PowerManagerService.Display".
12-17 19:31:55.344  1795  1825 I PowerManager_screenOn: DisplayPowerController updatePowerState mPendingRequestLocked=policy=OFF, useProximitySensor=true, useProximitySensorbyPhone=true, screenBrightness=33, screenAutoBrightnessAdjustment=0.0, brightnessSetByUser=true, useAutoBrightness=true, blockScreenOn=false, lowPowerMode=false, boostScreenBrightness=false, dozeScreenBrightness=-1, dozeScreenState=UNKNOWN, useTwilight=false, useSmartBacklight=true, brightnessWaitMode=false, brightnessWaitRet=true, screenAutoBrightness=-1, userId=0
12-17 19:31:55.345  1795  1825 I WindowManger_keyguard: Screen turned off...
12-17 19:31:55.345  1795  1825 V KeyguardServiceDelegate: onScreenTurnedOff()
12-17 19:31:55.345  1795  1825 I WindowManger_keyguard: onScreenTurnedOff()
12-17 19:31:55.346  1795  1825 W HwScreenOnProximityLock: releaseLock: return because sensor listener is held = false
12-17 19:31:55.346  1795  1825 D HwNormalizedAutomaticBrightnessController: set power status:mPowerStatus=true,powerStatus=false
12-17 19:31:55.347  2852  2867 D KeyguardService: Caller checkPermission fail
12-17 19:31:55.347  2852  2867 D KeyguardService: KGSvcCall onScreenTurnedOff.
12-17 19:31:55.347  2852  2867 D KeyguardViewMediator: notifyScreenTurnedOff
12-17 19:31:55.347  1795  1825 D DisplayPowerController: Animating brightness: target=0, rate=0
12-17 19:31:55.348  1795  1825 I PowerManager_screenOn: PowerManagerServiceonProximityNegative -> updatePowerStateLocked
12-17 19:31:55.348  1795  1825 D PowerManagerService: userActivityNoUpdateLocked: eventTime=123028520, event=0, flags=0x0, uid=1000
12-17 19:31:55.348  1795  1825 I PowerManager_screenOn: PowerManagerNotifier onUserActivity: event=0, uid=1000
12-17 19:31:55.348  2852  2852 D KeyguardViewMediator: handleNotifyScreenTurnedOff
12-17 19:31:55.349  1795  1825 I PowerManager_screenOn: PowerManagerService wakeUpNoUpdateLocked: eventTime=123028520, uid=1000
12-17 19:31:55.349  1795  1825 I PowerManager_screenOn: PowerManagerService Waking up from sleep (uid 1000)...
12-17 19:31:55.349  1795  1825 I PowerManager_screenOn: PowerManagerNotifier onWakefulnessChangeStarted: wakefulness=1, reason=0, interactive=true, mInteractive=false, mInteractiveChanging=false
12-17 19:31:55.350  1795  1825 D PowerManagerService: Acquiring suspend blocker "PowerManagerService.Broadcasts".
12-17 19:31:55.350  1795  1825 I PowerManager_screenOn: PowerManagerNotifier onWakeUp: event=android.server.power:POWER, reasonUid=1000 opPackageName=android opUid=1000
12-17 19:31:55.350  1795  1795 I WindowManger_keyguard: Started waking up...
12-17 19:31:55.350  1795  1795 I WindowManger_keyguard: onStartedWakingUp()
12-17 19:31:55.351  1795  1825 D PowerManagerService: userActivityNoUpdateLocked: eventTime=123028520, event=0, flags=0x0, uid=1000
12-17 19:31:55.351  1795  1825 I PowerManager_screenOn: PowerManagerNotifier onUserActivity: event=0, uid=1000
12-17 19:31:55.351  1795  1825 I PowerManager_screenOn: PowerManagerServiceonProximityNegative by Phone
12-17 19:31:55.351  1795  1825 D PowerManagerService: setColorTemperatureAccordingToSetting
12-17 19:31:55.351  1795  1825 D HwPowerManagerService: setColorTemperatureAccordingToSetting
12-17 19:31:55.352  1795  1825 D HwPowerManagerService: isDisplayFeatureSupported feature:1
12-17 19:31:55.352  1795  1825 D HW_DISPLAY_EFFECT: hw_get_smart_display_supported: start++
12-17 19:31:55.352  1795  1825 D HW_DISPLAY_EFFECT: hw_get_smart_display_supported: end--
12-17 19:31:55.352  1795  1825 D HWPowerManger_JNI: Surport 3 dimension color temperature.
12-17 19:31:55.352  1795  1825 D HwPowerManagerService: setColorTemperatureAccordingToSetting new.
12-17 19:31:55.353  1795  1825 D HwPowerManagerService: ColorTemperature read from old setting:128
12-17 19:31:55.353  2852  2866 D KeyguardService: Caller checkPermission fail
12-17 19:31:55.354  2852  2866 D KeyguardService: KGSvcCall onStartedWakingUp.
12-17 19:31:55.354  1795  1825 D HwPowerManagerService: setColorTemperature:128
12-17 19:31:55.354  1795  1825 D HW_DISPLAY_EFFECT: hw_set_colortemperature: start++
12-17 19:31:55.354  1795  1825 W HW_DISPLAY_EFFECT: Warning: hw_set_colortemperature is COLOR_TEMP_2_DIMENSION interface, not supported presently.
12-17 19:31:55.354  1795  1825 D HW_DISPLAY_EFFECT: hw_set_colortemperature: end--
12-17 19:31:55.354  2852  2866 W HwLockScreenReporter: report result = falsereport type:122 msg:
12-17 19:31:55.354  2852  2866 D KeyguardViewMediator: onStartedWakingUp, seq = 470
12-17 19:31:55.354  2852  2866 D KeyguardViewMediator: notifyStartedWakingUp
12-17 19:31:55.355  1795  1825 D PowerManagerService: ready=false,policy=3,wakefulness=1,wksummary=0x10,uasummary=0x1,bootcompleted=true,boostinprogress=false,waitmodeenable=false,mode=true,manual=33,auto=-1,adj=0.0userId=0
12-17 19:31:55.355  1795  1825 I PowerManager_screenOn: DisplayPowerController updatePowerState mPendingRequestLocked=policy=BRIGHT, useProximitySensor=true, useProximitySensorbyPhone=true, screenBrightness=33, screenAutoBrightnessAdjustment=0.0, brightnessSetByUser=true, useAutoBrightness=true, blockScreenOn=false, lowPowerMode=false, boostScreenBrightness=false, dozeScreenBrightness=-1, dozeScreenState=UNKNOWN, useTwilight=false, useSmartBacklight=true, brightnessWaitMode=false, brightnessWaitRet=true, screenAutoBrightness=-1, userId=0
12-17 19:31:55.355  1795  1825 I PowerManager_screenOn: DisplayPowerStatesetScreenState: state=2
12-17 19:31:55.355  2852  2866 W AppHandler: sendMessage 14
12-17 19:31:55.355  1795  1825 D FpDataCollector: DisplayPowerState :ON
12-17 19:31:55.355  2852  2852 D KeyguardViewMediator: handleNotifyWakingUp
12-17 19:31:55.356  2852  2852 I PhoneStatusBar: onStartedWakingUp
12-17 19:31:55.356  2852  2852 V KeyguardUpdateMonitor: FingerStat Visible: false; Interactive: true; Switching: false; Bouncer:false; GoingToSleep: false Occluded: false; dreaming: false; Authenticated: false
12-17 19:31:55.356  2852  2852 V KeyguardUpdateMonitor: KGSvcFp stopListeningForFingerprint(). 1
12-17 19:31:55.356  1795  1795 I PowerManager_screenOn: PowerManagerNotifier Sending wake up broadcast.
12-17 19:31:55.356  1795  1795 I SendBroadcastPermission: action:android.intent.action.SCREEN_ON, mPermissionType:0
12-17 19:31:55.356  1795  2396 I Security_fingerprint: FingerprintService cancelAuthentication
12-17 19:31:55.357  1795  2326 V FingerprintService: stop client com.android.systemui
12-17 19:31:55.357  2852  2852 W KeyguardUpdateMonitor: Fingerprint RunningStateChanged. 2
12-17 19:31:55.357   835   835 I fingerprintd: FingerprintDaemonProxyEx::onTransact, code:2
12-17 19:31:55.357   835   835 V fingerprintd: stopAuthentication()
12-17 19:31:55.357   835   835 D fpc_fingerprint_hal: fpc_cancel
12-17 19:31:55.358   835  2385 D fpc_fingerprint_hal: fpc poll irq interupt
12-17 19:31:55.358   835  2385 D fpc_fingerprint_hal: wait_finger_down, took 3142 ms
12-17 19:31:55.358   835  2385 E fpc_fingerprint_hal: capture_image failed -4
12-17 19:31:55.358   835  2385 I fpc_fingerprint_hal: timeForContinueCapture id:3142
12-17 19:31:55.358  2852  2852 D TimeKeeper: getTimeTickInfo:[mMillisUntilFinished:0, mHour:0, mMinute:0, mSecond:0]
12-17 19:31:55.358   835  2385 E libteec : begin
12-17 19:31:55.358  2852  2852 E KeyguardUpdateMonitor: isSimPinSecure mSimDatas is null or empty 
12-17 19:31:55.359  2852  2852 E KeyguardUpdateMonitor: isSimPinSecure mSimDatas is null or empty 
12-17 19:31:55.359  2852  2852 W HwLockScreenPanel: createLockScreenView when reset
12-17 19:31:55.359   606  2379 E libteec : receive data len = 128
12-17 19:31:55.359  2852  2852 I HwLockScreenPanel: loadMagazine
12-17 19:31:55.359  1795  1795 I HwActivityManagerService: Split enqueueing broadcast [callerApp]:ProcessRecord{34bf34f 0:system/1000}
12-17 19:31:55.360  1795  1795 I ActivityManager_broadcast: Enqueueing ordered broadcast[foreground] BroadcastRecord{23d3e09 u-1 android.intent.action.SCREEN_ON}: prev had 0
12-17 19:31:55.360  1795  1808 I ActivityManager_broadcast: dispatch ordered broadcast [foreground] BroadcastRecord{23d3e09 u-1 android.intent.action.SCREEN_ON}, has 57 receivers
12-17 19:31:55.361  2852  2852 V KeyguardStatusView: Enable transport text marquee
12-17 19:31:55.367  1795  2377 I AwareLog: AwareMem_DMEServer: start
12-17 19:31:55.368  2852  2852 W HwLockScreenPanel: Handle message: 14
12-17 19:31:55.368  1795  2377 I AwareLog: AwareMem_EventTracker: [SCREEN_ON_1481974315367] is abandoned for memory 835060
12-17 19:31:55.370  2852  2852 W DisabledFeatureUtils: Dis-Feature : 0
12-17 19:31:55.371  2852  2852 W DisabledFeatureUtils: Dis-Feature : 0
12-17 19:31:55.371   606  2379 E libteec : QSEECom_send_cmd return!
12-17 19:31:55.371   606  2379 E libteec : qsc_send_cmd finish
12-17 19:31:55.371   606  2379 E libteec : send data return = 128
