12-17 19:33:00.896  5215  5215 D wpa_supplicant: random_mix_pool - hexdump(len=5): [REMOVED]
12-17 19:33:00.896  5215  5215 D wpa_supplicant: random pool - hexdump(len=128): [REMOVED]
12-17 19:33:00.896  5215  5215 D wpa_supplicant: Add randomness: count=860 entropy=463
12-17 19:33:00.896  1795  2326 W FingerprintService: onAcquired 2
12-17 19:33:00.896  5215  5215 D wpa_supplicant: random pool - hexdump(len=128): [REMOVED]
12-17 19:33:00.896  5215  5215 D wpa_supplicant: random_mix_pool - hexdump(len=16): [REMOVED]
12-17 19:33:00.896  5215  5215 D wpa_supplicant: random_mix_pool - hexdump(len=5): [REMOVED]
12-17 19:33:00.896  5215  5215 D wpa_supplicant: random pool - hexdump(len=128): [REMOVED]
12-17 19:33:00.896  5215  5215 D wpa_supplicant: wlan0: Scan-only results received
12-17 19:33:00.896  5215  5215 D wpa_supplicant: CTRL-DEBUG: ctrl_sock-sendmsg: sock=16 sndbuf=229376 outq=0 send_len=24
12-17 19:33:00.896  5215  5215 D wpa_supplicant: CTRL_IFACE monitor sent successfully to /data/misc/wifi/sockets/wpa_ctrl_1795-194\x00
12-17 19:33:00.896  5215  5215 D wpa_supplicant: wlan0: Radio work 'scan'@0x7fb502f3c0 done in 0.488874 seconds
12-17 19:33:00.896  5215  5215 D wpa_supplicant: wlan0: radio_work_free('scan'@0x7fb502f3c0: num_active_works --> 0
12-17 19:33:00.896  5215  5215 D wpa_supplicant: nl80211: Event message available
12-17 19:33:00.896  5215  5215 D wpa_supplicant: nl80211: Drv Event 79 (NL80211_CMD_SET_REKEY_OFFLOAD) received for wlan0
12-17 19:33:00.896  5215  5215 D wpa_supplicant: nl80211: Rekey offload event for BSSID 80:38:bc:08:42:c1
12-17 19:33:00.896  5215  5215 D wpa_supplicant: nl80211: Rekey offload - Replay Counter - hexdump(len=8): 00 00 00 00 00 00 00 02
12-17 19:33:00.896  5215  5215 D wpa_supplicant: wlan0: Event DRIVER_GTK_REKEY (35) received
12-17 19:33:00.897  1795  5219 D WifiMonitor: Dispatching event to interface: wlan0
12-17 19:33:00.897  1795  5219 E WifiMonitor: WifiMonitor:wlan0 cnt=31022 dispatchEvent: CTRL-EVENT-SCAN-RESULTS 
12-17 19:33:00.898 31949 31967 I PushService: tcp.conn{4787} ServiceC.connectedNotify(ServiceC.java:289) 172.30.70.63
12-17 19:33:00.898  1795  2736 E hwintelligencewifi: inlineAddCurrentApInfo mInfos.size()=132
12-17 19:33:00.898  5215  5215 D wpa_supplicant: wlan0: Control interface command 'BSS RANGE=0- MASK=0x3029d87'
12-17 19:33:00.898  5215  5215 E wpa_supplicant: bssid=80:38:bc:0b:2b:e1;freq=2432;level=-55;flags=11;ssid=Huawei-Employee;
12-17 19:33:00.898  5215  5215 E wpa_supplicant: bssid=00:26:f2:1b:9d:b2;freq=2437;level=-56;flags=11;ssid=NTPC02;
12-17 19:33:00.898  5215  5215 E wpa_supplicant: bssid=80:38:bc:08:42:c1;freq=2452;level=-48;flags=43;ssid=Huawei-Employee;
12-17 19:33:00.899  5215  5215 E wpa_supplicant: bssid=80:38:bc:0b:29:61;freq=2412;level=-77;flags=11;ssid=Huawei-Employee;
12-17 19:33:00.899  5215  5215 E wpa_supplicant: bssid=80:38:bc:0a:fa:e0;freq=2412;level=-84;flags=11;ssid=wlanaccessv2.0;
12-17 19:33:00.899  5215  5215 E wpa_supplicant: bssid=80:38:bc:08:42:e0;freq=2472;level=-54;flags=11;ssid=wlanaccessv2.0;
12-17 19:33:00.899  5215  5215 E wpa_supplicant: bssid=80:38:bc:0a:f0:61;freq=2432;level=-83;flags=11;ssid=Huawei-Employee;
12-17 19:33:00.899  5215  5215 E wpa_supplicant: bssid=80:38:bc:0b:14:41;freq=2472;level=-75;flags=11;ssid=Huawei-Employee;
12-17 19:33:00.899  5215  5215 D wpa_supplicant: CTRL-DEBUG: global_ctrl_sock-sendto: sock=16 sndbuf=229376 outq=0 send_len=4022
12-17 19:33:00.901 31949 31967 I ECS     : tcp.conn{4787} XmlMsg.encodeBuf(XmlMsg.java:215) SEND 100 bytes [16]_00_00_00_60_00_03_01_05_01_04_81_BB_00_00_00_00 cmdCode(CC_PCheckVersion.0x0501)msgType(MT_ARG.1)msgClass(MC_Push.5)sender(ST_Mobile.0)crypted(false)zipped(false)nobase64(true)length(96)version(3)sno(81BB)
12-17 19:33:00.902  5215  5215 D wpa_supplicant: wlan0: Control interface command 'BSS RANGE=445- MASK=0x3029d87'
12-17 19:33:00.903  5215  5215 E wpa_supplicant: bssid=80:38:bc:0a:f1:e1;freq=2472;level=-87;flags=11;ssid=Huawei-Employee;
12-17 19:33:00.903  5215  5215 E wpa_supplicant: bssid=80:38:bc:0b:25:e1;freq=2412;level=-90;flags=11;ssid=Huawei-Employee;
12-17 19:33:00.903  5215  5215 E wpa_supplicant: bssid=ac:85:3d:be:20:21;freq=2412;level=-89;flags=11;ssid=Huawei-Employee;
12-17 19:33:00.903  5215  5215 E wpa_supplicant: bssid=80:38:bc:0a:f0:21;freq=2472;level=-91;flags=11;ssid=Huawei-Employee;
12-17 19:33:00.903  5215  5215 E wpa_supplicant: bssid=80:38:bc:0a:f9:61;freq=2472;level=-94;flags=11;ssid=Huawei-Employee;
12-17 19:33:00.903  5215  5215 E wpa_supplicant: bssid=80:38:bc:0b:04:41;freq=2472;level=-88;flags=11;ssid=Huawei-Employee;
12-17 19:33:00.904  5215  5215 E wpa_supplicant: bssid=80:38:bc:0a:f4:60;freq=2472;level=-95;flags=11;ssid=wlanaccessv2.0;
12-17 19:33:00.904  5215  5215 D wpa_supplicant: CTRL-DEBUG: global_ctrl_sock-sendto: sock=16 sndbuf=229376 outq=0 send_len=3679
12-17 19:33:00.904 17238 17238 D Bth     : BtChrStatisticsManager:sendScreenOnEvent enter.
12-17 19:33:00.906 17238 17252 D Bth     : BtChrStatisticsManager:msg Loop is running.
12-17 19:33:00.906  5215  5215 D wpa_supplicant: wlan0: Control interface command 'BSS RANGE=468- MASK=0x3029d87'
12-17 19:33:00.907  5215  5215 E wpa_supplicant: bssid=80:38:bc:0b:19:61;freq=2432;level=-73;flags=11;ssid=Huawei-Employee;
12-17 19:33:00.907  5215  5215 E wpa_supplicant: bssid=80:38:bc:0b:36:e1;freq=2452;level=-88;flags=11;ssid=Huawei-Employee;
12-17 19:33:00.907  5215  5215 E wpa_supplicant: bssid=80:38:bc:0b:1d:81;freq=2472;level=-88;flags=11;ssid=Huawei-Employee;
12-17 19:33:00.907  1795  2680 I AlarmManager: remove(null) changed bounds; rebatching
12-17 19:33:00.907  5215  5215 E wpa_supplicant: bssid=80:38:bc:0b:22:20;freq=2432;level=-89;flags=11;ssid=wlanaccessv2.0;
12-17 19:33:00.907  5215  5215 E wpa_supplicant: bssid=80:38:bc:0b:36:80;freq=2472;level=-91;flags=11;ssid=wlanaccessv2.0;
12-17 19:33:00.908  5215  5215 E wpa_supplicant: bssid=80:38:bc:0b:37:20;freq=2412;level=-92;flags=11;ssid=wlanaccessv2.0;
12-17 19:33:00.908  2852  2852 I HwPhoneStatusBar: updateNotificationShade
12-17 19:33:00.908  5215  5215 E wpa_supplicant: bssid=80:38:bc:0b:29:e0;freq=2452;level=-62;flags=11;ssid=wlanaccessv2.0;
12-17 19:33:00.908  2852  2852 I PhoneStatusBar: updateNotificationShade
12-17 19:33:00.908  2852  2852 I PhoneStatusBar: removeNotificationChildren
12-17 19:33:00.908  5215  5215 D wpa_supplicant: CTRL-DEBUG: global_ctrl_sock-sendto: sock=16 sndbuf=229376 outq=0 send_len=3670
12-17 19:33:00.908  2852  2852 I HwNotificationIconAreaController: showNotificationAll
12-17 19:33:00.911  2852  2852 I NotificationContentView: transferRemoteInputFocus: 0
12-17 19:33:00.912  2852  2852 I NotificationContentView: transferRemoteInputFocus: 0
12-17 19:33:00.913  2852  2852 I StackScrollAlgorithm: overlapAmount:763.6, previousNotificationEnd:607.0, newYTranslation:-156.59998, location:2, i:1, getTopPadding:499.0, getLocationOnScreen():-36
12-17 19:33:00.913  2852  2852 I StackScrollAlgorithm: updateClipping isOverlap:true
12-17 19:33:00.913  2852  2852 I StackScrollAlgorithm: updateDimmedActivatedHideSensitive overlap:true
12-17 19:33:00.913  2852  2852 V KeyguardUpdateMonitor: KGSvcFp onAuthenticationAcquired.2001
12-17 19:33:00.914  5215  5215 D wpa_supplicant: wlan0: Control interface command 'BSS RANGE=0- MASK=0x3029d87'
12-17 19:33:00.914  5215  5215 E wpa_supplicant: bssid=80:38:bc:0b:2b:e1;freq=2432;level=-55;flags=11;ssid=Huawei-Employee;
12-17 19:33:00.914  5215  5215 E wpa_supplicant: bssid=00:26:f2:1b:9d:b2;freq=2437;level=-56;flags=11;ssid=NTPC02;
12-17 19:33:00.914  5215  5215 E wpa_supplicant: bssid=80:38:bc:08:42:c1;freq=2452;level=-48;flags=43;ssid=Huawei-Employee;
12-17 19:33:00.914  5215  5215 E wpa_supplicant: bssid=80:38:bc:0b:29:61;freq=2412;level=-77;flags=11;ssid=Huawei-Employee;
12-17 19:33:00.915  5215  5215 E wpa_supplicant: bssid=80:38:bc:0a:fa:e0;freq=2412;level=-84;flags=11;ssid=wlanaccessv2.0;
12-17 19:33:00.915  5215  5215 E wpa_supplicant: bssid=80:38:bc:08:42:e0;freq=2472;level=-54;flags=11;ssid=wlanaccessv2.0;
12-17 19:33:00.915  5215  5215 E wpa_supplicant: bssid=80:38:bc:0a:f0:61;freq=2432;level=-83;flags=11;ssid=Huawei-Employee;
12-17 19:33:00.915  5215  5215 E wpa_supplicant: bssid=80:38:bc:0b:14:41;freq=2472;level=-75;flags=11;ssid=Huawei-Employee;
12-17 19:33:00.915  5215  5215 D wpa_supplicant: CTRL-DEBUG: global_ctrl_sock-sendto: sock=16 sndbuf=229376 outq=0 send_len=4022
12-17 19:33:00.915   606  2379 E libteec : QSEECom_send_cmd return!
12-17 19:33:00.915   606  2379 E libteec : qsc_send_cmd finish
12-17 19:33:00.915   606  2379 E libteec : send data return = 128
12-17 19:33:00.916  5215  5215 D wpa_supplicant: wlan0: Control interface command 'BSS RANGE=475- MASK=0x3029d87'
12-17 19:33:00.916   835  2385 E libteec : receive data len = 128
12-17 19:33:00.916   835  2385 E libteec : begin
12-17 19:33:00.916   835  2385 E libteec : qsc_decode end
12-17 19:33:00.916  5215  5215 E wpa_supplicant: bssid=80:38:bc:0a:fa:e1;freq=2412;level=-79;flags=11;ssid=Huawei-Employee;
12-17 19:33:00.916  5215  5215 E wpa_supplicant: bssid=80:38:bc:0b:34:a0;freq=2472;level=-81;flags=11;ssid=wlanaccessv2.0;
12-17 19:33:00.916  5215  5215 E wpa_supplicant: bssid=80:38:bc:0b:36:e0;freq=2452;level=-82;flags=11;ssid=wlanaccessv2.0;
12-17 19:33:00.916  5215  5215 E wpa_supplicant: bssid=80:38:bc:06:d2:ab;freq=2412;level=-85;flags=11;ssid=;
12-17 19:33:00.916  5215  5215 E wpa_supplicant: bssid=80:38:bc:0a:f2:00;freq=2452;level=-77;flags=11;ssid=wlanaccessv2.0;
12-17 19:33:00.917  5215  5215 E wpa_supplicant: bssid=80:38:bc:0b:31:e1;freq=2412;level=-87;flags=11;ssid=Huawei-Employee;
12-17 19:33:00.917  5215  5215 E wpa_supplicant: bssid=80:38:bc:0a:f9:81;freq=2412;level=-88;flags=11;ssid=Huawei-Employee;
12-17 19:33:00.917  5215  5215 D wpa_supplicant: CTRL-DEBUG: global_ctrl_sock-sendto: sock=16 sndbuf=229376 outq=0 send_len=3614
12-17 19:33:00.917  5215  5215 D wpa_supplicant: wlan0: Control interface command 'BSS RANGE=445- MASK=0x3029d87'
12-17 19:33:00.918  5215  5215 E wpa_supplicant: bssid=80:38:bc:0a:f1:e1;freq=2472;level=-87;flags=11;ssid=Huawei-Employee;
12-17 19:33:00.918  5215  5215 E wpa_supplicant: bssid=80:38:bc:0b:25:e1;freq=2412;level=-90;flags=11;ssid=Huawei-Employee;
12-17 19:33:00.918  5215  5215 E wpa_supplicant: bssid=ac:85:3d:be:20:21;freq=2412;level=-89;flags=11;ssid=Huawei-Employee;
12-17 19:33:00.918  5215  5215 E wpa_supplicant: bssid=80:38:bc:0a:f0:21;freq=2472;level=-91;flags=11;ssid=Huawei-Employee;
12-17 19:33:00.918  5215  5215 E wpa_supplicant: bssid=80:38:bc:0a:f9:61;freq=2472;level=-94;flags=11;ssid=Huawei-Employee;
12-17 19:33:00.918  5215  5215 E wpa_supplicant: bssid=80:38:bc:0b:04:41;freq=2472;level=-88;flags=11;ssid=Huawei-Employee;
12-17 19:33:00.918  5215  5215 E wpa_supplicant: bssid=80:38:bc:0a:f4:60;freq=2472;level=-95;flags=11;ssid=wlanaccessv2.0;
12-17 19:33:00.919  5215  5215 D wpa_supplicant: CTRL-DEBUG: global_ctrl_sock-sendto: sock=16 sndbuf=229376 outq=0 send_len=3679
12-17 19:33:00.919  5215  5215 D wpa_supplicant: wlan0: Control interface command 'BSS RANGE=482- MASK=0x3029d87'
12-17 19:33:00.919  5215  5215 E wpa_supplicant: bssid=18:c5:8a:1a:4d:21;freq=2472;level=-93;flags=11;ssid=Huawei-Employee;
