12-17 19:33:00.893  5215  5215 D wpa_supplicant: Beacon IEs - hexdump(len=193): 00 0e 77 6c 61 6e 61 63 63 65 73 73 76 32 2e 30 01 08 82 84 0b 16 0c 12 18 24 03 01 0d 05 04 00 ...
12-17 19:33:00.893  5215  5215 D wpa_supplicant: 80:38:bc:0b:14:80 freq=2452 qual=0 noise=-89~ level=-91 snr=-2 flags=0xb age=30 est=6500
12-17 19:33:00.893  5215  5215 D wpa_supplicant: IEs - hexdump(len=193): 00 0e 77 6c 61 6e 61 63 63 65 73 73 76 32 2e 30 01 08 82 84 0b 16 0c 12 18 24 03 01 09 05 04 00 ...
12-17 19:33:00.893  5215  5215 D wpa_supplicant: Beacon IEs - hexdump(len=193): 00 0e 77 6c 61 6e 61 63 63 65 73 73 76 32 2e 30 01 08 82 84 0b 16 0c 12 18 24 03 01 09 05 04 00 ...
12-17 19:33:00.893  5215  5215 D wpa_supplicant: 80:38:bc:0a:f1:e0 freq=2472 qual=0 noise=-89~ level=-92 snr=-3 flags=0xb age=30 est=6500
12-17 19:33:00.893  5215  5215 D wpa_supplicant: IEs - hexdump(len=193): 00 0e 77 6c 61 6e 61 63 63 65 73 73 76 32 2e 30 01 08 82 84 0b 16 0c 12 18 24 03 01 0d 05 04 00 ...
12-17 19:33:00.893  5215  5215 D wpa_supplicant: Beacon IEs - hexdump(len=193): 00 0e 77 6c 61 6e 61 63 63 65 73 73 76 32 2e 30 01 08 82 84 0b 16 0c 12 18 24 03 01 0d 05 04 00 ...
12-17 19:33:00.893  5215  5215 D wpa_supplicant: 80:38:bc:0a:ef:c0 freq=2412 qual=0 noise=-89~ level=-93 snr=-4 flags=0xb age=30 est=6500
12-17 19:33:00.893  5215  5215 D wpa_supplicant: IEs - hexdump(len=193): 00 0e 77 6c 61 6e 61 63 63 65 73 73 76 32 2e 30 01 08 82 84 0b 16 0c 12 18 24 03 01 01 05 04 00 ...
12-17 19:33:00.893  5215  5215 D wpa_supplicant: Beacon IEs - hexdump(len=193): 00 0e 77 6c 61 6e 61 63 63 65 73 73 76 32 2e 30 01 08 82 84 0b 16 0c 12 18 24 03 01 01 05 04 00 ...
12-17 19:33:00.893  5215  5215 D wpa_supplicant: 18:c5:8a:1a:4d:21 freq=2472 qual=0 noise=-89~ level=-93 snr=-4 flags=0xb age=30 est=6500
12-17 19:33:00.893  5215  5215 D wpa_supplicant: IEs - hexdump(len=194): 00 0f 48 75 61 77 65 69 2d 45 6d 70 6c 6f 79 65 65 01 08 82 84 0b 16 0c 12 18 24 03 01 0d 05 04 ...
12-17 19:33:00.893  5215  5215 D wpa_supplicant: Beacon IEs - hexdump(len=194): 00 0f 48 75 61 77 65 69 2d 45 6d 70 6c 6f 79 65 65 01 08 82 84 0b 16 0c 12 18 24 03 01 0d 05 04 ...
12-17 19:33:00.893  5215  5215 D wpa_supplicant: 8c:a6:df:4a:8c:e2 freq=2462 qual=0 noise=-89~ level=-93 snr=-4 flags=0xb age=30 est=6500
12-17 19:33:00.893  5215  5215 D wpa_supplicant: IEs - hexdump(len=178): 00 0a 49 4f 54 2d 48 55 41 57 45 49 01 08 82 84 8b 96 0c 12 18 24 03 01 0b 2a 01 00 32 04 30 48 ...
12-17 19:33:00.893  5215  5215 D wpa_supplicant: 80:38:bc:0a:fe:e0 freq=2412 qual=0 noise=-89~ level=-94 snr=-5 flags=0xb age=30 est=6500
12-17 19:33:00.893  5215  5215 D wpa_supplicant: IEs - hexdump(len=193): 00 0e 77 6c 61 6e 61 63 63 65 73 73 76 32 2e 30 01 08 82 84 0b 16 0c 12 18 24 03 01 01 05 04 00 ...
12-17 19:33:00.893  5215  5215 D wpa_supplicant: Beacon IEs - hexdump(len=193): 00 0e 77 6c 61 6e 61 63 63 65 73 73 76 32 2e 30 01 08 82 84 0b 16 0c 12 18 24 03 01 01 05 04 00 ...
12-17 19:33:00.893  5215  5215 D wpa_supplicant: 80:38:bc:0a:f9:61 freq=2472 qual=0 noise=-89~ level=-94 snr=-5 flags=0xb age=30 est=6500
12-17 19:33:00.893  5215  5215 D wpa_supplicant: IEs - hexdump(len=194): 00 0f 48 75 61 77 65 69 2d 45 6d 70 6c 6f 79 65 65 01 08 82 84 0b 16 0c 12 18 24 03 01 0d 05 04 ...
12-17 19:33:00.893  5215  5215 D wpa_supplicant: Beacon IEs - hexdump(len=194): 00 0f 48 75 61 77 65 69 2d 45 6d 70 6c 6f 79 65 65 01 08 82 84 0b 16 0c 12 18 24 03 01 0d 05 04 ...
12-17 19:33:00.893  5215  5215 D wpa_supplicant: 80:38:bc:0a:f0:c1 freq=2452 qual=0 noise=-89~ level=-95 snr=-6 flags=0xb age=30 est=6500
12-17 19:33:00.895  5215  5215 D wpa_supplicant: IEs - hexdump(len=194): 00 0f 48 75 61 77 65 69 2d 45 6d 70 6c 6f 79 65 65 01 08 82 84 0b 16 0c 12 18 24 03 01 09 05 04 ...
12-17 19:33:00.895  5215  5215 D wpa_supplicant: Beacon IEs - hexdump(len=194): 00 0f 48 75 61 77 65 69 2d 45 6d 70 6c 6f 79 65 65 01 08 82 84 0b 16 0c 12 18 24 03 01 09 05 04 ...
12-17 19:33:00.895  5215  5215 D wpa_supplicant: wlan0: BSS: Start scan result update 109
12-17 19:33:00.895  5215  5215 D wpa_supplicant: wlan0: BSS: Add new id 495 BSSID 80:38:bc:08:42:e1 SSID 'Huawei-Employee' freq 2472
12-17 19:33:00.895  5215  5215 D wpa_supplicant: CTRL-DEBUG: ctrl_sock-sendmsg: sock=16 sndbuf=229376 outq=0 send_len=42
12-17 19:33:00.895  5215  5215 D wpa_supplicant: CTRL_IFACE monitor sent successfully to /data/misc/wifi/sockets/wpa_ctrl_1795-194\x00
12-17 19:33:00.895  5215  5215 D wpa_supplicant: wlan0: BSS: Add new id 496 BSSID 80:38:bc:0a:f9:21 SSID 'Huawei-Employee' freq 2472
12-17 19:33:00.895  5215  5215 D wpa_supplicant: CTRL-DEBUG: ctrl_sock-sendmsg: sock=16 sndbuf=229376 outq=0 send_len=42
12-17 19:33:00.895  1795  5219 D WifiMonitor: Dispatching event to interface: wlan0
12-17 19:33:00.895  5215  5215 D wpa_supplicant: CTRL_IFACE monitor sent successfully to /data/misc/wifi/sockets/wpa_ctrl_1795-194\x00
12-17 19:33:00.895  5215  5215 D wpa_supplicant: wlan0: BSS: Add new id 497 BSSID 80:38:bc:0b:22:a0 SSID 'wlanaccessv2.0' freq 2452
12-17 19:33:00.895  5215  5215 D wpa_supplicant: CTRL-DEBUG: ctrl_sock-sendmsg: sock=16 sndbuf=229376 outq=0 send_len=42
12-17 19:33:00.895  1795  5219 D WifiMonitor: Dispatching event to interface: wlan0
12-17 19:33:00.895  5215  5215 D wpa_supplicant: CTRL_IFACE monitor sent successfully to /data/misc/wifi/sockets/wpa_ctrl_1795-194\x00
12-17 19:33:00.895   606  2379 E libteec : QSEECom_send_cmd return!
12-17 19:33:00.895   606  2379 E libteec : qsc_send_cmd finish
12-17 19:33:00.895  1795  5219 D WifiMonitor: Dispatching event to interface: wlan0
12-17 19:33:00.895  5215  5215 D wpa_supplicant: wlan0: BSS: Add new id 498 BSSID 80:38:bc:0b:36:a1 SSID 'Huawei-Employee' freq 2472
12-17 19:33:00.895   606  2379 E libteec : send data return = 192
12-17 19:33:00.895  5215  5215 D wpa_supplicant: CTRL-DEBUG: ctrl_sock-sendmsg: sock=16 sndbuf=229376 outq=0 send_len=42
12-17 19:33:00.895  5215  5215 D wpa_supplicant: CTRL_IFACE monitor sent successfully to /data/misc/wifi/sockets/wpa_ctrl_1795-194\x00
12-17 19:33:00.895   835  2385 E libteec : receive data len = 192
12-17 19:33:00.895  1795  5219 D WifiMonitor: Dispatching event to interface: wlan0
12-17 19:33:00.895   835  2385 E libteec : begin
12-17 19:33:00.895  5215  5215 D wpa_supplicant: wlan0: BSS: Add new id 499 BSSID 80:38:bc:0a:f1:e0 SSID 'wlanaccessv2.0' freq 2472
12-17 19:33:00.895   835  2385 E libteec : qsc_decode end
12-17 19:33:00.895  5215  5215 D wpa_supplicant: CTRL-DEBUG: ctrl_sock-sendmsg: sock=16 sndbuf=229376 outq=0 send_len=42
12-17 19:33:00.895   835  2385 I fpc_tac : fpc_tac_send_set_arbitrary_data_cmd:ok, response:0
12-17 19:33:00.895  5215  5215 D wpa_supplicant: CTRL_IFACE monitor sent successfully to /data/misc/wifi/sockets/wpa_ctrl_1795-194\x00
12-17 19:33:00.895   835  2385 D fingerprintd: onAcquired(2001)
12-17 19:33:00.895  5215  5215 D wpa_supplicant: BSS: last_scan_res_used=29/64
12-17 19:33:00.895  5215  5215 D wpa_supplicant: Add randomness: count=851 entropy=454
12-17 19:33:00.896  5215  5215 D wpa_supplicant: random pool - hexdump(len=128): [REMOVED]
12-17 19:33:00.896  5215  5215 D wpa_supplicant: random_mix_pool - hexdump(len=16): [REMOVED]
12-17 19:33:00.896  5215  5215 D wpa_supplicant: random_mix_pool - hexdump(len=5): [REMOVED]
12-17 19:33:00.896  5215  5215 D wpa_supplicant: random pool - hexdump(len=128): [REMOVED]
12-17 19:33:00.896  5215  5215 D wpa_supplicant: Add randomness: count=852 entropy=455
12-17 19:33:00.896  5215  5215 D wpa_supplicant: random pool - hexdump(len=128): [REMOVED]
12-17 19:33:00.896  5215  5215 D wpa_supplicant: random_mix_pool - hexdump(len=16): [REMOVED]
12-17 19:33:00.896  5215  5215 D wpa_supplicant: random_mix_pool - hexdump(len=5): [REMOVED]
12-17 19:33:00.896  5215  5215 D wpa_supplicant: random pool - hexdump(len=128): [REMOVED]
12-17 19:33:00.896  5215  5215 D wpa_supplicant: Add randomness: count=853 entropy=456
12-17 19:33:00.896   835  2385 E libteec : begin
12-17 19:33:00.896  5215  5215 D wpa_supplicant: random pool - hexdump(len=128): [REMOVED]
12-17 19:33:00.896  1795  5219 D WifiMonitor: Dispatching event to interface: wlan0
12-17 19:33:00.896  5215  5215 D wpa_supplicant: random_mix_pool - hexdump(len=16): [REMOVED]
12-17 19:33:00.896  5215  5215 D wpa_supplicant: random_mix_pool - hexdump(len=5): [REMOVED]
12-17 19:33:00.896  5215  5215 D wpa_supplicant: random pool - hexdump(len=128): [REMOVED]
12-17 19:33:00.896   606  2379 E libteec : receive data len = 128
12-17 19:33:00.896  5215  5215 D wpa_supplicant: Add randomness: count=854 entropy=457
12-17 19:33:00.896  5215  5215 D wpa_supplicant: random pool - hexdump(len=128): [REMOVED]
12-17 19:33:00.896  5215  5215 D wpa_supplicant: random_mix_pool - hexdump(len=16): [REMOVED]
12-17 19:33:00.896  5215  5215 D wpa_supplicant: random_mix_pool - hexdump(len=5): [REMOVED]
12-17 19:33:00.896  5215  5215 D wpa_supplicant: random pool - hexdump(len=128): [REMOVED]
12-17 19:33:00.896  5215  5215 D wpa_supplicant: Add randomness: count=855 entropy=458
12-17 19:33:00.896  5215  5215 D wpa_supplicant: random pool - hexdump(len=128): [REMOVED]
12-17 19:33:00.896  5215  5215 D wpa_supplicant: random_mix_pool - hexdump(len=16): [REMOVED]
12-17 19:33:00.896  1795  2778 W FingerprintService: onAcquired 1
12-17 19:33:00.896  5215  5215 D wpa_supplicant: random_mix_pool - hexdump(len=5): [REMOVED]
12-17 19:33:00.896  5215  5215 D wpa_supplicant: random pool - hexdump(len=128): [REMOVED]
12-17 19:33:00.896  5215  5215 D wpa_supplicant: Add randomness: count=856 entropy=459
12-17 19:33:00.896  5215  5215 D wpa_supplicant: random pool - hexdump(len=128): [REMOVED]
12-17 19:33:00.896  5215  5215 D wpa_supplicant: random_mix_pool - hexdump(len=16): [REMOVED]
12-17 19:33:00.896  5215  5215 D wpa_supplicant: random_mix_pool - hexdump(len=5): [REMOVED]
12-17 19:33:00.896  5215  5215 D wpa_supplicant: random pool - hexdump(len=128): [REMOVED]
12-17 19:33:00.896  5215  5215 D wpa_supplicant: Add randomness: count=857 entropy=460
12-17 19:33:00.896  5215  5215 D wpa_supplicant: random pool - hexdump(len=128): [REMOVED]
12-17 19:33:00.896  5215  5215 D wpa_supplicant: random_mix_pool - hexdump(len=16): [REMOVED]
12-17 19:33:00.896  5215  5215 D wpa_supplicant: random_mix_pool - hexdump(len=5): [REMOVED]
12-17 19:33:00.896  5215  5215 D wpa_supplicant: random pool - hexdump(len=128): [REMOVED]
12-17 19:33:00.896  5215  5215 D wpa_supplicant: Add randomness: count=858 entropy=461
12-17 19:33:00.896  5215  5215 D wpa_supplicant: random pool - hexdump(len=128): [REMOVED]
12-17 19:33:00.896  5215  5215 D wpa_supplicant: random_mix_pool - hexdump(len=16): [REMOVED]
12-17 19:33:00.896  5215  5215 D wpa_supplicant: random_mix_pool - hexdump(len=5): [REMOVED]
12-17 19:33:00.896  5215  5215 D wpa_supplicant: random pool - hexdump(len=128): [REMOVED]
12-17 19:33:00.896  5215  5215 D wpa_supplicant: Add randomness: count=859 entropy=462
12-17 19:33:00.896  5215  5215 D wpa_supplicant: random pool - hexdump(len=128): [REMOVED]
12-17 19:33:00.896  5215  5215 D wpa_supplicant: random_mix_pool - hexdump(len=16): [REMOVED]
