12-17 19:48:16.332   633 31870 I SDK     : 
12-17 19:48:16.332  2852  2852 W PanelView: set notification panel padding = 1878
12-17 19:48:16.332  2852  2852 W PanelView: set notification panel padding = 1878
12-17 19:48:16.332   633 31870 I SDK     : <2016-12-17 19:48:16> [WARN] SDK: UE-SeC 2016-12-17 19:48:16:332 Level[WARN] magic[3362781472 684]:PubEvt_Close Getting a socket[221] from the Socket-table Failed!
12-17 19:48:16.332   633 31870 I SDK     : 
12-17 19:48:16.332  2852  2852 I TrafficPanelManager: hideTraffic
12-17 19:48:16.332  2852  2852 I TrafficPanelViewContent: onShowStatusChange show:false
12-17 19:48:16.332   633 31870 I SDK     : <2016-12-17 19:48:16> [WARN] SDK: UE-SeC 2016-12-17 19:48:16:332 Level[WARN] magic[3362781472 684]:PubEvt_Close Getting a socket[222] from the Socket-table Failed!
12-17 19:48:16.332   633 31870 I SDK     : 
12-17 19:48:16.332  2852  2852 I TrafficPanelManager: hideTraffic
12-17 19:48:16.332  1795  6988 I NotificationManager: onNotificationExpansionChanged called
12-17 19:48:16.332  2852  2852 I TrafficPanelViewContent: onShowStatusChange show:false
12-17 19:48:16.332   633 31870 I SDK     : <2016-12-17 19:48:16> [WARN] SDK: UE-SeC 2016-12-17 19:48:16:332 Level[WARN] magic[3362781472 684]:PubEvt_Close Getting a socket[223] from the Socket-table Failed!
12-17 19:48:16.332   633 31870 I SDK     : 
12-17 19:48:16.333  2852  2852 I StackScroller: generateAddAnimation:null, false
12-17 19:48:16.333   633 31870 I SDK     : <2016-12-17 19:48:16> [WARN] SDK: UE-SeC 2016-12-17 19:48:16:332 Level[WARN] magic[3362781472 684]:PubEvt_Close Getting a socket[224] from the Socket-table Failed!
12-17 19:48:16.333   633 31870 I SDK     : 
12-17 19:48:16.333  2852  2852 I StackScroller: generateAddAnimation:null, false
12-17 19:48:16.333   633 31870 I SDK     : <2016-12-17 19:48:16> [WARN] SDK: UE-SeC 2016-12-17 19:48:16:333 Level[WARN] magic[3362781472 684]:PubEvt_Close Getting a socket[225] from the Socket-table Failed!
12-17 19:48:16.333   633 31870 I SDK     : 
12-17 19:48:16.333   633 31870 I SDK     : <2016-12-17 19:48:16> [WARN] SDK: UE-SeC 2016-12-17 19:48:16:333 Level[WARN] magic[3362781472 684]:PubEvt_Close Getting a socket[226] from the Socket-table Failed!
12-17 19:48:16.333   633 31870 I SDK     : 
12-17 19:48:16.333  2852  2852 I StackScroller: generateAddAnimation:null, false
12-17 19:48:16.333   633 31870 I SDK     : <2016-12-17 19:48:16> [WARN] SDK: UE-SeC 2016-12-17 19:48:16:333 Level[WARN] magic[3362781472 684]:PubEvt_Close Getting a socket[227] from the Socket-table Failed!
12-17 19:48:16.333   633 31870 I SDK     : 
12-17 19:48:16.333  2852  2852 I HwNotificationIconAreaController: showNotificationAll
12-17 19:48:16.333  2852  2852 W AppHandler: sendMessage 4
12-17 19:48:16.333   633 31870 I SDK     : <2016-12-17 19:48:16> [WARN] SDK: UE-SeC 2016-12-17 19:48:16:333 Level[WARN] magic[3362781472 684]:PubEvt_Close Getting a socket[228] from the Socket-table Failed!
12-17 19:48:16.333   633 31870 I SDK     : 
12-17 19:48:16.334   633 31870 I SDK     : <2016-12-17 19:48:16> [WARN] SDK: UE-SeC 2016-12-17 19:48:16:333 Level[WARN] magic[3362781472 684]:PubEvt_Close Getting a socket[229] from the Socket-table Failed!
12-17 19:48:16.334   633 31870 I SDK     : 
12-17 19:48:16.334   633 31870 I SDK     : <2016-12-17 19:48:16> [WARN] SDK: UE-SeC 2016-12-17 19:48:16:334 Level[WARN] magic[3362781472 684]:PubEvt_Close Getting a socket[230] from the Socket-table Failed!
12-17 19:48:16.334   633 31870 I SDK     : 
12-17 19:48:16.335   633 31870 I SDK     : <2016-12-17 19:48:16> [WARN] SDK: UE-SeC 2016-12-17 19:48:16:335 Level[WARN] magic[3362781472 684]:PubEvt_Close Getting a socket[231] from the Socket-table Failed!
12-17 19:48:16.335   633 31870 I SDK     : 
12-17 19:48:16.335   633 31870 I SDK     : <2016-12-17 19:48:16> [WARN] SDK: UE-SeC 2016-12-17 19:48:16:335 Level[WARN] magic[3362781472 684]:PubEvt_Close Getting a socket[232] from the Socket-table Failed!
12-17 19:48:16.335   633 31870 I SDK     : 
12-17 19:48:16.335   633 31870 I SDK     : <2016-12-17 19:48:16> [WARN] SDK: UE-SeC 2016-12-17 19:48:16:335 Level[WARN] magic[3362781472 684]:PubEvt_Close Getting a socket[233] from the Socket-table Failed!
12-17 19:48:16.335   633 31870 I SDK     : 
12-17 19:48:16.335   633 31870 I SDK     : <2016-12-17 19:48:16> [WARN] SDK: UE-SeC 2016-12-17 19:48:16:335 Level[WARN] magic[3362781472 684]:PubEvt_Close Getting a socket[234] from the Socket-table Failed!
12-17 19:48:16.335   633 31870 I SDK     : 
12-17 19:48:16.335   633 31870 I SDK     : <2016-12-17 19:48:16> [WARN] SDK: UE-SeC 2016-12-17 19:48:16:335 Level[WARN] magic[3362781472 684]:PubEvt_Close Getting a socket[235] from the Socket-table Failed!
12-17 19:48:16.335   633 31870 I SDK     : 
12-17 19:48:16.335   633 31870 I SDK     : <2016-12-17 19:48:16> [WARN] SDK: UE-SeC 2016-12-17 19:48:16:335 Level[WARN] magic[3362781472 684]:PubEvt_Close Getting a socket[236] from the Socket-table Failed!
12-17 19:48:16.335   633 31870 I SDK     : 
12-17 19:48:16.335   633 31870 I SDK     : <2016-12-17 19:48:16> [WARN] SDK: UE-SeC 2016-12-17 19:48:16:335 Level[WARN] magic[3362781472 684]:PubEvt_Close Getting a socket[237] from the Socket-table Failed!
12-17 19:48:16.335   633 31870 I SDK     : 
12-17 19:48:16.336   633 31870 I SDK     : <2016-12-17 19:48:16> [WARN] SDK: UE-SeC 2016-12-17 19:48:16:336 Level[WARN] magic[3362781472 684]:PubEvt_Close Getting a socket[238] from the Socket-table Failed!
12-17 19:48:16.336   633 31870 I SDK     : 
12-17 19:48:16.336   633 31870 I SDK     : <2016-12-17 19:48:16> [WARN] SDK: UE-SeC 2016-12-17 19:48:16:336 Level[WARN] magic[3362781472 684]:PubEvt_Close Getting a socket[239] from the Socket-table Failed!
12-17 19:48:16.336   633 31870 I SDK     : 
12-17 19:48:16.336   633 31870 I SDK     : <2016-12-17 19:48:16> [WARN] SDK: UE-SeC 2016-12-17 19:48:16:336 Level[WARN] magic[3362781472 684]:PubEvt_Close Getting a socket[240] from the Socket-table Failed!
12-17 19:48:16.336   633 31870 I SDK     : 
12-17 19:48:16.336   633 31870 I SDK     : <2016-12-17 19:48:16> [WARN] SDK: UE-SeC 2016-12-17 19:48:16:336 Level[WARN] magic[3362781472 684]:PubEvt_Close Getting a socket[241] from the Socket-table Failed!
12-17 19:48:16.336   633 31870 I SDK     : 
12-17 19:48:16.336   633 31870 I SDK     : <2016-12-17 19:48:16> [WARN] SDK: UE-SeC 2016-12-17 19:48:16:336 Level[WARN] magic[3362781472 684]:PubEvt_Close Getting a socket[242] from the Socket-table Failed!
12-17 19:48:16.336   633 31870 I SDK     : 
12-17 19:48:16.336   633 31870 I SDK     : <2016-12-17 19:48:16> [WARN] SDK: UE-SeC 2016-12-17 19:48:16:336 Level[WARN] magic[3362781472 684]:PubEvt_Close Getting a socket[243] from the Socket-table Failed!
12-17 19:48:16.336   633 31870 I SDK     : 
12-17 19:48:16.336   633 31870 I SDK     : <2016-12-17 19:48:16> [WARN] SDK: UE-SeC 2016-12-17 19:48:16:336 Level[WARN] magic[3362781472 684]:PubEvt_Close Getting a socket[244] from the Socket-table Failed!
12-17 19:48:16.336   633 31870 I SDK     : 
12-17 19:48:16.337   633 31870 I SDK     : <2016-12-17 19:48:16> [WARN] SDK: UE-SeC 2016-12-17 19:48:16:337 Level[WARN] magic[3362781472 684]:PubEvt_Close Getting a socket[245] from the Socket-table Failed!
12-17 19:48:16.337   633 31870 I SDK     : 
12-17 19:48:16.337   633 31870 I SDK     : <2016-12-17 19:48:16> [WARN] SDK: UE-SeC 2016-12-17 19:48:16:337 Level[WARN] magic[3362781472 684]:PubEvt_Close Getting a socket[246] from the Socket-table Failed!
12-17 19:48:16.337   633 31870 I SDK     : 
12-17 19:48:16.337   633 31870 I SDK     : <2016-12-17 19:48:16> [WARN] SDK: UE-SeC 2016-12-17 19:48:16:337 Level[WARN] magic[3362781472 684]:PubEvt_Close Getting a socket[247] from the Socket-table Failed!
12-17 19:48:16.337   633 31870 I SDK     : 
12-17 19:48:16.337   633 31870 I SDK     : <2016-12-17 19:48:16> [WARN] SDK: UE-SeC 2016-12-17 19:48:16:337 Level[WARN] magic[3362781472 684]:PubEvt_Close Getting a socket[248] from the Socket-table Failed!
12-17 19:48:16.337   633 31870 I SDK     : 
12-17 19:48:16.337   633 31870 I SDK     : <2016-12-17 19:48:16> [WARN] SDK: UE-SeC 2016-12-17 19:48:16:337 Level[WARN] magic[3362781472 684]:PubEvt_Close Getting a socket[249] from the Socket-table Failed!
12-17 19:48:16.337   633 31870 I SDK     : 
12-17 19:48:16.337   633 31870 I SDK     : <2016-12-17 19:48:16> [WARN] SDK: UE-SeC 2016-12-17 19:48:16:337 Level[WARN] magic[3362781472 684]:PubEvt_Close Getting a socket[250] from the Socket-table Failed!
12-17 19:48:16.337   633 31870 I SDK     : 
12-17 19:48:16.337   633 31870 I SDK     : <2016-12-17 19:48:16> [WARN] SDK: UE-SeC 2016-12-17 19:48:16:337 Level[WARN] magic[3362781472 684]:PubEvt_Close Getting a socket[251] from the Socket-table Failed!
12-17 19:48:16.337   633 31870 I SDK     : 
12-17 19:48:16.338   633 31870 I SDK     : <2016-12-17 19:48:16> [WARN] SDK: UE-SeC 2016-12-17 19:48:16:337 Level[WARN] magic[3362781472 684]:PubEvt_Close Getting a socket[252] from the Socket-table Failed!
12-17 19:48:16.338   633 31870 I SDK     : 
12-17 19:48:16.338   633 31870 I SDK     : <2016-12-17 19:48:16> [WARN] SDK: UE-SeC 2016-12-17 19:48:16:338 Level[WARN] magic[3362781472 684]:PubEvt_Close Getting a socket[253] from the Socket-table Failed!
12-17 19:48:16.338   633 31870 I SDK     : 
12-17 19:48:16.338   633 31870 I SDK     : <2016-12-17 19:48:16> [WARN] SDK: UE-SeC 2016-12-17 19:48:16:338 Level[WARN] magic[3362781472 684]:PubEvt_Close Getting a socket[254] from the Socket-table Failed!
12-17 19:48:16.338   633 31870 I SDK     : 
12-17 19:48:16.338   633 31870 I SDK     : <2016-12-17 19:48:16> [WARN] SDK: UE-SeC 2016-12-17 19:48:16:338 Level[WARN] magic[3362781472 684]:PubEvt_Close Getting a socket[255] from the Socket-table Failed!
12-17 19:48:16.338   633 31870 I SDK     : 
12-17 19:48:16.338   633 31868 E SDK     : <2016-12-17 19:48:16> [ERR] SDK: UE-SeC 2016-12-17 19:48:16:338 Level[ERR] magic[3365677344 354]:svn_closeAll end!!!![1]
12-17 19:48:16.338   633 31868 E SDK     : 
12-17 19:48:16.339   633 31868 E SDK     : <2016-12-17 19:48:16> [ERR] SDK: UE-SeC 2016-12-17 19:48:16:338 Level[ERR] magic[3365677344 223]:L4VPN notify callback :Status[2], ErrorCode[0]!
12-17 19:48:16.339   633 31868 E SDK     : 
12-17 19:48:16.339   633 31868 I SDK     : <2016-12-17 19:48:16> [NOTICE] SDK: UE-SeC 2016-12-17 19:48:16:339 Level[NOTICE] magic[3365677344 725]:Begin to proc tunnel status change: oldStatus=1, newStatus=2, errCode=0
12-17 19:48:16.339   633 31868 I SDK     : 
12-17 19:48:16.339   633 31868 I SDK     : <2016-12-17 19:48:16> [NOTICE] SDK: UE-SeC 2016-12-17 19:48:16:339 Level[NOTICE] magic[3365677344 394]:L4VPN notify callback sdkey status 0
12-17 19:48:16.339   633 31868 I SDK     : 
12-17 19:48:16.339   633 31868 I SDK     : <2016-12-17 19:48:16> [NOTICE] SDK: UE-SeC 2016-12-17 19:48:16:339 Level[NOTICE] magic[3365677344 10364]:Clear bypass session table: [0], bitsmask [0x00000000]
12-17 19:48:16.339   633 31868 I SDK     : 
12-17 19:48:16.339   633 31868 I SDK     : <2016-12-17 19:48:16> [NOTICE] SDK: UE-SeC 2016-12-17 19:48:16:339 Level[NOTICE] magic[3365677344 8910]:Set local private IP is:[0.0.0.0]
12-17 19:48:16.339   633 31868 I SDK     : 
12-17 19:48:16.339   633 31868 I SDK     : <2016-12-17 19:48:16> [NOTICE] SDK: UE-SeC 2016-12-17 19:48:16:339 Level[NOTICE] magic[3365677344 8933]:Set local private port is:[0]
12-17 19:48:16.339   633 31868 I SDK     : 
12-17 19:48:16.341   633 21014 I SDK     : <2016-12-17 19:48:16> [NOTICE] SDK: UE-SeC 2016-12-17 19:48:16:340 Level[NOTICE] magic[2536392992 1019]:SDK:net change notify: old=1, new=2, errCode=0
12-17 19:48:16.341   633 21014 I SDK     : 
12-17 19:48:16.341   633 21014 I SDK     : <2016-12-17 19:48:16> [NOTICE] SDK: UE-SeC 2016-12-17 19:48:16:341 Level[NOTICE] magic[2536392992 830]:End to proc tunnel status change: result=0
