12-17 19:45:28.089  1795  1795 D WifiProJNI: send_cmd_kernel: cmd=7
12-17 19:45:28.089  1795  2739 I HuaweiWifiWatchdogStateMachine: spd good count:0, add sc:0.0, rate:1.0
12-17 19:45:28.089  1795  2737 D WifiProJNI: Received kernel message payload: event 4
12-17 19:45:28.089  1795  2737 I QosMonitor: postEventFromNative: msg=100,arg1=4,arg2=9
12-17 19:45:28.089  1795  2737 W WifiProJNI: poll before: g_monitor_fd =310
12-17 19:45:28.089  1795  1795 D HuaweiWifiWatchdogStateMachine: 80:38:bc:08:42:c1 current RTT[-55]=280, volume=2
12-17 19:45:28.089  1795  1795 D HuaweiWifiWatchdogStateMachine: 80:38:bc:08:42:c1 history RTT[-55]=432, volume=9836
12-17 19:45:28.089  1795  2739 D HuaweiWifiWatchdogStateMachine: high data flow: protection_counter = 0,  not_detect_counter = 10
12-17 19:45:28.089  1795  1795 D HuaweiWifiWatchdogStateMachine: setSampleRtt: rtt=280,rtt_pkts =2,rtt_when=1
12-17 19:45:28.089  1795  2739 D HuaweiWifiWatchdogStateMachine: high data flow scenario: 0 --> 0 rx bytes =159KB
12-17 19:45:28.089  1795  1795 I QosMonitor: resetRtt: rtt_type = 3
12-17 19:45:28.089  1795  2739 I HuaweiWifiWatchdogStateMachine: current mHighDataFlowRate = 1.0
12-17 19:45:28.089  1795  1795 I WifiProJNI: ######### RESET RTT:3 ########
12-17 19:45:28.089  1795  1795 D WifiProJNI: send_cmd_kernel: cmd=6
12-17 19:45:28.089  1795  2739 I HuaweiWifiWatchdogStateMachine: POta txb txg rxg:0, 13, 0. Lr =0% Totpkt=13
12-17 19:45:28.089  1795  1795 I WifiProJNI: ######### CMD_QUERY_PKTS ########
12-17 19:45:28.090  1795  1795 D WifiProJNI: send_cmd_kernel: cmd=1
12-17 19:45:28.090  1795  2737 D WifiProJNI: Received kernel message payload: event 0
12-17 19:45:28.090  1795  2737 I QosMonitor: postEventFromNative: msg=100,arg1=0,arg2=9
12-17 19:45:28.090  1795  2737 W WifiProJNI: poll before: g_monitor_fd =310
12-17 19:45:28.090  1795  1795 I MQoS    : rtt=280,tcp_tx_pkts=1485259,tcp_rx_pkts=1771070
12-17 19:45:28.090  1795  5350 I MQoS    : QOS_level:0(0),DataDisable;use level-0
12-17 19:45:28.092  1795  2739 D HuaweiWifiWatchdogStateMachine: dumpTcpResult: len=9,rtt=280,rttPkt=2,rttWn=1,cgt=0,cgtWn=0
12-17 19:45:28.092  1795  2739 I HuaweiWifiWatchdogStateMachine: PTcp RTT:0, rtt pkt=0, tcp_rx=3, tcp_tx=6, tcp_reTran=0, rtRate=0
12-17 19:45:28.092  1795  2739 D HuaweiWifiWatchdogStateMachine: mRssiBadCount =0, RSSI not bad.
12-17 19:45:28.092  1795  2739 D HuaweiWifiWatchdogStateMachine: detectNetworkAvailable:hw.wifipro.dns_fail_count = 1001
12-17 19:45:28.092  1795  2739 D HuaweiWifiWatchdogStateMachine: detectNetworkAvailable: tcpRxPkts != 0, reset
12-17 19:45:28.092  1795  2739 I HuaweiWifiWatchdogStateMachine: rs ota tcp lr rttvb bad: false, false, false, false, false; rsth:-75
12-17 19:45:28.092  1795  2739 D HuaweiWifiWatchdogStateMachine: GSC:0, GSR:1.0, RSR:1.0, RTH:-75
12-17 19:45:28.092  1795  2739 D HuaweiWifiWatchdogStateMachine: bqeLevel = 0 rtt=0,rtt_pkts=0 speed=67 rssi=-55
12-17 19:45:28.092  1795  2739 I HuaweiWifiWatchdogStateMachine:  pkt chk not bad, reset sc to 0.
12-17 19:45:28.092  1795  2739 D HuaweiWifiWatchdogStateMachine: ### mPktChkBadCnt=0
12-17 19:47:16.279  1795  2323 D HwBatteryService: onUEvent fcpStatus = 0,scpStatus =0,ovpStatus=0
12-17 19:47:16.280  1795  2376 I AlarmManager: set again repeat alarm: next ,nextElapsed = 444600000,repeatInterval = 900000
12-17 19:47:16.280  1795  2323 E UsbDeviceManager: Error reading charge file
12-17 19:47:16.280  1795  2323 E UsbDeviceManager: java.io.FileNotFoundException: sys/class/hw_power/charger/charge_data/water_intrused (No such file or directory)
12-17 19:47:16.280  1795  2323 E UsbDeviceManager: 	at java.io.FileInputStream.open(Native Method)
12-17 19:47:16.280  1795  2323 E UsbDeviceManager: 	at java.io.FileInputStream.<init>(FileInputStream.java:146)
12-17 19:47:16.280  1795  2323 E UsbDeviceManager: 	at android.os.FileUtils.readTextFile(FileUtils.java:267)
12-17 19:47:16.280  1795  2323 E UsbDeviceManager: 	at com.android.server.usb.UsbDeviceManager$2.onUEvent(UsbDeviceManager.java:328)
12-17 19:47:16.280  1795  2323 E UsbDeviceManager: 	at android.os.UEventObserver$UEventThread.sendEvent(UEventObserver.java:210)
12-17 19:47:16.280  1795  2323 E UsbDeviceManager: 	at android.os.UEventObserver$UEventThread.run(UEventObserver.java:187)
12-17 19:47:16.281  1795  2323 D HwBatteryService: onUEvent fcpStatus = 0,scpStatus =0,ovpStatus=0
12-17 19:47:16.282  1795  2323 E UsbDeviceManager: Error reading charge file
12-17 19:47:16.282  1795  2323 E UsbDeviceManager: java.io.FileNotFoundException: sys/class/hw_power/charger/charge_data/water_intrused (No such file or directory)
12-17 19:47:16.282  1795  2323 E UsbDeviceManager: 	at java.io.FileInputStream.open(Native Method)
12-17 19:47:16.282  1795  2323 E UsbDeviceManager: 	at java.io.FileInputStream.<init>(FileInputStream.java:146)
12-17 19:47:16.282  1795  2323 E UsbDeviceManager: 	at android.os.FileUtils.readTextFile(FileUtils.java:267)
12-17 19:47:16.282  1795  2323 E UsbDeviceManager: 	at com.android.server.usb.UsbDeviceManager$2.onUEvent(UsbDeviceManager.java:328)
12-17 19:47:16.282  1795  2323 E UsbDeviceManager: 	at android.os.UEventObserver$UEventThread.sendEvent(UEventObserver.java:210)
12-17 19:47:16.282  1795  2323 E UsbDeviceManager: 	at android.os.UEventObserver$UEventThread.run(UEventObserver.java:187)
12-17 19:47:16.284  1795  2376 W AlarmManager: mIsScreenOn is: false, WAKEUP alarm talarm.operation == null,package name is: android listenerTag is: DeviceIdleController.light creator uid is: 1000
12-17 19:47:16.284  1795  2376 W AlarmManager: mIsScreenOn is: false, WAKEUP alarm talarm.operation == null,package name is: android listenerTag is: WifiConnectivityManager Schedule Watchdog Timer creator uid is: 1000
12-17 19:47:16.285  1795  2376 W AlarmManager: mIsScreenOn is: false, WAKEUP alarm trigger action = ALARM_ACTION(4634) package name is: com.tencent.mm
12-17 19:47:16.285  1795  2376 W AlarmManager: mIsScreenOn is: false, WAKEUP alarm trigger action = null package name is: com.tencent.mm
12-17 19:47:16.285  1795  2376 I AlarmManager: Alarm triggering (type 0 or 2): [Alarm{6b53235 type 2 when 443667592 android}, Alarm{f8479e8 type 2 when 443769897 android}, Alarm{3eb903b type 2 when 443636627 com.tencent.mm}, Alarm{d3f337f type 0 when 1481975163636 com.tencent.mm}]
12-17 19:47:16.285  1795  2376 I AlarmManager: sending alarm Alarm{6b53235 type 2 when 443667592 android},repeatInterval = 0,listenerTag =DeviceIdleController.light
12-17 19:47:16.285  1795  2376 D PowerManagerService: ready=true,policy=0,wakefulness=0,wksummary=0x1,uasummary=0x0,bootcompleted=true,boostinprogress=false,waitmodeenable=false,mode=true,manual=33,auto=-1,adj=0.0userId=0
12-17 19:47:16.286  1795  2376 D PowerManagerService: Acquiring suspend blocker "PowerManagerService.WakeLocks".
12-17 19:47:16.286  1795  1807 D DeviceIdleController: stepLightIdleStateLocked: mLightState=1
12-17 19:47:16.286  1795  1807 D DeviceIdleController: scheduleLightAlarmLocked(300000)
12-17 19:47:16.286  1795  2376 I AlarmManager: sending alarm Alarm{e26c8f2 type 3 when 443696363 android},repeatInterval = 0,listenerTag =time_tick
12-17 19:47:16.287  1795  2376 I ActivityManager_broadcast: Enqueueing ordered broadcast[foreground] BroadcastRecord{4e97b43 u-1 android.intent.action.TIME_TICK}: prev had 0
12-17 19:47:16.288  1795  1808 I ActivityManager_broadcast: dispatch ordered broadcast [foreground] BroadcastRecord{4e97b43 u-1 android.intent.action.TIME_TICK}, has 10 receivers
12-17 19:47:16.288  1795  2376 I AlarmManager: sending alarm Alarm{f8479e8 type 2 when 443769897 android},repeatInterval = 0,listenerTag =WifiConnectivityManager Schedule Watchdog Timer
12-17 19:47:16.288  1795  2376 I AlarmManager: sending alarm Alarm{3eb903b type 2 when 443636627 com.tencent.mm},repeatInterval = 0,listenerTag =null
12-17 19:47:16.289  1795  2376 I HwActivityManagerService: keyAppBroadcastQueueForIntent intent Intent { act=ALARM_ACTION(4634) flg=0x14 (has extras) } on bgkeyapp queue
12-17 19:47:16.289  1795  2376 I ActivityManager_broadcast: Enqueueing ordered broadcast[bgkeyapp] BroadcastRecord{3ca15c0 u0 ALARM_ACTION(4634)}: prev had 0
12-17 19:47:16.290  1795  2376 I AlarmManager: sending alarm Alarm{5581c6c type 3 when 443700000 com.tencent.mm},repeatInterval = 300000,listenerTag =null
12-17 19:47:16.290  1795  1812 I ActivityManager_broadcast: dispatch ordered broadcast [bgkeyapp] BroadcastRecord{3ca15c0 u0 ALARM_ACTION(4634)}, has 1 receivers
12-17 19:47:16.292  3180  3578 I ash     : com.baidu.input_huawei goes to hibernation overtime: 78517
12-17 19:47:16.294  1795  2376 I HwActivityManagerService: keyAppBroadcastQueueForIntent intent Intent { act=com.tencent.mm.TrafficStatsReceiver flg=0x14 (has extras) } on bgkeyapp queue
12-17 19:47:16.294  1795  2376 I ActivityManager_broadcast: Enqueueing ordered broadcast[bgkeyapp] BroadcastRecord{22bf2f9 u0 com.tencent.mm.TrafficStatsReceiver}: prev had 1
12-17 19:47:16.294  1795  2376 I AlarmManager: sending alarm Alarm{d3f337f type 0 when 1481975163636 com.tencent.mm},repeatInterval = 900000,listenerTag =null
12-17 19:47:16.295  3180  3578 I AppManager: check dependency pid: 4690 is depended by pid: 1795
12-17 19:47:16.295  3180  3578 I ash     : Application com.baidu.input_huawei is depended by other app, delay to H!
12-17 19:47:16.296   816  1562 W SocketListener: sending broadcast to Pid = 1795, Uid = 1000 
12-17 19:47:16.297  1795  2376 I ActivityManager_broadcast: collectReceiverComponents, callerApp: null, intent:null, receiver size:1, flags: 10000400
12-17 19:47:16.297  1795  2376 I HwActivityManagerService: keyAppBroadcastQueueForIntent intent Intent { flg=0x14 cmp=com.tencent.mm/.booter.MMReceivers$AlarmReceiver (has extras) } on bgkeyapp queue
12-17 19:47:16.297  1795  2376 I ActivityManager_broadcast: Enqueueing ordered broadcast[bgkeyapp] BroadcastRecord{654823e u0 null}: prev had 2
12-17 19:47:16.298  1795  2665 D NetdConnector: RCV <- {613 IfaceClass idle 1 443679594758832}
12-17 19:47:16.298  1795  2376 I AlarmManager: sending alarm Alarm{9583d98 type 1 when 1481975225404 com.huawei.systemmanager},repeatInterval = 3600000,listenerTag =null
12-17 19:47:16.299  1795  2376 W ActivityManager: Sending non-protected broadcast com.huawei.systemmanager.action.POWER_STATISTIC from system uid 1000 pkg com.huawei.systemmanager
12-17 19:47:16.300  1795  2376 I ActivityManager_broadcast: collectReceiverComponents, callerApp: null, intent:com.huawei.systemmanager.action.POWER_STATISTIC, receiver size:1, flags: 10000400
12-17 19:47:16.300  1795  2665 D NetdConnector: RCV <- {613 IfaceClass idle 1 443679594758832}
12-17 19:47:16.300  1795  2376 I ActivityManager_broadcast: Enqueueing ordered broadcast[background] BroadcastRecord{b9e889f u0 com.huawei.systemmanager.action.POWER_STATISTIC}: prev had 0
12-17 19:47:16.300  1795  1808 I ActivityManager_broadcast: dispatch ordered broadcast [background] BroadcastRecord{b9e889f u0 com.huawei.systemmanager.action.POWER_STATISTIC}, has 1 receivers
12-17 19:47:16.301  1795  2376 I AlarmManager: sending alarm Alarm{4f5959c type 1 when 1481975231513 com.huawei.imonitor},repeatInterval = 0,listenerTag =null
12-17 19:47:16.303  1795  1819 D NetdConnector: RCV unsolicited event from native daemon, event = 613 IfaceClass idle 1 443679594758832
12-17 19:47:16.304  1795 16500 D PowerManagerService: acquire lock=169528812, flags=0x1, tag="WakerLock:233927177", name=com.tencent.mm, ws=null, uid=10105, pid=4634
12-17 19:47:16.305  1795 16500 D PowerManagerService: ready=true,policy=0,wakefulness=0,wksummary=0x1,uasummary=0x0,bootcompleted=true,boostinprogress=false,waitmodeenable=false,mode=true,manual=33,auto=-1,adj=0.0userId=0
12-17 19:47:16.304  1795  1819 D NetworkManagement: notifyInterfaceClassActivity: client is com.android.server.net.NetworkStatsService$6@5d6efc
12-17 19:47:16.305  1795  1819 D NetworkManagement: notifyInterfaceClassActivity: client is android.net.ip.IpManager$2@4c99c84
12-17 19:47:16.305  1795  1819 D NetworkManagement: notifyInterfaceClassActivity: client is com.android.server.net.NetworkPolicyManagerService$13@4df0feb
12-17 19:47:16.305  1795  1819 D NetworkManagement: notifyInterfaceClassActivity: client is android.net.INetworkManagementEventObserver$Stub$Proxy@af226
12-17 19:47:16.306  1795  1819 D NetworkManagement: notifyInterfaceClassActivity: client is android.net.INetworkManagementEventObserver$Stub$Proxy@c0acf8b
12-17 19:47:16.307  1795  1819 D NetworkManagement: notifyInterfaceClassActivity: client is com.android.server.ConnectivityService$1@e0f099c
12-17 19:47:16.307  1795  1819 I SendBroadcastPermission: action:android.net.conn.DATA_ACTIVITY_CHANGE, mPermissionType:0
12-17 19:47:16.309 16354 16354 I HwSystemManager: BootBroadcastReceiver:BootBroadcastReceiver action =com.huawei.systemmanager.action.POWER_STATISTIC
12-17 19:47:16.310  1795 16498 I ActivityManager_broadcast: dispatch ordered broadcast [bgkeyapp] BroadcastRecord{22bf2f9 u0 com.tencent.mm.TrafficStatsReceiver}, has 1 receivers
