12-17 19:34:55.834  1795  2371 I huawei_ProximitySensor_CPP_Test: readEvents:345: ProximitySensor: getTimestamp,mPendingEvent.timestamp =2026291315 
12-17 19:34:55.835  1795  1825 D DisplayPowerController: handleProximitySensorEvent positive:false
12-17 19:34:55.835  1795  1795 I HwScreenOnProximityLock: removeProximityView success vp android.view.ViewRootImpl@15420ab
12-17 19:34:55.835  1795  1825 D PowerManagerService: Acquiring suspend blocker "PowerManagerService.Display".
12-17 19:34:55.835  1795  1825 I PowerManager_screenOn: DisplayPowerController updatePowerState mPendingRequestLocked=policy=OFF, useProximitySensor=true, useProximitySensorbyPhone=true, screenBrightness=33, screenAutoBrightnessAdjustment=0.0, brightnessSetByUser=true, useAutoBrightness=true, blockScreenOn=false, lowPowerMode=false, boostScreenBrightness=false, dozeScreenBrightness=-1, dozeScreenState=UNKNOWN, useTwilight=false, useSmartBacklight=true, brightnessWaitMode=false, brightnessWaitRet=true, screenAutoBrightness=-1, userId=0
12-17 19:34:55.835  1795  2323 E UsbDeviceManager: Error reading charge file
12-17 19:34:55.835  1795  2323 E UsbDeviceManager: java.io.FileNotFoundException: sys/class/hw_power/charger/charge_data/water_intrused (No such file or directory)
12-17 19:34:55.835  1795  2323 E UsbDeviceManager: 	at java.io.FileInputStream.open(Native Method)
12-17 19:34:55.835  1795  2323 E UsbDeviceManager: 	at java.io.FileInputStream.<init>(FileInputStream.java:146)
12-17 19:34:55.835  1795  2323 E UsbDeviceManager: 	at android.os.FileUtils.readTextFile(FileUtils.java:267)
12-17 19:34:55.835  1795  2323 E UsbDeviceManager: 	at com.android.server.usb.UsbDeviceManager$2.onUEvent(UsbDeviceManager.java:328)
12-17 19:34:55.835  1795  2323 E UsbDeviceManager: 	at android.os.UEventObserver$UEventThread.sendEvent(UEventObserver.java:210)
12-17 19:34:55.835  1795  2323 E UsbDeviceManager: 	at android.os.UEventObserver$UEventThread.run(UEventObserver.java:187)
12-17 19:34:55.835  1795  1825 I WindowManger_keyguard: Screen turned off...
12-17 19:34:55.835  1795  1795 D Sensors : batch called handle:2 sample_ns:20000000 latency_ns:0
12-17 19:34:55.835  1795  1795 D Sensors : pa2240-proximity calling driver setDelay 20 ms
12-17 19:34:55.835  1795  1825 V KeyguardServiceDelegate: onScreenTurnedOff()
12-17 19:34:55.835  1795  1825 I WindowManger_keyguard: onScreenTurnedOff()
12-17 19:34:55.835  7741  7758 D TmoMonitor: Cache monitor msg as screen_off
12-17 19:34:55.836  1795  1795 E huawei_ProximitySensor_CPP_Test: write 20 failed
12-17 19:34:55.836  1795  2323 D HwBatteryService: onUEvent fcpStatus = 0,scpStatus =0,ovpStatus=0
12-17 19:34:55.836  2852  2866 D KeyguardService: Caller checkPermission fail
12-17 19:34:55.836  2852  2866 D KeyguardService: KGSvcCall onScreenTurnedOff.
12-17 19:34:55.836  2852  2866 D KeyguardViewMediator: notifyScreenTurnedOff
12-17 19:34:55.836  2852  2852 D KeyguardViewMediator: handleNotifyScreenTurnedOff
12-17 19:34:55.836  1795  1825 W HwScreenOnProximityLock: releaseLock: return because sensor listener is held = false
12-17 19:34:55.836  1795  1825 D HwNormalizedAutomaticBrightnessController: set power status:mPowerStatus=true,powerStatus=false
12-17 19:34:55.837  1795  2323 E UsbDeviceManager: Error reading charge file
12-17 19:34:55.837  1795  2323 E UsbDeviceManager: java.io.FileNotFoundException: sys/class/hw_power/charger/charge_data/water_intrused (No such file or directory)
12-17 19:34:55.837  1795  2323 E UsbDeviceManager: 	at java.io.FileInputStream.open(Native Method)
12-17 19:34:55.837  1795  2323 E UsbDeviceManager: 	at java.io.FileInputStream.<init>(FileInputStream.java:146)
12-17 19:34:55.837  1795  2323 E UsbDeviceManager: 	at android.os.FileUtils.readTextFile(FileUtils.java:267)
12-17 19:34:55.837  1795  2323 E UsbDeviceManager: 	at com.android.server.usb.UsbDeviceManager$2.onUEvent(UsbDeviceManager.java:328)
12-17 19:34:55.837  1795  2323 E UsbDeviceManager: 	at android.os.UEventObserver$UEventThread.sendEvent(UEventObserver.java:210)
12-17 19:34:55.837  1795  2323 E UsbDeviceManager: 	at android.os.UEventObserver$UEventThread.run(UEventObserver.java:187)
12-17 19:34:55.837  1795  1825 D DisplayPowerController: Animating brightness: target=0, rate=0
12-17 19:34:55.837  1795  1825 I PowerManager_screenOn: PowerManagerServiceonProximityNegative -> updatePowerStateLocked
12-17 19:34:55.837  1795  1825 D PowerManagerService: userActivityNoUpdateLocked: eventTime=123093455, event=0, flags=0x0, uid=1000
12-17 19:34:55.837  1795  1825 I PowerManager_screenOn: PowerManagerNotifier onUserActivity: event=0, uid=1000
12-17 19:34:55.837  1795  1825 I PowerManager_screenOn: PowerManagerService wakeUpNoUpdateLocked: eventTime=123093455, uid=1000
12-17 19:34:55.838  1795  1825 I PowerManager_screenOn: PowerManagerService Waking up from sleep (uid 1000)...
12-17 19:34:55.838  1795  1825 I PowerManager_screenOn: PowerManagerNotifier onWakefulnessChangeStarted: wakefulness=1, reason=0, interactive=true, mInteractive=false, mInteractiveChanging=false
12-17 19:34:55.838  1795  1825 D PowerManagerService: Acquiring suspend blocker "PowerManagerService.Broadcasts".
12-17 19:34:55.838  1795  1825 I PowerManager_screenOn: PowerManagerNotifier onWakeUp: event=android.server.power:POWER, reasonUid=1000 opPackageName=android opUid=1000
12-17 19:34:55.838  1795  1795 I WindowManager: Destroying surface Surface(name=) called by com.android.server.wm.WindowStateAnimator.destroySurface:2056 com.android.server.wm.WindowStateAnimator.destroySurfaceLocked:907 com.android.server.wm.WindowState.removeLocked:1527 com.android.server.wm.WindowManagerService.removeWindowInnerLocked:2723 com.android.server.wm.WindowManagerService.removeWindowInnerLocked:2688 com.android.server.wm.WindowManagerService.removeWindowLocked:2677 com.android.server.wm.WindowManagerService.removeWindowLocked:2546 com.android.server.wm.WindowManagerService.removeWindow:2541 
12-17 19:34:55.838  1795  1825 D PowerManagerService: userActivityNoUpdateLocked: eventTime=123093455, event=0, flags=0x0, uid=1000
12-17 19:34:55.838  1795  1825 I PowerManager_screenOn: PowerManagerNotifier onUserActivity: event=0, uid=1000
12-17 19:34:55.838  1795  1825 I PowerManager_screenOn: PowerManagerServiceonProximityNegative by Phone
12-17 19:34:55.838  1795  1825 D PowerManagerService: setColorTemperatureAccordingToSetting
12-17 19:34:55.838  1795  1825 D HwPowerManagerService: setColorTemperatureAccordingToSetting
12-17 19:34:55.838  1795  1825 D HwPowerManagerService: isDisplayFeatureSupported feature:1
12-17 19:34:55.838  1795  1825 D HW_DISPLAY_EFFECT: hw_get_smart_display_supported: start++
12-17 19:34:55.838  1795  1825 D HW_DISPLAY_EFFECT: hw_get_smart_display_supported: end--
12-17 19:34:55.838  1795  1825 D HWPowerManger_JNI: Surport 3 dimension color temperature.
12-17 19:34:55.839  1795  1825 D HwPowerManagerService: setColorTemperatureAccordingToSetting new.
12-17 19:34:55.839  1795  1825 D HwPowerManagerService: ColorTemperature read from old setting:128
12-17 19:34:55.839  1795  1825 D HwPowerManagerService: setColorTemperature:128
12-17 19:34:55.839  1795  1825 D HW_DISPLAY_EFFECT: hw_set_colortemperature: start++
12-17 19:34:55.839  1795  1825 W HW_DISPLAY_EFFECT: Warning: hw_set_colortemperature is COLOR_TEMP_2_DIMENSION interface, not supported presently.
12-17 19:34:55.839  1795  1825 D HW_DISPLAY_EFFECT: hw_set_colortemperature: end--
12-17 19:34:55.839  1795  1825 D PowerManagerService: ready=false,policy=3,wakefulness=1,wksummary=0x10,uasummary=0x1,bootcompleted=true,boostinprogress=false,waitmodeenable=false,mode=true,manual=33,auto=-1,adj=0.0userId=0
12-17 19:34:55.839  1795  1825 I PowerManager_screenOn: DisplayPowerController updatePowerState mPendingRequestLocked=policy=BRIGHT, useProximitySensor=true, useProximitySensorbyPhone=true, screenBrightness=33, screenAutoBrightnessAdjustment=0.0, brightnessSetByUser=true, useAutoBrightness=true, blockScreenOn=false, lowPowerMode=false, boostScreenBrightness=false, dozeScreenBrightness=-1, dozeScreenState=UNKNOWN, useTwilight=false, useSmartBacklight=true, brightnessWaitMode=false, brightnessWaitRet=true, screenAutoBrightness=-1, userId=0
12-17 19:34:55.839  1795  1825 I PowerManager_screenOn: DisplayPowerStatesetScreenState: state=2
12-17 19:34:55.839  1795  1825 D FpDataCollector: DisplayPowerState :ON
12-17 19:34:55.841  1795  1795 I WindowManger_keyguard: Setting mDismissKeyguard true by win Window{e6a6b5e u0 com.android.incallui/com.android.incallui.InCallActivity}
12-17 19:34:55.841  1795  1795 I WindowManger_keyguard: Setting mDismissKeyguard true by win Window{e6a6b5e u0 com.android.incallui/com.android.incallui.InCallActivity}
12-17 19:34:55.846  1795  1795 I WindowManger_windowChange: oldFocusWindow: Window{a52f7ea u0 android}, currentFocusWindow: Window{e71ca6c u0 com.android.phone}, currentFocusApp: AppWindowToken{844a0b2 token=Token{2fd6a14 ActivityRecord{b46dc67 u0 com.android.incallui/.InCallActivity t310}}}
12-17 19:34:55.847  1795  1795 I WindowManger_keyguard: Started waking up...
12-17 19:34:55.847  1795  1795 I WindowManger_keyguard: onStartedWakingUp()
12-17 19:34:55.848  1795  1795 I PowerManager_screenOn: PowerManagerNotifier Sending wake up broadcast.
12-17 19:34:55.848  2852  3328 D KeyguardService: Caller checkPermission fail
12-17 19:34:55.848  2852  3328 D KeyguardService: KGSvcCall onStartedWakingUp.
12-17 19:34:55.848  1795  1795 I SendBroadcastPermission: action:android.intent.action.SCREEN_ON, mPermissionType:0
12-17 19:34:55.848  2852  3328 W HwLockScreenReporter: report result = falsereport type:122 msg:
12-17 19:34:55.848  2852  3328 D KeyguardViewMediator: onStartedWakingUp, seq = 482
12-17 19:34:55.848  2852  3328 D KeyguardViewMediator: notifyStartedWakingUp
12-17 19:34:55.848  2852  3328 W AppHandler: sendMessage 14
12-17 19:34:55.849  1795  1795 I HwActivityManagerService: Split enqueueing broadcast [callerApp]:ProcessRecord{34bf34f 0:system/1000}
12-17 19:34:55.849  1795  1795 I ActivityManager_broadcast: Enqueueing ordered broadcast[foreground] BroadcastRecord{2fbd4c6 u-1 android.intent.action.SCREEN_ON}: prev had 0
12-17 19:34:55.850  1795  1808 I ActivityManager_broadcast: dispatch ordered broadcast [foreground] BroadcastRecord{2fbd4c6 u-1 android.intent.action.SCREEN_ON}, has 57 receivers
12-17 19:34:55.850  1795  1825 I PowerManager_screenOn: DisplayPowerController Blocking screen on until initial contents have been drawn.
12-17 19:34:55.851  3180  3578 I ash     : 1795 binder call 2852
12-17 19:34:55.853  1795  6988 I WindowManger_keyguard: Setting mDismissKeyguard true by win Window{e6a6b5e u0 com.android.incallui/com.android.incallui.InCallActivity}
12-17 19:34:55.855  1795  1795 I AlarmManager: sending alarm Alarm{8aa5eba type 3 when 442976363 android},repeatInterval = 0,listenerTag =time_tick
12-17 19:34:55.862  2852  2852 D KeyguardViewMediator: handleNotifyWakingUp
12-17 19:34:55.862  2852  2852 I PhoneStatusBar: onStartedWakingUp
12-17 19:34:55.863  2852  2852 V KeyguardUpdateMonitor: FingerStat Visible: false; Interactive: true; Switching: false; Bouncer:false; GoingToSleep: false Occluded: false; dreaming: false; Authenticated: false
12-17 19:34:55.863  2852  2852 V KeyguardUpdateMonitor: KGSvcFp stopListeningForFingerprint(). 1
12-17 19:34:55.863  1795 16500 I Security_fingerprint: FingerprintService cancelAuthentication
12-17 19:34:55.863  1795  2326 V FingerprintService: stop client com.android.systemui
12-17 19:34:55.863  2852  2852 W KeyguardUpdateMonitor: Fingerprint RunningStateChanged. 2
12-17 19:34:55.863   835   835 I fingerprintd: FingerprintDaemonProxyEx::onTransact, code:2
12-17 19:34:55.863   835   835 V fingerprintd: stopAuthentication()
12-17 19:34:55.863   835   835 D fpc_fingerprint_hal: fpc_cancel
12-17 19:34:55.864   835  2385 D fpc_fingerprint_hal: fpc poll irq interupt
12-17 19:34:55.864   835  2385 D fpc_fingerprint_hal: wait_finger_down, took 72486 ms
12-17 19:34:55.864   835  2385 E fpc_fingerprint_hal: capture_image failed -4
12-17 19:34:55.864   835  2385 I fpc_fingerprint_hal: timeForContinueCapture id:72486
12-17 19:34:55.864   835  2385 E libteec : begin
12-17 19:34:55.864   606  2379 E libteec : receive data len = 128
