12-17 19:55:47.570  5215  5215 D wpa_supplicant: wlan0: BSS: Add new id 544 BSSID 80:38:bc:0b:04:41 SSID 'Huawei-Employee' freq 2472
12-17 19:55:47.570  1795  5219 D WifiMonitor: Dispatching event to interface: wlan0
12-17 19:55:47.570  5215  5215 D wpa_supplicant: CTRL-DEBUG: ctrl_sock-sendmsg: sock=16 sndbuf=229376 outq=768 send_len=42
12-17 19:55:47.570  5215  5215 D wpa_supplicant: CTRL_IFACE monitor sent successfully to /data/misc/wifi/sockets/wpa_ctrl_1795-194\x00
12-17 19:55:47.570  1795  2736 E hwintelligencewifi: addCurrentApInfo info is already there
12-17 19:55:47.570  1795  5219 D WifiMonitor: Dispatching event to interface: wlan0
12-17 19:55:47.570  1795 16501 I AlarmManager: remove(PendingIntent{4b1b0b8: PendingIntentRecord{dbcda0 com.tencent.mm broadcastIntent}}) changed bounds; rebatching
12-17 19:55:47.570  5215  5215 D wpa_supplicant: wlan0: BSS: Add new id 545 BSSID 80:38:bc:08:39:c1 SSID 'Huawei-Employee' freq 2412
12-17 19:55:47.570  1795  2736 W hwintelligencewifi: updateBssidTimer time = 1481975747570
12-17 19:55:47.570  1795  5219 D WifiMonitor: Dispatching event to interface: wlan0
12-17 19:55:47.570  5215  5215 D wpa_supplicant: CTRL-DEBUG: ctrl_sock-sendmsg: sock=16 sndbuf=229376 outq=0 send_len=42
12-17 19:55:47.570  5215  5215 D wpa_supplicant: CTRL_IFACE monitor sent successfully to /data/misc/wifi/sockets/wpa_ctrl_1795-194\x00
12-17 19:55:47.570  1795  5219 D WifiMonitor: Dispatching event to interface: wlan0
12-17 19:55:47.570  5215  5215 D wpa_supplicant: BSS: last_scan_res_used=11/64
12-17 19:55:47.570  5215  5215 D wpa_supplicant: Add randomness: count=918 entropy=521
12-17 19:55:47.570  5215  5215 D wpa_supplicant: random pool - hexdump(len=128): [REMOVED]
12-17 19:55:47.570  5215  5215 D wpa_supplicant: random_mix_pool - hexdump(len=16): [REMOVED]
12-17 19:55:47.570  5215  5215 D wpa_supplicant: random_mix_pool - hexdump(len=5): [REMOVED]
12-17 19:55:47.570  5215  5215 D wpa_supplicant: random pool - hexdump(len=128): [REMOVED]
12-17 19:55:47.570  5215  5215 D wpa_supplicant: Add randomness: count=919 entropy=522
12-17 19:55:47.570  5215  5215 D wpa_supplicant: random pool - hexdump(len=128): [REMOVED]
12-17 19:55:47.570  5215  5215 D wpa_supplicant: random_mix_pool - hexdump(len=16): [REMOVED]
12-17 19:55:47.570  5215  5215 D wpa_supplicant: random_mix_pool - hexdump(len=5): [REMOVED]
12-17 19:55:47.570  5215  5215 D wpa_supplicant: random pool - hexdump(len=128): [REMOVED]
12-17 19:55:47.570  5215  5215 D wpa_supplicant: Add randomness: count=920 entropy=523
12-17 19:55:47.570  5215  5215 D wpa_supplicant: random pool - hexdump(len=128): [REMOVED]
12-17 19:55:47.570  5215  5215 D wpa_supplicant: random_mix_pool - hexdump(len=16): [REMOVED]
12-17 19:55:47.570  5215  5215 D wpa_supplicant: random_mix_pool - hexdump(len=5): [REMOVED]
12-17 19:55:47.570  5215  5215 D wpa_supplicant: random pool - hexdump(len=128): [REMOVED]
12-17 19:55:47.570  5215  5215 D wpa_supplicant: Add randomness: count=921 entropy=524
12-17 19:55:47.570  5215  5215 D wpa_supplicant: random pool - hexdump(len=128): [REMOVED]
12-17 19:55:47.570  5215  5215 D wpa_supplicant: random_mix_pool - hexdump(len=16): [REMOVED]
12-17 19:55:47.570  5215  5215 D wpa_supplicant: random_mix_pool - hexdump(len=5): [REMOVED]
12-17 19:55:47.570  5215  5215 D wpa_supplicant: random pool - hexdump(len=128): [REMOVED]
12-17 19:55:47.570  5215  5215 D wpa_supplicant: Add randomness: count=922 entropy=525
12-17 19:55:47.570  5215  5215 D wpa_supplicant: random pool - hexdump(len=128): [REMOVED]
12-17 19:55:47.571  5215  5215 D wpa_supplicant: random_mix_pool - hexdump(len=16): [REMOVED]
12-17 19:55:47.571  5215  5215 D wpa_supplicant: random_mix_pool - hexdump(len=5): [REMOVED]
12-17 19:55:47.571  5215  5215 D wpa_supplicant: random pool - hexdump(len=128): [REMOVED]
12-17 19:55:47.571  5215  5215 D wpa_supplicant: Add randomness: count=923 entropy=526
12-17 19:55:47.571  5215  5215 D wpa_supplicant: random pool - hexdump(len=128): [REMOVED]
12-17 19:55:47.571  5215  5215 D wpa_supplicant: random_mix_pool - hexdump(len=16): [REMOVED]
12-17 19:55:47.571  5215  5215 D wpa_supplicant: random_mix_pool - hexdump(len=5): [REMOVED]
12-17 19:55:47.571  5215  5215 D wpa_supplicant: random pool - hexdump(len=128): [REMOVED]
12-17 19:55:47.571  5215  5215 D wpa_supplicant: Add randomness: count=924 entropy=527
12-17 19:55:47.571  5215  5215 D wpa_supplicant: random pool - hexdump(len=128): [REMOVED]
12-17 19:55:47.571  5215  5215 D wpa_supplicant: random_mix_pool - hexdump(len=16): [REMOVED]
12-17 19:55:47.571  5215  5215 D wpa_supplicant: random_mix_pool - hexdump(len=5): [REMOVED]
12-17 19:55:47.571  5215  5215 D wpa_supplicant: random pool - hexdump(len=128): [REMOVED]
12-17 19:55:47.571  5215  5215 D wpa_supplicant: Add randomness: count=925 entropy=528
12-17 19:55:47.571  5215  5215 D wpa_supplicant: random pool - hexdump(len=128): [REMOVED]
12-17 19:55:47.571  5215  5215 D wpa_supplicant: random_mix_pool - hexdump(len=16): [REMOVED]
12-17 19:55:47.571  5215  5215 D wpa_supplicant: random_mix_pool - hexdump(len=5): [REMOVED]
12-17 19:55:47.571  5215  5215 D wpa_supplicant: random pool - hexdump(len=128): [REMOVED]
12-17 19:55:47.571  5215  5215 D wpa_supplicant: Add randomness: count=926 entropy=529
12-17 19:55:47.571  5215  5215 D wpa_supplicant: random pool - hexdump(len=128): [REMOVED]
12-17 19:55:47.571  5215  5215 D wpa_supplicant: random_mix_pool - hexdump(len=16): [REMOVED]
12-17 19:55:47.571  5215  5215 D wpa_supplicant: random_mix_pool - hexdump(len=5): [REMOVED]
12-17 19:55:47.571  5215  5215 D wpa_supplicant: random pool - hexdump(len=128): [REMOVED]
12-17 19:55:47.571  5215  5215 D wpa_supplicant: Add randomness: count=927 entropy=530
12-17 19:55:47.571  5215  5215 D wpa_supplicant: random pool - hexdump(len=128): [REMOVED]
12-17 19:55:47.571  5215  5215 D wpa_supplicant: random_mix_pool - hexdump(len=16): [REMOVED]
12-17 19:55:47.571  5215  5215 D wpa_supplicant: random_mix_pool - hexdump(len=5): [REMOVED]
12-17 19:55:47.571  5215  5215 D wpa_supplicant: random pool - hexdump(len=128): [REMOVED]
12-17 19:55:47.571  5215  5215 D wpa_supplicant: wlan0: Scan-only results received
12-17 19:55:47.571  5215  5215 D wpa_supplicant: CTRL-DEBUG: ctrl_sock-sendmsg: sock=16 sndbuf=229376 outq=0 send_len=24
12-17 19:55:47.571  5215  5215 D wpa_supplicant: CTRL_IFACE monitor sent successfully to /data/misc/wifi/sockets/wpa_ctrl_1795-194\x00
12-17 19:55:47.571  5215  5215 D wpa_supplicant: wlan0: Radio work 'scan'@0x7fb502f3c0 done in 0.450400 seconds
12-17 19:55:47.571  5215  5215 D wpa_supplicant: wlan0: radio_work_free('scan'@0x7fb502f3c0: num_active_works --> 0
12-17 19:55:47.571  1795  5219 D WifiMonitor: Dispatching event to interface: wlan0
12-17 19:55:47.571  1795  1813 E BatteryStatsService: no controller energy info supplied
12-17 19:55:47.571  1795  5219 E WifiMonitor: WifiMonitor:wlan0 cnt=31164 dispatchEvent: CTRL-EVENT-SCAN-RESULTS 
12-17 19:55:47.572  5215  5215 D wpa_supplicant: wlan0: Control interface command 'BSS RANGE=0- MASK=0x3029d87'
12-17 19:55:47.572  5215  5215 E wpa_supplicant: bssid=80:38:bc:08:42:c1;freq=2452;level=-48;flags=43;ssid=Huawei-Employee;
12-17 19:55:47.572  1795  2680 I AlarmManager: remove(null) changed bounds; rebatching
12-17 19:55:47.572  5215  5215 E wpa_supplicant: bssid=80:38:bc:08:43:01;freq=2472;level=-36;flags=11;ssid=Huawei-Employee;
12-17 19:55:47.572  5215  5215 E wpa_supplicant: bssid=80:38:bc:0a:f1:41;freq=2412;level=-65;flags=11;ssid=Huawei-Employee;
12-17 19:55:47.572  5215  5215 E wpa_supplicant: bssid=80:38:bc:0b:29:61;freq=2412;level=-68;flags=11;ssid=Huawei-Employee;
12-17 19:55:47.573  5215  5215 E wpa_supplicant: bssid=80:38:bc:0b:28:01;freq=2432;level=-71;flags=11;ssid=Huawei-Employee;
12-17 19:55:47.573  5215  5215 E wpa_supplicant: bssid=00:26:f2:1b:9d:b2;freq=2437;level=-79;flags=11;ssid=NTPC02;
12-17 19:55:47.573  5215  5215 E wpa_supplicant: bssid=80:38:bc:0b:30:21;freq=2412;level=-81;flags=11;ssid=Huawei-Employee;
12-17 19:55:47.573  5215  5215 E wpa_supplicant: bssid=80:38:bc:0a:f1:a0;freq=2412;level=-83;flags=11;ssid=wlanaccessv2.0;
12-17 19:55:47.573  5215  5215 D wpa_supplicant: CTRL-DEBUG: global_ctrl_sock-sendto: sock=16 sndbuf=229376 outq=0 send_len=4025
12-17 19:55:47.573  5215  5215 D wpa_supplicant: nl80211: Event message available
12-17 19:55:47.573  5215  5215 D wpa_supplicant: nl80211: Drv Event 79 (NL80211_CMD_SET_REKEY_OFFLOAD) received for wlan0
12-17 19:55:47.573  5215  5215 D wpa_supplicant: nl80211: Rekey offload event for BSSID 80:38:bc:08:42:c1
12-17 19:55:47.573  5215  5215 D wpa_supplicant: nl80211: Rekey offload - Replay Counter - hexdump(len=8): 00 00 00 00 00 00 00 02
12-17 19:55:47.573  5215  5215 D wpa_supplicant: wlan0: Event DRIVER_GTK_REKEY (35) received
12-17 19:55:47.574  5215  5215 D wpa_supplicant: wlan0: Control interface command 'BSS RANGE=0- MASK=0x3029d87'
12-17 19:55:47.574  5215  5215 E wpa_supplicant: bssid=80:38:bc:08:42:c1;freq=2452;level=-48;flags=43;ssid=Huawei-Employee;
12-17 19:55:47.575  5215  5215 E wpa_supplicant: bssid=80:38:bc:08:43:01;freq=2472;level=-36;flags=11;ssid=Huawei-Employee;
12-17 19:55:47.575  5215  5215 E wpa_supplicant: bssid=80:38:bc:0a:f1:41;freq=2412;level=-65;flags=11;ssid=Huawei-Employee;
12-17 19:55:47.575  5215  5215 E wpa_supplicant: bssid=80:38:bc:0b:29:61;freq=2412;level=-68;flags=11;ssid=Huawei-Employee;
12-17 19:55:47.575  5215  5215 E wpa_supplicant: bssid=80:38:bc:0b:28:01;freq=2432;level=-71;flags=11;ssid=Huawei-Employee;
12-17 19:55:47.575  5215  5215 E wpa_supplicant: bssid=00:26:f2:1b:9d:b2;freq=2437;level=-79;flags=11;ssid=NTPC02;
12-17 19:55:47.575  5215  5215 E wpa_supplicant: bssid=80:38:bc:0b:30:21;freq=2412;level=-81;flags=11;ssid=Huawei-Employee;
12-17 19:55:47.575  5215  5215 E wpa_supplicant: bssid=80:38:bc:0a:f1:a0;freq=2412;level=-83;flags=11;ssid=wlanaccessv2.0;
12-17 19:55:47.576  5215  5215 D wpa_supplicant: CTRL-DEBUG: global_ctrl_sock-sendto: sock=16 sndbuf=229376 outq=0 send_len=4025
12-17 19:55:47.576  5215  5215 D wpa_supplicant: wlan0: Control interface command 'BSS RANGE=543- MASK=0x3029d87'
12-17 19:55:47.576  5215  5215 E wpa_supplicant: bssid=80:38:bc:0a:f4:60;freq=2472;level=-88;flags=11;ssid=wlanaccessv2.0;
