12-17 19:36:56.022  1795  3225 I PGManagerService: proxyWakeLockByPidUid, pid: 633, uid: 10102, proxy: true
12-17 19:36:56.023  3180  3578 I ash     : Proxy wakelock uid = 10102 pid = 633
12-17 19:36:56.025  1795 11746 D PowerManagerService: release:lock=60141323, flg=0x0, tag="hibernation", name=com.huawei.powergenie", ws=null, uid=1000, pid=3180
12-17 19:36:56.030  1795 11746 D PowerManagerService: ready=true,policy=0,wakefulness=0,wksummary=0x1,uasummary=0x0,bootcompleted=true,boostinprogress=false,waitmodeenable=false,mode=true,manual=33,auto=-1,adj=0.0userId=0
12-17 19:36:56.031  3180  3578 I ash     : com.baidu.input_huawei goes to hibernation overtime: 53866
12-17 19:36:56.032  3180  3578 I ash     : com.android.browser goes to D overtime: 29528
12-17 19:36:56.033  3180  3578 I ash     : com.tencent.mm goes to hibernation overtime: 30204
12-17 19:36:56.034  3180  3578 I AppManager: check dependency pid: 4690 is depended by pid: 1795
12-17 19:36:56.034  3180  3578 I ash     : Application com.baidu.input_huawei is depended by other app, delay to H!
12-17 19:36:56.034  3180  3578 I ash     :  ignore audio app: com.android.browser stop delta time:37359767
12-17 19:36:56.034  3180  3578 I ash     : com.android.browser { running duration=59530 } transition to: doze reason:
12-17 19:36:56.035  3180  3578 I ash     : doze package: com.android.browser, visible: false
12-17 19:36:56.044  1795  1825 D PowerManagerService: updateIsPoweredLocked: wasPowered=false, mIsPowered=false, oldPlugType=0, mPlugType=0, mBatteryLevel=78
12-17 19:36:56.045  1795  1825 I HwCustPowerManager_FLOW: handleDreamLocked
12-17 19:36:56.045  1795  1795 I DeviceIdleController: updateChargingLocked: charging=false
12-17 19:36:56.045  1795  1795 D WifiService: onReceive, action:android.intent.action.BATTERY_CHANGED
12-17 19:36:56.045  1795  1795 D WifiService: ACTION_BATTERY_CHANGED pluggedType: 0
12-17 19:36:56.045  1795  2670 D WifiController: DeviceActiveState{ when=0 what=155652 target=com.android.internal.util.StateMachine$SmHandler }
12-17 19:36:56.045  1795  2670 D WifiController: StaEnabledState what=155652
12-17 19:36:56.045  1795  2670 D WifiController: DefaultState what=155652
12-17 19:36:56.045  1795  2670 D WifiController: battery changed pluggedType: 0
12-17 19:36:56.045  1795  2670 D WifiController: wifiSleepPolicy:1
12-17 19:36:56.045  2852  2852 D KeyguardUpdateMonitor: received broadcast android.intent.action.BATTERY_CHANGED
12-17 19:36:56.046  2852  2852 W KeyguardUpdateMonitor: ACTION_BATTERY_CHANGED AMP: 0; Volt: 0
12-17 19:36:56.046  2852  2852 I PowerUI : onReceive intent:act:android.intent.action.BATTERY_CHANGED  flag:1610612752 technology=Li-ion icon-small=17303220 max_charging_voltage=0 health=2 max_charging_current=0 status=3 plugged=0 present=true charge_counter=0 level=78 scale=100 temperature=267 voltage=4069 invalid_charger=0 
12-17 19:36:56.046  2852  2852 I PowerUI : buckets   .....15 .. 10 .. 5level          78 --> 78status         3 --> 3plugType       0 --> 0invalidCharger 0 --> 0bucket         1 --> 1plugged        false --> false
12-17 19:36:56.047  3218  3218 D VideoCall_LowBattery: BatteryIntent received: android.intent.action.BATTERY_CHANGED
12-17 19:36:56.047  1795  1808 I ActivityManager_broadcast: dispatch ordered broadcast [background] BroadcastRecord{727ceda u0 com.huawei.intent.action.PUSH}, has 1 receivers
12-17 19:36:56.047  3782  3862 W QCNEJ   : |CORE| CNE received unexpected action: android.intent.action.BATTERY_CHANGED
12-17 19:36:56.048  3218  3218 E QtiImsExtUtils: getImsPhoneId failed. Exception = org.codeaurora.ims.QtiImsException: ImsService is not running
12-17 19:36:56.048  3626  3626 E PTM.FileNodeInfo: getTempInfo error: null, 0
12-17 19:36:56.048  3218  3218 E QtiImsExtUtils: getConfigForPhoneId phoneId is invalid
12-17 19:36:56.048  3626  3626 E PTM.FileNodeInfo: getTempInfo error: null, 0
12-17 19:36:56.048  3218  3218 E QtiImsExtUtils: isCarrierConfigEnabled bundle is null
12-17 19:36:56.048  3626  3626 E PTM.FileNodeInfo: getTempInfo error: null, 0
12-17 19:36:56.048  3626  3626 E PTM.FileNodeInfo: getTempInfo error: null, 0
12-17 19:36:56.048  3626  3626 E PTM.FileNodeInfo: getTempInfo error: null, 0
12-17 19:36:56.048  3626  3626 E PTM.FileNodeInfo: getTempInfo error: null, 0
12-17 19:36:56.048  3626  3626 E PTM.FileNodeInfo: getTempInfo error: null, 0
12-17 19:36:56.048  3626  3626 E PTM.FileNodeInfo: getTempInfo error: null, 0
12-17 19:36:56.048  3626  3626 E PTM.FileNodeInfo: getTempInfo error: null, 0
12-17 19:36:56.048  3626  3626 E PTM.FileNodeInfo: getTempInfo error: null, 0
12-17 19:36:56.048  3626  3626 E PTM.FileNodeInfo: getTempInfo error: null, 0
12-17 19:36:56.048  3626  3626 E PTM.FileNodeInfo: getTempInfo error: null, 0
12-17 19:36:56.048  3626  3626 E PTM.FileNodeInfo: getTempInfo error: null, 0
12-17 19:36:56.048  3626  3626 E PTM.FileNodeInfo: getTempInfo error: null, 0
12-17 19:36:56.048  3626  3626 E PTM.FileNodeInfo: getTempInfo error: null, 0
12-17 19:36:56.048  3626  3626 E PTM.FileNodeInfo: getTempInfo error: null, 0
12-17 19:36:56.048  3626  3626 E PTM.FileNodeInfo: getTempInfo error: null, 0
12-17 19:36:56.048  3626  3626 E PTM.FileNodeInfo: getTempInfo error: null, 0
12-17 19:36:56.048  3626  3626 E PTM.FileNodeInfo: getTempInfo error: null, 0
12-17 19:36:56.048  3626  3626 E PTM.FileNodeInfo: getTempInfo error: null, 0
12-17 19:36:56.048  3626  3626 E PTM.FileNodeInfo: getTempInfo error: null, 0
12-17 19:36:56.048  3626  3626 E PTM.FileNodeInfo: getTempInfo error: null, 0
12-17 19:36:56.048  3626  3626 E PTM.FileNodeInfo: getTempInfo error: null, 0
12-17 19:36:56.048  3626  3626 E PTM.FileNodeInfo: getTempInfo error: null, 0
12-17 19:36:56.048  3626  3626 E PTM.FileNodeInfo: getTempInfo error: null, 0
12-17 19:36:56.048  3626  3626 D PTM.ThermalAlarmInfo: TempThreshold: 35, Shell: 0
12-17 19:36:56.048  3218  3218 D VideoCall_LowBattery:  allowVideoCallsInLowBattery: false isCarrierOneSupported: false mIsLowbattery: false
12-17 19:36:56.048  3626  3626 E PTM.FileNodeInfo: getTempInfo error: null, 0
12-17 19:36:56.048  3626  3626 E PTM.FileNodeInfo: getTempInfo error: null, 0
12-17 19:36:56.048  3626  3626 E PTM.FileNodeInfo: getTempInfo error: null, 0
12-17 19:36:56.048  3626  3626 E PTM.FileNodeInfo: getTempInfo error: null, 0
12-17 19:36:56.048  3626  3626 E PTM.FileNodeInfo: getTempInfo error: null, 0
12-17 19:36:56.048  3626  3626 E PTM.FileNodeInfo: getTempInfo error: null, 0
12-17 19:36:56.048  3626  3626 E PTM.FileNodeInfo: getTempInfo error: null, 0
12-17 19:36:56.048  3626  3626 E PTM.FileNodeInfo: getTempInfo error: null, 0
12-17 19:36:56.048  3626  3626 E PTM.FileNodeInfo: getTempInfo error: null, 0
12-17 19:36:56.048  3626  3626 E PTM.FileNodeInfo: getTempInfo error: null, 0
12-17 19:36:56.048  3626  3626 E PTM.FileNodeInfo: getTempInfo error: null, 0
12-17 19:36:56.048  3626  3626 E PTM.FileNodeInfo: getTempInfo error: null, 0
12-17 19:36:56.048  3626  3626 E PTM.FileNodeInfo: getTempInfo error: null, 0
12-17 19:36:56.048  3626  3626 E PTM.FileNodeInfo: getTempInfo error: null, 0
12-17 19:36:56.048  3626  3626 E PTM.FileNodeInfo: getTempInfo error: null, 0
12-17 19:36:56.049  3626  3626 E PTM.FileNodeInfo: getTempInfo error: null, 0
12-17 19:36:56.049  3626  3626 E PTM.FileNodeInfo: getTempInfo error: null, 0
12-17 19:36:56.049  3626  3626 E PTM.FileNodeInfo: getTempInfo error: null, 0
12-17 19:36:56.049  3626  3626 E PTM.FileNodeInfo: getTempInfo error: null, 0
12-17 19:36:56.049  3626  3626 E PTM.FileNodeInfo: getTempInfo error: null, 0
12-17 19:36:56.049  3626  3626 E PTM.FileNodeInfo: getTempInfo error: null, 0
12-17 19:36:56.049  3626  3626 E PTM.FileNodeInfo: getTempInfo error: null, 0
12-17 19:36:56.049  3626  3626 E PTM.FileNodeInfo: getTempInfo error: null, 0
12-17 19:36:56.049  3626  3626 E PTM.FileNodeInfo: getTempInfo error: null, 0
12-17 19:36:56.049  3626  3626 E PTM.FileNodeInfo: getTempInfo error: null, 0
12-17 19:36:56.049  1795  2778 I NotificationManager: cancelNotificationWithTag pid 2852,uid = 10033,tag = low_battery,pkg =com.android.systemui,id =2132017204
12-17 19:36:56.049  1795  1795 I NotificationManager: cancelNotification,index:-1
12-17 19:36:56.050  2852  2852 I HwPowerUI: processLowerBatteryLevel plugged:false batteryLevel:78 intent:act:android.intent.action.BATTERY_CHANGED  flag:1610612752 technology=Li-ion icon-small=17303220 max_charging_voltage=0 health=2 max_charging_current=0 status=3 plugged=0 present=true charge_counter=0 level=78 scale=100 temperature=267 voltage=4069 invalid_charger=0 
12-17 19:36:56.050  2852  2852 I HwPowerUI: doTemperatueWarning, health:2
12-17 19:36:56.050  2852  2852 I HwBatteryManager: onBatteryLevelChanged: level=78, pluggedIn=false, charging=false, PercentColor=-1275068417
12-17 19:36:56.051  3626  3626 E PTM.FileNodeInfo: getTempInfo error: null, 0
12-17 19:36:56.051  3626  3626 E PTM.FileNodeInfo: getTempInfo error: null, 0
12-17 19:36:56.051  3626  3626 E PTM.FileNodeInfo: getTempInfo error: null, 0
12-17 19:36:56.051  3626  3626 E PTM.FileNodeInfo: getTempInfo error: null, 0
12-17 19:36:56.051  3626  3626 E PTM.FileNodeInfo: getTempInfo error: null, 0
12-17 19:36:56.053  7194  7194 I PushLog2824: [main-1]action is com.huawei.intent.action.PUSH(android/null:-1)
12-17 19:36:56.056  7194  7194 I PushLog2824: [main-1]broadcast(),and mReceivers  4(android/null:-1)
12-17 19:36:56.058  1795  3238 D PowerManagerService: acquire lock=261296616, flags=0x1, tag="eventloop", name=android, ws=null, uid=1000, pid=7194
12-17 19:36:56.058  1795  3238 D PowerManagerService: ready=true,policy=0,wakefulness=0,wksummary=0x1,uasummary=0x0,bootcompleted=true,boostinprogress=false,waitmodeenable=false,mode=true,manual=33,auto=-1,adj=0.0userId=0
12-17 19:36:56.059  1795  1795 D PowerManagerService: ready=true,policy=0,wakefulness=0,wksummary=0x1,uasummary=0x0,bootcompleted=true,boostinprogress=false,waitmodeenable=false,mode=true,manual=33,auto=-1,adj=0.0userId=0
12-17 19:36:56.062  2852  2852 V KeyguardUpdateMonitor: RefreshBatteryInfo isBatteryLow: 78
