12-17 19:31:43.394   835  2385 E libteec : qsc_decode end
12-17 19:31:43.394   835  2385 I fpc_tac : fpc_tac_send_get_indices_cmd indices:0x7f9860c000, index_count:1
12-17 19:31:43.394   835  2385 E libteec : begin
12-17 19:31:43.394  3180  3578 I ash     : Default InputMethod : com.baidu.input_huawei
12-17 19:31:43.394   606  2379 E libteec : receive data len = 1152
12-17 19:31:43.394  3180  3578 I ash     : screen off inputmethod, delay to hibernation
12-17 19:31:43.394  3180  3578 I ThermalStateManager: handle action thermal policy:301
12-17 19:31:43.395  1795  3957 E IzatSvc_OSObserver: I/LocTech-Label :: OSOBSERVER :: Data Items In
12-17 19:31:43.395  1795  3957 E IzatSvc_OSObserver: I/LocTech-Value :: Data Item Value: IS_SCREEN_ON: false
12-17 19:31:43.398   606  2379 E libteec : QSEECom_send_cmd return!
12-17 19:31:43.398   606  2379 E libteec : qsc_send_cmd finish
12-17 19:31:43.398   606  2379 E libteec : send data return = 1152
12-17 19:31:43.398   835  2385 E libteec : receive data len = 1152
12-17 19:31:43.398   835  2385 E libteec : begin
12-17 19:31:43.398   835  2385 E libteec : qsc_decode end
12-17 19:31:43.398   835  2385 E libteec : begin
12-17 19:31:43.398   606  2379 E libteec : receive data len = 128
12-17 19:31:43.400  3218  4159 E HW-JPEG-DEC: [HME_JPEG_DEC_Delete](3298): HME_JPEG_DEC_Delete: decoder_ctx=null
12-17 19:31:43.402   606  2379 E libteec : QSEECom_send_cmd return!
12-17 19:31:43.402   606  2379 E libteec : qsc_send_cmd finish
12-17 19:31:43.402   606  2379 E libteec : send data return = 128
12-17 19:31:43.402   835  2385 E libteec : receive data len = 128
12-17 19:31:43.402   835  2385 E libteec : begin
12-17 19:31:43.402   835  2385 E libteec : qsc_decode end
12-17 19:31:43.402   835  2385 I fpc_tac : fpc_tac_begin_identify---need_liveness_authentication: 0
12-17 19:31:43.402   835  2385 E libteec : begin
12-17 19:31:43.402   606  2379 E libteec : receive data len = 192
12-17 19:31:43.405  3879  3879 I HwLauncher: Launcher receiver screen off broadcast sendmessage true
12-17 19:31:43.406   606  2379 E libteec : QSEECom_send_cmd return!
12-17 19:31:43.406   606  2379 E libteec : qsc_send_cmd finish
12-17 19:31:43.406   606  2379 E libteec : send data return = 192
12-17 19:31:43.406   835  2385 E libteec : receive data len = 192
12-17 19:31:43.406   835  2385 E libteec : begin
12-17 19:31:43.406   835  2385 E libteec : qsc_decode end
12-17 19:31:43.407   835  2385 I fpc_tac : fpc_tac_send_set_arbitrary_data_cmd:ok, response:0
12-17 19:31:43.407   835  2385 D fingerprintd: onAcquired(2001)
12-17 19:31:43.407   835  2385 E libteec : begin
12-17 19:31:43.407  1795  3249 W FingerprintService: onAcquired 1
12-17 19:31:43.407   606  2379 E libteec : receive data len = 128
12-17 19:31:43.407  1795  2326 W FingerprintService: onAcquired 2
12-17 19:31:43.408  2852  2852 V KeyguardUpdateMonitor: KGSvcFp onAuthenticationAcquired.2001
12-17 19:31:43.412  1795  2396 I AlarmManager: set(PendingIntent{b20f77f: PendingIntentRecord{601e5f3 com.huawei.indexsearch.observer broadcastIntent}}) : type=2 triggerAtTime=443439775 win=60000 tElapsed=443439775 maxElapsed=443499775 interval=0 flags=0x8
12-17 19:31:43.421  3180  4303 I AwareLog: MemoryRecoveryDMEPlugin: reportScene typeId = 2002
12-17 19:31:43.421  3180  4303 I AwareLog: MemoryRecoveryDMEPlugin: receive sceen off event
12-17 19:31:43.423  2883  2996 I HwSystemManager: TafficState:default sub id = 0slotIndex = 0 subscriptionId = 0
12-17 19:31:43.426   606  2379 E libteec : QSEECom_send_cmd return!
12-17 19:31:43.426   606  2379 E libteec : qsc_send_cmd finish
12-17 19:31:43.426   606  2379 E libteec : send data return = 128
12-17 19:31:43.426   835  2385 E libteec : receive data len = 128
12-17 19:31:43.426   835  2385 E libteec : begin
12-17 19:31:43.426   835  2385 E libteec : qsc_decode end
12-17 19:31:43.428  2883  2996 E HwSystemManager: LeisureTrafficSetting:result is empty
12-17 19:31:43.429  3626  3626 I HourObserver: enter into handleScrnOnOffTimeStats, scrnOn = false, mIsPreScrnOn = true, mScrnSwitchTime = 1481974302586, occurTime = 1481974303428, delta = 842, mScrnOffAccTime = 1730219, mScrnOnAccTime = 107950
12-17 19:31:43.429  3626  3626 I HourObserver: left handleScrnOnOffTimeStats, mScrnOffAccTime = 1730219, mScrnOffAccTime = 1730219, mScrnOnAccTime = 108792
12-17 19:31:43.432  2883  2996 I HwSystemManager: NatTrafficNotifyService:delta byte = 0 no traffic delta = 0Traffic state is 301
12-17 19:31:43.433  3626  3626 I iMonitor: create: 903001010
12-17 19:31:43.435  3626  3626 I iMonitor: send: 903001010
12-17 19:31:43.435   818  1152 I logserver: handle_exception_events enter
12-17 19:31:43.438  3626  3770 I LSC_903001010: process buffer and get message
12-17 19:31:43.439  2883  2996 I HwSystemManager: ExtraTrafficSetting:result is empty
12-17 19:31:43.441  7741  7741 D Mms_TX_NOTIFY: Get no-perm notification callback android.intent.action.SCREEN_OFF
12-17 19:31:43.446  3626  3753 I LogCollectService: msg = 103 received
12-17 19:31:43.449  3466  3466 I Contacts: DialpadFragment mBroadcastReceiver action:android.intent.action.SCREEN_OFF
12-17 19:31:43.455  2883  2996 I HwSystemManager: ITrafficInfo:ITrafficInfo create 301updateBytes = 1769320345
12-17 19:31:43.460  1795  3247 D StubTelephonyRegistry: uid:10028 pid:16628 PhoneStateListener.LISTEN_CELL_LOCATION:16 events:0
12-17 19:31:43.468  1795  1809 I HwPhoneWindowManager: OverscanTimeout run
12-17 19:31:43.488 10324 10324 D MagicLink: MagicLink2-BroadcastReceiver:====>ACTION_SCREEN_OFF
12-17 19:31:43.525  1795  1795 D PowerManagerService: Releasing suspend blocker "PowerManagerService.Broadcasts".
12-17 19:31:43.530  1795  3139 W ActivityManager: getRunningAppProcesses: caller 10105 does not hold REAL_GET_TASKS; limiting output
12-17 19:31:43.608  2852  2852 D DateTimeView: Change to single clock mode!
12-17 19:31:43.612  2852  2852 D DateTimeView: Change to single clock mode!
12-17 19:31:43.632  1795  2332 I qti_sensors_hal: [ACC]processReportInd: X: 6.319409 Y: 6.703818 Z: 3.655270  x_offset:0.160831 y_offset:0.184366 z_offset:0.985027
12-17 19:31:43.687 31949 31967 I PushService: tcp.conn{4787} ServiceC.connectedNotify(ServiceC.java:289) 172.30.70.63
12-17 19:31:43.690 31949 31967 I TCP     : tcp.recv{4790} TcpClientThread.onReceiverWork(TcpClientThread.java:292) connected
12-17 19:31:43.692 31949 31967 I ECS     : tcp.conn{4787} XmlMsg.encodeBuf(XmlMsg.java:215) SEND 100 bytes [16]_00_00_00_60_00_03_01_05_01_04_81_B1_00_00_00_00 cmdCode(CC_PCheckVersion.0x0501)msgType(MT_ARG.1)msgClass(MC_Push.5)sender(ST_Mobile.0)crypted(false)zipped(false)nobase64(true)length(96)version(3)sno(81B1)
12-17 19:31:43.710 31949 31967 I TCP     : tcp.recv{4790} TcpClientThread.onReceiverWork(TcpClientThread.java:307) get tcp message 659
12-17 19:31:43.712 31949 31967 I TCP     : msg.recv{4791} TcpClientThread.onRecv(TcpClientThread.java:515) TCP Msg 659TCP_OK
12-17 19:31:43.714 31949 31967 I ECS     : msg.recv{4791} XmlMsg.decodeBuf(XmlMsg.java:237) RECV 663 bytes [12]_00_03_02_05_01_04_81_B1_EF_D1_BE_C6 cmdCode(CC_PCheckVersion.0x0501)msgType(MT_ACK.2)msgClass(MC_Push.5)sender(ST_Mobile.0)crypted(false)zipped(false)nobase64(true)length(659)version(3)sno(81B1)
12-17 19:31:43.829  1795  2332 I qti_sensors_hal: [ACC]processReportInd: X: 6.178189 Y: 7.009787 Z: 2.148344  x_offset:0.160831 y_offset:0.184366 z_offset:0.985027
12-17 19:31:43.901  7741  7758 D TmoMonitor: Cache monitor msg as screen_off
12-17 19:31:43.941  3782 20209 V AudioManager: isMusicActive...
12-17 19:31:43.941  3782 20209 V AudioManager: isWiredHeadsetOn...
12-17 19:31:43.977  1795  1795 I TrafficMonitor: expired arrive. level:-1
12-17 19:31:43.977  1795  1795 I TrafficMonitor: during_ms:2004,period_ms:2000
12-17 19:31:43.977  1795  1795 I TrafficMonitor: count:45,rx_sum:9,tx_sum:11,rxBytes:1833,during_ms:2004,rx_speed:914.6706586826348,tx_speed:396.7065868263473,rto:0.8181818181818182
12-17 19:31:43.977  1795  1795 D HuaweiWifiWatchdogStateMachine: speed: rxpkt:9, rxSpd:914B/s, txpkt:11, txSpd:396
12-17 19:31:44.024  1795  2332 I qti_sensors_hal: [ACC]processReportInd: X: 6.382169 Y: 6.750891 Z: 3.075685  x_offset:0.160831 y_offset:0.184366 z_offset:0.985027
12-17 19:31:44.220  1795  2332 I qti_sensors_hal: [ACC]processReportInd: X: 6.342938 Y: 7.049017 Z: 4.281238  x_offset:0.160831 y_offset:0.184366 z_offset:0.985027
12-17 19:31:44.364  7741  7758 D TmoMonitor: Cache monitor msg as screen_off
12-17 19:31:44.417  1795  2332 I qti_sensors_hal: [ACC]processReportInd: X: 6.201718 Y: 6.899954 Z: 3.771199  x_offset:0.160831 y_offset:0.184366 z_offset:0.985027
12-17 19:31:44.613  1795  2332 I qti_sensors_hal: [ACC]processReportInd: X: 6.225263 Y: 7.213767 Z: 2.364721  x_offset:0.160831 y_offset:0.184366 z_offset:0.985027
12-17 19:31:44.625  1795  2371 E huawei_ProximitySensor_CPP_Test: ProximitySensor: 9 is far event,0 is close event,value = 9.000000
12-17 19:31:44.625  1795  2371 I huawei_ProximitySensor_CPP_Test: readEvents:345: ProximitySensor: getTimestamp,mPendingEvent.timestamp =-203614043 
12-17 19:31:44.626  1795  1825 D DisplayPowerController: handleProximitySensorEvent positive:false
12-17 19:31:44.626  1795  1825 D PowerManagerService: Acquiring suspend blocker "PowerManagerService.Display".
12-17 19:31:44.627  1795  1825 I PowerManager_screenOn: DisplayPowerController updatePowerState mPendingRequestLocked=policy=OFF, useProximitySensor=true, useProximitySensorbyPhone=true, screenBrightness=33, screenAutoBrightnessAdjustment=0.0, brightnessSetByUser=true, useAutoBrightness=true, blockScreenOn=false, lowPowerMode=false, boostScreenBrightness=false, dozeScreenBrightness=-1, dozeScreenState=UNKNOWN, useTwilight=false, useSmartBacklight=true, brightnessWaitMode=false, brightnessWaitRet=true, screenAutoBrightness=-1, userId=0
12-17 19:31:44.627  1795  1825 I WindowManger_keyguard: Screen turned off...
12-17 19:31:44.627  1795  1825 V KeyguardServiceDelegate: onScreenTurnedOff()
12-17 19:31:44.627  1795  1825 I WindowManger_keyguard: onScreenTurnedOff()
12-17 19:31:44.627  1795  1825 W HwScreenOnProximityLock: releaseLock: return because sensor listener is held = false
