12-17 19:40:24.096  1795  2736 E hwintelligencewifi: addCurrentApInfo info is already there
12-17 19:40:24.096  5215  5215 D wpa_supplicant: wlan0: BSS: Add new id 535 BSSID 80:38:bc:0b:25:e1 SSID 'Huawei-Employee' freq 2412
12-17 19:40:24.096   816 20832 D DnsProxyListener: GetAddrInfoHandler addr: uc.huawei.com {304, 917808, 10102} 172.30.70.63
12-17 19:40:24.096  1795  2736 W hwintelligencewifi: updateBssidTimer time = 1481974824096
12-17 19:40:24.096  5215  5215 D wpa_supplicant: CTRL-DEBUG: ctrl_sock-sendmsg: sock=16 sndbuf=229376 outq=768 send_len=42
12-17 19:40:24.096  5215  5215 D wpa_supplicant: CTRL_IFACE monitor sent successfully to /data/misc/wifi/sockets/wpa_ctrl_1795-194\x00
12-17 19:40:24.096  5215  5215 D wpa_supplicant: BSS: last_scan_res_used=8/64
12-17 19:40:24.096  5215  5215 D wpa_supplicant: Add randomness: count=910 entropy=513
12-17 19:40:24.096  5215  5215 D wpa_supplicant: random pool - hexdump(len=128): [REMOVED]
12-17 19:40:24.096  5215  5215 D wpa_supplicant: random_mix_pool - hexdump(len=16): [REMOVED]
12-17 19:40:24.096  5215  5215 D wpa_supplicant: random_mix_pool - hexdump(len=5): [REMOVED]
12-17 19:40:24.096  5215  5215 D wpa_supplicant: random pool - hexdump(len=128): [REMOVED]
12-17 19:40:24.096  5215  5215 D wpa_supplicant: Add randomness: count=911 entropy=514
12-17 19:40:24.096  5215  5215 D wpa_supplicant: random pool - hexdump(len=128): [REMOVED]
12-17 19:40:24.096  5215  5215 D wpa_supplicant: random_mix_pool - hexdump(len=16): [REMOVED]
12-17 19:40:24.096  5215  5215 D wpa_supplicant: random_mix_pool - hexdump(len=5): [REMOVED]
12-17 19:40:24.096  5215  5215 D wpa_supplicant: random pool - hexdump(len=128): [REMOVED]
12-17 19:40:24.096  5215  5215 D wpa_supplicant: Add randomness: count=912 entropy=515
12-17 19:40:24.096  5215  5215 D wpa_supplicant: random pool - hexdump(len=128): [REMOVED]
12-17 19:40:24.096  5215  5215 D wpa_supplicant: random_mix_pool - hexdump(len=16): [REMOVED]
12-17 19:40:24.096  5215  5215 D wpa_supplicant: random_mix_pool - hexdump(len=5): [REMOVED]
12-17 19:40:24.096  5215  5215 D wpa_supplicant: random pool - hexdump(len=128): [REMOVED]
12-17 19:40:24.096  5215  5215 D wpa_supplicant: Add randomness: count=913 entropy=516
12-17 19:40:24.096  5215  5215 D wpa_supplicant: random pool - hexdump(len=128): [REMOVED]
12-17 19:40:24.096  5215  5215 D wpa_supplicant: random_mix_pool - hexdump(len=16): [REMOVED]
12-17 19:40:24.096  5215  5215 D wpa_supplicant: random_mix_pool - hexdump(len=5): [REMOVED]
12-17 19:40:24.096  5215  5215 D wpa_supplicant: random pool - hexdump(len=128): [REMOVED]
12-17 19:40:24.096  5215  5215 D wpa_supplicant: Add randomness: count=914 entropy=517
12-17 19:40:24.096  5215  5215 D wpa_supplicant: random pool - hexdump(len=128): [REMOVED]
12-17 19:40:24.096  5215  5215 D wpa_supplicant: random_mix_pool - hexdump(len=16): [REMOVED]
12-17 19:40:24.096  5215  5215 D wpa_supplicant: random_mix_pool - hexdump(len=5): [REMOVED]
12-17 19:40:24.096  5215  5215 D wpa_supplicant: random pool - hexdump(len=128): [REMOVED]
12-17 19:40:24.096  5215  5215 D wpa_supplicant: Add randomness: count=915 entropy=518
12-17 19:40:24.096  5215  5215 D wpa_supplicant: random pool - hexdump(len=128): [REMOVED]
12-17 19:40:24.096  5215  5215 D wpa_supplicant: random_mix_pool - hexdump(len=16): [REMOVED]
12-17 19:40:24.096  5215  5215 D wpa_supplicant: random_mix_pool - hexdump(len=5): [REMOVED]
12-17 19:40:24.096  5215  5215 D wpa_supplicant: random pool - hexdump(len=128): [REMOVED]
12-17 19:40:24.096  5215  5215 D wpa_supplicant: Add randomness: count=916 entropy=519
12-17 19:40:24.096  5215  5215 D wpa_supplicant: random pool - hexdump(len=128): [REMOVED]
12-17 19:40:24.096  5215  5215 D wpa_supplicant: random_mix_pool - hexdump(len=16): [REMOVED]
12-17 19:40:24.096  5215  5215 D wpa_supplicant: random_mix_pool - hexdump(len=5): [REMOVED]
12-17 19:40:24.096  5215  5215 D wpa_supplicant: random pool - hexdump(len=128): [REMOVED]
12-17 19:40:24.096  5215  5215 D wpa_supplicant: Add randomness: count=917 entropy=520
12-17 19:40:24.096  5215  5215 D wpa_supplicant: random pool - hexdump(len=128): [REMOVED]
12-17 19:40:24.096  5215  5215 D wpa_supplicant: random_mix_pool - hexdump(len=16): [REMOVED]
12-17 19:40:24.096  5215  5215 D wpa_supplicant: random_mix_pool - hexdump(len=5): [REMOVED]
12-17 19:40:24.096  5215  5215 D wpa_supplicant: random pool - hexdump(len=128): [REMOVED]
12-17 19:40:24.096  5215  5215 D wpa_supplicant: wlan0: Scan-only results received
12-17 19:40:24.096  5215  5215 D wpa_supplicant: CTRL-DEBUG: ctrl_sock-sendmsg: sock=16 sndbuf=229376 outq=1536 send_len=24
12-17 19:40:24.096  5215  5215 D wpa_supplicant: CTRL_IFACE monitor sent successfully to /data/misc/wifi/sockets/wpa_ctrl_1795-194\x00
12-17 19:40:24.096  5215  5215 D wpa_supplicant: wlan0: Radio work 'scan'@0x7fb502f3c0 done in 0.377326 seconds
12-17 19:40:24.096  5215  5215 D wpa_supplicant: wlan0: radio_work_free('scan'@0x7fb502f3c0: num_active_works --> 0
12-17 19:40:24.096  1795  5219 D WifiMonitor: Dispatching event to interface: wlan0
12-17 19:40:24.096  5215  5215 D wpa_supplicant: nl80211: Event message available
12-17 19:40:24.096  5215  5215 D wpa_supplicant: nl80211: Drv Event 79 (NL80211_CMD_SET_REKEY_OFFLOAD) received for wlan0
12-17 19:40:24.096  1795  5219 D WifiMonitor: Dispatching event to interface: wlan0
12-17 19:40:24.096  5215  5215 D wpa_supplicant: nl80211: Rekey offload event for BSSID 80:38:bc:08:42:c1
12-17 19:40:24.096  5215  5215 D wpa_supplicant: nl80211: Rekey offload - Replay Counter - hexdump(len=8): 00 00 00 00 00 00 00 02
12-17 19:40:24.096  5215  5215 D wpa_supplicant: wlan0: Event DRIVER_GTK_REKEY (35) received
12-17 19:40:24.097  1795  5219 D WifiMonitor: Dispatching event to interface: wlan0
12-17 19:40:24.097  1795  5219 E WifiMonitor: WifiMonitor:wlan0 cnt=31145 dispatchEvent: CTRL-EVENT-SCAN-RESULTS 
12-17 19:40:24.097  1795  2680 I AlarmManager: remove(null) changed bounds; rebatching
12-17 19:40:24.098  5215  5215 D wpa_supplicant: wlan0: Control interface command 'BSS RANGE=0- MASK=0x3029d87'
12-17 19:40:24.098  1795  1813 E BatteryStatsService: no controller energy info supplied
12-17 19:40:24.098  5215  5215 E wpa_supplicant: bssid=80:38:bc:08:42:c1;freq=2452;level=-48;flags=43;ssid=Huawei-Employee;
12-17 19:40:24.098  5215  5215 E wpa_supplicant: bssid=80:38:bc:0b:28:01;freq=2432;level=-63;flags=11;ssid=Huawei-Employee;
12-17 19:40:24.098  5215  5215 E wpa_supplicant: bssid=80:38:bc:0b:2b:e1;freq=2432;level=-64;flags=11;ssid=Huawei-Employee;
12-17 19:40:24.098  5215  5215 E wpa_supplicant: bssid=80:38:bc:0a:f0:61;freq=2432;level=-79;flags=11;ssid=Huawei-Employee;
12-17 19:40:24.098  5215  5215 E wpa_supplicant: bssid=00:26:f2:1b:9d:b2;freq=2437;level=-79;flags=11;ssid=NTPC02;
12-17 19:40:24.099  5215  5215 E wpa_supplicant: bssid=80:38:bc:0b:18:a1;freq=2432;level=-81;flags=11;ssid=Huawei-Employee;
12-17 19:40:24.099  5215  5215 E wpa_supplicant: bssid=80:38:bc:0b:29:e1;freq=2452;level=-85;flags=11;ssid=Huawei-Employee;
12-17 19:40:24.099  5215  5215 E wpa_supplicant: bssid=80:38:bc:0b:25:e1;freq=2412;level=-87;flags=11;ssid=Huawei-Employee;
12-17 19:40:24.099  5215  5215 D wpa_supplicant: CTRL-DEBUG: global_ctrl_sock-sendto: sock=16 sndbuf=229376 outq=0 send_len=4028
12-17 19:40:24.099 31949 31967 I eSpaceService: WatchThread{4786} TcpCirChannel.shutdown(TcpCirChannel.java:257) Login_By_Step-> shut down now connect
12-17 19:40:24.100   633 31868 I SDK     : <2016-12-17 19:40:24> [NOTICE] SDK: UE-SeC 2016-12-17 19:40:24:100 Level[NOTICE] magic[3365677344 7476]:Currently process detect response packet when login,detect id is [4],ack id is [4]!
12-17 19:40:24.100   633 31868 I SDK     : 
12-17 19:40:24.100   633 20833 I SDK     : <2016-12-17 19:40:24> [NOTICE] SDK: UE-SeC 2016-12-17 19:40:24:100 Level[NOTICE] magic[2599479584 193]:Recv detect response when login,detect id is [4]!
12-17 19:40:24.100   633 20833 I SDK     : 
12-17 19:40:24.101   633 20833 E SDK     : <2016-12-17 19:40:24> [ERR] SDK: UE-SeC 2016-12-17 19:40:24:100 Level[ERR] magic[2599479584 2160]: Detect UDP tunnel end,with result:0
12-17 19:40:24.101   633 20833 E SDK     : 
12-17 19:40:24.101   633 20833 I SDK     : <2016-12-17 19:40:24> [NOTICE] SDK: UE-SeC 2016-12-17 19:40:24:101 Level[NOTICE] magic[2599479584 1889]:AnyOffice_IsTunnelAvailable: current mode Tunnel is available!
12-17 19:40:24.101   633 20833 I SDK     : 
12-17 19:40:24.101   633 31868 E SDK     : <2016-12-17 19:40:24> [ERR] SDK: UE-SeC 2016-12-17 19:40:24:101 Level[ERR] magic[3365677344 692]:Decoder message type is invalidation;invalidation MMTP_MSG_ENABLE_EXTEND is [36]
12-17 19:40:24.101   633 31868 E SDK     : 
12-17 19:40:24.101   633 31868 I SDK     : <2016-12-17 19:40:24> [NOTICE] SDK: UE-SeC 2016-12-17 19:40:24:101 Level[NOTICE] magic[3365677344 1674]:Process DNS reponse msg!
12-17 19:40:24.101   633 31868 I SDK     : 
12-17 19:40:24.101   633 31868 I SDK     : <2016-12-17 19:40:24> [NOTICE] SDK: UE-SeC 2016-12-17 19:40:24:101 Level[NOTICE] magic[3365677344 7921]:CMTM_ProcDNSResponseMsg response message!aucURL =login.huawei.com
12-17 19:40:24.101   633 31868 I SDK     : 
12-17 19:40:24.101   633 31868 I SDK     : 
12-17 19:40:24.101   633 31868 I SDK     : <2016-12-17 19:40:24> [NOTICE] SDK: UE-SeC 2016-12-17 19:40:24:101 Level[NOTICE] magic[3365677344 11469]:Begin proc DNS response,  ip=167979558,self =3365677344
12-17 19:40:24.101   633 31868 I SDK     : 
12-17 19:40:24.101   633 31868 I SDK     : <2016-12-17 19:40:24> [NOTICE] SDK: UE-SeC 2016-12-17 19:40:24:101 Level[NOTICE] magic[3365677344 11555]:TLSTunnel URL=login.huawei.com
12-17 19:40:24.101   633 31868 I SDK     : 
12-17 19:40:24.101   633 31868 I SDK     : <2016-12-17 19:40:24> [NOTICE] SDK: UE-SeC 2016-12-17 19:40:24:101 Level[NOTICE] magic[3365677344 11020]:Total 1 callback!
12-17 19:40:24.101   633 31868 I SDK     : 
12-17 19:40:24.101   633 20834 I SDK     : <2016-12-17 19:40:24> [NOTICE] SDK: UE-SeC 2016-12-17 19:40:24:101 Level[NOTICE] magic[2540620064 982]:svn_gethostbyname_withtimeout: parse url <login.huawei.com> cost 200 ip<640287498>
12-17 19:40:24.101   633 20834 I SDK     : 
12-17 19:40:24.101   633 31868 I SDK     : <2016-12-17 19:40:24> [NOTICE] SDK: UE-SeC 2016-12-17 19:40:24:101 Level[NOTICE] magic[3365677344 11583]:Proc DNS response successfully!, URL=login.huawei.com, ip=167979558
12-17 19:40:24.101   633 31868 I SDK     : 
12-17 19:40:24.101   633 20834 I SDK     : <2016-12-17 19:40:24> [NOTICE] SDK: UE-SeC 2016-12-17 19:40:24:101 Level[NOTICE] magic[2540620064 1827]:AnyOffice_DetectTLSTunnelThread: url is parsed in time
