12-17 19:33:11.202  5224  5283 I Step_LSC: 20002302|REPORT : 4196 89805 2995 0
12-17 19:33:11.202  5224  5283 I SendBroadcastPermission: action:android.com.huawei.bone.NOTIFY_SPORT_DATA, mPermissionType:0
12-17 19:33:11.204  1795  1795 I NotificationManager: mIntentReceiver-ACTION_SCREEN_OFF
12-17 19:33:11.204  1795  1795 I NotificationManager: updateLightsLocked,mInCall =true,mScreenOn = false,ledNotification == null?false
12-17 19:33:11.204  1795  1795 I NotificationManager: updateLightsLocked,turn off notificationLight
12-17 19:33:11.204  1795  1795 I Sensor  : turn off notificationLight due to incall or screenon
12-17 19:33:11.204  1795  1795 I Sensor  : updateLight --> mIsNotificationExisting: false ledOnMS: 0 ledOffMS :0
12-17 19:33:11.204  1795  1795 I Sensor  : updateLightsLocked --> level:78, status:3
12-17 19:33:11.204  1795  1795 I Sensor  : updateLightsLocked --> mBatteryLight.turnOff
12-17 19:33:11.204  5224  5283 I SendBroadcastPermission: action:android.com.huawei.bone.NOTIFY_SPORT_DATA, mPermissionType:0
12-17 19:33:11.206   606  2379 E libteec : QSEECom_send_cmd return!
12-17 19:33:11.206   606  2379 E libteec : qsc_send_cmd finish
12-17 19:33:11.207   606  2379 E libteec : send data return = 128
12-17 19:33:11.207   835  2385 E libteec : receive data len = 128
12-17 19:33:11.207   835  2385 E libteec : begin
12-17 19:33:11.207   835  2385 E libteec : qsc_decode end
12-17 19:33:11.207   835  2385 D fpc_fingerprint_hal: worker idle
12-17 19:33:11.207   835  2385 D fpc_fingerprint_hal: workerFunction STATE_AUTHENTICATE
12-17 19:33:11.207  1795  2778 I HwActivityManagerService: Split enqueueing broadcast [callerApp]:ProcessRecord{580cfb2 5224:com.huawei.health:DaemonService/u0a99}
12-17 19:33:11.207  1046  1046 V ThreadsEx: HDebug print the key screen_state
12-17 19:33:11.207   835  2385 E libteec : begin
12-17 19:33:11.207   606  2379 E libteec : receive data len = 128
12-17 19:33:11.207  1046  1046 D audio_hw_primary: adev_set_parameters: enter: screen_state=off
12-17 19:33:11.207  1795  2326 W FingerprintService: client com.android.systemui is authenticating...
12-17 19:33:11.207  1046  1046 I Huawei_audio_cust: huawei_audio huawei_choose_HandsFree_device_incall_forHWtest: test Type =4
12-17 19:33:11.207  1046  1046 I Huawei_audio_cust: huawei_audio huawei_choose_Handset_device_incall_forHWtest: test Type =4
12-17 19:33:11.207  1046  1046 I Huawei_audio_cust: get_spk_pa_type: pa is max98925
12-17 19:33:11.207  1046  1046 I Huawei_audio_cust: huawei_common_set_parameters: exit with code(0)
12-17 19:33:11.207  1046  1046 V Huawei_audio_cust: huawei_cust_set_parameters: exit with code(0)
12-17 19:33:11.207  1046  1046 V msm8916_platform: platform_set_parameters: enter: - screen_state=off
12-17 19:33:11.207  1046  1046 V msm8916_platform: platform_set_parameters: exit with code(0)
12-17 19:33:11.207  1046  1046 D audio_hw_extn: audio_extn_set_anc_parameters: anc_enabled:0
12-17 19:33:11.207  1046  1046 D audio_hw_spkr_prot: audio_extn_fbsp_set_parameters: Speaker protection disabled
12-17 19:33:11.207  1046  1046 V audio_hw_primary: adev_set_parameters: exit with code(0)
12-17 19:33:11.208  5224  5283 I Step_HSNH: 20002302|upDateHealthNotification()|90|2.99|4196
12-17 19:33:11.209  5224  5283 I Step_HSNH: 20002302|rebuild notification
12-17 19:33:11.210  1795  1795 I AlarmManager: set(PendingIntent{2f9e644: PendingIntentRecord{527f32d android broadcastIntent}}) : type=2 triggerAtTime=447187573 win=300000 tElapsed=447187573 maxElapsed=447487573 interval=0 flags=0x8
12-17 19:33:11.210   606  2379 E libteec : QSEECom_send_cmd return!
12-17 19:33:11.210   606  2379 E libteec : qsc_send_cmd finish
12-17 19:33:11.210   606  2379 E libteec : send data return = 128
12-17 19:33:11.211   835  2385 E libteec : receive data len = 128
12-17 19:33:11.211   835  2385 E libteec : begin
12-17 19:33:11.211   835  2385 E libteec : qsc_decode end
12-17 19:33:11.211   835  2385 I fpc_tac : fpc_tac_send_get_indices_cmd indices:0x7f9860c000, index_count:1
12-17 19:33:11.211   835  2385 E libteec : begin
12-17 19:33:11.211   606  2379 E libteec : receive data len = 1152
12-17 19:33:11.211  1795 16500 I NotificationManager: enqueueNotificationInternal: pkg=com.huawei.health id=10010 notification=Notification(pri=0 contentView=null vibrate=null sound=null defaults=0x0 flags=0x2 color=0x00000000 vis=PRIVATE)
12-17 19:33:11.212  1795  1795 D HwPFWLogger: PFW.HwPFWService:mBroadcastReceiver action = android.intent.action.SCREEN_OFF
12-17 19:33:11.213  1795  2708 D HwPFWLogger: PFW.HwPFWService:handle PFW_MSG_SYSTEM
12-17 19:33:11.213  1795  2708 D HwPFWLogger: PFW.HwPFWAppRestartPolicy:receive action = android.intent.action.SCREEN_OFF
12-17 19:33:11.214   606  2379 E libteec : QSEECom_send_cmd return!
12-17 19:33:11.214   606  2379 E libteec : qsc_send_cmd finish
12-17 19:33:11.214   606  2379 E libteec : send data return = 1152
12-17 19:33:11.214   835  2385 E libteec : receive data len = 1152
12-17 19:33:11.214   835  2385 E libteec : begin
12-17 19:33:11.214   835  2385 E libteec : qsc_decode end
12-17 19:33:11.214   835  2385 E libteec : begin
12-17 19:33:11.214   606  2379 E libteec : receive data len = 128
12-17 19:33:11.215  1795  1795 I NotificationManager: enqueueNotificationInternal: n.getKey = 0|com.huawei.health|10010|null|10099
12-17 19:33:11.215  1795  1795 V NotificationService: disableEffects=null canInterrupt=false once update: false
12-17 19:33:11.215  1795  1795 D WifiService: onReceive, action:android.intent.action.SCREEN_OFF
12-17 19:33:11.215  1795  2670 D WifiController: DeviceActiveState{ when=0 what=155651 target=com.android.internal.util.StateMachine$SmHandler }
12-17 19:33:11.215  1795  2670 D WifiController: StaEnabledState what=155651
12-17 19:33:11.215  1795  2670 D WifiController: DefaultState what=155651
12-17 19:33:11.215  1795  2670 D WifiController: wifiSleepPolicy:1
12-17 19:33:11.215  1795  2670 D WifiController: set idle timer: 1800000 ms
12-17 19:33:11.216  1795  2670 I AlarmManager: set(PendingIntent{50e3a01: PendingIntentRecord{a8130a6 android broadcastIntent}}) : type=0 triggerAtTime=1481976191215 win=0 tElapsed=444727578 maxElapsed=444727578 interval=0 flags=0x9
12-17 19:33:11.218   606  2379 E libteec : QSEECom_send_cmd return!
12-17 19:33:11.218   606  2379 E libteec : qsc_send_cmd finish
12-17 19:33:11.218   606  2379 E libteec : send data return = 128
12-17 19:33:11.218   835  2385 E libteec : receive data len = 128
12-17 19:33:11.218   835  2385 E libteec : begin
12-17 19:33:11.218   835  2385 E libteec : qsc_decode end
12-17 19:33:11.218   835  2385 I fpc_tac : fpc_tac_begin_identify---need_liveness_authentication: 0
12-17 19:33:11.218   835  2385 E libteec : begin
12-17 19:33:11.219   606  2379 E libteec : receive data len = 192
12-17 19:33:11.219  2852  2852 I StackScrollAlgorithm: overlapAmount:323.0, previousNotificationEnd:0.0, newYTranslation:-323.0, location:4, i:0, getTopPadding:499.0, getLocationOnScreen():-822
12-17 19:33:11.219  2852  2852 I StackScrollAlgorithm: state.clipTopAmount:299, i:0
12-17 19:33:11.219  2852  2852 I StackScrollAlgorithm: overlapAmount:198.0, previousNotificationEnd:-84.0, newYTranslation:-282.0, location:8, i:1, getTopPadding:499.0, getLocationOnScreen():-822
12-17 19:33:11.219  2852  2852 I StackScrollAlgorithm: state.clipTopAmount:174, i:1
12-17 19:33:11.219  2852  2852 I StackScrollAlgorithm: updateClipping isOverlap:true
12-17 19:33:11.219  2852  2852 I StackScrollAlgorithm: updateDimmedActivatedHideSensitive overlap:true
12-17 19:33:11.219  2852  2852 I PanelBar: panelExpansionChanged 0.0, false
12-17 19:33:11.220  2852  2852 I HwPhoneStatusBarTransitions: setBackgroundAlpha:alpha=1.0
12-17 19:33:11.221  2852  2852 I HwPhoneStatusBar: updateNotificationShade
12-17 19:33:11.221  2852  2852 I PhoneStatusBar: updateNotificationShade
12-17 19:33:11.221  2852  2852 I PhoneStatusBar: removeNotificationChildren
12-17 19:33:11.221  2852  2852 I HwNotificationIconAreaController: showNotificationAll
12-17 19:33:11.221  2852  2852 I TrafficPanelManager: showTraffic
12-17 19:33:11.221  2852  2852 I TrafficPanelViewContent: onShowStatusChange show:false
12-17 19:33:11.221  2852  2852 I QSCustomizer: hide:x=0, y=0, isShown=false
12-17 19:33:11.221  2852  2852 W StatusBarWindowManager: Apply window Height MATCH_PARENT
12-17 19:33:11.221  2852  2852 I StatusBarWindowManager: apply mLp:0 -> 0; Height: -1; Flag: 81840048
12-17 19:33:11.222  2852  2914 I SendBroadcastPermission: action:com.android.systemui.statusbar.visible.change, mPermissionType:0
12-17 19:33:11.222  1795  2736 E hwintelligencewifi:  DefaultState MSG_SCREEN_OFF mIsAutoOpenSearch = false
12-17 19:33:11.222  2852  2852 I PhoneStatusBar: addNotification key=0|com.android.incallui|2|null|1001
12-17 19:33:11.223  2852  2852 D HwCust  : Create obj success use class android.app.HwCustNotificationImpl
12-17 19:33:11.223  2852  2852 I StatusBarIconView: updateTint: tint=0
12-17 19:33:11.223   606  2379 E libteec : QSEECom_send_cmd return!
12-17 19:33:11.223   606  2379 E libteec : qsc_send_cmd finish
