12-17 19:32:08.143  2883  2883 I HwSystemManager: AutoCleanReceiveServer:receive action:android.intent.action.SCREEN_OFF
12-17 19:32:08.143  2852  2852 I BackgrounCallingLayout: simCount:2 phoneState:2
12-17 19:32:08.144  2852  2852 I BackgrounCallingLayout: updateCallLayout:isBackground=false, isInteractive=false
12-17 19:32:08.145  2852  2852 W HwPhoneStatusBar: mNotifyStateChangedReceiver do nothing
12-17 19:32:08.145  2852  2852 I HwPhoneStatusBar: mNotifyStateChangedReceiver::onReceive:action=InCallScreenIsForegroundActivity, mBackgroundState=false
12-17 19:32:08.145  2852  2852 D KeyguardViewMediator: handleNotifyFinishedGoingToSleep
12-17 19:32:08.145  2852  2852 I PhoneStatusBar: onFinishedGoingToSleep
12-17 19:32:08.145  2883  2883 I HwSystemManager: AutoCleanReceiveServer:telemamanger state isIdle:true
12-17 19:32:08.145  2883  2883 I HwSystemManager: AutoCleanReceiveServer:checkToStartCleanService,phone is use state,phone is use,need not start clean service
12-17 19:32:08.145  2852  2852 V KeyguardStatusView: Disable transport text marquee
12-17 19:32:08.145  2852  2852 V KeyguardUpdateMonitor: FingerStat Visible: false; Interactive: false; Switching: false; Bouncer:false; GoingToSleep: false Occluded: false; dreaming: false; Authenticated: false
12-17 19:32:08.146  2852  2852 W DisabledFeatureUtils: Dis-Feature : 0
12-17 19:32:08.146  2852  2852 E KeyguardUpdateMonitor: isSimPinSecure mSimDatas is null or empty 
12-17 19:32:08.147  1795  6986 W NetworkStatsFactory: mStatsXtProcUid: /proc/net/comm/stats does not exist!
12-17 19:32:08.147  1795  6986 D HwNetworkStatsService: mActiveIface: null
12-17 19:32:08.147  2852  2852 W DisabledFeatureUtils: Dis-Feature : 0
12-17 19:32:08.147  2852  2852 E KeyguardUpdateMonitor: isSimPinSecure mSimDatas is null or empty 
12-17 19:32:08.147  1795  1805 I Security_fingerprint: FingerprintService getEnrolledFingerprints
12-17 19:32:08.148  2852  2852 V KeyguardUpdateMonitor: KGSvcFp startListeningForFingerprint()
12-17 19:32:08.148  2852  2852 I KeyguardUpdateMonitor: authenticate by 0 mode!
12-17 19:32:08.148  1795 15982 I Security_fingerprint: FingerprintService authenticate
12-17 19:32:08.148  1795  2326 W HwFingerprintService: setLivenessSwitch:start
12-17 19:32:08.148  1795  2326 W HwFingerprintService: checkNeedLivenessList:start
12-17 19:32:08.148  1795  2326 W HwFingerprintService: NEED_LIVENESS_AUTHENTICATION = 0
12-17 19:32:08.148  2852  2852 W KeyguardUpdateMonitor: Fingerprint RunningStateChanged. 1
12-17 19:32:08.149  1795  6986 I SendBroadcastPermission: action:com.android.server.action.NETWORK_STATS_UPDATED, mPermissionType:0
12-17 19:32:08.149  2852  2852 W HwLockScreenPanel: Handle message: 15
12-17 19:32:08.149   835   835 I fingerprintd: FingerprintDaemonProxyEx::onTransact, code:1002
12-17 19:32:08.149   835   835 I fingerprintd: fingerprintd
12-17 19:32:08.149   835   835 I fingerprintd: FingerprintDaemonProxyEx::setLivenessSwitch
12-17 19:32:08.149   835   835 I fingerprintd: fingerprintdex--dev->need_liveness_authentication = false;
12-17 19:32:08.150  1795  2326 W HwFingerprintService: framework setLivenessSwitch is ok ---end
12-17 19:32:08.150  2852  2852 W CameraLayout: Cameralayout setVisibility. true false  2
12-17 19:32:08.150  2852  2852 D MagazineDetailView: resetPagerState
12-17 19:32:08.150   835   835 I fingerprintd: FingerprintDaemonProxyEx::onTransact, code:7
12-17 19:32:08.150   835   835 D fpc_fingerprint_hal: fpc_get_authenticator_id
12-17 19:32:08.150  1795  6986 I HwActivityManagerService: Split enqueueing broadcast [callerApp]:ProcessRecord{34bf34f 0:system/1000}
12-17 19:32:08.150   835  2385 D fpc_fingerprint_hal: fpc poll irq interupt
12-17 19:32:08.150  1795  6986 D PowerManagerService: release:lock=184063844, flg=0x0, tag="NetworkStats", name=android", ws=null, uid=1000, pid=1795
12-17 19:32:08.150   835  2385 D fpc_fingerprint_hal: wait_finger_down, took 2287 ms
12-17 19:32:08.150   835  2385 E libteec : begin
12-17 19:32:08.151  1795  6986 D PowerManagerService: ready=true,policy=0,wakefulness=0,wksummary=0x10,uasummary=0x0,bootcompleted=true,boostinprogress=false,waitmodeenable=false,mode=true,manual=33,auto=-1,adj=0.0userId=0
12-17 19:32:08.151  1795  6986 D PowerManagerService: Releasing suspend blocker "PowerManagerService.WakeLocks".
12-17 19:32:08.151  1795  3077 D GnssLocationProvider: receive broadcast intent, action: android.intent.action.SCREEN_OFF
12-17 19:32:08.151   606  2379 E libteec : receive data len = 128
12-17 19:32:08.151  2852  2852 I BadgedIconHelper: isCloneProcess = false
12-17 19:32:08.151  1795  3077 I GnssLocationProvider: updateLowPowerMode,isPowerSaveMode:falseisInteractive:false
12-17 19:32:08.151  1795  3077 I GnssLocationProvider: disableGps:false  isEnabled()=true
12-17 19:32:08.152  2852  2852 I BadgedIconHelper: isCloneProcess = false
12-17 19:32:08.155  2852  3361 I vol.VolumeDialogControl: C onScreenOff 
12-17 19:32:08.159  3168  3168 I CHR_TelStatusListenr0: [Timer rat:0 level:5] suspend
12-17 19:32:08.159  3168  3168 I CHR_TelStatusListenr0: [Timer serviceState:0 simReady:true] suspend
12-17 19:32:08.159  3168  3168 I CHR_TelStatusListenr1: [Timer serviceState:1 simReady:false] suspend
12-17 19:32:08.159  3168  3168 I CHR_TelphonyStatusService: duration: 527159 STATUS_REPORT_TIMESPAN: 86400000 / (1000 * 60 * 60 * 24) day STATUS_REPORT_TIMESPAN_FOR_BETA: 21600000 / (1000 * 60 * 60 * 24) day
12-17 19:32:08.159  3168  3168 I CHR_ChrUtil: is Beta User, userType = 3
12-17 19:32:08.159  2852  2852 I NotificationContentView: transferRemoteInputFocus: 0
12-17 19:32:08.162  2852  2852 I NotificationContentView: transferRemoteInputFocus: 0
12-17 19:32:08.162  2852  3556 I NetworkController.MobileSignalController(0): onDataActivity: direction=0
12-17 19:32:08.163  2852  3556 I SystemUIIdleHandler: enter addToIdleMessage(type:1001), mainloop is busy, add to idleMessage
12-17 19:32:08.164  2852  2852 I StackScrollAlgorithm: overlapAmount:763.6, previousNotificationEnd:607.0, newYTranslation:-156.59998, location:2, i:1, getTopPadding:499.0, getLocationOnScreen():-36
12-17 19:32:08.164  2852  2852 I StackScrollAlgorithm: updateClipping isOverlap:true
12-17 19:32:08.164  2852  2852 I StackScrollAlgorithm: updateDimmedActivatedHideSensitive overlap:true
12-17 19:32:08.165  2852  3556 I NetworkController.MobileSignalController(0): onDataActivity: direction=0
12-17 19:32:08.165  2852  3556 I SystemUIIdleHandler: enter addToIdleMessage(type:1001), mainloop is busy, add to idleMessage
12-17 19:32:08.165  2852  2852 I NotificationContentView: transferRemoteInputFocus: 1
12-17 19:32:08.165   606  2379 E libteec : QSEECom_send_cmd return!
12-17 19:32:08.165   606  2379 E libteec : qsc_send_cmd finish
12-17 19:32:08.166   606  2379 E libteec : send data return = 128
12-17 19:32:08.166  2883  3040 I HwSystemManager: TrafficNotifyAfterLocked:mLockStartTraffic = 0;mLockStartTrafficList = {}
12-17 19:32:08.166   835  2385 E libteec : receive data len = 128
12-17 19:32:08.166   835  2385 E libteec : begin
12-17 19:32:08.166   835  2385 E libteec : qsc_decode end
12-17 19:32:08.166   835  2385 D fpc_fingerprint_hal: worker idle
12-17 19:32:08.166   835   835 E libteec : begin
12-17 19:32:08.166   606  2379 E libteec : receive data len = 128
12-17 19:32:08.166  2852  2852 I HwExpandableNotificationRowHelper: unclear notification ,notificationPkgName:com.android.incallui key:0|com.android.incallui|2|null|1001
12-17 19:32:08.166  2852  2852 I ActivatableNotificationView: setOverlap mOverlap:true, mDimmed:false
12-17 19:32:08.166  2852  2852 I ActivatableNotificationView: setOverlap mOverlap:true, mDimmed:false
12-17 19:32:08.167  2852  2852 I vol.VolumeDialog: VolumeDialogController.Callbacks onScreenOff
12-17 19:32:08.167  2852  2852 I PowerUI : onReceive intent:act:android.intent.action.SCREEN_OFF  flag:1342177296 
12-17 19:32:08.170   606  2379 E libteec : QSEECom_send_cmd return!
12-17 19:32:08.170   606  2379 E libteec : qsc_send_cmd finish
12-17 19:32:08.170   606  2379 E libteec : send data return = 128
12-17 19:32:08.170   835   835 E libteec : receive data len = 128
12-17 19:32:08.170   835   835 E libteec : begin
12-17 19:32:08.170   835   835 E libteec : qsc_decode end
12-17 19:32:08.170   835   835 D fpc_fingerprint_hal: fpc_get_authenticator_id id 14657234628792947271
12-17 19:32:08.170   835  2385 E libteec : begin
12-17 19:32:08.170   606  2379 E libteec : receive data len = 128
12-17 19:32:08.170  1795  2326 V FingerprintService: startAuthentication(com.android.systemui)
12-17 19:32:08.170  1795  2326 V FingerprintService: starting client AuthenticationClient(com.android.systemui), initiatedByClient = true)
12-17 19:32:08.171   835   835 I fingerprintd: FingerprintDaemonProxyEx::onTransact, code:1
12-17 19:32:08.171   835   835 V fingerprintd: authenticate(sid=0, gid=0)
12-17 19:32:08.175  2883  2996 E HwSystemManager: SimCardMethod:/getSimCardInfo: imsi is null
12-17 19:32:08.179   606  2379 E libteec : QSEECom_send_cmd return!
12-17 19:32:08.179   606  2379 E libteec : qsc_send_cmd finish
12-17 19:32:08.179   835  2385 E libteec : receive data len = 128
12-17 19:32:08.179   835  2385 E libteec : begin
12-17 19:32:08.179   835  2385 E libteec : qsc_decode end
12-17 19:32:08.179   835  2385 D fpc_fingerprint_hal: worker idle
