12-17 19:32:23.316  1795  2668 D WifiP2pService: P2pEnabledState when=123049032 what=143466 arg1=0 arg2=0
12-17 19:32:23.317  1795  2668 D WifiP2pService: DefaultState{ when=0 what=143466 target=com.android.internal.util.StateMachine$SmHandler }
12-17 19:32:23.317  1795  2668 D HwWifiP2pService: cancel alarm.
12-17 19:32:23.319   816  1562 W SocketListener: sending broadcast to Pid = 1795, Uid = 1000 
12-17 19:32:23.323  1795  2665 D NetdConnector: RCV <- {613 IfaceClass idle 1 442877779835454}
12-17 19:32:23.323  1795  1825 I PowerManager_screenOn: DisplayPowerController Blocking screen on until initial contents have been drawn.
12-17 19:32:23.324  3626  3626 E PTM.FileNodeInfo: getTempInfo error: null, 0
12-17 19:32:23.324  3626  3626 E PTM.FileNodeInfo: getTempInfo error: null, 0
12-17 19:32:23.324  3626  3626 E PTM.FileNodeInfo: getTempInfo error: null, 0
12-17 19:32:23.324  3626  3626 E PTM.FileNodeInfo: getTempInfo error: null, 0
12-17 19:32:23.324  3626  3626 E PTM.FileNodeInfo: getTempInfo error: null, 0
12-17 19:32:23.325  2852  2852 D KeyguardViewMediator: handleNotifyScreenTurnedOff
12-17 19:32:23.325  2852  2852 D KeyguardViewMediator: handleNotifyWakingUp
12-17 19:32:23.325  2852  2852 I PhoneStatusBar: onStartedWakingUp
12-17 19:32:23.325  2852  2852 V KeyguardUpdateMonitor: FingerStat Visible: false; Interactive: true; Switching: false; Bouncer:false; GoingToSleep: false Occluded: false; dreaming: false; Authenticated: false
12-17 19:32:23.325  2852  2852 V KeyguardUpdateMonitor: KGSvcFp stopListeningForFingerprint(). 1
12-17 19:32:23.325  1795  2665 D NetdConnector: RCV <- {613 IfaceClass idle 1 442877779835454}
12-17 19:32:23.325  1795  3237 I Security_fingerprint: FingerprintService cancelAuthentication
12-17 19:32:23.326  1795  2326 V FingerprintService: stop client com.android.systemui
12-17 19:32:23.326  2852  2852 W KeyguardUpdateMonitor: Fingerprint RunningStateChanged. 2
12-17 19:32:23.326   835   835 I fingerprintd: FingerprintDaemonProxyEx::onTransact, code:2
12-17 19:32:23.326   835   835 V fingerprintd: stopAuthentication()
12-17 19:32:23.326   835   835 D fpc_fingerprint_hal: fpc_cancel
12-17 19:32:23.326  1795  2671 D WifiStateMachine:  ConnectedState CMD_SCREEN_STATE_CHANGED  rt=123049042/442879689 1 0
12-17 19:32:23.326  1795  2671 D WifiStateMachine:  L2ConnectedState CMD_SCREEN_STATE_CHANGED  rt=123049042/442879689 1 0
12-17 19:32:23.326  1795  2671 D WifiStateMachine:  ConnectModeState CMD_SCREEN_STATE_CHANGED  rt=123049042/442879689 1 0
12-17 19:32:23.326  2852  2852 D TimeKeeper: getTimeTickInfo:[mMillisUntilFinished:0, mHour:0, mMinute:0, mSecond:0]
12-17 19:32:23.326   835  2385 D fpc_fingerprint_hal: fpc poll irq interupt
12-17 19:32:23.326  2852  2852 E KeyguardUpdateMonitor: isSimPinSecure mSimDatas is null or empty 
12-17 19:32:23.326   835  2385 D fpc_fingerprint_hal: wait_finger_down, took 15129 ms
12-17 19:32:23.326   835  2385 E fpc_fingerprint_hal: capture_image failed -4
12-17 19:32:23.326  2852  2852 E KeyguardUpdateMonitor: isSimPinSecure mSimDatas is null or empty 
12-17 19:32:23.326  1795  2671 D WifiStateMachine:  DriverStartedState CMD_SCREEN_STATE_CHANGED  rt=123049042/442879690 1 0
12-17 19:32:23.326  2852  2852 W HwLockScreenPanel: createLockScreenView when reset
12-17 19:32:23.326  1795  2671 D WifiStateMachine:  SupplicantStartedState CMD_SCREEN_STATE_CHANGED  rt=123049042/442879690 1 0
12-17 19:32:23.326  2852  2852 I HwLockScreenPanel: loadMagazine
12-17 19:32:23.326  1795  2671 D WifiStateMachine:  DefaultState CMD_SCREEN_STATE_CHANGED  rt=123049042/442879690 1 0
12-17 19:32:23.326  1795  1819 D NetdConnector: RCV unsolicited event from native daemon, event = 613 IfaceClass idle 1 442877779835454
12-17 19:32:23.326   835  2385 I fpc_fingerprint_hal: timeForContinueCapture id:15129
12-17 19:32:23.326   835  2385 E libteec : begin
12-17 19:32:23.326   606  2379 E libteec : receive data len = 128
12-17 19:32:23.326  2852  2852 V KeyguardStatusView: Enable transport text marquee
12-17 19:32:23.327  1795  2671 D WifiStateMachine: handleScreenStateChanged: allow send scan results broadcast.
12-17 19:32:23.327  1795  1819 D NetworkManagement: notifyInterfaceClassActivity: client is com.android.server.net.NetworkStatsService$6@5d6efc
12-17 19:32:23.327  1795  1819 D NetworkManagement: notifyInterfaceClassActivity: client is android.net.ip.IpManager$2@4c99c84
12-17 19:32:23.327  1795  1819 D NetworkManagement: notifyInterfaceClassActivity: client is com.android.server.net.NetworkPolicyManagerService$13@4df0feb
12-17 19:32:23.327  1795  1819 D NetworkManagement: notifyInterfaceClassActivity: client is android.net.INetworkManagementEventObserver$Stub$Proxy@af226
12-17 19:32:23.327  1795  2671 W AlarmManager: Unrecognized alarm listener com.android.server.wifi.WifiConnectivityManager$3@bdcaf7b
12-17 19:32:23.327  1795  2671 E WifiScanner: listener cannot be found
12-17 19:32:23.327  1795  2671 D HwWifiConnectivityManager: handleScanCounterChanged,reason: 2, mHwSingleScanCounter: 0
12-17 19:32:23.327  1795  1819 D NetworkManagement: notifyInterfaceClassActivity: client is android.net.INetworkManagementEventObserver$Stub$Proxy@c0acf8b
12-17 19:32:23.327  1795  2671 D HwWifiConnectivityManager: handleScanCounterChanged,reason: 0, mHwSingleScanCounter: 1
12-17 19:32:23.327  1795  2671 E WifiConnectivityManager: isWifiScanSpecialChannels is false,mWifiState : 1
12-17 19:32:23.327  1795  1819 D NetworkManagement: notifyInterfaceClassActivity: client is com.android.server.ConnectivityService$1@e0f099c
12-17 19:32:23.327  1795  1819 I SendBroadcastPermission: action:android.net.conn.DATA_ACTIVITY_CHANGE, mPermissionType:0
12-17 19:32:23.328  1795  2671 I AlarmManager: set(null) : type=2 triggerAtTime=442899691 win=0 tElapsed=442899691 maxElapsed=442899691 interval=0 flags=0x9
12-17 19:32:23.328  1795  1795 D HwConnectivityService: mIntentReceiver begin
12-17 19:32:23.328  1795  1795 D HwKeyguardManagerImpl: isLockScreenDisabled HwKeyguardManagerImpl result = false
12-17 19:32:23.328  1795  1795 D HwConnectivityService: CtrlSocket Receiver,disable: false locked: true action: android.intent.action.SCREEN_ON mSmartKeyguardLevel: normal_level mStartPowerSaving: false
12-17 19:32:23.328  1795  1795 D HwConnectivityService: CtrlSocket receive screen on intent!
12-17 19:32:23.329  2852  2852 W HwLockScreenPanel: Handle message: 14
12-17 19:32:23.329  1795  2680 D WifiHW  : wifi_send_command: cmd:'IFNAME=wlan0 SCAN TYPE=ONLY'
12-17 19:32:23.329  5215  5215 D wpa_supplicant: wlan0: Control interface command 'SCAN TYPE=ONLY'
12-17 19:32:23.329  5215  5215 D wpa_supplicant: wlan0: Setting scan request: 0.000000 sec
12-17 19:32:23.329  5215  5215 D wpa_supplicant: CTRL-DEBUG: global_ctrl_sock-sendto: sock=16 sndbuf=229376 outq=0 send_len=3
12-17 19:32:23.330  5215  5215 D wpa_supplicant: wlan0: Starting AP scan for wildcard SSID
12-17 19:32:23.330  5215  5215 D wpa_supplicant: OKC-Native: Append OKC IE!
12-17 19:32:23.330  5215  5215 D wpa_supplicant: OKC-Native: Append done!
12-17 19:32:23.330  5215  5215 D wpa_supplicant: wlan0: Add radio work 'scan'@0x7fb502f3c0
12-17 19:32:23.330  5215  5215 D wpa_supplicant: wlan0: First radio work item in the queue - schedule start immediately
12-17 19:32:23.330  5215  5215 D wpa_supplicant: wlan0: Starting radio work 'scan'@0x7fb502f3c0 after 0.000036 second wait
12-17 19:32:23.330  5215  5215 D wpa_supplicant: wlan0: nl80211: scan request
12-17 19:32:23.330  5215  5215 D wpa_supplicant: nl80211: Scan SSID - hexdump(len=0): [NULL]
12-17 19:32:23.330  5215  5215 D wpa_supplicant: nl80211: Scan extra IEs - hexdump(len=67): 7f 05 00 00 0a 02 01 dd 0f 00 e0 fc 80 00 00 00 01 00 00 00 00 00 00 00 dd 29 00 e0 fc 80 00 00 ...
12-17 19:32:23.330   606  2379 E libteec : QSEECom_send_cmd return!
12-17 19:32:23.330   606  2379 E libteec : qsc_send_cmd finish
12-17 19:32:23.330   606  2379 E libteec : send data return = 128
12-17 19:32:23.330  5215  5215 D wpa_supplicant: Scan requested (ret=0) - scan timeout 30 seconds
12-17 19:32:23.330  5215  5215 D wpa_supplicant: nl80211: Event message available
12-17 19:32:23.330  5215  5215 D wpa_supplicant: nl80211: Drv Event 33 (NL80211_CMD_TRIGGER_SCAN) received for wlan0
12-17 19:32:23.330  5215  5215 D wpa_supplicant: wlan0: nl80211: Scan trigger
12-17 19:32:23.330   835  2385 E libteec : receive data len = 128
12-17 19:32:23.330  5215  5215 D wpa_supplicant: wlan0: Event SCAN_STARTED (47) received
12-17 19:32:23.330   835  2385 E libteec : begin
12-17 19:32:23.330   835  2385 E libteec : qsc_decode end
12-17 19:32:23.330  5215  5215 D wpa_supplicant: wlan0: Own scan request started a scan in 0.000115 seconds
12-17 19:32:23.330  5215  5215 D wpa_supplicant: CTRL-DEBUG: ctrl_sock-sendmsg: sock=16 sndbuf=229376 outq=0 send_len=24
12-17 19:32:23.330   835  2385 E fpc_fingerprint_hal: do_identify failed -4
12-17 19:32:23.330   835  2385 D fingerprintd: onError(5)
12-17 19:32:23.330  5215  5215 D wpa_supplicant: CTRL_IFACE monitor sent successfully to /data/misc/wifi/sockets/wpa_ctrl_1795-194\x00
12-17 19:32:23.330  1795  1795 D HwConnectivityService: CtrlSocket restoreScrOnStatus
12-17 19:32:23.330   835  2385 I fpc_fingerprint_hal: do_identify operation CANCELED
12-17 19:32:23.331  1795  3121 W FingerprintService: onError 1
12-17 19:32:23.331  1795  1795 D HwConnectivityService: pid=1000, cmd=100, param=0
12-17 19:32:23.331  1795  1795 D HwConnectivityService: mFilterMsgFlag: 0,msg.arg1: 3
12-17 19:32:23.331   835  2385 D fpc_fingerprint_hal: do_identify took 22 ms, total:15151 wait:15129
12-17 19:32:23.331   835  2385 E libteec : begin
12-17 19:32:23.331   606  2379 E libteec : receive data len = 128
12-17 19:32:23.331  1795  2691 D HwConnectivityService: handleFilterMsg action: 3mFilterMsgFlag0
12-17 19:32:23.331  1795  1821 I WindowManger_keyguard: Setting mDismissKeyguard true by win Window{e6a6b5e u0 com.android.incallui/com.android.incallui.InCallActivity}
