12-17 19:55:46.961   606  2379 E libteec : QSEECom_send_cmd return!
12-17 19:55:46.961   606  2379 E libteec : qsc_send_cmd finish
12-17 19:55:46.961   606  2379 E libteec : send data return = 128
12-17 19:55:46.961   835  2385 E libteec : receive data len = 128
12-17 19:55:46.961   835  2385 E libteec : begin
12-17 19:55:46.961   835  2385 E libteec : qsc_decode end
12-17 19:55:46.961   835  2385 I fpc_tac : Store template db took 6 ms
12-17 19:55:46.961   835  2385 E libteec : begin
12-17 19:55:46.961   606  2379 E libteec : receive data len = 128
12-17 19:55:46.963  2852  2852 I Tile.AirplaneModeTile: refreshState=airplane, BooleanState[,icon=ResourceIcon[resId=0x7f0201af],label=飞行模式,labelTint=0,textChangedDelay=83,contentDescription=飞行模式,dualLabelContentDescription=null,minimalContentDescription=null,minimalAccessibilityClassName=android.widget.Switch,expandedAccessibilityClassName=android.widget.Switch,autoMirrorDrawable=false,disabledByPolicy=false,enforcedAdmin=null,value=false]
12-17 19:55:46.964  2852  2852 I Tile.InstantSharingTile: refreshState=hishare, BooleanState[,icon=ResourceIcon[resId=0x7f020232],label=Huawei Share,labelTint=0,textChangedDelay=83,contentDescription=Huawei Share,dualLabelContentDescription=null,minimalContentDescription=null,minimalAccessibilityClassName=android.widget.Switch,expandedAccessibilityClassName=android.widget.Switch,autoMirrorDrawable=false,disabledByPolicy=false,enforcedAdmin=null,value=false]
12-17 19:55:46.964  2852  2852 I Tile.FlashlightTile: refreshState=flashlight, BooleanState[,icon=ResourceIcon[resId=0x7f020212],label=手电筒,labelTint=0,textChangedDelay=83,contentDescription=手电筒,dualLabelContentDescription=null,minimalContentDescription=null,minimalAccessibilityClassName=android.widget.Switch,expandedAccessibilityClassName=android.widget.Switch,autoMirrorDrawable=false,disabledByPolicy=false,enforcedAdmin=null,value=false]
12-17 19:55:46.964  2852  2852 I Tile.LocationTile: refreshState=location, BooleanState[,icon=ResourceIcon[resId=0x7f020218],label=位置信息,labelTint=1,textChangedDelay=267,contentDescription=位置报告功能开启。,dualLabelContentDescription=null,minimalContentDescription=null,minimalAccessibilityClassName=android.widget.Switch,expandedAccessibilityClassName=android.widget.Switch,autoMirrorDrawable=false,disabledByPolicy=false,enforcedAdmin=null,value=true]
12-17 19:55:46.964  2852  2852 I Tile.ScreenshotTile: refreshState=screenshot, State[,icon=com.android.systemui.qs.QSTile$DrawableIcon@8fb5eb0,label=截屏,labelTint=-1,textChangedDelay=0,contentDescription=null,dualLabelContentDescription=null,minimalContentDescription=null,minimalAccessibilityClassName=null,expandedAccessibilityClassName=null,autoMirrorDrawable=false,disabledByPolicy=false,enforcedAdmin=null]
12-17 19:55:46.964  2852  2852 W StatusBarWindowManager: Apply window without WALLPAPER
12-17 19:55:46.964  2852  2852 W StatusBarWindowManager: Apply window Height MATCH_PARENT
12-17 19:55:46.964  2852  2852 I StatusBarWindowManager: apply skiped :0
12-17 19:55:46.964  2852  2852 W ScrimController: startScrimAnimation 0.0 @ com.android.systemui.statusbar.ScrimView{3dd6b4a V.ED..... ......ID 0,0-1080,1920 #7f1403fc app:id/scrim_behind}
12-17 19:55:46.964  2852  2852 W StatusBarWindowManager: Apply window Height MATCH_PARENT
12-17 19:55:46.965  2852  2852 I StatusBarWindowManager: apply mLp:0 -> 0; Height: -1; Flag: 81840048
12-17 19:55:46.966  2852  2852 V KeyguardSecurityView: Container check 2132017669 <-> 2132017669
12-17 19:55:46.967  2852  2852 V KeyguardUpdateMonitor: *** unregister callback for com.android.keyguard.EmergencyButton$1@3bde7c0
12-17 19:55:46.967  2852  2852 W AppHandler: removeListener com.android.keyguard.EmergencyButton{2f85cf9 VFED..C.. ......ID 0,39-330,159 #7f140200 app:id/emergency_call_button_pin_view}
12-17 19:55:46.967  3218  4070 D PhoneInterfaceManager: [PhoneIntfMgr] getDataEnabled: subId=0 phoneId=0
12-17 19:55:46.968  3218  4070 D PhoneInterfaceManager: [PhoneIntfMgr] getDataEnabled: subId=0 retVal=false
12-17 19:55:46.968  2852  3565 I DataSwitchTile: isMobileDataEnable::dateEnable=false, cotrollerEnable=false
12-17 19:55:46.968  2852  2852 V KeyguardDisplayManager: hide
12-17 19:55:46.968  2852  2852 I StatusBarKeyguardViewManager: updateStates false false false
12-17 19:55:46.968  2852  2852 W StatusBarKeyguardViewManager: set navBarVisible 
12-17 19:55:46.969  2852  2852 D KeyguardUpdateMonitor: onKeyguardVisibilityChanged(false)
12-17 19:55:46.969  2852  2852 V KeyguardUpdateMonitor: FingerStat Visible: false; Interactive: false; Switching: false; Bouncer:false; GoingToSleep: false Occluded: false; dreaming: false; Authenticated: true
12-17 19:55:46.969  2852  2852 I KeyguardUpdateMonitor: Ignore update FP: 0 false
12-17 19:55:46.969  2852  2852 W AppHandler: sendSingleMessage 10
12-17 19:55:46.969  2852  2852 W StatusBarKeyguardViewManager: updateStates Hide KeyguardStatusBar 
12-17 19:55:46.970   606  2379 E libteec : QSEECom_send_cmd return!
12-17 19:55:46.970   606  2379 E libteec : qsc_send_cmd finish
12-17 19:55:46.970   606  2379 E libteec : send data return = 128
12-17 19:55:46.970   835  2385 E libteec : receive data len = 128
12-17 19:55:46.970   835  2385 E libteec : begin
12-17 19:55:46.970   835  2385 E libteec : qsc_decode end
12-17 19:55:46.970 17709 21067 D IntelligentIntentService: eventAction :class com.huawei.intelligent.main.receiver.action.ActionBarPullDownAction
12-17 19:55:46.970   835  2385 I fpc_tac : Store template db took 8 ms
12-17 19:55:46.970   835  2385 E libteec : begin
12-17 19:55:46.970   606  2379 E libteec : receive data len = 128
12-17 19:55:46.970 17709 21067 E HwIntelligent3_ActionBarPullDownAction: doAction not pull down return
12-17 19:55:46.970  2852  2852 V KeyguardUpdateMonitor: setKeyguardViewState: false-false
12-17 19:55:46.970  2852  2852 W AppHandler: sendImmediateMessage 10
12-17 19:55:46.970  2852  2852 W HwLockScreenPanel: Handle message: 10
12-17 19:55:46.972  2852  2852 W CameraLayout: Cameralayout setVisibility. true false  2
12-17 19:55:46.972  2852  2852 D MagazineDetailView: resetPagerState
12-17 19:55:46.973  2852  2852 I HwBackDropView: checkVisibility : false; false
12-17 19:55:46.973   606  2379 E libteec : QSEECom_send_cmd return!
12-17 19:55:46.973   606  2379 E libteec : qsc_send_cmd finish
12-17 19:55:46.973   606  2379 E libteec : send data return = 128
12-17 19:55:46.973   835  2385 E libteec : receive data len = 128
12-17 19:55:46.973   835  2385 E libteec : begin
12-17 19:55:46.973   835  2385 E libteec : qsc_decode end
12-17 19:55:46.973  2852  2852 W StatusBarWindowManager: Apply window Height MATCH_PARENT
12-17 19:55:46.973  2852  2852 I StatusBarWindowManager: apply skiped :0
12-17 19:55:46.973  2852  2852 D PhoneStatusBar: disable: < expand ICONS* alerts SYSTEM_INFO* BACK HOME RECENT clock navigationbar SEARCH quick_settings >
12-17 19:55:46.973   835  2385 D fpc_fingerprint_hal: do_identify took 326 ms, total:915886 wait:915560
12-17 19:55:46.973   835  2385 E libteec : begin
12-17 19:55:46.973   606  2379 E libteec : receive data len = 128
12-17 19:55:46.976  1795  3111 I WindowManger_windowChange: oldFocusWindow: Window{e050fd4 u0 StatusBar}, currentFocusWindow: null, currentFocusApp: AppWindowToken{dcf0cd7 token=Token{1e09e71 ActivityRecord{930e418 u0 com.huawei.android.launcher/.unihome.UniHomeLauncher t297}}}
12-17 19:55:46.977  1795  3111 I WindowManager: rotationForOrientationLw(orient=1, last=0); user=0 
12-17 19:55:46.977  1795  3111 I WindowManager: Application requested orientation 1, got rotation 0 which has compatible metrics
12-17 19:55:46.979  1795 17832 D PowerManagerService: release:lock=190146162, flg=0x0, tag="RILJ_ACK_WL", name=com.android.phone", ws=null, uid=1001, pid=3218
12-17 19:55:46.980  1795 17832 D PowerManagerService: ready=true,policy=3,wakefulness=1,wksummary=0x1,uasummary=0x1,bootcompleted=true,boostinprogress=false,waitmodeenable=true,mode=true,manual=33,auto=-1,adj=0.0userId=0
12-17 19:55:46.981  1795  3111 D PowerManagerService: ready=true,policy=3,wakefulness=1,wksummary=0x1,uasummary=0x1,bootcompleted=true,boostinprogress=false,waitmodeenable=true,mode=true,manual=33,auto=-1,adj=0.0userId=0
12-17 19:55:46.982   606  2379 E libteec : QSEECom_send_cmd return!
12-17 19:55:46.982   606  2379 E libteec : qsc_send_cmd finish
12-17 19:55:46.982   606  2379 E libteec : send data return = 128
12-17 19:55:46.982   835  2385 E libteec : receive data len = 128
12-17 19:55:46.982   835  2385 E libteec : begin
12-17 19:55:46.982   835  2385 E libteec : qsc_decode end
12-17 19:55:46.982   835  2385 D fpc_fingerprint_hal: workerFunction STATE_WAIT_FINGER_UP
12-17 19:55:46.982   835  2385 E libteec : begin
12-17 19:55:46.982   606  2379 E libteec : receive data len = 128
12-17 19:55:46.984  2852  2852 I StackScrollAlgorithm: overlapAmount:323.0, previousNotificationEnd:0.0, newYTranslation:-323.0, location:4, i:0, getTopPadding:499.0, getLocationOnScreen():-822
12-17 19:55:46.984  2852  2852 I StackScrollAlgorithm: state.clipTopAmount:299, i:0
12-17 19:55:46.984  2852  2852 I StackScrollAlgorithm: updateClipping isOverlap:true
12-17 19:55:46.985  2852  2852 I StackScrollAlgorithm: updateDimmedActivatedHideSensitive overlap:true
12-17 19:55:46.985  2852  2852 I ActivatableNotificationView: setOverlap mOverlap:true, mDimmed:false
12-17 19:55:46.992  1795  1821 I WindowManger_windowChange: oldFocusWindow: null, currentFocusWindow: Window{773320 u0 com.huawei.android.launcher/com.huawei.android.launcher.unihome.UniHomeLauncher}, currentFocusApp: AppWindowToken{dcf0cd7 token=Token{1e09e71 ActivityRecord{930e418 u0 com.huawei.android.launcher/.unihome.UniHomeLauncher t297}}}
12-17 19:55:46.992   606  2379 E libteec : QSEECom_send_cmd return!
12-17 19:55:46.992   606  2379 E libteec : qsc_send_cmd finish
12-17 19:55:46.992   606  2379 E libteec : send data return = 128
12-17 19:55:46.992   835  2385 E libteec : receive data len = 128
12-17 19:55:46.992   835  2385 E libteec : begin
12-17 19:55:46.992   835  2385 E libteec : qsc_decode end
12-17 19:55:47.002  1795  1805 V SecInputMethodManagerService: Client requesting input be hidden, pid=3879
12-17 19:55:47.003  1795  1805 W InputMethodManagerService: Window already focused, ignoring focus gain of: com.android.internal.view.IInputMethodClient$Stub$Proxy@78f77be attribute=android.view.inputmethod.EditorInfo@986101f, token = android.os.BinderProxy@98d3223
12-17 19:55:47.004  2852  2852 V KeyguardUpdateMonitor: FingerStat Visible: false; Interactive: false; Switching: false; Bouncer:false; GoingToSleep: false Occluded: false; dreaming: false; Authenticated: true
12-17 19:55:47.004  2852  2852 I KeyguardUpdateMonitor: Ignore update FP: 0 false
12-17 19:55:47.004  1795  3247 D PowerManagerService: release:lock=113216195, flg=0x0, tag="lockoutResetCallback", name=com.android.systemui", ws=null, uid=10033, pid=2852
12-17 19:55:47.005  1795  3247 D PowerManagerService: ready=true,policy=3,wakefulness=1,wksummary=0x1,uasummary=0x1,bootcompleted=true,boostinprogress=false,waitmodeenable=true,mode=true,manual=33,auto=-1,adj=0.0userId=0
12-17 19:55:47.005  2852  2852 I HwPhoneStatusBarTransitions: setBackgroundColor:new=0, old=0
12-17 19:55:47.008  2852  2852 D CameraLayout: setLift 0.0
12-17 19:55:47.008  2852  2852 D UnderLayer: setClipY 0
12-17 19:55:47.009  2852  2852 D UnderLayer: ondraw 0, Rect(0, 0 - 1080, 1920)
