12-17 19:31:45.232  2852  2852 I StatusBar: removeNotificationViews:0|com.android.incallui|2|null|1001
12-17 19:31:45.232  2852  2852 I NotificationGroupManager: onEntryRemoved:0|com.android.incallui|2|null|1001
12-17 19:31:45.232  2852  2852 I NotificationGroupManager: onEntryRemovedInternal:0|com.android.incallui|2|null|1001, group=0|com.android.incallui|2|null|1001
12-17 19:31:45.232  2852  2852 I NotificationGroupManager: summary = null
12-17 19:31:45.232  2852  2852 I HwPhoneStatusBar: updateNotificationShade
12-17 19:31:45.232  2852  2852 I PhoneStatusBar: updateNotificationShade
12-17 19:31:45.232  1795  1795 I EyeProtectionControllerImpl: onReceive intent action = android.intent.action.SCREEN_ON
12-17 19:31:45.233  2852  2852 I PhoneStatusBar: removeNotificationChildren
12-17 19:31:45.233   606  2379 E libteec : QSEECom_send_cmd return!
12-17 19:31:45.233   606  2379 E libteec : qsc_send_cmd finish
12-17 19:31:45.233   606  2379 E libteec : send data return = 128
12-17 19:31:45.233   835  2385 E libteec : receive data len = 128
12-17 19:31:45.233   835  2385 E libteec : begin
12-17 19:31:45.233   835  2385 E libteec : qsc_decode end
12-17 19:31:45.233   835  2385 D fpc_fingerprint_hal: worker idle
12-17 19:31:45.233   835  2385 D fpc_fingerprint_hal: workerFunction STATE_CANCEL
12-17 19:31:45.233   835  2385 E libteec : begin
12-17 19:31:45.233  1795  2326 W FingerprintService: client com.android.systemui is no longer authenticating
12-17 19:31:45.233  1795  2326 W FingerprintService: onAcquired 2
12-17 19:31:45.233  1795  2326 W FingerprintService: onError 2
12-17 19:31:45.233  1795  2778 I NotificationManager: onNotificationExpansionChanged called
12-17 19:31:45.233  2852  2852 I HwNotificationIconAreaController: showNotificationAll
12-17 19:31:45.233  1795  2326 V FingerprintService: ClientMonitor destroy
12-17 19:31:45.234  1795  2326 V FingerprintService: Done with client: com.android.systemui
12-17 19:31:45.234  1795  2326 V FingerprintService: handleError(client=com.android.systemui, error = 5)
12-17 19:31:45.234   606  2379 E libteec : receive data len = 128
12-17 19:31:45.235  1795  2736 D HwInnerWifiManagerImpl: SupplicantState = COMPLETED
12-17 19:31:45.235  1795  2736 D HwInnerWifiManagerImpl: isPhoneAP = false
12-17 19:31:45.238  3218  7071 W PhoneInterfaceManager: shouldBlockLocation running ...
12-17 19:31:45.238  3218  7071 I PhoneInterfaceManager: shouldBlockLocation  ret:false
12-17 19:31:45.239  1795  2736 E hwintelligencewifi: getCurrentCellid type type = PHONE_TYPE_GSM
12-17 19:31:45.239  1795  2736 E hwintelligencewifi: getCurrentCellid type is PHONE_TYPE_GSM
12-17 19:31:45.240  1795  2736 E hwintelligencewifi: getCurrentCellid PHONE_TYPE_GSM cellidString = 460003645
12-17 19:31:45.240  1795  2736 E hwintelligencewifi: updataApInfo cellid =460003645
12-17 19:31:45.240  1795  2736 E hwintelligencewifi: addCurrentApInfo cellid =460003645
12-17 19:31:45.241  1795  3247 D PowerManagerService: release:lock=223841435, flg=0x0, tag="RILJ_ACK_WL", name=com.android.phone", ws=null, uid=1001, pid=3218
12-17 19:31:45.241  1795  2736 E hwintelligencewifi: addCurrentApInfo info is already there
12-17 19:31:45.241  1795  3247 D PowerManagerService: ready=true,policy=3,wakefulness=1,wksummary=0x10,uasummary=0x1,bootcompleted=true,boostinprogress=false,waitmodeenable=false,mode=true,manual=33,auto=-1,adj=0.0userId=0
12-17 19:31:45.241  1795  3247 D PowerManagerService: Releasing suspend blocker "PowerManagerService.WakeLocks".
12-17 19:31:45.241  1795  2736 W hwintelligencewifi: updateBssidTimer time = 1481974305241
12-17 19:31:45.242  2883  2883 D HwKeyguardManagerImpl: isLockScreenDisabled HwKeyguardManagerImpl result = false
12-17 19:31:45.242  2852  2852 I StackScrollAlgorithm: updateClipping isOverlap:false
12-17 19:31:45.242  2852  2852 I StackScrollAlgorithm: updateDimmedActivatedHideSensitive overlap:false
12-17 19:31:45.242  2852  2852 I ActivatableNotificationView: setOverlap mOverlap:false, mDimmed:false
12-17 19:31:45.242   606  2379 E libteec : QSEECom_send_cmd return!
12-17 19:31:45.242   606  2379 E libteec : qsc_send_cmd finish
12-17 19:31:45.242   606  2379 E libteec : send data return = 128
12-17 19:31:45.243   835  2385 E libteec : receive data len = 128
12-17 19:31:45.243   835  2385 E libteec : begin
12-17 19:31:45.243   835  2385 E libteec : qsc_decode end
12-17 19:31:45.243   835  2385 D fpc_fingerprint_hal: workerFunction STATE_NAVIGATION
12-17 19:31:45.243   835  2385 E libteec : begin
12-17 19:31:45.243   606  2379 E libteec : receive data len = 128
12-17 19:31:45.243  1795 16498 D PowerManagerService: acquire lock=184063844, flags=0x1, tag="NetworkStats", name=android, ws=null, uid=1000, pid=1795
12-17 19:31:45.243  1795 16498 D PowerManagerService: ready=true,policy=3,wakefulness=1,wksummary=0x11,uasummary=0x1,bootcompleted=true,boostinprogress=false,waitmodeenable=false,mode=true,manual=33,auto=-1,adj=0.0userId=0
12-17 19:31:45.243  1795 16498 D PowerManagerService: Acquiring suspend blocker "PowerManagerService.WakeLocks".
12-17 19:31:45.245  2852  2852 W KeyguardUpdateMonitor: onAuthenticationAcquired Fingerprint should stoped.2
12-17 19:31:45.245  2852  2852 V KeyguardUpdateMonitor: KGSvcFp onAuthenticationError.5
12-17 19:31:45.245  2852  2852 W KeyguardUpdateMonitor: Fingerprint RunningStateChanged. 10
12-17 19:31:45.245  2852  2852 W StatusBarWindowManager: Apply window Height 72
12-17 19:31:45.245  2852  2852 I StatusBarWindowManager: apply skiped :0
12-17 19:31:45.246  1795 16498 D NetdConnector: SND -> {11598 bandwidth gettetherstats}
12-17 19:31:45.247  2883  2883 I HwSystemManager: AutoCleanReceiveServer:receive action:android.intent.action.SCREEN_ON
12-17 19:31:45.248  1795  2665 D NetdConnector: RCV <- {200 11598 Tethering stats list completed}
12-17 19:31:45.248  1795  2665 D NetdConnector: RCV <- {200 11598 Tethering stats list completed}
12-17 19:31:45.250  1795 16498 W NetworkStatsFactory: mStatsXtProcUid: /proc/net/comm/stats does not exist!
12-17 19:31:45.251  1795 16498 D HwNetworkStatsService: mActiveIface: null
12-17 19:31:45.251  3168  3168 I CHR_ChrDataServiceTracker: handledataswitchchanged
12-17 19:31:45.251  1795  2748 D HwAmbientLuxFilterAlgo: earliestValidTime + POWER_ON_BRIGHTENING_LIGHT_DEBOUNCE
12-17 19:31:45.251  1795  2748 D HwAmbientLuxFilterAlgo: earliestValidTime + POWER_ON_DARKENING_LIGHT_DEBOUNCE
12-17 19:31:45.252  1795 16498 I SendBroadcastPermission: action:com.android.server.action.NETWORK_STATS_UPDATED, mPermissionType:0
12-17 19:31:45.253  1795 16498 I HwActivityManagerService: Split enqueueing broadcast [callerApp]:ProcessRecord{34bf34f 0:system/1000}
12-17 19:31:45.253  1795 16498 D PowerManagerService: release:lock=184063844, flg=0x0, tag="NetworkStats", name=android", ws=null, uid=1000, pid=1795
12-17 19:31:45.253  1795 16498 D PowerManagerService: ready=true,policy=3,wakefulness=1,wksummary=0x10,uasummary=0x1,bootcompleted=true,boostinprogress=false,waitmodeenable=false,mode=true,manual=33,auto=-1,adj=0.0userId=0
12-17 19:31:45.253  1795  3077 D GnssLocationProvider: receive broadcast intent, action: android.intent.action.SCREEN_ON
12-17 19:31:45.253  1795 16498 D PowerManagerService: Releasing suspend blocker "PowerManagerService.WakeLocks".
12-17 19:31:45.253  1795  3077 I GnssLocationProvider: updateLowPowerMode,isPowerSaveMode:falseisInteractive:true
12-17 19:31:45.253  1795  3077 I GnssLocationProvider: disableGps:false  isEnabled()=true
12-17 19:31:45.255  2883  3040 E HwSystemManager: TrafficNotifyAfterLocked:screen notification will not notify
12-17 19:31:45.255   606  2379 E libteec : QSEECom_send_cmd return!
12-17 19:31:45.255   606  2379 E libteec : qsc_send_cmd finish
12-17 19:31:45.255   606  2379 E libteec : send data return = 128
12-17 19:31:45.255   835  2385 E libteec : receive data len = 128
12-17 19:31:45.255   835  2385 E libteec : begin
12-17 19:31:45.255   835  2385 E libteec : qsc_decode end
12-17 19:31:45.256  2852  2852 I StackScrollAlgorithm: updateClipping isOverlap:false
12-17 19:31:45.257  2852  2852 I StackScrollAlgorithm: updateDimmedActivatedHideSensitive overlap:false
12-17 19:31:45.262  2852  3556 I NetworkController.MobileSignalController(0): onDataActivity: direction=0
12-17 19:31:45.262  2852  3556 D NetworkController.MobileSignalController(0): mSimSubId:0 onDataActivity: direction=0
12-17 19:31:45.263  2852  3556 I NetworkController.MobileSignalController(0): onDataActivity: direction=0
12-17 19:31:45.263  2852  3556 D NetworkController.MobileSignalController(0): mSimSubId:0 onDataActivity: direction=0
12-17 19:31:45.263  2852  2852 I PowerUI : onReceive intent:act:android.intent.action.SCREEN_ON  flag:1342177296 
12-17 19:31:45.266  2883  2996 E HwSystemManager: SimCardMethod:/getSimCardInfo: imsi is null
12-17 19:31:45.270  3180  3332 I BatteryMonitor: screen off: 1s, awake: 1s wakeups: 0, battery changed: 0
12-17 19:31:45.271  2883  2996 I HwSystemManager: NormalTrafficAnalysis:alert byte = 0 last alert byte = 0
12-17 19:31:45.271  2883  2996 E HwSystemManager: NormalTrafficAnalysis:alert byte = 0, so return
12-17 19:31:45.272  3180  3578 D HwMultiWindowEx: isInMultiWindowMode ret: 0
12-17 19:31:45.272  3180  3578 I BacklightControl: can't adjust backlight when app launch from other scene.
12-17 19:31:45.272  3180  3578 I ThermalStateManager: handle action thermal policy:208
12-17 19:31:45.273  3180  3578 I ash     : ash->screen on
