12-17 19:31:57.686  1795 15988 D StubTelephonyRegistry: LISTEN_CELL_LOCATION uid:10028
12-17 19:31:57.686 31949 31967 I eSpaceService: WatchThread{4786} TcpCirChannel.shutdown(TcpCirChannel.java:257) Login_By_Step-> shut down now connect
12-17 19:31:57.688 31949 31967 I ECS     : WatchThread{4786} TcpClient.clearAll(TcpClient.java:240) ==================== TCP CLIENT CLEAR ALL ====================
12-17 19:31:57.689 31949 31967 I ECS     : WatchThread{4786} TcpClient.disconnect_i(TcpClient.java:202) ==================== TCP CLIENT DISCONNECT ====================
12-17 19:31:57.691 31949 31967 I TCP     : WatchThread{4786} TcpClientThread.disconnectSocket(TcpClientThread.java:369) disconnecting to uc.huawei.com:7801
12-17 19:31:57.692 31949 31967 I TCP     : WatchThread{4786} TcpSocket.close(TcpSocket.java:158) shutdown output: java.net.SocketException: Socket is closed
12-17 19:31:57.693 31949 31967 I TCP     : WatchThread{4786} TcpSocket.close(TcpSocket.java:170) shutdown input: java.net.SocketException: Socket is closed
12-17 19:31:57.694 31949 31967 I TCP     : WatchThread{4786} TcpClientThread.closeSocket(TcpClientThread.java:396) closed socket.
12-17 19:31:57.695 31949 31967 I eSpaceService: WatchThread{4786} TcpCirChannel.connect(TcpCirChannel.java:219) Connect to server  address = [uc.huawei.com,]  port = 7801
12-17 19:31:57.696 31949 31967 I ECS     : WatchThread{4786} TcpClient.clearAll(TcpClient.java:240) ==================== TCP CLIENT CLEAR ALL ====================
12-17 19:31:57.697 31949 31967 I ECS     : WatchThread{4786} TcpClient.connect(TcpClient.java:162) ==================== TCP CLIENT CONNECT [2] ====================
12-17 19:31:57.698  2852  2852 W HwPhoneLayoutInflater: onCreateView : ClassNotFoundException, In this case we want to let the base class take a crack at it
12-17 19:31:57.698  1795 11745 I AlarmManager: remove(PendingIntent{31b943b: PendingIntentRecord{7f86237 com.huawei.espacev2 broadcastIntent}}) changed bounds; rebatching
12-17 19:31:57.698 31949 31967 I TCP     : WatchThread{4786} TcpClientThread.connect(TcpClientThread.java:52) will connect to uc.huawei.com:7801
12-17 19:31:57.698  2852  2852 W HwPhoneLayoutInflater: onCreateView : ClassNotFoundException, In this case we want to let the base class take a crack at it
12-17 19:31:57.699 31949 31967 I TCP     : tcp.conn{4787} TcpClientThread.connectSocket(TcpClientThread.java:349) connecting max 30000ms to uc.huawei.com:7801
12-17 19:31:57.700 31949 31967 I TCP     : tcp.conn{4787} TcpSocket.connect_i(TcpSocket.java:84) connecting to ip address uc.huawei.com/172.30.70.63
12-17 19:31:57.700  1795  1805 I AlarmManager: set(PendingIntent{a8a4758: PendingIntentRecord{7f86237 com.huawei.espacev2 broadcastIntent}}) : type=0 triggerAtTime=1481974617700 win=0 tElapsed=443154064 maxElapsed=443154064 interval=300000 flags=0x1
12-17 19:31:57.701 31949 31967 W TCP     : tcp.recv{4790} TcpSocket.read(TcpSocket.java:242) <<< WARN(5) >>> java.net.SocketException: Socket closed
12-17 19:31:57.702 31949 31967 E TCP     : tcp.recv{4790} TcpClientThread.readSocket(TcpClientThread.java:452) <<< ERROR(6) >>> socket read length failure -104
12-17 19:31:57.703 31949 31967 I TCP     : tcp.recv{4790} TcpClientThread.onReceiverWork(TcpClientThread.java:314) disconnected
12-17 19:31:57.706 31949 31967 I TCP     : tcp.conn{4787} TcpClientThread.connectSocket(TcpClientThread.java:360) notify user tcp connected successully at 36831 to uc.huawei.com:7801
12-17 19:31:57.707 31949 31985 I PushService: connect :true
12-17 19:31:57.707 31949 31967 I TCP     : tcp.recv{4790} TcpClientThread.onReceiverWork(TcpClientThread.java:292) connected
12-17 19:31:57.708 10324 10324 D MagicLink: MagicLink2-BroadcastReceiver:====>ACTION_SCREEN_ON
12-17 19:31:57.708 31949 31967 I TCP     : tcp.conn{4787} TcpClientThread.onRecv(TcpClientThread.java:522) tcp connection event TCP_CONNECTED
12-17 19:31:57.710  2852  2852 W HwPhoneLayoutInflater: onCreateView : ClassNotFoundException, In this case we want to let the base class take a crack at it
12-17 19:31:57.711  2852  2852 W HwPhoneLayoutInflater: onCreateView : ClassNotFoundException, In this case we want to let the base class take a crack at it
12-17 19:31:57.715  3218  7071 W PhoneInterfaceManager: shouldBlockLocation running ...
12-17 19:31:57.715  3218  7071 I PhoneInterfaceManager: shouldBlockLocation  ret:false
12-17 19:31:57.716  2852  2852 W HwPhoneLayoutInflater: onCreateView : ClassNotFoundException, In this case we want to let the base class take a crack at it
12-17 19:31:57.717  2852  2852 W HwPhoneLayoutInflater: onCreateView : ClassNotFoundException, In this case we want to let the base class take a crack at it
12-17 19:31:57.720 16354 16354 E HwSystemManager: MemCPUMonitor:startTimerMonitor isCompleted = true
12-17 19:31:57.726  2852  2852 W HwPhoneLayoutInflater: onCreateView : ClassNotFoundException, In this case we want to let the base class take a crack at it
12-17 19:31:57.727  2852  2852 W HwPhoneLayoutInflater: onCreateView : ClassNotFoundException, In this case we want to let the base class take a crack at it
12-17 19:31:57.728 17238 17238 D Bth     : BtChrStatisticsManager:sendScreenOnEvent enter.
12-17 19:31:57.728 17238 17252 D Bth     : BtChrStatisticsManager:msg Loop is running.
12-17 19:31:57.731  2852  2852 I HwExpandableNotificationRowHelper: unclear notification ,notificationPkgName:com.android.incallui key:0|com.android.incallui|2|null|1001
12-17 19:31:57.732  2852  2852 D StatusBar: No peeking: unimportant notification: 0|com.android.incallui|2|null|1001
12-17 19:31:57.732  2852  2852 I NotificationGroupManager: onEntryAdded:0|com.android.incallui|2|null|1001, group=0|com.android.incallui|2|null|1001
12-17 19:31:57.732  2852  2852 I HwPhoneStatusBar: updateNotificationShade
12-17 19:31:57.732  2852  2852 I PhoneStatusBar: updateNotificationShade
12-17 19:31:57.732  2852  2852 I PhoneStatusBar: removeNotificationChildren
12-17 19:31:57.733 31949 31967 I PushService: tcp.conn{4787} ServiceC.connectedNotify(ServiceC.java:289) 172.30.70.63
12-17 19:31:57.734  2852  2852 I StackScroller: generateAddAnimation:null, false
12-17 19:31:57.735 31949 31967 I ECS     : tcp.conn{4787} XmlMsg.encodeBuf(XmlMsg.java:215) SEND 100 bytes [16]_00_00_00_60_00_03_01_05_01_04_81_B7_00_00_00_00 cmdCode(CC_PCheckVersion.0x0501)msgType(MT_ARG.1)msgClass(MC_Push.5)sender(ST_Mobile.0)crypted(false)zipped(false)nobase64(true)length(96)version(3)sno(81B7)
12-17 19:31:57.735  2852  2852 I StackScroller: generateAddAnimation:null, false
12-17 19:31:57.736  2852  2852 I HwNotificationIconAreaController: showNotificationAll
12-17 19:31:57.736  1795 16232 I NotificationManager: onNotificationExpansionChanged called
12-17 19:31:57.736  1795 17831 I NotificationManager: onNotificationExpansionChanged called
12-17 19:31:57.737  2852  2852 D ReporterUtil:  e id:344 type:{pkg:com.android.incallui}
12-17 19:31:57.737  2852  2852 D KeyguardViewMediator: handleNotifyFinishedGoingToSleep
12-17 19:31:57.737  2852  2852 I PhoneStatusBar: onFinishedGoingToSleep
12-17 19:31:57.737  1795  2371 E huawei_ProximitySensor_CPP_Test: ProximitySensor: 9 is far event,0 is close event,value = 9.000000
12-17 19:31:57.737  1795  2371 I huawei_ProximitySensor_CPP_Test: readEvents:345: ProximitySensor: getTimestamp,mPendingEvent.timestamp =23080261 
12-17 19:31:57.737  2852  2852 V KeyguardStatusView: Disable transport text marquee
12-17 19:31:57.737  2852  2852 V KeyguardUpdateMonitor: FingerStat Visible: false; Interactive: false; Switching: false; Bouncer:false; GoingToSleep: false Occluded: false; dreaming: false; Authenticated: false
12-17 19:31:57.737  1795  1825 D DisplayPowerController: handleProximitySensorEvent positive:false
12-17 19:31:57.737  1795  1825 D PowerManagerService: Acquiring suspend blocker "PowerManagerService.Display".
12-17 19:31:57.737  1795  1795 I HwScreenOnProximityLock: removeProximityView success vp android.view.ViewRootImpl@4ad60b1
12-17 19:31:57.737  1795  1825 I PowerManager_screenOn: DisplayPowerController updatePowerState mPendingRequestLocked=policy=OFF, useProximitySensor=true, useProximitySensorbyPhone=true, screenBrightness=33, screenAutoBrightnessAdjustment=0.0, brightnessSetByUser=true, useAutoBrightness=true, blockScreenOn=false, lowPowerMode=false, boostScreenBrightness=false, dozeScreenBrightness=-1, dozeScreenState=UNKNOWN, useTwilight=false, useSmartBacklight=true, brightnessWaitMode=false, brightnessWaitRet=true, screenAutoBrightness=-1, userId=0
12-17 19:31:57.738  1795  1825 I WindowManger_keyguard: Screen turned off...
12-17 19:31:57.738  2852  2852 W DisabledFeatureUtils: Dis-Feature : 0
12-17 19:31:57.738  2852  2852 E KeyguardUpdateMonitor: isSimPinSecure mSimDatas is null or empty 
12-17 19:31:57.738  1795  1795 D Sensors : batch called handle:2 sample_ns:20000000 latency_ns:0
12-17 19:31:57.738  1795  1795 D Sensors : pa2240-proximity calling driver setDelay 20 ms
12-17 19:31:57.738  1795  1795 E huawei_ProximitySensor_CPP_Test: write 20 failed
12-17 19:31:57.739  2852  2852 W DisabledFeatureUtils: Dis-Feature : 0
12-17 19:31:57.739  2852  2852 E KeyguardUpdateMonitor: isSimPinSecure mSimDatas is null or empty 
12-17 19:31:57.739  1795 11747 I Security_fingerprint: FingerprintService getEnrolledFingerprints
12-17 19:31:57.739  1795  1795 I WindowManager: Destroying surface Surface(name=) called by com.android.server.wm.WindowStateAnimator.destroySurface:2056 com.android.server.wm.WindowStateAnimator.destroySurfaceLocked:907 com.android.server.wm.WindowState.removeLocked:1527 com.android.server.wm.WindowManagerService.removeWindowInnerLocked:2723 com.android.server.wm.WindowManagerService.removeWindowInnerLocked:2688 com.android.server.wm.WindowManagerService.removeWindowLocked:2677 com.android.server.wm.WindowManagerService.removeWindowLocked:2546 com.android.server.wm.WindowManagerService.removeWindow:2541 
12-17 19:31:57.739  2852  2852 V KeyguardUpdateMonitor: KGSvcFp startListeningForFingerprint()
12-17 19:31:57.739  2852  2852 I KeyguardUpdateMonitor: authenticate by 0 mode!
12-17 19:31:57.740  1795 17832 I Security_fingerprint: FingerprintService authenticate
12-17 19:31:57.740  2852  2852 W KeyguardUpdateMonitor: Fingerprint RunningStateChanged. 1
12-17 19:31:57.741  2852  2852 W HwLockScreenPanel: Handle message: 15
12-17 19:31:57.741  1795  2326 W HwFingerprintService: setLivenessSwitch:start
12-17 19:31:57.741  1795  2326 W HwFingerprintService: checkNeedLivenessList:start
12-17 19:31:57.741  1795  2326 W HwFingerprintService: NEED_LIVENESS_AUTHENTICATION = 0
12-17 19:31:57.741   835   835 I fingerprintd: FingerprintDaemonProxyEx::onTransact, code:1002
12-17 19:31:57.741  2852  2852 W CameraLayout: Cameralayout setVisibility. true false  2
12-17 19:31:57.741   835   835 I fingerprintd: fingerprintd
12-17 19:31:57.741  2852  2852 D MagazineDetailView: resetPagerState
12-17 19:31:57.741   835   835 I fingerprintd: FingerprintDaemonProxyEx::setLivenessSwitch
12-17 19:31:57.741   835   835 I fingerprintd: fingerprintdex--dev->need_liveness_authentication = false;
12-17 19:31:57.742  1795  2326 W HwFingerprintService: framework setLivenessSwitch is ok ---end
12-17 19:31:57.742   835   835 I fingerprintd: FingerprintDaemonProxyEx::onTransact, code:7
12-17 19:31:57.742  2852  2852 I EventCenter: EventCenter Get :android.com.huawei.bone.NOTIFY_SPORT_DATA
12-17 19:31:57.742  1795  1795 I WindowManger_keyguard: Setting mDismissKeyguard true by win Window{e6a6b5e u0 com.android.incallui/com.android.incallui.InCallActivity}
12-17 19:31:57.742   835   835 D fpc_fingerprint_hal: fpc_get_authenticator_id
12-17 19:31:57.742 31949 31967 I TCP     : tcp.recv{4790} TcpClientThread.onReceiverWork(TcpClientThread.java:307) get tcp message 659
12-17 19:31:57.742   835  2385 D fpc_fingerprint_hal: fpc poll irq interupt
12-17 19:31:57.742   835  2385 D fpc_fingerprint_hal: wait_finger_down, took 1021 ms
12-17 19:31:57.742   835  2385 E libteec : begin
12-17 19:31:57.742   606  2379 E libteec : receive data len = 128
12-17 19:31:57.742  2852  2852 I StatusBar: onNotificationPosted: StatusBarNotification(pkg=com.huawei.health user=UserHandle{0} id=10010 tag=null key=0|com.huawei.health|10010|null|10099: Notification(pri=0 contentView=null vibrate=null sound=null defaults=0x0 flags=0x62 color=0x00000000 vis=PRIVATE)) important=2, post=1481974317650, when=1481531589202, vis=0, userid=0
12-17 19:31:57.742  1795  1795 I WindowManger_keyguard: Setting mDismissKeyguard true by win Window{e6a6b5e u0 com.android.incallui/com.android.incallui.InCallActivity}
12-17 19:31:57.747  1795  1795 I WindowManger_windowChange: oldFocusWindow: Window{334bb79 u0 android}, currentFocusWindow: Window{e71ca6c u0 com.android.phone}, currentFocusApp: AppWindowToken{844a0b2 token=Token{2fd6a14 ActivityRecord{b46dc67 u0 com.android.incallui/.InCallActivity t310}}}
12-17 19:31:57.751   606  2379 E libteec : QSEECom_send_cmd return!
12-17 19:31:57.751   606  2379 E libteec : qsc_send_cmd finish
