12-17 19:34:57.521  2852  2852 I PhoneStatusBar: cancelAutohide
12-17 19:34:57.521  2852  2852 I PhoneStatusBar: notifyUiVisibilityChanged:vis=0x40000600, SystemUiVisibility=0x40000600
12-17 19:34:57.538  2852  2852 D HwRecentsLockUtils: search
12-17 19:34:57.544  1795  3111 E HsmCoreServiceImpl: onTransact in code is: 103
12-17 19:34:57.544  1795  3111 I MediaProcessHandler: playingUids: 
12-17 19:34:57.544  2852  2852 D HwRecentsLockUtils: search
12-17 19:34:57.547  1795 11746 D ActivityManager: Skipping, withExcluded: false, tr.intent:Intent { act=android.intent.action.MAIN flg=0x10840000 cmp=com.android.incallui/.InCallActivity (has extras) }
12-17 19:34:57.547  1795 11746 D ActivityManager: Skipping, home stack task: TaskRecord{37babfb #297 A=com.huawei.android.launcher U=0 StackId=0 sz=1}
12-17 19:34:57.547  1795 11746 D ActivityManager: Skipping, withExcluded: false, tr.intent:Intent { flg=0x10804000 cmp=com.android.systemui/.recents.RecentsActivity bnds=[48,1199][1032,2447] }
12-17 19:34:57.547  1795 11746 D ActivityManager: Skipping, withExcluded: false, tr.intent:Intent { act=android.intent.action.VIEW dat=file:///storage/emulated/0/Downloads/云播影视326.apk typ=application/vnd.android.package-archive flg=0x10800000 cmp=com.android.packageinstaller/.PackageInstallerActivity (has extras) }
12-17 19:34:57.547  1795 11746 D ActivityManager: Skipping, withExcluded: false, tr.intent:Intent { act=com.android.deskclock.ALARM_ALERT flg=0x10800004 cmp=com.android.deskclock/.alarmclock.LockAlarmFullActivity (has extras) }
12-17 19:34:57.547  1795 11746 D ActivityManager: Skipping, withExcluded: false, tr.intent:Intent { act=android.intent.action.VIEW dat=file:///storage/emulated/0/Downloads/106_4389c1ec4cb78314a457ce5927578bb4.apk typ=application/vnd.android.package-archive flg=0x10800000 cmp=com.android.packageinstaller/.PackageInstallerActivity (has extras) }
12-17 19:34:57.547  1795 11746 D ActivityManager: Skipping, withExcluded: false, tr.intent:Intent { act=android.intent.action.VIEW dat=file:///storage/emulated/0/tencent/TMAssistantSDK/Download/com.tencent.mm/1a41cb224d6d4b020176381a7c790891 typ=application/vnd.android.package-archive flg=0x10800000 cmp=com.android.packageinstaller/.PackageInstallerActivity (has extras) }
12-17 19:34:57.547  1795 11746 D ActivityManager: Skipping, withExcluded: false, tr.intent:Intent { act=android.intent.action.VIEW dat=https://service.10046.mi.com/... flg=0x10800000 cmp=com.android.browser/.BrowserActivity (has extras) }
12-17 19:34:57.547  1795 11746 D ActivityManager: Skipping, withExcluded: false, tr.intent:Intent { act=android.media.action.STILL_IMAGE_CAMERA_SECURE flg=0x34800000 pkg=com.huawei.camera cmp=com.huawei.camera/.controller.SecureCameraActivity (has extras) }
12-17 19:34:57.547  1795 11746 D ActivityManager: Skipping, withExcluded: false, tr.intent:Intent { flg=0x10800000 cmp=com.huawei.camera/com.huawei.rapidcapture.RapidPlaceHolderActivity }
12-17 19:34:57.547  1795 11746 D ActivityManager: Skipping, withExcluded: false, tr.intent:Intent { act=android.intent.action.VIEW dat=file:///storage/emulated/0/Downloads/12306zhixinghuochepiao_314.apk typ=application/vnd.android.package-archive flg=0x10800000 cmp=com.android.packageinstaller/.PackageInstallerActivity (has extras) }
12-17 19:34:57.547  1795 11746 D ActivityManager: Skipping, withExcluded: false, tr.intent:Intent { flg=0x34800000 cmp=com.huawei.systemmanager/com.huawei.harassmentinterception.ui.InterceptionActivity (has extras) }
12-17 19:34:57.547  1795 11746 D ActivityManager: getRecentTasks: num=20,flags=62,totalTasks=47
12-17 19:34:57.547  1795 11746 D ActivityManager: getRecentTasks: topActivity=ComponentInfo{com.huawei.espacev2/com.huawei.espace.module.main.ui.MainActivity}
12-17 19:34:57.550  2852  2852 I SystemServicesProxy: get the task from ActivityManager size is 20 AMS:getRecentTasksForUser,args:numTasksToQuery=20,flags=62,userId=-2
12-17 19:34:57.557  1795  1804 I art     : Background partial concurrent mark sweep GC freed 37845(1949KB) AllocSpace objects, 8(1460KB) LOS objects, 13% free, 52MB/60MB, paused 3.028ms total 180.655ms
12-17 19:34:57.560  2852  2852 I RecentsTaskLoadPlan: to show tasks size is 20
12-17 19:34:57.562  1795  1805 D ActivityManager: Skipping, withExcluded: false, tr.intent:Intent { act=android.intent.action.MAIN flg=0x10840000 cmp=com.android.incallui/.InCallActivity (has extras) }
12-17 19:34:57.562  1795  1805 D ActivityManager: Skipping, home stack task: TaskRecord{37babfb #297 A=com.huawei.android.launcher U=0 StackId=0 sz=1}
12-17 19:34:57.562  1795  1805 D ActivityManager: getRecentTasks: num=10,flags=62,totalTasks=47
12-17 19:34:57.562  1795  1805 D ActivityManager: getRecentTasks: topActivity=ComponentInfo{com.huawei.espacev2/com.huawei.espace.module.main.ui.MainActivity}
12-17 19:34:57.563  2852  2852 I SystemServicesProxy: get the task from ActivityManager size is 10 AMS:getRecentTasksForUser,args:numTasksToQuery=10,flags=62,userId=0
12-17 19:34:57.576  3382  3399 D QcrilMsgTunnelSocket: readRilMessage: Buffer = [B@204bb9f HexData = [010000000404000012000000514f454d484f4f4b1d04080002000000ffff]
12-17 19:34:57.576  3382  3399 D QcrilMsgTunnelSocket: Rcvd UNSOL response with 28 bytes data for SUB0
12-17 19:34:57.576  3382  3399 D QcrilMsgTunnelSocket: Rac Change (PDC) data: [-1, -1]
12-17 19:34:57.576  3382  3399 D QcrilMsgTunnelSocket: Broadcasting intent ACTION_RAC_CHANGED
12-17 19:34:57.576  3382  3399 I SendBroadcastPermission: action:qualcomm.intent.action.ACTION_RAC_CHANGED, mPermissionType:0
12-17 19:34:57.577  1795  6985 D PowerManagerService: acquire lock=40278605, flags=0x1, tag="RILJ_ACK_WL", name=com.android.phone, ws=null, uid=1001, pid=3218
12-17 19:34:57.577  1795  6985 D PowerManagerService: ready=true,policy=3,wakefulness=1,wksummary=0x1,uasummary=0x1,bootcompleted=true,boostinprogress=false,waitmodeenable=false,mode=true,manual=33,auto=-1,adj=0.0userId=0
12-17 19:34:57.577  1795  6985 D PowerManagerService: Acquiring suspend blocker "PowerManagerService.WakeLocks".
12-17 19:34:57.578  3218  3375 I SendBroadcastPermission: action:com.huawei.android.intent.action.RAC_CHANGED, mPermissionType:0
12-17 19:34:57.578  1795 11745 D PowerManagerService: acquire lock=40278605, flags=0x1, tag="RILJ_ACK_WL", name=com.android.phone, ws=null, uid=1001, pid=3218
12-17 19:34:57.579  1795 11745 D PowerManagerService: ready=true,policy=3,wakefulness=1,wksummary=0x1,uasummary=0x1,bootcompleted=true,boostinprogress=false,waitmodeenable=false,mode=true,manual=33,auto=-1,adj=0.0userId=0
12-17 19:34:57.580  1795  6986 D PowerManagerService: ready=true,policy=3,wakefulness=1,wksummary=0x1,uasummary=0x1,bootcompleted=true,boostinprogress=false,waitmodeenable=false,mode=true,manual=33,auto=-1,adj=0.0userId=0
12-17 19:34:57.580  1795 16498 D PowerManagerService: ready=true,policy=3,wakefulness=1,wksummary=0x1,uasummary=0x1,bootcompleted=true,boostinprogress=false,waitmodeenable=false,mode=true,manual=33,auto=-1,adj=0.0userId=0
12-17 19:34:57.581  1795  3225 D PowerManagerService: ready=true,policy=3,wakefulness=1,wksummary=0x1,uasummary=0x1,bootcompleted=true,boostinprogress=false,waitmodeenable=false,mode=true,manual=33,auto=-1,adj=0.0userId=0
12-17 19:34:57.582  1795  3139 D PowerManagerService: ready=true,policy=3,wakefulness=1,wksummary=0x1,uasummary=0x1,bootcompleted=true,boostinprogress=false,waitmodeenable=false,mode=true,manual=33,auto=-1,adj=0.0userId=0
12-17 19:34:57.585 31949 31967 I TCP     : msg.recv{4791} TcpClientThread.onRecv(TcpClientThread.java:515) TCP Msg 659TCP_OK
12-17 19:34:57.587 31949 31967 I ECS     : msg.recv{4791} XmlMsg.decodeBuf(XmlMsg.java:237) RECV 663 bytes [12]_00_03_02_05_01_04_81_C1_4D_14_55_5C cmdCode(CC_PCheckVersion.0x0501)msgType(MT_ACK.2)msgClass(MC_Push.5)sender(ST_Mobile.0)crypted(false)zipped(false)nobase64(true)length(659)version(3)sno(81C1)
12-17 19:34:57.587  1795 16499 D PowerManagerService: acquire lock=40278605, flags=0x1, tag="RILJ_ACK_WL", name=com.android.phone, ws=null, uid=1001, pid=3218
12-17 19:34:57.587  1795 16499 D PowerManagerService: ready=true,policy=3,wakefulness=1,wksummary=0x1,uasummary=0x1,bootcompleted=true,boostinprogress=false,waitmodeenable=false,mode=true,manual=33,auto=-1,adj=0.0userId=0
12-17 19:34:57.589  1795  1821 I ActivityManager_activity: Incall is gone
12-17 19:34:57.589  1795  1821 I ActivityManager_activity: windowsGone(): ActivityRecord{b46dc67 u0 com.android.incallui/.InCallActivity t310}
12-17 19:34:57.590  2852  3556 I NetworkController.MobileSignalController(0): onSignalStrengthsChanged signalStrength=SignalStrength: -1 0 -1 255 -1 255 -1 255 255 31 -67 -7 14 2147483647 2147483647 false gw|lte level=5 isSuspend=false levelOld=5,mSignalStrength level=5
12-17 19:34:57.590  1795  1795 I MQoS    : onSignal: mSubId=0,currDataSubID=0
12-17 19:34:57.590  1795  1795 I MQoS    : received cell-signal:5
12-17 19:34:57.590  1795  6988 I SendBroadcastPermission: action:android.intent.action.SIG_STR, mPermissionType:0
12-17 19:34:57.590  3858  4126 I amsnl   : csr
12-17 19:34:57.590  2852  2914 I HwMobileSignalController: updateSignalStrength: signalStrength=SignalStrength: -1 0 -1 255 -1 255 -1 255 255 31 -67 -7 14 2147483647 2147483647 false gw|lte
12-17 19:34:57.592  3858  4126 I amsnl   : t:false, fl: false, p: 2147483647000, ce: true, we: true
12-17 19:34:57.592  1795  3110 D PowerManagerService: ready=true,policy=3,wakefulness=1,wksummary=0x1,uasummary=0x1,bootcompleted=true,boostinprogress=false,waitmodeenable=false,mode=true,manual=33,auto=-1,adj=0.0userId=0
12-17 19:34:57.593  1795 17832 D PowerManagerService: ready=true,policy=3,wakefulness=1,wksummary=0x1,uasummary=0x1,bootcompleted=true,boostinprogress=false,waitmodeenable=false,mode=true,manual=33,auto=-1,adj=0.0userId=0
12-17 19:34:57.593  1795  3111 D PowerManagerService: ready=true,policy=3,wakefulness=1,wksummary=0x1,uasummary=0x1,bootcompleted=true,boostinprogress=false,waitmodeenable=false,mode=true,manual=33,auto=-1,adj=0.0userId=0
12-17 19:34:57.594  2852  2914 I HwMobileSignalController: subId:0 phoneType:1 networktype:16 targetClass:1 masterLevel:5 slaveLevel:-1
12-17 19:34:57.594  1795  2396 D PowerManagerService: ready=true,policy=3,wakefulness=1,wksummary=0x1,uasummary=0x1,bootcompleted=true,boostinprogress=false,waitmodeenable=false,mode=true,manual=33,auto=-1,adj=0.0userId=0
12-17 19:34:57.596  1795  1805 D wifiserviceimpl: netmask =16580607
12-17 19:34:57.596  3858  4126 I amsnl   : m1: false
12-17 19:34:57.597  1795 15988 W ActivityManager: getRunningAppProcesses: caller 10009 does not hold REAL_GET_TASKS; limiting output
12-17 19:34:57.597  2852  2852 I NetworkController.MobileSignalController(0): Change in state from: connected=true,enabled=true,level=5,inetCondition=1,iconGroup=IconGroup(Unknown),activityIn=false,activityOut=false,rssi=0,lastModified=12-17 07:34:56,isRoaming=false,dataSim=true,networkName=中国移动,networkNameData=中国移动,dataConnected=false,isDefault=false,isEmergency=false,airplaneMode=false,carrierNetworkChangeMode=false,userSetup=true
12-17 19:34:57.597  2852  2852 I NetworkController.MobileSignalController(0): 	to: connected=true,enabled=true,level=5,inetCondition=1,iconGroup=IconGroup(G),activityIn=false,activityOut=false,rssi=0,lastModified=12-17 07:34:56,isRoaming=false,dataSim=true,networkName=中国移动,networkNameData=中国移动,dataConnected=false,isDefault=false,isEmergency=false,airplaneMode=false,carrierNetworkChangeMode=false,userSetup=true
12-17 19:34:57.597  3858  4126 I amsnl   : m2: false, m3: false
12-17 19:34:57.597  1795  2748 D HwAmbientLuxFilterAlgo: earliestValidTime + POWER_ON_BRIGHTENING_LIGHT_DEBOUNCE
12-17 19:34:57.597  3858  4126 I amsnl   : c: true, w: true, t: false, l: false
12-17 19:34:57.597  1795  2748 D HwAmbientLuxFilterAlgo: earliestValidTime + POWER_ON_DARKENING_LIGHT_DEBOUNCE
12-17 19:34:57.600  2852  2914 I SimCardMethod: isCardAbsent slot:0 slotState:5
12-17 19:34:57.600  2852  2852 D HwMobileSignalController: getTypeIcon type:1
12-17 19:34:57.600  2852  2852 D HwMobileSignalController:  2G
12-17 19:34:57.600  2852  2852 I HwMobileSignalController: notifyListenerHuawei::origin typeIcon:2130839153 icons.mName:G isSuspend:false, showDataIcon=false, dataConnected=false, isRoaming=false
12-17 19:34:57.600  2852  2852 I HwSignalClusterView: getOrInflateState subId:0
12-17 19:34:57.600  2852  2852 I HwSignalClusterView: getOrInflateState subId:0
12-17 19:34:57.600  2852  2852 I HwSignalClusterView: setMobileDataIndicatorsHuawei subId:0 visible:true strengthIcon:2130839311 typeIcon:2130839153 contentDescription:手机信号满格。 typeContentDescription:GPRS isTypeIconWide:false showActivity:false activityIn:false activityOut:false isRoaming:false
12-17 19:34:57.600  2852  2852 I HwSignalClusterView: getOrInflateState subId:0
12-17 19:34:57.601  2852  2852 D NetWorkUtils: mVSimCurCardType is -1
12-17 19:34:57.601  2852  2852 I HwSignalClusterView: apply hwPhoneState.mSubId:0 anyMobileVisible:false mIsAirplaneMode:false, mobileGroupVisible=true
12-17 19:34:57.602  2852  2852 I HwSignalClusterView: setMobileDataIndicatorsHuawei subId:0 visible:true strengthIcon:2130839311 typeIcon:2130839153 contentDescription:手机信号满格。 typeContentDescription:GPRS isTypeIconWide:false showActivity:false activityIn:false activityOut:false isRoaming:false
12-17 19:34:57.602  2852  2852 I HwSignalClusterView: getOrInflateState subId:0
12-17 19:34:57.602  2852  2852 D NetWorkUtils: mVSimCurCardType is -1
12-17 19:34:57.603  2852  2852 I HwSignalClusterView: apply hwPhoneState.mSubId:0 anyMobileVisible:false mIsAirplaneMode:false, mobileGroupVisible=true
12-17 19:34:57.608  3382  3399 D QcrilMsgTunnelSocket: readRilMessage: Buffer = [B@204bb9f HexData = [010000000404000011000000514f454d484f4f4bfa0308000100000000]
12-17 19:34:57.608  3382  3399 D QcrilMsgTunnelSocket: Rcvd UNSOL response with 28 bytes data for SUB0
12-17 19:34:57.608  3382  3399 D QcrilMsgTunnelSocket: Response ID 525306 is not served in this process.
12-17 19:34:57.608  3382  3399 D QcrilMsgTunnelSocket: To broadcast an Intent via the notifier to external apps
12-17 19:34:57.609  3382  3382 D QcrilMsgTunnelIfaceManager: handleMessage what = 0
12-17 19:34:57.609  1795  3121 D PowerManagerService: acquire lock=40278605, flags=0x1, tag="RILJ_ACK_WL", name=com.android.phone, ws=null, uid=1001, pid=3218
12-17 19:34:57.609  3382  3382 I SendBroadcastPermission: action:com.qualcomm.intent.action.ACTION_UNSOL_RESPONSE_OEM_HOOK_RAW, mPermissionType:0
12-17 19:34:57.609  1795  3121 D PowerManagerService: ready=true,policy=3,wakefulness=1,wksummary=0x1,uasummary=0x1,bootcompleted=true,boostinprogress=false,waitmodeenable=false,mode=true,manual=33,auto=-1,adj=0.0userId=0
12-17 19:34:57.609  1795 11745 I HwActivityManagerService: Split enqueueing broadcast [callerApp]:ProcessRecord{4ff57fc 3382:com.qualcomm.qcrilmsgtunnel/1001}
12-17 19:34:57.610  3218  3218 D QC_RIL_OEM_HOOK: Received Broadcast Intent ACTION_UNSOL_RESPONSE_OEM_HOOK_RAW
12-17 19:34:57.610  3218  3218 D QC_RIL_OEM_HOOK: Oem ID in QCRILHOOK UNSOL RESP is QOEMHOOK
12-17 19:34:57.611  1795  6986 D PowerManagerService: ready=true,policy=3,wakefulness=1,wksummary=0x1,uasummary=0x1,bootcompleted=true,boostinprogress=false,waitmodeenable=false,mode=true,manual=33,auto=-1,adj=0.0userId=0
12-17 19:34:57.616  3218  3517 I QImsService: ImsSenderRxr : Response data: [12, 13, -1, -1, -1, -1, 16, 3, 24, -37, 1, 32, 0, 13, 100, 0, 0, 0, 21, 10, 0, 0, 0, 29, 100, 0, 0, 0, 37, 0, 0, 0, 0, 45, -1, 0, 0, 0, 53, -1, -1, 0, 0, 61, -1, 0, 0, 0, 69, -1, -1, 0, 0][SUB0]
12-17 19:34:57.616  3218  3517 I QImsService: ImsSenderRxr :  Tag -1 3 219 0[SUB0]
12-17 19:34:57.616  3218  3517 I QImsService: ImsSenderRxr : [UNSL]< UNSOL_SSAC_CHANGED org.codeaurora.ims.ImsQmiIF$SsacInfo@872c382[SUB0]
12-17 19:34:57.616  3218  3517 I QImsService: ImsSenderRxr : Response data: [12, 13, -1, -1, -1, -1, 16, 3, 24, -52, 1, 32, 0, 8, 2, 21, 0, 0, 0, 0, 32, 14][SUB0]
