12-17 19:34:56.451  1795  3364 I HwActivityManagerService: Split enqueueing broadcast [callerApp]:ProcessRecord{34bf34f 0:system/1000}
12-17 19:34:56.451  1795  3364 I SendBroadcastPermission: action:android.media.STREAM_MUTE_CHANGED_ACTION, mPermissionType:0
12-17 19:34:56.451  1046  2703 I APM_AudioPolicyManager: setStreamVolumeIndex() stream 8, device 0x0001, index 0
12-17 19:34:56.451  1795  3364 I HwActivityManagerService: Split enqueueing broadcast [callerApp]:ProcessRecord{34bf34f 0:system/1000}
12-17 19:34:56.451  1046 26554 I APM_AudioPolicyManager: setStreamVolumeIndex() stream 8, device 0x0002, index 0
12-17 19:34:56.452  1046  2704 I APM_AudioPolicyManager: setStreamVolumeIndex() stream 8, device 0x0004, index 0
12-17 19:34:56.452  2852  3361 I vol.VolumeDialogControl: C onStateChanged state = {STREAM_VOICE_CALL:5[1..5],STREAM_SYSTEM:7[0..7] [MUTED],STREAM_RING:7[0..7] [MUTED],STREAM_MUSIC:11[0..15],STREAM_ALARM:5[0..7],STREAM_NOTIFICATION:7[0..7] [MUTED],STREAM_BLUETOOTH_SCO:7[0..15],STREAM_SYSTEM_ENFORCED:7[0..7],STREAM_DTMF:15[0..15] [MUTED],STREAM_TTS:2[0..15],ringerModeExternal:0,ringerModeInternal:0,zenMode:0,effectsSuppressor:null,effectsSuppressorName:null,activeStream:-1}
12-17 19:34:56.452  2852  2852 I vol.VolumeDialog: VolumeDialogController.Callbacks onStateChanged
12-17 19:34:56.452  3858  4126 I amsnl   : wsr
12-17 19:34:56.452  1046  1467 I APM_AudioPolicyManager: setStreamVolumeIndex() stream 8, device 0x40000000, index 0
12-17 19:34:56.454  1795  3364 I AudioManager: setMode mode:2
12-17 19:34:56.454  1795  1795 D WiFi_PRO: MSG_RETURN_AP_CURRY_RSSI rssi = -62
12-17 19:34:56.454  1795  2736 E hwintelligencewifi:  DefaultState message.what = 7
12-17 19:34:56.454  1795  1795 I QosMonitor: queryRtt: rtt_type = 3
12-17 19:34:56.454  1795  1795 I WifiProJNI: ######### GET RTT:3 ########
12-17 19:34:56.454  1795  1795 D WifiProJNI: send_cmd_kernel: cmd=7
12-17 19:34:56.454  1795  1795 I WifiProJNI: ######### CMD_QUERY_PKTS ########
12-17 19:34:56.454  1795  1795 D WifiProJNI: send_cmd_kernel: cmd=1
12-17 19:34:56.454  1795  3360 I Telecom : CallAudioRouteStateMachine: Message received: SWITCH_FOCUS=4001, arg1=2: CSW.sD->CAMSM.pM_1001->CARSM.pM_SWITCH_FOCUS@EsU_3_2
12-17 19:34:56.454  1795  2737 D WifiProJNI: Received kernel message payload: event 4
12-17 19:34:56.454  1795  2737 I QosMonitor: postEventFromNative: msg=100,arg1=4,arg2=9
12-17 19:34:56.454  1795  2737 W WifiProJNI: poll before: g_monitor_fd =310
12-17 19:34:56.454  1795  2737 D WifiProJNI: Received kernel message payload: event 0
12-17 19:34:56.455  1795  2737 I QosMonitor: postEventFromNative: msg=100,arg1=0,arg2=9
12-17 19:34:56.455  1795  2737 W WifiProJNI: poll before: g_monitor_fd =310
12-17 19:34:56.455  1046 26554 I APM_AudioPolicyManager: setStreamVolumeIndex() stream 8, device 0x0001, index 0
12-17 19:34:56.455  1046  2704 I APM_AudioPolicyManager: setStreamVolumeIndex() stream 8, device 0x0002, index 0
12-17 19:34:56.455  1046  1467 I APM_AudioPolicyManager: setStreamVolumeIndex() stream 8, device 0x0004, index 0
12-17 19:34:56.455  1046  9752 I APM_AudioPolicyManager: setStreamVolumeIndex() stream 8, device 0x40000000, index 0
12-17 19:34:56.456  3858  4126 I amsnl   : t:false, fl: false, p: 2147483647000, ce: true, we: true
12-17 19:34:56.457  1795  1795 D HuaweiWifiWatchdogStateMachine: setSampleRtt: unvalid rtt
12-17 19:34:56.457  1795  6986 D wifiserviceimpl: netmask =16580607
12-17 19:34:56.457  1795  1795 I MQoS    : rtt=480,tcp_tx_pkts=1480289,tcp_rx_pkts=1768500
12-17 19:34:56.457  1795  5350 I MQoS    : QOS_level:0(0),DataDisable;use level-0
12-17 19:34:56.457  3858  4126 I amsnl   : m1: false
12-17 19:34:56.458  1795  2739 D HuaweiWifiWatchdogStateMachine: dumpTcpResult: len=9,rtt=480,rttPkt=1,rttWn=25,cgt=0,cgtWn=0
12-17 19:34:56.458  1795  2739 I HuaweiWifiWatchdogStateMachine: PTcp RTT:0, rtt pkt=0, tcp_rx=0, tcp_tx=0, tcp_reTran=0, rtRate=0
12-17 19:34:56.458  1795  2739 D HuaweiWifiWatchdogStateMachine: mRssiBadCount =0, RSSI not bad.
12-17 19:34:56.458  1795  2739 D HuaweiWifiWatchdogStateMachine: detectNetworkAvailable:hw.wifipro.dns_fail_count = 1001
12-17 19:34:56.458  1795  2739 I HuaweiWifiWatchdogStateMachine: rs ota tcp lr rttvb bad: false, false, false, false, false; rsth:-75
12-17 19:34:56.458  1795  2739 D HuaweiWifiWatchdogStateMachine: GSC:0, GSR:1.0, RSR:1.0, RTH:-75
12-17 19:34:56.458  1795  2739 D HuaweiWifiWatchdogStateMachine: bqeLevel = 0 rtt=0,rtt_pkts=0 speed=0 rssi=-62
12-17 19:34:56.460  3626  3626 I HourObserver: enter into handleScrnOnOffTimeStats, scrnOn = true, mIsPreScrnOn = false, mScrnSwitchTime = 1481974423568, occurTime = 1481974496458, delta = 72890, mScrnOffAccTime = 1834314, mScrnOnAccTime = 124837
12-17 19:34:56.460  3626  3626 I HourObserver: left handleScrnOnOffTimeStats, mScrnOffAccTime = 1907204, mScrnOffAccTime = 1907204, mScrnOnAccTime = 124837
12-17 19:34:56.462  1795  2332 I qti_sensors_hal: [ACC]processReportInd: X: -2.153354 Y: 5.998312 Z: 9.465226  x_offset:0.160831 y_offset:0.184366 z_offset:0.985027
12-17 19:34:56.462  1795  2739 I HuaweiWifiWatchdogStateMachine:  pkt chk not bad, reset sc to 0.
12-17 19:34:56.462  1795  2739 D HuaweiWifiWatchdogStateMachine: ### mPktChkBadCnt=0
12-17 19:34:56.462 32607 20554 D BetaClub: [LogCapService.onHandleIntent]Phone IDLE
12-17 19:34:56.463  1795  3139 W ActivityManager: getRunningAppProcesses: caller 10009 does not hold REAL_GET_TASKS; limiting output
12-17 19:34:56.463 32607 32607 D BetaClub: [LogCapReceiver.startSendSocketService]Receive action:android.intent.action.PHONE_STATE
12-17 19:34:56.463 32607 32607 W ContextImpl: Calling a method in the system process without a qualified user: android.app.ContextImpl.startService:1527 android.content.ContextWrapper.startService:613 android.content.ContextWrapper.startService:613 com.huawei.betaclub.receiver.LogCapReceiver.startSendSocketService:31 com.huawei.betaclub.receiver.LogCapReceiver.onReceive:14 
12-17 19:34:56.465  3626  3626 I iMonitor: create: 903001010
12-17 19:34:56.467  3858  4126 I amsnl   : m2: false, m3: false
12-17 19:34:56.467  3858  4126 I amsnl   : c: false, w: true, t: false, l: false
12-17 19:34:56.467  3466  3466 I Contacts: PLog CallLogFragment onQueryComplete, requestId : 105
12-17 19:34:56.467  3466  3466 I Contacts: CallLogQueryHandler onQueryComplete token:59 listener:CallLogFragment{d65bfc6 #0 id=0x7f1000d2} cursor ==null:false
12-17 19:34:56.468  3626  3626 I iMonitor: send: 903001010
12-17 19:34:56.469 32607 20554 D BetaClub: [LogCapService.onHandleIntent]Phone IDLE
12-17 19:34:56.469   818  1152 I logserver: handle_exception_events enter
12-17 19:34:56.469  5224  5224 I Step_LSC: 20002302|logicalDealBroadcastEvent : Intent { act=android.intent.action.SCREEN_ON flg=0x50000010 }
12-17 19:34:56.470  5224  5283 I Step_LSC: 20002302| ## MSG_DEAL_SYSTEM_EVENT android.intent.action.SCREEN_ON
12-17 19:34:56.470  5224  5283 I Step_StandStepCounter: 20002302|flush sensor data
12-17 19:34:56.471  3466  3466 I Contacts: CallLogFragment onCallsFetched mLoadingView : android.widget.LinearLayout{de52b87 G.E...... ......I. 0,0-0,0 #7f1000ab app:id/loadingcontacts}, mCallLogList.visible
12-17 19:34:56.471  1795  3238 I qti_sensors_hal: flush,395,handle 49
12-17 19:34:56.471  1795  3238 I qti_sensors_hal: flush:sensor(android.sensor.step_counter) handle:49
12-17 19:34:56.471  5224  5283 I Step_LSC: 20002302|REPORT : 4236 90683 3024 0
12-17 19:34:56.471  3626  3770 I LSC_903001010: process buffer and get message
12-17 19:34:56.472  5224  5283 I SendBroadcastPermission: action:android.com.huawei.bone.NOTIFY_SPORT_DATA, mPermissionType:0
12-17 19:34:56.478  1795 20747 I ActivityManager_broadcast: dispatch ordered broadcast [background] BroadcastRecord{168094c u0 huawei.intent.action.IMS_SERVICE_STATE_CHANGED}, has 1 receivers
12-17 19:34:56.481  3218  3218 D HwCust  : Create obj success use class com.android.settings.deviceinfo.HwCustStatusImpl
12-17 19:34:56.483  5224  5283 I SendBroadcastPermission: action:android.com.huawei.bone.NOTIFY_SPORT_DATA, mPermissionType:0
12-17 19:34:56.483  3626  3753 I LogCollectService: msg = 103 received
12-17 19:34:56.488  1795  2396 I HwActivityManagerService: Split enqueueing broadcast [callerApp]:ProcessRecord{580cfb2 5224:com.huawei.health:DaemonService/u0a99}
12-17 19:34:56.489  5224  5283 I Step_HSNH: 20002302|upDateHealthNotification()|91|3.02|4236
12-17 19:34:56.490  5224  5283 I Step_HSNH: 20002302|rebuild notification
12-17 19:34:56.491  1795 20747 I ActivityManager_broadcast: dispatch ordered broadcast [background] BroadcastRecord{8e94d95 u-1 android.net.wifi.SCAN_RESULTS}, has 1 receivers
12-17 19:34:56.491  2852  2852 I EventCenter: EventCenter Get :android.com.huawei.bone.NOTIFY_SPORT_DATA
12-17 19:34:56.493  1795  3111 I NotificationManager: enqueueNotificationInternal: pkg=com.huawei.health id=10010 notification=Notification(pri=0 contentView=null vibrate=null sound=null defaults=0x0 flags=0x2 color=0x00000000 vis=PRIVATE)
12-17 19:34:56.494  1795  1795 I NotificationManager: enqueueNotificationInternal: n.getKey = 0|com.huawei.health|10010|null|10099
12-17 19:34:56.496  1795  1795 V NotificationService: disableEffects=null canInterrupt=false once update: false
12-17 19:34:56.498  2852  2852 I StatusBar: onNotificationPosted: StatusBarNotification(pkg=com.huawei.health user=UserHandle{0} id=10010 tag=null key=0|com.huawei.health|10010|null|10099: Notification(pri=0 contentView=null vibrate=null sound=null defaults=0x0 flags=0x62 color=0x00000000 vis=PRIVATE)) important=2, post=1481974496493, when=1481531589202, vis=0, userid=0
12-17 19:34:56.499  2852  2852 D StatusBar: updateNotification(StatusBarNotification(pkg=com.huawei.health user=UserHandle{0} id=10010 tag=null key=0|com.huawei.health|10010|null|10099: Notification(pri=0 contentView=null vibrate=null sound=null defaults=0x0 flags=0x62 color=0x00000000 vis=PRIVATE)))
12-17 19:34:56.499  2852  2852 D HwCust  : Create obj success use class android.app.HwCustNotificationImpl
12-17 19:34:56.500  2852  2852 I StatusBarIconView: updateTint: tint=0
12-17 19:34:56.500  2852  2852 D StatusBar: No peeking: unimportant notification: 0|com.huawei.health|10010|null|10099
12-17 19:34:56.500  2852  2852 D StatusBar: applyInPlace=true shouldPeek=false alertAgain=true
12-17 19:34:56.500  2852  2852 I NotificationGroupManager: onEntryUpdated:0|com.huawei.health|10010|null|10099
12-17 19:34:56.500  2852  2852 I NotificationGroupManager: onEntryAdded:0|com.huawei.health|10010|null|10099, group=0|com.huawei.health|10010|null|10099
12-17 19:34:56.500  2852  2852 D StatusBar: reusing notification for key: 0|com.huawei.health|10010|null|10099
12-17 19:34:56.501  2852  2852 D HwCust  : Create obj success use class android.app.HwCustNotificationImpl
12-17 19:34:56.501  2852  2852 D HwCust  : Create obj success use class android.app.HwCustNotificationImpl
12-17 19:34:56.501  2852  2852 I StatusBarIconView: updateTint: tint=0
12-17 19:34:56.505  7741  7741 D Mms_TX_NOTIFY: Get no-perm notification callback android.intent.action.SCREEN_ON
12-17 19:34:56.505  7741  7741 D Mms_TX_NOTIFY: ScreenState present
12-17 19:34:56.509  2852  2852 I HwPhoneStatusBar: updateNotificationShade
12-17 19:34:56.509  2852  2852 I PhoneStatusBar: updateNotificationShade
12-17 19:34:56.509  2852  2852 I PhoneStatusBar: removeNotificationChildren
12-17 19:34:56.509  2852  2852 I HwNotificationIconAreaController: showNotificationAll
12-17 19:34:56.511  2852  2852 I NotificationContentView: transferRemoteInputFocus: 0
12-17 19:34:56.511  2852  2852 I NotificationContentView: transferRemoteInputFocus: 0
