12-17 19:32:23.822  5215  5215 E wpa_supplicant: bssid=80:38:bc:0a:ef:c0;freq=2412;level=-93;flags=11;ssid=wlanaccessv2.0;
12-17 19:32:23.822  5215  5215 E wpa_supplicant: bssid=80:38:bc:0b:2b:e0;freq=2432;level=-54;flags=11;ssid=wlanaccessv2.0;
12-17 19:32:23.823  5215  5215 E wpa_supplicant: bssid=80:38:bc:0a:f1:40;freq=2412;level=-71;flags=11;ssid=wlanaccessv2.0;
12-17 19:32:23.823  5215  5215 E wpa_supplicant: bssid=80:38:bc:0b:14:40;freq=2472;level=-75;flags=11;ssid=wlanaccessv2.0;
12-17 19:32:23.823  5215  5215 E wpa_supplicant: bssid=80:38:bc:0b:29:60;freq=2412;level=-84;flags=11;ssid=wlanaccessv2.0;
12-17 19:32:23.823  5215  5215 D wpa_supplicant: CTRL-DEBUG: global_ctrl_sock-sendto: sock=16 sndbuf=229376 outq=0 send_len=3644
12-17 19:32:23.823  5215  5215 D wpa_supplicant: wlan0: Control interface command 'BSS RANGE=475- MASK=0x3029d87'
12-17 19:32:23.824  5215  5215 E wpa_supplicant: bssid=80:38:bc:0a:fa:e1;freq=2412;level=-79;flags=11;ssid=Huawei-Employee;
12-17 19:32:23.824  5215  5215 E wpa_supplicant: bssid=80:38:bc:0b:34:a0;freq=2472;level=-81;flags=11;ssid=wlanaccessv2.0;
12-17 19:32:23.824  5215  5215 E wpa_supplicant: bssid=80:38:bc:0b:36:e0;freq=2452;level=-82;flags=11;ssid=wlanaccessv2.0;
12-17 19:32:23.824  5215  5215 E wpa_supplicant: bssid=80:38:bc:06:d2:ab;freq=2412;level=-85;flags=11;ssid=;
12-17 19:32:23.824  5215  5215 E wpa_supplicant: bssid=80:38:bc:0a:f2:00;freq=2452;level=-77;flags=11;ssid=wlanaccessv2.0;
12-17 19:32:23.824  5215  5215 E wpa_supplicant: bssid=80:38:bc:0b:31:e1;freq=2412;level=-87;flags=11;ssid=Huawei-Employee;
12-17 19:32:23.824  5215  5215 E wpa_supplicant: bssid=80:38:bc:0a:f9:81;freq=2412;level=-88;flags=11;ssid=Huawei-Employee;
12-17 19:32:23.825  5215  5215 D wpa_supplicant: CTRL-DEBUG: global_ctrl_sock-sendto: sock=16 sndbuf=229376 outq=0 send_len=3614
12-17 19:32:23.825  5215  5215 D wpa_supplicant: wlan0: Control interface command 'BSS RANGE=489- MASK=0x3029d87'
12-17 19:32:23.825  5215  5215 E wpa_supplicant: bssid=80:38:bc:0b:04:40;freq=2472;level=-86;flags=11;ssid=wlanaccessv2.0;
12-17 19:32:23.825  5215  5215 E wpa_supplicant: bssid=80:38:bc:0a:ef:61;freq=2472;level=-86;flags=11;ssid=Huawei-Employee;
12-17 19:32:23.825  5215  5215 E wpa_supplicant: bssid=80:38:bc:0a:f0:20;freq=2472;level=-90;flags=11;ssid=wlanaccessv2.0;
12-17 19:32:23.826  5215  5215 E wpa_supplicant: bssid=80:38:bc:0b:14:80;freq=2452;level=-91;flags=11;ssid=wlanaccessv2.0;
12-17 19:32:23.826  5215  5215 E wpa_supplicant: bssid=80:38:bc:0a:fe:e0;freq=2412;level=-94;flags=11;ssid=wlanaccessv2.0;
12-17 19:32:23.827  7741  7741 D Mms_TX_NOTIFY: Get no-perm notification callback android.intent.action.SCREEN_ON
12-17 19:32:23.827  5215  5215 E wpa_supplicant: bssid=80:38:bc:0a:f0:c1;freq=2452;level=-95;flags=11;ssid=Huawei-Employee;
12-17 19:32:23.827  5215  5215 D wpa_supplicant: CTRL-DEBUG: global_ctrl_sock-sendto: sock=16 sndbuf=229376 outq=0 send_len=3144
12-17 19:32:23.827  1795  3121 I HwActivityManagerService: Split enqueueing broadcast [callerApp]:ProcessRecord{580cfb2 5224:com.huawei.health:DaemonService/u0a99}
12-17 19:32:23.827  5215  5215 D wpa_supplicant: wlan0: Control interface command 'BSS RANGE=482- MASK=0x3029d87'
12-17 19:32:23.828  5215  5215 E wpa_supplicant: bssid=18:c5:8a:1a:4d:21;freq=2472;level=-91;flags=11;ssid=Huawei-Employee;
12-17 19:32:23.828  5224  5283 I Step_HSNH: 20002302|upDateHealthNotification()|90|2.98|4186
12-17 19:32:23.828  5215  5215 E wpa_supplicant: bssid=8c:a6:df:4a:8c:e2;freq=2462;level=-93;flags=11;ssid=IOT-HUAWEI;
12-17 19:32:23.828  5215  5215 E wpa_supplicant: bssid=80:38:bc:0a:ef:c0;freq=2412;level=-93;flags=11;ssid=wlanaccessv2.0;
12-17 19:32:23.828  7741  7741 D Mms_TX_NOTIFY: ScreenState present
12-17 19:32:23.828  5215  5215 E wpa_supplicant: bssid=80:38:bc:0b:2b:e0;freq=2432;level=-54;flags=11;ssid=wlanaccessv2.0;
12-17 19:32:23.828  5215  5215 E wpa_supplicant: bssid=80:38:bc:0a:f1:40;freq=2412;level=-71;flags=11;ssid=wlanaccessv2.0;
12-17 19:32:23.828  5224  5283 I Step_HSNH: 20002302|rebuild notification
12-17 19:32:23.829  5215  5215 E wpa_supplicant: bssid=80:38:bc:0b:14:40;freq=2472;level=-75;flags=11;ssid=wlanaccessv2.0;
12-17 19:32:23.829  5215  5215 E wpa_supplicant: bssid=80:38:bc:0b:29:60;freq=2412;level=-84;flags=11;ssid=wlanaccessv2.0;
12-17 19:32:23.829  5215  5215 D wpa_supplicant: CTRL-DEBUG: global_ctrl_sock-sendto: sock=16 sndbuf=229376 outq=0 send_len=3644
12-17 19:32:23.829  5215  5215 D wpa_supplicant: wlan0: Control interface command 'BSS RANGE=495- MASK=0x3029d87'
12-17 19:32:23.830  5215  5215 D wpa_supplicant: CTRL-DEBUG: global_ctrl_sock-sendto: sock=16 sndbuf=229376 outq=0 send_len=0
12-17 19:32:23.830  2852  2852 I EventCenter: EventCenter Get :android.com.huawei.bone.NOTIFY_SPORT_DATA
12-17 19:32:23.831  5215  5215 D wpa_supplicant: wlan0: Control interface command 'BSS RANGE=489- MASK=0x3029d87'
12-17 19:32:23.831  5215  5215 E wpa_supplicant: bssid=80:38:bc:0b:04:40;freq=2472;level=-86;flags=11;ssid=wlanaccessv2.0;
12-17 19:32:23.831  5215  5215 E wpa_supplicant: bssid=80:38:bc:0a:ef:61;freq=2472;level=-86;flags=11;ssid=Huawei-Employee;
12-17 19:32:23.831  5215  5215 E wpa_supplicant: bssid=80:38:bc:0a:f0:20;freq=2472;level=-90;flags=11;ssid=wlanaccessv2.0;
12-17 19:32:23.831  5215  5215 E wpa_supplicant: bssid=80:38:bc:0b:14:80;freq=2452;level=-91;flags=11;ssid=wlanaccessv2.0;
12-17 19:32:23.832  5215  5215 E wpa_supplicant: bssid=80:38:bc:0a:fe:e0;freq=2412;level=-94;flags=11;ssid=wlanaccessv2.0;
12-17 19:32:23.832  5215  5215 E wpa_supplicant: bssid=80:38:bc:0a:f0:c1;freq=2452;level=-95;flags=11;ssid=Huawei-Employee;
12-17 19:32:23.832  5215  5215 D wpa_supplicant: CTRL-DEBUG: global_ctrl_sock-sendto: sock=16 sndbuf=229376 outq=0 send_len=3144
12-17 19:32:23.832  1795  3253 I NotificationManager: enqueueNotificationInternal: pkg=com.huawei.health id=10010 notification=Notification(pri=0 contentView=null vibrate=null sound=null defaults=0x0 flags=0x2 color=0x00000000 vis=PRIVATE)
12-17 19:32:23.833  1795  1795 I NotificationManager: enqueueNotificationInternal: n.getKey = 0|com.huawei.health|10010|null|10099
12-17 19:32:23.833  5215  5215 D wpa_supplicant: wlan0: Control interface command 'BSS RANGE=495- MASK=0x3029d87'
12-17 19:32:23.833  5215  5215 D wpa_supplicant: CTRL-DEBUG: global_ctrl_sock-sendto: sock=16 sndbuf=229376 outq=0 send_len=0
12-17 19:32:23.834  2883  2996 I HwSystemManager: ExtraTrafficSetting:result is empty
12-17 19:32:23.834  1795  2750 D HW_DISPLAY_EFFECT: presently, hw_update_color_temp_for_rg_led interface not achieved.
12-17 19:32:23.838  3466  3466 I Contacts: DialpadFragment mBroadcastReceiver action:android.intent.action.SCREEN_ON
12-17 19:32:23.840  3608  3608 D InCall  : InCallActivity - mScreenOnReceiver mCallEndOptionsDialog = null
12-17 19:32:23.849  1795  1795 V NotificationService: disableEffects=null canInterrupt=false once update: false
12-17 19:32:23.856  2852  2852 I StatusBar: onNotificationPosted: StatusBarNotification(pkg=com.huawei.health user=UserHandle{0} id=10010 tag=null key=0|com.huawei.health|10010|null|10099: Notification(pri=0 contentView=null vibrate=null sound=null defaults=0x0 flags=0x62 color=0x00000000 vis=PRIVATE)) important=2, post=1481974343832, when=1481531589202, vis=0, userid=0
12-17 19:32:23.856  2852  2852 D StatusBar: updateNotification(StatusBarNotification(pkg=com.huawei.health user=UserHandle{0} id=10010 tag=null key=0|com.huawei.health|10010|null|10099: Notification(pri=0 contentView=null vibrate=null sound=null defaults=0x0 flags=0x62 color=0x00000000 vis=PRIVATE)))
12-17 19:32:23.856  2852  2852 D HwCust  : Create obj success use class android.app.HwCustNotificationImpl
12-17 19:32:23.857  2852  2852 I StatusBarIconView: updateTint: tint=0
12-17 19:32:23.857  2883  2996 I HwSystemManager: ITrafficInfo:ITrafficInfo create 301updateBytes = 1769320345
12-17 19:32:23.858  2852  2852 D StatusBar: No peeking: unimportant notification: 0|com.huawei.health|10010|null|10099
12-17 19:32:23.858  2852  2852 D StatusBar: applyInPlace=true shouldPeek=false alertAgain=true
12-17 19:32:23.858  2852  2852 I NotificationGroupManager: onEntryUpdated:0|com.huawei.health|10010|null|10099
12-17 19:32:23.858  2852  2852 I NotificationGroupManager: onEntryAdded:0|com.huawei.health|10010|null|10099, group=0|com.huawei.health|10010|null|10099
12-17 19:32:23.858  2852  2852 D StatusBar: reusing notification for key: 0|com.huawei.health|10010|null|10099
12-17 19:32:23.858  2852  2852 D HwCust  : Create obj success use class android.app.HwCustNotificationImpl
12-17 19:32:23.859  2852  2852 D HwCust  : Create obj success use class android.app.HwCustNotificationImpl
12-17 19:32:23.859  2852  2852 I StatusBarIconView: updateTint: tint=0
12-17 19:32:23.861  3626  3753 I LogCollectService: msg = 103 received
12-17 19:32:23.867  1795  2671 I SendBroadcastPermission: action:android.net.wifi.SCAN_RESULTS, mPermissionType:0
12-17 19:32:23.868  1795 16232 D StubTelephonyRegistry: uid:10028 pid:16628 PhoneStateListener.LISTEN_CELL_LOCATION:16 events:16
12-17 19:32:23.868  1795 16232 D StubTelephonyRegistry: LISTEN_CELL_LOCATION uid:10028
12-17 19:32:23.868  1795  2332 I qti_sensors_hal: [ACC]processReportInd: X: 8.426480 Y: 4.490698 Z: 2.685197  x_offset:0.160831 y_offset:0.184366 z_offset:0.985027
12-17 19:32:23.868 16628 16628 I TotemWeather: RetryTaskController:mTaskList is null
12-17 19:32:23.869  1795  2671 I ActivityManager_broadcast: collectReceiverComponents, callerApp: ProcessRecord{34bf34f 0:system/1000}, intent:android.net.wifi.SCAN_RESULTS, receiver size:1, flags: 10000400
12-17 19:32:23.869  1795  2671 I HwActivityManagerService: Split enqueueing broadcast [callerApp]:ProcessRecord{34bf34f 0:system/1000}
12-17 19:32:23.869  1795  2671 I HwActivityManagerService: Split enqueueing broadcast [callerApp]:ProcessRecord{34bf34f 0:system/1000}
12-17 19:32:23.869  1795  2671 I ActivityManager_broadcast: Enqueueing ordered broadcast[background] BroadcastRecord{da16545 u-1 android.net.wifi.SCAN_RESULTS}: prev had 0
12-17 19:32:23.871  2852  2852 I HwPhoneStatusBar: updateNotificationShade
12-17 19:32:23.871  2852  2852 I PhoneStatusBar: updateNotificationShade
12-17 19:32:23.871  2852  2852 I PhoneStatusBar: removeNotificationChildren
12-17 19:32:23.871  2852  2852 I HwNotificationIconAreaController: showNotificationAll
12-17 19:32:23.875  1795  2671 W WifiStateMachine: attemptAutoConnect: false
12-17 19:32:23.876  1795  1808 I ActivityManager_broadcast: dispatch ordered broadcast [background] BroadcastRecord{da16545 u-1 android.net.wifi.SCAN_RESULTS}, has 1 receivers
12-17 19:32:23.877  2852  2852 I NotificationContentView: transferRemoteInputFocus: 0
12-17 19:32:23.878  2852  2852 I NotificationContentView: transferRemoteInputFocus: 0
12-17 19:32:23.879  2852  2852 I StackScrollAlgorithm: updateClipping isOverlap:false
12-17 19:32:23.879  2852  2852 I StackScrollAlgorithm: updateDimmedActivatedHideSensitive overlap:false
12-17 19:32:23.882  1795  2736 E hwintelligencewifi:  DefaultState message.what = 7
12-17 19:32:23.885  3858  4126 I amsnl   : wsr
12-17 19:32:23.888  3218  6115 W PhoneInterfaceManager: shouldBlockLocation running ...
12-17 19:32:23.888  3218  6115 I PhoneInterfaceManager: shouldBlockLocation  ret:false
12-17 19:32:23.890 31949 31967 I PushService: main{1} PushService.onStartCommand(PushService.java:87) Push Service Start by  userEvent
12-17 19:32:23.891  3858  4126 I amsnl   : t:false, fl: false, p: 2147483647000, ce: true, we: true
12-17 19:32:23.891 31949 31967 I eSpaceService: WatchThread{4786} TcpCirChannel.shutdown(TcpCirChannel.java:257) Login_By_Step-> shut down now connect
12-17 19:32:23.893 31949 31967 I ECS     : WatchThread{4786} TcpClient.clearAll(TcpClient.java:240) ==================== TCP CLIENT CLEAR ALL ====================
12-17 19:32:23.896 31949 31967 I ECS     : WatchThread{4786} TcpClient.disconnect_i(TcpClient.java:202) ==================== TCP CLIENT DISCONNECT ====================
12-17 19:32:23.897 31949 31967 I TCP     : WatchThread{4786} TcpClientThread.disconnectSocket(TcpClientThread.java:369) disconnecting to uc.huawei.com:7801
