12-17 19:55:46.819  3218  3236 I PhoneInterfaceManager: shouldBlockLocation  ret:false
12-17 19:55:46.824  3858  4126 D TelephonyManager: getNeighboringCellInfo calling app is com.amap.android.ams
12-17 19:55:46.825  3218 13114 W PhoneInterfaceManager: shouldBlockLocation running ...
12-17 19:55:46.826  3218 13114 I PhoneInterfaceManager: shouldBlockLocation  ret:false
12-17 19:55:46.827  1795 20747 D PowerManagerService: ready=false,policy=3,wakefulness=1,wksummary=0x1,uasummary=0x1,bootcompleted=true,boostinprogress=false,waitmodeenable=true,mode=true,manual=33,auto=-1,adj=0.0userId=0
12-17 19:55:46.833   606  2379 E libteec : QSEECom_send_cmd return!
12-17 19:55:46.833   606  2379 E libteec : qsc_send_cmd finish
12-17 19:55:46.833   606  2379 E libteec : send data return = 128
12-17 19:55:46.833   835  2385 E libteec : receive data len = 128
12-17 19:55:46.833   835  2385 E libteec : begin
12-17 19:55:46.833   835  2385 E libteec : qsc_decode end
12-17 19:55:46.833   835  2385 I fpc_fingerprint_hal: timeForContinueCapture id:915732
12-17 19:55:46.833   835  2385 D fingerprintd: onAcquired(0)
12-17 19:55:46.833   835  2385 E libteec : begin
12-17 19:55:46.833   606  2379 E libteec : receive data len = 1216
12-17 19:55:46.833  1795  2778 W FingerprintService: onAcquired 1
12-17 19:55:46.833  1795  2778 D FpDataCollector: fingerprint capture completed
12-17 19:55:46.834  1795  2326 W FingerprintService: onAcquired 2
12-17 19:55:46.835  2852  2852 V KeyguardUpdateMonitor: KGSvcFp onAuthenticationAcquired.0
12-17 19:55:46.835  1795  3237 D PowerManagerService: ready=false,policy=3,wakefulness=1,wksummary=0x1,uasummary=0x1,bootcompleted=true,boostinprogress=false,waitmodeenable=true,mode=true,manual=33,auto=-1,adj=0.0userId=0
12-17 19:55:46.836  3218 13036 W PhoneInterfaceManager: shouldBlockLocation running ...
12-17 19:55:46.836  3218 13036 I PhoneInterfaceManager: shouldBlockLocation  ret:false
12-17 19:55:46.837  1795  3249 D PowerManagerService: ready=false,policy=3,wakefulness=1,wksummary=0x1,uasummary=0x1,bootcompleted=true,boostinprogress=false,waitmodeenable=true,mode=true,manual=33,auto=-1,adj=0.0userId=0
12-17 19:55:46.841  3218  3218 E HW-JPEG-DEC: [HME_JPEG_DEC_Delete](3298): HME_JPEG_DEC_Delete: decoder_ctx=null
12-17 19:55:46.842  1795  2396 D PowerManagerService: ready=false,policy=3,wakefulness=1,wksummary=0x1,uasummary=0x1,bootcompleted=true,boostinprogress=false,waitmodeenable=true,mode=true,manual=33,auto=-1,adj=0.0userId=0
12-17 19:55:46.847  1795 15982 D PowerManagerService: ready=false,policy=3,wakefulness=1,wksummary=0x1,uasummary=0x1,bootcompleted=true,boostinprogress=false,waitmodeenable=true,mode=true,manual=33,auto=-1,adj=0.0userId=0
12-17 19:55:46.851  1795  6985 D PowerManagerService: ready=false,policy=3,wakefulness=1,wksummary=0x1,uasummary=0x1,bootcompleted=true,boostinprogress=false,waitmodeenable=true,mode=true,manual=33,auto=-1,adj=0.0userId=0
12-17 19:55:46.853  3218  3439 W PhoneInterfaceManager: shouldBlockLocation running ...
12-17 19:55:46.853  3218  3439 I PhoneInterfaceManager: shouldBlockLocation  ret:false
12-17 19:55:46.854  3858  4126 I amsnl   : csr
12-17 19:55:46.855  3858  4126 I amsnl   : t:false, fl: false, p: 2147483647000, ce: true, we: true
12-17 19:55:46.886  1795  2371 E LightSensor: read Events lux:108.0
12-17 19:55:46.886  1795  1825 D AutomaticBrightnessController: ambient lux=108.0,timeStamp =444283249852000
12-17 19:55:46.886  1795  1825 D HwNormalizedAutomaticBrightnessController: mAmbientLuxValid=true,mWakeupFromSleep= false
12-17 19:55:46.887  1795  1825 D HwAmbientLuxFilterAlgo: updateAmbientLux: Initializing: mAmbientLightRingBuffer=[108.0 / 0ms], mAmbientLux=108.0
12-17 19:55:46.887  1795  1825 D HwAmbientLuxFilterAlgo: earliestValidTime + POWER_ON_BRIGHTENING_LIGHT_DEBOUNCE
12-17 19:55:46.887  1795  1825 D HwAmbientLuxFilterAlgo: earliestValidTime + POWER_ON_DARKENING_LIGHT_DEBOUNCE
12-17 19:55:46.887  1795  1825 D HwAmbientLuxFilterAlgo: t=123201333,BT=123201833,DT=123202333,BT1=123205333,DT1=123209333,Bn=false,Dn=false,lx=[108.0/123201333],mLx=108.0,s=5.0,ss=0.0,AuIntervened=false,mProximityState=false,bLux=651.0,dLux=21.279999,bLux1=651.0,dLux1=21.279999
12-17 19:55:46.887  1795  1825 D HwNormalizedAutomaticBrightnessController: need to update brightness: mAmbientLux=108.0
12-17 19:55:46.887  1795  1825 D HwNormalizedSpline: interpolate:mPosBrightness=0.0lux=108.0,mIsReboot=true,mIsUserChange=false,mDelta=0.0
12-17 19:55:46.887  1795  1825 D HwNormalizedSpline: offsetBrightness=47.773335,mOffsetBrightness_last47.773335,lux=108.0,mPosBrightness=0.0,mIsUserChange=false,mDelta=0.0,defaultBrightness=47.773335,mStartLuxDefaultBrightness=47.773335mLastLuxDefaultBrightness=47.773335
12-17 19:55:46.887  1795  1825 D HwNormalizedSpline: write:userId=0,mPosBrightness =0.0,mOffsetBrightness_last=47.773335,mIsUserChange=false,mDeltaNew=0.0,mStartLuxDefaultBrightness=47.773335mLastLuxDefaultBrightness=47.773335,mAmLux=108.0
12-17 19:55:46.887  1795  1825 D AutomaticBrightnessController: updateAutoBrightness: mScreenAutoBrightness=46, newScreenAutoBrightness=48
12-17 19:55:46.888  1795  1825 I PowerManager_screenOn: DisplayPowerController updatePowerState mPendingRequestLocked=policy=BRIGHT, useProximitySensor=false, useProximitySensorbyPhone=true, screenBrightness=33, screenAutoBrightnessAdjustment=0.0, brightnessSetByUser=true, useAutoBrightness=true, blockScreenOn=false, lowPowerMode=false, boostScreenBrightness=false, dozeScreenBrightness=-1, dozeScreenState=UNKNOWN, useTwilight=false, useSmartBacklight=true, brightnessWaitMode=true, brightnessWaitRet=false, screenAutoBrightness=-1, userId=0
12-17 19:55:46.888  1795  1825 D DisplayPowerController: Animating brightness: target=0, rate=0
12-17 19:55:46.888  2852  2925 I EventCenter: ContentChange for slot: 1
12-17 19:55:46.888  2852  2925 I EventCenter: ContentChange for slot: 1
12-17 19:55:46.889  2852  2925 I EventCenter: ContentChange for slot: 1
12-17 19:55:46.890  2852  2925 I EventCenter: ContentChange for slot: 1
12-17 19:55:46.915  3782 20886 V AudioManager: isMusicActive...
12-17 19:55:46.916  3782 20886 V AudioManager: isWiredHeadsetOn...
12-17 19:55:46.929   606  2379 E libteec : QSEECom_send_cmd return!
12-17 19:55:46.929   606  2379 E libteec : qsc_send_cmd finish
12-17 19:55:46.929   606  2379 E libteec : send data return = 1216
12-17 19:55:46.929   835  2385 E libteec : receive data len = 1216
12-17 19:55:46.929   835  2385 E libteec : begin
12-17 19:55:46.929   835  2385 E libteec : qsc_decode end
12-17 19:55:46.929   835  2385 D fpc_tac : Identify took 95 ms (result: 2 score: 24 i: 0 coverage:83 quality:74)
12-17 19:55:46.929   835  2385 D fpc_fingerprint_hal: do_identify: result:2 score:24 index:0 updated_template_size:0 coverage:83 quality:74
12-17 19:55:46.929   835  2385 E libteec : begin
12-17 19:55:46.929   606  2379 E libteec : receive data len = 128
12-17 19:55:46.932   606  2379 E libteec : QSEECom_send_cmd return!
12-17 19:55:46.932   606  2379 E libteec : qsc_send_cmd finish
12-17 19:55:46.932   606  2379 E libteec : send data return = 128
12-17 19:55:46.932   835  2385 E libteec : receive data len = 128
12-17 19:55:46.932   835  2385 E libteec : begin
12-17 19:55:46.932   835  2385 E libteec : qsc_decode end
12-17 19:55:46.933   835  2385 I fpc_fingerprint_hal: template id:3943808667
12-17 19:55:46.933   835  2385 E libteec : begin
12-17 19:55:46.933   606  2379 E libteec : receive data len = 256
12-17 19:55:46.933  1795  2750 D SurfaceControl: Excessive delay in setPowerMode(): 215ms
12-17 19:55:46.935  1795  1825 I PowerManager_screenOn: DisplayPowerController updatePowerState mPendingRequestLocked=policy=BRIGHT, useProximitySensor=false, useProximitySensorbyPhone=true, screenBrightness=33, screenAutoBrightnessAdjustment=0.0, brightnessSetByUser=true, useAutoBrightness=true, blockScreenOn=false, lowPowerMode=false, boostScreenBrightness=false, dozeScreenBrightness=-1, dozeScreenState=UNKNOWN, useTwilight=false, useSmartBacklight=true, brightnessWaitMode=true, brightnessWaitRet=false, screenAutoBrightness=-1, userId=0
12-17 19:55:46.935  1795  1825 D DisplayPowerController: Animating brightness: target=0, rate=0
12-17 19:55:46.935  1795  1825 V KeyguardServiceDelegate: onScreenTurnedOn()
12-17 19:55:46.935  1795  1825 I WindowManger_keyguard: onScreenTurnedOn()
12-17 19:55:46.935  1795  1825 D DisplayPowerController: Display ready!
12-17 19:55:46.935  1795  1825 D DisplayPowerController: Finished business...
12-17 19:55:46.935  2852  2822 D KeyguardService: Caller checkPermission fail
12-17 19:55:46.935  2852  2822 D KeyguardService: KGSvcCall onScreenTurnedOn.
12-17 19:55:46.935  2852  2822 D KeyguardViewMediator: notifyScreenTurnedOn
12-17 19:55:46.935  1795  1825 D PowerManagerService: ready=true,policy=3,wakefulness=1,wksummary=0x1,uasummary=0x1,bootcompleted=true,boostinprogress=false,waitmodeenable=true,mode=true,manual=33,auto=-1,adj=0.0userId=0
12-17 19:55:46.936   606  2379 E libteec : QSEECom_send_cmd return!
12-17 19:55:46.936   606  2379 E libteec : qsc_send_cmd finish
12-17 19:55:46.936  2852  2852 D KeyguardViewMediator: handleNotifyScreenTurnedOn
12-17 19:55:46.936   606  2379 E libteec : send data return = 256
12-17 19:55:46.936  2852  2852 I PhoneStatusBar: onScreenTurnedOn
12-17 19:55:46.936   835  2385 E libteec : receive data len = 256
12-17 19:55:46.936   835  2385 E libteec : begin
12-17 19:55:46.936   835  2385 E libteec : qsc_decode end
12-17 19:55:46.936   835  2385 D fingerprintd: onAuthenticated(fid=-351158629, gid=0)
12-17 19:55:46.936  2852  2852 D KGWallpaper_Magazine: getNextIndex: 0; from 7 to 7; size: 44
12-17 19:55:46.936  2852  2852 I HwLockScreenReporter: report msg is :{picture: Deepwater-05-2.3.001-bigpicture_05_10.jpg}
12-17 19:55:46.936  2852  2852 W HwLockScreenReporter: report result = falsereport type:162 msg:{picture: Deepwater-05-2.3.001-bigpicture_05_10.jpg, channelId: 05}
12-17 19:55:46.937  1795  3884 W FingerprintService: onAuthenticated 1
12-17 19:55:46.937   835  2385 E libteec : begin
12-17 19:55:46.937  1795  3884 D FpDataCollector: fingerprint authenticated result:true
12-17 19:55:46.937   606  2379 E libteec : receive data len = 128
12-17 19:55:46.939  1795  3884 D FpDataCollector: case 001, wait for unlock screen on report
12-17 19:55:46.939  1795  2326 W FingerprintService: onAuthenticated 2
12-17 19:55:46.939  1795  2326 V FingerprintService: onAuthenticated(owner=com.android.systemui, id=-351158629, gp=0)
