12-17 19:33:14.299  1795  2377 I IO.IOStatsService: saveIOStatsAndLatestUids,the time interval is too shorter than the last screen off
12-17 19:33:14.301   606  2379 E libteec : QSEECom_send_cmd return!
12-17 19:33:14.301   606  2379 E libteec : qsc_send_cmd finish
12-17 19:33:14.301   606  2379 E libteec : send data return = 192
12-17 19:33:14.301  2883  2883 D HwKeyguardManagerImpl: isLockScreenDisabled HwKeyguardManagerImpl result = false
12-17 19:33:14.301   835  2385 E libteec : receive data len = 192
12-17 19:33:14.301   835  2385 E libteec : begin
12-17 19:33:14.301   835  2385 E libteec : qsc_decode end
12-17 19:33:14.301   835  2385 I fpc_tac : fpc_tac_send_set_arbitrary_data_cmd:ok, response:0
12-17 19:33:14.301   835  2385 D fingerprintd: onAcquired(2001)
12-17 19:33:14.301   835  2385 E libteec : begin
12-17 19:33:14.301  1795  6985 W FingerprintService: onAcquired 1
12-17 19:33:14.301   606  2379 E libteec : receive data len = 128
12-17 19:33:14.301  1795  2326 W FingerprintService: onAcquired 2
12-17 19:33:14.302  1795  6985 D PowerManagerService: acquire lock=184063844, flags=0x1, tag="NetworkStats", name=android, ws=null, uid=1000, pid=1795
12-17 19:33:14.302  1795  6985 D PowerManagerService: ready=true,policy=0,wakefulness=0,wksummary=0x11,uasummary=0x0,bootcompleted=true,boostinprogress=false,waitmodeenable=false,mode=true,manual=33,auto=-1,adj=0.0userId=0
12-17 19:33:14.302  1795  6985 D PowerManagerService: Acquiring suspend blocker "PowerManagerService.WakeLocks".
12-17 19:33:14.302  2852  2852 V KeyguardUpdateMonitor: KGSvcFp onAuthenticationAcquired.2001
12-17 19:33:14.305  1795  6985 D NetdConnector: SND -> {11629 bandwidth gettetherstats}
12-17 19:33:14.306  1795  2665 D NetdConnector: RCV <- {200 11629 Tethering stats list completed}
12-17 19:33:14.307  1795  2665 D NetdConnector: RCV <- {200 11629 Tethering stats list completed}
12-17 19:33:14.308  2883  2883 I HwSystemManager: AntiMalManager:receive Broadcast ACTION_SCREEN_OFF mOnTimeSum:260909299 onTime:554822 isPowerConnected:false
12-17 19:33:14.309  2883  2883 I HwSystemManager: AutoCleanReceiveServer:receive action:android.intent.action.SCREEN_OFF
12-17 19:33:14.310  1795  6985 W NetworkStatsFactory: mStatsXtProcUid: /proc/net/comm/stats does not exist!
12-17 19:33:14.310  1795  6985 D HwNetworkStatsService: mActiveIface: null
12-17 19:33:14.310  2883  2883 I HwSystemManager: AutoCleanReceiveServer:telemamanger state isIdle:true
12-17 19:33:14.310  2883  2883 I HwSystemManager: AutoCleanReceiveServer:checkToStartCleanService,phone is use state,phone is use,need not start clean service
12-17 19:33:14.311  1795  6985 I SendBroadcastPermission: action:com.android.server.action.NETWORK_STATS_UPDATED, mPermissionType:0
12-17 19:33:14.313  1795  6985 I HwActivityManagerService: Split enqueueing broadcast [callerApp]:ProcessRecord{34bf34f 0:system/1000}
12-17 19:33:14.313  1795  6985 D PowerManagerService: release:lock=184063844, flg=0x0, tag="NetworkStats", name=android", ws=null, uid=1000, pid=1795
12-17 19:33:14.314  1795  6985 D PowerManagerService: ready=true,policy=0,wakefulness=0,wksummary=0x10,uasummary=0x0,bootcompleted=true,boostinprogress=false,waitmodeenable=false,mode=true,manual=33,auto=-1,adj=0.0userId=0
12-17 19:33:14.314  1795  6985 D PowerManagerService: Releasing suspend blocker "PowerManagerService.WakeLocks".
12-17 19:33:14.318  1795  3077 D GnssLocationProvider: receive broadcast intent, action: android.intent.action.SCREEN_OFF
12-17 19:33:14.319  1795  3077 I GnssLocationProvider: updateLowPowerMode,isPowerSaveMode:falseisInteractive:false
12-17 19:33:14.319  1795  3077 I GnssLocationProvider: disableGps:false  isEnabled()=true
12-17 19:33:14.319  2852  3361 I vol.VolumeDialogControl: C onScreenOff 
12-17 19:33:14.320  2852  2852 I vol.VolumeDialog: VolumeDialogController.Callbacks onScreenOff
12-17 19:33:14.322   606  2379 E libteec : QSEECom_send_cmd return!
12-17 19:33:14.322   606  2379 E libteec : qsc_send_cmd finish
12-17 19:33:14.322   606  2379 E libteec : send data return = 128
12-17 19:33:14.322  3168  3168 I CHR_TelStatusListenr0: [Timer rat:0 level:5] suspend
12-17 19:33:14.322  3168  3168 I CHR_TelStatusListenr0: [Timer serviceState:0 simReady:true] suspend
12-17 19:33:14.322  3168  3168 I CHR_TelStatusListenr1: [Timer serviceState:1 simReady:false] suspend
12-17 19:33:14.322   835  2385 E libteec : receive data len = 128
12-17 19:33:14.322   835  2385 E libteec : begin
12-17 19:33:14.322   835  2385 E libteec : qsc_decode end
12-17 19:33:14.323  3168  3168 I CHR_TelphonyStatusService: duration: 593322 STATUS_REPORT_TIMESPAN: 86400000 / (1000 * 60 * 60 * 24) day STATUS_REPORT_TIMESPAN_FOR_BETA: 21600000 / (1000 * 60 * 60 * 24) day
12-17 19:33:14.323  3168  3168 I CHR_ChrUtil: is Beta User, userType = 3
12-17 19:33:14.326  2852  3556 I NetworkController.MobileSignalController(0): onDataActivity: direction=0
12-17 19:33:14.326  2852  3556 D NetworkController.MobileSignalController(0): mSimSubId:0 onDataActivity: direction=0
12-17 19:33:14.327  2852  3556 I NetworkController.MobileSignalController(0): onDataActivity: direction=0
12-17 19:33:14.327  2852  3556 D NetworkController.MobileSignalController(0): mSimSubId:0 onDataActivity: direction=0
12-17 19:33:14.328  2852  2852 I PowerUI : onReceive intent:act:android.intent.action.SCREEN_OFF  flag:1342177296 
12-17 19:33:14.328  2883  3040 I HwSystemManager: TrafficNotifyAfterLocked:mLockStartTraffic = 0;mLockStartTrafficList = {}
12-17 19:33:14.330  2883  2996 E HwSystemManager: SimCardMethod:/getSimCardInfo: imsi is null
12-17 19:33:14.337  3180  3332 I WakelockMonitor: start wakelock monitor.
12-17 19:33:14.337  3180  3578 I ScreenLockClean: call busy and not start clean apps.
12-17 19:33:14.337  3180  3578 I ash     : ash->screen off
12-17 19:33:14.338  2883  2996 I HwSystemManager: NormalTrafficAnalysis:alert byte = 0 last alert byte = 0
12-17 19:33:14.338  2883  2996 E HwSystemManager: NormalTrafficAnalysis:alert byte = 0, so return
12-17 19:33:14.338  3180  3578 I ash     : Default InputMethod : com.baidu.input_huawei
12-17 19:33:14.338  3180  3578 I ash     : screen off inputmethod, delay to hibernation
12-17 19:33:14.338  3180  3578 I ThermalStateManager: handle action thermal policy:301
12-17 19:33:14.340  1795  3957 E IzatSvc_OSObserver: I/LocTech-Label :: OSOBSERVER :: Data Items In
12-17 19:33:14.340  1795  3957 E IzatSvc_OSObserver: I/LocTech-Value :: Data Item Value: IS_SCREEN_ON: false
12-17 19:33:14.345  3218 13125 E HW-JPEG-DEC: [HME_JPEG_DEC_Delete](3298): HME_JPEG_DEC_Delete: decoder_ctx=null
12-17 19:33:14.351  1795  2671 D WifiHW  : wifi_send_command: cmd:'IFNAME=wlan0 SIGNAL_POLL'
12-17 19:33:14.351  5215  5215 D wpa_supplicant: wlan0: Control interface command 'SIGNAL_POLL'
12-17 19:33:14.352  3879  3879 I HwLauncher: Launcher receiver screen off broadcast sendmessage true
12-17 19:33:14.359  1795  6988 I AlarmManager: set(PendingIntent{3c1b206: PendingIntentRecord{601e5f3 com.huawei.indexsearch.observer broadcastIntent}}) : type=2 triggerAtTime=443530722 win=60000 tElapsed=443530722 maxElapsed=443590722 interval=0 flags=0x8
12-17 19:33:14.360  2883  2996 I HwSystemManager: TafficState:default sub id = 0slotIndex = 0 subscriptionId = 0
12-17 19:33:14.364  5215  5215 E wpa_supplicant: RSSI=-59;LINKSPEED=72;NOISE=9999;FREQUENCY=2452;
12-17 19:33:14.365  5215  5215 D wpa_supplicant: CTRL-DEBUG: global_ctrl_sock-sendto: sock=16 sndbuf=229376 outq=0 send_len=48
12-17 19:33:14.365  1795  2671 V HwWifiServiceFactory: get AllImpl object = com.android.server.wifi.HwWifiServiceFactoryImpl@c332618
12-17 19:33:14.365  1795  2671 E WifiConfigManager: updateConfiguration freq=2452 BSSID=80:38:bc:08:42:c1 RSSI=-57 "Huawei-Employee"WPA_EAP
12-17 19:33:14.365  1795  2671 D WifiHW  : wifi_send_command: cmd:'IFNAME=wlan0 PKTCNT_POLL'
12-17 19:33:14.365  5215  5215 D wpa_supplicant: wlan0: Control interface command 'PKTCNT_POLL'
12-17 19:33:14.365  2883  2996 E HwSystemManager: LeisureTrafficSetting:result is empty
12-17 19:33:14.368  3180  4303 I AwareLog: MemoryRecoveryDMEPlugin: reportScene typeId = 2002
12-17 19:33:14.368  3180  4303 I AwareLog: MemoryRecoveryDMEPlugin: receive sceen off event
12-17 19:33:14.371  2883  2996 I HwSystemManager: NatTrafficNotifyService:delta byte = 0 no traffic delta = 0Traffic state is 301
12-17 19:33:14.372  3626  3626 E PTM.FileNodeInfo: getTempInfo error: null, 0
12-17 19:33:14.372  3626  3626 E PTM.FileNodeInfo: getTempInfo error: null, 0
12-17 19:33:14.372  3626  3626 E PTM.FileNodeInfo: getTempInfo error: null, 0
12-17 19:33:14.372  3626  3626 E PTM.FileNodeInfo: getTempInfo error: null, 0
12-17 19:33:14.372  3626  3626 E PTM.FileNodeInfo: getTempInfo error: null, 0
12-17 19:33:14.372  3626  3626 E PTM.FileNodeInfo: getTempInfo error: null, 0
12-17 19:33:14.372  3626  3626 E PTM.FileNodeInfo: getTempInfo error: null, 0
12-17 19:33:14.372  3626  3626 E PTM.FileNodeInfo: getTempInfo error: null, 0
12-17 19:33:14.372  3626  3626 E PTM.FileNodeInfo: getTempInfo error: null, 0
12-17 19:33:14.372  3626  3626 E PTM.FileNodeInfo: getTempInfo error: null, 0
12-17 19:33:14.372  3626  3626 E PTM.FileNodeInfo: getTempInfo error: null, 0
12-17 19:33:14.372  3626  3626 E PTM.FileNodeInfo: getTempInfo error: null, 0
12-17 19:33:14.372  3626  3626 E PTM.FileNodeInfo: getTempInfo error: null, 0
12-17 19:33:14.372  3626  3626 E PTM.FileNodeInfo: getTempInfo error: null, 0
12-17 19:33:14.372  3626  3626 E PTM.FileNodeInfo: getTempInfo error: null, 0
12-17 19:33:14.372  3626  3626 E PTM.FileNodeInfo: getTempInfo error: null, 0
12-17 19:33:14.372  3626  3626 E PTM.FileNodeInfo: getTempInfo error: null, 0
12-17 19:33:14.372  3626  3626 E PTM.FileNodeInfo: getTempInfo error: null, 0
12-17 19:33:14.372  3626  3626 E PTM.FileNodeInfo: getTempInfo error: null, 0
