12-17 19:32:23.784  5215  5215 D wpa_supplicant: IEs - hexdump(len=193): 00 0e 77 6c 61 6e 61 63 63 65 73 73 76 32 2e 30 01 08 82 84 0b 16 0c 12 18 24 03 01 09 05 04 00 ...
12-17 19:32:23.784  5215  5215 D wpa_supplicant: Beacon IEs - hexdump(len=193): 00 0e 77 6c 61 6e 61 63 63 65 73 73 76 32 2e 30 01 08 82 84 0b 16 0c 12 18 24 03 01 09 05 04 00 ...
12-17 19:32:23.784  5215  5215 D wpa_supplicant: 18:c5:8a:1a:4d:21 freq=2472 qual=0 noise=-89~ level=-91 snr=-2 flags=0xb age=20 est=6500
12-17 19:32:23.784  5215  5215 D wpa_supplicant: IEs - hexdump(len=194): 00 0f 48 75 61 77 65 69 2d 45 6d 70 6c 6f 79 65 65 01 08 82 84 0b 16 0c 12 18 24 03 01 0d 05 04 ...
12-17 19:32:23.784  5215  5215 D wpa_supplicant: Beacon IEs - hexdump(len=194): 00 0f 48 75 61 77 65 69 2d 45 6d 70 6c 6f 79 65 65 01 08 82 84 0b 16 0c 12 18 24 03 01 0d 05 04 ...
12-17 19:32:23.784  5215  5215 D wpa_supplicant: 80:38:bc:0a:f0:21 freq=2472 qual=0 noise=-89~ level=-91 snr=-2 flags=0xb age=20 est=6500
12-17 19:32:23.784  5215  5215 D wpa_supplicant: IEs - hexdump(len=194): 00 0f 48 75 61 77 65 69 2d 45 6d 70 6c 6f 79 65 65 01 08 82 84 0b 16 0c 12 18 24 03 01 0d 05 04 ...
12-17 19:32:23.784  5215  5215 D wpa_supplicant: Beacon IEs - hexdump(len=194): 00 0f 48 75 61 77 65 69 2d 45 6d 70 6c 6f 79 65 65 01 08 82 84 0b 16 0c 12 18 24 03 01 0d 05 04 ...
12-17 19:32:23.784  5215  5215 D wpa_supplicant: 80:38:bc:0b:37:20 freq=2412 qual=0 noise=-89~ level=-92 snr=-3 flags=0xb age=20 est=6500
12-17 19:32:23.784  5215  5215 D wpa_supplicant: IEs - hexdump(len=193): 00 0e 77 6c 61 6e 61 63 63 65 73 73 76 32 2e 30 01 08 82 84 0b 16 0c 12 18 24 03 01 01 05 04 00 ...
12-17 19:32:23.784  5215  5215 D wpa_supplicant: Beacon IEs - hexdump(len=193): 00 0e 77 6c 61 6e 61 63 63 65 73 73 76 32 2e 30 01 08 82 84 0b 16 0c 12 18 24 03 01 01 05 04 00 ...
12-17 19:32:23.784  5215  5215 D wpa_supplicant: 80:38:bc:0a:ef:c0 freq=2412 qual=0 noise=-89~ level=-93 snr=-4 flags=0xb age=20 est=6500
12-17 19:32:23.784  5215  5215 D wpa_supplicant: IEs - hexdump(len=193): 00 0e 77 6c 61 6e 61 63 63 65 73 73 76 32 2e 30 01 08 82 84 0b 16 0c 12 18 24 03 01 01 05 04 00 ...
12-17 19:32:23.784  5215  5215 D wpa_supplicant: Beacon IEs - hexdump(len=193): 00 0e 77 6c 61 6e 61 63 63 65 73 73 76 32 2e 30 01 08 82 84 0b 16 0c 12 18 24 03 01 01 05 04 00 ...
12-17 19:32:23.784  5215  5215 D wpa_supplicant: 8c:a6:df:4a:8c:e2 freq=2462 qual=0 noise=-89~ level=-93 snr=-4 flags=0xb age=20 est=6500
12-17 19:32:23.784  5215  5215 D wpa_supplicant: IEs - hexdump(len=178): 00 0a 49 4f 54 2d 48 55 41 57 45 49 01 08 82 84 8b 96 0c 12 18 24 03 01 0b 2a 01 00 32 04 30 48 ...
12-17 19:32:23.784  5215  5215 D wpa_supplicant: 80:38:bc:0a:fe:e0 freq=2412 qual=0 noise=-89~ level=-94 snr=-5 flags=0xb age=20 est=6500
12-17 19:32:23.784  5215  5215 D wpa_supplicant: IEs - hexdump(len=193): 00 0e 77 6c 61 6e 61 63 63 65 73 73 76 32 2e 30 01 08 82 84 0b 16 0c 12 18 24 03 01 01 05 04 00 ...
12-17 19:32:23.784  5215  5215 D wpa_supplicant: Beacon IEs - hexdump(len=193): 00 0e 77 6c 61 6e 61 63 63 65 73 73 76 32 2e 30 01 08 82 84 0b 16 0c 12 18 24 03 01 01 05 04 00 ...
12-17 19:32:23.784  5215  5215 D wpa_supplicant: 80:38:bc:0a:f9:61 freq=2472 qual=0 noise=-89~ level=-94 snr=-5 flags=0xb age=20 est=6500
12-17 19:32:23.784  5215  5215 D wpa_supplicant: IEs - hexdump(len=194): 00 0f 48 75 61 77 65 69 2d 45 6d 70 6c 6f 79 65 65 01 08 82 84 0b 16 0c 12 18 24 03 01 0d 05 04 ...
12-17 19:32:23.784  5215  5215 D wpa_supplicant: Beacon IEs - hexdump(len=194): 00 0f 48 75 61 77 65 69 2d 45 6d 70 6c 6f 79 65 65 01 08 82 84 0b 16 0c 12 18 24 03 01 0d 05 04 ...
12-17 19:32:23.784  5215  5215 D wpa_supplicant: 80:38:bc:0a:f4:60 freq=2472 qual=0 noise=-89~ level=-95 snr=-6 flags=0xb age=20 est=6500
12-17 19:32:23.784  5215  5215 D wpa_supplicant: IEs - hexdump(len=193): 00 0e 77 6c 61 6e 61 63 63 65 73 73 76 32 2e 30 01 08 82 84 0b 16 0c 12 18 24 03 01 0d 05 04 00 ...
12-17 19:32:23.784  5215  5215 D wpa_supplicant: Beacon IEs - hexdump(len=193): 00 0e 77 6c 61 6e 61 63 63 65 73 73 76 32 2e 30 01 08 82 84 0b 16 0c 12 18 24 03 01 0d 05 04 00 ...
12-17 19:32:23.784  5215  5215 D wpa_supplicant: 80:38:bc:0a:f0:c1 freq=2452 qual=0 noise=-89~ level=-95 snr=-6 flags=0xb age=20 est=6500
12-17 19:32:23.784  5215  5215 D wpa_supplicant: IEs - hexdump(len=194): 00 0f 48 75 61 77 65 69 2d 45 6d 70 6c 6f 79 65 65 01 08 82 84 0b 16 0c 12 18 24 03 01 09 05 04 ...
12-17 19:32:23.785  5215  5215 D wpa_supplicant: Beacon IEs - hexdump(len=194): 00 0f 48 75 61 77 65 69 2d 45 6d 70 6c 6f 79 65 65 01 08 82 84 0b 16 0c 12 18 24 03 01 09 05 04 ...
12-17 19:32:23.785  3180  3578 I ash     : ash->screen on
12-17 19:32:23.785  5215  5215 D wpa_supplicant: wlan0: BSS: Start scan result update 108
12-17 19:32:23.785  3218  3439 E HW-JPEG-DEC: [HME_JPEG_DEC_Delete](3298): HME_JPEG_DEC_Delete: decoder_ctx=null
12-17 19:32:23.785  5215  5215 D wpa_supplicant: wlan0: BSS: Add new id 485 BSSID 80:38:bc:0b:2b:e0 SSID 'wlanaccessv2.0' freq 2432
12-17 19:32:23.785  5215  5215 D wpa_supplicant: CTRL-DEBUG: ctrl_sock-sendmsg: sock=16 sndbuf=229376 outq=0 send_len=42
12-17 19:32:23.785  5215  5215 D wpa_supplicant: CTRL_IFACE monitor sent successfully to /data/misc/wifi/sockets/wpa_ctrl_1795-194\x00
12-17 19:32:23.785  5215  5215 D wpa_supplicant: wlan0: BSS: Add new id 486 BSSID 80:38:bc:0a:f1:40 SSID 'wlanaccessv2.0' freq 2412
12-17 19:32:23.785  5215  5215 D wpa_supplicant: CTRL-DEBUG: ctrl_sock-sendmsg: sock=16 sndbuf=229376 outq=0 send_len=42
12-17 19:32:23.785  5215  5215 D wpa_supplicant: CTRL_IFACE monitor sent successfully to /data/misc/wifi/sockets/wpa_ctrl_1795-194\x00
12-17 19:32:23.785  1795  5219 D WifiMonitor: Dispatching event to interface: wlan0
12-17 19:32:23.785  5215  5215 D wpa_supplicant: wlan0: BSS: Add new id 487 BSSID 80:38:bc:0b:14:40 SSID 'wlanaccessv2.0' freq 2472
12-17 19:32:23.785  5215  5215 D wpa_supplicant: CTRL-DEBUG: ctrl_sock-sendmsg: sock=16 sndbuf=229376 outq=768 send_len=42
12-17 19:32:23.785  1795  5219 D WifiMonitor: Dispatching event to interface: wlan0
12-17 19:32:23.785  5215  5215 D wpa_supplicant: CTRL_IFACE monitor sent successfully to /data/misc/wifi/sockets/wpa_ctrl_1795-194\x00
12-17 19:32:23.785  1795  5219 D WifiMonitor: Dispatching event to interface: wlan0
12-17 19:32:23.785  5215  5215 D wpa_supplicant: wlan0: BSS: Add new id 488 BSSID 80:38:bc:0b:29:60 SSID 'wlanaccessv2.0' freq 2412
12-17 19:32:23.785  5215  5215 D wpa_supplicant: CTRL-DEBUG: ctrl_sock-sendmsg: sock=16 sndbuf=229376 outq=0 send_len=42
12-17 19:32:23.785  5215  5215 D wpa_supplicant: CTRL_IFACE monitor sent successfully to /data/misc/wifi/sockets/wpa_ctrl_1795-194\x00
12-17 19:32:23.785  1795  5219 D WifiMonitor: Dispatching event to interface: wlan0
12-17 19:32:23.785  5215  5215 D wpa_supplicant: wlan0: BSS: Add new id 489 BSSID 80:38:bc:0b:04:40 SSID 'wlanaccessv2.0' freq 2472
12-17 19:32:23.785  5215  5215 D wpa_supplicant: CTRL-DEBUG: ctrl_sock-sendmsg: sock=16 sndbuf=229376 outq=0 send_len=42
12-17 19:32:23.785  5215  5215 D wpa_supplicant: CTRL_IFACE monitor sent successfully to /data/misc/wifi/sockets/wpa_ctrl_1795-194\x00
12-17 19:32:23.785  1795  5219 D WifiMonitor: Dispatching event to interface: wlan0
12-17 19:32:23.785  5215  5215 D wpa_supplicant: wlan0: BSS: Add new id 490 BSSID 80:38:bc:0a:ef:61 SSID 'Huawei-Employee' freq 2472
12-17 19:32:23.785  5215  5215 D wpa_supplicant: CTRL-DEBUG: ctrl_sock-sendmsg: sock=16 sndbuf=229376 outq=0 send_len=42
12-17 19:32:23.785  5215  5215 D wpa_supplicant: CTRL_IFACE monitor sent successfully to /data/misc/wifi/sockets/wpa_ctrl_1795-194\x00
12-17 19:32:23.785  1795  5219 D WifiMonitor: Dispatching event to interface: wlan0
12-17 19:32:23.785  5215  5215 D wpa_supplicant: wlan0: BSS: Add new id 491 BSSID 80:38:bc:0a:f0:20 SSID 'wlanaccessv2.0' freq 2472
12-17 19:32:23.785  5215  5215 D wpa_supplicant: CTRL-DEBUG: ctrl_sock-sendmsg: sock=16 sndbuf=229376 outq=0 send_len=42
12-17 19:32:23.785  5215  5215 D wpa_supplicant: CTRL_IFACE monitor sent successfully to /data/misc/wifi/sockets/wpa_ctrl_1795-194\x00
12-17 19:32:23.785  1795  5219 D WifiMonitor: Dispatching event to interface: wlan0
12-17 19:32:23.785  5215  5215 D wpa_supplicant: wlan0: BSS: Add new id 492 BSSID 80:38:bc:0b:14:80 SSID 'wlanaccessv2.0' freq 2452
12-17 19:32:23.785  5215  5215 D wpa_supplicant: CTRL-DEBUG: ctrl_sock-sendmsg: sock=16 sndbuf=229376 outq=0 send_len=42
12-17 19:32:23.785  5215  5215 D wpa_supplicant: CTRL_IFACE monitor sent successfully to /data/misc/wifi/sockets/wpa_ctrl_1795-194\x00
12-17 19:32:23.785  1795  5219 D WifiMonitor: Dispatching event to interface: wlan0
12-17 19:32:23.785  5215  5215 D wpa_supplicant: wlan0: BSS: Add new id 493 BSSID 80:38:bc:0a:fe:e0 SSID 'wlanaccessv2.0' freq 2412
12-17 19:32:23.785  5215  5215 D wpa_supplicant: CTRL-DEBUG: ctrl_sock-sendmsg: sock=16 sndbuf=229376 outq=0 send_len=42
12-17 19:32:23.786  5215  5215 D wpa_supplicant: CTRL_IFACE monitor sent successfully to /data/misc/wifi/sockets/wpa_ctrl_1795-194\x00
12-17 19:32:23.786  1795  5219 D WifiMonitor: Dispatching event to interface: wlan0
12-17 19:32:23.786  5215  5215 D wpa_supplicant: wlan0: BSS: Add new id 494 BSSID 80:38:bc:0a:f0:c1 SSID 'Huawei-Employee' freq 2452
12-17 19:32:23.786  5215  5215 D wpa_supplicant: CTRL-DEBUG: ctrl_sock-sendmsg: sock=16 sndbuf=229376 outq=0 send_len=42
12-17 19:32:23.786  5215  5215 D wpa_supplicant: CTRL_IFACE monitor sent successfully to /data/misc/wifi/sockets/wpa_ctrl_1795-194\x00
12-17 19:32:23.786  1795  5219 D WifiMonitor: Dispatching event to interface: wlan0
12-17 19:32:23.786  5215  5215 D wpa_supplicant: wlan0: BSS: Remove id 462 BSSID 80:38:bc:0a:f2:01 SSID 'Huawei-Employee' due to no match in scan
12-17 19:32:23.786  5215  5215 D wpa_supplicant: CTRL-DEBUG: ctrl_sock-sendmsg: sock=16 sndbuf=229376 outq=0 send_len=44
12-17 19:32:23.786  5215  5215 D wpa_supplicant: CTRL_IFACE monitor sent successfully to /data/misc/wifi/sockets/wpa_ctrl_1795-194\x00
12-17 19:32:23.786  1795  5219 D WifiMonitor: Dispatching event to interface: wlan0
12-17 19:32:23.786  5215  5215 D wpa_supplicant: wlan0: BSS: Remove id 446 BSSID 80:38:bc:0b:29:e1 SSID 'Huawei-Employee' due to no match in scan
12-17 19:32:23.786  5215  5215 D wpa_supplicant: CTRL-DEBUG: ctrl_sock-sendmsg: sock=16 sndbuf=229376 outq=0 send_len=44
12-17 19:32:23.786  5215  5215 D wpa_supplicant: CTRL_IFACE monitor sent successfully to /data/misc/wifi/sockets/wpa_ctrl_1795-194\x00
12-17 19:32:23.786  1795  5219 D WifiMonitor: Dispatching event to interface: wlan0
12-17 19:32:23.786  5215  5215 D wpa_supplicant: wlan0: BSS: Remove id 445 BSSID 80:38:bc:0a:ef:c1 SSID 'Huawei-Employee' due to no match in scan
12-17 19:32:23.786  5215  5215 D wpa_supplicant: CTRL-DEBUG: ctrl_sock-sendmsg: sock=16 sndbuf=229376 outq=0 send_len=44
12-17 19:32:23.786  5215  5215 D wpa_supplicant: CTRL_IFACE monitor sent successfully to /data/misc/wifi/sockets/wpa_ctrl_1795-194\x00
12-17 19:32:23.786  5215  5215 D wpa_supplicant: wlan0: BSS: Remove id 463 BSSID 80:38:bc:0a:f4:c0 SSID 'wlanaccessv2.0' due to no match in scan
12-17 19:32:23.786  5215  5215 D wpa_supplicant: CTRL-DEBUG: ctrl_sock-sendmsg: sock=16 sndbuf=229376 outq=768 send_len=44
12-17 19:32:23.786  5215  5215 D wpa_supplicant: CTRL_IFACE monitor sent successfully to /data/misc/wifi/sockets/wpa_ctrl_1795-194\x00
12-17 19:32:23.786  1795  5219 D WifiMonitor: Dispatching event to interface: wlan0
12-17 19:32:23.786  5215  5215 D wpa_supplicant: BSS: last_scan_res_used=42/64
12-17 19:32:23.786  5215  5215 D wpa_supplicant: Add randomness: count=841 entropy=444
12-17 19:32:23.786  5215  5215 D wpa_supplicant: random pool - hexdump(len=128): [REMOVED]
12-17 19:32:23.786  1795  5219 D WifiMonitor: Dispatching event to interface: wlan0
12-17 19:32:23.786  5215  5215 D wpa_supplicant: random_mix_pool - hexdump(len=16): [REMOVED]
12-17 19:32:23.786  5215  5215 D wpa_supplicant: random_mix_pool - hexdump(len=5): [REMOVED]
12-17 19:32:23.786  5215  5215 D wpa_supplicant: random pool - hexdump(len=128): [REMOVED]
12-17 19:32:23.786  5215  5215 D wpa_supplicant: Add randomness: count=842 entropy=445
12-17 19:32:23.786  5215  5215 D wpa_supplicant: random pool - hexdump(len=128): [REMOVED]
12-17 19:32:23.786  5215  5215 D wpa_supplicant: random_mix_pool - hexdump(len=16): [REMOVED]
12-17 19:32:23.786  5215  5215 D wpa_supplicant: random_mix_pool - hexdump(len=5): [REMOVED]
12-17 19:32:23.786  5215  5215 D wpa_supplicant: random pool - hexdump(len=128): [REMOVED]
12-17 19:32:23.786  5215  5215 D wpa_supplicant: Add randomness: count=843 entropy=446
12-17 19:32:23.786  5215  5215 D wpa_supplicant: random pool - hexdump(len=128): [REMOVED]
