12-17 19:33:02.200  2852  2852 D HwCust  : Create obj success use class com.android.systemui.statusbar.HwCustExpandableNotificationRowImpl
12-17 19:33:02.207  3218  3236 E HW-JPEG-DEC: [HME_JPEG_DEC_Delete](3298): HME_JPEG_DEC_Delete: decoder_ctx=null
12-17 19:33:02.210  2852  2852 W HwPhoneLayoutInflater: onCreateView : ClassNotFoundException, In this case we want to let the base class take a crack at it
12-17 19:33:02.211  2852  2852 W HwPhoneLayoutInflater: onCreateView : ClassNotFoundException, In this case we want to let the base class take a crack at it
12-17 19:33:02.217  1795  2332 I qti_sensors_hal: [ACC]processReportInd: X: 6.782758 Y: 6.156165 Z: -1.029757  x_offset:0.160831 y_offset:0.184366 z_offset:0.985027
12-17 19:33:02.218  2852  2852 W HwPhoneLayoutInflater: onCreateView : ClassNotFoundException, In this case we want to let the base class take a crack at it
12-17 19:33:02.219  2852  2852 W HwPhoneLayoutInflater: onCreateView : ClassNotFoundException, In this case we want to let the base class take a crack at it
12-17 19:33:02.227  2852  2852 W HwPhoneLayoutInflater: onCreateView : ClassNotFoundException, In this case we want to let the base class take a crack at it
12-17 19:33:02.228  2852  2852 W HwPhoneLayoutInflater: onCreateView : ClassNotFoundException, In this case we want to let the base class take a crack at it
12-17 19:33:02.232  2852  2852 W HwPhoneLayoutInflater: onCreateView : ClassNotFoundException, In this case we want to let the base class take a crack at it
12-17 19:33:02.233  2852  2852 W HwPhoneLayoutInflater: onCreateView : ClassNotFoundException, In this case we want to let the base class take a crack at it
12-17 19:33:02.238  2852  2852 W HwPhoneLayoutInflater: onCreateView : ClassNotFoundException, In this case we want to let the base class take a crack at it
12-17 19:33:02.239  2852  2852 W HwPhoneLayoutInflater: onCreateView : ClassNotFoundException, In this case we want to let the base class take a crack at it
12-17 19:33:02.246  2852  2852 W HwPhoneLayoutInflater: onCreateView : ClassNotFoundException, In this case we want to let the base class take a crack at it
12-17 19:33:02.246  2852  2852 W HwPhoneLayoutInflater: onCreateView : ClassNotFoundException, In this case we want to let the base class take a crack at it
12-17 19:33:02.265  2852  2852 W HwPhoneLayoutInflater: onCreateView : ClassNotFoundException, In this case we want to let the base class take a crack at it
12-17 19:33:02.266  2852  2852 W HwPhoneLayoutInflater: onCreateView : ClassNotFoundException, In this case we want to let the base class take a crack at it
12-17 19:33:02.270  2852  2852 W HwPhoneLayoutInflater: onCreateView : ClassNotFoundException, In this case we want to let the base class take a crack at it
12-17 19:33:02.271  2852  2852 W HwPhoneLayoutInflater: onCreateView : ClassNotFoundException, In this case we want to let the base class take a crack at it
12-17 19:33:02.279  1795  2332 I qti_sensors_hal: [ACC]processReportInd: X: 6.545499 Y: 6.613654 Z: -0.837956  x_offset:0.160831 y_offset:0.184366 z_offset:0.985027
12-17 19:33:02.339  1795  2332 I qti_sensors_hal: [ACC]processReportInd: X: 6.803540 Y: 6.441611 Z: -0.380808  x_offset:0.160831 y_offset:0.184366 z_offset:0.985027
12-17 19:33:02.383  3608  3608 D InCall  : InCallPresenter - notifyInCallScreenIsForeground: false
12-17 19:33:02.383  3608  3608 I SendBroadcastPermission: action:InCallScreenIsForegroundActivity, mPermissionType:0
12-17 19:33:02.400  1795  2332 I qti_sensors_hal: [ACC]processReportInd: X: 9.660947 Y: 6.259192 Z: 1.150797  x_offset:0.160831 y_offset:0.184366 z_offset:0.985027
12-17 19:33:02.406  1795  2750 D SurfaceControl: Excessive delay in setPowerMode(): 244ms
12-17 19:33:02.406  1795  2750 D PowerManagerService: Setting HAL interactive mode to false
12-17 19:33:02.406  1795  2750 I QTI PowerHAL: Got set_interactive hint
12-17 19:33:02.406   625   718 E libnav  : AbaSuspend skips CABL deactivate: state was 3
12-17 19:33:02.407   533  3739 E ANDR-PERF-MPCTL: Invalid profile no. 0, total profiles 0 only
12-17 19:33:02.407  1795  2750 D libfingersense_wrapper: Calling fingersense_on_pause()
12-17 19:33:02.407  1795  2750 D libfingersense_wrapper: fingersense_on_pause() finished
12-17 19:33:02.407  1795  2750 D PowerManagerService: Setting HAL auto-suspend mode to true
12-17 19:33:02.407   836  2387 I knuckle_sensor: Sending SAM_DISABLE to fs_data
12-17 19:33:02.408  1795  1825 I PowerManager_screenOn: DisplayPowerController updatePowerState mPendingRequestLocked=policy=OFF, useProximitySensor=true, useProximitySensorbyPhone=true, screenBrightness=33, screenAutoBrightnessAdjustment=0.0, brightnessSetByUser=true, useAutoBrightness=true, blockScreenOn=false, lowPowerMode=false, boostScreenBrightness=false, dozeScreenBrightness=-1, dozeScreenState=UNKNOWN, useTwilight=false, useSmartBacklight=true, brightnessWaitMode=false, brightnessWaitRet=true, screenAutoBrightness=-1, userId=0
12-17 19:33:02.408  1795  1825 D DisplayPowerController: Animating brightness: target=0, rate=0
12-17 19:33:02.408  1795  1825 D DisplayPowerController: Display ready!
12-17 19:33:02.408  1795  1825 D DisplayPowerController: Finished business...
12-17 19:33:02.408  1795  1825 D PowerManagerService: ready=true,policy=0,wakefulness=0,wksummary=0x10,uasummary=0x0,bootcompleted=true,boostinprogress=false,waitmodeenable=false,mode=true,manual=33,auto=-1,adj=0.0userId=0
12-17 19:33:02.408  1795  1825 I PowerManager_screenOn: PowerManagerNotifier onWakefulnessChangeFinished mInteractiveChanging=true, mInteractive=false
12-17 19:33:02.408   836   928 I knuckle_sensor: Got DISABLE response, status = 0, id = 70
12-17 19:33:02.408  1795  1825 D PowerManagerService: Releasing suspend blocker "PowerManagerService.Display".
12-17 19:33:02.408  1795  1795 I WindowManger_keyguard: Finished going to sleep... (why=6)
12-17 19:33:02.408  1795  1795 I WindowOrientationListener: WindowOrientationListener disabled
12-17 19:33:02.408  1795  1795 I qti_sensors_hal: batch,376,handle 0, timeout:0 ,period_ns:200000000
12-17 19:33:02.408  1795  1795 I qti_sensors_hal: batch:sensor(android.sensor.accelerometer) handle:0 flags:0x0 period_ns 200000000
12-17 19:33:02.411  1795  3247 I HwActivityManagerService: Split enqueueing broadcast [callerApp]:ProcessRecord{ec55919 3608:com.android.incallui/1001}
12-17 19:33:02.412  1795  3957 E IzatSvc_OSObserver: I/LocTech-Label :: OSOBSERVER :: Data Items In
12-17 19:33:02.412  1795  3957 E IzatSvc_OSObserver: I/LocTech-Value :: Data Item Value: IS_SCREEN_ON: true
12-17 19:33:02.412  1795  3975 E LocSvc_libulp: I/int ulp_msg_process_system_update(const UlpSystemEvent): systemEvent:0 
12-17 19:33:02.416  2883  2996 I HwSystemManager: TafficState:default sub id = 0slotIndex = 0 subscriptionId = 0
12-17 19:33:02.418  1795  1795 I qti_sensors_hal: read from oem info: data_readback
12-17 19:33:02.419  1795  1795 I qti_sensors_hal: 0xcd, 0xb0, 0x24, 0x3e
12-17 19:33:02.419  1795  1795 I qti_sensors_hal: 0x66, 0xca, 0x3c, 0x3e
12-17 19:33:02.419  1795  1795 I qti_sensors_hal: 0xc0, 0x2a, 0x7c, 0x3f
12-17 19:33:02.419  1795  1795 I qti_sensors_hal: 0x55, 0x0, 0x0, 0x0
12-17 19:33:02.419  1795  1795 I qti_sensors_hal: 0x0, 0x0, 0x0, 0x0
12-17 19:33:02.419  1795  1795 E qti_sensors_hal: read from oem info: data_valid_flag=0x55
12-17 19:33:02.419  1795  1795 E qti_sensors_hal: read from oem info: x_offset=0.160831, y_offset=0.184366, z_offset=0.985027
12-17 19:33:02.419  1795  1795 E qti_sensors_hal: Final value: x_offset=0.160831, y_offset=0.184366, z_offset=0.985027
12-17 19:33:02.419  1795  1795 I qti_sensors_hal: batch:load_acc_oeminf_data x_offset:0.160831 y_offset:0.184366 z_offset:0.985027
12-17 19:33:02.419  1795  1795 I qti_sensors_hal: batch:sensor(android.sensor.accelerometer) sample_rate=5.000000Hz report_rate_f=0.000000Hz curr sample rate:14.999925 cur rpt rate:0 max:400.000000 min:1.000000
12-17 19:33:02.419  1795  3139 I AlarmManager: remove(PendingIntent{58f18c5: PendingIntentRecord{601e5f3 com.huawei.indexsearch.observer broadcastIntent}}) changed bounds; rebatching
12-17 19:33:02.420  1795  1795 I WindowManger_keyguard: onFinishedGoingToSleep(6)
12-17 19:33:02.420  2852  2822 D KeyguardService: Caller checkPermission fail
12-17 19:33:02.420  2852  2822 D KeyguardService: KGSvcCall onFinishedGoingToSleep.
12-17 19:33:02.420  2852  2822 D KeyguardViewMediator: onFinishedGoingToSleep(6)
12-17 19:33:02.420  2852  2822 D KeyguardViewMediator: notifyFinishedGoingToSleep
12-17 19:33:02.420  2852  2822 W AppHandler: sendMessage 15
12-17 19:33:02.421  2883  2996 E HwSystemManager: LeisureTrafficSetting:result is empty
12-17 19:33:02.425  2883  2996 I HwSystemManager: NatTrafficNotifyService:delta byte = 0 no traffic delta = 0Traffic state is 301
12-17 19:33:02.426  3180  4303 I AwareLog: MemoryRecoveryDMEPlugin: reportScene typeId = 2002
12-17 19:33:02.427  3180  4303 I AwareLog: MemoryRecoveryDMEPlugin: receive sceen on event
12-17 19:33:02.427  3180  4303 I AwareLog: MemoryRecoveryDMEPlugin: the message is still in the messagequeue, remove it
12-17 19:33:02.430  2852  2852 W HwPhoneLayoutInflater: onCreateView : ClassNotFoundException, In this case we want to let the base class take a crack at it
12-17 19:33:02.431  2883  2996 I HwSystemManager: ExtraTrafficSetting:result is empty
12-17 19:33:02.431  3626  3626 I HourObserver: enter into handleScrnOnOffTimeStats, scrnOn = true, mIsPreScrnOn = false, mScrnSwitchTime = 1481974381125, occurTime = 1481974382430, delta = 1305, mScrnOffAccTime = 1795287, mScrnOnAccTime = 121421
12-17 19:33:02.431  2852  2852 W HwPhoneLayoutInflater: onCreateView : ClassNotFoundException, In this case we want to let the base class take a crack at it
12-17 19:33:02.431  3626  3626 I HourObserver: left handleScrnOnOffTimeStats, mScrnOffAccTime = 1796592, mScrnOffAccTime = 1796592, mScrnOnAccTime = 121421
12-17 19:33:02.436  3626  3626 I iMonitor: create: 903001010
12-17 19:33:02.437  5224  5224 I Step_LSC: 20002302|logicalDealBroadcastEvent : Intent { act=android.intent.action.SCREEN_ON flg=0x50000010 }
12-17 19:33:02.437  5224  5283 I Step_LSC: 20002302| ## MSG_DEAL_SYSTEM_EVENT android.intent.action.SCREEN_ON
12-17 19:33:02.438  5224  5283 I Step_StandStepCounter: 20002302|flush sensor data
12-17 19:33:02.438  1795 11747 I qti_sensors_hal: flush,395,handle 49
12-17 19:33:02.438  1795 11747 I qti_sensors_hal: flush:sensor(android.sensor.step_counter) handle:49
12-17 19:33:02.439  5224  5283 I Step_LSC: 20002302|REPORT : 4195 89805 2995 0
12-17 19:33:02.439   818  1152 I logserver: handle_exception_events enter
12-17 19:33:02.439  5224  5283 I SendBroadcastPermission: action:android.com.huawei.bone.NOTIFY_SPORT_DATA, mPermissionType:0
12-17 19:33:02.439  3626  3626 I iMonitor: send: 903001010
12-17 19:33:02.440  3626  3770 I LSC_903001010: process buffer and get message
12-17 19:33:02.440  5224  5283 I SendBroadcastPermission: action:android.com.huawei.bone.NOTIFY_SPORT_DATA, mPermissionType:0
12-17 19:33:02.445  1795 16499 I HwActivityManagerService: Split enqueueing broadcast [callerApp]:ProcessRecord{580cfb2 5224:com.huawei.health:DaemonService/u0a99}
12-17 19:33:02.446  2852  2852 W HwPhoneLayoutInflater: onCreateView : ClassNotFoundException, In this case we want to let the base class take a crack at it
12-17 19:33:02.447  2852  2852 W HwPhoneLayoutInflater: onCreateView : ClassNotFoundException, In this case we want to let the base class take a crack at it
12-17 19:33:02.449  2883  2996 I HwSystemManager: ITrafficInfo:ITrafficInfo create 301updateBytes = 1769320345
12-17 19:33:02.451  5224  5283 I Step_HSNH: 20002302|upDateHealthNotification()|90|2.99|4195
12-17 19:33:02.451  7741  7741 D Mms_TX_NOTIFY: Get no-perm notification callback android.intent.action.SCREEN_ON
12-17 19:33:02.452  7741  7741 D Mms_TX_NOTIFY: ScreenState present
12-17 19:33:02.452  5224  5283 I Step_HSNH: 20002302|rebuild notification
12-17 19:33:02.455  1795 15987 I NotificationManager: enqueueNotificationInternal: pkg=com.huawei.health id=10010 notification=Notification(pri=0 contentView=null vibrate=null sound=null defaults=0x0 flags=0x2 color=0x00000000 vis=PRIVATE)
12-17 19:33:02.456  2852  2852 W HwPhoneLayoutInflater: onCreateView : ClassNotFoundException, In this case we want to let the base class take a crack at it
