12-17 19:35:05.446  5215  5215 D wpa_supplicant: wlan0: Control interface command 'PKTCNT_POLL'
12-17 19:35:05.465  5215  5215 D wpa_supplicant: CTRL-DEBUG: global_ctrl_sock-sendto: sock=16 sndbuf=229376 outq=0 send_len=34
12-17 19:35:05.467  1795  2728 E HwCHRWebMonitor: HwCHRWifiPacketCnt [mTXGood=10, mTXbad=0, mRXGood=9] rssi=-55
12-17 19:35:05.467  1795  2728 E HwCHRWebMonitor: Good NetWork Traffic , so mOnAppSuckTime, mUnModifyCount reset 0
12-17 19:35:05.468  1795  2728 D HwArpVerifier: doCheckAccessInternet
12-17 19:35:05.468  1795  2728 D HwArpVerifier: mAccessWebStatus : rx = 9, tx = 10
12-17 19:35:05.468  1795  2728 D HwArpVerifier: AccessWebStatus : reset all
12-17 19:35:05.630  3180 19270 I DownloadState: @@@@@@@@@@@@ uid :10028 download :false
12-17 19:35:05.631  3180 19270 I PGServer: report state:5 event type:2 pid:0 uid:10028 pkg:null to pid: 1795
12-17 19:35:06.623  1795  2748 D HwAmbientLuxFilterAlgo: t=123104239,BT=123105239,DT=123110275,BT1=123108239,DT1=123110735,Bn=false,Dn=false,lx=[13.0/123102735, 10.0/123103036, 10.0/123103337, 9.0/123103638, 6.0/123103938, 4.0/123104239],mLx=53.0,s=55.90697,ss=56.973225,AuIntervened=false,mProximityState=false,bLux=404.0,dLux=3.2006989,bLux1=404.0,dLux1=20.0
12-17 19:35:06.848  1795  1795 I TrafficMonitor: update:rxPkts:0,txPkts:0,rxBytes:0,txBytes:0
12-17 19:35:06.848  1795  1795 I TrafficMonitor: start expired. level:-1
12-17 19:35:06.848  1795  1795 I TrafficMonitor: gettimer:interval=2000
12-17 19:35:06.972   802   802 E Thermal-daemon: [Thermal_Hw] temperature_valid, battery : temperature is invalid, invalid temperatrue is 27
12-17 19:35:06.972   802   802 E Thermal-daemon: [Thermal_Hw] temperature_filter: get invalid temperature, use old temp
12-17 19:35:07.205  1795 16500 W ActivityManager: getRunningAppProcesses: caller 10102 does not hold REAL_GET_TASKS; limiting output
12-17 19:35:07.867  5224  5224 I Step_LSC: 20002302|onStandStepChanged 65621
12-17 19:35:07.869  5224  5224 I Step_LSC: 20002302|compensate received
12-17 19:35:07.873   533  3739 E ANDR-PERF-MPCTL: Invalid profile no. 0, total profiles 0 only
12-17 19:35:07.873  5224  5283 I Step_DataCache: 20002302|getTodayTotalSteps 4245
12-17 19:35:07.875  5224  5283 I Step_ExtendStepDataManager: 20002302|before compensate: cache step_4245
12-17 19:35:07.876  5224  5283 I Step_DataCache: 20002302|getTodayTotalSteps 4245
12-17 19:35:07.877  5224  5283 I Step_ExtendStepDataManager: 20002302|compensate 24699575 9
12-17 19:35:07.878  5224  5283 I Step_DataCache: 20002302|getTodayTotalSteps 4246
12-17 19:35:07.879  5224  5283 I Step_ExtendStepDataManager: 20002302|after compensate: cache step_4246
12-17 19:35:07.970  5224  5283 I Step_LSC: 20002302|REPORT : 4246 90725 3025 0
12-17 19:35:07.970  5224  5283 I SendBroadcastPermission: action:android.com.huawei.bone.NOTIFY_SPORT_DATA, mPermissionType:0
12-17 19:35:07.972  5224  5283 I SendBroadcastPermission: action:android.com.huawei.bone.NOTIFY_SPORT_DATA, mPermissionType:0
12-17 19:35:07.973  1795 11746 I HwActivityManagerService: Split enqueueing broadcast [callerApp]:ProcessRecord{580cfb2 5224:com.huawei.health:DaemonService/u0a99}
12-17 19:35:07.974  2852  2852 I EventCenter: EventCenter Get :android.com.huawei.bone.NOTIFY_SPORT_DATA
12-17 19:35:07.974  2852  2852 D StepCounterView: onStepCounterChange stepsNum:4246
12-17 19:35:07.974  5224  5283 I Step_HSNH: 20002302|upDateHealthNotification()|91|3.03|4246
12-17 19:35:07.975  5224  5283 I Step_HSNH: 20002302|rebuild notification
12-17 19:35:07.979  1795  3139 I NotificationManager: enqueueNotificationInternal: pkg=com.huawei.health id=10010 notification=Notification(pri=0 contentView=null vibrate=null sound=null defaults=0x0 flags=0x2 color=0x00000000 vis=PRIVATE)
12-17 19:35:07.980  1795  1795 I NotificationManager: enqueueNotificationInternal: n.getKey = 0|com.huawei.health|10010|null|10099
12-17 19:35:07.981  1795  1795 V NotificationService: disableEffects=null canInterrupt=false once update: false
12-17 19:35:07.984  2852  2852 I StatusBar: onNotificationPosted: StatusBarNotification(pkg=com.huawei.health user=UserHandle{0} id=10010 tag=null key=0|com.huawei.health|10010|null|10099: Notification(pri=0 contentView=null vibrate=null sound=null defaults=0x0 flags=0x62 color=0x00000000 vis=PRIVATE)) important=2, post=1481974507979, when=1481531589202, vis=0, userid=0
12-17 19:35:07.984  2852  2852 D StatusBar: updateNotification(StatusBarNotification(pkg=com.huawei.health user=UserHandle{0} id=10010 tag=null key=0|com.huawei.health|10010|null|10099: Notification(pri=0 contentView=null vibrate=null sound=null defaults=0x0 flags=0x62 color=0x00000000 vis=PRIVATE)))
12-17 19:35:07.985  2852  2852 D HwCust  : Create obj success use class android.app.HwCustNotificationImpl
12-17 19:35:07.985  2852  2852 I StatusBarIconView: updateTint: tint=0
12-17 19:35:07.987  2852  2852 D StatusBar: No peeking: unimportant notification: 0|com.huawei.health|10010|null|10099
12-17 19:35:07.987  2852  2852 D StatusBar: applyInPlace=true shouldPeek=false alertAgain=true
12-17 19:35:07.987  2852  2852 I NotificationGroupManager: onEntryUpdated:0|com.huawei.health|10010|null|10099
12-17 19:35:07.987  2852  2852 I NotificationGroupManager: onEntryAdded:0|com.huawei.health|10010|null|10099, group=0|com.huawei.health|10010|null|10099
12-17 19:35:07.987  2852  2852 D StatusBar: reusing notification for key: 0|com.huawei.health|10010|null|10099
12-17 19:35:07.987  2852  2852 D HwCust  : Create obj success use class android.app.HwCustNotificationImpl
12-17 19:35:07.988  2852  2852 D HwCust  : Create obj success use class android.app.HwCustNotificationImpl
12-17 19:35:07.988  2852  2852 I StatusBarIconView: updateTint: tint=0
12-17 19:35:07.997  2852  2852 I HwPhoneStatusBar: updateNotificationShade
12-17 19:35:07.997  2852  2852 I PhoneStatusBar: updateNotificationShade
12-17 19:35:07.998  2852  2852 I PhoneStatusBar: removeNotificationChildren
12-17 19:35:07.998  2852  2852 I HwNotificationIconAreaController: showNotificationAll
12-17 19:35:08.000  2852  2852 I NotificationContentView: transferRemoteInputFocus: 0
12-17 19:35:08.001  2852  2852 I NotificationContentView: transferRemoteInputFocus: 0
12-17 19:35:08.001  2852  2852 I StackScrollAlgorithm: updateClipping isOverlap:false
12-17 19:35:08.001  2852  2852 I StackScrollAlgorithm: updateDimmedActivatedHideSensitive overlap:false
12-17 19:35:08.201  1795  2671 D WifiHW  : wifi_send_command: cmd:'IFNAME=wlan0 SIGNAL_POLL'
12-17 19:35:08.201  5215  5215 D wpa_supplicant: wlan0: Control interface command 'SIGNAL_POLL'
12-17 19:35:08.219  5215  5215 E wpa_supplicant: RSSI=-40;LINKSPEED=72;NOISE=9999;FREQUENCY=2452;
12-17 19:35:08.219  5215  5215 D wpa_supplicant: CTRL-DEBUG: global_ctrl_sock-sendto: sock=16 sndbuf=229376 outq=0 send_len=48
12-17 19:35:08.220  1795  2671 V HwWifiServiceFactory: get AllImpl object = com.android.server.wifi.HwWifiServiceFactoryImpl@c332618
12-17 19:35:08.221  1795  2671 E WifiConfigManager: updateConfiguration freq=2452 BSSID=80:38:bc:08:42:c1 RSSI=-46 "Huawei-Employee"WPA_EAP
12-17 19:35:08.223  1795  2671 V HwWifiServiceFactory: get AllImpl object = com.android.server.wifi.HwWifiServiceFactoryImpl@c332618
12-17 19:35:08.730  1795  2748 D HwAmbientLuxFilterAlgo: t=123106347,BT=123107347,DT=123110147,BT1=123110347,DT1=123110735,Bn=false,Dn=false,lx=[3.0/123104842, 3.0/123105143, 3.0/123105444, 2.0/123105745, 2.0/123106046, 2.0/123106347],mLx=53.0,s=52.7045,ss=58.004044,AuIntervened=false,mProximityState=false,bLux=404.0,dLux=4.257519,bLux1=404.0,dLux1=20.0
12-17 19:35:08.851  1795  1795 I TrafficMonitor: update:rxPkts:0,txPkts:0,rxBytes:0,txBytes:0
12-17 19:35:08.851  1795  1795 I TrafficMonitor: start expired. level:-1
12-17 19:35:08.851  1795  1795 I TrafficMonitor: gettimer:interval=2000
12-17 19:35:08.861  5224  5224 I Step_LSC: 20002302|onStandStepChanged 65622
12-17 19:35:08.863  5224  5224 I Step_LSC: 20002302|compensate received
12-17 19:35:08.867  5224  5283 I Step_DataCache: 20002302|getTodayTotalSteps 4246
12-17 19:35:08.869  5224  5283 I Step_ExtendStepDataManager: 20002302|before compensate: cache step_4246
12-17 19:35:08.873  5224  5283 I Step_DataCache: 20002302|getTodayTotalSteps 4246
12-17 19:35:08.875  5224  5283 I Step_ExtendStepDataManager: 20002302|compensate 24699575 10
12-17 19:35:08.878  5224  5283 I Step_DataCache: 20002302|getTodayTotalSteps 4247
12-17 19:35:08.880  5224  5283 I Step_ExtendStepDataManager: 20002302|after compensate: cache step_4247
12-17 19:35:08.964  5224  5283 I Step_LSC: 20002302|REPORT : 4247 90725 3025 0
12-17 19:35:08.966  5224  5283 I SendBroadcastPermission: action:android.com.huawei.bone.NOTIFY_SPORT_DATA, mPermissionType:0
12-17 19:35:08.970  5224  5283 I SendBroadcastPermission: action:android.com.huawei.bone.NOTIFY_SPORT_DATA, mPermissionType:0
12-17 19:35:08.973  1795  3121 I HwActivityManagerService: Split enqueueing broadcast [callerApp]:ProcessRecord{580cfb2 5224:com.huawei.health:DaemonService/u0a99}
12-17 19:35:08.975  2852  2852 I EventCenter: EventCenter Get :android.com.huawei.bone.NOTIFY_SPORT_DATA
12-17 19:35:08.976  2852  2852 D StepCounterView: onStepCounterChange stepsNum:4247
12-17 19:35:08.976  5224  5283 I Step_HSNH: 20002302|upDateHealthNotification()|91|3.03|4247
12-17 19:35:08.979  5224  5283 I Step_HSNH: 20002302|rebuild notification
12-17 19:35:08.988  1795 11745 I NotificationManager: enqueueNotificationInternal: pkg=com.huawei.health id=10010 notification=Notification(pri=0 contentView=null vibrate=null sound=null defaults=0x0 flags=0x2 color=0x00000000 vis=PRIVATE)
12-17 19:35:08.991  1795  1795 I NotificationManager: enqueueNotificationInternal: n.getKey = 0|com.huawei.health|10010|null|10099
12-17 19:35:08.993  1795  1795 V NotificationService: disableEffects=null canInterrupt=false once update: false
12-17 19:35:08.999  2852  2852 I StatusBar: onNotificationPosted: StatusBarNotification(pkg=com.huawei.health user=UserHandle{0} id=10010 tag=null key=0|com.huawei.health|10010|null|10099: Notification(pri=0 contentView=null vibrate=null sound=null defaults=0x0 flags=0x62 color=0x00000000 vis=PRIVATE)) important=2, post=1481974508989, when=1481531589202, vis=0, userid=0
12-17 19:35:09.001  2852  2852 D StatusBar: updateNotification(StatusBarNotification(pkg=com.huawei.health user=UserHandle{0} id=10010 tag=null key=0|com.huawei.health|10010|null|10099: Notification(pri=0 contentView=null vibrate=null sound=null defaults=0x0 flags=0x62 color=0x00000000 vis=PRIVATE)))
12-17 19:35:09.002  2852  2852 D HwCust  : Create obj success use class android.app.HwCustNotificationImpl
12-17 19:35:09.004  2852  2852 I StatusBarIconView: updateTint: tint=0
12-17 19:35:09.007  2852  2852 D StatusBar: No peeking: unimportant notification: 0|com.huawei.health|10010|null|10099
12-17 19:35:09.007  2852  2852 D StatusBar: applyInPlace=true shouldPeek=false alertAgain=true
12-17 19:35:09.007  2852  2852 I NotificationGroupManager: onEntryUpdated:0|com.huawei.health|10010|null|10099
12-17 19:35:09.007  2852  2852 I NotificationGroupManager: onEntryAdded:0|com.huawei.health|10010|null|10099, group=0|com.huawei.health|10010|null|10099
12-17 19:35:09.007  2852  2852 D StatusBar: reusing notification for key: 0|com.huawei.health|10010|null|10099
12-17 19:35:09.008  2852  2852 D HwCust  : Create obj success use class android.app.HwCustNotificationImpl
12-17 19:35:09.008  2852  2852 D HwCust  : Create obj success use class android.app.HwCustNotificationImpl
12-17 19:35:09.009  2852  2852 I StatusBarIconView: updateTint: tint=0
12-17 19:35:09.024  2852  2852 I HwPhoneStatusBar: updateNotificationShade
12-17 19:35:09.024  2852  2852 I PhoneStatusBar: updateNotificationShade
