12-17 19:33:10.558  3608  3608 D InCall  : InCallActivity - doOrientationChanged prevOrientation=1 newOrientation=1
12-17 19:33:10.558  3608  3608 D InCall  : InCallActivity - onStart()... end
12-17 19:33:10.558   835  2385 I fpc_fingerprint_hal: do_identify operation CANCELED
12-17 19:33:10.558  1795  2396 W FingerprintService: onError 1
12-17 19:33:10.558   835  2385 D fpc_fingerprint_hal: do_identify took 28 ms, total:6264 wait:6236
12-17 19:33:10.558   835  2385 E libteec : begin
12-17 19:33:10.559  2852  2925 I EventCenter: ContentChange for slot: 1
12-17 19:33:10.560   606  2379 E libteec : receive data len = 128
12-17 19:33:10.560  3608  3608 I InCall  : CallList - hasAnyLiveCall call = [Call_10, ACTIVE, [Capabilities: CAPABILITY_HOLD CAPABILITY_SUPPORT_HOLD CAPABILITY_MUTE CAPABILITY_CANNOT_DOWNGRADE_VIDEO_TO_AUDIO], children:[], parent:null, conferenceable:[], videoState:Audio Only, mSessionModificationState:0, VideoSettings:(CameraDir:-1)]
12-17 19:33:10.560  3608  3608 I InCall  : ProximitySensor - isDisplayOn: true
12-17 19:33:10.561  1795 16498 D PowerManagerService: ready=false,policy=3,wakefulness=1,wksummary=0x11,uasummary=0x1,bootcompleted=true,boostinprogress=false,waitmodeenable=false,mode=true,manual=33,auto=-1,adj=0.0userId=0
12-17 19:33:10.561  1795 16498 D PowerManagerService: Acquiring suspend blocker "PowerManagerService.WakeLocks".
12-17 19:33:10.562  1795 16498 I qti_sensors_hal: flush,395,handle 0
12-17 19:33:10.562  1795 16498 I qti_sensors_hal: flush,260 handle 0
12-17 19:33:10.564  1795  3110 D PowerManagerService: ready=false,policy=3,wakefulness=1,wksummary=0x11,uasummary=0x1,bootcompleted=true,boostinprogress=false,waitmodeenable=false,mode=true,manual=33,auto=-1,adj=0.0userId=0
12-17 19:33:10.566  1795  1795 D DeviceIdleController: updateDisplayLocked: screenOn=true
12-17 19:33:10.566  1795  1795 I DeviceIdleController: becomeActiveLocked, reason = screen
12-17 19:33:10.567  1795  2377 I AwareLog: AwareMem_DMEServer: start
12-17 19:33:10.567  1795  3237 D PowerManagerService: ready=false,policy=3,wakefulness=1,wksummary=0x11,uasummary=0x1,bootcompleted=true,boostinprogress=false,waitmodeenable=false,mode=true,manual=33,auto=-1,adj=0.0userId=0
12-17 19:33:10.567  1795  1821 I WindowManger_keyguard: Setting mDismissKeyguard true by win Window{e6a6b5e u0 com.android.incallui/com.android.incallui.InCallActivity}
12-17 19:33:10.567  1795  2377 I AwareLog: AwareMem_EventTracker: [SCREEN_ON_1481974390567] is abandoned for memory 832484
12-17 19:33:10.569   832  1840 E Parcel  : Reading a NULL string not supported here.
12-17 19:33:10.569   832  1840 E Parcel  : Reading a NULL string not supported here.
12-17 19:33:10.569  1795  1795 D HwWifiP2pService: onReceive, action:android.intent.action.SCREEN_ON
12-17 19:33:10.569  1795  2668 D WifiP2pService: InactiveState143466
12-17 19:33:10.569   606  2379 E libteec : QSEECom_send_cmd return!
12-17 19:33:10.569   606  2379 E libteec : qsc_send_cmd finish
12-17 19:33:10.569   606  2379 E libteec : send data return = 128
12-17 19:33:10.569  1795  2668 E HwWifiP2pService: Unhandled message when=123074255 what=143466 arg1=0 arg2=0
12-17 19:33:10.569  1795  2668 D WifiP2pService: P2pEnabledState when=123074255 what=143466 arg1=0 arg2=0
12-17 19:33:10.569  1795  2668 D WifiP2pService: DefaultState{ when=-1ms what=143466 target=com.android.internal.util.StateMachine$SmHandler }
12-17 19:33:10.570  1795  2668 D HwWifiP2pService: cancel alarm.
12-17 19:33:10.570   835  2385 E libteec : receive data len = 128
12-17 19:33:10.570   835  2385 E libteec : begin
12-17 19:33:10.570   835  2385 E libteec : qsc_decode end
12-17 19:33:10.570   835  2385 D fpc_fingerprint_hal: worker idle
12-17 19:33:10.570   835  2385 D fpc_fingerprint_hal: workerFunction STATE_CANCEL
12-17 19:33:10.570   835  2385 E libteec : begin
12-17 19:33:10.570  1795 17831 D PowerManagerService: ready=false,policy=3,wakefulness=1,wksummary=0x10,uasummary=0x1,bootcompleted=true,boostinprogress=false,waitmodeenable=false,mode=true,manual=33,auto=-1,adj=0.0userId=0
12-17 19:33:10.570  1795  2326 W FingerprintService: client com.android.systemui is no longer authenticating
12-17 19:33:10.570  1795 17831 D PowerManagerService: Releasing suspend blocker "PowerManagerService.WakeLocks".
12-17 19:33:10.570  1795  2326 W FingerprintService: onError 2
12-17 19:33:10.570  1795  2326 V FingerprintService: ClientMonitor destroy
12-17 19:33:10.570   606  2379 E libteec : receive data len = 128
12-17 19:33:10.570  1795  2326 V FingerprintService: Done with client: com.android.systemui
12-17 19:33:10.570  1795  2326 V FingerprintService: handleError(client=com.android.systemui, error = 5)
12-17 19:33:10.575  1795  2671 D WifiStateMachine:  ConnectedState CMD_SCREEN_STATE_CHANGED  rt=123074261/442926939 1 0
12-17 19:33:10.575  1795  2671 D WifiStateMachine:  L2ConnectedState CMD_SCREEN_STATE_CHANGED  rt=123074261/442926939 1 0
12-17 19:33:10.575  1795  2671 D WifiStateMachine:  ConnectModeState CMD_SCREEN_STATE_CHANGED  rt=123074261/442926939 1 0
12-17 19:33:10.575  1795  2671 D WifiStateMachine:  DriverStartedState CMD_SCREEN_STATE_CHANGED  rt=123074262/442926939 1 0
12-17 19:33:10.576  1795  2671 D WifiStateMachine:  SupplicantStartedState CMD_SCREEN_STATE_CHANGED  rt=123074262/442926939 1 0
12-17 19:33:10.576  1795  2671 D WifiStateMachine:  DefaultState CMD_SCREEN_STATE_CHANGED  rt=123074262/442926939 1 0
12-17 19:33:10.576  1795  2671 D WifiStateMachine: handleScreenStateChanged: allow send scan results broadcast.
12-17 19:33:10.577  3608  3608 I InCall  : InCallActivity - onResume()...
12-17 19:33:10.578  1795  2671 W AlarmManager: Unrecognized alarm listener com.android.server.wifi.WifiConnectivityManager$3@bdcaf7b
12-17 19:33:10.578  1795  2671 E WifiScanner: listener cannot be found
12-17 19:33:10.578  1795  2671 D HwWifiConnectivityManager: handleScanCounterChanged,reason: 2, mHwSingleScanCounter: 0
12-17 19:33:10.578  1795  2671 D HwWifiConnectivityManager: handleScanCounterChanged,reason: 0, mHwSingleScanCounter: 1
12-17 19:33:10.578  1795  2671 E WifiConnectivityManager: isWifiScanSpecialChannels is false,mWifiState : 1
12-17 19:33:10.579  1795  1821 I WindowManger_keyguard: Setting mDismissKeyguard true by win Window{e6a6b5e u0 com.android.incallui/com.android.incallui.InCallActivity}
12-17 19:33:10.579  1795  2671 I AlarmManager: set(null) : type=2 triggerAtTime=442946942 win=0 tElapsed=442946942 maxElapsed=442946942 interval=0 flags=0x9
12-17 19:33:10.580   606  2379 E libteec : QSEECom_send_cmd return!
12-17 19:33:10.580   606  2379 E libteec : qsc_send_cmd finish
12-17 19:33:10.580   606  2379 E libteec : send data return = 128
12-17 19:33:10.580   835  2385 E libteec : receive data len = 128
12-17 19:33:10.580   835  2385 E libteec : begin
12-17 19:33:10.580   835  2385 E libteec : qsc_decode end
12-17 19:33:10.580   835  2385 D fpc_fingerprint_hal: workerFunction STATE_NAVIGATION
12-17 19:33:10.580   835  2385 E libteec : begin
12-17 19:33:10.580   606  2379 E libteec : receive data len = 128
12-17 19:33:10.581  1795  2680 D WifiHW  : wifi_send_command: cmd:'IFNAME=wlan0 SCAN TYPE=ONLY'
12-17 19:33:10.581  5215  5215 D wpa_supplicant: wlan0: Control interface command 'SCAN TYPE=ONLY'
12-17 19:33:10.581  5215  5215 D wpa_supplicant: wlan0: Setting scan request: 0.000000 sec
12-17 19:33:10.581  5215  5215 D wpa_supplicant: CTRL-DEBUG: global_ctrl_sock-sendto: sock=16 sndbuf=229376 outq=0 send_len=3
12-17 19:33:10.582  5215  5215 D wpa_supplicant: wlan0: Starting AP scan for wildcard SSID
12-17 19:33:10.582  5215  5215 D wpa_supplicant: OKC-Native: Append OKC IE!
12-17 19:33:10.582  5215  5215 D wpa_supplicant: OKC-Native: Append done!
12-17 19:33:10.582  5215  5215 D wpa_supplicant: wlan0: Add radio work 'scan'@0x7fb502f3c0
12-17 19:33:10.582  5215  5215 D wpa_supplicant: wlan0: First radio work item in the queue - schedule start immediately
12-17 19:33:10.582  5215  5215 D wpa_supplicant: wlan0: Starting radio work 'scan'@0x7fb502f3c0 after 0.000036 second wait
12-17 19:33:10.582  5215  5215 D wpa_supplicant: wlan0: nl80211: scan request
12-17 19:33:10.582  5215  5215 D wpa_supplicant: nl80211: Scan SSID - hexdump(len=0): [NULL]
12-17 19:33:10.582  5215  5215 D wpa_supplicant: nl80211: Scan extra IEs - hexdump(len=67): 7f 05 00 00 0a 02 01 dd 0f 00 e0 fc 80 00 00 00 01 00 00 00 00 00 00 00 dd 29 00 e0 fc 80 00 00 ...
12-17 19:33:10.582  1795  1795 D HwConnectivityService: mIntentReceiver begin
12-17 19:33:10.582  1795  1795 D HwKeyguardManagerImpl: isLockScreenDisabled HwKeyguardManagerImpl result = false
12-17 19:33:10.583  1795  1795 D HwConnectivityService: CtrlSocket Receiver,disable: false locked: true action: android.intent.action.SCREEN_ON mSmartKeyguardLevel: normal_level mStartPowerSaving: false
12-17 19:33:10.583  5215  5215 D wpa_supplicant: Scan requested (ret=0) - scan timeout 30 seconds
12-17 19:33:10.583  5215  5215 D wpa_supplicant: nl80211: Event message available
12-17 19:33:10.583  1795  2671 D WifiStateMachine:  ConnectedState !CMD_ENABLE_RSSI_POLL  rt=123074269/442926946 1 0
12-17 19:33:10.583  5215  5215 D wpa_supplicant: nl80211: Drv Event 33 (NL80211_CMD_TRIGGER_SCAN) received for wlan0
12-17 19:33:10.583  5215  5215 D wpa_supplicant: wlan0: nl80211: Scan trigger
12-17 19:33:10.583  1795  2671 D WifiStateMachine:  L2ConnectedState !CMD_ENABLE_RSSI_POLL  rt=123074269/442926946 1 0
12-17 19:33:10.583  5215  5215 D wpa_supplicant: wlan0: Event SCAN_STARTED (47) received
12-17 19:33:10.583  5215  5215 D wpa_supplicant: wlan0: Own scan request started a scan in 0.000177 seconds
12-17 19:33:10.583  5215  5215 D wpa_supplicant: CTRL-DEBUG: ctrl_sock-sendmsg: sock=16 sndbuf=229376 outq=768 send_len=24
12-17 19:33:10.583  1795  1795 D HwConnectivityService: CtrlSocket receive screen on intent!
12-17 19:33:10.583  1795  1795 D HwConnectivityService: CtrlSocket restoreScrOnStatus
12-17 19:33:10.583  1795  1795 D HwConnectivityService: pid=1000, cmd=100, param=0
12-17 19:33:10.583  1795  1795 D HwConnectivityService: mFilterMsgFlag: 0,msg.arg1: 3
12-17 19:33:10.583  5215  5215 D wpa_supplicant: CTRL_IFACE monitor sent successfully to /data/misc/wifi/sockets/wpa_ctrl_1795-194\x00
