12-17 19:33:13.815  1795  1795 D HuaweiWifiWatchdogStateMachine: speed: rxpkt:5, rxSpd:476B/s, txpkt:6, txSpd:213
12-17 19:33:13.815  2852  2852 I PhoneStatusBar: setSystemUiVisibility vis=c0000000 mask=ffffffff oldVal=c0000600 newVal=c0000000 diff=600
12-17 19:33:13.815  2852  2852 I PhoneStatusBar: notifyUiVisibilityChanged:vis=0xc0000000, SystemUiVisibility=0xc0000000
12-17 19:33:13.816  2852  2852 I PowerUI : onReceive intent:act:android.intent.action.SCREEN_ON  flag:1342177296 
12-17 19:33:13.816  7741  7758 D TmoMonitor: Cache monitor msg as screen_off
12-17 19:33:13.817  2852  2852 I PhoneStatusBar: setSystemUiVisibility vis=80000300 mask=ffffffff oldVal=c0000000 newVal=80000300 diff=40000300
12-17 19:33:13.817  2852  2852 I BarTransitions.HwPhoneStatusBarView: transitionTo: mode=MODE_OPAQUE, animate=false
12-17 19:33:13.817  2852  2852 D BarTransitions.HwPhoneStatusBarView: MODE_TRANSLUCENT -> MODE_OPAQUE animate=false
12-17 19:33:13.817  2852  2852 D BarTransitions.HwPhoneStatusBarView: applyModeBackground oldMode=MODE_TRANSLUCENT newMode=MODE_OPAQUE animate=false
12-17 19:33:13.817  2852  2852 I BarTransitions.HwNavigationBarView: transitionTo: mode=MODE_TRANSLUCENT, animate=false
12-17 19:33:13.817  2852  2852 I HwNavigationBarTransitions: transitionTo:mode=2, isEmuiStyle=false
12-17 19:33:13.817  2852  2852 I PhoneStatusBar: cancelAutohide
12-17 19:33:13.817  2852  2852 I PhoneStatusBar: notifyUiVisibilityChanged:vis=0x80000300, SystemUiVisibility=0x80000300
12-17 19:33:13.823  2883  2996 I HwSystemManager: NatTrafficNotifyService:delta byte = 0 no traffic delta = 0Traffic state is 301
12-17 19:33:13.826  2852  2852 I StackScrollAlgorithm: overlapAmount:763.6, previousNotificationEnd:607.0, newYTranslation:-156.59998, location:2, i:1, getTopPadding:499.0, getLocationOnScreen():-36
12-17 19:33:13.826  2852  2852 I StackScrollAlgorithm: updateClipping isOverlap:true
12-17 19:33:13.826  2852  2852 I StackScrollAlgorithm: updateDimmedActivatedHideSensitive overlap:true
12-17 19:33:13.830  2852  2852 D NetworkController.MobileSignalController(0): mSimSubId:0 onDataActivity: direction=0
12-17 19:33:13.837  3180  3332 I BatteryMonitor: screen off: 2s, awake: 2s wakeups: 0, battery changed: 0
12-17 19:33:13.838  2883  2996 I HwSystemManager: ExtraTrafficSetting:result is empty
12-17 19:33:13.840  3180  3578 D HwMultiWindowEx: isInMultiWindowMode ret: 0
12-17 19:33:13.840  3180  3578 I BacklightControl: can't adjust backlight when app launch from other scene.
12-17 19:33:13.841  3180  3578 I ThermalStateManager: handle action thermal policy:208
12-17 19:33:13.841  3180  3578 I ash     : ash->screen on
12-17 19:33:13.851  3180  3578 I ash     : ash->screen unlock
12-17 19:33:13.852  1795  1804 I art     : Background sticky concurrent mark sweep GC freed 85288(5MB) AllocSpace objects, 29(596KB) LOS objects, 7% free, 52MB/56MB, paused 3.830ms total 103.145ms
12-17 19:33:13.861  3608  3608 I ActivityManager_activity: Reporting idle of ActivityRecord{fd45985 token=android.os.BinderProxy@af8ea9b {com.android.incallui/com.android.incallui.InCallActivity}} finished=false
12-17 19:33:13.861  2883  2996 I HwSystemManager: ITrafficInfo:ITrafficInfo create 301updateBytes = 1769320345
12-17 19:33:13.865  1795  2377 V HwPackageManagerService: Returning system default Launcher 
12-17 19:33:13.865  1795  2377 I AwareLog: AwareMem_EventTracker: [APP_ACTIVITY_FINISH_123077549] is abandoned for memory 835756
12-17 19:33:13.866  1795  3957 E IzatSvc_OSObserver: I/LocTech-Label :: OSOBSERVER :: Data Items In
12-17 19:33:13.866  1795  3957 E IzatSvc_OSObserver: I/LocTech-Value :: Data Item Value: IS_SCREEN_ON: true
12-17 19:33:13.866  1795  3975 E LocSvc_libulp: I/int ulp_msg_process_system_update(const UlpSystemEvent): systemEvent:0 
12-17 19:33:13.872  1795  1821 I ActivityManager_activity: windowsVisibleLocked(): ActivityRecord{b46dc67 u0 com.android.incallui/.InCallActivity t310} idle: true
12-17 19:33:13.872  1795  1821 I WindowManager: All windows ready for display!
12-17 19:33:13.872  1795  1809 I WindowOrientationListener: WindowOrientationListener enabled
12-17 19:33:13.873  1795  3111 I AlarmManager: remove(PendingIntent{50d6cf: PendingIntentRecord{601e5f3 com.huawei.indexsearch.observer broadcastIntent}}) changed bounds; rebatching
12-17 19:33:13.873  1795  1809 I qti_sensors_hal: batch,376,handle 0, timeout:0 ,period_ns:66667000
12-17 19:33:13.873  1795  1809 I qti_sensors_hal: batch:sensor(android.sensor.accelerometer) handle:0 flags:0x0 period_ns 66667000
12-17 19:33:13.875  1795  2332 I qti_sensors_hal: [ACC]processReportInd: X: 5.246323 Y: 8.204330 Z: -0.109833  x_offset:0.000000 y_offset:0.000000 z_offset:1.000000
12-17 19:33:13.879  3180  4303 I AwareLog: MemoryRecoveryDMEPlugin: reportScene typeId = 2002
12-17 19:33:13.879  3180  4303 I AwareLog: MemoryRecoveryDMEPlugin: receive sceen on event
12-17 19:33:13.879  3180  4303 I AwareLog: MemoryRecoveryDMEPlugin: interrupt
12-17 19:33:13.883  3626  3626 I HourObserver: enter into handleScrnOnOffTimeStats, scrnOn = true, mIsPreScrnOn = false, mScrnSwitchTime = 1481974391602, occurTime = 1481974393881, delta = 2279, mScrnOffAccTime = 1803796, mScrnOnAccTime = 123389
12-17 19:33:13.883  3626  3626 I HourObserver: left handleScrnOnOffTimeStats, mScrnOffAccTime = 1806075, mScrnOffAccTime = 1806075, mScrnOnAccTime = 123389
12-17 19:33:13.884  1795  1809 I qti_sensors_hal: read from oem info: data_readback
12-17 19:33:13.884  1795  1809 I qti_sensors_hal: 0xcd, 0xb0, 0x24, 0x3e
12-17 19:33:13.884  1795  1809 I qti_sensors_hal: 0x66, 0xca, 0x3c, 0x3e
12-17 19:33:13.884  1795  1809 I qti_sensors_hal: 0xc0, 0x2a, 0x7c, 0x3f
12-17 19:33:13.884  1795  1809 I qti_sensors_hal: 0x55, 0x0, 0x0, 0x0
12-17 19:33:13.884  1795  1809 I qti_sensors_hal: 0x0, 0x0, 0x0, 0x0
12-17 19:33:13.884  1795  1809 E qti_sensors_hal: read from oem info: data_valid_flag=0x55
12-17 19:33:13.884  1795  1809 E qti_sensors_hal: read from oem info: x_offset=0.160831, y_offset=0.184366, z_offset=0.985027
12-17 19:33:13.884  1795  1809 E qti_sensors_hal: Final value: x_offset=0.160831, y_offset=0.184366, z_offset=0.985027
12-17 19:33:13.884  1795  1809 I qti_sensors_hal: batch:load_acc_oeminf_data x_offset:0.160831 y_offset:0.184366 z_offset:0.985027
12-17 19:33:13.884  1795  1809 I qti_sensors_hal: batch:sensor(android.sensor.accelerometer) sample_rate=14.999925Hz report_rate_f=0.000000Hz curr sample rate:5.000000 cur rpt rate:0 max:400.000000 min:1.000000
12-17 19:33:13.885  1795  1809 I qti_sensors_hal: flush,395,handle 0
12-17 19:33:13.885  1795  1809 I qti_sensors_hal: flush,260 handle 0
12-17 19:33:13.885  1795  1809 I WindowManager: Finished screen turning on...
12-17 19:33:13.886  1795  1825 I PowerManager_screenOn: DisplayPowerController Unblocked screen on after 486 ms
12-17 19:33:13.886  1795  1825 I PowerManager_screenOn: DisplayPowerController updatePowerState mPendingRequestLocked=policy=BRIGHT, useProximitySensor=true, useProximitySensorbyPhone=true, screenBrightness=33, screenAutoBrightnessAdjustment=0.0, brightnessSetByUser=true, useAutoBrightness=true, blockScreenOn=false, lowPowerMode=false, boostScreenBrightness=false, dozeScreenBrightness=-1, dozeScreenState=UNKNOWN, useTwilight=false, useSmartBacklight=true, brightnessWaitMode=false, brightnessWaitRet=true, screenAutoBrightness=-1, userId=0
12-17 19:33:13.886  1795  1825 I PowerManager_screenOn: DisplayPowerStatesetColorFadeLevel: level=1.0
12-17 19:33:13.887  1795  1825 D DisplayPowerController: Animating brightness: target=24, rate=40
12-17 19:33:13.887  1795  1825 I PowerManager_screenOn: DisplayPowerController updatePowerState mPendingRequestLocked=policy=BRIGHT, useProximitySensor=true, useProximitySensorbyPhone=true, screenBrightness=33, screenAutoBrightnessAdjustment=0.0, brightnessSetByUser=true, useAutoBrightness=true, blockScreenOn=false, lowPowerMode=false, boostScreenBrightness=false, dozeScreenBrightness=-1, dozeScreenState=UNKNOWN, useTwilight=false, useSmartBacklight=true, brightnessWaitMode=false, brightnessWaitRet=true, screenAutoBrightness=-1, userId=0
12-17 19:33:13.887  1795  1825 D DisplayPowerController: Animating brightness: target=24, rate=40
12-17 19:33:13.887  1795  1825 V KeyguardServiceDelegate: onScreenTurnedOn()
12-17 19:33:13.887  1795  1825 I WindowManger_keyguard: onScreenTurnedOn()
12-17 19:33:13.887  1795  1825 D DisplayPowerController: Display ready!
12-17 19:33:13.887  1795  1825 D DisplayPowerController: Finished business...
12-17 19:33:13.888  2852  2822 D KeyguardService: Caller checkPermission fail
12-17 19:33:13.888  2852  2822 D KeyguardService: KGSvcCall onScreenTurnedOn.
12-17 19:33:13.888  1795  2750 I PowerManager_screenOn: DisplayPowerState Updating screen state: state=ON, backlight=941
12-17 19:33:13.888  2852  2822 D KeyguardViewMediator: notifyScreenTurnedOn
12-17 19:33:13.888  2852  2852 D KeyguardViewMediator: handleNotifyScreenTurnedOn
12-17 19:33:13.888  1795  2750 I HwLightsService: back light level before map = 941
12-17 19:33:13.888  2852  2852 I PhoneStatusBar: onScreenTurnedOn
12-17 19:33:13.888  2852  2852 D KGWallpaper_Magazine: getNextIndex: 0; from 5 to 5; size: 44
12-17 19:33:13.888  2852  2852 I HwLockScreenReporter: report msg is :{picture: Deepwater-05-2.3.001-bigpicture_05_8.jpg}
12-17 19:33:13.888  2852  2852 W HwLockScreenReporter: report result = falsereport type:162 msg:{picture: Deepwater-05-2.3.001-bigpicture_05_8.jpg, channelId: 05}
12-17 19:33:13.888  2852  2852 I OucScreenOnCounter: Screen already turned on at: 1481974212
12-17 19:33:13.889  2852  2925 I EventCenter: ContentChange for slot: 1
12-17 19:33:13.889  2852  2852 I HwBrightnessController: onChange selfChange:false uri.toString():content://settings/system/screen_auto_brightness mIsObserveAutoBrightnessChange:true
12-17 19:33:13.889  5224  5224 I Step_LSC: 20002302|logicalDealBroadcastEvent : Intent { act=android.intent.action.SCREEN_ON flg=0x50000010 }
12-17 19:33:13.889  2852  2852 I HwBrightnessUtils: APS brightness=23.0,ConvertToPercentage=0.23837823
12-17 19:33:13.889  2852  2852 I HwBrightnessUtils:  getSeekBarProgress isAutoMode:true current brightness:23 percentage:0.23837823
12-17 19:33:13.889  2852  2852 I HwBrightnessController: updateSlider1 seekBarProgress:2384
12-17 19:33:13.889  2852  2852 I HwBrightnessController: updateSlider2 seekBarProgress:2384
12-17 19:33:13.890  2852  2852 I ToggleSlider:  mSeekListener onProgressChanged progress:2384 fromUser:false
12-17 19:33:13.890  5224  5283 I Step_LSC: 20002302| ## MSG_DEAL_SYSTEM_EVENT android.intent.action.SCREEN_ON
12-17 19:33:13.890  2852  2852 I ToggleSlider:  mSeekListener onProgressChanged progress:2384 fromUser:false
12-17 19:33:13.890  5224  5283 I Step_StandStepCounter: 20002302|flush sensor data
12-17 19:33:13.891  1795  3238 I qti_sensors_hal: flush,395,handle 49
12-17 19:33:13.891  1795  3238 I qti_sensors_hal: flush:sensor(android.sensor.step_counter) handle:49
12-17 19:33:13.891  5224  5283 I Step_LSC: 20002302|REPORT : 4197 89805 2995 0
12-17 19:33:13.891  5224  5283 I SendBroadcastPermission: action:android.com.huawei.bone.NOTIFY_SPORT_DATA, mPermissionType:0
12-17 19:33:13.898  5224  5283 I SendBroadcastPermission: action:android.com.huawei.bone.NOTIFY_SPORT_DATA, mPermissionType:0
12-17 19:33:13.898  1795  1825 D FpDataCollector: case xxx, not a fingerprint unlock 
12-17 19:33:13.898  1795  3249 I HwActivityManagerService: Split enqueueing broadcast [callerApp]:ProcessRecord{580cfb2 5224:com.huawei.health:DaemonService/u0a99}
12-17 19:33:13.899  1795  1825 D PowerManagerService: ready=true,policy=3,wakefulness=3,wksummary=0x11,uasummary=0x1,bootcompleted=true,boostinprogress=false,waitmodeenable=false,mode=true,manual=33,auto=-1,adj=0.0userId=0
12-17 19:33:13.899  1795  1825 E PowerManagerService: startDreaming = true
