12-17 19:32:05.955  1795  1825 D DisplayPowerController: mode change : autoBrightnessEnabled=true,adjustment=0.0,state=2
12-17 19:32:05.955  1795  1825 D HwNormalizedAutomaticBrightnessController: mWakeupFromSleep= true,currentTime=123039127,mLightSensorEnableTime=123039122
12-17 19:32:05.955  1795  1825 D DisplayPowerController: Animating brightness: target=-1, rate=0
12-17 19:32:05.955  1795  1825 D DisplayPowerController: Unfinished business...
12-17 19:32:05.956  1795  2750 I PowerManager_screenOn: DisplayPowerState Updating screen state: state=ON, backlight=0
12-17 19:32:05.956  1795  2750 D PowerManagerService: Setting HAL auto-suspend mode to false
12-17 19:32:05.956  1795  2750 D PowerManagerService: Setting HAL interactive mode to true
12-17 19:32:05.956  1795  2750 I QTI PowerHAL: Got set_interactive hint
12-17 19:32:05.956  1795  2750 D libfingersense_wrapper: Calling fingersense_on_resume()
12-17 19:32:05.957  1795  2750 D libfingersense_wrapper: fingersense_on_resume() finished
12-17 19:32:05.957   836  2387 I knuckle_sensor: Sending SAM_ENABLE to fs_data
12-17 19:32:05.957  1795  1795 I NotificationManager: mIntentReceiver-ACTION_SCREEN_ON
12-17 19:32:05.958   612   612 D SurfaceFlinger: Set power mode=2, type=0 flinger=0x7f9a25b400
12-17 19:32:05.958   612   612 I SDM     : HWCDisplay::SetPowerMode: display = 0, mode = 2
12-17 19:32:05.958   612   612 I SDM     : DisplayBase::SetDisplayState: Set state = 1, display 0
12-17 19:32:05.959   836   928 I knuckle_sensor: Got ENABLE response, status = 0, id = 66
12-17 19:32:05.964  5215  5215 E wpa_supplicant: RSSI=-57;LINKSPEED=72;NOISE=9999;FREQUENCY=2452;
12-17 19:32:05.965  5215  5215 D wpa_supplicant: CTRL-DEBUG: global_ctrl_sock-sendto: sock=16 sndbuf=229376 outq=0 send_len=48
12-17 19:32:05.965  1795  2671 V HwWifiServiceFactory: get AllImpl object = com.android.server.wifi.HwWifiServiceFactoryImpl@c332618
12-17 19:32:05.965  1795  2671 E WifiConfigManager: updateConfiguration freq=2452 BSSID=80:38:bc:08:42:c1 RSSI=-56 "Huawei-Employee"WPA_EAP
12-17 19:32:05.966  1795  2671 D WifiStateMachine:  ConnectedState !CMD_SET_SUSPEND_OPT_ENABLED  rt=123039137/442862329 0 0
12-17 19:32:05.966  1795  2671 D WifiStateMachine:  L2ConnectedState !CMD_SET_SUSPEND_OPT_ENABLED  rt=123039138/442862329 0 0
12-17 19:32:05.966  1795  2671 D WifiStateMachine:  ConnectModeState !CMD_SET_SUSPEND_OPT_ENABLED  rt=123039138/442862329 0 0
12-17 19:32:05.966  1795  2671 D WifiStateMachine:  DriverStartedState !CMD_SET_SUSPEND_OPT_ENABLED  rt=123039138/442862329 0 0
12-17 19:32:05.966  1795  2671 D WifiHW  : wifi_send_command: cmd:'IFNAME=wlan0 DRIVER SETSUSPENDMODE 0'
12-17 19:32:05.966  5215  5215 D wpa_supplicant: wlan0: Control interface command 'DRIVER SETSUSPENDMODE 0'
12-17 19:32:05.982  7741  7758 D TmoMonitor: Cache monitor msg as screen_off
12-17 19:32:06.068   533  3739 E ANDR-PERF-MPCTL: Invalid profile no. 0, total profiles 0 only
12-17 19:32:06.113  7741  7758 D TmoMonitor: Cache monitor msg as screen_off
12-17 19:32:06.151  1795  1825 D HwNormalizedAutomaticBrightnessController: sensor doesn't report lux in 200ms
12-17 19:32:06.151  1795  1825 I PowerManager_screenOn: DisplayPowerController updatePowerState mPendingRequestLocked=policy=BRIGHT, useProximitySensor=true, useProximitySensorbyPhone=true, screenBrightness=33, screenAutoBrightnessAdjustment=0.0, brightnessSetByUser=true, useAutoBrightness=true, blockScreenOn=false, lowPowerMode=false, boostScreenBrightness=false, dozeScreenBrightness=-1, dozeScreenState=UNKNOWN, useTwilight=false, useSmartBacklight=true, brightnessWaitMode=false, brightnessWaitRet=true, screenAutoBrightness=-1, userId=0
12-17 19:32:06.151  1795  1825 D DisplayPowerController: Animating brightness: target=27, rate=0
12-17 19:32:06.151  1795  1825 I PowerManager_screenOn: DisplayPowerController updatePowerState mPendingRequestLocked=policy=BRIGHT, useProximitySensor=true, useProximitySensorbyPhone=true, screenBrightness=33, screenAutoBrightnessAdjustment=0.0, brightnessSetByUser=true, useAutoBrightness=true, blockScreenOn=false, lowPowerMode=false, boostScreenBrightness=false, dozeScreenBrightness=-1, dozeScreenState=UNKNOWN, useTwilight=false, useSmartBacklight=true, brightnessWaitMode=false, brightnessWaitRet=true, screenAutoBrightness=-1, userId=0
12-17 19:32:06.152  1795  1825 D DisplayPowerController: Animating brightness: target=27, rate=40
12-17 19:32:06.172  1795  2750 D SurfaceControl: Excessive delay in setPowerMode(): 214ms
12-17 19:32:06.173  1795  1821 I DisplayManagerService: Display device changed state: "内置屏幕", ON
12-17 19:32:06.173  1795  1795 I NotificationManager: updateLightsLocked,mInCall =true,mScreenOn = true,ledNotification == null?true
12-17 19:32:06.173  1795  1795 I NotificationManager: updateLightsLocked,turn off notificationLight
12-17 19:32:06.173  1795  1795 I Sensor  : turn off notificationLight due to incall or screenon
12-17 19:32:06.173  1795  1795 I Sensor  : updateLight --> mIsNotificationExisting: false ledOnMS: 0 ledOffMS :0
12-17 19:32:06.173  1795  1795 I Sensor  : updateLightsLocked --> level:78, status:3
12-17 19:32:06.173  1795  1795 I Sensor  : updateLightsLocked --> mBatteryLight.turnOff
12-17 19:32:06.174  3608  3608 D InCall  : InCallPresenter - onActivityStarted
12-17 19:32:06.174  3608  3608 D InCall  : InCallPresenter - notifyVideoPauseController
12-17 19:32:06.174  3608  3608 D InCall  : VideoPauseController: - VideoPauseController:onResume
12-17 19:32:06.174  3608  3608 D InCall  : VideoPauseController: - VideoPauseController:onResume. Ignoring...
12-17 19:32:06.174  3608  3608 D InCall  : InCallActivity - doOrientationChanged prevOrientation=1 newOrientation=1
12-17 19:32:06.174  3608  3608 D InCall  : InCallActivity - onStart()... end
12-17 19:32:06.175   832   832 E Parcel  : Reading a NULL string not supported here.
12-17 19:32:06.175   832   832 E Parcel  : Reading a NULL string not supported here.
12-17 19:32:06.176  3608  3608 I InCall  : InCallActivity - onResume()...
12-17 19:32:06.177  1795  3249 D PowerManagerService: ready=false,policy=3,wakefulness=1,wksummary=0x11,uasummary=0x1,bootcompleted=true,boostinprogress=false,waitmodeenable=false,mode=true,manual=33,auto=-1,adj=0.0userId=0
12-17 19:32:06.177  1795  3249 D PowerManagerService: Acquiring suspend blocker "PowerManagerService.WakeLocks".
12-17 19:32:06.178  1046 26554 V ThreadsEx: HDebug print the key screen_state
12-17 19:32:06.178  1046 26554 D audio_hw_primary: adev_set_parameters: enter: screen_state=on
12-17 19:32:06.178  1046 26554 I Huawei_audio_cust: huawei_audio huawei_choose_HandsFree_device_incall_forHWtest: test Type =4
12-17 19:32:06.178  1046 26554 I Huawei_audio_cust: huawei_audio huawei_choose_Handset_device_incall_forHWtest: test Type =4
12-17 19:32:06.179  1046 26554 I Huawei_audio_cust: get_spk_pa_type: pa is max98925
12-17 19:32:06.179  1046 26554 I Huawei_audio_cust: huawei_common_set_parameters: exit with code(0)
12-17 19:32:06.179  1046 26554 V Huawei_audio_cust: huawei_cust_set_parameters: exit with code(0)
12-17 19:32:06.179  1046 26554 V msm8916_platform: platform_set_parameters: enter: - screen_state=on
12-17 19:32:06.179  3608  3608 I InCall  : InCallActivity - bgCallTwinkingSwitch is truemIsForegroundActivity is true
12-17 19:32:06.179  1046 26554 V msm8916_platform: platform_set_parameters: exit with code(0)
12-17 19:32:06.179  1046 26554 D audio_hw_extn: audio_extn_set_anc_parameters: anc_enabled:0
12-17 19:32:06.179  3608  3608 D InCall  : InCallPresenter - notifyInCallScreenIsForeground: true
12-17 19:32:06.179  1046 26554 D audio_hw_spkr_prot: audio_extn_fbsp_set_parameters: Speaker protection disabled
12-17 19:32:06.179  1046 26554 V audio_hw_primary: adev_set_parameters: exit with code(0)
12-17 19:32:06.179  3608  3608 I SendBroadcastPermission: action:InCallScreenIsForegroundActivity, mPermissionType:0
12-17 19:32:06.179  1795  1821 I WindowManger_keyguard: Setting mDismissKeyguard true by win Window{e6a6b5e u0 com.android.incallui/com.android.incallui.InCallActivity}
12-17 19:32:06.180  1795 17832 D PowerManagerService: ready=false,policy=3,wakefulness=1,wksummary=0x10,uasummary=0x1,bootcompleted=true,boostinprogress=false,waitmodeenable=false,mode=true,manual=33,auto=-1,adj=0.0userId=0
12-17 19:32:06.180  1795 17832 D PowerManagerService: Releasing suspend blocker "PowerManagerService.WakeLocks".
12-17 19:32:06.182  1795 16499 D PowerManagerService: ready=false,policy=3,wakefulness=1,wksummary=0x11,uasummary=0x1,bootcompleted=true,boostinprogress=false,waitmodeenable=false,mode=true,manual=33,auto=-1,adj=0.0userId=0
12-17 19:32:06.182  1795 16499 D PowerManagerService: Acquiring suspend blocker "PowerManagerService.WakeLocks".
12-17 19:32:06.183  1795  1795 D DeviceIdleController: updateDisplayLocked: screenOn=true
12-17 19:32:06.183  1795  1795 I DeviceIdleController: becomeActiveLocked, reason = screen
12-17 19:32:06.184  1795 16500 I HwActivityManagerService: Split enqueueing broadcast [callerApp]:ProcessRecord{ec55919 3608:com.android.incallui/1001}
12-17 19:32:06.184  1795  1795 I AlarmManager: remove(null) changed bounds; rebatching
12-17 19:32:06.184  3608  3608 D InCall  : StatusBarNotifier - cancelInCall()...
12-17 19:32:06.185  2852  2852 I StackScrollAlgorithm: overlapAmount:763.6, previousNotificationEnd:607.0, newYTranslation:-156.59998, location:2, i:1, getTopPadding:499.0, getLocationOnScreen():-36
12-17 19:32:06.185  2852  2852 I StackScrollAlgorithm: updateClipping isOverlap:true
12-17 19:32:06.185  2852  2852 I StackScrollAlgorithm: updateDimmedActivatedHideSensitive overlap:true
12-17 19:32:06.186  1795 16498 D PowerManagerService: ready=false,policy=3,wakefulness=1,wksummary=0x10,uasummary=0x1,bootcompleted=true,boostinprogress=false,waitmodeenable=false,mode=true,manual=33,auto=-1,adj=0.0userId=0
12-17 19:32:06.186  1795 16498 D PowerManagerService: Releasing suspend blocker "PowerManagerService.WakeLocks".
12-17 19:32:06.188  1795  1795 D DeviceIdleController: stopMonitoringMotionLocked()
12-17 19:32:06.188  1795  1795 I AlarmManager: remove(null) changed bounds; rebatching
12-17 19:32:06.189  1795  1807 D DeviceIdleController: handleMessage(5)
12-17 19:32:06.190  1795  3237 I NotificationManager: cancelNotificationWithTag pid 3608,uid = 1001,tag = null,pkg =com.android.incallui,id =2
12-17 19:32:06.190  3608  3608 D InCall  : StatusBarNotifier - updateInCallNotification: timer cleared
12-17 19:32:06.191  1795  1795 I AlarmManager: remove(PendingIntent{2f9e644: PendingIntentRecord{527f32d android broadcastIntent}}) changed bounds; rebatching
12-17 19:32:06.191  3608  3608 I InCall  : ProximitySensor - ProximitySensor{keybrd=0, dpad=0, offhook=1, hor=0, ui=1, aud=EARPIECE}
12-17 19:32:06.191  3608  3608 D InCall  : ProximitySensor - Turning on proximity sensor
12-17 19:32:06.191  3608  3608 I InCall  : ProximitySensor - Proximity wake lock already acquired
12-17 19:32:06.191  3608  3608 D InCall  : AnswerPresenter - onUiShowingtrue
12-17 19:32:06.191  3608  3608 D InCall  : AnswerPresenter - onCallListChange callList=com.android.incallui.CallList@86c7f97
12-17 19:32:06.192  3608  3608 D HwCust  : Create obj success use class com.android.incallui.HwCustAnswerPresenterImpl
12-17 19:32:06.192  1795 16232 D PowerManagerService: acquire lock=5152000, flags=0x1, tag="RILJ_ACK_WL", name=com.android.phone, ws=null, uid=1001, pid=3218
12-17 19:32:06.193  1795 16232 D PowerManagerService: ready=false,policy=3,wakefulness=1,wksummary=0x11,uasummary=0x1,bootcompleted=true,boostinprogress=false,waitmodeenable=false,mode=true,manual=33,auto=-1,adj=0.0userId=0
12-17 19:32:06.193  1795 16232 D PowerManagerService: Acquiring suspend blocker "PowerManagerService.WakeLocks".
12-17 19:32:06.194  3608  3608 D InCall  : AnswerPresenter - onCallListChange callList=com.android.incallui.CallList@86c7f97
12-17 19:32:06.194  2852  2852 I BackgrounCallingLayout: simCount:2 phoneState:2
