12-17 19:32:30.346  1795  1806 I AlarmManager: remove(PendingIntent{8a95313: PendingIntentRecord{7f86237 com.huawei.espacev2 broadcastIntent}}) changed bounds; rebatching
12-17 19:32:30.349  1795 16232 I AlarmManager: set(PendingIntent{b1a5950: PendingIntentRecord{7f86237 com.huawei.espacev2 broadcastIntent}}) : type=0 triggerAtTime=1481974650348 win=0 tElapsed=443186711 maxElapsed=443186711 interval=300000 flags=0x1
12-17 19:32:30.351   816 20383 D DnsProxyListener: GetAddrInfoHandler addr: uc.huawei.com {304, 917808, 10102} 172.30.70.63
12-17 19:32:30.356 10324 10324 D MagicLink: MagicLink2-BroadcastReceiver:====>ACTION_SCREEN_ON
12-17 19:32:30.357 31949 31967 I eSpaceService: WatchThread{4786} TcpCirChannel.connect(TcpCirChannel.java:219) Connect to server  address = [uc.huawei.com,]  port = 7801
12-17 19:32:30.357  1795  1795 D PowerManagerService: acquire lock=228612087, flags=0x1, tag="ActivityManager-Sleep", name=android, ws=null, uid=1000, pid=1795
12-17 19:32:30.358  1795  1795 D PowerManagerService: ready=false,policy=0,wakefulness=0,wksummary=0x11,uasummary=0x0,bootcompleted=true,boostinprogress=false,waitmodeenable=false,mode=true,manual=33,auto=-1,adj=0.0userId=0
12-17 19:32:30.358  1795  1795 I ActivityManager_activity: Start pausing: ActivityRecord{b46dc67 u0 com.android.incallui/.InCallActivity t310}
12-17 19:32:30.359  3608  3608 I InCall  : VideoCallFragment - onPause:
12-17 19:32:30.359  3608  3608 I InCall  : VideoCallPresenter - isVideoCallWorking, state is: 3
12-17 19:32:30.359  3608  3608 D InCall  : VideoCallPresenter - pauseVideo: Error bad state mPrimaryCall=[Call_10, ACTIVE, [Capabilities: CAPABILITY_HOLD CAPABILITY_SUPPORT_HOLD CAPABILITY_MUTE CAPABILITY_CANNOT_DOWNGRADE_VIDEO_TO_AUDIO], children:[], parent:null, conferenceable:[], videoState:Audio Only, mSessionModificationState:0, VideoSettings:(CameraDir:-1)] mVideoCall=null
12-17 19:32:30.359  3608  3608 D InCall  : InCallActivity - onPause()...
12-17 19:32:30.359  3608  3608 D InCall  : DialpadFragment - Notifying dtmf key up.
12-17 19:32:30.360  3608  3608 D InCall  : ContactInfoCache - Contact lookup. In memory cache hit; lookup complete
12-17 19:32:30.360 31949 31967 I ECS     : WatchThread{4786} TcpClient.clearAll(TcpClient.java:240) ==================== TCP CLIENT CLEAR ALL ====================
12-17 19:32:30.361 31949 31985 I PushService: connect :true
12-17 19:32:30.364 31949 31967 I ECS     : WatchThread{4786} TcpClient.connect(TcpClient.java:162) ==================== TCP CLIENT CONNECT [2] ====================
12-17 19:32:30.365 31949 31967 I TCP     : WatchThread{4786} TcpClientThread.connect(TcpClientThread.java:52) will connect to uc.huawei.com:7801
12-17 19:32:30.366 31949 31967 I TCP     : tcp.conn{4787} TcpClientThread.connectSocket(TcpClientThread.java:349) connecting max 30000ms to uc.huawei.com:7801
12-17 19:32:30.367 31949 31967 I TCP     : tcp.conn{4787} TcpSocket.connect_i(TcpSocket.java:84) connecting to ip address uc.huawei.com/172.30.70.63
12-17 19:32:30.369  1795  1825 I DisplayPowerController: checkPhoneWindowIsTop:pakcage name:com.android.incallui,ClassName name:com.android.incallui.InCallActivity
12-17 19:32:30.369  1795  1825 I PowerManager_screenOn: DisplayPowerStatesetColorFadeLevel: level=0.0
12-17 19:32:30.370  1795  1825 I DisplayPowerController: set brightness to DIM brightness:6
12-17 19:32:30.370  1795  1825 D DisplayPowerController: Unfinished business...
12-17 19:32:30.370  1795  1825 I PowerManager_screenOn: DisplayPowerController updatePowerState mPendingRequestLocked=policy=OFF, useProximitySensor=true, useProximitySensorbyPhone=true, screenBrightness=33, screenAutoBrightnessAdjustment=0.0, brightnessSetByUser=true, useAutoBrightness=true, blockScreenOn=false, lowPowerMode=false, boostScreenBrightness=false, dozeScreenBrightness=-1, dozeScreenState=UNKNOWN, useTwilight=false, useSmartBacklight=true, brightnessWaitMode=false, brightnessWaitRet=true, screenAutoBrightness=-1, userId=0
12-17 19:32:30.370  1795  1825 I PowerManager_screenOn: DisplayPowerStatesetScreenState: state=1
12-17 19:32:30.370  1795  1825 D FpDataCollector: DisplayPowerState :OFF
12-17 19:32:30.370  1795  2750 I PowerManager_screenOn: DisplayPowerState Updating screen state: state=ON, backlight=0
12-17 19:32:30.370  1795  2750 I HwLightsService: back light level before map = 0
12-17 19:32:30.370  3608  3608 D InCall  : StatusBarNotifier - Showing notification for first time.
12-17 19:32:30.370  3608  3608 D InCall  : StatusBarNotifier - Data changed.  Showing notification
12-17 19:32:30.370  3608  3608 D InCall  : StatusBarNotifier - contactsentry_photo is null
12-17 19:32:30.370  1795  3110 D PowerManagerService: release:lock=5152000, flg=0x0, tag="RILJ_ACK_WL", name=com.android.phone", ws=null, uid=1001, pid=3218
12-17 19:32:30.370  1795  2750 D HW_DISPLAY_EFFECT: presently, hw_update_color_temp_for_rg_led interface not achieved.
12-17 19:32:30.375 31949 31967 I TCP     : tcp.conn{4787} TcpClientThread.connectSocket(TcpClientThread.java:360) notify user tcp connected successully at 36834 to uc.huawei.com:7801
12-17 19:32:30.375  3608  3608 D HwCust  : Create obj success use class android.app.HwCustNotificationImpl
12-17 19:32:30.376  3608  3608 D HwCust  : Create obj success use class android.app.HwCustNotificationImpl
12-17 19:32:30.376  3608  3608 E InCall  : StatusBarNotifier - getNotificationBuilder
12-17 19:32:30.376 31949 31967 I TCP     : tcp.conn{4787} TcpClientThread.onRecv(TcpClientThread.java:522) tcp connection event TCP_CONNECTED
12-17 19:32:30.377  1795  2332 I qti_sensors_hal: [ACC]processReportInd: X: 4.863950 Y: 7.371710 Z: 3.149800  x_offset:0.160831 y_offset:0.184366 z_offset:0.985027
12-17 19:32:30.379 16354 16354 E HwSystemManager: MemCPUMonitor:startTimerMonitor isCompleted = true
12-17 19:32:30.380 31949 31967 I TCP     : tcp.recv{4790} TcpClientThread.onReceiverWork(TcpClientThread.java:292) connected
12-17 19:32:30.385 17238 17238 D Bth     : BtChrStatisticsManager:sendScreenOnEvent enter.
12-17 19:32:30.385 17238 17252 D Bth     : BtChrStatisticsManager:msg Loop is running.
12-17 19:32:30.386 31949 31967 I PushService: tcp.conn{4787} ServiceC.connectedNotify(ServiceC.java:289) 172.30.70.63
12-17 19:32:30.388 31949 31967 I ECS     : tcp.conn{4787} XmlMsg.encodeBuf(XmlMsg.java:215) SEND 100 bytes [16]_00_00_00_60_00_03_01_05_01_04_81_BA_00_00_00_00 cmdCode(CC_PCheckVersion.0x0501)msgType(MT_ARG.1)msgClass(MC_Push.5)sender(ST_Mobile.0)crypted(false)zipped(false)nobase64(true)length(96)version(3)sno(81BA)
12-17 19:32:30.393  1795  3110 D PowerManagerService: ready=false,policy=0,wakefulness=0,wksummary=0x11,uasummary=0x0,bootcompleted=true,boostinprogress=false,waitmodeenable=false,mode=true,manual=33,auto=-1,adj=0.0userId=0
12-17 19:32:30.395  1795  1825 D HwAmbientLuxFilterAlgo: clear buffer data and algo flags
12-17 19:32:30.395  1795  1825 D lux trace:: []
12-17 19:32:30.395  1795  1825 D Sensors : activate called handle:3 enable:0
12-17 19:32:30.395  1795  1825 D Sensors : bh1745-light calling driver disable
12-17 19:32:30.395  1795  1825 W LightSensor: LightSensor, enable, 283: en=0
12-17 19:32:30.395  1795  1825 W LightSensor: LightSensor, enable, 284: flags=0
12-17 19:32:30.395  1795  1825 W LightSensor: LightSensor, enable, 285: mEnabled=1
12-17 19:32:30.395  1795  1825 E LightSensor: LightSensor disable, event occur num: 1
12-17 19:32:30.398 31949 31967 I TCP     : tcp.recv{4790} TcpClientThread.onReceiverWork(TcpClientThread.java:307) get tcp message 659
12-17 19:32:30.400  1795  1825 D AutomaticBrightnessController: Disable LightSensor at time:123056116
12-17 19:32:30.400  1795  1825 D DisplayPowerController: mode change : autoBrightnessEnabled=false,adjustment=0.0,state=1
12-17 19:32:30.400  1795  1825 D DisplayPowerController: Animating brightness: target=0, rate=0
12-17 19:32:30.400  1795  2750 I PowerManager_screenOn: DisplayPowerState Updating screen state: state=OFF, backlight=0
12-17 19:32:30.401   612   612 D SurfaceFlinger: Set power mode=0, type=0 flinger=0x7f9a25b400
12-17 19:32:30.401   612   612 I SDM     : HWCDisplay::SetPowerMode: display = 0, mode = 0
12-17 19:32:30.401   612   612 I SDM     : DisplayBase::SetDisplayState: Set state = 0, display 0
12-17 19:32:30.419  1795  3249 W ActivityManager: getRunningAppProcesses: caller 10105 does not hold REAL_GET_TASKS; limiting output
12-17 19:32:30.423  3608  3608 D InCall  : StatusBarNotifier - Will show "hang-up" action in the ongoing active call Notification
12-17 19:32:30.425  3608  3608 E WindowManagerEx: ret: 1
12-17 19:32:30.425  1795 16499 D HwWindowManagerService: imeVis=false
12-17 19:32:30.426  3608  3608 E WindowManagerEx: ret: 0
12-17 19:32:30.426  3608  3608 I InCall  : StatusBarNotifier - isTopIsFullscreen = true--isTopIsFullscreenInput()--false
12-17 19:32:30.426  3608  3608 E InCall  : StatusBarNotifier - buildAndSendNotification state=3 showHeadUpNotification=false mHeadupViewShow=false
12-17 19:32:30.426  3608  3608 D InCall  : StatusBarNotifier - isDreaming = false
12-17 19:32:30.426  3608  3608 D InCall  : StatusBarNotifier - Notifying IN_CALL_NOTIFICATION: Notification(pri=2 contentView=null vibrate=null sound=null defaults=0x0 flags=0x2 color=0x00000000 actions=3 vis=PRIVATE publicVersion=Notification(pri=0 contentView=null vibrate=null sound=null defaults=0x0 flags=0x0 color=0xff33b5e5 vis=PRIVATE))
12-17 19:32:30.432  1795 11746 I NotificationManager: enqueueNotificationInternal: pkg=com.android.incallui id=2 notification=Notification(pri=2 contentView=null vibrate=null sound=null defaults=0x0 flags=0x2 color=0x00000000 actions=3 vis=PRIVATE publicVersion=Notification(pri=0 contentView=null vibrate=null sound=null defaults=0x0 flags=0x0 color=0xff33b5e5 vis=PRIVATE))
12-17 19:32:30.434  3608  3608 I InCall  : ProximitySensor - ProximitySensor{keybrd=0, dpad=0, offhook=1, hor=0, ui=1, aud=EARPIECE}
12-17 19:32:30.434  3608  3608 D InCall  : ProximitySensor - Turning on proximity sensor
12-17 19:32:30.434  3608  3608 I InCall  : ProximitySensor - Proximity wake lock already acquired
12-17 19:32:30.434  3608  3608 D InCall  : AnswerPresenter - onUiShowingfalse
12-17 19:32:30.434  3608  3608 D InCall  : GlowPadAnswerFragment - Show answer UI: false
12-17 19:32:30.435  3608  3608 D InCall  : GlowPadWrapper - stopPing
12-17 19:32:30.435  3608  3608 I InCall  : GlowPadAnswerFragment - showVideoAnswerButtonfalsefalse
12-17 19:32:30.435  1795  2778 I ActivityManager_activity: Moving to PAUSED: ActivityRecord{b46dc67 u0 com.android.incallui/.InCallActivity t310} (pause complete)
12-17 19:32:30.438  1795  2332 I qti_sensors_hal: [ACC]processReportInd: X: 5.477399 Y: 6.628775 Z: 2.755960  x_offset:0.160831 y_offset:0.184366 z_offset:0.985027
12-17 19:32:30.499  1795  2332 I qti_sensors_hal: [ACC]processReportInd: X: 8.053128 Y: 6.044638 Z: 1.973857  x_offset:0.160831 y_offset:0.184366 z_offset:0.985027
12-17 19:32:30.559  1795  2332 I qti_sensors_hal: [ACC]processReportInd: X: 6.820554 Y: 6.489829 Z: 3.234526  x_offset:0.160831 y_offset:0.184366 z_offset:0.985027
12-17 19:32:30.616  1795  2332 I qti_sensors_hal: [ACC]processReportInd: X: 6.408444 Y: 6.572073 Z: 3.791309  x_offset:0.160831 y_offset:0.184366 z_offset:0.985027
12-17 19:32:30.617  1795  2750 D SurfaceControl: Excessive delay in setPowerMode(): 216ms
12-17 19:32:30.617  1795  2750 D PowerManagerService: Setting HAL interactive mode to false
12-17 19:32:30.617  1795  1825 I PowerManager_screenOn: DisplayPowerController updatePowerState mPendingRequestLocked=policy=OFF, useProximitySensor=true, useProximitySensorbyPhone=true, screenBrightness=33, screenAutoBrightnessAdjustment=0.0, brightnessSetByUser=true, useAutoBrightness=true, blockScreenOn=false, lowPowerMode=false, boostScreenBrightness=false, dozeScreenBrightness=-1, dozeScreenState=UNKNOWN, useTwilight=false, useSmartBacklight=true, brightnessWaitMode=false, brightnessWaitRet=true, screenAutoBrightness=-1, userId=0
12-17 19:32:30.617  1795  2750 I QTI PowerHAL: Got set_interactive hint
12-17 19:32:30.617  1795  1825 D DisplayPowerController: Animating brightness: target=0, rate=0
12-17 19:32:30.618   625   718 E libnav  : AbaSuspend skips CABL deactivate: state was 3
12-17 19:32:30.618   533  3739 E ANDR-PERF-MPCTL: Invalid profile no. 0, total profiles 0 only
12-17 19:32:30.618  1795  2750 D libfingersense_wrapper: Calling fingersense_on_pause()
12-17 19:32:30.618  1795  2750 D libfingersense_wrapper: fingersense_on_pause() finished
12-17 19:32:30.618  1795  2750 D PowerManagerService: Setting HAL auto-suspend mode to true
12-17 19:32:30.619  1795  1825 I PowerManager_screenOn: DisplayPowerController updatePowerState mPendingRequestLocked=policy=OFF, useProximitySensor=true, useProximitySensorbyPhone=true, screenBrightness=33, screenAutoBrightnessAdjustment=0.0, brightnessSetByUser=true, useAutoBrightness=true, blockScreenOn=false, lowPowerMode=false, boostScreenBrightness=false, dozeScreenBrightness=-1, dozeScreenState=UNKNOWN, useTwilight=false, useSmartBacklight=true, brightnessWaitMode=false, brightnessWaitRet=true, screenAutoBrightness=-1, userId=0
12-17 19:32:30.619  1795  1825 D DisplayPowerController: Animating brightness: target=0, rate=0
12-17 19:32:30.619  1795  1825 D DisplayPowerController: Display ready!
12-17 19:32:30.619  1795  1825 D DisplayPowerController: Finished business...
12-17 19:32:30.619  1795  1825 D PowerManagerService: ready=true,policy=0,wakefulness=0,wksummary=0x11,uasummary=0x0,bootcompleted=true,boostinprogress=false,waitmodeenable=false,mode=true,manual=33,auto=-1,adj=0.0userId=0
