12-17 19:34:56.203  3382  3399 D QcrilMsgTunnelSocket: To broadcast an Intent via the notifier to external apps
12-17 19:34:56.203  1795  1805 D PowerManagerService: acquire lock=247092602, flags=0x1, tag="RILJ_ACK_WL", name=com.android.phone, ws=null, uid=1001, pid=3218
12-17 19:34:56.203  1795  1805 D PowerManagerService: ready=false,policy=3,wakefulness=1,wksummary=0x11,uasummary=0x1,bootcompleted=true,boostinprogress=false,waitmodeenable=false,mode=true,manual=33,auto=-1,adj=0.0userId=0
12-17 19:34:56.203  1046  2704 V ThreadsEx: HDebug print the key vsid
12-17 19:34:56.203  1046  2704 D audio_hw_primary: adev_set_parameters: enter: vsid=297816064;call_state=1
12-17 19:34:56.203  1046  2704 I Huawei_audio_cust: huawei_audio huawei_choose_HandsFree_device_incall_forHWtest: test Type =4
12-17 19:34:56.203  1046  2704 I Huawei_audio_cust: huawei_audio huawei_choose_Handset_device_incall_forHWtest: test Type =4
12-17 19:34:56.203  1046  2704 I Huawei_audio_cust: get_spk_pa_type: pa is max98925
12-17 19:34:56.203  1046  2704 I Huawei_audio_cust: huawei_common_set_parameters: exit with code(0)
12-17 19:34:56.203  1046  2704 V Huawei_audio_cust: huawei_cust_set_parameters: exit with code(0)
12-17 19:34:56.203  1046  2704 D voice_extn: update_call_states is_call_active:1 in_call:1, mode:2
12-17 19:34:56.203  1046  2704 D voice_extn: update_calls: enter:
12-17 19:34:56.203  1046  2704 D voice_extn: update_calls: cur_state=1 new_state=1 vsid=10c01000
12-17 19:34:56.203  1046  2704 D voice_extn: update_calls: cur_state=1 new_state=1 vsid=10dc1000
12-17 19:34:56.203  1046  2704 D voice_extn: update_calls: cur_state=1 new_state=1 vsid=10c02000
12-17 19:34:56.203  1046  2704 D voice_extn: update_calls: cur_state=1 new_state=1 vsid=10803000
12-17 19:34:56.203  1046  2704 D voice_extn: update_calls: cur_state=1 new_state=1 vsid=10002000
12-17 19:34:56.203  1046  2704 D voice_extn: update_calls: cur_state=2 new_state=1 vsid=11c05000
12-17 19:34:56.203  1046  2704 D voice_extn: update_calls: ACTIVE/HOLD/LOCAL_HOLD -> INACTIVE vsid:11c05000
12-17 19:34:56.203  1046  2704 D voice   : voice_stop_usecase: enter usecase:voicemmode1-call
12-17 19:34:56.203  1046  2704 D voice   : voice_set_sidetone: disable, out_snd_device: 15
12-17 19:34:56.203  1046  2704 V msm8916_platform: platform_set_sidetone: sidetone out device(15) mixer cmd = sidetone-handset
12-17 19:34:56.203  1795 11747 D PowerManagerService: acquire lock=247092602, flags=0x1, tag="RILJ_ACK_WL", name=com.android.phone, ws=null, uid=1001, pid=3218
12-17 19:34:56.204  1795 11747 D PowerManagerService: ready=false,policy=3,wakefulness=1,wksummary=0x11,uasummary=0x1,bootcompleted=true,boostinprogress=false,waitmodeenable=false,mode=true,manual=33,auto=-1,adj=0.0userId=0
12-17 19:34:56.204  1795  1795 I NotificationManager: enqueueNotificationInternal: n.getKey = 0|com.huawei.health|10010|null|10099
12-17 19:34:56.204  3382  3382 D QcrilMsgTunnelIfaceManager: handleMessage what = 0
12-17 19:34:56.204  3382  3382 I SendBroadcastPermission: action:com.qualcomm.intent.action.ACTION_UNSOL_RESPONSE_OEM_HOOK_RAW, mPermissionType:0
12-17 19:34:56.204  1795 17831 D PowerManagerService: ready=false,policy=3,wakefulness=1,wksummary=0x11,uasummary=0x1,bootcompleted=true,boostinprogress=false,waitmodeenable=false,mode=true,manual=33,auto=-1,adj=0.0userId=0
12-17 19:34:56.204  1795  1795 V NotificationService: disableEffects=null canInterrupt=false once update: false
12-17 19:34:56.205  1795  1795 D HwPFWLogger: PFW.HwPFWService:mBroadcastReceiver action = android.intent.action.SCREEN_ON
12-17 19:34:56.205  1795  2708 D HwPFWLogger: PFW.HwPFWService:handle PFW_MSG_SYSTEM
12-17 19:34:56.205  1795  2708 D HwPFWLogger: PFW.HwPFWAppRestartPolicy:receive action = android.intent.action.SCREEN_ON
12-17 19:34:56.206  1795  2396 D PowerManagerService: ready=false,policy=3,wakefulness=1,wksummary=0x11,uasummary=0x1,bootcompleted=true,boostinprogress=false,waitmodeenable=false,mode=true,manual=33,auto=-1,adj=0.0userId=0
12-17 19:34:56.207  3218  3218 I TransactionSponsor: Transact:getHwAdminCachedValue to device policy manager service.
12-17 19:34:56.207  1795  3884 I HwActivityManagerService: Split enqueueing broadcast [callerApp]:ProcessRecord{4ff57fc 3382:com.qualcomm.qcrilmsgtunnel/1001}
12-17 19:34:56.208  1795  1795 D WifiService: onReceive, action:android.intent.action.SCREEN_ON
12-17 19:34:56.208  1795 11746 I TransactionProcessor: HwDPMS received transaction_isHwFrameworkAdminAllowed, the ret: false
12-17 19:34:56.208  1795  2670 D WifiController: DeviceActiveState{ when=0 what=155650 target=com.android.internal.util.StateMachine$SmHandler }
12-17 19:34:56.208  1795  2670 D WifiController: StaEnabledState what=155650
12-17 19:34:56.208  1795  2670 D WifiController: DefaultState what=155650
12-17 19:34:56.208  1795 15987 D PowerManagerService: ready=false,policy=3,wakefulness=1,wksummary=0x11,uasummary=0x1,bootcompleted=true,boostinprogress=false,waitmodeenable=false,mode=true,manual=33,auto=-1,adj=0.0userId=0
12-17 19:34:56.208  1795  2670 I AlarmManager: remove(PendingIntent{50e3a01: PendingIntentRecord{a8130a6 android broadcastIntent}}) changed bounds; rebatching
12-17 19:34:56.209  3218  3218 D QC_RIL_OEM_HOOK: Received Broadcast Intent ACTION_UNSOL_RESPONSE_OEM_HOOK_RAW
12-17 19:34:56.209  3218  3218 D QC_RIL_OEM_HOOK: Oem ID in QCRILHOOK UNSOL RESP is QOEMHOOK
12-17 19:34:56.210  2852  2852 I StatusBar: onNotificationPosted: StatusBarNotification(pkg=com.huawei.health user=UserHandle{0} id=10010 tag=null key=0|com.huawei.health|10010|null|10099: Notification(pri=0 contentView=null vibrate=null sound=null defaults=0x0 flags=0x62 color=0x00000000 vis=PRIVATE)) important=2, post=1481974496195, when=1481531589202, vis=0, userid=0
12-17 19:34:56.210  2852  2852 D StatusBar: updateNotification(StatusBarNotification(pkg=com.huawei.health user=UserHandle{0} id=10010 tag=null key=0|com.huawei.health|10010|null|10099: Notification(pri=0 contentView=null vibrate=null sound=null defaults=0x0 flags=0x62 color=0x00000000 vis=PRIVATE)))
12-17 19:34:56.211  1795  1795 D HwArpVerifier: startWifiRouteCheck
12-17 19:34:56.211  2852  2852 D HwCust  : Create obj success use class android.app.HwCustNotificationImpl
12-17 19:34:56.212  3608  3608 D InCall  : CallCardFragment - onGlobalLayout
12-17 19:34:56.212  2852  2852 I StatusBarIconView: updateTint: tint=0
12-17 19:34:56.213  1795  2778 D PowerManagerService: ready=false,policy=3,wakefulness=1,wksummary=0x11,uasummary=0x1,bootcompleted=true,boostinprogress=false,waitmodeenable=false,mode=true,manual=33,auto=-1,adj=0.0userId=0
12-17 19:34:56.213  2852  2852 D StatusBar: No peeking: unimportant notification: 0|com.huawei.health|10010|null|10099
12-17 19:34:56.213  2852  2852 D StatusBar: applyInPlace=true shouldPeek=false alertAgain=true
12-17 19:34:56.213  2852  2852 I NotificationGroupManager: onEntryUpdated:0|com.huawei.health|10010|null|10099
12-17 19:34:56.214  2852  2852 I NotificationGroupManager: onEntryAdded:0|com.huawei.health|10010|null|10099, group=0|com.huawei.health|10010|null|10099
12-17 19:34:56.214  1795  1795 D WifiProStatisticsManager: sendScreenOnEvent enter.
12-17 19:34:56.214  2852  2852 D StatusBar: reusing notification for key: 0|com.huawei.health|10010|null|10099
12-17 19:34:56.214  1795  2733 D WiFi_PRO_WifiProStateMachine: device screen on,but isScreenOffMonitor is false
12-17 19:34:56.214  1795  2734 D WifiProStatisticsManager: msg Loop is running.
12-17 19:34:56.214  2852  2852 D HwCust  : Create obj success use class android.app.HwCustNotificationImpl
12-17 19:34:56.214  2852  2852 D HwCust  : Create obj success use class android.app.HwCustNotificationImpl
12-17 19:34:56.214  2852  2852 I StatusBarIconView: updateTint: tint=0
12-17 19:34:56.215  1795  1821 I WindowManger_keyguard: Setting mDismissKeyguard true by win Window{e6a6b5e u0 com.android.incallui/com.android.incallui.InCallActivity}
12-17 19:34:56.217  3608  3608 I InCall  : CallList - hasAnyLiveCall call = [Call_10, ACTIVE, [Capabilities: CAPABILITY_HOLD CAPABILITY_SUPPORT_HOLD CAPABILITY_MUTE CAPABILITY_CANNOT_DOWNGRADE_VIDEO_TO_AUDIO], children:[], parent:null, conferenceable:[], videoState:Audio Only, mSessionModificationState:0, VideoSettings:(CameraDir:-1)]
12-17 19:34:56.217  3608  3608 I InCall  : ProximitySensor - isDisplayOn: true
12-17 19:34:56.217  1795  3238 I SendBroadcastPermission: action:android.intent.action.PRECISE_CALL_STATE, mPermissionType:0
12-17 19:34:56.219  1795  3238 I ActivityManager_broadcast: collectReceiverComponents, callerApp: ProcessRecord{34bf34f 0:system/1000}, intent:android.intent.action.PRECISE_CALL_STATE, receiver size:1, flags: 10000400
12-17 19:34:56.219  1795 11747 I qti_sensors_hal: flush,395,handle 0
12-17 19:34:56.219  1795 11747 I qti_sensors_hal: flush,260 handle 0
12-17 19:34:56.219  1795  3238 I HwActivityManagerService: Split enqueueing broadcast [callerApp]:ProcessRecord{34bf34f 0:system/1000}
12-17 19:34:56.219  1795  3238 I ActivityManager_broadcast: Enqueueing ordered broadcast[background] BroadcastRecord{c7177b4 u-1 android.intent.action.PRECISE_CALL_STATE}: prev had 0
12-17 19:34:56.220  1795  1808 I ActivityManager_broadcast: dispatch ordered broadcast [background] BroadcastRecord{c7177b4 u-1 android.intent.action.PRECISE_CALL_STATE}, has 1 receivers
12-17 19:34:56.220  3168  3168 I CHR_TelStatusListenr: onPreciseCallStateChanged: iDisconnectCause = 2, iPreciseDiscCause = 16, on sub: 0
12-17 19:34:56.220  3168  3168 I CHR_ChrCallServiceTracker0: PreciseCallStateChanged---> mSubId:0,mNewRingingCallState:0,getRingingCallState:0,getForegroundCallState:1,getBackgroundCallState:0
12-17 19:34:56.220  3168  3168 I CHR_ChrCallServiceTracker0: CallStateChanged--->1. preciseCallState: 1 , on sub: 0
12-17 19:34:56.220  3168  3168 I CHR_ChrCallServiceTracker0: CallStateChanged--->getDisconnectCause: 2, getPreciseDisconnectCause:16, mSubId:0
12-17 19:34:56.220  3168  3168 I CHR_TelStatusListenr: onPreciseCallStateChanged: iDisconnectCause = 2, iPreciseDiscCause = 16, on sub: 1
12-17 19:34:56.220  3168  3168 I CHR_ChrCommonInfo: onCallStateChanged: mListenCallState is: 0 , on sub: 0
12-17 19:34:56.220  3168  3168 I CHR_QcChrModemService: onCallStateChanged: callState:0
12-17 19:34:56.220  1795 17831 I SendBroadcastPermission: action:android.intent.action.SUBSCRIPTION_PHONE_STATE, mPermissionType:0
12-17 19:34:56.220  2852  3556 I NetworkController.MobileSignalController(0): mSimSubId:0 state:0
12-17 19:34:56.220  3168  3168 I CHR_ChrCallServiceTracker0: onCallStateChanged: mListenCallState is: 0 , on sub: 0
12-17 19:34:56.220  3168  3168 I CHR_ChrCallServiceTracker0: CallStateChanged--->[ 0 ]: 2->0
12-17 19:34:56.220  3168  3168 I CHR_ChrCallServiceTracker0: CallStateChanged--->the Call Disconnect--->
12-17 19:34:56.221  2852  2914 I HwMobileSignalController: onCallStateChanged: state=0
12-17 19:34:56.222  3168  3168 I CHR_Silient: Success!!! ---->>>> 0
12-17 19:34:56.222  3168  3168 I CHR_ChrCallServiceTracker0: CallStateChanged--->mCallState : 0->1, mSubId : 0, mIsIncoming : true, mIsIncall : true, mDisconnectCause : 2, callDuration : 0, mDailDuration : 2949, mLastCallType : 0
12-17 19:34:56.222  3168  3168 I CHR_ChrCallServiceTracker0: CallStateChanged---> callDuration:250851
12-17 19:34:56.222  3168  3168 I CHR_ChrCallServiceTracker0: Call drop, need to notifyCallDuration:250851
12-17 19:34:56.222  3168  3168 I CHR_TelStatusListenr: onCallDuration:250851
12-17 19:34:56.223  3168  3168 I CHR_TelStatusListenr: getActiveCallDisconnectScene, callDur:250851, iDisconnectCause:2
12-17 19:34:56.223  3168  3168 I CHR_TelStatusListenr0: stepAtomic
12-17 19:34:56.223  3168  3168 I CHR_TelStatusListenr: CallStatisInfo, stepAtomic, type: 8, mRat: 1, mMOCallCounter: 0, mMTCallCounter: 1, mDropCallFailCounter: 0, mMOCallFailCounter: 0, mMTCallFailCounter: 0, mDsDaCallCounter: 0, mActiveCallReHangupCounter: 1, mActiveCallLoHangupCounter: 0
12-17 19:34:56.223  3168  3168 I CHR_ChrCallServiceTracker0: isFailCall:false, mCallReasonFromAP:10002
12-17 19:34:56.223  3168  3168 I CHR_ChrCallServiceTracker0: CHR Info, clearParaInfo.
12-17 19:34:56.223  2852  2852 I HwPhoneStatusBar: updateNotificationShade
12-17 19:34:56.223  2852  2852 I PhoneStatusBar: updateNotificationShade
12-17 19:34:56.223  3168  3168 I CHR_ChrVolte: onCallStateChanged: new state is: 0
12-17 19:34:56.223  2852  2852 I PhoneStatusBar: removeNotificationChildren
12-17 19:34:56.223  3168  3168 I CHR_ChrVolte: CallStateChanged[0]: 2->0
