12-17 19:31:45.663  3180  3578 I BacklightControl: can't adjust backlight when app launch from other scene.
12-17 19:31:45.663  7741  7758 D TmoMonitor: Cache monitor msg as screen_off
12-17 19:31:45.664  3180  3578 I ThermalStateManager: handle action thermal policy:208
12-17 19:31:45.665  3180  3578 I ash     : ash->screen on
12-17 19:31:45.667  1795  3957 E IzatSvc_OSObserver: I/LocTech-Label :: OSOBSERVER :: Data Items In
12-17 19:31:45.667  1795  3957 E IzatSvc_OSObserver: I/LocTech-Value :: Data Item Value: IS_SCREEN_ON: true
12-17 19:31:45.668  1795  3975 E LocSvc_libulp: I/int ulp_msg_process_system_update(const UlpSystemEvent): systemEvent:0 
12-17 19:31:45.668  3218  4070 E HW-JPEG-DEC: [HME_JPEG_DEC_Delete](3298): HME_JPEG_DEC_Delete: decoder_ctx=null
12-17 19:31:45.670  5215  5215 D wpa_supplicant: nl80211: Event message available
12-17 19:31:45.671  5215  5215 D wpa_supplicant: nl80211: Drv Event 79 (NL80211_CMD_SET_REKEY_OFFLOAD) received for wlan0
12-17 19:31:45.671  5215  5215 D wpa_supplicant: nl80211: Rekey offload event for BSSID 80:38:bc:08:42:c1
12-17 19:31:45.671  5215  5215 D wpa_supplicant: nl80211: Rekey offload - Replay Counter - hexdump(len=8): 00 00 00 00 00 00 00 02
12-17 19:31:45.671  5215  5215 D wpa_supplicant: wlan0: Event DRIVER_GTK_REKEY (35) received
12-17 19:31:45.673  1795  2736 E hwintelligencewifi: inlineAddCurrentApInfo mInfos.size()=132
12-17 19:31:45.675  3180  3578 I ash     : ash->screen unlock
12-17 19:31:45.675  2883  2996 I HwSystemManager: TafficState:default sub id = 0slotIndex = 0 subscriptionId = 0
12-17 19:31:45.678  1795  3110 I AlarmManager: remove(PendingIntent{267e650: PendingIntentRecord{601e5f3 com.huawei.indexsearch.observer broadcastIntent}}) changed bounds; rebatching
12-17 19:31:45.680  2883  2996 E HwSystemManager: LeisureTrafficSetting:result is empty
12-17 19:31:45.682  3180  4303 I AwareLog: MemoryRecoveryDMEPlugin: reportScene typeId = 2002
12-17 19:31:45.682  3180  4303 I AwareLog: MemoryRecoveryDMEPlugin: receive sceen on event
12-17 19:31:45.682  3180  4303 I AwareLog: MemoryRecoveryDMEPlugin: the message is still in the messagequeue, remove it
12-17 19:31:45.683  2883  2996 I HwSystemManager: NatTrafficNotifyService:delta byte = 0 no traffic delta = 0Traffic state is 301
12-17 19:31:45.687  3626  3626 I HourObserver: enter into handleScrnOnOffTimeStats, scrnOn = true, mIsPreScrnOn = false, mScrnSwitchTime = 1481974305506, occurTime = 1481974305685, delta = 179, mScrnOffAccTime = 1732082, mScrnOnAccTime = 109007
12-17 19:31:45.687  3626  3626 I HourObserver: left handleScrnOnOffTimeStats, mScrnOffAccTime = 1732261, mScrnOffAccTime = 1732261, mScrnOnAccTime = 109007
12-17 19:31:45.689  2883  2996 I HwSystemManager: ExtraTrafficSetting:result is empty
12-17 19:31:45.691  3626  3626 I iMonitor: create: 903001010
12-17 19:31:45.691  5224  5224 I Step_LSC: 20002302|logicalDealBroadcastEvent : Intent { act=android.intent.action.SCREEN_ON flg=0x50000010 }
12-17 19:31:45.692  5224  5283 I Step_LSC: 20002302| ## MSG_DEAL_SYSTEM_EVENT android.intent.action.SCREEN_ON
12-17 19:31:45.692  5224  5283 I Step_StandStepCounter: 20002302|flush sensor data
12-17 19:31:45.693  1795  6986 I qti_sensors_hal: flush,395,handle 49
12-17 19:31:45.693  1795  6986 I qti_sensors_hal: flush:sensor(android.sensor.step_counter) handle:49
12-17 19:31:45.694  5224  5283 I Step_LSC: 20002302|REPORT : 4181 89378 2980 0
12-17 19:31:45.694  5224  5283 I SendBroadcastPermission: action:android.com.huawei.bone.NOTIFY_SPORT_DATA, mPermissionType:0
12-17 19:31:45.695  3626  3626 I iMonitor: send: 903001010
12-17 19:31:45.695   818  1152 I logserver: handle_exception_events enter
12-17 19:31:45.696  3626  3770 I LSC_903001010: process buffer and get message
12-17 19:31:45.700  5224  5283 I SendBroadcastPermission: action:android.com.huawei.bone.NOTIFY_SPORT_DATA, mPermissionType:0
12-17 19:31:45.702  1795 15987 I HwActivityManagerService: Split enqueueing broadcast [callerApp]:ProcessRecord{580cfb2 5224:com.huawei.health:DaemonService/u0a99}
12-17 19:31:45.704  5224  5283 I Step_HSNH: 20002302|upDateHealthNotification()|89|2.98|4181
12-17 19:31:45.704  5224  5283 I Step_HSNH: 20002302|rebuild notification
12-17 19:31:45.705  2883  2996 I HwSystemManager: ITrafficInfo:ITrafficInfo create 301updateBytes = 1769320345
12-17 19:31:45.705  7741  7741 D Mms_TX_NOTIFY: Get no-perm notification callback android.intent.action.SCREEN_ON
12-17 19:31:45.705  7741  7741 D Mms_TX_NOTIFY: ScreenState present
12-17 19:31:45.706  2852  2852 I EventCenter: EventCenter Get :android.com.huawei.bone.NOTIFY_SPORT_DATA
12-17 19:31:45.706  1795  2332 I qti_sensors_hal: [ACC]processReportInd: X: 7.140988 Y: 7.509711 Z: 1.850954  x_offset:0.160831 y_offset:0.184366 z_offset:0.985027
12-17 19:31:45.707  3626  3753 I LogCollectService: msg = 103 received
12-17 19:31:45.707  1795  6988 I NotificationManager: enqueueNotificationInternal: pkg=com.huawei.health id=10010 notification=Notification(pri=0 contentView=null vibrate=null sound=null defaults=0x0 flags=0x2 color=0x00000000 vis=PRIVATE)
12-17 19:31:45.708  1795  1795 I NotificationManager: enqueueNotificationInternal: n.getKey = 0|com.huawei.health|10010|null|10099
12-17 19:31:45.714  3466  3466 I Contacts: DialpadFragment mBroadcastReceiver action:android.intent.action.SCREEN_ON
12-17 19:31:45.715  1795  1795 V NotificationService: disableEffects=null canInterrupt=false once update: false
12-17 19:31:45.716  3608  3608 D InCall  : InCallActivity - mScreenOnReceiver mCallEndOptionsDialog = null
12-17 19:31:45.717  2852  2852 I StatusBar: onNotificationPosted: StatusBarNotification(pkg=com.huawei.health user=UserHandle{0} id=10010 tag=null key=0|com.huawei.health|10010|null|10099: Notification(pri=0 contentView=null vibrate=null sound=null defaults=0x0 flags=0x62 color=0x00000000 vis=PRIVATE)) important=2, post=1481974305707, when=1481531589202, vis=0, userid=0
12-17 19:31:45.717  2852  2852 D StatusBar: updateNotification(StatusBarNotification(pkg=com.huawei.health user=UserHandle{0} id=10010 tag=null key=0|com.huawei.health|10010|null|10099: Notification(pri=0 contentView=null vibrate=null sound=null defaults=0x0 flags=0x62 color=0x00000000 vis=PRIVATE)))
12-17 19:31:45.718  2852  2852 D HwCust  : Create obj success use class android.app.HwCustNotificationImpl
12-17 19:31:45.718  2852  2852 I StatusBarIconView: updateTint: tint=0
12-17 19:31:45.719  2852  2852 D StatusBar: No peeking: unimportant notification: 0|com.huawei.health|10010|null|10099
12-17 19:31:45.719  2852  2852 D StatusBar: applyInPlace=true shouldPeek=false alertAgain=true
12-17 19:31:45.719  2852  2852 I NotificationGroupManager: onEntryUpdated:0|com.huawei.health|10010|null|10099
12-17 19:31:45.719  2852  2852 I NotificationGroupManager: onEntryAdded:0|com.huawei.health|10010|null|10099, group=0|com.huawei.health|10010|null|10099
12-17 19:31:45.719  2852  2852 D StatusBar: reusing notification for key: 0|com.huawei.health|10010|null|10099
12-17 19:31:45.719  2852  2852 D HwCust  : Create obj success use class android.app.HwCustNotificationImpl
12-17 19:31:45.720  2852  2852 D HwCust  : Create obj success use class android.app.HwCustNotificationImpl
12-17 19:31:45.720  2852  2852 I StatusBarIconView: updateTint: tint=0
12-17 19:31:45.725  2852  2852 I HwPhoneStatusBar: updateNotificationShade
12-17 19:31:45.725  2852  2852 I PhoneStatusBar: updateNotificationShade
12-17 19:31:45.725  2852  2852 I PhoneStatusBar: removeNotificationChildren
12-17 19:31:45.726  2852  2852 I HwNotificationIconAreaController: showNotificationAll
12-17 19:31:45.730  1795  1806 D StubTelephonyRegistry: uid:10028 pid:16628 PhoneStateListener.LISTEN_CELL_LOCATION:16 events:16
12-17 19:31:45.730  1795  1806 D StubTelephonyRegistry: LISTEN_CELL_LOCATION uid:10028
12-17 19:31:45.730 16628 16628 I TotemWeather: RetryTaskController:mTaskList is null
12-17 19:31:45.738 31949 31967 I TCP     : msg.recv{4791} TcpClientThread.onRecv(TcpClientThread.java:515) TCP Msg 659TCP_OK
12-17 19:31:45.738  2852  2852 I NotificationContentView: transferRemoteInputFocus: 0
12-17 19:31:45.739  2852  2852 I NotificationContentView: transferRemoteInputFocus: 0
12-17 19:31:45.739 31949 31967 I ECS     : msg.recv{4791} XmlMsg.decodeBuf(XmlMsg.java:237) RECV 663 bytes [12]_00_03_02_05_01_04_81_B2_31_40_84_00 cmdCode(CC_PCheckVersion.0x0501)msgType(MT_ACK.2)msgClass(MC_Push.5)sender(ST_Mobile.0)crypted(false)zipped(false)nobase64(true)length(659)version(3)sno(81B2)
12-17 19:31:45.740  2852  2852 I StackScrollAlgorithm: updateClipping isOverlap:false
12-17 19:31:45.740  2852  2852 I StackScrollAlgorithm: updateDimmedActivatedHideSensitive overlap:false
12-17 19:31:45.745 31949 31967 I PushService: main{1} PushService.onStartCommand(PushService.java:87) Push Service Start by  userEvent
12-17 19:31:45.746  1795  3225 I AlarmManager: remove(PendingIntent{49a049: PendingIntentRecord{7f86237 com.huawei.espacev2 broadcastIntent}}) changed bounds; rebatching
12-17 19:31:45.748  1795  2396 I AlarmManager: set(PendingIntent{fa5ad4e: PendingIntentRecord{7f86237 com.huawei.espacev2 broadcastIntent}}) : type=0 triggerAtTime=1481974605748 win=0 tElapsed=443142111 maxElapsed=443142111 interval=300000 flags=0x1
12-17 19:31:45.750  3218 13114 W PhoneInterfaceManager: shouldBlockLocation running ...
12-17 19:31:45.750  3218 13114 I PhoneInterfaceManager: shouldBlockLocation  ret:false
12-17 19:31:45.754 31949 31967 I eSpaceService: WatchThread{4786} TcpCirChannel.shutdown(TcpCirChannel.java:257) Login_By_Step-> shut down now connect
12-17 19:31:45.755 31949 31967 I ECS     : WatchThread{4786} TcpClient.clearAll(TcpClient.java:240) ==================== TCP CLIENT CLEAR ALL ====================
12-17 19:31:45.755 31949 31985 I PushService: connect :true
12-17 19:31:45.756 31949 31967 I ECS     : WatchThread{4786} TcpClient.disconnect_i(TcpClient.java:202) ==================== TCP CLIENT DISCONNECT ====================
12-17 19:31:45.756 31949 31967 I TCP     : WatchThread{4786} TcpClientThread.disconnectSocket(TcpClientThread.java:369) disconnecting to uc.huawei.com:7801
12-17 19:31:45.757 31949 31967 I TCP     : WatchThread{4786} TcpSocket.close(TcpSocket.java:158) shutdown output: java.net.SocketException: Socket is closed
12-17 19:31:45.760 31949 31967 W TCP     : tcp.recv{4790} TcpSocket.read(TcpSocket.java:242) <<< WARN(5) >>> java.net.SocketException: Socket closed
12-17 19:31:45.760  1795  2371 E huawei_ProximitySensor_CPP_Test: ProximitySensor: 9 is far event,0 is close event,value = 0.000000
12-17 19:31:45.760  1795  2371 I huawei_ProximitySensor_CPP_Test: readEvents:345: ProximitySensor: getTimestamp,mPendingEvent.timestamp =931059394 
12-17 19:31:45.760  1795  1825 D DisplayPowerController: handleProximitySensorEvent positive:true
12-17 19:31:45.761  1795  1825 I PowerManager_screenOn: DisplayPowerController updatePowerState mPendingRequestLocked=policy=BRIGHT, useProximitySensor=true, useProximitySensorbyPhone=true, screenBrightness=33, screenAutoBrightnessAdjustment=0.0, brightnessSetByUser=true, useAutoBrightness=true, blockScreenOn=false, lowPowerMode=false, boostScreenBrightness=false, dozeScreenBrightness=-1, dozeScreenState=UNKNOWN, useTwilight=false, useSmartBacklight=true, brightnessWaitMode=false, brightnessWaitRet=true, screenAutoBrightness=-1, userId=0
12-17 19:31:45.761  1795  1825 D DisplayPowerController: Animating brightness: target=25, rate=40
12-17 19:31:45.761  1795  1825 I PowerManager_screenOn: PowerManagerService goToSleepNoUpdateLocked: eventTime=123018933, reason=7, flags=0, uid=1000
12-17 19:31:45.761  1795  1825 I PowerManagerService: Going to sleep due to proximity...
12-17 19:31:45.761  1795  1825 I PowerManager_screenOn: PowerManagerNotifier onWakefulnessChangeStarted: wakefulness=3, reason=7, interactive=false, mInteractive=true, mInteractiveChanging=false
12-17 19:31:45.761  1795  1825 I PowerManager_screenOn: PowerManagerServiceonProximityPositivebyPhone -> updatePowerStateLocked
12-17 19:31:45.761  1795  1825 D PowerManagerService: ready=true,policy=3,wakefulness=3,wksummary=0x10,uasummary=0x1,bootcompleted=true,boostinprogress=false,waitmodeenable=false,mode=true,manual=33,auto=-1,adj=0.0userId=0
12-17 19:31:45.761  1795  1825 E PowerManagerService: startDreaming = true
12-17 19:31:45.764 10324 10324 D MagicLink: MagicLink2-BroadcastReceiver:====>ACTION_SCREEN_ON
