12-17 19:31:37.712  5224  5283 I Step_DataCache: 20002302|getTodayTotalSteps 4181
12-17 19:31:37.712  5224  5283 I Step_ExtendStepDataManager: 20002302|after compensate: cache step_4181
12-17 19:31:37.807  5224  5283 I Step_LSC: 20002302|REPORT : 4181 89378 2980 0
12-17 19:31:37.808  5224  5283 I SendBroadcastPermission: action:android.com.huawei.bone.NOTIFY_SPORT_DATA, mPermissionType:0
12-17 19:31:37.809  5224  5283 I SendBroadcastPermission: action:android.com.huawei.bone.NOTIFY_SPORT_DATA, mPermissionType:0
12-17 19:31:37.810  1795  3884 I HwActivityManagerService: Split enqueueing broadcast [callerApp]:ProcessRecord{580cfb2 5224:com.huawei.health:DaemonService/u0a99}
12-17 19:31:37.812  2852  2852 I EventCenter: EventCenter Get :android.com.huawei.bone.NOTIFY_SPORT_DATA
12-17 19:31:37.812  2852  2852 D StepCounterView: onStepCounterChange stepsNum:4181
12-17 19:31:37.812  5224  5283 I Step_HSNH: 20002302|upDateHealthNotification()|89|2.98|4181
12-17 19:31:37.813  5224  5283 I Step_HSNH: 20002302|rebuild notification
12-17 19:31:37.816  1795 16232 I NotificationManager: enqueueNotificationInternal: pkg=com.huawei.health id=10010 notification=Notification(pri=0 contentView=null vibrate=null sound=null defaults=0x0 flags=0x2 color=0x00000000 vis=PRIVATE)
12-17 19:31:37.817  1795  1795 I NotificationManager: enqueueNotificationInternal: n.getKey = 0|com.huawei.health|10010|null|10099
12-17 19:31:37.817  1795  1795 V NotificationService: disableEffects=null canInterrupt=false once update: false
12-17 19:31:37.819  2852  2852 I StatusBar: onNotificationPosted: StatusBarNotification(pkg=com.huawei.health user=UserHandle{0} id=10010 tag=null key=0|com.huawei.health|10010|null|10099: Notification(pri=0 contentView=null vibrate=null sound=null defaults=0x0 flags=0x62 color=0x00000000 vis=PRIVATE)) important=2, post=1481974297816, when=1481531589202, vis=0, userid=0
12-17 19:31:37.820  2852  2852 D StatusBar: updateNotification(StatusBarNotification(pkg=com.huawei.health user=UserHandle{0} id=10010 tag=null key=0|com.huawei.health|10010|null|10099: Notification(pri=0 contentView=null vibrate=null sound=null defaults=0x0 flags=0x62 color=0x00000000 vis=PRIVATE)))
12-17 19:31:37.821  2852  2852 D HwCust  : Create obj success use class android.app.HwCustNotificationImpl
12-17 19:31:37.822  2852  2852 I StatusBarIconView: updateTint: tint=0
12-17 19:31:37.822  2852  2852 D StatusBar: No peeking: unimportant notification: 0|com.huawei.health|10010|null|10099
12-17 19:31:37.822  2852  2852 D StatusBar: applyInPlace=true shouldPeek=false alertAgain=true
12-17 19:31:37.822  2852  2852 I NotificationGroupManager: onEntryUpdated:0|com.huawei.health|10010|null|10099
12-17 19:31:37.822  2852  2852 I NotificationGroupManager: onEntryAdded:0|com.huawei.health|10010|null|10099, group=0|com.huawei.health|10010|null|10099
12-17 19:31:37.823  2852  2852 D StatusBar: reusing notification for key: 0|com.huawei.health|10010|null|10099
12-17 19:31:37.823  2852  2852 D HwCust  : Create obj success use class android.app.HwCustNotificationImpl
12-17 19:31:37.823  2852  2852 D HwCust  : Create obj success use class android.app.HwCustNotificationImpl
12-17 19:31:37.824  2852  2852 I StatusBarIconView: updateTint: tint=0
12-17 19:31:37.832  2852  2852 I HwPhoneStatusBar: updateNotificationShade
12-17 19:31:37.832  2852  2852 I PhoneStatusBar: updateNotificationShade
12-17 19:31:37.832  2852  2852 I PhoneStatusBar: removeNotificationChildren
12-17 19:31:37.832  2852  2852 I HwNotificationIconAreaController: showNotificationAll
12-17 19:31:37.842  2852  2852 I NotificationContentView: transferRemoteInputFocus: 0
12-17 19:31:37.842  2852  2852 I NotificationContentView: transferRemoteInputFocus: 0
12-17 19:31:37.843  2852  2852 I StackScrollAlgorithm: overlapAmount:763.6, previousNotificationEnd:607.0, newYTranslation:-156.59998, location:2, i:1, getTopPadding:499.0, getLocationOnScreen():-36
12-17 19:31:37.843  2852  2852 I StackScrollAlgorithm: updateClipping isOverlap:true
12-17 19:31:37.843  2852  2852 I StackScrollAlgorithm: updateDimmedActivatedHideSensitive overlap:true
12-17 19:31:37.900  1795  2332 I qti_sensors_hal: [ACC]processReportInd: X: 7.951230 Y: 5.487799 Z: 1.893325  x_offset:0.160831 y_offset:0.184366 z_offset:0.985027
12-17 19:31:37.902  7741  7758 D TmoMonitor: Cache monitor msg as screen_off
12-17 19:31:37.919  1795  2371 E huawei_ProximitySensor_CPP_Test: ProximitySensor: 9 is far event,0 is close event,value = 9.000000
12-17 19:31:37.919  1795  2371 I huawei_ProximitySensor_CPP_Test: readEvents:345: ProximitySensor: getTimestamp,mPendingEvent.timestamp =1679699301 
12-17 19:31:37.919  1795  1795 I HwScreenOnProximityLock: removeProximityView success vp android.view.ViewRootImpl@eb57292
12-17 19:31:37.919  1795  1825 D DisplayPowerController: handleProximitySensorEvent positive:false
12-17 19:31:37.919  1795  1825 D PowerManagerService: Acquiring suspend blocker "PowerManagerService.Display".
12-17 19:31:37.919  1795  1825 I PowerManager_screenOn: DisplayPowerController updatePowerState mPendingRequestLocked=policy=OFF, useProximitySensor=true, useProximitySensorbyPhone=true, screenBrightness=33, screenAutoBrightnessAdjustment=0.0, brightnessSetByUser=true, useAutoBrightness=true, blockScreenOn=false, lowPowerMode=false, boostScreenBrightness=false, dozeScreenBrightness=-1, dozeScreenState=UNKNOWN, useTwilight=false, useSmartBacklight=true, brightnessWaitMode=false, brightnessWaitRet=true, screenAutoBrightness=-1, userId=0
12-17 19:31:37.920  1795  1825 I WindowManger_keyguard: Screen turned off...
12-17 19:31:37.920  1795  1825 V KeyguardServiceDelegate: onScreenTurnedOff()
12-17 19:31:37.920  1795  1825 I WindowManger_keyguard: onScreenTurnedOff()
12-17 19:31:37.920  1795  1795 D Sensors : batch called handle:2 sample_ns:20000000 latency_ns:0
12-17 19:31:37.920  1795  1795 D Sensors : pa2240-proximity calling driver setDelay 20 ms
12-17 19:31:37.920  1795  1795 E huawei_ProximitySensor_CPP_Test: write 20 failed
12-17 19:31:37.920  2852  2866 D KeyguardService: Caller checkPermission fail
12-17 19:31:37.920  2852  2866 D KeyguardService: KGSvcCall onScreenTurnedOff.
12-17 19:31:37.920  2852  2866 D KeyguardViewMediator: notifyScreenTurnedOff
12-17 19:31:37.920  1795  1825 W HwScreenOnProximityLock: releaseLock: return because sensor listener is held = false
12-17 19:31:37.920  1795  1825 D HwNormalizedAutomaticBrightnessController: set power status:mPowerStatus=true,powerStatus=false
12-17 19:31:37.920  1795  1825 D DisplayPowerController: Animating brightness: target=0, rate=0
12-17 19:31:37.921  1795  1825 I PowerManager_screenOn: PowerManagerServiceonProximityNegative -> updatePowerStateLocked
12-17 19:31:37.921  2852  2852 D KeyguardViewMediator: handleNotifyScreenTurnedOff
12-17 19:31:37.921  1795  1825 D PowerManagerService: userActivityNoUpdateLocked: eventTime=123011092, event=0, flags=0x0, uid=1000
12-17 19:31:37.921  1795  1825 I PowerManager_screenOn: PowerManagerNotifier onUserActivity: event=0, uid=1000
12-17 19:31:37.921  1795  1825 I PowerManager_screenOn: PowerManagerService wakeUpNoUpdateLocked: eventTime=123011093, uid=1000
12-17 19:31:37.921  1795  1825 I PowerManager_screenOn: PowerManagerService Waking up from sleep (uid 1000)...
12-17 19:31:37.921  1795  1825 I PowerManager_screenOn: PowerManagerNotifier onWakefulnessChangeStarted: wakefulness=1, reason=0, interactive=true, mInteractive=false, mInteractiveChanging=false
12-17 19:31:37.921  1795  1825 D PowerManagerService: Acquiring suspend blocker "PowerManagerService.Broadcasts".
12-17 19:31:37.921  1795  1825 I PowerManager_screenOn: PowerManagerNotifier onWakeUp: event=android.server.power:POWER, reasonUid=1000 opPackageName=android opUid=1000
12-17 19:31:37.921  1795  1825 D PowerManagerService: userActivityNoUpdateLocked: eventTime=123011093, event=0, flags=0x0, uid=1000
12-17 19:31:37.921  1795  1825 I PowerManager_screenOn: PowerManagerNotifier onUserActivity: event=0, uid=1000
12-17 19:31:37.921  1795  1795 I WindowManager: Destroying surface Surface(name=) called by com.android.server.wm.WindowStateAnimator.destroySurface:2056 com.android.server.wm.WindowStateAnimator.destroySurfaceLocked:907 com.android.server.wm.WindowState.removeLocked:1527 com.android.server.wm.WindowManagerService.removeWindowInnerLocked:2723 com.android.server.wm.WindowManagerService.removeWindowInnerLocked:2688 com.android.server.wm.WindowManagerService.removeWindowLocked:2677 com.android.server.wm.WindowManagerService.removeWindowLocked:2546 com.android.server.wm.WindowManagerService.removeWindow:2541 
12-17 19:31:37.921  1795  1825 I PowerManager_screenOn: PowerManagerServiceonProximityNegative by Phone
12-17 19:31:37.921  1795  1825 D PowerManagerService: setColorTemperatureAccordingToSetting
12-17 19:31:37.921  1795  1825 D HwPowerManagerService: setColorTemperatureAccordingToSetting
12-17 19:31:37.921  1795  1825 D HwPowerManagerService: isDisplayFeatureSupported feature:1
12-17 19:31:37.921  1795  1825 D HW_DISPLAY_EFFECT: hw_get_smart_display_supported: start++
12-17 19:31:37.921  1795  1825 D HW_DISPLAY_EFFECT: hw_get_smart_display_supported: end--
12-17 19:31:37.921  1795  1825 D HWPowerManger_JNI: Surport 3 dimension color temperature.
12-17 19:31:37.921  1795  1825 D HwPowerManagerService: setColorTemperatureAccordingToSetting new.
12-17 19:31:37.921  1795  1825 D HwPowerManagerService: ColorTemperature read from old setting:128
12-17 19:31:37.921  1795  1825 D HwPowerManagerService: setColorTemperature:128
12-17 19:31:37.921  1795  1825 D HW_DISPLAY_EFFECT: hw_set_colortemperature: start++
12-17 19:31:37.921  1795  1825 W HW_DISPLAY_EFFECT: Warning: hw_set_colortemperature is COLOR_TEMP_2_DIMENSION interface, not supported presently.
12-17 19:31:37.922  1795  1825 D HW_DISPLAY_EFFECT: hw_set_colortemperature: end--
12-17 19:31:37.922  1795  1825 D PowerManagerService: ready=false,policy=3,wakefulness=1,wksummary=0x10,uasummary=0x1,bootcompleted=true,boostinprogress=false,waitmodeenable=false,mode=true,manual=33,auto=-1,adj=0.0userId=0
12-17 19:31:37.922  1795  1825 I PowerManager_screenOn: DisplayPowerController updatePowerState mPendingRequestLocked=policy=BRIGHT, useProximitySensor=true, useProximitySensorbyPhone=true, screenBrightness=33, screenAutoBrightnessAdjustment=0.0, brightnessSetByUser=true, useAutoBrightness=true, blockScreenOn=false, lowPowerMode=false, boostScreenBrightness=false, dozeScreenBrightness=-1, dozeScreenState=UNKNOWN, useTwilight=false, useSmartBacklight=true, brightnessWaitMode=false, brightnessWaitRet=true, screenAutoBrightness=-1, userId=0
12-17 19:31:37.922  1795  1825 I PowerManager_screenOn: DisplayPowerStatesetScreenState: state=2
12-17 19:31:37.922  1795  1825 D FpDataCollector: DisplayPowerState :ON
12-17 19:31:37.923  1795  1795 I WindowManger_keyguard: Setting mDismissKeyguard true by win Window{e6a6b5e u0 com.android.incallui/com.android.incallui.InCallActivity}
12-17 19:31:37.924  1795  1795 I WindowManger_keyguard: Setting mDismissKeyguard true by win Window{e6a6b5e u0 com.android.incallui/com.android.incallui.InCallActivity}
12-17 19:31:37.932  1795  1825 I PowerManager_screenOn: DisplayPowerController Blocking screen on until initial contents have been drawn.
12-17 19:31:37.932  1795  1825 I WindowManger_keyguard: Screen turned on for keyguard
12-17 19:31:37.932  1795  1825 I PowerManager_screenOn: KeyguardServiceDelegate  onScreenTurnedOn(showListener = com.android.server.policy.PhoneWindowManager$3@bf53b21)
12-17 19:31:37.933  2852  3344 D KeyguardService: Caller checkPermission fail
12-17 19:31:37.933  2852  3344 D KeyguardService: KGSvcCall onScreenTurningOn.
12-17 19:31:37.933  2852  3344 D KeyguardViewMediator: notifyScreenOn
12-17 19:31:37.933  2852  2852 D KeyguardViewMediator: handleNotifyScreenTurningOn
12-17 19:31:37.933  2852  2852 I PhoneStatusBar: onScreenTurningOn
12-17 19:31:37.933  2852  2852 D KeyguardViewMediator: handleNotifyScreenTurnedOn End with : 2186
12-17 19:31:37.933  1795  1825 D HwNormalizedAutomaticBrightnessController: set power status:mPowerStatus=false,powerStatus=true
12-17 19:31:37.933  1795 16501 I WindowManger_keyguard: **** SHOWN CALLED ****
12-17 19:31:37.933  1795 16501 D WindowManager: mKeyguardDelegate.ShowListener.onDrawn.
12-17 19:31:37.933  1795 16501 I WindowManger_keyguard: hideScrim()
12-17 19:31:37.934  1795  1809 I PowerManager_screenOn: finishKeyguardDrawn -> waitForAllWindowsDrawn
12-17 19:31:37.934  1795  1825 D Sensors : batch called handle:3 sample_ns:300000000 latency_ns:0
