12-17 19:31:56.249  5215  5215 D wpa_supplicant: Beacon IEs - hexdump(len=193): 00 0e 77 6c 61 6e 61 63 63 65 73 73 76 32 2e 30 01 08 82 84 0b 16 0c 12 18 24 03 01 0d 05 04 00 ...
12-17 19:31:56.249  5215  5215 D wpa_supplicant: 80:38:bc:0b:2b:e1 freq=2432 qual=0 noise=-89~ level=-55 snr=34* flags=0xb age=10 est=65000
12-17 19:31:56.249  5215  5215 D wpa_supplicant: IEs - hexdump(len=194): 00 0f 48 75 61 77 65 69 2d 45 6d 70 6c 6f 79 65 65 01 08 82 84 0b 16 0c 12 18 24 03 01 05 05 04 ...
12-17 19:31:56.249  5215  5215 D wpa_supplicant: Beacon IEs - hexdump(len=194): 00 0f 48 75 61 77 65 69 2d 45 6d 70 6c 6f 79 65 65 01 08 82 84 0b 16 0c 12 18 24 03 01 05 05 04 ...
12-17 19:31:56.249  5215  5215 D wpa_supplicant: 80:38:bc:0a:f2:01 freq=2452 qual=0 noise=-89~ level=-65 snr=24 flags=0xb age=10 est=65000
12-17 19:31:56.249  5215  5215 D wpa_supplicant: IEs - hexdump(len=194): 00 0f 48 75 61 77 65 69 2d 45 6d 70 6c 6f 79 65 65 01 08 82 84 0b 16 0c 12 18 24 03 01 09 05 04 ...
12-17 19:31:56.249  5215  5215 D wpa_supplicant: Beacon IEs - hexdump(len=194): 00 0f 48 75 61 77 65 69 2d 45 6d 70 6c 6f 79 65 65 01 08 82 84 0b 16 0c 12 18 24 03 01 09 05 04 ...
12-17 19:31:56.249  5215  5215 D wpa_supplicant: 00:26:f2:1b:9d:b2 freq=2437 qual=0 noise=-89~ level=-65 snr=24 flags=0xb age=10 est=54000
12-17 19:31:56.249  5215  5215 D wpa_supplicant: IEs - hexdump(len=109): 00 06 4e 54 50 43 30 32 01 08 82 84 8b 96 24 30 48 6c 03 01 06 2a 01 04 2f 01 04 32 04 0c 12 18 ...
12-17 19:31:56.249  5215  5215 D wpa_supplicant: 80:38:bc:0b:19:61 freq=2432 qual=0 noise=-89~ level=-73 snr=16 flags=0xb age=0 est=48000
12-17 19:31:56.249  5215  5215 D wpa_supplicant: IEs - hexdump(len=194): 00 0f 48 75 61 77 65 69 2d 45 6d 70 6c 6f 79 65 65 01 08 82 84 0b 16 0c 12 18 24 03 01 05 05 04 ...
12-17 19:31:56.249  5215  5215 D wpa_supplicant: Beacon IEs - hexdump(len=194): 00 0f 48 75 61 77 65 69 2d 45 6d 70 6c 6f 79 65 65 01 08 82 84 0b 16 0c 12 18 24 03 01 05 05 04 ...
12-17 19:31:56.249  5215  5215 D wpa_supplicant: 80:38:bc:0b:29:e1 freq=2452 qual=0 noise=-89~ level=-73 snr=16 flags=0xb age=10 est=48000
12-17 19:31:56.249  5215  5215 D wpa_supplicant: IEs - hexdump(len=194): 00 0f 48 75 61 77 65 69 2d 45 6d 70 6c 6f 79 65 65 01 08 82 84 0b 16 0c 12 18 24 03 01 09 05 04 ...
12-17 19:31:56.249  5215  5215 D wpa_supplicant: Beacon IEs - hexdump(len=194): 00 0f 48 75 61 77 65 69 2d 45 6d 70 6c 6f 79 65 65 01 08 82 84 0b 16 0c 12 18 24 03 01 09 05 04 ...
12-17 19:31:56.249  5215  5215 D wpa_supplicant: 80:38:bc:0b:14:41 freq=2472 qual=0 noise=-89~ level=-75 snr=14 flags=0xb age=0 est=36000
12-17 19:31:56.249  5215  5215 D wpa_supplicant: IEs - hexdump(len=194): 00 0f 48 75 61 77 65 69 2d 45 6d 70 6c 6f 79 65 65 01 08 82 84 0b 16 0c 12 18 24 03 01 0d 05 04 ...
12-17 19:31:56.249  5215  5215 D wpa_supplicant: Beacon IEs - hexdump(len=194): 00 0f 48 75 61 77 65 69 2d 45 6d 70 6c 6f 79 65 65 01 08 82 84 0b 16 0c 12 18 24 03 01 0d 05 04 ...
12-17 19:31:56.249  5215  5215 D wpa_supplicant: 80:38:bc:0b:29:61 freq=2412 qual=0 noise=-89~ level=-77 snr=12 flags=0xb age=0 est=36000
12-17 19:31:56.249  5215  5215 D wpa_supplicant: IEs - hexdump(len=194): 00 0f 48 75 61 77 65 69 2d 45 6d 70 6c 6f 79 65 65 01 08 82 84 0b 16 0c 12 18 24 03 01 01 05 04 ...
12-17 19:31:56.249  5215  5215 D wpa_supplicant: Beacon IEs - hexdump(len=194): 00 0f 48 75 61 77 65 69 2d 45 6d 70 6c 6f 79 65 65 01 08 82 84 0b 16 0c 12 18 24 03 01 01 05 04 ...
12-17 19:31:56.249  5215  5215 D wpa_supplicant: 80:38:bc:0a:f0:61 freq=2432 qual=0 noise=-89~ level=-83 snr=6 flags=0xb age=0 est=13000
12-17 19:31:56.249  5215  5215 D wpa_supplicant: IEs - hexdump(len=194): 00 0f 48 75 61 77 65 69 2d 45 6d 70 6c 6f 79 65 65 01 08 82 84 0b 16 0c 12 18 24 03 01 05 05 04 ...
12-17 19:31:56.250  5215  5215 D wpa_supplicant: Beacon IEs - hexdump(len=194): 00 0f 48 75 61 77 65 69 2d 45 6d 70 6c 6f 79 65 65 01 08 82 84 0b 16 0c 12 18 24 03 01 05 05 04 ...
12-17 19:31:56.250  5215  5215 D wpa_supplicant: 80:38:bc:0a:fa:e0 freq=2412 qual=0 noise=-89~ level=-84 snr=5 flags=0xb age=0 est=9000
12-17 19:31:56.250  5215  5215 D wpa_supplicant: IEs - hexdump(len=193): 00 0e 77 6c 61 6e 61 63 63 65 73 73 76 32 2e 30 01 08 82 84 0b 16 0c 12 18 24 03 01 01 05 04 00 ...
12-17 19:31:56.250  5215  5215 D wpa_supplicant: Beacon IEs - hexdump(len=193): 00 0e 77 6c 61 6e 61 63 63 65 73 73 76 32 2e 30 01 08 82 84 0b 16 0c 12 18 24 03 01 01 05 04 00 ...
12-17 19:31:56.250  5215  5215 D wpa_supplicant: 80:38:bc:0a:ef:c1 freq=2412 qual=0 noise=-89~ level=-85 snr=4 flags=0xb age=0 est=6500
12-17 19:31:56.250  5215  5215 D wpa_supplicant: IEs - hexdump(len=194): 00 0f 48 75 61 77 65 69 2d 45 6d 70 6c 6f 79 65 65 01 08 82 84 0b 16 0c 12 18 24 03 01 01 05 04 ...
12-17 19:31:56.250  5215  5215 D wpa_supplicant: Beacon IEs - hexdump(len=194): 00 0f 48 75 61 77 65 69 2d 45 6d 70 6c 6f 79 65 65 01 08 82 84 0b 16 0c 12 18 24 03 01 01 05 04 ...
12-17 19:31:56.250  5215  5215 D wpa_supplicant: 80:38:bc:0a:f1:e1 freq=2472 qual=0 noise=-89~ level=-87 snr=2 flags=0xb age=0 est=6500
12-17 19:31:56.250  5215  5215 D wpa_supplicant: IEs - hexdump(len=194): 00 0f 48 75 61 77 65 69 2d 45 6d 70 6c 6f 79 65 65 01 08 82 84 0b 16 0c 12 18 24 03 01 0d 05 04 ...
12-17 19:31:56.250  5215  5215 D wpa_supplicant: Beacon IEs - hexdump(len=194): 00 0f 48 75 61 77 65 69 2d 45 6d 70 6c 6f 79 65 65 01 08 82 84 0b 16 0c 12 18 24 03 01 0d 05 04 ...
12-17 19:31:56.250  5215  5215 D wpa_supplicant: 80:38:bc:0b:36:e1 freq=2452 qual=0 noise=-89~ level=-88 snr=1 flags=0xb age=0 est=6500
12-17 19:31:56.250  5215  5215 D wpa_supplicant: IEs - hexdump(len=194): 00 0f 48 75 61 77 65 69 2d 45 6d 70 6c 6f 79 65 65 01 08 82 84 0b 16 0c 12 18 24 03 01 09 05 04 ...
12-17 19:31:56.250  5215  5215 D wpa_supplicant: Beacon IEs - hexdump(len=194): 00 0f 48 75 61 77 65 69 2d 45 6d 70 6c 6f 79 65 65 01 08 82 84 0b 16 0c 12 18 24 03 01 09 05 04 ...
12-17 19:31:56.250  5215  5215 D wpa_supplicant: 80:38:bc:0b:1d:81 freq=2472 qual=0 noise=-89~ level=-88 snr=1 flags=0xb age=0 est=6500
12-17 19:31:56.250  5215  5215 D wpa_supplicant: IEs - hexdump(len=194): 00 0f 48 75 61 77 65 69 2d 45 6d 70 6c 6f 79 65 65 01 08 82 84 0b 16 0c 12 18 24 03 01 0d 05 04 ...
12-17 19:31:56.250  5215  5215 D wpa_supplicant: Beacon IEs - hexdump(len=194): 00 0f 48 75 61 77 65 69 2d 45 6d 70 6c 6f 79 65 65 01 08 82 84 0b 16 0c 12 18 24 03 01 0d 05 04 ...
12-17 19:31:56.250  5215  5215 D wpa_supplicant: 80:38:bc:0b:04:41 freq=2472 qual=0 noise=-89~ level=-88 snr=1 flags=0xb age=0 est=6500
12-17 19:31:56.250  5215  5215 D wpa_supplicant: IEs - hexdump(len=194): 00 0f 48 75 61 77 65 69 2d 45 6d 70 6c 6f 79 65 65 01 08 82 84 0b 16 0c 12 18 24 03 01 0d 05 04 ...
12-17 19:31:56.250  5215  5215 D wpa_supplicant: Beacon IEs - hexdump(len=194): 00 0f 48 75 61 77 65 69 2d 45 6d 70 6c 6f 79 65 65 01 08 82 84 0b 16 0c 12 18 24 03 01 0d 05 04 ...
12-17 19:31:56.250  5215  5215 D wpa_supplicant: 80:38:bc:0b:22:20 freq=2432 qual=0 noise=-89~ level=-89 snr=0 flags=0xb age=0 est=6500
12-17 19:31:56.250  5215  5215 D wpa_supplicant: IEs - hexdump(len=193): 00 0e 77 6c 61 6e 61 63 63 65 73 73 76 32 2e 30 01 08 82 84 0b 16 0c 12 18 24 03 01 05 05 04 00 ...
12-17 19:31:56.250  5215  5215 D wpa_supplicant: Beacon IEs - hexdump(len=193): 00 0e 77 6c 61 6e 61 63 63 65 73 73 76 32 2e 30 01 08 82 84 0b 16 0c 12 18 24 03 01 05 05 04 00 ...
12-17 19:31:56.250  5215  5215 D wpa_supplicant: ac:85:3d:be:20:21 freq=2412 qual=0 noise=-89~ level=-89 snr=0 flags=0xb age=0 est=6500
12-17 19:31:56.250  5215  5215 D wpa_supplicant: IEs - hexdump(len=194): 00 0f 48 75 61 77 65 69 2d 45 6d 70 6c 6f 79 65 65 01 08 82 84 0b 16 0c 12 18 24 03 01 01 05 04 ...
12-17 19:31:56.250  5215  5215 D wpa_supplicant: Beacon IEs - hexdump(len=194): 00 0f 48 75 61 77 65 69 2d 45 6d 70 6c 6f 79 65 65 01 08 82 84 0b 16 0c 12 18 24 03 01 01 05 04 ...
12-17 19:31:56.250  5215  5215 D wpa_supplicant: 80:38:bc:0b:25:e1 freq=2412 qual=0 noise=-89~ level=-90 snr=-1 flags=0xb age=0 est=6500
12-17 19:31:56.250  5215  5215 D wpa_supplicant: IEs - hexdump(len=194): 00 0f 48 75 61 77 65 69 2d 45 6d 70 6c 6f 79 65 65 01 08 82 84 0b 16 0c 12 18 24 03 01 01 05 04 ...
12-17 19:31:56.250  5215  5215 D wpa_supplicant: Beacon IEs - hexdump(len=194): 00 0f 48 75 61 77 65 69 2d 45 6d 70 6c 6f 79 65 65 01 08 82 84 0b 16 0c 12 18 24 03 01 01 05 04 ...
12-17 19:31:56.250  5215  5215 D wpa_supplicant: 80:38:bc:0b:36:80 freq=2472 qual=0 noise=-89~ level=-91 snr=-2 flags=0xb age=0 est=6500
12-17 19:31:56.250  5215  5215 D wpa_supplicant: IEs - hexdump(len=193): 00 0e 77 6c 61 6e 61 63 63 65 73 73 76 32 2e 30 01 08 82 84 0b 16 0c 12 18 24 03 01 0d 05 04 00 ...
12-17 19:31:56.250  5215  5215 D wpa_supplicant: Beacon IEs - hexdump(len=193): 00 0e 77 6c 61 6e 61 63 63 65 73 73 76 32 2e 30 01 08 82 84 0b 16 0c 12 18 24 03 01 0d 05 04 00 ...
12-17 19:31:56.250  5215  5215 D wpa_supplicant: 80:38:bc:0a:f0:21 freq=2472 qual=0 noise=-89~ level=-91 snr=-2 flags=0xb age=0 est=6500
12-17 19:31:56.250  5215  5215 D wpa_supplicant: IEs - hexdump(len=194): 00 0f 48 75 61 77 65 69 2d 45 6d 70 6c 6f 79 65 65 01 08 82 84 0b 16 0c 12 18 24 03 01 0d 05 04 ...
12-17 19:31:56.250  5215  5215 D wpa_supplicant: Beacon IEs - hexdump(len=194): 00 0f 48 75 61 77 65 69 2d 45 6d 70 6c 6f 79 65 65 01 08 82 84 0b 16 0c 12 18 24 03 01 0d 05 04 ...
12-17 19:31:56.250  5215  5215 D wpa_supplicant: 80:38:bc:0a:f9:61 freq=2472 qual=0 noise=-89~ level=-91 snr=-2 flags=0xb age=0 est=6500
12-17 19:31:56.250  5215  5215 D wpa_supplicant: IEs - hexdump(len=194): 00 0f 48 75 61 77 65 69 2d 45 6d 70 6c 6f 79 65 65 01 08 82 84 0b 16 0c 12 18 24 03 01 0d 05 04 ...
12-17 19:31:56.250  5215  5215 D wpa_supplicant: Beacon IEs - hexdump(len=194): 00 0f 48 75 61 77 65 69 2d 45 6d 70 6c 6f 79 65 65 01 08 82 84 0b 16 0c 12 18 24 03 01 0d 05 04 ...
12-17 19:31:56.250  5215  5215 D wpa_supplicant: 80:38:bc:0b:37:20 freq=2412 qual=0 noise=-89~ level=-92 snr=-3 flags=0xb age=0 est=6500
12-17 19:31:56.251  5215  5215 D wpa_supplicant: IEs - hexdump(len=193): 00 0e 77 6c 61 6e 61 63 63 65 73 73 76 32 2e 30 01 08 82 84 0b 16 0c 12 18 24 03 01 01 05 04 00 ...
12-17 19:31:56.251  5215  5215 D wpa_supplicant: Beacon IEs - hexdump(len=193): 00 0e 77 6c 61 6e 61 63 63 65 73 73 76 32 2e 30 01 08 82 84 0b 16 0c 12 18 24 03 01 01 05 04 00 ...
12-17 19:31:56.251  5215  5215 D wpa_supplicant: 80:38:bc:0a:f4:c0 freq=2412 qual=0 noise=-89~ level=-93 snr=-4 flags=0xb age=0 est=6500
12-17 19:31:56.251  5215  5215 D wpa_supplicant: IEs - hexdump(len=193): 00 0e 77 6c 61 6e 61 63 63 65 73 73 76 32 2e 30 01 08 82 84 0b 16 0c 12 18 24 03 01 01 05 04 00 ...
12-17 19:31:56.251  5215  5215 D wpa_supplicant: Beacon IEs - hexdump(len=193): 00 0e 77 6c 61 6e 61 63 63 65 73 73 76 32 2e 30 01 08 82 84 0b 16 0c 12 18 24 03 01 01 05 04 00 ...
12-17 19:31:56.251  5215  5215 D wpa_supplicant: 80:38:bc:0a:f4:60 freq=2472 qual=0 noise=-89~ level=-95 snr=-6 flags=0xb age=0 est=6500
12-17 19:31:56.251  5215  5215 D wpa_supplicant: IEs - hexdump(len=193): 00 0e 77 6c 61 6e 61 63 63 65 73 73 76 32 2e 30 01 08 82 84 0b 16 0c 12 18 24 03 01 0d 05 04 00 ...
12-17 19:31:56.251  5215  5215 D wpa_supplicant: Beacon IEs - hexdump(len=193): 00 0e 77 6c 61 6e 61 63 63 65 73 73 76 32 2e 30 01 08 82 84 0b 16 0c 12 18 24 03 01 0d 05 04 00 ...
12-17 19:31:56.251  5215  5215 D wpa_supplicant: wlan0: BSS: Start scan result update 106
12-17 19:31:56.251  5215  5215 D wpa_supplicant: wlan0: BSS: Add new id 468 BSSID 80:38:bc:0b:19:61 SSID 'Huawei-Employee' freq 2432
12-17 19:31:56.251  5215  5215 D wpa_supplicant: CTRL-DEBUG: ctrl_sock-sendmsg: sock=16 sndbuf=229376 outq=0 send_len=42
12-17 19:31:56.251  5215  5215 D wpa_supplicant: CTRL_IFACE monitor sent successfully to /data/misc/wifi/sockets/wpa_ctrl_1795-194\x00
12-17 19:31:56.251  5215  5215 D wpa_supplicant: wlan0: BSS: Add new id 469 BSSID 80:38:bc:0b:36:e1 SSID 'Huawei-Employee' freq 2452
12-17 19:31:56.251  5215  5215 D wpa_supplicant: CTRL-DEBUG: ctrl_sock-sendmsg: sock=16 sndbuf=229376 outq=768 send_len=42
12-17 19:31:56.251  5215  5215 D wpa_supplicant: CTRL_IFACE monitor sent successfully to /data/misc/wifi/sockets/wpa_ctrl_1795-194\x00
12-17 19:31:56.251  5215  5215 D wpa_supplicant: wlan0: BSS: Add new id 470 BSSID 80:38:bc:0b:1d:81 SSID 'Huawei-Employee' freq 2472
12-17 19:31:56.251  5215  5215 D wpa_supplicant: CTRL-DEBUG: ctrl_sock-sendmsg: sock=16 sndbuf=229376 outq=768 send_len=42
12-17 19:31:56.251  5215  5215 D wpa_supplicant: CTRL_IFACE monitor sent successfully to /data/misc/wifi/sockets/wpa_ctrl_1795-194\x00
12-17 19:31:56.251  5215  5215 D wpa_supplicant: wlan0: BSS: Add new id 471 BSSID 80:38:bc:0b:22:20 SSID 'wlanaccessv2.0' freq 2432
12-17 19:31:56.251  5215  5215 D wpa_supplicant: CTRL-DEBUG: ctrl_sock-sendmsg: sock=16 sndbuf=229376 outq=1536 send_len=42
12-17 19:31:56.251  5215  5215 D wpa_supplicant: CTRL_IFACE monitor sent successfully to /data/misc/wifi/sockets/wpa_ctrl_1795-194\x00
12-17 19:31:56.251  5215  5215 D wpa_supplicant: wlan0: BSS: Add new id 472 BSSID 80:38:bc:0b:36:80 SSID 'wlanaccessv2.0' freq 2472
12-17 19:31:56.251  1795  5219 D WifiMonitor: Dispatching event to interface: wlan0
12-17 19:31:56.251  5215  5215 D wpa_supplicant: CTRL-DEBUG: ctrl_sock-sendmsg: sock=16 sndbuf=229376 outq=2304 send_len=42
12-17 19:31:56.251  5215  5215 D wpa_supplicant: CTRL_IFACE monitor sent successfully to /data/misc/wifi/sockets/wpa_ctrl_1795-194\x00
12-17 19:31:56.251  5215  5215 D wpa_supplicant: wlan0: BSS: Add new id 473 BSSID 80:38:bc:0b:37:20 SSID 'wlanaccessv2.0' freq 2412
12-17 19:31:56.251  1795  5219 D WifiMonitor: Dispatching event to interface: wlan0
12-17 19:31:56.251  5215  5215 D wpa_supplicant: CTRL-DEBUG: ctrl_sock-sendmsg: sock=16 sndbuf=229376 outq=2304 send_len=42
12-17 19:31:56.251  5215  5215 D wpa_supplicant: CTRL_IFACE monitor sent successfully to /data/misc/wifi/sockets/wpa_ctrl_1795-194\x00
12-17 19:31:56.251  1795  5219 D WifiMonitor: Dispatching event to interface: wlan0
12-17 19:31:56.251  5215  5215 D wpa_supplicant: wlan0: BSS: Remove id 449 BSSID 80:38:bc:0b:04:81 SSID 'Huawei-Employee' due to no match in scan
12-17 19:31:56.251  1795  5219 D WifiMonitor: Dispatching event to interface: wlan0
12-17 19:31:56.251  5215  5215 D wpa_supplicant: CTRL-DEBUG: ctrl_sock-sendmsg: sock=16 sndbuf=229376 outq=768 send_len=44
12-17 19:31:56.251  1795  5219 D WifiMonitor: Dispatching event to interface: wlan0
12-17 19:31:56.251  5215  5215 D wpa_supplicant: CTRL_IFACE monitor sent successfully to /data/misc/wifi/sockets/wpa_ctrl_1795-194\x00
12-17 19:31:56.251  1795  5219 D WifiMonitor: Dispatching event to interface: wlan0
12-17 19:31:56.251  5215  5215 D wpa_supplicant: BSS: last_scan_res_used=25/64
12-17 19:31:56.251  5215  5215 D wpa_supplicant: Add randomness: count=821 entropy=424
12-17 19:31:56.251  5215  5215 D wpa_supplicant: random pool - hexdump(len=128): [REMOVED]
