12-17 19:55:47.576  5215  5215 E wpa_supplicant: bssid=80:38:bc:0b:04:41;freq=2472;level=-90;flags=11;ssid=Huawei-Employee;
12-17 19:55:47.576  5215  5215 E wpa_supplicant: bssid=80:38:bc:08:39:c1;freq=2412;level=-93;flags=11;ssid=Huawei-Employee;
12-17 19:55:47.576  5215  5215 D wpa_supplicant: CTRL-DEBUG: global_ctrl_sock-sendto: sock=16 sndbuf=229376 outq=0 send_len=1575
12-17 19:55:47.578  5215  5215 D wpa_supplicant: wlan0: Control interface command 'BSS RANGE=546- MASK=0x3029d87'
12-17 19:55:47.578  5215  5215 D wpa_supplicant: CTRL-DEBUG: global_ctrl_sock-sendto: sock=16 sndbuf=229376 outq=0 send_len=0
12-17 19:55:47.578  1795  2671 D WifiNative-HAL: New scan result: + wlanaccessv2.0
12-17 19:55:47.579  5215  5215 D wpa_supplicant: wlan0: Control interface command 'BSS RANGE=543- MASK=0x3029d87'
12-17 19:55:47.579  5215  5215 E wpa_supplicant: bssid=80:38:bc:0a:f4:60;freq=2472;level=-88;flags=11;ssid=wlanaccessv2.0;
12-17 19:55:47.579  5215  5215 E wpa_supplicant: bssid=80:38:bc:0b:04:41;freq=2472;level=-90;flags=11;ssid=Huawei-Employee;
12-17 19:55:47.579  5215  5215 E wpa_supplicant: bssid=80:38:bc:08:39:c1;freq=2412;level=-93;flags=11;ssid=Huawei-Employee;
12-17 19:55:47.579  5215  5215 D wpa_supplicant: CTRL-DEBUG: global_ctrl_sock-sendto: sock=16 sndbuf=229376 outq=0 send_len=1575
12-17 19:55:47.579  1795  2671 I SendBroadcastPermission: action:android.net.wifi.SCAN_RESULTS, mPermissionType:0
12-17 19:55:47.580  1795  2671 I ActivityManager_broadcast: collectReceiverComponents, callerApp: ProcessRecord{34bf34f 0:system/1000}, intent:android.net.wifi.SCAN_RESULTS, receiver size:1, flags: 10000400
12-17 19:55:47.580  5215  5215 D wpa_supplicant: wlan0: Control interface command 'BSS RANGE=546- MASK=0x3029d87'
12-17 19:55:47.581  5215  5215 D wpa_supplicant: CTRL-DEBUG: global_ctrl_sock-sendto: sock=16 sndbuf=229376 outq=0 send_len=0
12-17 19:55:47.580  1795  2671 I HwActivityManagerService: Split enqueueing broadcast [callerApp]:ProcessRecord{34bf34f 0:system/1000}
12-17 19:55:47.581  1795  2671 I HwActivityManagerService: Split enqueueing broadcast [callerApp]:ProcessRecord{34bf34f 0:system/1000}
12-17 19:55:47.581  1795  2736 E hwintelligencewifi: inlineAddCurrentApInfo mInfos.size()=132
12-17 19:55:47.581  1795  2671 I ActivityManager_broadcast: Enqueueing ordered broadcast[background] BroadcastRecord{9d07e91 u-1 android.net.wifi.SCAN_RESULTS}: prev had 0
12-17 19:55:47.581  1795  1808 I ActivityManager_broadcast: dispatch ordered broadcast [background] BroadcastRecord{9d07e91 u-1 android.net.wifi.SCAN_RESULTS}, has 1 receivers
12-17 19:55:47.583  1795  2671 W WifiStateMachine: attemptAutoConnect: false
12-17 19:55:47.587  1795  2736 E hwintelligencewifi:  DefaultState message.what = 7
12-17 19:55:47.591  1795  2371 E LightSensor: read Events lux: 88.0
12-17 19:55:47.592  1795  1825 D AutomaticBrightnessController: ambient lux=88.0,timeStamp =444283955193000
12-17 19:55:47.596  1795  2332 I qti_sensors_hal: [ACC]processReportInd: X: -2.865100 Y: 5.139105 Z: 8.671956  x_offset:0.160831 y_offset:0.184366 z_offset:0.985027
12-17 19:55:47.648   835  2385 E libteec : begin
12-17 19:55:47.648   606  2379 E libteec : receive data len = 128
12-17 19:55:47.656  1795  2332 I qti_sensors_hal: [ACC]processReportInd: X: -2.409503 Y: 5.205283 Z: 7.761374  x_offset:0.160831 y_offset:0.184366 z_offset:0.985027
12-17 19:55:47.658   606  2379 E libteec : QSEECom_send_cmd return!
12-17 19:55:47.658   606  2379 E libteec : qsc_send_cmd finish
12-17 19:55:47.658   606  2379 E libteec : send data return = 128
12-17 19:55:47.658   835  2385 E libteec : receive data len = 128
12-17 19:55:47.658   835  2385 E libteec : begin
12-17 19:55:47.658   835  2385 E libteec : qsc_decode end
12-17 19:55:47.703  3180  3180 E libc    : Access denied finding property "persist.sys.smart_power"
12-17 19:55:47.703  3180  3180 E libc    : Access denied finding property "persist.sys.smart_power"
12-17 19:55:47.709  1795  1795 D Sensors : activate called handle:2 enable:0
12-17 19:55:47.709  1795  1795 D Sensors : pa2240-proximity calling driver disable
12-17 19:55:47.709  1795  1795 W huawei_ProximitySensor_CPP_Test: ProximitySensor, enable, 247: en=0
12-17 19:55:47.709  1795  1795 W huawei_ProximitySensor_CPP_Test: ProximitySensor, enable, 248: flags=0
12-17 19:55:47.709  1795  1795 W huawei_ProximitySensor_CPP_Test: ProximitySensor, enable, 249: mEnabled=1
12-17 19:55:47.759   835  2385 E libteec : begin
12-17 19:55:47.759   606  2379 E libteec : receive data len = 128
12-17 19:55:47.768   606  2379 E libteec : QSEECom_send_cmd return!
12-17 19:55:47.768   606  2379 E libteec : qsc_send_cmd finish
12-17 19:55:47.768   606  2379 E libteec : send data return = 128
12-17 19:55:47.768   835  2385 E libteec : receive data len = 128
12-17 19:55:47.768   835  2385 E libteec : begin
12-17 19:55:47.768   835  2385 E libteec : qsc_decode end
12-17 19:55:47.789  1795  2748 D HwAmbientLuxFilterAlgo: earliestValidTime + POWER_ON_BRIGHTENING_LIGHT_DEBOUNCE
12-17 19:55:47.789  1795  2748 D HwAmbientLuxFilterAlgo: earliestValidTime + POWER_ON_DARKENING_LIGHT_DEBOUNCE
12-17 19:55:47.798  1795  2665 D NetdConnector: RCV <- {200 11654 Firewall command succeeded}
12-17 19:55:47.799  1795  2665 D NetdConnector: RCV <- {200 11654 Firewall command succeeded}
12-17 19:55:47.799  1795  1807 E NetdConnector: NDC Command {11654 firewall disable_chain dozable} took too long (1079ms)
12-17 19:55:47.800  1795  2665 D NetdConnector: RCV <- {200 11655 Tethering stats list completed}
12-17 19:55:47.801  1795  2665 D NetdConnector: RCV <- {200 11655 Tethering stats list completed}
12-17 19:55:47.802  1795  3111 E NetdConnector: NDC Command {11655 bandwidth gettetherstats} took too long (751ms)
12-17 19:55:47.804  1795  3111 W NetworkStatsFactory: mStatsXtProcUid: /proc/net/comm/stats does not exist!
12-17 19:55:47.804  1795  3111 D HwNetworkStatsService: mActiveIface: null
12-17 19:55:47.819  1795  3111 I SendBroadcastPermission: action:com.android.server.action.NETWORK_STATS_UPDATED, mPermissionType:0
12-17 19:55:47.819  1795  3111 I HwActivityManagerService: Split enqueueing broadcast [callerApp]:ProcessRecord{34bf34f 0:system/1000}
12-17 19:55:47.819  1795  3111 D PowerManagerService: release:lock=184063844, flg=0x0, tag="NetworkStats", name=android", ws=null, uid=1000, pid=1795
12-17 19:55:47.820  1795  3111 D PowerManagerService: ready=true,policy=3,wakefulness=1,wksummary=0x1,uasummary=0x1,bootcompleted=true,boostinprogress=false,waitmodeenable=false,mode=true,manual=33,auto=-1,adj=0.0userId=0
12-17 19:55:47.824  2883  3040 E HwSystemManager: TrafficNotifyAfterLocked:screen notification will not notify
12-17 19:55:47.825  1795  1805 D PowerManagerService: acquire lock=184063844, flags=0x1, tag="NetworkStats", name=android, ws=null, uid=1000, pid=1795
12-17 19:55:47.825  1795  1805 D PowerManagerService: ready=true,policy=3,wakefulness=1,wksummary=0x1,uasummary=0x1,bootcompleted=true,boostinprogress=false,waitmodeenable=false,mode=true,manual=33,auto=-1,adj=0.0userId=0
12-17 19:55:47.828  1795  1805 D NetdConnector: SND -> {11656 bandwidth gettetherstats}
12-17 19:55:47.829  1795  2665 D NetdConnector: RCV <- {200 11656 Tethering stats list completed}
12-17 19:55:47.830  1795  2665 D NetdConnector: RCV <- {200 11656 Tethering stats list completed}
12-17 19:55:47.833  1795  1805 W NetworkStatsFactory: mStatsXtProcUid: /proc/net/comm/stats does not exist!
12-17 19:55:47.833  1795  1805 D HwNetworkStatsService: mActiveIface: null
12-17 19:55:47.834  1795  1805 I SendBroadcastPermission: action:com.android.server.action.NETWORK_STATS_UPDATED, mPermissionType:0
12-17 19:55:47.835  1795  1805 I HwActivityManagerService: Split enqueueing broadcast [callerApp]:ProcessRecord{34bf34f 0:system/1000}
12-17 19:55:47.835  1795  1805 D PowerManagerService: release:lock=184063844, flg=0x0, tag="NetworkStats", name=android", ws=null, uid=1000, pid=1795
12-17 19:55:47.836  1795  1805 D PowerManagerService: ready=true,policy=3,wakefulness=1,wksummary=0x1,uasummary=0x1,bootcompleted=true,boostinprogress=false,waitmodeenable=false,mode=true,manual=33,auto=-1,adj=0.0userId=0
12-17 19:55:47.837  2883  2996 E HwSystemManager: SimCardMethod:/getSimCardInfo: imsi is null
12-17 19:55:47.839  1795  1807 D NetworkPolicy: setRestrictBackgroundLocked(): false
12-17 19:55:47.839  2883  3040 E HwSystemManager: TrafficNotifyAfterLocked:screen notification will not notify
12-17 19:55:47.846  2883  2996 I HwSystemManager: NormalTrafficAnalysis:alert byte = 0 last alert byte = 0
12-17 19:55:47.846  2883  2996 E HwSystemManager: NormalTrafficAnalysis:alert byte = 0, so return
12-17 19:55:47.847  1795  1807 W NetworkManagement: setDataSaverMode(): already false
12-17 19:55:47.853  1795  1807 D NetworkPolicy: updateRulesForGlobalChangeLocked(false) took 1134ms
12-17 19:55:47.853  1795  1807 I SendBroadcastPermission: action:android.os.action.LIGHT_DEVICE_IDLE_MODE_CHANGED, mPermissionType:0
12-17 19:55:47.854  1795  1807 I HwActivityManagerService: Split enqueueing broadcast [callerApp]:ProcessRecord{34bf34f 0:system/1000}
12-17 19:55:47.854  1795  3237 D wifiserviceimpl: netmask =16580607
12-17 19:55:47.854 32607 21068 I BetaClub: [ReceiverUtils.reportVersionInfo]
12-17 19:55:47.855 32607 21068 D BetaClub: [LoginActivity.isLoggedIn]isLoggedIn:true
12-17 19:55:47.855 32607 21068 I BetaClub: [ReceiverUtils.launchNotificationPollService]Start
12-17 19:55:47.855  1795  1795 D HwPFWLogger: AutoStartupDataMgr:isUnderControll third party not in whitelist: com.icbc.im
12-17 19:55:47.855 32607 21068 W ContextImpl: Calling a method in the system process without a qualified user: android.app.ContextImpl.startService:1527 android.content.ContextWrapper.startService:613 com.huawei.androidcommon.utils.ComponentUtils.startOrStopService:28 com.huawei.betaclub.receiver.utils.ReceiverUtils.launchNotificationPollService:129 com.huawei.betaclub.receiver.receiver.UserPresentReceiver.onReceive:23 
12-17 19:55:47.855  1795  1795 D HwPFWLogger: AutoStartupDataMgr:retrieveStartupSettings type 1 of com.icbc.im is 0
12-17 19:55:47.855  1795  1795 I HwPFWLogger: AppAutoStartupPolicy:prevent start package com.icbc.im, serviceInfo com.icbc.im.service.Keep2 by callerPid 1795, callerUid 1000, scene:jobService
12-17 19:55:47.855  1795  2709 I ActivityManager_service: retrieveServiceLocked, callerApp: ProcessRecord{34bf34f 0:system/1000}, flags: 10000400
12-17 19:55:47.855  3858  4126 I amsnl   : m1: false
12-17 19:55:47.856  1795  1795 D JobSchedulerService: Error executing 114..:[ComponentInfo{com.icbc.im/com.icbc.im.service.Keep2},jId=2,u0,R=(-49:19:48,-49:14:48),N=0,C=false,I=false,U=false,F=0,P=true,ANI=true,DND=true(READY)]
12-17 19:55:47.856  1795  2709 I ActivityManager_service: retrieveServiceLocked, callerApp: ProcessRecord{34bf34f 0:system/1000}, flags: 10000400
12-17 19:55:47.856  2883  3125 I HwSystemManager: StartupResidentService:InnerHandler Message:2
12-17 19:55:47.857  2883  2883 W HwSystemManager: AbsRecordInfo:createRecordFromBundle type provider or service
12-17 19:55:47.858  5224  5224 I Step_LSC: 20002302|logicalDealBroadcastEvent : Intent { act=android.intent.action.SCREEN_ON flg=0x50000010 }
12-17 19:55:47.858  1795 15988 W ActivityManager: getRunningAppProcesses: caller 10009 does not hold REAL_GET_TASKS; limiting output
