12-17 19:31:56.251  1795  5219 D WifiMonitor: Dispatching event to interface: wlan0
12-17 19:31:56.251  5215  5215 D wpa_supplicant: random_mix_pool - hexdump(len=16): [REMOVED]
12-17 19:31:56.252  5215  5215 D wpa_supplicant: random_mix_pool - hexdump(len=5): [REMOVED]
12-17 19:31:56.252  5215  5215 D wpa_supplicant: random pool - hexdump(len=128): [REMOVED]
12-17 19:31:56.252  5215  5215 D wpa_supplicant: Add randomness: count=822 entropy=425
12-17 19:31:56.252  5215  5215 D wpa_supplicant: random pool - hexdump(len=128): [REMOVED]
12-17 19:31:56.252  5215  5215 D wpa_supplicant: random_mix_pool - hexdump(len=16): [REMOVED]
12-17 19:31:56.252  5215  5215 D wpa_supplicant: random_mix_pool - hexdump(len=5): [REMOVED]
12-17 19:31:56.252  5215  5215 D wpa_supplicant: random pool - hexdump(len=128): [REMOVED]
12-17 19:31:56.252  5215  5215 D wpa_supplicant: Add randomness: count=823 entropy=426
12-17 19:31:56.252  5215  5215 D wpa_supplicant: random pool - hexdump(len=128): [REMOVED]
12-17 19:31:56.252  5215  5215 D wpa_supplicant: random_mix_pool - hexdump(len=16): [REMOVED]
12-17 19:31:56.252  5215  5215 D wpa_supplicant: random_mix_pool - hexdump(len=5): [REMOVED]
12-17 19:31:56.252  5215  5215 D wpa_supplicant: random pool - hexdump(len=128): [REMOVED]
12-17 19:31:56.252  5215  5215 D wpa_supplicant: Add randomness: count=824 entropy=427
12-17 19:31:56.252  5215  5215 D wpa_supplicant: random pool - hexdump(len=128): [REMOVED]
12-17 19:31:56.252  5215  5215 D wpa_supplicant: random_mix_pool - hexdump(len=16): [REMOVED]
12-17 19:31:56.252  5215  5215 D wpa_supplicant: random_mix_pool - hexdump(len=5): [REMOVED]
12-17 19:31:56.252  5215  5215 D wpa_supplicant: random pool - hexdump(len=128): [REMOVED]
12-17 19:31:56.252  5215  5215 D wpa_supplicant: Add randomness: count=825 entropy=428
12-17 19:31:56.252  5215  5215 D wpa_supplicant: random pool - hexdump(len=128): [REMOVED]
12-17 19:31:56.252  5215  5215 D wpa_supplicant: random_mix_pool - hexdump(len=16): [REMOVED]
12-17 19:31:56.252  5215  5215 D wpa_supplicant: random_mix_pool - hexdump(len=5): [REMOVED]
12-17 19:31:56.252  5215  5215 D wpa_supplicant: random pool - hexdump(len=128): [REMOVED]
12-17 19:31:56.252  5215  5215 D wpa_supplicant: Add randomness: count=826 entropy=429
12-17 19:31:56.252  5215  5215 D wpa_supplicant: random pool - hexdump(len=128): [REMOVED]
12-17 19:31:56.252  5215  5215 D wpa_supplicant: random_mix_pool - hexdump(len=16): [REMOVED]
12-17 19:31:56.252  5215  5215 D wpa_supplicant: random_mix_pool - hexdump(len=5): [REMOVED]
12-17 19:31:56.252  5215  5215 D wpa_supplicant: random pool - hexdump(len=128): [REMOVED]
12-17 19:31:56.252  5215  5215 D wpa_supplicant: Add randomness: count=827 entropy=430
12-17 19:31:56.252  5215  5215 D wpa_supplicant: random pool - hexdump(len=128): [REMOVED]
12-17 19:31:56.252  5215  5215 D wpa_supplicant: random_mix_pool - hexdump(len=16): [REMOVED]
12-17 19:31:56.252  5215  5215 D wpa_supplicant: random_mix_pool - hexdump(len=5): [REMOVED]
12-17 19:31:56.252  5215  5215 D wpa_supplicant: random pool - hexdump(len=128): [REMOVED]
12-17 19:31:56.252  5215  5215 D wpa_supplicant: Add randomness: count=828 entropy=431
12-17 19:31:56.252  5215  5215 D wpa_supplicant: random pool - hexdump(len=128): [REMOVED]
12-17 19:31:56.252  5215  5215 D wpa_supplicant: random_mix_pool - hexdump(len=16): [REMOVED]
12-17 19:31:56.252  5215  5215 D wpa_supplicant: random_mix_pool - hexdump(len=5): [REMOVED]
12-17 19:31:56.252  5215  5215 D wpa_supplicant: random pool - hexdump(len=128): [REMOVED]
12-17 19:31:56.252  5215  5215 D wpa_supplicant: Add randomness: count=829 entropy=432
12-17 19:31:56.252  5215  5215 D wpa_supplicant: random pool - hexdump(len=128): [REMOVED]
12-17 19:31:56.252  5215  5215 D wpa_supplicant: random_mix_pool - hexdump(len=16): [REMOVED]
12-17 19:31:56.252  5215  5215 D wpa_supplicant: random_mix_pool - hexdump(len=5): [REMOVED]
12-17 19:31:56.252  5215  5215 D wpa_supplicant: random pool - hexdump(len=128): [REMOVED]
12-17 19:31:56.252  5215  5215 D wpa_supplicant: Add randomness: count=830 entropy=433
12-17 19:31:56.252  5215  5215 D wpa_supplicant: random pool - hexdump(len=128): [REMOVED]
12-17 19:31:56.252  5215  5215 D wpa_supplicant: random_mix_pool - hexdump(len=16): [REMOVED]
12-17 19:31:56.252  5215  5215 D wpa_supplicant: random_mix_pool - hexdump(len=5): [REMOVED]
12-17 19:31:56.252  5215  5215 D wpa_supplicant: random pool - hexdump(len=128): [REMOVED]
12-17 19:31:56.252  5215  5215 D wpa_supplicant: wlan0: Scan-only results received
12-17 19:31:56.252  5215  5215 D wpa_supplicant: CTRL-DEBUG: ctrl_sock-sendmsg: sock=16 sndbuf=229376 outq=0 send_len=24
12-17 19:31:56.252  5215  5215 D wpa_supplicant: CTRL_IFACE monitor sent successfully to /data/misc/wifi/sockets/wpa_ctrl_1795-194\x00
12-17 19:31:56.252  5215  5215 D wpa_supplicant: wlan0: Radio work 'scan'@0x7fb502f3c0 done in 0.451989 seconds
12-17 19:31:56.252  5215  5215 D wpa_supplicant: wlan0: radio_work_free('scan'@0x7fb502f3c0: num_active_works --> 0
12-17 19:31:56.253  1795  5219 D WifiMonitor: Dispatching event to interface: wlan0
12-17 19:31:56.253  1795  5219 E WifiMonitor: WifiMonitor:wlan0 cnt=30975 dispatchEvent: CTRL-EVENT-SCAN-RESULTS 
12-17 19:31:56.253   816 20260 D DnsProxyListener: GetAddrInfoHandler addr: uc.huawei.com {304, 917808, 10102} 172.30.70.63
12-17 19:31:56.253  5215  5215 D wpa_supplicant: wlan0: Control interface command 'BSS RANGE=0- MASK=0x3029d87'
12-17 19:31:56.253  1795  2680 I AlarmManager: remove(null) changed bounds; rebatching
12-17 19:31:56.253  5215  5215 E wpa_supplicant: bssid=80:38:bc:0b:2b:e1;freq=2432;level=-55;flags=11;ssid=Huawei-Employee;
12-17 19:31:56.253  5215  5215 E wpa_supplicant: bssid=00:26:f2:1b:9d:b2;freq=2437;level=-65;flags=11;ssid=NTPC02;
12-17 19:31:56.254 31949 31967 I TCP     : WatchThread{4786} TcpSocket.close(TcpSocket.java:170) shutdown input: java.net.SocketException: Socket is closed
12-17 19:31:56.254  5215  5215 E wpa_supplicant: bssid=80:38:bc:08:42:c1;freq=2452;level=-48;flags=43;ssid=Huawei-Employee;
12-17 19:31:56.254  5215  5215 E wpa_supplicant: bssid=80:38:bc:0b:29:61;freq=2412;level=-77;flags=11;ssid=Huawei-Employee;
12-17 19:31:56.254  5215  5215 E wpa_supplicant: bssid=80:38:bc:0a:fa:e0;freq=2412;level=-84;flags=11;ssid=wlanaccessv2.0;
12-17 19:31:56.254  5215  5215 E wpa_supplicant: bssid=80:38:bc:08:42:e0;freq=2472;level=-54;flags=11;ssid=wlanaccessv2.0;
12-17 19:31:56.255 31949 31967 W TCP     : tcp.recv{4790} TcpSocket.read(TcpSocket.java:242) <<< WARN(5) >>> java.net.SocketException: Socket closed
12-17 19:31:56.255  5215  5215 E wpa_supplicant: bssid=80:38:bc:0a:f0:61;freq=2432;level=-83;flags=11;ssid=Huawei-Employee;
12-17 19:31:56.255  5215  5215 E wpa_supplicant: bssid=80:38:bc:0b:14:41;freq=2472;level=-75;flags=11;ssid=Huawei-Employee;
12-17 19:31:56.255  1795  2332 I qti_sensors_hal: [ACC]processReportInd: X: 4.775113 Y: 8.604284 Z: 0.325872  x_offset:0.160831 y_offset:0.184366 z_offset:0.985027
12-17 19:31:56.255  5215  5215 D wpa_supplicant: CTRL-DEBUG: global_ctrl_sock-sendto: sock=16 sndbuf=229376 outq=0 send_len=4022
12-17 19:31:56.256 31949 31967 E TCP     : tcp.recv{4790} TcpClientThread.readSocket(TcpClientThread.java:452) <<< ERROR(6) >>> socket read length failure -104
12-17 19:31:56.256  5215  5215 D wpa_supplicant: wlan0: Control interface command 'BSS RANGE=0- MASK=0x3029d87'
12-17 19:31:56.256  5215  5215 E wpa_supplicant: bssid=80:38:bc:0b:2b:e1;freq=2432;level=-55;flags=11;ssid=Huawei-Employee;
12-17 19:31:56.256  5215  5215 E wpa_supplicant: bssid=00:26:f2:1b:9d:b2;freq=2437;level=-65;flags=11;ssid=NTPC02;
12-17 19:31:56.256  5215  5215 E wpa_supplicant: bssid=80:38:bc:08:42:c1;freq=2452;level=-48;flags=43;ssid=Huawei-Employee;
12-17 19:31:56.256  5215  5215 E wpa_supplicant: bssid=80:38:bc:0b:29:61;freq=2412;level=-77;flags=11;ssid=Huawei-Employee;
12-17 19:31:56.257  5215  5215 E wpa_supplicant: bssid=80:38:bc:0a:fa:e0;freq=2412;level=-84;flags=11;ssid=wlanaccessv2.0;
12-17 19:31:56.257 31949 31967 I TCP     : WatchThread{4786} TcpClientThread.closeSocket(TcpClientThread.java:396) closed socket.
12-17 19:31:56.257  5215  5215 E wpa_supplicant: bssid=80:38:bc:08:42:e0;freq=2472;level=-54;flags=11;ssid=wlanaccessv2.0;
12-17 19:31:56.257  5215  5215 E wpa_supplicant: bssid=80:38:bc:0a:f0:61;freq=2432;level=-83;flags=11;ssid=Huawei-Employee;
12-17 19:31:56.257  5215  5215 E wpa_supplicant: bssid=80:38:bc:0b:14:41;freq=2472;level=-75;flags=11;ssid=Huawei-Employee;
12-17 19:31:56.257  5215  5215 D wpa_supplicant: CTRL-DEBUG: global_ctrl_sock-sendto: sock=16 sndbuf=229376 outq=0 send_len=4022
12-17 19:31:56.258 31949 31967 I eSpaceService: WatchThread{4786} TcpCirChannel.connect(TcpCirChannel.java:219) Connect to server  address = [uc.huawei.com,]  port = 7801
12-17 19:31:56.258  5215  5215 D wpa_supplicant: wlan0: Control interface command 'BSS RANGE=445- MASK=0x3029d87'
12-17 19:31:56.258  5215  5215 E wpa_supplicant: bssid=80:38:bc:0a:ef:c1;freq=2412;level=-85;flags=11;ssid=Huawei-Employee;
12-17 19:31:56.258  5215  5215 E wpa_supplicant: bssid=80:38:bc:0b:29:e1;freq=2452;level=-73;flags=11;ssid=Huawei-Employee;
12-17 19:31:56.259  5215  5215 E wpa_supplicant: bssid=80:38:bc:0a:f1:e1;freq=2472;level=-87;flags=11;ssid=Huawei-Employee;
12-17 19:31:56.259  5215  5215 E wpa_supplicant: bssid=80:38:bc:0b:25:e1;freq=2412;level=-90;flags=11;ssid=Huawei-Employee;
12-17 19:31:56.259  5215  5215 E wpa_supplicant: bssid=80:38:bc:08:42:c0;freq=2452;level=-48;flags=11;ssid=wlanaccessv2.0;
12-17 19:31:56.259 31949 31967 I TCP     : tcp.recv{4790} TcpClientThread.onReceiverWork(TcpClientThread.java:314) disconnected
12-17 19:31:56.259  5215  5215 E wpa_supplicant: bssid=80:38:bc:08:43:00;freq=2472;level=-62;flags=11;ssid=wlanaccessv2.0;
12-17 19:31:56.259  5215  5215 E wpa_supplicant: bssid=80:38:bc:0b:16:21;freq=2452;level=-70;flags=11;ssid=Huawei-Employee;
12-17 19:31:56.259  5215  5215 D wpa_supplicant: CTRL-DEBUG: global_ctrl_sock-sendto: sock=16 sndbuf=229376 outq=0 send_len=3676
12-17 19:31:56.260 31949 31967 I ECS     : WatchThread{4786} TcpClient.clearAll(TcpClient.java:240) ==================== TCP CLIENT CLEAR ALL ====================
12-17 19:31:56.261  5215  5215 D wpa_supplicant: wlan0: Control interface command 'BSS RANGE=445- MASK=0x3029d87'
12-17 19:31:56.261  5215  5215 E wpa_supplicant: bssid=80:38:bc:0a:ef:c1;freq=2412;level=-85;flags=11;ssid=Huawei-Employee;
12-17 19:31:56.261  5215  5215 E wpa_supplicant: bssid=80:38:bc:0b:29:e1;freq=2452;level=-73;flags=11;ssid=Huawei-Employee;
12-17 19:31:56.261  5215  5215 E wpa_supplicant: bssid=80:38:bc:0a:f1:e1;freq=2472;level=-87;flags=11;ssid=Huawei-Employee;
12-17 19:31:56.261  5215  5215 E wpa_supplicant: bssid=80:38:bc:0b:25:e1;freq=2412;level=-90;flags=11;ssid=Huawei-Employee;
