12-17 19:32:30.677  1795  3225 I Security_fingerprint: FingerprintService getEnrolledFingerprints
12-17 19:32:30.677  2852  2852 V KeyguardUpdateMonitor: KGSvcFp startListeningForFingerprint()
12-17 19:32:30.677  2852  2852 I KeyguardUpdateMonitor: authenticate by 0 mode!
12-17 19:32:30.677  1795  1795 D DeviceIdleController: updateDisplayLocked: screenOn=false
12-17 19:32:30.678  1795  1795 D DeviceIdleController: becomeInactiveIfAppropriateLocked()
12-17 19:32:30.678  1795  1795 D DeviceIdleController: Moved from STATE_ACTIVE to STATE_INACTIVE
12-17 19:32:30.678  1795  1795 D DeviceIdleController: stopMonitoringMotionLocked()
12-17 19:32:30.678  1795  1795 D DeviceIdleController: scheduleAlarmLocked(1800000, false)
12-17 19:32:30.678  1795  1795 I AlarmManager: set(null) : type=2 triggerAtTime=444687041 win=1350000 tElapsed=444687041 maxElapsed=446037041 interval=0 flags=0x8
12-17 19:32:30.678  1795  1795 D DeviceIdleController: Moved from LIGHT_STATE_ACTIVE to LIGHT_STATE_INACTIVE
12-17 19:32:30.678  1795  1795 D DeviceIdleController: scheduleLightAlarmLocked(300000)
12-17 19:32:30.678  1795  1795 I AlarmManager: set(null) : type=2 triggerAtTime=443187041 win=224999 tElapsed=443187041 maxElapsed=443412040 interval=0 flags=0x8
12-17 19:32:30.678  1795  1795 D HwInputMethodManagerService: ------------startInput--------------
12-17 19:32:30.679  1795  6986 I Security_fingerprint: FingerprintService authenticate
12-17 19:32:30.679  1795  2326 W HwFingerprintService: setLivenessSwitch:start
12-17 19:32:30.679  1795  2326 W HwFingerprintService: checkNeedLivenessList:start
12-17 19:32:30.679  2852  2852 W KeyguardUpdateMonitor: Fingerprint RunningStateChanged. 1
12-17 19:32:30.679  1795  2326 W HwFingerprintService: NEED_LIVENESS_AUTHENTICATION = 0
12-17 19:32:30.679  2852  2852 W HwLockScreenPanel: Handle message: 15
12-17 19:32:30.680   835   835 I fingerprintd: FingerprintDaemonProxyEx::onTransact, code:1002
12-17 19:32:30.680   835   835 I fingerprintd: fingerprintd
12-17 19:32:30.680   835   835 I fingerprintd: FingerprintDaemonProxyEx::setLivenessSwitch
12-17 19:32:30.680  2852  2852 W CameraLayout: Cameralayout setVisibility. true false  2
12-17 19:32:30.680   835   835 I fingerprintd: fingerprintdex--dev->need_liveness_authentication = false;
12-17 19:32:30.680  2852  2852 D MagazineDetailView: resetPagerState
12-17 19:32:30.680  1795  2326 W HwFingerprintService: framework setLivenessSwitch is ok ---end
12-17 19:32:30.680   835   835 I fingerprintd: FingerprintDaemonProxyEx::onTransact, code:7
12-17 19:32:30.681   835   835 D fpc_fingerprint_hal: fpc_get_authenticator_id
12-17 19:32:30.681   835  2385 D fpc_fingerprint_hal: fpc poll irq interupt
12-17 19:32:30.681   835  2385 D fpc_fingerprint_hal: wait_finger_down, took 858 ms
12-17 19:32:30.681   835  2385 E libteec : begin
12-17 19:32:30.681   606  2379 E libteec : receive data len = 128
12-17 19:32:30.687  1795  1795 V SecInputMethodManagerService: Client requesting input be hidden, pid=1795
12-17 19:32:30.688  1795  1795 D HwInputMethodManagerService: hideSecSoftInput = false
12-17 19:32:30.690  2852  2925 I EventCenter: ContentChange for slot: 1
12-17 19:32:30.690  2852  2852 I HwBrightnessController: onChange selfChange:false uri.toString():content://settings/system/screen_auto_brightness mIsObserveAutoBrightnessChange:true
12-17 19:32:30.690   606  2379 E libteec : QSEECom_send_cmd return!
12-17 19:32:30.690   606  2379 E libteec : qsc_send_cmd finish
12-17 19:32:30.691   606  2379 E libteec : send data return = 128
12-17 19:32:30.691   835  2385 E libteec : receive data len = 128
12-17 19:32:30.691   835  2385 E libteec : begin
12-17 19:32:30.691   835  2385 E libteec : qsc_decode end
12-17 19:32:30.691   835  2385 D fpc_fingerprint_hal: worker idle
12-17 19:32:30.691   835   835 E libteec : begin
12-17 19:32:30.691   606  2379 E libteec : receive data len = 128
12-17 19:32:30.691  2852  2852 I HwBrightnessUtils: APS brightness=0.0,ConvertToPercentage=NaN
12-17 19:32:30.691  2852  2852 I HwBrightnessUtils:  getSeekBarProgress isAutoMode:true current brightness:0 percentage:NaN
12-17 19:32:30.691  2852  2852 I HwBrightnessController: updateSlider1 seekBarProgress:0
12-17 19:32:30.691  2852  2852 I HwBrightnessController: updateSlider2 seekBarProgress:0
12-17 19:32:30.691  2852  2852 I ToggleSlider:  mSeekListener onProgressChanged progress:0 fromUser:false
12-17 19:32:30.691  2852  2852 I ToggleSlider:  mSeekListener onProgressChanged progress:0 fromUser:false
12-17 19:32:30.694  1795  1795 I TrafficMonitor: update:rxPkts:5,txPkts:6,rxBytes:954,txBytes:427
12-17 19:32:30.694  1795  1795 I TrafficMonitor: start expired. level:-1
12-17 19:32:30.694  1795  1795 I TrafficMonitor: gettimer:interval=2000
12-17 19:32:30.696   606  2379 E libteec : QSEECom_send_cmd return!
12-17 19:32:30.696   606  2379 E libteec : qsc_send_cmd finish
12-17 19:32:30.696   606  2379 E libteec : send data return = 128
12-17 19:32:30.696   835   835 E libteec : receive data len = 128
12-17 19:32:30.696   835   835 E libteec : begin
12-17 19:32:30.696   835   835 E libteec : qsc_decode end
12-17 19:32:30.696   835   835 D fpc_fingerprint_hal: fpc_get_authenticator_id id 14657234628792947271
12-17 19:32:30.696   835  2385 E libteec : begin
12-17 19:32:30.696   606  2379 E libteec : receive data len = 128
12-17 19:32:30.696  1795  2326 V FingerprintService: startAuthentication(com.android.systemui)
12-17 19:32:30.697  1795  2326 V FingerprintService: starting client AuthenticationClient(com.android.systemui), initiatedByClient = true)
12-17 19:32:30.697   835   835 I fingerprintd: FingerprintDaemonProxyEx::onTransact, code:1
12-17 19:32:30.697   835   835 V fingerprintd: authenticate(sid=0, gid=0)
12-17 19:32:30.705  2852  2852 I StatusBar: onNotificationPosted: StatusBarNotification(pkg=com.android.incallui user=UserHandle{0} id=2 tag=null key=0|com.android.incallui|2|null|1001: Notification(pri=2 contentView=null vibrate=null sound=null defaults=0x0 flags=0x2 color=0x00000000 actions=3 vis=PRIVATE publicVersion=Notification(pri=0 contentView=null vibrate=null sound=null defaults=0x0 flags=0x0 color=0xff33b5e5 vis=PRIVATE))) important=2, post=1481974350432, when=1481974245373, vis=0, userid=0
12-17 19:32:30.705  2852  2852 I PhoneStatusBar: addNotification key=0|com.android.incallui|2|null|1001
12-17 19:32:30.706   606  2379 E libteec : QSEECom_send_cmd return!
12-17 19:32:30.706   606  2379 E libteec : qsc_send_cmd finish
12-17 19:32:30.706   606  2379 E libteec : send data return = 128
12-17 19:32:30.706   835  2385 E libteec : receive data len = 128
12-17 19:32:30.706   835  2385 E libteec : begin
12-17 19:32:30.706   835  2385 E libteec : qsc_decode end
12-17 19:32:30.706   835  2385 D fpc_fingerprint_hal: worker idle
12-17 19:32:30.706  2852  2852 D HwCust  : Create obj success use class android.app.HwCustNotificationImpl
12-17 19:32:30.706   835  2385 D fpc_fingerprint_hal: workerFunction STATE_AUTHENTICATE
12-17 19:32:30.706   835  2385 E libteec : begin
12-17 19:32:30.706   606  2379 E libteec : receive data len = 128
12-17 19:32:30.706  2852  2852 I StatusBarIconView: updateTint: tint=0
12-17 19:32:30.706  1795  2326 W FingerprintService: client com.android.systemui is authenticating...
12-17 19:32:30.706  2852  2852 I BadgedIconHelper: isCloneProcess = false
12-17 19:32:30.706  2852  2852 I StatusBarIconView: updateTint: tint=0
12-17 19:32:30.708  2852  2852 I BadgedIconHelper: isCloneProcess = false
12-17 19:32:30.708  2852  2852 D HwCust  : Create obj success use class android.app.HwCustNotificationImpl
12-17 19:32:30.710  1795  2377 I AwareLog: AwareMem_DMEServer: stop
12-17 19:32:30.711   606  2379 E libteec : QSEECom_send_cmd return!
12-17 19:32:30.711   606  2379 E libteec : qsc_send_cmd finish
12-17 19:32:30.711  2852  2852 I BadgedIconHelper: isCloneProcess = false
12-17 19:32:30.711   835  2385 E libteec : receive data len = 128
12-17 19:32:30.711   835  2385 E libteec : begin
12-17 19:32:30.711   835  2385 E libteec : qsc_decode end
12-17 19:32:30.711   835  2385 I fpc_tac : fpc_tac_send_get_indices_cmd indices:0x7f9860c000, index_count:1
12-17 19:32:30.711   835  2385 E libteec : begin
12-17 19:32:30.711   606  2379 E libteec : send data return = 128
12-17 19:32:30.711   606  2379 E libteec : receive data len = 1152
12-17 19:32:30.712  2852  2852 D HwCust  : Create obj success use class android.app.HwCustNotificationImpl
12-17 19:32:30.714  1795  1795 D HwWifiP2pService: onReceive, action:android.intent.action.SCREEN_OFF
12-17 19:32:30.714  2852  2852 D HwCust  : Create obj success use class android.app.HwCustNotificationImpl
