12-17 19:40:31.514  1795  1795 D WifiService: onReceive, action:android.intent.action.SCREEN_OFF
12-17 19:40:31.514  1795  2670 D WifiController: DeviceActiveState{ when=0 what=155651 target=com.android.internal.util.StateMachine$SmHandler }
12-17 19:40:31.514  1795  2670 D WifiController: StaEnabledState what=155651
12-17 19:40:31.514  1795  2670 D WifiController: DefaultState what=155651
12-17 19:40:31.514  1795  2670 D WifiController: wifiSleepPolicy:1
12-17 19:40:31.515  1795  2670 D WifiController: set idle timer: 1800000 ms
12-17 19:40:31.515  1795  2670 I AlarmManager: set(PendingIntent{50e3a01: PendingIntentRecord{a8130a6 android broadcastIntent}}) : type=0 triggerAtTime=1481976631515 win=0 tElapsed=445167878 maxElapsed=445167878 interval=0 flags=0x9
12-17 19:40:31.515  1795  2728 D HwArpVerifier: check_wifi_state_mode = 0 mCheckStateToken=1008 token1008
12-17 19:40:31.515  1795  2728 D HwArpVerifier: reportArpDetail: 10.33.8.1  00:00:5e:00:01:09   2   wlan0
12-17 19:40:31.515  1795  2728 D wifiserviceimpl: netmask =16580607
12-17 19:40:31.516  1795  2728 D HWMultiGW: setGateWay 10.33.8.1
12-17 19:40:31.522  1795  2736 E hwintelligencewifi:  DefaultState MSG_SCREEN_OFF mIsAutoOpenSearch = false
12-17 19:40:31.522  1795  2377 I IO.IOStatsService: onReceive:screen off
12-17 19:40:31.522  5215  5215 D wpa_supplicant: wpa_driver_nl80211_driver_cmd SETSUSPENDMODE 1 len = 0, 4096
12-17 19:40:31.522  5215  5215 D wpa_supplicant: CTRL-DEBUG: global_ctrl_sock-sendto: sock=16 sndbuf=229376 outq=0 send_len=3
12-17 19:40:31.523  1795  2671 D PowerManagerService: release:lock=244575063, flg=0x0, tag="WifiSuspend", name=android", ws=null, uid=1000, pid=1795
12-17 19:40:31.523  1795  2671 D PowerManagerService: ready=true,policy=0,wakefulness=0,wksummary=0x1,uasummary=0x0,bootcompleted=true,boostinprogress=false,waitmodeenable=false,mode=true,manual=33,auto=-1,adj=0.0userId=0
12-17 19:40:31.526  1795  2377 I IO.IOStatsService: saveIOStatsAndLatestUids,the time interval is too shorter than the last screen off
12-17 19:40:31.528  2883  2883 D HwKeyguardManagerImpl: isLockScreenDisabled HwKeyguardManagerImpl result = false
12-17 19:40:31.528  1795  6988 D PowerManagerService: acquire lock=184063844, flags=0x1, tag="NetworkStats", name=android, ws=null, uid=1000, pid=1795
12-17 19:40:31.528  1795  6988 D PowerManagerService: ready=true,policy=0,wakefulness=0,wksummary=0x1,uasummary=0x0,bootcompleted=true,boostinprogress=false,waitmodeenable=false,mode=true,manual=33,auto=-1,adj=0.0userId=0
12-17 19:40:31.529  1795 20747 D Telecom : TelecomServiceImpl: isInCall callState is 0: TSI.iIC@EuA
12-17 19:40:31.529  2852  2852 E KeyguardUpdateMonitor: isSimPinSecure mSimDatas is null or empty 
12-17 19:40:31.531  1795  6988 D NetdConnector: SND -> {11643 bandwidth gettetherstats}
12-17 19:40:31.533  1795  2665 D NetdConnector: RCV <- {200 11643 Tethering stats list completed}
12-17 19:40:31.533  1795  2665 D NetdConnector: RCV <- {200 11643 Tethering stats list completed}
12-17 19:40:31.534  2883  2883 I HwSystemManager: AntiMalManager:receive Broadcast ACTION_SCREEN_OFF mOnTimeSum:261524986 onTime:7765 isPowerConnected:false
12-17 19:40:31.535  2883  2883 I HwSystemManager: AutoCleanReceiveServer:receive action:android.intent.action.SCREEN_OFF
12-17 19:40:31.536  2883  2883 I HwSystemManager: AutoCleanReceiveServer:telemamanger state isIdle:false
12-17 19:40:31.536  1795  6988 W NetworkStatsFactory: mStatsXtProcUid: /proc/net/comm/stats does not exist!
12-17 19:40:31.536  2883  2883 I HwSystemManager: AutoCleanReceiveServer:checkToStartCleanService, current is not charging, need not start clean service
12-17 19:40:31.536  1795  6988 D HwNetworkStatsService: mActiveIface: null
12-17 19:40:31.538  1795  6988 I SendBroadcastPermission: action:com.android.server.action.NETWORK_STATS_UPDATED, mPermissionType:0
12-17 19:40:31.539  1795  3249 D Telecom : TelecomServiceImpl: isInCall callState is 0: TSI.iIC@EuE
12-17 19:40:31.539  1795  6988 I HwActivityManagerService: Split enqueueing broadcast [callerApp]:ProcessRecord{34bf34f 0:system/1000}
12-17 19:40:31.539  1795  6988 D PowerManagerService: release:lock=184063844, flg=0x0, tag="NetworkStats", name=android", ws=null, uid=1000, pid=1795
12-17 19:40:31.539  1795  6988 D PowerManagerService: ready=true,policy=0,wakefulness=0,wksummary=0x1,uasummary=0x0,bootcompleted=true,boostinprogress=false,waitmodeenable=false,mode=true,manual=33,auto=-1,adj=0.0userId=0
12-17 19:40:31.542  1795  3077 D GnssLocationProvider: receive broadcast intent, action: android.intent.action.SCREEN_OFF
12-17 19:40:31.542  1795  3077 I GnssLocationProvider: updateLowPowerMode,isPowerSaveMode:falseisInteractive:false
12-17 19:40:31.542  1795  3077 I GnssLocationProvider: disableGps:false  isEnabled()=true
12-17 19:40:31.546  2852  3361 I vol.VolumeDialogControl: C onScreenOff 
12-17 19:40:31.546  3168  3168 I CHR_TelStatusListenr0: [Timer rat:4 level:5] suspend
12-17 19:40:31.546  3168  3168 I CHR_TelStatusListenr0: [Timer serviceState:0 simReady:true] suspend
12-17 19:40:31.546  3168  3168 I CHR_TelStatusListenr1: [Timer serviceState:1 simReady:false] suspend
12-17 19:40:31.547  3168  3168 I CHR_TelphonyStatusService: duration: 1030546 STATUS_REPORT_TIMESPAN: 86400000 / (1000 * 60 * 60 * 24) day STATUS_REPORT_TIMESPAN_FOR_BETA: 21600000 / (1000 * 60 * 60 * 24) day
12-17 19:40:31.547  3168  3168 I CHR_ChrUtil: is Beta User, userType = 3
12-17 19:40:31.547  2883  3040 I HwSystemManager: TrafficNotifyAfterLocked:mLockStartTraffic = 0;mLockStartTrafficList = {}
12-17 19:40:31.548  2852  2852 V KeyguardSecurityView: Container inflating id = 2130968798 : view Id 2132017669
12-17 19:40:31.549  2883  2996 E HwSystemManager: SimCardMethod:/getSimCardInfo: imsi is null
12-17 19:40:31.549  2852  2852 W HwKeyguardAbsKeyInputView: Reset
12-17 19:40:31.549  2852  3556 I NetworkController.MobileSignalController(0): onDataActivity: direction=0
12-17 19:40:31.549  2852  2852 D TimeKeeper: getTimeTickInfo:[mMillisUntilFinished:0, mHour:0, mMinute:0, mSecond:0]
12-17 19:40:31.549  2852  2852 W KG_Policy: RetryPolicy unregisterObserver invalide observer
12-17 19:40:31.549  2852  3556 I SystemUIIdleHandler: enter addToIdleMessage(type:1001), mainloop is busy, add to idleMessage
12-17 19:40:31.550  2852  3556 I NetworkController.MobileSignalController(0): onDataActivity: direction=0
12-17 19:40:31.550  2852  3556 I SystemUIIdleHandler: enter addToIdleMessage(type:1001), mainloop is busy, add to idleMessage
12-17 19:40:31.550  2852  2852 W StatusBarWindowManager: Apply window without WALLPAPER
12-17 19:40:31.550  2852  2852 W StatusBarWindowManager: Apply window Height MATCH_PARENT
12-17 19:40:31.550  2852  2852 I StatusBarWindowManager: apply skiped :0
12-17 19:40:31.553  2852  2852 V KeyguardUpdateMonitor: *** register callback for com.android.keyguard.EmergencyButton$1@3bde7c0
12-17 19:40:31.553  2852  2852 V KeyguardUpdateMonitor: *** unregister callback for null
12-17 19:40:31.555  2883  2996 I HwSystemManager: NormalTrafficAnalysis:alert byte = 0 last alert byte = 0
12-17 19:40:31.555  2883  2996 E HwSystemManager: NormalTrafficAnalysis:alert byte = 0, so return
12-17 19:40:31.556  1795  6988 D Telecom : TelecomServiceImpl: isInCall callState is 0: TSI.iIC@EuI
12-17 19:40:31.557  2852  2852 E KeyguardUpdateMonitor: isSimPinSecure mSimDatas is null or empty 
12-17 19:40:31.560  3218 13036 E HW-JPEG-DEC: [HME_JPEG_DEC_Delete](3298): HME_JPEG_DEC_Delete: decoder_ctx=null
12-17 19:40:31.560  1795  3110 D Telecom : TelecomServiceImpl: isInCall callState is 0: TSI.iIC@EuM
12-17 19:40:31.562  1795 16498 D Telecom : TelecomServiceImpl: isInCall callState is 0: TSI.iIC@EuQ
12-17 19:40:31.562  2852  2852 E KeyguardUpdateMonitor: isSimPinSecure mSimDatas is null or empty 
12-17 19:40:31.564  2883  2996 I HwSystemManager: TafficState:default sub id = 0slotIndex = 0 subscriptionId = 0
12-17 19:40:31.566  1795 11746 D Telecom : TelecomServiceImpl: isInCall callState is 0: TSI.iIC@EuU
12-17 19:40:31.568  2883  2996 E HwSystemManager: LeisureTrafficSetting:result is empty
12-17 19:40:31.568  1795  3238 D Telecom : TelecomServiceImpl: isInCall callState is 0: TSI.iIC@EuY
12-17 19:40:31.568  2852  2852 E KeyguardUpdateMonitor: isSimPinSecure mSimDatas is null or empty 
12-17 19:40:31.571  2883  2996 I HwSystemManager: NatTrafficNotifyService:delta byte = 0 no traffic delta = 0Traffic state is 301
12-17 19:40:31.578  1795  6988 D Telecom : TelecomServiceImpl: isInCall callState is 0: TSI.iIC@Euc
12-17 19:40:31.578  2883  2996 I HwSystemManager: ExtraTrafficSetting:result is empty
12-17 19:40:31.579  2852  2852 W AppHandler: addListener com.android.keyguard.EmergencyButton{2f85cf9 VFED..C.. ......I. 0,0-0,0 #7f140200 app:id/emergency_call_button_pin_view}
12-17 19:40:31.580  2852  2852 I HwPhoneStatusBar: showKeyguard:false
12-17 19:40:31.581  2852  2852 I HwPhoneStatusBar: setBarState:1
12-17 19:40:31.581  2852  2852 I HwPhoneStatusBar: change state: 0 --> 1, StartLockTime=9223372036854775807
12-17 19:40:31.581  2852  2852 I HwPhoneStatusBar: enter lock mode:1481974831581
12-17 19:40:31.581  2852  2852 I TrafficPanelManager: hideTraffic
12-17 19:40:31.581  2852  2852 I TrafficPanelViewContent: onShowStatusChange show:false
12-17 19:40:31.581  2852  2852 I HwPhoneStatusBar: updateNotificationShade
12-17 19:40:31.581  2852  2852 I PhoneStatusBar: updateNotificationShade
12-17 19:40:31.581  2852  2852 I PhoneStatusBar: removeNotificationChildren
12-17 19:40:31.582  2852  2852 I HwNotificationIconAreaController: showNotificationAll
12-17 19:40:31.582  2852  2852 I HwPhoneStatusBarTransitions: setBackgroundColor:new=0, old=0
12-17 19:40:31.582  2852  2852 I NotificationGroupManager: collapseAllGroups:
12-17 19:40:31.582  2852  2852 W StatusBarWindowManager: Apply window without WALLPAPER
12-17 19:40:31.582  2852  2852 W StatusBarWindowManager: Apply window Height MATCH_PARENT
12-17 19:40:31.582  2852  2852 I StatusBarWindowManager: apply mLp:0 -> 0; Height: -1; Flag: 81860040
12-17 19:40:31.583  2852  2852 D TintTextView: #B3FFFFFF com.android.systemui.tint.TintTextView{88b1de7 V.ED..... ......I. 0,11-144,60 #7f14004e app:id/msim_status_bar_operators_card_one_id}
12-17 19:40:31.584  2852  2852 D TintTextView: #B3FFFFFF com.android.systemui.tint.TintTextView{f83e2df V.ED..... ......ID 0,1-66,43 #7f1401be app:id/battery_outside_percent}
12-17 19:40:31.584  2852  2852 I PanelView: closeQs
12-17 19:40:31.584  2852  2852 I TrafficPanelManager: hideTraffic
12-17 19:40:31.584  2852  2852 I TrafficPanelViewContent: onShowStatusChange show:false
12-17 19:40:31.585  2852  2852 I QSContainer: updateQsState:false
12-17 19:40:31.585  2852  2852 I QSContainer: updateQsState:false
