12-17 19:33:00.466  1795  2665 D NetdConnector: RCV <- {200 11620 Tethering stats list completed}
12-17 19:33:00.466  1795  2736 E hwintelligencewifi: getCurrentCellid type type = PHONE_TYPE_GSM
12-17 19:33:00.466  1795  2736 E hwintelligencewifi: getCurrentCellid type is PHONE_TYPE_GSM
12-17 19:33:00.467  1795  2665 D NetdConnector: RCV <- {200 11620 Tethering stats list completed}
12-17 19:33:00.468  1795  2736 E hwintelligencewifi: getCurrentCellid PHONE_TYPE_GSM cellidString = 460003645
12-17 19:33:00.468  1795  2736 E hwintelligencewifi: updataApInfo cellid =460003645
12-17 19:33:00.468  1795  2736 E hwintelligencewifi: addCurrentApInfo cellid =460003645
12-17 19:33:00.469  1795 11745 W NetworkStatsFactory: mStatsXtProcUid: /proc/net/comm/stats does not exist!
12-17 19:33:00.469  1795 11745 D HwNetworkStatsService: mActiveIface: null
12-17 19:33:00.470  3168  3168 I CHR_ChrDataServiceTracker: handledataswitchchanged
12-17 19:33:00.471  1795 11745 I SendBroadcastPermission: action:com.android.server.action.NETWORK_STATS_UPDATED, mPermissionType:0
12-17 19:33:00.472  1795 11745 I HwActivityManagerService: Split enqueueing broadcast [callerApp]:ProcessRecord{34bf34f 0:system/1000}
12-17 19:33:00.472  1795 11745 D PowerManagerService: release:lock=184063844, flg=0x0, tag="NetworkStats", name=android", ws=null, uid=1000, pid=1795
12-17 19:33:00.472  1795 11745 D PowerManagerService: ready=false,policy=3,wakefulness=3,wksummary=0x11,uasummary=0x1,bootcompleted=true,boostinprogress=false,waitmodeenable=false,mode=true,manual=33,auto=-1,adj=0.0userId=0
12-17 19:33:00.473  1795  3077 D GnssLocationProvider: receive broadcast intent, action: android.intent.action.SCREEN_ON
12-17 19:33:00.473  1795  3077 I GnssLocationProvider: updateLowPowerMode,isPowerSaveMode:falseisInteractive:false
12-17 19:33:00.473  1795  3077 I GnssLocationProvider: disableGps:false  isEnabled()=true
12-17 19:33:00.475  1795  3111 D PowerManagerService: release:lock=5152000, flg=0x0, tag="RILJ_ACK_WL", name=com.android.phone", ws=null, uid=1001, pid=3218
12-17 19:33:00.476  1795  3111 D PowerManagerService: ready=false,policy=3,wakefulness=3,wksummary=0x11,uasummary=0x1,bootcompleted=true,boostinprogress=false,waitmodeenable=false,mode=true,manual=33,auto=-1,adj=0.0userId=0
12-17 19:33:00.478  1795  1809 I qti_sensors_hal: read from oem info: data_readback
12-17 19:33:00.478  1795  1809 I qti_sensors_hal: 0xcd, 0xb0, 0x24, 0x3e
12-17 19:33:00.478  1795  1809 I qti_sensors_hal: 0x66, 0xca, 0x3c, 0x3e
12-17 19:33:00.478  1795  1809 I qti_sensors_hal: 0xc0, 0x2a, 0x7c, 0x3f
12-17 19:33:00.478  1795  1809 I qti_sensors_hal: 0x55, 0x0, 0x0, 0x0
12-17 19:33:00.478  1795  1809 I qti_sensors_hal: 0x0, 0x0, 0x0, 0x0
12-17 19:33:00.478  1795  1809 E qti_sensors_hal: read from oem info: data_valid_flag=0x55
12-17 19:33:00.478  1795  1809 E qti_sensors_hal: read from oem info: x_offset=0.160831, y_offset=0.184366, z_offset=0.985027
12-17 19:33:00.478  1795  1809 E qti_sensors_hal: Final value: x_offset=0.160831, y_offset=0.184366, z_offset=0.985027
12-17 19:33:00.478  1795  1809 I qti_sensors_hal: batch:load_acc_oeminf_data x_offset:0.160831 y_offset:0.184366 z_offset:0.985027
12-17 19:33:00.478  1795  1809 I qti_sensors_hal: batch:sensor(android.sensor.accelerometer) sample_rate=14.999925Hz report_rate_f=0.000000Hz curr sample rate:5.000000 cur rpt rate:0 max:400.000000 min:1.000000
12-17 19:33:00.479  1795  1809 I qti_sensors_hal: flush,395,handle 0
12-17 19:33:00.479  1795  1809 I qti_sensors_hal: flush,260 handle 0
12-17 19:33:00.480  1795  1809 I WindowManager: Finished screen turning on...
12-17 19:33:00.480  1795  1825 I PowerManager_screenOn: DisplayPowerController Unblocked screen on after 551 ms
12-17 19:33:00.480  1795  1825 I PowerManager_screenOn: DisplayPowerController updatePowerState mPendingRequestLocked=policy=BRIGHT, useProximitySensor=true, useProximitySensorbyPhone=true, screenBrightness=33, screenAutoBrightnessAdjustment=0.0, brightnessSetByUser=true, useAutoBrightness=true, blockScreenOn=false, lowPowerMode=false, boostScreenBrightness=false, dozeScreenBrightness=-1, dozeScreenState=UNKNOWN, useTwilight=false, useSmartBacklight=true, brightnessWaitMode=false, brightnessWaitRet=true, screenAutoBrightness=-1, userId=0
12-17 19:33:00.480  1795  1825 I PowerManager_screenOn: DisplayPowerStatesetColorFadeLevel: level=1.0
12-17 19:33:00.481  2852  3556 I NetworkController.MobileSignalController(0): onDataActivity: direction=0
12-17 19:33:00.481  2852  3556 I SystemUIIdleHandler: enter addToIdleMessage(type:1001), mainloop is busy, add to idleMessage
12-17 19:33:00.481  2883  3040 E HwSystemManager: TrafficNotifyAfterLocked:screen notification will not notify
12-17 19:33:00.481  2852  2852 D NetworkController.MobileSignalController(0): mSimSubId:0 onDataActivity: direction=0
12-17 19:33:00.482  1795  1825 D DisplayPowerController: Animating brightness: target=36, rate=40
12-17 19:33:00.482  2852  3556 I NetworkController.MobileSignalController(0): onDataActivity: direction=0
12-17 19:33:00.482  1795  2750 I PowerManager_screenOn: DisplayPowerState Updating screen state: state=ON, backlight=1411
12-17 19:33:00.482  1795  1825 I PowerManager_screenOn: DisplayPowerController updatePowerState mPendingRequestLocked=policy=BRIGHT, useProximitySensor=true, useProximitySensorbyPhone=true, screenBrightness=33, screenAutoBrightnessAdjustment=0.0, brightnessSetByUser=true, useAutoBrightness=true, blockScreenOn=false, lowPowerMode=false, boostScreenBrightness=false, dozeScreenBrightness=-1, dozeScreenState=UNKNOWN, useTwilight=false, useSmartBacklight=true, brightnessWaitMode=false, brightnessWaitRet=true, screenAutoBrightness=-1, userId=0
12-17 19:33:00.482  2852  3556 D NetworkController.MobileSignalController(0): mSimSubId:0 onDataActivity: direction=0
12-17 19:33:00.482  1795  2750 I HwLightsService: back light level before map = 1411
12-17 19:33:00.482  1795  1825 D DisplayPowerController: Animating brightness: target=36, rate=40
12-17 19:33:00.482  1795  1825 V KeyguardServiceDelegate: onScreenTurnedOn()
12-17 19:33:00.482  1795  1825 I WindowManger_keyguard: onScreenTurnedOn()
12-17 19:33:00.482  1795  1825 D DisplayPowerController: Display ready!
12-17 19:33:00.482  1795  1825 D DisplayPowerController: Finished business...
12-17 19:33:00.483  1795  1825 D FpDataCollector: case xxx, not a fingerprint unlock 
12-17 19:33:00.483  2852  2822 D KeyguardService: Caller checkPermission fail
12-17 19:33:00.483  2852  2822 D KeyguardService: KGSvcCall onScreenTurnedOn.
12-17 19:33:00.483  2852  2822 D KeyguardViewMediator: notifyScreenTurnedOn
12-17 19:33:00.483  1795  1825 D PowerManagerService: ready=true,policy=3,wakefulness=3,wksummary=0x11,uasummary=0x1,bootcompleted=true,boostinprogress=false,waitmodeenable=false,mode=true,manual=33,auto=-1,adj=0.0userId=0
12-17 19:33:00.483  1795  1825 E PowerManagerService: startDreaming = true
12-17 19:33:00.483  2852  2852 D KeyguardViewMediator: handleNotifyScreenTurnedOn
12-17 19:33:00.483  2852  2852 I PhoneStatusBar: onScreenTurnedOn
12-17 19:33:00.483  2852  2852 D KGWallpaper_Magazine: getNextIndex: 0; from 5 to 5; size: 44
12-17 19:33:00.483  1795  1825 D PowerManagerService: reallyGoToSleepNoUpdateLocked: eventTime=123064169, uid=1000
12-17 19:33:00.483  2852  2852 I HwLockScreenReporter: report msg is :{picture: Deepwater-05-2.3.001-bigpicture_05_8.jpg}
12-17 19:33:00.483  1795  1825 I PowerManagerService: Sleeping (uid 1000)...
12-17 19:33:00.483  2852  2852 W HwLockScreenReporter: report result = falsereport type:162 msg:{picture: Deepwater-05-2.3.001-bigpicture_05_8.jpg, channelId: 05}
12-17 19:33:00.483  1795  1825 I PowerManager_screenOn: PowerManagerNotifier onWakefulnessChangeStarted: wakefulness=0, reason=2, interactive=false, mInteractive=false, mInteractiveChanging=true
12-17 19:33:00.483  2852  2852 I OucScreenOnCounter: Screen already turned on at: 1481974212
12-17 19:33:00.484  1795  1825 D PowerManagerService: ready=false,policy=0,wakefulness=0,wksummary=0x11,uasummary=0x0,bootcompleted=true,boostinprogress=false,waitmodeenable=false,mode=true,manual=33,auto=-1,adj=0.0userId=0
12-17 19:33:00.484  2852  2852 I PowerUI : onReceive intent:act:android.intent.action.SCREEN_ON  flag:1342177296 
12-17 19:33:00.484  1795  1825 I PowerManager_screenOn: DisplayPowerController updatePowerState mPendingRequestLocked=policy=OFF, useProximitySensor=true, useProximitySensorbyPhone=true, screenBrightness=33, screenAutoBrightnessAdjustment=0.0, brightnessSetByUser=true, useAutoBrightness=true, blockScreenOn=false, lowPowerMode=false, boostScreenBrightness=false, dozeScreenBrightness=-1, dozeScreenState=UNKNOWN, useTwilight=false, useSmartBacklight=true, brightnessWaitMode=false, brightnessWaitRet=true, screenAutoBrightness=-1, userId=0
12-17 19:33:00.484  2852  2852 I HwBrightnessController: onChange selfChange:false uri.toString():content://settings/system/screen_auto_brightness mIsObserveAutoBrightnessChange:true
12-17 19:33:00.484  2852  2925 I EventCenter: ContentChange for slot: 1
12-17 19:33:00.485  2852  2852 I HwBrightnessUtils: APS brightness=35.0,ConvertToPercentage=0.31288317
12-17 19:33:00.485  2852  2852 I HwBrightnessUtils:  getSeekBarProgress isAutoMode:true current brightness:35 percentage:0.31288317
12-17 19:33:00.485  2852  2852 I HwBrightnessController: updateSlider1 seekBarProgress:3129
12-17 19:33:00.485  2852  2852 I HwBrightnessController: updateSlider2 seekBarProgress:3129
12-17 19:33:00.486  2852  2852 I ToggleSlider:  mSeekListener onProgressChanged progress:3129 fromUser:false
12-17 19:33:00.486  2852  2852 I ToggleSlider:  mSeekListener onProgressChanged progress:3129 fromUser:false
12-17 19:33:00.488  1795  1795 D PowerManagerService: acquire lock=228612087, flags=0x1, tag="ActivityManager-Sleep", name=android, ws=null, uid=1000, pid=1795
12-17 19:33:00.489  1795  1795 D PowerManagerService: ready=false,policy=0,wakefulness=0,wksummary=0x11,uasummary=0x0,bootcompleted=true,boostinprogress=false,waitmodeenable=false,mode=true,manual=33,auto=-1,adj=0.0userId=0
12-17 19:33:00.489  1795  1795 I ActivityManager_activity: Start pausing: ActivityRecord{b46dc67 u0 com.android.incallui/.InCallActivity t310}
12-17 19:33:00.489  3608  3608 I InCall  : VideoCallFragment - onPause:
12-17 19:33:00.489  3608  3608 I InCall  : VideoCallPresenter - isVideoCallWorking, state is: 3
12-17 19:33:00.490  3608  3608 D InCall  : VideoCallPresenter - pauseVideo: Error bad state mPrimaryCall=[Call_10, ACTIVE, [Capabilities: CAPABILITY_HOLD CAPABILITY_SUPPORT_HOLD CAPABILITY_MUTE CAPABILITY_CANNOT_DOWNGRADE_VIDEO_TO_AUDIO], children:[], parent:null, conferenceable:[], videoState:Audio Only, mSessionModificationState:0, VideoSettings:(CameraDir:-1)] mVideoCall=null
12-17 19:33:00.490  3608  3608 D InCall  : InCallActivity - onPause()...
12-17 19:33:00.490  3608  3608 D InCall  : DialpadFragment - Notifying dtmf key up.
12-17 19:33:00.490  3608  3608 D InCall  : ContactInfoCache - Contact lookup. In memory cache hit; lookup complete
12-17 19:33:00.497  2883  2996 E HwSystemManager: SimCardMethod:/getSimCardInfo: imsi is null
12-17 19:33:00.497  3608  3608 D InCall  : StatusBarNotifier - Showing notification for first time.
12-17 19:33:00.497  3608  3608 D InCall  : StatusBarNotifier - Data changed.  Showing notification
12-17 19:33:00.497  3608  3608 D InCall  : StatusBarNotifier - contactsentry_photo is null
12-17 19:33:00.504  1795  2750 D HW_DISPLAY_EFFECT: presently, hw_update_color_temp_for_rg_led interface not achieved.
12-17 19:33:00.505  3608  3608 D HwCust  : Create obj success use class android.app.HwCustNotificationImpl
12-17 19:33:00.506  3608  3608 D HwCust  : Create obj success use class android.app.HwCustNotificationImpl
12-17 19:33:00.506  3608  3608 E InCall  : StatusBarNotifier - getNotificationBuilder
12-17 19:33:00.510  2883  2996 I HwSystemManager: NormalTrafficAnalysis:alert byte = 0 last alert byte = 0
12-17 19:33:00.510  2883  2996 E HwSystemManager: NormalTrafficAnalysis:alert byte = 0, so return
12-17 19:33:00.517  3218  6115 E HW-JPEG-DEC: [HME_JPEG_DEC_Delete](3298): HME_JPEG_DEC_Delete: decoder_ctx=null
12-17 19:33:00.526  1795  1825 I DisplayPowerController: checkPhoneWindowIsTop:pakcage name:com.android.incallui,ClassName name:com.android.incallui.InCallActivity
12-17 19:33:00.526  1795  1825 I PowerManager_screenOn: DisplayPowerStatesetColorFadeLevel: level=0.0
12-17 19:33:00.527  3608  3608 D InCall  : StatusBarNotifier - Will show "hang-up" action in the ongoing active call Notification
