12-17 19:33:43.328  1795  1795 I HwActivityManagerService: Split enqueueing broadcast [callerApp]:ProcessRecord{34bf34f 0:system/1000}
12-17 19:33:43.328  1795  1795 I ActivityManager_broadcast: Enqueueing ordered broadcast[foreground] BroadcastRecord{a60a8b6 u-1 android.intent.action.SCREEN_OFF}: prev had 0
12-17 19:33:43.328  1795  2778 I Security_fingerprint: FingerprintService getEnrolledFingerprints
12-17 19:33:43.328  1795  1808 I ActivityManager_broadcast: dispatch ordered broadcast [foreground] BroadcastRecord{a60a8b6 u-1 android.intent.action.SCREEN_OFF}, has 55 receivers
12-17 19:33:43.329  2852  2852 V KeyguardUpdateMonitor: KGSvcFp startListeningForFingerprint()
12-17 19:33:43.329  2852  2852 I KeyguardUpdateMonitor: authenticate by 0 mode!
12-17 19:33:43.330  1795 17831 I Security_fingerprint: FingerprintService authenticate
12-17 19:33:43.330  1795  2326 W HwFingerprintService: setLivenessSwitch:start
12-17 19:33:43.330  1795  2326 W HwFingerprintService: checkNeedLivenessList:start
12-17 19:33:43.330  1795  2326 W HwFingerprintService: NEED_LIVENESS_AUTHENTICATION = 0
12-17 19:33:43.331  2852  2852 W KeyguardUpdateMonitor: Fingerprint RunningStateChanged. 1
12-17 19:33:43.331  2852  2852 W HwLockScreenPanel: Handle message: 15
12-17 19:33:43.331   835   835 I fingerprintd: FingerprintDaemonProxyEx::onTransact, code:1002
12-17 19:33:43.331   835   835 I fingerprintd: fingerprintd
12-17 19:33:43.331   835   835 I fingerprintd: FingerprintDaemonProxyEx::setLivenessSwitch
12-17 19:33:43.331   835   835 I fingerprintd: fingerprintdex--dev->need_liveness_authentication = false;
12-17 19:33:43.331  1795  2326 W HwFingerprintService: framework setLivenessSwitch is ok ---end
12-17 19:33:43.331   835   835 I fingerprintd: FingerprintDaemonProxyEx::onTransact, code:7
12-17 19:33:43.331   835   835 D fpc_fingerprint_hal: fpc_get_authenticator_id
12-17 19:33:43.332   835  2385 D fpc_fingerprint_hal: fpc poll irq interupt
12-17 19:33:43.332   835  2385 D fpc_fingerprint_hal: wait_finger_down, took 1101 ms
12-17 19:33:43.332   835  2385 E libteec : begin
12-17 19:33:43.332  2852  2852 W CameraLayout: Cameralayout setVisibility. true false  2
12-17 19:33:43.332  2852  2852 D MagazineDetailView: resetPagerState
12-17 19:33:43.332   606  2379 E libteec : receive data len = 128
12-17 19:33:43.334  1795 17832 I qti_sensors_hal: read from oem info: data_readback
12-17 19:33:43.334  1795 17832 I qti_sensors_hal: 0xcd, 0xb0, 0x24, 0x3e
12-17 19:33:43.334  1795 17832 I qti_sensors_hal: 0x66, 0xca, 0x3c, 0x3e
12-17 19:33:43.334  1795 17832 I qti_sensors_hal: 0xc0, 0x2a, 0x7c, 0x3f
12-17 19:33:43.334  1795 17832 I qti_sensors_hal: 0x55, 0x0, 0x0, 0x0
12-17 19:33:43.334  1795 17832 I qti_sensors_hal: 0x0, 0x0, 0x0, 0x0
12-17 19:33:43.334  1795 17832 E qti_sensors_hal: read from oem info: data_valid_flag=0x55
12-17 19:33:43.334  1795 17832 E qti_sensors_hal: read from oem info: x_offset=0.160831, y_offset=0.184366, z_offset=0.985027
12-17 19:33:43.334  1795 17832 E qti_sensors_hal: Final value: x_offset=0.160831, y_offset=0.184366, z_offset=0.985027
12-17 19:33:43.334  1795 17832 I qti_sensors_hal: batch:load_acc_oeminf_data x_offset:0.160831 y_offset:0.184366 z_offset:0.985027
12-17 19:33:43.334  1795 17832 I qti_sensors_hal: batch:sensor(android.sensor.accelerometer) sample_rate=5.000000Hz report_rate_f=0.000000Hz curr sample rate:5.000000 cur rpt rate:0 max:400.000000 min:1.000000
12-17 19:33:43.334  1795 17832 I qti_sensors_hal: batch: current sample rate, report rate & buffering are equal to requested (5.000000,0.000000,0)
12-17 19:33:43.341   606  2379 E libteec : QSEECom_send_cmd return!
12-17 19:33:43.341   606  2379 E libteec : qsc_send_cmd finish
12-17 19:33:43.341   606  2379 E libteec : send data return = 128
12-17 19:33:43.342   835  2385 E libteec : receive data len = 128
12-17 19:33:43.342   835  2385 E libteec : begin
12-17 19:33:43.342   835  2385 E libteec : qsc_decode end
12-17 19:33:43.342   835  2385 D fpc_fingerprint_hal: worker idle
12-17 19:33:43.342   835   835 E libteec : begin
12-17 19:33:43.342   606  2379 E libteec : receive data len = 128
12-17 19:33:43.345  2852  2925 I EventCenter: ContentChange for slot: 1
12-17 19:33:43.346   606  2379 E libteec : QSEECom_send_cmd return!
12-17 19:33:43.346   606  2379 E libteec : qsc_send_cmd finish
12-17 19:33:43.346   606  2379 E libteec : send data return = 128
12-17 19:33:43.346  2852  2852 I HwBrightnessController: onChange selfChange:false uri.toString():content://settings/system/screen_auto_brightness mIsObserveAutoBrightnessChange:true
12-17 19:33:43.346   835   835 E libteec : receive data len = 128
12-17 19:33:43.346   835   835 E libteec : begin
12-17 19:33:43.346   835   835 E libteec : qsc_decode end
12-17 19:33:43.346   835   835 D fpc_fingerprint_hal: fpc_get_authenticator_id id 14657234628792947271
12-17 19:33:43.346   835  2385 E libteec : begin
12-17 19:33:43.346  1795  2326 V FingerprintService: startAuthentication(com.android.systemui)
12-17 19:33:43.346  1795  1795 D DeviceIdleController: updateDisplayLocked: screenOn=false
12-17 19:33:43.346  1795  1795 D DeviceIdleController: becomeInactiveIfAppropriateLocked()
12-17 19:33:43.346  1795  1795 D DeviceIdleController: Moved from STATE_ACTIVE to STATE_INACTIVE
12-17 19:33:43.346  1795  1795 D DeviceIdleController: stopMonitoringMotionLocked()
12-17 19:33:43.346  1795  1795 D DeviceIdleController: scheduleAlarmLocked(1800000, false)
12-17 19:33:43.346  1795  2326 V FingerprintService: starting client AuthenticationClient(com.android.systemui), initiatedByClient = true)
12-17 19:33:43.346  1795  1795 I AlarmManager: set(null) : type=2 triggerAtTime=444759710 win=1350000 tElapsed=444759710 maxElapsed=446109710 interval=0 flags=0x8
12-17 19:33:43.347   835   835 I fingerprintd: FingerprintDaemonProxyEx::onTransact, code:1
12-17 19:33:43.347   835   835 V fingerprintd: authenticate(sid=0, gid=0)
12-17 19:33:43.347  1795  1795 D DeviceIdleController: Moved from LIGHT_STATE_ACTIVE to LIGHT_STATE_INACTIVE
12-17 19:33:43.347  1795  1795 D DeviceIdleController: scheduleLightAlarmLocked(300000)
12-17 19:33:43.347  2852  2852 I HwBrightnessUtils: APS brightness=0.0,ConvertToPercentage=NaN
12-17 19:33:43.347  2852  2852 I HwBrightnessUtils:  getSeekBarProgress isAutoMode:true current brightness:0 percentage:NaN
12-17 19:33:43.347  2852  2852 I HwBrightnessController: updateSlider1 seekBarProgress:0
12-17 19:33:43.347  2852  2852 I HwBrightnessController: updateSlider2 seekBarProgress:0
12-17 19:33:43.347  1795  1795 I AlarmManager: set(null) : type=2 triggerAtTime=443259710 win=225000 tElapsed=443259710 maxElapsed=443484710 interval=0 flags=0x8
12-17 19:33:43.347  2852  2852 I ToggleSlider:  mSeekListener onProgressChanged progress:0 fromUser:false
12-17 19:33:43.347  2852  2852 I ToggleSlider:  mSeekListener onProgressChanged progress:0 fromUser:false
12-17 19:33:43.348   606  2379 E libteec : receive data len = 128
12-17 19:33:43.355  2852  2852 I StatusBar: onNotificationPosted: StatusBarNotification(pkg=com.android.incallui user=UserHandle{0} id=2 tag=null key=0|com.android.incallui|2|null|1001: Notification(pri=2 contentView=null vibrate=null sound=null defaults=0x0 flags=0x2 color=0x00000000 actions=3 vis=PRIVATE publicVersion=Notification(pri=0 contentView=null vibrate=null sound=null defaults=0x0 flags=0x0 color=0xff33b5e5 vis=PRIVATE))) important=2, post=1481974423044, when=1481974245374, vis=0, userid=0
12-17 19:33:43.356  2852  2852 I PhoneStatusBar: addNotification key=0|com.android.incallui|2|null|1001
12-17 19:33:43.357  2852  2852 D HwCust  : Create obj success use class android.app.HwCustNotificationImpl
12-17 19:33:43.357  2852  2852 I StatusBarIconView: updateTint: tint=0
12-17 19:33:43.357  2852  2852 I BadgedIconHelper: isCloneProcess = false
12-17 19:33:43.357  2852  2852 I StatusBarIconView: updateTint: tint=0
12-17 19:33:43.358  2852  2852 I BadgedIconHelper: isCloneProcess = false
12-17 19:33:43.358  2852  2852 D HwCust  : Create obj success use class android.app.HwCustNotificationImpl
12-17 19:33:43.359   606  2379 E libteec : QSEECom_send_cmd return!
12-17 19:33:43.359   606  2379 E libteec : qsc_send_cmd finish
12-17 19:33:43.359   835  2385 E libteec : receive data len = 128
12-17 19:33:43.359   835  2385 E libteec : begin
12-17 19:33:43.359   835  2385 E libteec : qsc_decode end
12-17 19:33:43.360   835  2385 D fpc_fingerprint_hal: worker idle
12-17 19:33:43.360   835  2385 D fpc_fingerprint_hal: workerFunction STATE_AUTHENTICATE
12-17 19:33:43.360  2852  2852 I BadgedIconHelper: isCloneProcess = false
12-17 19:33:43.360   835  2385 E libteec : begin
12-17 19:33:43.360   606  2379 E libteec : send data return = 128
12-17 19:33:43.360   606  2379 E libteec : receive data len = 128
12-17 19:33:43.360  1795  2326 W FingerprintService: client com.android.systemui is authenticating...
12-17 19:33:43.360  2852  2852 D HwCust  : Create obj success use class android.app.HwCustNotificationImpl
12-17 19:33:43.362  2852  2852 D HwCust  : Create obj success use class android.app.HwCustNotificationImpl
12-17 19:33:43.363  2852  2852 I StatusBarIconView: updateTint: tint=1
12-17 19:33:43.363  2852  2852 D HwCust  : Create obj success use class com.android.systemui.statusbar.HwCustExpandableNotificationRowImpl
