12-17 19:35:02.859  7741  7741 V Mms_TXM_SVC: Destroying TransactionService
12-17 19:35:02.860  7741 20638 V Mms_TXM_SVC: Handling incoming message: { when=-17ms what=101 arg1=-1 target=com.android.mms.transaction.TransactionService$ServiceHandler } = EVENT_STOP_SERVICE
12-17 19:35:02.860  7741 20638 V Mms_TXM_SVC: stopSelfIfIdle: STOP!
12-17 19:35:02.861  7741 20638 V Mms_TXM_SVC: Handling incoming message: { when=-2ms what=100 target=com.android.mms.transaction.TransactionService$ServiceHandler } = EVENT_QUIT
12-17 19:35:02.896  5224  5224 I Step_LSC: 20002302|onStandStepChanged 65616
12-17 19:35:02.897  5224  5224 I Step_LSC: 20002302|compensate received
12-17 19:35:02.900  5224  5283 I Step_DataCache: 20002302|getTodayTotalSteps 4240
12-17 19:35:02.901  5224  5283 I Step_ExtendStepDataManager: 20002302|before compensate: cache step_4240
12-17 19:35:02.905  5224  5283 I Step_DataCache: 20002302|getTodayTotalSteps 4240
12-17 19:35:02.906  5224  5283 I Step_ExtendStepDataManager: 20002302|compensate 24699575 4
12-17 19:35:02.909  5224  5283 I Step_DataCache: 20002302|getTodayTotalSteps 4241
12-17 19:35:02.910  5224  5283 I Step_ExtendStepDataManager: 20002302|after compensate: cache step_4241
12-17 19:35:02.944  2852  2852 I NetworkController.WifiSignalController: Change in state from: connected=true,enabled=true,level=4,inetCondition=1,iconGroup=IconGroup(Wi-Fi Icons),activityIn=true,activityOut=true,rssi=-48,lastModified=12-17 07:34:58,isChaged:false,wifiNoInternet=false,ssid="Huawei-Employee"
12-17 19:35:02.944  2852  2852 I NetworkController.WifiSignalController: 	to: connected=true,enabled=true,level=4,inetCondition=1,iconGroup=IconGroup(Wi-Fi Icons),activityIn=false,activityOut=false,rssi=-48,lastModified=12-17 07:34:58,isChaged:false,wifiNoInternet=false,ssid="Huawei-Employee"
12-17 19:35:02.945  2852  2852 I SignalClusterView: mWifiVisible is:truemWifiStrengthId is:2130839427mWifiDescription is:WLAN 信号强度满格。
12-17 19:35:02.946  2852  2852 D NetWorkUtils: mVSimCurCardType is -1
12-17 19:35:02.948  2852  2852 I HwSignalClusterView: apply hwPhoneState.mSubId:0 anyMobileVisible:false mIsAirplaneMode:false, mobileGroupVisible=true
12-17 19:35:02.948  2852  2852 I SignalClusterView: mWifiVisible is:truemWifiStrengthId is:2130839427mWifiDescription is:WLAN 信号强度满格。
12-17 19:35:02.949  2852  2852 D NetWorkUtils: mVSimCurCardType is -1
12-17 19:35:02.950  2852  2852 I HwSignalClusterView: apply hwPhoneState.mSubId:0 anyMobileVisible:false mIsAirplaneMode:false, mobileGroupVisible=true
12-17 19:35:02.991  1795  3249 D HwInputMethodManagerService: ------------startInput--------------
12-17 19:35:02.991  1795  3249 D HwSecImmHelper: isPasswordInputType = false, inputType = 147457
12-17 19:35:02.991  1795  3249 V SecInputMethodManagerService: Client requesting input be hidden, pid=4492
12-17 19:35:02.991  1795  3249 D HwInputMethodManagerService: hideSecSoftInput = false
12-17 19:35:02.994  4690  4690 I SendBroadcastPermission: action:com.tencent.mm.plugin.openapi.Intent.ACTION_HANDLE_APP_REGISTER, mPermissionType:0
12-17 19:35:02.995  1795  3110 I ActivityManager_broadcast: collectReceiverComponents, callerApp: ProcessRecord{5299443 4690:com.baidu.input_huawei/u0a74}, intent:com.tencent.mm.plugin.openapi.Intent.ACTION_HANDLE_APP_REGISTER, receiver size:1, flags: 10000400
12-17 19:35:02.995  1795  3110 I HwActivityManagerService: Split enqueueing broadcast [callerApp]:ProcessRecord{5299443 4690:com.baidu.input_huawei/u0a74}
12-17 19:35:02.995  1795  3110 I ActivityManager_broadcast: Enqueueing ordered broadcast[background] BroadcastRecord{c89b07a u0 com.tencent.mm.plugin.openapi.Intent.ACTION_HANDLE_APP_REGISTER}: prev had 0
12-17 19:35:02.995  1795  1808 I ActivityManager_broadcast: dispatch ordered broadcast [background] BroadcastRecord{c89b07a u0 com.tencent.mm.plugin.openapi.Intent.ACTION_HANDLE_APP_REGISTER}, has 1 receivers
12-17 19:35:02.999  5224  5283 I Step_LSC: 20002302|REPORT : 4241 90725 3025 0
12-17 19:35:02.999  5224  5283 I SendBroadcastPermission: action:android.com.huawei.bone.NOTIFY_SPORT_DATA, mPermissionType:0
12-17 19:35:03.000  5224  5283 I SendBroadcastPermission: action:android.com.huawei.bone.NOTIFY_SPORT_DATA, mPermissionType:0
12-17 19:35:03.001  1795  3253 I HwActivityManagerService: Split enqueueing broadcast [callerApp]:ProcessRecord{580cfb2 5224:com.huawei.health:DaemonService/u0a99}
12-17 19:35:03.002  2852  2852 I EventCenter: EventCenter Get :android.com.huawei.bone.NOTIFY_SPORT_DATA
12-17 19:35:03.002  2852  2852 D StepCounterView: onStepCounterChange stepsNum:4241
12-17 19:35:03.003  5224  5283 I Step_HSNH: 20002302|upDateHealthNotification()|91|3.03|4241
12-17 19:35:03.004  5224  5283 I Step_HSNH: 20002302|rebuild notification
12-17 19:35:03.007  1795 11745 I NotificationManager: enqueueNotificationInternal: pkg=com.huawei.health id=10010 notification=Notification(pri=0 contentView=null vibrate=null sound=null defaults=0x0 flags=0x2 color=0x00000000 vis=PRIVATE)
12-17 19:35:03.008  1795  1795 I NotificationManager: enqueueNotificationInternal: n.getKey = 0|com.huawei.health|10010|null|10099
12-17 19:35:03.009  1795  1795 V NotificationService: disableEffects=null canInterrupt=false once update: false
12-17 19:35:03.012  2852  2852 I StatusBar: onNotificationPosted: StatusBarNotification(pkg=com.huawei.health user=UserHandle{0} id=10010 tag=null key=0|com.huawei.health|10010|null|10099: Notification(pri=0 contentView=null vibrate=null sound=null defaults=0x0 flags=0x62 color=0x00000000 vis=PRIVATE)) important=2, post=1481974503008, when=1481531589202, vis=0, userid=0
12-17 19:35:03.013  2852  2852 D StatusBar: updateNotification(StatusBarNotification(pkg=com.huawei.health user=UserHandle{0} id=10010 tag=null key=0|com.huawei.health|10010|null|10099: Notification(pri=0 contentView=null vibrate=null sound=null defaults=0x0 flags=0x62 color=0x00000000 vis=PRIVATE)))
12-17 19:35:03.013  2852  2852 D HwCust  : Create obj success use class android.app.HwCustNotificationImpl
12-17 19:35:03.014  2852  2852 I StatusBarIconView: updateTint: tint=0
12-17 19:35:03.015  2852  2852 D StatusBar: No peeking: unimportant notification: 0|com.huawei.health|10010|null|10099
12-17 19:35:03.015  2852  2852 D StatusBar: applyInPlace=true shouldPeek=false alertAgain=true
12-17 19:35:03.015  2852  2852 I NotificationGroupManager: onEntryUpdated:0|com.huawei.health|10010|null|10099
12-17 19:35:03.015  2852  2852 I NotificationGroupManager: onEntryAdded:0|com.huawei.health|10010|null|10099, group=0|com.huawei.health|10010|null|10099
12-17 19:35:03.015  2852  2852 D StatusBar: reusing notification for key: 0|com.huawei.health|10010|null|10099
12-17 19:35:03.015  2852  2852 D HwCust  : Create obj success use class android.app.HwCustNotificationImpl
12-17 19:35:03.016  2852  2852 D HwCust  : Create obj success use class android.app.HwCustNotificationImpl
12-17 19:35:03.016  2852  2852 I StatusBarIconView: updateTint: tint=0
12-17 19:35:03.023  2852  2852 I HwPhoneStatusBar: updateNotificationShade
12-17 19:35:03.023  2852  2852 I PhoneStatusBar: updateNotificationShade
12-17 19:35:03.023  2852  2852 I PhoneStatusBar: removeNotificationChildren
12-17 19:35:03.023  2852  2852 I HwNotificationIconAreaController: showNotificationAll
12-17 19:35:03.026  4492 20639 E HW-JPEG-DEC: [HME_JPEG_DEC_Delete](3298): HME_JPEG_DEC_Delete: decoder_ctx=null
12-17 19:35:03.031  2852  2852 I NotificationContentView: transferRemoteInputFocus: 0
12-17 19:35:03.032  2852  2852 I NotificationContentView: transferRemoteInputFocus: 0
12-17 19:35:03.033  2852  2852 I StackScrollAlgorithm: updateClipping isOverlap:false
12-17 19:35:03.033  2852  2852 I StackScrollAlgorithm: updateDimmedActivatedHideSensitive overlap:false
12-17 19:35:03.200  1795 15988 I NotificationManager: cancelNotificationWithTag pid 4492,uid = 10105,tag = null,pkg =com.tencent.mm,id =4097
12-17 19:35:03.200  1795  1795 I NotificationManager: cancelNotification,index:-1
12-17 19:35:03.201  1795 20747 I NotificationManager: cancelNotificationWithTag pid 4492,uid = 10105,tag = null,pkg =com.tencent.mm,id =4098
12-17 19:35:03.201  1795  1795 I NotificationManager: cancelNotification,index:-1
12-17 19:35:03.203  1795 16501 I NotificationManager: cancelNotificationWithTag pid 4492,uid = 10105,tag = null,pkg =com.tencent.mm,id =4099
12-17 19:35:03.203  1795  1795 I NotificationManager: cancelNotification,index:-1
12-17 19:35:03.204  1795  6985 I NotificationManager: cancelNotificationWithTag pid 4492,uid = 10105,tag = null,pkg =com.tencent.mm,id =4100
12-17 19:35:03.205  1795  1795 I NotificationManager: cancelNotification,index:-1
12-17 19:35:03.206  1795  6986 I NotificationManager: cancelNotificationWithTag pid 4492,uid = 10105,tag = null,pkg =com.tencent.mm,id =4101
12-17 19:35:03.206  1795  1795 I NotificationManager: cancelNotification,index:-1
12-17 19:35:03.210  1795  3249 V SecInputMethodManagerService: Client requesting input be hidden, pid=4492
12-17 19:35:03.211  1795  6988 V InputMethodManagerService: Client requesting input be hidden, pid=4492
12-17 19:35:03.223  1795  3253 D HwInputMethodManagerService: ------------startInput--------------
12-17 19:35:03.223  1795  3253 V SecInputMethodManagerService: Client requesting input be hidden, pid=4492
12-17 19:35:03.223  1795  3253 D HwInputMethodManagerService: hideSecSoftInput = false
12-17 19:35:03.226  4690  4690 I SendBroadcastPermission: action:com.tencent.mm.plugin.openapi.Intent.ACTION_HANDLE_APP_REGISTER, mPermissionType:0
12-17 19:35:03.227  1795 11745 I ActivityManager_broadcast: collectReceiverComponents, callerApp: ProcessRecord{5299443 4690:com.baidu.input_huawei/u0a74}, intent:com.tencent.mm.plugin.openapi.Intent.ACTION_HANDLE_APP_REGISTER, receiver size:1, flags: 10000400
12-17 19:35:03.228  1795 11745 I HwActivityManagerService: Split enqueueing broadcast [callerApp]:ProcessRecord{5299443 4690:com.baidu.input_huawei/u0a74}
12-17 19:35:03.228  1795 11745 I ActivityManager_broadcast: Enqueueing ordered broadcast[background] BroadcastRecord{2c1802b u0 com.tencent.mm.plugin.openapi.Intent.ACTION_HANDLE_APP_REGISTER}: prev had 0
12-17 19:35:03.228  1795  1808 I ActivityManager_broadcast: dispatch ordered broadcast [background] BroadcastRecord{2c1802b u0 com.tencent.mm.plugin.openapi.Intent.ACTION_HANDLE_APP_REGISTER}, has 1 receivers
12-17 19:35:03.236  4492  4492 W IInputConnectionWrapper: finishComposingText on inactive InputConnection
12-17 19:35:03.276  4492  4492 I SendBroadcastPermission: action:null, mPermissionType:0
12-17 19:35:03.277  1795  1805 I ActivityManager_broadcast: collectReceiverComponents, callerApp: ProcessRecord{9ef8336 4492:com.tencent.mm/u0a105}, intent:null, receiver size:1, flags: 10000400
12-17 19:35:03.277  1795  1805 I HwActivityManagerService: keyAppBroadcastQueueForIntent intent Intent { flg=0x10 cmp=com.tencent.mm/.booter.MMReceivers$ToolsProcessReceiver (has extras) } on bgkeyapp queue
12-17 19:35:03.277  1795  1805 I ActivityManager_broadcast: Enqueueing ordered broadcast[bgkeyapp] BroadcastRecord{db2dc88 u0 null}: prev had 0
12-17 19:35:03.278  1795  1812 I ActivityManager_broadcast: dispatch ordered broadcast [bgkeyapp] BroadcastRecord{db2dc88 u0 null}, has 1 receivers
12-17 19:35:03.286  1795  3884 W ActivityManager: getRunningAppProcesses: caller 10105 does not hold REAL_GET_TASKS; limiting output
12-17 19:35:03.291 18589 18731 I memcheck: needTrimMemory: trimFrom = 0, avail = 937536, vmSize = 2202856, vssLimit = 4190896, totalPss = 86108, pssLimit = 2876772, agressiveGrowthLimit = 1150708, gentleGrowthLimit = 2013740, availablePmThreshold = 221184, availableVmThreshold = 153600
12-17 19:35:03.307   625   718 E libnav  : CablComputeBacklightLevel(): UpdateType = DifferentSceneUpdate
12-17 19:35:03.610  3879  5007 I HwLauncher: Launcher.LauncherProvider  launcher call - method:setAppBadgeCount arg:null extras:[app_shortcut_custom_id=null][app_shortcut_class_name=com.tencent.mm.ui.LauncherUI][app_badge_count=0] uid =10105 pid =4492
12-17 19:35:03.613  3879  5007 I HwLauncher: ProviderCallUtils callBadge isCloned = false
12-17 19:35:03.634  1795 16499 W ActivityManager: getRunningAppProcesses: caller 10105 does not hold REAL_GET_TASKS; limiting output
12-17 19:35:03.638  3879  3892 I HwLauncher: Launcher.LauncherProvider  launcher call - method:setAppBadgeCount arg:null extras:[app_shortcut_custom_id=[shortcut_c2a51ac39f4ec2a0c386c385c2b37ac2a040c3a7c289c3bec28b547dc2b0c2a6]][app_shortcut_class_name=com.tencent.mm.ui.LauncherUI][app_badge_count=0] uid =10105 pid =4492
12-17 19:35:03.834  1795  1795 I MQoS    : onSignal: mSubId=0,currDataSubID=0
12-17 19:35:03.834  1795  1795 I MQoS    : received cell-signal:5
12-17 19:35:03.835  3858  4126 I amsnl   : csr
12-17 19:35:03.835  2852  3556 I NetworkController.MobileSignalController(0): onSignalStrengthsChanged signalStrength=SignalStrength: -1 0 -1 255 -1 255 -1 255 255 31 -68 -9 212 2147483647 2147483647 false gw|lte level=5 isSuspend=false levelOld=5,mSignalStrength level=5
12-17 19:35:03.836  1795 16498 I SendBroadcastPermission: action:android.intent.action.SIG_STR, mPermissionType:0
12-17 19:35:03.836  3858  4126 I amsnl   : t:false, fl: false, p: 2147483647000, ce: true, we: true
