12-17 19:45:27.752  3626  3626 E PTM.FileNodeInfo: getTempInfo error: null, 0
12-17 19:45:27.752  3626  3626 E PTM.FileNodeInfo: getTempInfo error: null, 0
12-17 19:45:27.752  3626  3626 E PTM.FileNodeInfo: getTempInfo error: null, 0
12-17 19:45:27.752  3626  3626 E PTM.FileNodeInfo: getTempInfo error: null, 0
12-17 19:45:27.752  3626  3626 E PTM.FileNodeInfo: getTempInfo error: null, 0
12-17 19:45:27.752  3626  3626 E PTM.FileNodeInfo: getTempInfo error: null, 0
12-17 19:45:27.752  3626  3626 E PTM.FileNodeInfo: getTempInfo error: null, 0
12-17 19:45:27.752  3626  3626 E PTM.FileNodeInfo: getTempInfo error: null, 0
12-17 19:45:27.753  3626  3626 E PTM.FileNodeInfo: getTempInfo error: null, 0
12-17 19:45:27.753  3626  3626 E PTM.FileNodeInfo: getTempInfo error: null, 0
12-17 19:45:27.753  3626  3626 E PTM.FileNodeInfo: getTempInfo error: null, 0
12-17 19:45:27.753  3626  3626 E PTM.FileNodeInfo: getTempInfo error: null, 0
12-17 19:45:27.753  3626  3626 E PTM.FileNodeInfo: getTempInfo error: null, 0
12-17 19:45:27.753  3626  3626 E PTM.FileNodeInfo: getTempInfo error: null, 0
12-17 19:45:27.753  3626  3626 E PTM.FileNodeInfo: getTempInfo error: null, 0
12-17 19:45:27.753  3626  3626 E PTM.FileNodeInfo: getTempInfo error: null, 0
12-17 19:45:27.753  3626  3626 E PTM.FileNodeInfo: getTempInfo error: null, 0
12-17 19:45:27.753  3626  3626 E PTM.FileNodeInfo: getTempInfo error: null, 0
12-17 19:45:27.753  3626  3626 E PTM.FileNodeInfo: getTempInfo error: null, 0
12-17 19:45:27.753  3626  3626 E PTM.FileNodeInfo: getTempInfo error: null, 0
12-17 19:45:27.753  3626  3626 E PTM.FileNodeInfo: getTempInfo error: null, 0
12-17 19:45:27.753  3626  3626 E PTM.FileNodeInfo: getTempInfo error: null, 0
12-17 19:45:27.753  3626  3626 E PTM.FileNodeInfo: getTempInfo error: null, 0
12-17 19:45:27.753  3626  3626 E PTM.FileNodeInfo: getTempInfo error: null, 0
12-17 19:45:27.753  3626  3626 E PTM.FileNodeInfo: getTempInfo error: null, 0
12-17 19:45:27.753  3626  3626 E PTM.FileNodeInfo: getTempInfo error: null, 0
12-17 19:45:27.753  3626  3626 E PTM.FileNodeInfo: getTempInfo error: null, 0
12-17 19:45:27.753  3626  3626 E PTM.FileNodeInfo: getTempInfo error: null, 0
12-17 19:45:27.753  3626  3626 E PTM.FileNodeInfo: getTempInfo error: null, 0
12-17 19:45:27.753  3626  3626 E PTM.FileNodeInfo: getTempInfo error: null, 0
12-17 19:45:27.753  3626  3626 E PTM.FileNodeInfo: getTempInfo error: null, 0
12-17 19:45:27.753  3626  3626 E PTM.FileNodeInfo: getTempInfo error: null, 0
12-17 19:45:27.753  3626  3626 E PTM.FileNodeInfo: getTempInfo error: null, 0
12-17 19:45:27.753  1795  2323 E UsbDeviceManager: Error reading charge file
12-17 19:45:27.753  1795  2323 E UsbDeviceManager: java.io.FileNotFoundException: sys/class/hw_power/charger/charge_data/water_intrused (No such file or directory)
12-17 19:45:27.753  1795  2323 E UsbDeviceManager: 	at java.io.FileInputStream.open(Native Method)
12-17 19:45:27.753  1795  2323 E UsbDeviceManager: 	at java.io.FileInputStream.<init>(FileInputStream.java:146)
12-17 19:45:27.753  1795  2323 E UsbDeviceManager: 	at android.os.FileUtils.readTextFile(FileUtils.java:267)
12-17 19:45:27.753  1795  2323 E UsbDeviceManager: 	at com.android.server.usb.UsbDeviceManager$2.onUEvent(UsbDeviceManager.java:328)
12-17 19:45:27.753  1795  2323 E UsbDeviceManager: 	at android.os.UEventObserver$UEventThread.sendEvent(UEventObserver.java:210)
12-17 19:45:27.753  1795  2323 E UsbDeviceManager: 	at android.os.UEventObserver$UEventThread.run(UEventObserver.java:187)
12-17 19:45:27.753  3626  3626 E PTM.FileNodeInfo: getTempInfo error: null, 0
12-17 19:45:27.753  3626  3626 E PTM.FileNodeInfo: getTempInfo error: null, 0
12-17 19:45:27.753  3626  3626 E PTM.FileNodeInfo: getTempInfo error: null, 0
12-17 19:45:27.753  3626  3626 E PTM.FileNodeInfo: getTempInfo error: null, 0
12-17 19:45:27.753  3626  3626 E PTM.FileNodeInfo: getTempInfo error: null, 0
12-17 19:45:27.754  1795  2376 W AlarmManager: mIsScreenOn is: false, WAKEUP alarm trigger action = com.huawei.espace.pushcheck package name is: com.huawei.espacev2
12-17 19:45:27.754  1795  2376 I AlarmManager: Alarm triggering (type 0 or 2): [Alarm{37b3823 type 0 when 1481975126748 com.huawei.espacev2}]
12-17 19:45:27.754  2852  2852 W HwLockScreenPanel: refreshBatteryInfo: null
12-17 19:45:27.754  1795  2376 I AlarmManager: sending alarm Alarm{b9b9779 type 3 when 443516363 android},repeatInterval = 0,listenerTag =time_tick
12-17 19:45:27.754  2852  2852 I PowerUI : onReceive intent:act:android.intent.action.BATTERY_CHANGED  flag:1610612752 technology=Li-ion icon-small=17303220 max_charging_voltage=0 health=2 max_charging_current=0 status=3 plugged=0 present=true charge_counter=0 level=78 scale=100 temperature=277 voltage=4071 invalid_charger=0 
12-17 19:45:27.754  2852  2852 I PowerUI : buckets   .....15 .. 10 .. 5level          78 --> 78status         3 --> 3plugType       0 --> 0invalidCharger 0 --> 0bucket         1 --> 1plugged        false --> false
12-17 19:45:27.754  1795  2376 I ActivityManager_broadcast: Enqueueing ordered broadcast[foreground] BroadcastRecord{1f30145 u-1 android.intent.action.TIME_TICK}: prev had 0
12-17 19:45:27.754  1795  1808 I ActivityManager_broadcast: dispatch ordered broadcast [foreground] BroadcastRecord{1f30145 u-1 android.intent.action.TIME_TICK}, has 10 receivers
12-17 19:45:27.754  3626  3626 I iMonitor: create: 903001012
12-17 19:45:27.754  1795  2376 D PowerManagerService: ready=true,policy=0,wakefulness=0,wksummary=0x1,uasummary=0x0,bootcompleted=true,boostinprogress=false,waitmodeenable=false,mode=true,manual=33,auto=-1,adj=0.0userId=0
12-17 19:45:27.754  1795  2376 D PowerManagerService: Acquiring suspend blocker "PowerManagerService.WakeLocks".
12-17 19:45:27.755  1795  1795 V AlarmManager: Received TIME_TICK alarm; rescheduling
12-17 19:45:27.755  1795  1795 I AlarmManager: scheduleTimeTickEvent triggerAtTime = 443696363
12-17 19:45:27.755  1795  2376 I AlarmManager: sending alarm Alarm{37b3823 type 0 when 1481975126748 com.huawei.espacev2},repeatInterval = 300000,listenerTag =null
12-17 19:45:27.755  1795  2376 I ActivityManager_broadcast: collectReceiverComponents, callerApp: null, intent:com.huawei.espace.pushcheck, receiver size:1, flags: 10000400
12-17 19:45:27.755  1795  2376 I ActivityManager_broadcast: Enqueueing ordered broadcast[background] BroadcastRecord{f38c09a u0 com.huawei.espace.pushcheck}: prev had 0
12-17 19:45:27.755  1795  1808 I ActivityManager_broadcast: dispatch ordered broadcast [background] BroadcastRecord{f38c09a u0 com.huawei.espace.pushcheck}, has 1 receivers
12-17 19:45:27.756  1795 16499 I NotificationManager: cancelNotificationWithTag pid 2852,uid = 10033,tag = low_battery,pkg =com.android.systemui,id =2132017204
12-17 19:45:27.757  2852  2852 I HwPowerUI: processLowerBatteryLevel plugged:false batteryLevel:78 intent:act:android.intent.action.BATTERY_CHANGED  flag:1610612752 technology=Li-ion icon-small=17303220 max_charging_voltage=0 health=2 max_charging_current=0 status=3 plugged=0 present=true charge_counter=0 level=78 scale=100 temperature=277 voltage=4071 invalid_charger=0 
12-17 19:45:27.757  2852  2852 I HwPowerUI: doTemperatueWarning, health:2
12-17 19:45:27.757  2852  2852 I HwBatteryManager: onBatteryLevelChanged: level=78, pluggedIn=false, charging=false, PercentColor=-1275068417
12-17 19:45:27.759  3180  3578 I ash     : com.baidu.input_huawei goes to hibernation overtime: 172274
12-17 19:45:27.760  3180  3578 I ash     : com.huawei.espacev2 goes to hibernation overtime: 172274
12-17 19:45:27.762  1795  1795 I NotificationManager: cancelNotification,index:-1
12-17 19:45:27.764   816  1562 W SocketListener: sending broadcast to Pid = 1795, Uid = 1000 
12-17 19:45:27.764   818  1152 I logserver: handle_exception_events enter
12-17 19:45:27.764  3626  3626 I iMonitor: send: 903001012
12-17 19:45:27.765  1795  2665 D NetdConnector: RCV <- {613 IfaceClass idle 1 443664127465864}
12-17 19:45:27.765  3626  3770 I LSC_903001012: process buffer and get message
12-17 19:45:27.765  3626  3626 E PTM.FileNodeInfo: getTempInfo error: null, 0
12-17 19:45:27.765  3626  3626 E PTM.FileNodeInfo: getTempInfo error: null, 0
12-17 19:45:27.765  3626  3626 E PTM.FileNodeInfo: getTempInfo error: null, 0
12-17 19:45:27.765  3626  3626 E PTM.FileNodeInfo: getTempInfo error: null, 0
12-17 19:45:27.765  3626  3626 E PTM.FileNodeInfo: getTempInfo error: null, 0
12-17 19:45:27.765  3626  3626 E PTM.FileNodeInfo: getTempInfo error: null, 0
12-17 19:45:27.765  3626  3626 E PTM.FileNodeInfo: getTempInfo error: null, 0
12-17 19:45:27.765  3626  3626 E PTM.FileNodeInfo: getTempInfo error: null, 0
12-17 19:45:27.765  3626  3626 E PTM.FileNodeInfo: getTempInfo error: null, 0
12-17 19:45:27.765  3626  3626 E PTM.FileNodeInfo: getTempInfo error: null, 0
12-17 19:45:27.765  3626  3626 E PTM.FileNodeInfo: getTempInfo error: null, 0
12-17 19:45:27.765  3626  3626 E PTM.FileNodeInfo: getTempInfo error: null, 0
12-17 19:45:27.765  3626  3626 E PTM.FileNodeInfo: getTempInfo error: null, 0
12-17 19:45:27.765  3626  3626 E PTM.FileNodeInfo: getTempInfo error: null, 0
12-17 19:45:27.765  3626  3626 E PTM.FileNodeInfo: getTempInfo error: null, 0
12-17 19:45:27.765  3626  3626 E PTM.FileNodeInfo: getTempInfo error: null, 0
12-17 19:45:27.765  3626  3626 E PTM.FileNodeInfo: getTempInfo error: null, 0
12-17 19:45:27.765  3626  3626 E PTM.FileNodeInfo: getTempInfo error: null, 0
12-17 19:45:27.765  3626  3626 E PTM.FileNodeInfo: getTempInfo error: null, 0
12-17 19:45:27.765  3626  3626 E PTM.FileNodeInfo: getTempInfo error: null, 0
12-17 19:45:27.765  3626  3626 E PTM.FileNodeInfo: getTempInfo error: null, 0
12-17 19:45:27.765  3626  3626 E PTM.FileNodeInfo: getTempInfo error: null, 0
12-17 19:45:27.765  3626  3626 E PTM.FileNodeInfo: getTempInfo error: null, 0
12-17 19:45:27.765  3626  3626 E PTM.FileNodeInfo: getTempInfo error: null, 0
12-17 19:45:27.765  3626  3626 E PTM.FileNodeInfo: getTempInfo error: null, 0
