12-17 19:33:01.622  2852  2852 I PhoneStatusBar: setSystemUiVisibility vis=c0000600 mask=ffffffff oldVal=c0000300 newVal=c0000600 diff=500
12-17 19:33:01.622  2852  2852 I PhoneStatusBar: notifyUiVisibilityChanged:vis=0xc0000600, SystemUiVisibility=0xc0000600
12-17 19:33:01.624  2852  2852 W DisabledFeatureUtils: Dis-Feature : 0
12-17 19:33:01.626  2852  2852 W DisabledFeatureUtils: Dis-Feature : 0
12-17 19:33:01.627   606  2379 E libteec : QSEECom_send_cmd return!
12-17 19:33:01.627   606  2379 E libteec : qsc_send_cmd finish
12-17 19:33:01.627   606  2379 E libteec : send data return = 128
12-17 19:33:01.627   835  2385 E libteec : receive data len = 128
12-17 19:33:01.627   835  2385 E libteec : begin
12-17 19:33:01.627   835  2385 E libteec : qsc_decode end
12-17 19:33:01.627   835  2385 D fpc_fingerprint_hal: worker idle
12-17 19:33:01.627   835  2385 D fpc_fingerprint_hal: workerFunction STATE_CANCEL
12-17 19:33:01.627   835  2385 E libteec : begin
12-17 19:33:01.627   606  2379 E libteec : receive data len = 128
12-17 19:33:01.628  1795  2326 W FingerprintService: client com.android.systemui is no longer authenticating
12-17 19:33:01.628  1795  2326 W FingerprintService: onError 2
12-17 19:33:01.628  1795  2326 V FingerprintService: ClientMonitor destroy
12-17 19:33:01.628  1795  2326 V FingerprintService: Done with client: com.android.systemui
12-17 19:33:01.628  1795  2326 V FingerprintService: handleError(client=com.android.systemui, error = 5)
12-17 19:33:01.634  1795  1825 I WindowManger_keyguard: Setting mDismissKeyguard true by win Window{e6a6b5e u0 com.android.incallui/com.android.incallui.InCallActivity}
12-17 19:33:01.638  2852  2852 V KeyguardUpdateMonitor: KGSvcFp onAuthenticationError.5
12-17 19:33:01.638  2852  2852 W KeyguardUpdateMonitor: Fingerprint RunningStateChanged. 10
12-17 19:33:01.638  2852  2852 W StatusBarWindowManager: Apply window Height 72
12-17 19:33:01.638  2852  2852 I StatusBarWindowManager: apply skiped :0
12-17 19:33:01.638   606  2379 E libteec : QSEECom_send_cmd return!
12-17 19:33:01.638   606  2379 E libteec : qsc_send_cmd finish
12-17 19:33:01.638   606  2379 E libteec : send data return = 128
12-17 19:33:01.638   835  2385 E libteec : receive data len = 128
12-17 19:33:01.638   835  2385 E libteec : begin
12-17 19:33:01.638   835  2385 E libteec : qsc_decode end
12-17 19:33:01.638   835  2385 D fpc_fingerprint_hal: workerFunction STATE_NAVIGATION
12-17 19:33:01.638   835  2385 E libteec : begin
12-17 19:33:01.638   606  2379 E libteec : receive data len = 128
12-17 19:33:01.644  3782 20418 V AudioManager: isMusicActive...
12-17 19:33:01.644  3782 20418 V AudioManager: isWiredHeadsetOn...
12-17 19:33:01.648  1795  1825 V HwPhoneWindowManager: updateSystemUiColorLw window=Window{e6a6b5e u0 com.android.incallui/com.android.incallui.InCallActivity},EmuiStyle=1,StatusBarColor=0x0,NavigationBarColor=0x0, mLastIsEmuiLightStyle=1
12-17 19:33:01.649  1795  1825 I WindowManger_keyguard: Setting mDismissKeyguard true by win Window{e6a6b5e u0 com.android.incallui/com.android.incallui.InCallActivity}
12-17 19:33:01.651   606  2379 E libteec : QSEECom_send_cmd return!
12-17 19:33:01.651   606  2379 E libteec : qsc_send_cmd finish
12-17 19:33:01.651   606  2379 E libteec : send data return = 128
12-17 19:33:01.651   835  2385 E libteec : receive data len = 128
12-17 19:33:01.651   835  2385 E libteec : begin
12-17 19:33:01.651   835  2385 E libteec : qsc_decode end
12-17 19:33:01.665  1795  1825 I ActivityManager_activity: completedResumed: ActivityRecord{b46dc67 u0 com.android.incallui/.InCallActivity t310}, launchTrack: outofsleep resumeTopComplete
12-17 19:33:01.668  1795  1825 I WindowManger_keyguard: Screen turned on for keyguard
12-17 19:33:01.669  1795  1825 I PowerManager_screenOn: KeyguardServiceDelegate  onScreenTurnedOn(showListener = com.android.server.policy.PhoneWindowManager$3@bf53b21)
12-17 19:33:01.669  2852  3344 D KeyguardService: Caller checkPermission fail
12-17 19:33:01.669  2852  3344 D KeyguardService: KGSvcCall onScreenTurningOn.
12-17 19:33:01.669  2852  3344 D KeyguardViewMediator: notifyScreenOn
12-17 19:33:01.669  2852  2852 D KeyguardViewMediator: handleNotifyScreenTurningOn
12-17 19:33:01.669  2852  2852 I PhoneStatusBar: onScreenTurningOn
12-17 19:33:01.670  2852  2852 D KeyguardViewMediator: handleNotifyScreenTurnedOn End with : 80
12-17 19:33:01.670  1795 16500 I WindowManger_keyguard: **** SHOWN CALLED ****
12-17 19:33:01.670  1795 16500 D WindowManager: mKeyguardDelegate.ShowListener.onDrawn.
12-17 19:33:01.670  1795 16500 I WindowManger_keyguard: hideScrim()
12-17 19:33:01.672  1795  1821 I ActivityManager_activity: Incall is gone
12-17 19:33:01.672  1795  1821 I ActivityManager_activity: windowsGone(): ActivityRecord{b46dc67 u0 com.android.incallui/.InCallActivity t310}
12-17 19:33:01.673  1795  2377 I AwareLog: AwareMem_DMEServer: start
12-17 19:33:01.673  3608  3608 D InCall  : InCallActivity - onStart()...
12-17 19:33:01.674  1795  2377 I AwareLog: AwareMem_EventTracker: [SCREEN_ON_1481974381672] is abandoned for memory 838532
12-17 19:33:01.675  1795  1795 D HwWifiP2pService: onReceive, action:android.intent.action.SCREEN_ON
12-17 19:33:01.676  1795  2668 D WifiP2pService: InactiveState143466
12-17 19:33:01.676  1795  2668 E HwWifiP2pService: Unhandled message when=123065362 what=143466 arg1=0 arg2=0
12-17 19:33:01.676  1795  2668 D WifiP2pService: P2pEnabledState when=123065362 what=143466 arg1=0 arg2=0
12-17 19:33:01.676  1795  2668 D WifiP2pService: DefaultState{ when=0 what=143466 target=com.android.internal.util.StateMachine$SmHandler }
12-17 19:33:01.676  1795  2668 D HwWifiP2pService: cancel alarm.
12-17 19:33:01.676  1795  1825 D HwNormalizedAutomaticBrightnessController: set power status:mPowerStatus=false,powerStatus=true
12-17 19:33:01.677  1795  1825 D Sensors : batch called handle:3 sample_ns:300000000 latency_ns:0
12-17 19:33:01.677  1795  1825 D Sensors : activate called handle:3 enable:1
12-17 19:33:01.677  1795  1825 D Sensors : bh1745-light calling driver setDelay 300 ms
12-17 19:33:01.677  1795  1825 D Sensors : bh1745-light calling driver enable
12-17 19:33:01.677  1795  1825 W LightSensor: LightSensor, enable, 283: en=1
12-17 19:33:01.677  1795  1825 W LightSensor: LightSensor, enable, 284: flags=1
12-17 19:33:01.677  1795  1825 W LightSensor: LightSensor, enable, 285: mEnabled=0
12-17 19:33:01.679  1795  1821 I WindowManger_keyguard: Setting mDismissKeyguard true by win Window{e6a6b5e u0 com.android.incallui/com.android.incallui.InCallActivity}
12-17 19:33:01.680  1795  1825 D AutomaticBrightnessController: Enable LightSensor at time:mLightSensorEnableTime=123065366,mLightSensorEnableElapsedTimeNanos=442918040564338
12-17 19:33:01.680  1795  1825 D AutomaticBrightnessController: mAmbientLuxValid= false,sensor is not ready
12-17 19:33:01.680  1795  1825 D DisplayPowerController: mode change : autoBrightnessEnabled=true,adjustment=0.0,state=2
12-17 19:33:01.680  1795  1825 D HwNormalizedAutomaticBrightnessController: mWakeupFromSleep= true,currentTime=123065367,mLightSensorEnableTime=123065363
12-17 19:33:01.681  1795  1825 D DisplayPowerController: Animating brightness: target=-1, rate=0
12-17 19:33:01.681  1795  1825 D DisplayPowerController: Unfinished business...
12-17 19:33:01.681  1795  2750 I PowerManager_screenOn: DisplayPowerState Updating screen state: state=ON, backlight=0
12-17 19:33:01.681  1795  2750 D PowerManagerService: Setting HAL auto-suspend mode to false
12-17 19:33:01.681  1795  2750 D PowerManagerService: Setting HAL interactive mode to true
12-17 19:33:01.681  1795  2750 I QTI PowerHAL: Got set_interactive hint
12-17 19:33:01.681  1795  2750 D libfingersense_wrapper: Calling fingersense_on_resume()
12-17 19:33:01.681  1795  2750 D libfingersense_wrapper: fingersense_on_resume() finished
12-17 19:33:01.682   836  2387 I knuckle_sensor: Sending SAM_ENABLE to fs_data
12-17 19:33:01.682   612   612 D SurfaceFlinger: Set power mode=2, type=0 flinger=0x7f9a25b400
12-17 19:33:01.682   612   612 I SDM     : HWCDisplay::SetPowerMode: display = 0, mode = 2
12-17 19:33:01.682   612   612 I SDM     : DisplayBase::SetDisplayState: Set state = 1, display 0
12-17 19:33:01.683  1795  2671 D WifiStateMachine:  ConnectedState CMD_SCREEN_STATE_CHANGED  rt=123065369/442918046 1 0
12-17 19:33:01.683  1795  2671 D WifiStateMachine:  L2ConnectedState CMD_SCREEN_STATE_CHANGED  rt=123065369/442918046 1 0
12-17 19:33:01.683  1795  2671 D WifiStateMachine:  ConnectModeState CMD_SCREEN_STATE_CHANGED  rt=123065369/442918046 1 0
12-17 19:33:01.683  1795  2671 D WifiStateMachine:  DriverStartedState CMD_SCREEN_STATE_CHANGED  rt=123065369/442918046 1 0
12-17 19:33:01.683  1795  2671 D WifiStateMachine:  SupplicantStartedState CMD_SCREEN_STATE_CHANGED  rt=123065369/442918046 1 0
12-17 19:33:01.683  1795  2671 D WifiStateMachine:  DefaultState CMD_SCREEN_STATE_CHANGED  rt=123065369/442918046 1 0
12-17 19:33:01.684  1795  2671 W AlarmManager: Unrecognized alarm listener com.android.server.wifi.WifiConnectivityManager$3@bdcaf7b
12-17 19:33:01.684  1795  2671 E WifiScanner: listener cannot be found
12-17 19:33:01.684  1795  2671 D HwWifiConnectivityManager: handleScanCounterChanged,reason: 2, mHwSingleScanCounter: 0
