12-17 19:55:48.043  1795 11746 W ActivityManager: getRunningAppProcesses: caller 10105 does not hold REAL_GET_TASKS; limiting output
12-17 19:55:48.044  3180  3578 I ash     : Unfreeze com.android.browser OK !
12-17 19:55:48.044  1795 15982 D PowerManagerService: release:lock=176161031, flg=0x0, tag="hibernation", name=com.huawei.powergenie", ws=null, uid=1000, pid=3180
12-17 19:55:48.044  1795 15982 D PowerManagerService: ready=true,policy=3,wakefulness=1,wksummary=0x1,uasummary=0x1,bootcompleted=true,boostinprogress=false,waitmodeenable=false,mode=true,manual=33,auto=-1,adj=0.0userId=0
12-17 19:55:48.045  2852  2852 I HwDateUtils:  formatChinaDateTime equals.
12-17 19:55:48.045  2852  2852 I HwDateUtils: formatChinaDateTime, change to China normalTime:晚上7:55
12-17 19:55:48.045  2852  2852 I HwDateUtils: begin of formatChinaDateRange chinaDate:晚上7:55
12-17 19:55:48.045  2852  2852 I TimeManager: chinaDateTime:晚上7:55
12-17 19:55:48.045  1795  6988 W ActivityManager: getRunningAppProcesses: caller 10105 does not hold REAL_GET_TASKS; limiting output
12-17 19:55:48.045  1795  3121 I PGManagerService: proxyBroadcast:[com.android.browser] proxy:false
12-17 19:55:48.045  2852  2852 I HwDateUtils:  formatChinaDateTime equals.
12-17 19:55:48.045  2852  2852 I HwDateUtils: formatChinaDateTime, change to China normalTime:晚上7:55
12-17 19:55:48.045  2852  2852 I HwDateUtils: begin of formatChinaDateRange chinaDate:晚上7:55
12-17 19:55:48.045  2852  2852 I TimeManager: chinaDateTime:晚上7:55
12-17 19:55:48.046  3180  3578 I ash     : unproxy com.android.browser broadcast OK !
12-17 19:55:48.046 31949 31967 I TCP     : tcp.recv{4790} TcpClientThread.onReceiverWork(TcpClientThread.java:307) get tcp message 659
12-17 19:55:48.046  1795 16501 D SmartHeartBeat: setAlarmsPending ...
12-17 19:55:48.046  2852  2852 I HwDateUtils:  formatChinaDateTime equals.
12-17 19:55:48.046  2852  2852 I HwDateUtils: formatChinaDateTime, change to China normalTime:晚上7:55
12-17 19:55:48.046  2852  2852 I HwDateUtils: begin of formatChinaDateRange chinaDate:晚上7:55
12-17 19:55:48.046  2852  2852 I TimeManager: chinaDateTime:晚上7:55
12-17 19:55:48.046  3180  3578 I ash     : Unpending com.android.browser alarm OK !
12-17 19:55:48.048  1795  3225 D GpsFreezeProc: removeFreezeProcess pkg:com.android.browser
12-17 19:55:48.048  1795  3225 I GnssLocationProvider: setRequest ProviderRequest[OFF]
12-17 19:55:48.048  1795  3225 I GnssLocationProvider: stopNavigating, mStarted=false
12-17 19:55:48.048  1795 11747 W ActivityManager: getRunningAppProcesses: caller 10105 does not hold REAL_GET_TASKS; limiting output
12-17 19:55:48.048  3180  3578 I ash     : unproxy app:com.android.browser,uid:10029,result:true
12-17 19:55:48.049  3180  3578 I ash     : removeAppNetworkRestrict >> com.android.browser, uids : [10029]
12-17 19:55:48.049  3180  3578 I ash     : perform running actions!
12-17 19:55:48.049  3180  3578 I ash     : running package: com.android.browser, visible: false
12-17 19:55:48.052 21081 21081 D BetaClub: [IssueTypeParser.parseIssueType]load configuration
12-17 19:55:48.052  2852  2852 I StackScrollAlgorithm: updateClipping isOverlap:false
12-17 19:55:48.052  2852  2852 I StackScrollAlgorithm: updateDimmedActivatedHideSensitive overlap:false
12-17 19:55:48.054  2852  2852 I EventCenter: EventCenter Get :android.intent.action.TIME_TICK
12-17 19:55:48.055  2852  2852 W ResourceType: Failure getting entry for 0xffffffff (t=254 e=65535) (error -2147483647)
12-17 19:55:48.055  2852  2852 E DateLunarView: mDateString is: 12月17日星期六
12-17 19:55:48.060  2852  2852 W ResourceType: Failure getting entry for 0xffffffff (t=254 e=65535) (error -2147483647)
12-17 19:55:48.060  2852  2852 E DateLunarView: mDateString is: 12月17日星期六
12-17 19:55:48.060  2852  2852 D KeyguardUpdateMonitor: received broadcast android.intent.action.TIME_TICK
12-17 19:55:48.060  2852  2852 D KeyguardUpdateMonitor: handleTimeUpdate
12-17 19:55:48.064  3879  3879 I HwLauncher: Model  onReceive intent=Intent { act=android.intent.action.TIME_TICK flg=0x50000014 (has extras) }
12-17 19:55:48.064  3879  3879 I HwLauncher: Model  onReceive user=UserHandle{0}
12-17 19:55:48.069  5224  5224 I Step_LSC: 20002302|logicalDealBroadcastEvent : Intent { act=android.intent.action.TIME_TICK flg=0x50000014 (has extras) }
12-17 19:55:48.070  5224  5283 I Step_LSC: 20002302| ## MSG_DEAL_SYSTEM_EVENT android.intent.action.TIME_TICK
12-17 19:55:48.079   533  3739 E ANDR-PERF-MPCTL: Invalid profile no. 0, total profiles 0 only
12-17 19:55:48.082  1795  6985 W ActivityManager: getRunningAppProcesses: caller 10105 does not hold REAL_GET_TASKS; limiting output
12-17 19:55:48.083  3879  3879 I HwLauncher: ClockDynamicUpdater date changed begin
12-17 19:55:48.083  3879  3879 I HwLauncher: ClockDynamicUpdater date changed end
12-17 19:55:48.084  3879  4071 E HwLauncher: SettingsEx , no such field.
12-17 19:55:48.084  3879  4071 W HwLauncher: Clock getDataFormat the getSystemString failed.
12-17 19:55:48.084  3879  3879 I HwLauncher: CalenderDynamicUpdater date changed begin
12-17 19:55:48.084  3879  3879 I HwLauncher: CalenderDynamicUpdater date changed end
12-17 19:55:48.086  1795 15988 I ActivityManager_broadcast: dispatch ordered broadcast [foreground] BroadcastRecord{6c370ef u-1 android.intent.action.SCREEN_ON}, has 1 receivers
12-17 19:55:48.087  1795  1795 D PowerManagerService: ready=true,policy=3,wakefulness=1,wksummary=0x0,uasummary=0x1,bootcompleted=true,boostinprogress=false,waitmodeenable=false,mode=true,manual=33,auto=-1,adj=0.0userId=0
12-17 19:55:48.087  1795  1795 D PowerManagerService: Releasing suspend blocker "PowerManagerService.WakeLocks".
12-17 19:55:48.090  1795  2748 D HwAmbientLuxFilterAlgo: earliestValidTime + POWER_ON_BRIGHTENING_LIGHT_DEBOUNCE
12-17 19:55:48.090  1795  2748 D HwAmbientLuxFilterAlgo: earliestValidTime + POWER_ON_DARKENING_LIGHT_DEBOUNCE
12-17 19:55:48.101  1795  3884 W ActivityManager: getRunningAppProcesses: caller 10105 does not hold REAL_GET_TASKS; limiting output
12-17 19:55:48.111 21081 21081 D BetaClub: [IssueTypeParser.parseRndIssueType]load configuration
12-17 19:55:48.112  1795 11746 W ActivityManager: getRunningAppProcesses: caller 10105 does not hold REAL_GET_TASKS; limiting output
12-17 19:55:48.115  1795 17831 W ActivityManager: getRunningAppProcesses: caller 10105 does not hold REAL_GET_TASKS; limiting output
12-17 19:55:48.117  1795 15982 W ActivityManager: getRunningAppProcesses: caller 10105 does not hold REAL_GET_TASKS; limiting output
12-17 19:55:48.128 21081 21081 D AndroidCommon: [SdcardManager.isMounted]Path:/storage/emulated/0
12-17 19:55:48.130 21081 21081 D AndroidCommon: [SdcardManager.isMounted]Mounted:/storage/emulated/0:true
12-17 19:55:48.132  1795  1819 I EventHub: monitor check touch devices
12-17 19:55:48.132  1795  1819 I EventHub: EventHub monitor: no key events in the past 33s, no motion events in the past 34s
12-17 19:55:48.132  1795  1819 I InputDispatcher: InputDispatcher::monitor frozen check!
12-17 19:55:48.132  1795  1819 I InputDispatcher: frozenCheckLocked mDispatchFrozen=0 mNextUnblockedEvent=0
12-17 19:55:48.137 21081 21081 D AndroidCommon: [SdcardManager.isMounted]Path:/storage/emulated/0
12-17 19:55:48.139 21081 21081 D AndroidCommon: [SdcardManager.isMounted]Mounted:/storage/emulated/0:true
12-17 19:55:48.143 21081 21081 D AndroidCommon: [SdcardManager.isMounted]Path:/storage/emulated/0
12-17 19:55:48.145 21081 21081 D AndroidCommon: [SdcardManager.isMounted]Mounted:/storage/emulated/0:true
12-17 19:55:48.154  2852  2852 D DateTimeView: Change to single clock mode!
12-17 19:55:48.156  2852  2852 D DateTimeView: Change to single clock mode!
12-17 19:55:48.159  1795  2728 D HwArpVerifier: getGateWayARPResponses: arp rtt = 408
12-17 19:55:48.159  1795  2728 E HwCHRWifiRSSIGroupSummery: updatArpSummery mRSSI:-60  HwCHRWifiRSSIGroup [rssi_index=4, rtt_tcp_packets=2570, rtt_tcp_duration=13024, rtt_lan_duration=638, rtt_lan_failures=0, rtt_lan_succ=9, rtt_lan_max=408, rtt_lan_min=7,same_area_frequency=0,adjacent_area_frequency=0]
12-17 19:55:48.160 21081 21081 D BetaClub_LogUpload: [LogUploadService.onCreate]
12-17 19:55:48.161 21081 21081 D BetaClub_LogUpload: [LogUploadService.onStartCommand]
12-17 19:55:48.161 21081 21081 D BetaClub_LogUpload: [LogUploadService.resumeUpload]
12-17 19:55:48.168 21081 21081 E BetaClub_LogUpload: [Utils.lockCreate] <>
12-17 19:55:48.185 21081 21100 D BetaClub_LogUpload: [LogUploadService.resumeUpload]Upload list is empty, start to kill process!
12-17 19:55:48.201 21081 21081 D BetaClub_LogUpload: [UploadRequest.isTaskProcessing] lstUploadInfo.size()=0
12-17 19:55:48.202 21081 21081 E BetaClub_LogUpload: [Utils.release] release wake and wifi lock!
12-17 19:55:48.202 21081 21081 D BetaClub_LogUpload: 收到子线程消息
12-17 19:55:48.202 21081 21081 D BetaClub_LogUpload: 自杀进程 :myPid: 21081
12-17 19:55:48.202 21081 21081 V exception: 1
12-17 19:55:48.202 21081 21081 W ContextImpl: Calling a method in the system process without a qualified user: android.app.ContextImpl.sendBroadcast:996 android.content.ContextWrapper.sendBroadcast:426 com.huawei.logupload.util.Utils$MyHandler.handleMessage:577 android.os.Handler.dispatchMessage:102 android.os.Looper.loop:199 
12-17 19:55:48.203 21081 21081 I SendBroadcastPermission: action:com.huawei.betaclub.UPLOAD_PROGRESS, mPermissionType:0
12-17 19:55:48.204  1795  3237 W ActivityManager: Sending non-protected broadcast com.huawei.betaclub.UPLOAD_PROGRESS from system 21081:com.huawei.betaclub:loguploadservice/1000 pkg com.huawei.betaclub
12-17 19:55:48.204  1795  3237 I ActivityManager_broadcast: collectReceiverComponents, callerApp: ProcessRecord{4539f7 21081:com.huawei.betaclub:loguploadservice/1000}, intent:com.huawei.betaclub.UPLOAD_PROGRESS, receiver size:1, flags: 10000400
12-17 19:55:48.204  1795  3237 I HwActivityManagerService: Split enqueueing broadcast [callerApp]:ProcessRecord{4539f7 21081:com.huawei.betaclub:loguploadservice/1000}
12-17 19:55:48.204  1795  3237 I ActivityManager_broadcast: Enqueueing ordered broadcast[background] BroadcastRecord{57a17fc u0 com.huawei.betaclub.UPLOAD_PROGRESS}: prev had 0
12-17 19:55:48.204  1795  1808 I ActivityManager_broadcast: dispatch ordered broadcast [background] BroadcastRecord{57a17fc u0 com.huawei.betaclub.UPLOAD_PROGRESS}, has 1 receivers
12-17 19:55:48.208 32607 32607 W ContextImpl: Calling a method in the system process without a qualified user: android.app.ContextImpl.startService:1527 android.content.ContextWrapper.startService:613 android.content.ContextWrapper.startService:613 com.huawei.betaclub.receiver.RouteReceiver.onReceive:17 android.app.ActivityThread.handleReceiver:3177 
12-17 19:55:48.208  1795 11747 I ActivityManager_service: retrieveServiceLocked, callerApp: ProcessRecord{e68e93f 32607:com.huawei.betaclub/1000}, flags: 10000400
12-17 19:55:48.209 21081 21081 W ContextImpl: Calling a method in the system process without a qualified user: android.app.ContextImpl.stopService:1533 android.content.ContextWrapper.stopService:618 com.huawei.logupload.util.Utils$MyHandler.handleMessage:588 android.os.Handler.dispatchMessage:102 android.os.Looper.loop:199 
12-17 19:55:48.209   633 31868 I SDK     : <2016-12-17 19:55:48> [NOTICE] SDK: UE-SeC 2016-12-17 19:55:48:208 Level[NOTICE] magic[3365677344 487]:Refresh tcp socket[148]!
12-17 19:55:48.209   633 31868 I SDK     : 
12-17 19:55:48.209  1795 11747 I ActivityManager_service: bindServiceLocked, r: ServiceRecord{1332e85 u0 euid: 0 com.huawei.betaclub/.receiver.RouteService}, euid: 0
12-17 19:55:48.211  1795 16232 I ActivityManager_service: retrieveServiceLocked, callerApp: ProcessRecord{4539f7 21081:com.huawei.betaclub:loguploadservice/1000}, flags: 10000400
