12-17 19:35:04.460  5215  5215 D wpa_supplicant: wlan0: Control interface command 'PKTCNT_POLL'
12-17 19:35:04.475  5215  5215 D wpa_supplicant: CTRL-DEBUG: global_ctrl_sock-sendto: sock=16 sndbuf=229376 outq=0 send_len=34
12-17 19:35:04.478  1795  1795 D WiFi_PRO: MSG_RETURN_AP_CURRY_RSSI rssi = -58
12-17 19:35:04.478  1795  2739 D HuaweiWifiWatchdogStateMachine: LM mrssi=-58
12-17 19:35:04.478  1795  2739 D HuaweiWifiWatchdogStateMachine: 80:38:bc:08:42:c1 current loss[-58]=0%, volume=70
12-17 19:35:04.478  1795  1795 I QosMonitor: queryRtt: rtt_type = 3
12-17 19:35:04.478  1795  1795 I WifiProJNI: ######### GET RTT:3 ########
12-17 19:35:04.478  1795  1795 D WifiProJNI: send_cmd_kernel: cmd=7
12-17 19:35:04.478  1795  2739 D HuaweiWifiWatchdogStateMachine: 80:38:bc:08:42:c1 history loss[-58]=0%, volume=28957
12-17 19:35:04.479  1795  2737 D WifiProJNI: Received kernel message payload: event 4
12-17 19:35:04.479  1795  2739 I HuaweiWifiWatchdogStateMachine: spd good count:0, add sc:0.0, rate:1.0
12-17 19:35:04.479  1795  2739 I HuaweiWifiWatchdogStateMachine: current mHighDataFlowRate = 1.0
12-17 19:35:04.479  1795  2739 I HuaweiWifiWatchdogStateMachine: POta txb txg rxg:0, 70, 0. Lr =0% Totpkt=70
12-17 19:35:04.479  1795  2737 I QosMonitor: postEventFromNative: msg=100,arg1=4,arg2=9
12-17 19:35:04.479  1795  2737 W WifiProJNI: poll before: g_monitor_fd =310
12-17 19:35:04.479  1795  1795 D HuaweiWifiWatchdogStateMachine: 80:38:bc:08:42:c1 current RTT[-58]=830, volume=29
12-17 19:35:04.480  1795  1795 D HuaweiWifiWatchdogStateMachine: 80:38:bc:08:42:c1 history RTT[-58]=409, volume=2761
12-17 19:35:04.480  1795  1795 D HuaweiWifiWatchdogStateMachine: setSampleRtt: rtt=830,rtt_pkts =29,rtt_when=3
12-17 19:35:04.480  1795  1795 I WifiProJNI: ######### CMD_QUERY_PKTS ########
12-17 19:35:04.480  1795  1795 D WifiProJNI: send_cmd_kernel: cmd=1
12-17 19:35:04.480  1795  1795 I QosMonitor: resetRtt: rtt_type = 3
12-17 19:35:04.480  1795  1795 I WifiProJNI: ######### RESET RTT:3 ########
12-17 19:35:04.480  1795  1795 D WifiProJNI: send_cmd_kernel: cmd=6
12-17 19:35:04.480  1795  2737 D WifiProJNI: Received kernel message payload: event 0
12-17 19:35:04.480  1795  2737 I QosMonitor: postEventFromNative: msg=100,arg1=0,arg2=9
12-17 19:35:04.481  1795  2737 W WifiProJNI: poll before: g_monitor_fd =310
12-17 19:35:04.481  1795  1795 I MQoS    : rtt=830,tcp_tx_pkts=1480350,tcp_rx_pkts=1768554
12-17 19:35:04.482  1795  5350 I MQoS    : QOS_level:0(0),DataDisable;use level-0
12-17 19:35:04.482  1795  2739 D HuaweiWifiWatchdogStateMachine: dumpTcpResult: len=9,rtt=830,rttPkt=29,rttWn=3,cgt=0,cgtWn=0
12-17 19:35:04.482  1795  2739 I HuaweiWifiWatchdogStateMachine: PTcp RTT:830, rtt pkt=29, tcp_rx=54, tcp_tx=61, tcp_reTran=0, rtRate=0
12-17 19:35:04.482  1795  2739 D HuaweiWifiWatchdogStateMachine: isRttGood is good, AvgRtt = 830, TotPkt = 29
12-17 19:35:04.482  1795  2739 D HuaweiWifiWatchdogStateMachine: mRssiBadCount =0, RSSI not bad.
12-17 19:35:04.483  1795  2739 D HuaweiWifiWatchdogStateMachine: detectNetworkAvailable:hw.wifipro.dns_fail_count = 1001
12-17 19:35:04.483  1795  2739 D HuaweiWifiWatchdogStateMachine: detectNetworkAvailable: tcpRxPkts != 0, reset
12-17 19:35:04.483  1795  2739 I HuaweiWifiWatchdogStateMachine: rs ota tcp lr rttvb bad: false, false, false, false, false; rsth:-75
12-17 19:35:04.483  1795  2739 D HuaweiWifiWatchdogStateMachine: GSC:0, GSR:1.0, RSR:1.0, RTH:-75
12-17 19:35:04.483  1795  2739 D HuaweiWifiWatchdogStateMachine: bqeLevel = 3 rtt=830,rtt_pkts=29 speed=1142 rssi=-58
12-17 19:35:04.483  1795  2739 D HuaweiWifiWatchdogStateMachine: Enter updateQoeLevel level = 3
12-17 19:35:04.483  1795  2739 D HuaweiWifiWatchdogStateMachine: updateQoeLevel current level equal to mLastDetectLevel, return
12-17 19:35:04.483  1795  2739 I HuaweiWifiWatchdogStateMachine:  pkt chk not bad, reset sc to 0.
12-17 19:35:04.483  1795  2739 D HuaweiWifiWatchdogStateMachine: ### mPktChkBadCnt=0
12-17 19:35:04.515  1795  2748 D lux trace:: [179.0/123097994, 112.0/123098347, 32.0/123098702, 23.0/123099056, 24.0/123099418, 28.0/123099771, 34.0/123100128, 45.0/123100481, 70.0/123100834, 72.0/123101211, 49.0/123101580, 28.0/123101937]
12-17 19:35:04.516  1795  2748 D HwAmbientLuxFilterAlgo: t=123102133,BT=123103133,DT=123108092,BT1=123106133,DT1=123110133,Bn=false,Dn=false,lx=[45.0/123100629, 70.0/123100930, 72.0/123101230, 72.0/123101531, 49.0/123101831, 28.0/123102133],mLx=53.0,s=53.995937,ss=53.76826,AuIntervened=false,mProximityState=false,bLux=404.0,dLux=3.8313408,bLux1=404.0,dLux1=20.0
12-17 19:35:04.844  1795  1795 I TrafficMonitor: update:rxPkts:0,txPkts:0,rxBytes:0,txBytes:0
12-17 19:35:04.844  1795  1795 I TrafficMonitor: start expired. level:-1
12-17 19:35:04.844  1795  1795 I TrafficMonitor: gettimer:interval=2000
12-17 19:35:04.853   533  3739 E ANDR-PERF-MPCTL: Invalid profile no. 0, total profiles 0 only
12-17 19:35:04.884  5224  5224 I Step_LSC: 20002302|onStandStepChanged 65620
12-17 19:35:04.884  5224  5224 I Step_LSC: 20002302|compensate received
12-17 19:35:04.886  5224  5283 I Step_DataCache: 20002302|getTodayTotalSteps 4244
12-17 19:35:04.886  5224  5283 I Step_ExtendStepDataManager: 20002302|before compensate: cache step_4244
12-17 19:35:04.888  5224  5283 I Step_DataCache: 20002302|getTodayTotalSteps 4244
12-17 19:35:04.888  5224  5283 I Step_ExtendStepDataManager: 20002302|compensate 24699575 8
12-17 19:35:04.890  5224  5283 I Step_DataCache: 20002302|getTodayTotalSteps 4245
12-17 19:35:04.890  5224  5283 I Step_ExtendStepDataManager: 20002302|after compensate: cache step_4245
12-17 19:35:04.985  5224  5283 I Step_LSC: 20002302|REPORT : 4245 90725 3025 0
12-17 19:35:04.986  5224  5283 I SendBroadcastPermission: action:android.com.huawei.bone.NOTIFY_SPORT_DATA, mPermissionType:0
12-17 19:35:04.987  5224  5283 I SendBroadcastPermission: action:android.com.huawei.bone.NOTIFY_SPORT_DATA, mPermissionType:0
12-17 19:35:04.988  1795  3253 I HwActivityManagerService: Split enqueueing broadcast [callerApp]:ProcessRecord{580cfb2 5224:com.huawei.health:DaemonService/u0a99}
12-17 19:35:04.989  2852  2852 I EventCenter: EventCenter Get :android.com.huawei.bone.NOTIFY_SPORT_DATA
12-17 19:35:04.989  2852  2852 D StepCounterView: onStepCounterChange stepsNum:4245
12-17 19:35:04.989  5224  5283 I Step_HSNH: 20002302|upDateHealthNotification()|91|3.03|4245
12-17 19:35:04.990  5224  5283 I Step_HSNH: 20002302|rebuild notification
12-17 19:35:04.993  1795  3238 I NotificationManager: enqueueNotificationInternal: pkg=com.huawei.health id=10010 notification=Notification(pri=0 contentView=null vibrate=null sound=null defaults=0x0 flags=0x2 color=0x00000000 vis=PRIVATE)
12-17 19:35:04.994  1795  1795 I NotificationManager: enqueueNotificationInternal: n.getKey = 0|com.huawei.health|10010|null|10099
12-17 19:35:04.994  1795  1795 V NotificationService: disableEffects=null canInterrupt=false once update: false
12-17 19:35:04.997  2852  2852 I StatusBar: onNotificationPosted: StatusBarNotification(pkg=com.huawei.health user=UserHandle{0} id=10010 tag=null key=0|com.huawei.health|10010|null|10099: Notification(pri=0 contentView=null vibrate=null sound=null defaults=0x0 flags=0x62 color=0x00000000 vis=PRIVATE)) important=2, post=1481974504993, when=1481531589202, vis=0, userid=0
12-17 19:35:04.997  2852  2852 D StatusBar: updateNotification(StatusBarNotification(pkg=com.huawei.health user=UserHandle{0} id=10010 tag=null key=0|com.huawei.health|10010|null|10099: Notification(pri=0 contentView=null vibrate=null sound=null defaults=0x0 flags=0x62 color=0x00000000 vis=PRIVATE)))
12-17 19:35:04.998  2852  2852 D HwCust  : Create obj success use class android.app.HwCustNotificationImpl
12-17 19:35:04.998  2852  2852 I StatusBarIconView: updateTint: tint=0
12-17 19:35:04.999  2852  2852 D StatusBar: No peeking: unimportant notification: 0|com.huawei.health|10010|null|10099
12-17 19:35:04.999  2852  2852 D StatusBar: applyInPlace=true shouldPeek=false alertAgain=true
12-17 19:35:04.999  2852  2852 I NotificationGroupManager: onEntryUpdated:0|com.huawei.health|10010|null|10099
12-17 19:35:04.999  2852  2852 I NotificationGroupManager: onEntryAdded:0|com.huawei.health|10010|null|10099, group=0|com.huawei.health|10010|null|10099
12-17 19:35:04.999  2852  2852 D StatusBar: reusing notification for key: 0|com.huawei.health|10010|null|10099
12-17 19:35:05.000  2852  2852 D HwCust  : Create obj success use class android.app.HwCustNotificationImpl
12-17 19:35:05.000  2852  2852 D HwCust  : Create obj success use class android.app.HwCustNotificationImpl
12-17 19:35:05.001  2852  2852 I StatusBarIconView: updateTint: tint=0
12-17 19:35:05.008  2852  2852 I HwPhoneStatusBar: updateNotificationShade
12-17 19:35:05.008  2852  2852 I PhoneStatusBar: updateNotificationShade
12-17 19:35:05.008  2852  2852 I PhoneStatusBar: removeNotificationChildren
12-17 19:35:05.008  2852  2852 I HwNotificationIconAreaController: showNotificationAll
12-17 19:35:05.016  2852  2852 I NotificationContentView: transferRemoteInputFocus: 0
12-17 19:35:05.017  2852  2852 I NotificationContentView: transferRemoteInputFocus: 0
12-17 19:35:05.017  2852  2852 I StackScrollAlgorithm: updateClipping isOverlap:false
12-17 19:35:05.018  2852  2852 I StackScrollAlgorithm: updateDimmedActivatedHideSensitive overlap:false
12-17 19:35:05.175  1795  2671 D WifiHW  : wifi_send_command: cmd:'IFNAME=wlan0 SIGNAL_POLL'
12-17 19:35:05.175  5215  5215 D wpa_supplicant: wlan0: Control interface command 'SIGNAL_POLL'
12-17 19:35:05.192  5215  5215 E wpa_supplicant: RSSI=-55;LINKSPEED=72;NOISE=9999;FREQUENCY=2452;
12-17 19:35:05.192  5215  5215 D wpa_supplicant: CTRL-DEBUG: global_ctrl_sock-sendto: sock=16 sndbuf=229376 outq=0 send_len=48
12-17 19:35:05.193  1795  2671 V HwWifiServiceFactory: get AllImpl object = com.android.server.wifi.HwWifiServiceFactoryImpl@c332618
12-17 19:35:05.193  1795  2671 E WifiConfigManager: updateConfiguration freq=2452 BSSID=80:38:bc:08:42:c1 RSSI=-56 "Huawei-Employee"WPA_EAP
12-17 19:35:05.195  1795  2671 V HwWifiServiceFactory: get AllImpl object = com.android.server.wifi.HwWifiServiceFactoryImpl@c332618
12-17 19:35:05.354   633 31867 I SDK     : <2016-12-17 19:35:05> [NOTICE] SDK: UE-SeC 2016-12-17 19:35:5:353 Level[NOTICE] magic[3368294688 1013]:s(0, 0),r(0, 0)in 20s;vsock(135716B, 10762B, 0, 0), sock(846, 897, 0, 0), times(34, 0, 194, 57), delay(0, 0)ms, m(0, 6144)KB, p:38878, s:38878, t(148, 1, 32198B, 50795B), u(0, 0, 176580B, 47974B), c(2247, 2363, 0, 0), e(68032, 1639)/(1330, 1639), k:73, d(589, 677), de(0), s(online, 2, 1), SSL(0), UDP(0), r_d(0), s_d(0), c_d(0), dur(1386 m), vs(0, 0, 0), sysFM(0 KB), ls(1779, 1779),bypass[0]:[0]
12-17 19:35:05.354   633 31867 I SDK     : 
12-17 19:35:05.435  1795  2728 D HwArpVerifier: performPollAndLog:
12-17 19:35:05.442  1795  2728 D hw_netstat: total/2286/1615,com.tencent.mm/2246/1615,unknown:0/40/0
12-17 19:35:05.446  1795  2728 E HwCHRWebMonitor: WebMonitor [mNetWorkIsSuck=0 mUIDIsSuck=]  WebSpeed [WEBSENDSEGS=10  WEBRESENDSEGS=0  WEBRECVSEGS=9  WEBERRSEGS=0  WEBOUTRSTS=0  WEBESTABLISRST=0  WEBRTTDURATION=10  WEBRTTSEGS=5  WEBSRTT=830  WEBSNDDUPACKS=0  SENDSEGS=0  RESENDSEGS=0  RECVSEGS=0  ERRSEGS=0  OUTRSTS=0  ESTABLISRST=0  RTTDURATION=0  RTTSEGS=0  SNDDUPACKS=0  suckTimes=0 recovage_times=0]
12-17 19:35:05.446  1795  2728 E HwCHRWifiRSSIGroupSummery: updateTcpSummery mRSSI:-55  HwCHRWifiRSSIGroup [rssi_index=4, rtt_tcp_packets=94, rtt_tcp_duration=834, rtt_lan_duration=188, rtt_lan_failures=0, rtt_lan_succ=5, rtt_lan_max=124, rtt_lan_min=14,same_area_frequency=0,adjacent_area_frequency=0]
12-17 19:35:05.446  1795  2728 D WifiHW  : wifi_send_command: cmd:'IFNAME=wlan0 PKTCNT_POLL'
