12-17 19:55:47.892 32607 21068 W ContextImpl: Calling a method in the system process without a qualified user: android.app.ContextImpl.startService:1527 android.content.ContextWrapper.startService:613 com.huawei.betaclub.utils.OtherUtils.resumeSendNow:213 com.huawei.betaclub.utils.OtherUtils.resumeSend:200 com.huawei.betaclub.receiver.utils.ReceiverUtils.resumeLogUpload:50 
12-17 19:55:47.893   606  2379 E libteec : QSEECom_send_cmd return!
12-17 19:55:47.893   606  2379 E libteec : qsc_send_cmd finish
12-17 19:55:47.893   606  2379 E libteec : send data return = 128
12-17 19:55:47.894   835  2385 E libteec : receive data len = 128
12-17 19:55:47.894   835  2385 E libteec : begin
12-17 19:55:47.894   835  2385 E libteec : qsc_decode end
12-17 19:55:47.894   835  2385 D fpc_fingerprint_hal: workerFunction STATE_NAVIGATION
12-17 19:55:47.894   835  2385 E libteec : begin
12-17 19:55:47.894 32607 32622 D AndroidCommon: [SdcardManager.isMounted]Path:/storage/emulated/0
12-17 19:55:47.894   606  2379 E libteec : receive data len = 128
12-17 19:55:47.895  2883  2996 E HwSystemManager: LeisureTrafficSetting:result is empty
12-17 19:55:47.896 32607 32622 D AndroidCommon: [SdcardManager.isMounted]Mounted:/storage/emulated/0:true
12-17 19:55:47.900  2883  2996 I HwSystemManager: NatTrafficNotifyService:delta byte = 0 no traffic delta = 0Traffic state is 301
12-17 19:55:47.901  1795  2750 D HW_DISPLAY_EFFECT: presently, hw_update_color_temp_for_rg_led interface not achieved.
12-17 19:55:47.901  3466  3466 I Contacts: DialpadFragment mBroadcastReceiver action:android.intent.action.SCREEN_ON
12-17 19:55:47.904  1795  3249 I ActivityManager_service: retrieveServiceLocked, callerApp: ProcessRecord{e68e93f 32607:com.huawei.betaclub/1000}, flags: 10000400
12-17 19:55:47.905  1795  3249 I ActivityManager_service: bindServiceLocked, r: ServiceRecord{97c41f6 u0 euid: 0 com.huawei.betaclub/com.huawei.logupload.LogUploadService}, euid: 0
12-17 19:55:47.905  1795  3249 I ActivityManager_service: mAm.startProcessLocked for service: ServiceRecord{97c41f6 u0 euid: 0 com.huawei.betaclub/com.huawei.logupload.LogUploadService}, appinfo euid: 0
12-17 19:55:47.905  1795  3249 I ActivityManager: new Process app=ProcessRecord{4539f7 0:com.huawei.betaclub:loguploadservice/1000}, name: com.huawei.betaclub:loguploadservice, euid: 0
12-17 19:55:47.907   606  2379 E libteec : QSEECom_send_cmd return!
12-17 19:55:47.907 31949 31967 I PushService: tcp.conn{4787} ServiceC.connectedNotify(ServiceC.java:289) 172.30.70.63
12-17 19:55:47.908   606  2379 E libteec : qsc_send_cmd finish
12-17 19:55:47.908   606  2379 E libteec : send data return = 128
12-17 19:55:47.908   835  2385 E libteec : receive data len = 128
12-17 19:55:47.908   835  2385 E libteec : begin
12-17 19:55:47.908   835  2385 E libteec : qsc_decode end
12-17 19:55:47.909  1795  1805 D ConnectivityService: Returning unblocked NetworkInfo to uid=10102
12-17 19:55:47.911   633 21077 I SDK     : <2016-12-17 19:55:47> [NOTICE] SDK: UE-SeC 2016-12-17 19:55:47:910 Level[NOTICE] magic[2518587680 2579]:ReadSdkGroupItem: Succeed in fetching group item[HW_W3_MDM_PASSWORD] share[1]
12-17 19:55:47.911   633 21077 I SDK     : 
12-17 19:55:47.911 31949 31967 I ECS     : tcp.conn{4787} XmlMsg.encodeBuf(XmlMsg.java:215) SEND 100 bytes [16]_00_00_00_60_00_03_01_05_01_04_81_C5_00_00_00_00 cmdCode(CC_PCheckVersion.0x0501)msgType(MT_ARG.1)msgClass(MC_Push.5)sender(ST_Mobile.0)crypted(false)zipped(false)nobase64(true)length(96)version(3)sno(81C5)
12-17 19:55:47.911   633 21077 I SDK     : <2016-12-17 19:55:47> [NOTICE] SDK: UE-SeC 2016-12-17 19:55:47:911 Level[NOTICE] magic[2518587680 2579]:ReadSdkGroupItem: Succeed in fetching group item[HW_W3_ACCOUNT] share[1]
12-17 19:55:47.911   633 21077 I SDK     : 
12-17 19:55:47.912   633   692 I eSpaceService: LoginThread{6131} SvnWapper.getSSOInfoOk(SvnWapper.java:310) [HWUC SSO] ---> Get sso Login params succeed
12-17 19:55:47.915  2883  2996 I HwSystemManager: ExtraTrafficSetting:result is empty
12-17 19:55:47.915   816 21079 D DnsProxyListener: GetAddrInfoHandler addr: uc.huawei.com {304, 917808, 10102} 172.30.70.63
12-17 19:55:47.916   633   692 I eSpaceService: LoginThread{6131} LoginC.goToStepInStep(LoginC.java:278) Login_By_Step->SVNConnect
12-17 19:55:47.917  1795  3249 I ActivityManager: Start proc 21081:com.huawei.betaclub:loguploadservice/1000 for service com.huawei.betaclub/com.huawei.logupload.LogUploadService
12-17 19:55:47.918 32607 21068 I BetaClub: [ReceiverUtils.launchFeedbackService]
12-17 19:55:47.919 32607 21068 W ContextImpl: Calling a method in the system process without a qualified user: android.app.ContextImpl.startService:1527 android.content.ContextWrapper.startService:613 com.huawei.betaclub.home.HomeInitialization.startAbnormalIssueScanService:92 com.huawei.betaclub.receiver.utils.ReceiverUtils.launchFeedbackService:67 com.huawei.betaclub.receiver.receiver.UserPresentReceiver.onReceive:29 
12-17 19:55:47.919 21081 21081 I         : power log dlsym ok
12-17 19:55:47.920  3608  3608 D InCall  : InCallActivity - mScreenOnReceiver mCallEndOptionsDialog = null
12-17 19:55:47.921  1795 11747 I ActivityManager_service: retrieveServiceLocked, callerApp: ProcessRecord{e68e93f 32607:com.huawei.betaclub/1000}, flags: 10000400
12-17 19:55:47.921  1795 11747 I ActivityManager_service: bindServiceLocked, r: ServiceRecord{12d2064 u0 euid: 0 com.huawei.betaclub/.feedback.service.FeedbackService}, euid: 0
12-17 19:55:47.922   633   692 I eSpaceService: LoginThread{6131} LoginC.doLoginByStep(LoginC.java:203) Login_By_Step-> at SVNConnect
12-17 19:55:47.923   633   692 I ECS     : Thread-1501{6132} LoginC.connectToServerThread(LoginC.java:451) Connect to MAA , ip = uc.huawei.com
12-17 19:55:47.923 31949 31967 I TCP     : tcp.recv{4790} TcpClientThread.onReceiverWork(TcpClientThread.java:307) get tcp message 659
12-17 19:55:47.924 31949 31967 I TCP     : msg.recv{4791} TcpClientThread.onRecv(TcpClientThread.java:515) TCP Msg 659TCP_OK
12-17 19:55:47.924   633   692 I eSpaceService: Thread-1501{6132} TcpCirChannel.shutdown(TcpCirChannel.java:257) Login_By_Step-> shut down now connect
12-17 19:55:47.929  1795  3247 W ActivityManager: getRunningAppProcesses: caller 10102 does not hold REAL_GET_TASKS; limiting output
12-17 19:55:47.931 32607 32607 I BetaClub: [FeedbackService.onCreate]Start
12-17 19:55:47.931  3626  3640 I LogCollectServiceImpl: getUserType = 3
12-17 19:55:47.932  1795  1807 D DeviceIdleController: handleMessage(7)
12-17 19:55:47.932  1795  1807 D DeviceIdleController: handleMessage(7)
12-17 19:55:47.933  1795  2396 I HwActivityManagerService: Split enqueueing broadcast [callerApp]:ProcessRecord{580cfb2 5224:com.huawei.health:DaemonService/u0a99}
12-17 19:55:47.933  2883  2996 I HwSystemManager: ITrafficInfo:ITrafficInfo create 301updateBytes = 1769320345
12-17 19:55:47.934  2852  2852 I EventCenter: EventCenter Get :android.com.huawei.bone.NOTIFY_SPORT_DATA
12-17 19:55:47.935  5224  5283 I Step_HSNH: 20002302|upDateHealthNotification()|91|3.04|4257
12-17 19:55:47.935 32607 21068 D BetaClub: [StartupguideUtils.isBeta]is beta=false
12-17 19:55:47.936  5224  5283 I Step_HSNH: 20002302|rebuild notification
12-17 19:55:47.938 32607 32622 D AndroidCommon: [SdcardManager.isMounted]Path:/storage/emulated/0
12-17 19:55:47.939  1795 16501 I NotificationManager: enqueueNotificationInternal: pkg=com.huawei.health id=10010 notification=Notification(pri=0 contentView=null vibrate=null sound=null defaults=0x0 flags=0x2 color=0x00000000 vis=PRIVATE)
12-17 19:55:47.939   633   692 I ECS     : Thread-1501{6132} TcpClient.clearAll(TcpClient.java:240) ==================== TCP CLIENT CLEAR ALL ====================
12-17 19:55:47.940  1795  1795 I NotificationManager: enqueueNotificationInternal: n.getKey = 0|com.huawei.health|10010|null|10099
12-17 19:55:47.940   633   692 I ECS     : Thread-1501{6132} TcpClient.disconnect_i(TcpClient.java:202) ==================== TCP CLIENT DISCONNECT ====================
12-17 19:55:47.941 16628 16628 I TotemWeather: RetryTaskController:mTaskList is null
12-17 19:55:47.942   633   692 I TCP     : Thread-1501{6132} TcpClientThread.disconnectSocket(TcpClientThread.java:369) disconnecting to 172.30.70.63(*):7801
12-17 19:55:47.942  1795 16498 D StubTelephonyRegistry: uid:10028 pid:16628 PhoneStateListener.LISTEN_CELL_LOCATION:16 events:16
12-17 19:55:47.942  1795 16498 D StubTelephonyRegistry: LISTEN_CELL_LOCATION uid:10028
12-17 19:55:47.943   633   692 I eSpaceService: Thread-1501{6132} LoginC.connectToServerThread(LoginC.java:470) getLocalIp = 10.33.11.129
12-17 19:55:47.943 32607 32622 D AndroidCommon: [SdcardManager.isMounted]Mounted:/storage/emulated/0:true
12-17 19:55:47.944   633   692 I eSpaceService: Thread-1501{6132} TcpCirChannel.connect(TcpCirChannel.java:219) Connect to server  address = [172.30.70.63,]  port = 7801
12-17 19:55:47.944 32607 32607 I BetaClub: [RouteService.onDestroy]
12-17 19:55:47.945  1795  2371 I huawei_ProximitySensor_CPP_Test: ProximitySensorr readEvents mHasPendingEvent is 1
12-17 19:55:47.945  1795  2371 E LightSensor: read Events lux: 78.0
12-17 19:55:47.945  1795  1825 D AutomaticBrightnessController: ambient lux=78.0,timeStamp =444284308569000
12-17 19:55:47.945 21081 21081 D ActivityThread: ActivityThread,attachApplication
12-17 19:55:47.950   633   692 I ECS     : Thread-1501{6132} TcpClient.clearAll(TcpClient.java:240) ==================== TCP CLIENT CLEAR ALL ====================
12-17 19:55:47.951  1795  1795 V NotificationService: disableEffects=null canInterrupt=false once update: false
12-17 19:55:47.951   633   692 I ECS     : Thread-1501{6132} TcpClient.connect(TcpClient.java:162) ==================== TCP CLIENT CONNECT [2] ====================
12-17 19:55:47.952   633   692 I TCP     : Thread-1501{6132} TcpClientThread.connect(TcpClientThread.java:52) will connect to 172.30.70.63:7801
12-17 19:55:47.953 31949 31967 I ECS     : msg.recv{4791} XmlMsg.decodeBuf(XmlMsg.java:237) RECV 663 bytes [12]_00_03_02_05_01_04_81_C5_77_52_5A_5B cmdCode(CC_PCheckVersion.0x0501)msgType(MT_ACK.2)msgClass(MC_Push.5)sender(ST_Mobile.0)crypted(false)zipped(false)nobase64(true)length(659)version(3)sno(81C5)
12-17 19:55:47.953  2852  2852 I StatusBar: onNotificationPosted: StatusBarNotification(pkg=com.huawei.health user=UserHandle{0} id=10010 tag=null key=0|com.huawei.health|10010|null|10099: Notification(pri=0 contentView=null vibrate=null sound=null defaults=0x0 flags=0x62 color=0x00000000 vis=PRIVATE)) important=2, post=1481975747939, when=1481531589202, vis=0, userid=0
12-17 19:55:47.954   633   692 I TCP     : tcp.conn{4485} TcpClientThread.connectSocket(TcpClientThread.java:349) connecting max 30000ms to 172.30.70.63:7801
12-17 19:55:47.954  2852  2852 D StatusBar: updateNotification(StatusBarNotification(pkg=com.huawei.health user=UserHandle{0} id=10010 tag=null key=0|com.huawei.health|10010|null|10099: Notification(pri=0 contentView=null vibrate=null sound=null defaults=0x0 flags=0x62 color=0x00000000 vis=PRIVATE)))
12-17 19:55:47.954  2852  2852 D HwCust  : Create obj success use class android.app.HwCustNotificationImpl
12-17 19:55:47.955   633   692 I TCP     : tcp.conn{4485} TcpSocket.connect_i(TcpSocket.java:84) connecting to ip address /172.30.70.63
12-17 19:55:47.955  2852  2852 I StatusBarIconView: updateTint: tint=0
12-17 19:55:47.955   633   692 I TCP     : tcp.conn{4485} TcpClientThread.connectSocket(TcpClientThread.java:360) notify user tcp connected successully at 36867 to 172.30.70.63(*):7801
12-17 19:55:47.956  2852  2852 D StatusBar: No peeking: unimportant notification: 0|com.huawei.health|10010|null|10099
12-17 19:55:47.956  2852  2852 D StatusBar: applyInPlace=true shouldPeek=false alertAgain=true
12-17 19:55:47.956  2852  2852 I NotificationGroupManager: onEntryUpdated:0|com.huawei.health|10010|null|10099
12-17 19:55:47.956  2852  2852 I NotificationGroupManager: onEntryAdded:0|com.huawei.health|10010|null|10099, group=0|com.huawei.health|10010|null|10099
12-17 19:55:47.956  2852  2852 D StatusBar: reusing notification for key: 0|com.huawei.health|10010|null|10099
12-17 19:55:47.956  2852  2852 D HwCust  : Create obj success use class android.app.HwCustNotificationImpl
12-17 19:55:47.956   633   692 I TCP     : tcp.conn{4485} TcpClientThread.onRecv(TcpClientThread.java:522) tcp connection event TCP_CONNECTED
12-17 19:55:47.957  2852  2852 D HwCust  : Create obj success use class android.app.HwCustNotificationImpl
12-17 19:55:47.957  2852  2852 I StatusBarIconView: updateTint: tint=0
12-17 19:55:47.957   633   692 I TCP     : tcp.recv{4488} TcpClientThread.onReceiverWork(TcpClientThread.java:292) connected
12-17 19:55:47.959  1795  3139 D ActivityManager: ActivityManagerService,attachApplication,callingPid = 21081
