12-17 19:33:00.887   835  2385 E libteec : qsc_decode end
12-17 19:33:00.887   835  2385 E libteec : begin
12-17 19:33:00.887   606  2379 E libteec : receive data len = 128
12-17 19:33:00.887  2852  2852 D StatusBar: No peeking: unimportant notification: 0|com.huawei.health|10010|null|10099
12-17 19:33:00.887  2852  2852 D StatusBar: applyInPlace=true shouldPeek=false alertAgain=true
12-17 19:33:00.887  2852  2852 I NotificationGroupManager: onEntryUpdated:0|com.huawei.health|10010|null|10099
12-17 19:33:00.887  2852  2852 I NotificationGroupManager: onEntryAdded:0|com.huawei.health|10010|null|10099, group=0|com.huawei.health|10010|null|10099
12-17 19:33:00.887  2852  2852 D StatusBar: reusing notification for key: 0|com.huawei.health|10010|null|10099
12-17 19:33:00.887  2852  2852 D HwCust  : Create obj success use class android.app.HwCustNotificationImpl
12-17 19:33:00.888 31949 31967 I TCP     : tcp.conn{4787} TcpClientThread.onRecv(TcpClientThread.java:522) tcp connection event TCP_CONNECTED
12-17 19:33:00.889  2852  2852 D HwCust  : Create obj success use class android.app.HwCustNotificationImpl
12-17 19:33:00.889 16354 16354 E HwSystemManager: MemCPUMonitor:startTimerMonitor isCompleted = true
12-17 19:33:00.889  2852  2852 I StatusBarIconView: updateTint: tint=0
12-17 19:33:00.890  5215  5215 D wpa_supplicant: wpa_driver_nl80211_driver_cmd SETSUSPENDMODE 0 len = 0, 4096
12-17 19:33:00.890  5215  5215 D wpa_supplicant: CTRL-DEBUG: global_ctrl_sock-sendto: sock=16 sndbuf=229376 outq=0 send_len=3
12-17 19:33:00.890  5215  5215 D wpa_supplicant: nl80211: Event message available
12-17 19:33:00.890  5215  5215 D wpa_supplicant: nl80211: Drv Event 34 (NL80211_CMD_NEW_SCAN_RESULTS) received for wlan0
12-17 19:33:00.890  5215  5215 D wpa_supplicant: wlan0: nl80211: New scan results available
12-17 19:33:00.890  5215  5215 D wpa_supplicant: nl80211: Scan included frequencies: 2412 2417 2422 2427 2432 2437 2442 2447 2452 2457 2462 2467 2472
12-17 19:33:00.890  5215  5215 D wpa_supplicant: wlan0: Event SCAN_RESULTS (3) received
12-17 19:33:00.890  5215  5215 D wpa_supplicant: wlan0: Scan completed in 0.482039 seconds
12-17 19:33:00.890  5215  5215 D wpa_supplicant: nl80211: Associated on 2452 MHz
12-17 19:33:00.890  5215  5215 D wpa_supplicant: nl80211: Associated with 80:38:bc:08:42:c1
12-17 19:33:00.890   606  2379 E libteec : QSEECom_send_cmd return!
12-17 19:33:00.890   606  2379 E libteec : qsc_send_cmd finish
12-17 19:33:00.890  5215  5215 D wpa_supplicant: nl80211: Received scan results (29 BSSes)
12-17 19:33:00.891   606  2379 E libteec : send data return = 128
12-17 19:33:00.891  5215  5215 D wpa_supplicant: nl80211: Scan results indicate BSS status with 80:38:bc:08:42:c1 as associated
12-17 19:33:00.891   835  2385 E libteec : receive data len = 128
12-17 19:33:00.891   835  2385 E libteec : begin
12-17 19:33:00.891   835  2385 E libteec : qsc_decode end
12-17 19:33:00.891   835  2385 I fpc_tac : fpc_tac_begin_identify---need_liveness_authentication: 0
12-17 19:33:00.891   835  2385 E libteec : begin
12-17 19:33:00.891   606  2379 E libteec : receive data len = 192
12-17 19:33:00.891  5215  5215 D wpa_supplicant: Sorted scan results
12-17 19:33:00.891  5215  5215 D wpa_supplicant: 80:38:bc:08:42:c1 freq=2452 qual=0 noise=-89~ level=-48 snr=41* flags=0x2b age=30 est=65000
12-17 19:33:00.891  5215  5215 D wpa_supplicant: IEs - hexdump(len=194): 00 0f 48 75 61 77 65 69 2d 45 6d 70 6c 6f 79 65 65 01 08 82 84 0b 16 0c 12 18 24 03 01 09 05 04 ...
12-17 19:33:00.891  5215  5215 D wpa_supplicant: Beacon IEs - hexdump(len=194): 00 0f 48 75 61 77 65 69 2d 45 6d 70 6c 6f 79 65 65 01 08 82 84 0b 16 0c 12 18 24 03 01 09 05 04 ...
12-17 19:33:00.891  5215  5215 D wpa_supplicant: 80:38:bc:08:42:e1 freq=2472 qual=0 noise=-89~ level=-48 snr=41* flags=0xb age=30 est=65000
12-17 19:33:00.891  5215  5215 D wpa_supplicant: IEs - hexdump(len=194): 00 0f 48 75 61 77 65 69 2d 45 6d 70 6c 6f 79 65 65 01 08 82 84 0b 16 0c 12 18 24 03 01 0d 05 04 ...
12-17 19:33:00.891  5215  5215 D wpa_supplicant: Beacon IEs - hexdump(len=194): 00 0f 48 75 61 77 65 69 2d 45 6d 70 6c 6f 79 65 65 01 08 82 84 0b 16 0c 12 18 24 03 01 0d 05 04 ...
12-17 19:33:00.891  5215  5215 D wpa_supplicant: 80:38:bc:0b:2b:e0 freq=2432 qual=0 noise=-89~ level=-61 snr=28 flags=0xb age=30 est=65000
12-17 19:33:00.891  5215  5215 D wpa_supplicant: IEs - hexdump(len=193): 00 0e 77 6c 61 6e 61 63 63 65 73 73 76 32 2e 30 01 08 82 84 0b 16 0c 12 18 24 03 01 05 05 04 00 ...
12-17 19:33:00.891  5215  5215 D wpa_supplicant: Beacon IEs - hexdump(len=193): 00 0e 77 6c 61 6e 61 63 63 65 73 73 76 32 2e 30 01 08 82 84 0b 16 0c 12 18 24 03 01 05 05 04 00 ...
12-17 19:33:00.891  5215  5215 D wpa_supplicant: 80:38:bc:0b:29:e0 freq=2452 qual=0 noise=-89~ level=-62 snr=27 flags=0xb age=30 est=65000
12-17 19:33:00.891  5215  5215 D wpa_supplicant: IEs - hexdump(len=193): 00 0e 77 6c 61 6e 61 63 63 65 73 73 76 32 2e 30 01 08 82 84 0b 16 0c 12 18 24 03 01 09 05 04 00 ...
12-17 19:33:00.891  5215  5215 D wpa_supplicant: Beacon IEs - hexdump(len=193): 00 0e 77 6c 61 6e 61 63 63 65 73 73 76 32 2e 30 01 08 82 84 0b 16 0c 12 18 24 03 01 09 05 04 00 ...
12-17 19:33:00.891  5215  5215 D wpa_supplicant: 00:26:f2:1b:9d:b2 freq=2437 qual=0 noise=-89~ level=-56 snr=33* flags=0xb age=30 est=54000
12-17 19:33:00.891  5215  5215 D wpa_supplicant: IEs - hexdump(len=109): 00 06 4e 54 50 43 30 32 01 08 82 84 8b 96 24 30 48 6c 03 01 06 2a 01 04 2f 01 04 32 04 0c 12 18 ...
12-17 19:33:00.891  5215  5215 D wpa_supplicant: Beacon IEs - hexdump(len=115): 00 06 4e 54 50 43 30 32 01 08 82 84 8b 96 24 30 48 6c 03 01 06 05 04 00 03 00 00 2a 01 04 2f 01 ...
12-17 19:33:00.891  5215  5215 D wpa_supplicant: 80:38:bc:0a:f1:40 freq=2412 qual=0 noise=-89~ level=-71 snr=18 flags=0xb age=30 est=48000
12-17 19:33:00.891  1795  2736 E hwintelligencewifi: addCurrentApInfo info is already there
12-17 19:33:00.891  5215  5215 D wpa_supplicant: IEs - hexdump(len=193): 00 0e 77 6c 61 6e 61 63 63 65 73 73 76 32 2e 30 01 08 82 84 0b 16 0c 12 18 24 03 01 01 05 04 00 ...
12-17 19:33:00.892  1795  2736 W hwintelligencewifi: updateBssidTimer time = 1481974380891
12-17 19:33:00.892  5215  5215 D wpa_supplicant: Beacon IEs - hexdump(len=193): 00 0e 77 6c 61 6e 61 63 63 65 73 73 76 32 2e 30 01 08 82 84 0b 16 0c 12 18 24 03 01 01 05 04 00 ...
12-17 19:33:00.892  5215  5215 D wpa_supplicant: 80:38:bc:0a:f2:00 freq=2452 qual=0 noise=-89~ level=-77 snr=12 flags=0xb age=30 est=36000
12-17 19:33:00.892  5215  5215 D wpa_supplicant: IEs - hexdump(len=193): 00 0e 77 6c 61 6e 61 63 63 65 73 73 76 32 2e 30 01 08 82 84 0b 16 0c 12 18 24 03 01 09 05 04 00 ...
12-17 19:33:00.892  5215  5215 D wpa_supplicant: Beacon IEs - hexdump(len=193): 00 0e 77 6c 61 6e 61 63 63 65 73 73 76 32 2e 30 01 08 82 84 0b 16 0c 12 18 24 03 01 09 05 04 00 ...
12-17 19:33:00.892  5215  5215 D wpa_supplicant: 80:38:bc:0b:29:60 freq=2412 qual=0 noise=-89~ level=-78 snr=11 flags=0xb age=30 est=36000
12-17 19:33:00.892  5215  5215 D wpa_supplicant: IEs - hexdump(len=193): 00 0e 77 6c 61 6e 61 63 63 65 73 73 76 32 2e 30 01 08 82 84 0b 16 0c 12 18 24 03 01 01 05 04 00 ...
12-17 19:33:00.892  5215  5215 D wpa_supplicant: Beacon IEs - hexdump(len=193): 00 0e 77 6c 61 6e 61 63 63 65 73 73 76 32 2e 30 01 08 82 84 0b 16 0c 12 18 24 03 01 01 05 04 00 ...
12-17 19:33:00.892  5215  5215 D wpa_supplicant: 80:38:bc:0b:14:40 freq=2472 qual=0 noise=-89~ level=-79 snr=10 flags=0xb age=30 est=24000
12-17 19:33:00.892  5215  5215 D wpa_supplicant: IEs - hexdump(len=193): 00 0e 77 6c 61 6e 61 63 63 65 73 73 76 32 2e 30 01 08 82 84 0b 16 0c 12 18 24 03 01 0d 05 04 00 ...
12-17 19:33:00.892  5215  5215 D wpa_supplicant: Beacon IEs - hexdump(len=193): 00 0e 77 6c 61 6e 61 63 63 65 73 73 76 32 2e 30 01 08 82 84 0b 16 0c 12 18 24 03 01 0d 05 04 00 ...
12-17 19:33:00.892  5215  5215 D wpa_supplicant: 80:38:bc:0a:fa:e1 freq=2412 qual=0 noise=-89~ level=-79 snr=10 flags=0xb age=30 est=24000
12-17 19:33:00.892  5215  5215 D wpa_supplicant: IEs - hexdump(len=194): 00 0f 48 75 61 77 65 69 2d 45 6d 70 6c 6f 79 65 65 01 08 82 84 0b 16 0c 12 18 24 03 01 01 05 04 ...
12-17 19:33:00.892  5215  5215 D wpa_supplicant: Beacon IEs - hexdump(len=194): 00 0f 48 75 61 77 65 69 2d 45 6d 70 6c 6f 79 65 65 01 08 82 84 0b 16 0c 12 18 24 03 01 01 05 04 ...
12-17 19:33:00.892  5215  5215 D wpa_supplicant: 80:38:bc:0b:34:a0 freq=2472 qual=0 noise=-89~ level=-81 snr=8 flags=0xb age=30 est=19500
12-17 19:33:00.892  5215  5215 D wpa_supplicant: IEs - hexdump(len=193): 00 0e 77 6c 61 6e 61 63 63 65 73 73 76 32 2e 30 01 08 82 84 0b 16 0c 12 18 24 03 01 0d 05 04 00 ...
12-17 19:33:00.892  5215  5215 D wpa_supplicant: Beacon IEs - hexdump(len=193): 00 0e 77 6c 61 6e 61 63 63 65 73 73 76 32 2e 30 01 08 82 84 0b 16 0c 12 18 24 03 01 0d 05 04 00 ...
12-17 19:33:00.892  5215  5215 D wpa_supplicant: 80:38:bc:0b:36:e0 freq=2452 qual=0 noise=-89~ level=-82 snr=7 flags=0xb age=30 est=18000
12-17 19:33:00.892  5215  5215 D wpa_supplicant: IEs - hexdump(len=193): 00 0e 77 6c 61 6e 61 63 63 65 73 73 76 32 2e 30 01 08 82 84 0b 16 0c 12 18 24 03 01 09 05 04 00 ...
12-17 19:33:00.892  5215  5215 D wpa_supplicant: Beacon IEs - hexdump(len=193): 00 0e 77 6c 61 6e 61 63 63 65 73 73 76 32 2e 30 01 08 82 84 0b 16 0c 12 18 24 03 01 09 05 04 00 ...
12-17 19:33:00.892  5215  5215 D wpa_supplicant: 80:38:bc:0a:f9:21 freq=2472 qual=0 noise=-89~ level=-82 snr=7 flags=0xb age=30 est=18000
12-17 19:33:00.892  5215  5215 D wpa_supplicant: IEs - hexdump(len=194): 00 0f 48 75 61 77 65 69 2d 45 6d 70 6c 6f 79 65 65 01 08 82 84 0b 16 0c 12 18 24 03 01 0d 05 04 ...
12-17 19:33:00.892  5215  5215 D wpa_supplicant: Beacon IEs - hexdump(len=194): 00 0f 48 75 61 77 65 69 2d 45 6d 70 6c 6f 79 65 65 01 08 82 84 0b 16 0c 12 18 24 03 01 0d 05 04 ...
12-17 19:33:00.892  5215  5215 D wpa_supplicant: 80:38:bc:06:d2:ab freq=2412 qual=0 noise=-89~ level=-85 snr=4 flags=0xb age=30 est=6500
12-17 19:33:00.892  5215  5215 D wpa_supplicant: IEs - hexdump(len=172): 00 00 01 08 82 84 8b 96 0c 12 18 24 03 01 01 05 04 00 01 00 00 07 10 44 42 20 20 13 1b 00 10 1b ...
12-17 19:33:00.892  5215  5215 D wpa_supplicant: Beacon IEs - hexdump(len=172): 00 00 01 08 82 84 8b 96 0c 12 18 24 03 01 01 05 04 00 01 00 00 07 10 44 42 20 20 13 1b 00 10 1b ...
12-17 19:33:00.892  5215  5215 D wpa_supplicant: 80:38:bc:0b:22:a0 freq=2452 qual=0 noise=-89~ level=-85 snr=4 flags=0xb age=30 est=6500
12-17 19:33:00.892  5215  5215 D wpa_supplicant: IEs - hexdump(len=193): 00 0e 77 6c 61 6e 61 63 63 65 73 73 76 32 2e 30 01 08 82 84 0b 16 0c 12 18 24 03 01 09 05 04 00 ...
12-17 19:33:00.892  5215  5215 D wpa_supplicant: Beacon IEs - hexdump(len=193): 00 0e 77 6c 61 6e 61 63 63 65 73 73 76 32 2e 30 01 08 82 84 0b 16 0c 12 18 24 03 01 09 05 04 00 ...
12-17 19:33:00.892  5215  5215 D wpa_supplicant: 80:38:bc:0a:ef:61 freq=2472 qual=0 noise=-89~ level=-86 snr=3 flags=0xb age=30 est=6500
12-17 19:33:00.892  5215  5215 D wpa_supplicant: IEs - hexdump(len=194): 00 0f 48 75 61 77 65 69 2d 45 6d 70 6c 6f 79 65 65 01 08 82 84 0b 16 0c 12 18 24 03 01 0d 05 04 ...
12-17 19:33:00.892  5215  5215 D wpa_supplicant: Beacon IEs - hexdump(len=194): 00 0f 48 75 61 77 65 69 2d 45 6d 70 6c 6f 79 65 65 01 08 82 84 0b 16 0c 12 18 24 03 01 0d 05 04 ...
12-17 19:33:00.892  5215  5215 D wpa_supplicant: 80:38:bc:0b:04:40 freq=2472 qual=0 noise=-89~ level=-86 snr=3 flags=0xb age=30 est=6500
12-17 19:33:00.892  5215  5215 D wpa_supplicant: IEs - hexdump(len=193): 00 0e 77 6c 61 6e 61 63 63 65 73 73 76 32 2e 30 01 08 82 84 0b 16 0c 12 18 24 03 01 0d 05 04 00 ...
12-17 19:33:00.892  5215  5215 D wpa_supplicant: Beacon IEs - hexdump(len=193): 00 0e 77 6c 61 6e 61 63 63 65 73 73 76 32 2e 30 01 08 82 84 0b 16 0c 12 18 24 03 01 0d 05 04 00 ...
12-17 19:33:00.892  5215  5215 D wpa_supplicant: 80:38:bc:0b:31:e1 freq=2412 qual=0 noise=-89~ level=-87 snr=2 flags=0xb age=30 est=6500
12-17 19:33:00.892  5215  5215 D wpa_supplicant: IEs - hexdump(len=194): 00 0f 48 75 61 77 65 69 2d 45 6d 70 6c 6f 79 65 65 01 08 82 84 0b 16 0c 12 18 24 03 01 01 05 04 ...
12-17 19:33:00.892  5215  5215 D wpa_supplicant: Beacon IEs - hexdump(len=194): 00 0f 48 75 61 77 65 69 2d 45 6d 70 6c 6f 79 65 65 01 08 82 84 0b 16 0c 12 18 24 03 01 01 05 04 ...
12-17 19:33:00.892  5215  5215 D wpa_supplicant: 80:38:bc:0a:f9:81 freq=2412 qual=0 noise=-89~ level=-88 snr=1 flags=0xb age=30 est=6500
12-17 19:33:00.892  1795  1813 E BatteryStatsService: no controller energy info supplied
12-17 19:33:00.893  5215  5215 D wpa_supplicant: IEs - hexdump(len=194): 00 0f 48 75 61 77 65 69 2d 45 6d 70 6c 6f 79 65 65 01 08 82 84 0b 16 0c 12 18 24 03 01 01 05 04 ...
12-17 19:33:00.893  5215  5215 D wpa_supplicant: Beacon IEs - hexdump(len=194): 00 0f 48 75 61 77 65 69 2d 45 6d 70 6c 6f 79 65 65 01 08 82 84 0b 16 0c 12 18 24 03 01 01 05 04 ...
12-17 19:33:00.893  5215  5215 D wpa_supplicant: 80:38:bc:0b:36:a1 freq=2472 qual=0 noise=-89~ level=-89 snr=0 flags=0xb age=30 est=6500
12-17 19:33:00.893  5215  5215 D wpa_supplicant: IEs - hexdump(len=194): 00 0f 48 75 61 77 65 69 2d 45 6d 70 6c 6f 79 65 65 01 08 82 84 0b 16 0c 12 18 24 03 01 0d 05 04 ...
12-17 19:33:00.893  5215  5215 D wpa_supplicant: Beacon IEs - hexdump(len=194): 00 0f 48 75 61 77 65 69 2d 45 6d 70 6c 6f 79 65 65 01 08 82 84 0b 16 0c 12 18 24 03 01 0d 05 04 ...
12-17 19:33:00.893  5215  5215 D wpa_supplicant: 80:38:bc:0a:f0:20 freq=2472 qual=0 noise=-89~ level=-90 snr=-1 flags=0xb age=30 est=6500
12-17 19:33:00.893  5215  5215 D wpa_supplicant: IEs - hexdump(len=193): 00 0e 77 6c 61 6e 61 63 63 65 73 73 76 32 2e 30 01 08 82 84 0b 16 0c 12 18 24 03 01 0d 05 04 00 ...
