12-17 19:33:10.584  1795  2691 D HwConnectivityService: handleFilterMsg action: 3mFilterMsgFlag3
12-17 19:33:10.584  1795  2691 D HwConnectivityService: [tiger]setBastetFilterInfo action 3pid 1000
12-17 19:33:10.584  1795  2691 D HwConnectivityService: stopFilter m_filterIsStarted:false
12-17 19:33:10.584  1795  1795 D HwConnectivityService: CtrlSocket processCtrlSocket pid = 1000 cmd = 100 param = 0 ret = 0
12-17 19:33:10.584  1795  1795 D HwConnectivityService: CtrlSocket restoreScrOnStatus reset
12-17 19:33:10.584  1795  5219 D WifiMonitor: Dispatching event to interface: wlan0
12-17 19:33:10.584  1795  5219 E WifiMonitor: WifiMonitor:wlan0 cnt=31023 dispatchEvent: CTRL-EVENT-SCAN-STARTED 
12-17 19:33:10.585  1795  2671 D WifiHW  : wifi_send_command: cmd:'IFNAME=wlan0 SIGNAL_POLL'
12-17 19:33:10.585  1795  2680 I AlarmManager: set(null) : type=2 triggerAtTime=442941948 win=11250 tElapsed=442941948 maxElapsed=442953198 interval=0 flags=0x8
12-17 19:33:10.585  5215  5215 D wpa_supplicant: wlan0: Control interface command 'SIGNAL_POLL'
12-17 19:33:10.585  1795 16499 D PowerManagerService: acquire lock=247092602, flags=0x1, tag="RILJ_ACK_WL", name=com.android.phone, ws=null, uid=1001, pid=3218
12-17 19:33:10.585  1795 16499 D PowerManagerService: ready=false,policy=3,wakefulness=1,wksummary=0x11,uasummary=0x1,bootcompleted=true,boostinprogress=false,waitmodeenable=false,mode=true,manual=33,auto=-1,adj=0.0userId=0
12-17 19:33:10.586  1795 16499 D PowerManagerService: Acquiring suspend blocker "PowerManagerService.WakeLocks".
12-17 19:33:10.588  1795  1795 I NotificationManager: mIntentReceiver-ACTION_SCREEN_ON
12-17 19:33:10.588  1795  1795 I NotificationManager: updateLightsLocked,mInCall =true,mScreenOn = true,ledNotification == null?false
12-17 19:33:10.588  1795  1795 I NotificationManager: updateLightsLocked,turn off notificationLight
12-17 19:33:10.588  1795  1795 I Sensor  : turn off notificationLight due to incall or screenon
12-17 19:33:10.588  1795  1795 I Sensor  : updateLight --> mIsNotificationExisting: false ledOnMS: 0 ledOffMS :0
12-17 19:33:10.588  1795  1795 I Sensor  : updateLightsLocked --> level:78, status:3
12-17 19:33:10.588  2852  2852 V KeyguardUpdateMonitor: KGSvcFp onAuthenticationError.5
12-17 19:33:10.588  1795  6988 D PowerManagerService: ready=false,policy=3,wakefulness=1,wksummary=0x11,uasummary=0x1,bootcompleted=true,boostinprogress=false,waitmodeenable=false,mode=true,manual=33,auto=-1,adj=0.0userId=0
12-17 19:33:10.588  1795  1795 I Sensor  : updateLightsLocked --> mBatteryLight.turnOff
12-17 19:33:10.588  2852  2852 W KeyguardUpdateMonitor: Fingerprint RunningStateChanged. 10
12-17 19:33:10.588  2852  2852 W StatusBarWindowManager: Apply window Height MATCH_PARENT
12-17 19:33:10.588  2852  2852 I StatusBarWindowManager: apply skiped :0
12-17 19:33:10.589  1795  3247 D PowerManagerService: ready=false,policy=3,wakefulness=1,wksummary=0x11,uasummary=0x1,bootcompleted=true,boostinprogress=false,waitmodeenable=false,mode=true,manual=33,auto=-1,adj=0.0userId=0
12-17 19:33:10.591  1046  9752 V ThreadsEx: HDebug print the key screen_state
12-17 19:33:10.592  1046  9752 D audio_hw_primary: adev_set_parameters: enter: screen_state=on
12-17 19:33:10.592  1046  9752 I Huawei_audio_cust: huawei_audio huawei_choose_HandsFree_device_incall_forHWtest: test Type =4
12-17 19:33:10.592  1046  9752 I Huawei_audio_cust: huawei_audio huawei_choose_Handset_device_incall_forHWtest: test Type =4
12-17 19:33:10.592  1046  9752 I Huawei_audio_cust: get_spk_pa_type: pa is max98925
12-17 19:33:10.592  1046  9752 I Huawei_audio_cust: huawei_common_set_parameters: exit with code(0)
12-17 19:33:10.592  1046  9752 V Huawei_audio_cust: huawei_cust_set_parameters: exit with code(0)
12-17 19:33:10.592  1046  9752 V msm8916_platform: platform_set_parameters: enter: - screen_state=on
12-17 19:33:10.592  1046  9752 V msm8916_platform: platform_set_parameters: exit with code(0)
12-17 19:33:10.592  1046  9752 D audio_hw_extn: audio_extn_set_anc_parameters: anc_enabled:0
12-17 19:33:10.592  1046  9752 D audio_hw_spkr_prot: audio_extn_fbsp_set_parameters: Speaker protection disabled
12-17 19:33:10.592  1046  9752 V audio_hw_primary: adev_set_parameters: exit with code(0)
12-17 19:33:10.592  1795 16500 D PowerManagerService: ready=false,policy=3,wakefulness=1,wksummary=0x11,uasummary=0x1,bootcompleted=true,boostinprogress=false,waitmodeenable=false,mode=true,manual=33,auto=-1,adj=0.0userId=0
12-17 19:33:10.592  3608  3608 I InCall  : InCallActivity - bgCallTwinkingSwitch is truemIsForegroundActivity is true
12-17 19:33:10.592  3608  3608 D InCall  : InCallPresenter - notifyInCallScreenIsForeground: true
12-17 19:33:10.592  3608  3608 I SendBroadcastPermission: action:InCallScreenIsForegroundActivity, mPermissionType:0
12-17 19:33:10.592   606  2379 E libteec : QSEECom_send_cmd return!
12-17 19:33:10.593   606  2379 E libteec : qsc_send_cmd finish
12-17 19:33:10.593   606  2379 E libteec : send data return = 128
12-17 19:33:10.593   835  2385 E libteec : receive data len = 128
12-17 19:33:10.593   835  2385 E libteec : begin
12-17 19:33:10.593   835  2385 E libteec : qsc_decode end
12-17 19:33:10.594  1795 17832 D PowerManagerService: ready=false,policy=3,wakefulness=1,wksummary=0x11,uasummary=0x1,bootcompleted=true,boostinprogress=false,waitmodeenable=false,mode=true,manual=33,auto=-1,adj=0.0userId=0
12-17 19:33:10.595  1795  1795 I AlarmManager: remove(PendingIntent{2f9e644: PendingIntentRecord{527f32d android broadcastIntent}}) changed bounds; rebatching
12-17 19:33:10.595  1795  1806 I HwActivityManagerService: Split enqueueing broadcast [callerApp]:ProcessRecord{ec55919 3608:com.android.incallui/1001}
12-17 19:33:10.596  3608  3608 D InCall  : StatusBarNotifier - cancelInCall()...
12-17 19:33:10.596  2852  2852 I StackScrollAlgorithm: overlapAmount:532.3814, previousNotificationEnd:258.0, newYTranslation:-274.3814, location:8, i:1, getTopPadding:499.0, getLocationOnScreen():-745
12-17 19:33:10.596  2852  2852 I StackScrollAlgorithm: state.clipTopAmount:508, i:1
12-17 19:33:10.597  2852  2852 I StackScrollAlgorithm: overlapAmount:219.11627, previousNotificationEnd:-28.381409, newYTranslation:-247.49768, location:8, i:2, getTopPadding:499.0, getLocationOnScreen():-745
12-17 19:33:10.597  2852  2852 I StackScrollAlgorithm: state.clipTopAmount:195, i:2
12-17 19:33:10.597  2852  2852 I StackScrollAlgorithm: updateClipping isOverlap:true
12-17 19:33:10.597  1795 11745 I SendBroadcastPermission: action:android.intent.action.SIG_STR, mPermissionType:0
12-17 19:33:10.597  2852  2852 I StackScrollAlgorithm: updateDimmedActivatedHideSensitive overlap:true
12-17 19:33:10.597  1795  1805 I NotificationManager: cancelNotificationWithTag pid 3608,uid = 1001,tag = null,pkg =com.android.incallui,id =2
12-17 19:33:10.598  3608  3608 D InCall  : StatusBarNotifier - updateInCallNotification: timer cleared
12-17 19:33:10.598  3608  3608 I InCall  : ProximitySensor - ProximitySensor{keybrd=0, dpad=0, offhook=1, hor=0, ui=1, aud=EARPIECE}
12-17 19:33:10.598  3608  3608 D InCall  : ProximitySensor - Turning on proximity sensor
12-17 19:33:10.598  3608  3608 I InCall  : ProximitySensor - Proximity wake lock already acquired
12-17 19:33:10.598  2852  3556 I NetworkController.MobileSignalController(0): onSignalStrengthsChanged signalStrength=SignalStrength: -63 0 -1 255 -1 255 -1 255 255 99 2147483647 2147483647 2147483647 2147483647 2147483647 false gw|lte level=5 isSuspend=false levelOld=5,mSignalStrength level=5
12-17 19:33:10.598  3608  3608 D InCall  : AnswerPresenter - onUiShowingtrue
12-17 19:33:10.599  3608  3608 D InCall  : AnswerPresenter - onCallListChange callList=com.android.incallui.CallList@86c7f97
12-17 19:33:10.599  3608  3608 D HwCust  : Create obj success use class com.android.incallui.HwCustAnswerPresenterImpl
12-17 19:33:10.599  2852  2914 I HwMobileSignalController: updateSignalStrength: signalStrength=SignalStrength: -63 0 -1 255 -1 255 -1 255 255 99 2147483647 2147483647 2147483647 2147483647 2147483647 false gw|lte
12-17 19:33:10.600  5215  5215 E wpa_supplicant: RSSI=-57;LINKSPEED=72;NOISE=9999;FREQUENCY=2452;
12-17 19:33:10.600  5215  5215 D wpa_supplicant: CTRL-DEBUG: global_ctrl_sock-sendto: sock=16 sndbuf=229376 outq=0 send_len=48
12-17 19:33:10.600  1795  2671 V HwWifiServiceFactory: get AllImpl object = com.android.server.wifi.HwWifiServiceFactoryImpl@c332618
12-17 19:33:10.600  1795  2671 E WifiConfigManager: updateConfiguration freq=2452 BSSID=80:38:bc:08:42:c1 RSSI=-57 "Huawei-Employee"WPA_EAP
12-17 19:33:10.600  1795  2671 D WifiStateMachine:  ConnectedState !CMD_SET_SUSPEND_OPT_ENABLED  rt=123074286/442926964 0 0
12-17 19:33:10.600  1795  2671 D WifiStateMachine:  L2ConnectedState !CMD_SET_SUSPEND_OPT_ENABLED  rt=123074286/442926964 0 0
12-17 19:33:10.600  1795  2671 D WifiStateMachine:  ConnectModeState !CMD_SET_SUSPEND_OPT_ENABLED  rt=123074287/442926964 0 0
12-17 19:33:10.601  1795  2671 D WifiStateMachine:  DriverStartedState !CMD_SET_SUSPEND_OPT_ENABLED  rt=123074287/442926964 0 0
12-17 19:33:10.601  1795  2671 D WifiHW  : wifi_send_command: cmd:'IFNAME=wlan0 DRIVER SETSUSPENDMODE 0'
12-17 19:33:10.601  5215  5215 D wpa_supplicant: wlan0: Control interface command 'DRIVER SETSUSPENDMODE 0'
12-17 19:33:10.601  1795  1795 I MQoS    : onSignal: mSubId=0,currDataSubID=0
12-17 19:33:10.601  1795  1795 I MQoS    : received cell-signal:5
12-17 19:33:10.601  1795  1795 I NotificationManager: cancelNotification,index:1
12-17 19:33:10.601  1795  1795 I NotificationManager: cancelNotification,cancelNotificationLocked,callingUid = 1001,callingPid = 3608
12-17 19:33:10.601  1795  1795 I NotificationManager: cancelNotificationLocked called,tell the app,reason = 8
12-17 19:33:10.601  1795  1795 I NotificationManager: cancelNotificationLocked:0|com.android.incallui|2|null|1001
12-17 19:33:10.602  3608  3608 D InCall  : AnswerPresenter - onCallListChange callList=com.android.incallui.CallList@86c7f97
12-17 19:33:10.602  1795  1795 I NotificationManager: cancelNotificationLocked,remove =com.android.incallui
12-17 19:33:10.602  1795  1795 I NotificationManager: updateLightsLocked,mInCall =true,mScreenOn = true,ledNotification == null?false
12-17 19:33:10.602  1795  1795 I NotificationManager: updateLightsLocked,turn off notificationLight
12-17 19:33:10.602  1795  1795 I Sensor  : turn off notificationLight due to incall or screenon
12-17 19:33:10.602  1795  1795 I Sensor  : updateLight --> mIsNotificationExisting: false ledOnMS: 0 ledOffMS :0
12-17 19:33:10.602  1795  1795 I Sensor  : updateLightsLocked --> level:78, status:3
12-17 19:33:10.602  1795  1795 I Sensor  : updateLightsLocked --> mBatteryLight.turnOff
12-17 19:33:10.602  1795  1795 D HwPFWLogger: PFW.HwPFWService:mBroadcastReceiver action = android.intent.action.SCREEN_ON
12-17 19:33:10.603  1795  2708 D HwPFWLogger: PFW.HwPFWService:handle PFW_MSG_SYSTEM
12-17 19:33:10.603  1795  2708 D HwPFWLogger: PFW.HwPFWAppRestartPolicy:receive action = android.intent.action.SCREEN_ON
12-17 19:33:10.604  3858  4126 I amsnl   : csr
12-17 19:33:10.604  3858  4126 I amsnl   : t:false, fl: false, p: 2147483647000, ce: true, we: true
12-17 19:33:10.606  2852  2852 I BackgrounCallingLayout: simCount:2 phoneState:2
12-17 19:33:10.606  2852  2914 I HwMobileSignalController: subId:0 phoneType:1 networktype:16 targetClass:1 masterLevel:5 slaveLevel:-1
