12-17 19:31:39.958  1795  1825 I PowerManager_screenOn: DisplayPowerStatesetScreenState: state=1
12-17 19:31:39.958  1795  1825 D FpDataCollector: DisplayPowerState :OFF
12-17 19:31:39.958  1795  2750 I HwLightsService: back light level before map = 0
12-17 19:31:39.959  1795  2750 D HW_DISPLAY_EFFECT: presently, hw_update_color_temp_for_rg_led interface not achieved.
12-17 19:31:39.960  2852  2925 I EventCenter: ContentChange for slot: 1
12-17 19:31:39.960  2852  2852 I HwBrightnessController: onChange selfChange:false uri.toString():content://settings/system/screen_auto_brightness mIsObserveAutoBrightnessChange:true
12-17 19:31:39.961  2852  2852 I HwBrightnessUtils: APS brightness=0.0,ConvertToPercentage=NaN
12-17 19:31:39.961  2852  2852 I HwBrightnessUtils:  getSeekBarProgress isAutoMode:true current brightness:0 percentage:NaN
12-17 19:31:39.961  2852  2852 I HwBrightnessController: updateSlider1 seekBarProgress:0
12-17 19:31:39.961  2852  2852 I HwBrightnessController: updateSlider2 seekBarProgress:0
12-17 19:31:39.962  2852  2852 I ToggleSlider:  mSeekListener onProgressChanged progress:0 fromUser:false
12-17 19:31:39.962  2852  2852 I ToggleSlider:  mSeekListener onProgressChanged progress:0 fromUser:false
12-17 19:31:39.967  1795  3253 I NotificationManager: enqueueNotificationInternal: pkg=com.android.incallui id=2 notification=Notification(pri=2 contentView=null vibrate=null sound=null defaults=0x0 flags=0x2 color=0x00000000 actions=3 vis=PRIVATE publicVersion=Notification(pri=0 contentView=null vibrate=null sound=null defaults=0x0 flags=0x0 color=0xff33b5e5 vis=PRIVATE))
12-17 19:31:39.974  1795  1825 D HwAmbientLuxFilterAlgo: clear buffer data and algo flags
12-17 19:31:39.974  1795  1825 D lux trace:: [9.0/123011631, 8.0/123011983, 9.0/123012336, 10.0/123012689]
12-17 19:31:39.974  1795  1795 I NotificationManager: enqueueNotificationInternal: n.getKey = 0|com.android.incallui|2|null|1001
12-17 19:31:39.974  1795  1825 D Sensors : activate called handle:3 enable:0
12-17 19:31:39.974  1795  1825 D Sensors : bh1745-light calling driver disable
12-17 19:31:39.974  1795  1825 W LightSensor: LightSensor, enable, 283: en=0
12-17 19:31:39.974  1795  1825 W LightSensor: LightSensor, enable, 284: flags=0
12-17 19:31:39.974  1795  1825 W LightSensor: LightSensor, enable, 285: mEnabled=1
12-17 19:31:39.974  1795  1825 E LightSensor: LightSensor disable, event occur num: 5
12-17 19:31:39.975  1795  1795 V NotificationService: disableEffects=null canInterrupt=false once update: false
12-17 19:31:39.978  1795  1825 D AutomaticBrightnessController: Disable LightSensor at time:123013150
12-17 19:31:39.978  1795  1825 D DisplayPowerController: mode change : autoBrightnessEnabled=false,adjustment=0.0,state=1
12-17 19:31:39.978  1795  1825 D DisplayPowerController: Animating brightness: target=0, rate=0
12-17 19:31:39.978  1795  2750 I PowerManager_screenOn: DisplayPowerState Updating screen state: state=OFF, backlight=0
12-17 19:31:39.979  1795  1821 I DisplayManagerService: Display device changed state: "内置屏幕", OFF
12-17 19:31:39.979   612   612 D SurfaceFlinger: Set power mode=0, type=0 flinger=0x7f9a25b400
12-17 19:31:39.979   612   612 I SDM     : HWCDisplay::SetPowerMode: display = 0, mode = 0
12-17 19:31:39.979   612   612 I SDM     : DisplayBase::SetDisplayState: Set state = 0, display 0
12-17 19:31:39.979  1795  1825 I PowerManager_screenOn: DisplayPowerController updatePowerState mPendingRequestLocked=policy=OFF, useProximitySensor=true, useProximitySensorbyPhone=true, screenBrightness=33, screenAutoBrightnessAdjustment=0.0, brightnessSetByUser=true, useAutoBrightness=true, blockScreenOn=false, lowPowerMode=false, boostScreenBrightness=false, dozeScreenBrightness=-1, dozeScreenState=UNKNOWN, useTwilight=false, useSmartBacklight=true, brightnessWaitMode=false, brightnessWaitRet=true, screenAutoBrightness=-1, userId=0
12-17 19:31:39.979  1795  1795 D DeviceIdleController: updateDisplayLocked: screenOn=false
12-17 19:31:39.979  1795  1795 D DeviceIdleController: becomeInactiveIfAppropriateLocked()
12-17 19:31:39.979  1795  1795 D DeviceIdleController: Moved from STATE_ACTIVE to STATE_INACTIVE
12-17 19:31:39.979  1795  1795 D DeviceIdleController: stopMonitoringMotionLocked()
12-17 19:31:39.979  1795  1795 D DeviceIdleController: scheduleAlarmLocked(1800000, false)
12-17 19:31:39.979  1795  1825 D DisplayPowerController: Animating brightness: target=0, rate=0
12-17 19:31:39.979  1795  1795 I AlarmManager: set(null) : type=2 triggerAtTime=444636343 win=1350000 tElapsed=444636343 maxElapsed=445986343 interval=0 flags=0x8
12-17 19:31:39.980  1795  1795 D DeviceIdleController: Moved from LIGHT_STATE_ACTIVE to LIGHT_STATE_INACTIVE
12-17 19:31:39.980  1795  1795 D DeviceIdleController: scheduleLightAlarmLocked(300000)
12-17 19:31:39.980  1795  1795 I AlarmManager: set(null) : type=2 triggerAtTime=443136343 win=225000 tElapsed=443136343 maxElapsed=443361343 interval=0 flags=0x8
12-17 19:31:39.980   832   832 E Parcel  : Reading a NULL string not supported here.
12-17 19:31:39.980   832   832 E Parcel  : Reading a NULL string not supported here.
12-17 19:31:39.981  1795 15982 D PowerManagerService: ready=false,policy=0,wakefulness=0,wksummary=0x11,uasummary=0x0,bootcompleted=true,boostinprogress=false,waitmodeenable=false,mode=true,manual=33,auto=-1,adj=0.0userId=0
12-17 19:31:39.982  3608  3608 I InCall  : ProximitySensor - ProximitySensor{keybrd=0, dpad=0, offhook=1, hor=0, ui=1, aud=EARPIECE}
12-17 19:31:39.982  3608  3608 D InCall  : ProximitySensor - Turning on proximity sensor
12-17 19:31:39.982  3608  3608 I InCall  : ProximitySensor - Proximity wake lock already acquired
12-17 19:31:39.982  3608  3608 D InCall  : AnswerPresenter - onUiShowingfalse
12-17 19:31:39.982  3608  3608 D InCall  : GlowPadAnswerFragment - Show answer UI: false
12-17 19:31:39.983  3608  3608 D InCall  : GlowPadWrapper - stopPing
12-17 19:31:39.983  3608  3608 I InCall  : GlowPadAnswerFragment - showVideoAnswerButtonfalsefalse
12-17 19:31:39.984  1795  1821 I WindowManger_keyguard: Setting mDismissKeyguard true by win Window{e6a6b5e u0 com.android.incallui/com.android.incallui.InCallActivity}
12-17 19:31:39.984  1795  3121 I ActivityManager_activity: Moving to PAUSED: ActivityRecord{b46dc67 u0 com.android.incallui/.InCallActivity t310} (pause complete)
12-17 19:31:39.985  1795  1806 D PowerManagerService: ready=false,policy=0,wakefulness=0,wksummary=0x11,uasummary=0x0,bootcompleted=true,boostinprogress=false,waitmodeenable=false,mode=true,manual=33,auto=-1,adj=0.0userId=0
12-17 19:31:39.989  1795  3139 D PowerManagerService: ready=false,policy=0,wakefulness=0,wksummary=0x11,uasummary=0x0,bootcompleted=true,boostinprogress=false,waitmodeenable=false,mode=true,manual=33,auto=-1,adj=0.0userId=0
12-17 19:31:39.989  1795  3225 D PowerManagerService: ready=false,policy=0,wakefulness=0,wksummary=0x11,uasummary=0x0,bootcompleted=true,boostinprogress=false,waitmodeenable=false,mode=true,manual=33,auto=-1,adj=0.0userId=0
12-17 19:31:39.991  2852  2852 I StatusBar: onNotificationPosted: StatusBarNotification(pkg=com.android.incallui user=UserHandle{0} id=2 tag=null key=0|com.android.incallui|2|null|1001: Notification(pri=2 contentView=null vibrate=null sound=null defaults=0x0 flags=0x2 color=0x00000000 actions=3 vis=PRIVATE publicVersion=Notification(pri=0 contentView=null vibrate=null sound=null defaults=0x0 flags=0x0 color=0xff33b5e5 vis=PRIVATE))) important=2, post=1481974299968, when=1481974245373, vis=0, userid=0
12-17 19:31:39.991  2852  2852 I PhoneStatusBar: addNotification key=0|com.android.incallui|2|null|1001
12-17 19:31:39.992  2852  2852 D HwCust  : Create obj success use class android.app.HwCustNotificationImpl
12-17 19:31:39.992  2852  2852 I StatusBarIconView: updateTint: tint=0
12-17 19:31:39.992  2852  2852 I BadgedIconHelper: isCloneProcess = false
12-17 19:31:39.992  2852  2852 I StatusBarIconView: updateTint: tint=0
12-17 19:31:39.993  2852  2852 I BadgedIconHelper: isCloneProcess = false
12-17 19:31:39.993  2852  2852 D HwCust  : Create obj success use class android.app.HwCustNotificationImpl
12-17 19:31:39.995  2852  2852 I BadgedIconHelper: isCloneProcess = false
12-17 19:31:39.996  2852  2852 D HwCust  : Create obj success use class android.app.HwCustNotificationImpl
12-17 19:31:39.998  2852  2852 D HwCust  : Create obj success use class android.app.HwCustNotificationImpl
12-17 19:31:39.998  2852  2852 I StatusBarIconView: updateTint: tint=1
12-17 19:31:39.999  2852  2852 D HwCust  : Create obj success use class com.android.systemui.statusbar.HwCustExpandableNotificationRowImpl
12-17 19:31:40.004  2852  2852 W HwPhoneLayoutInflater: onCreateView : ClassNotFoundException, In this case we want to let the base class take a crack at it
12-17 19:31:40.004  2852  2852 W HwPhoneLayoutInflater: onCreateView : ClassNotFoundException, In this case we want to let the base class take a crack at it
12-17 19:31:40.009  2852  2852 W HwPhoneLayoutInflater: onCreateView : ClassNotFoundException, In this case we want to let the base class take a crack at it
12-17 19:31:40.009  2852  2852 W HwPhoneLayoutInflater: onCreateView : ClassNotFoundException, In this case we want to let the base class take a crack at it
12-17 19:31:40.015  2852  2852 W HwPhoneLayoutInflater: onCreateView : ClassNotFoundException, In this case we want to let the base class take a crack at it
12-17 19:31:40.015  2852  2852 W HwPhoneLayoutInflater: onCreateView : ClassNotFoundException, In this case we want to let the base class take a crack at it
12-17 19:31:40.018  2852  2852 W HwPhoneLayoutInflater: onCreateView : ClassNotFoundException, In this case we want to let the base class take a crack at it
12-17 19:31:40.019  2852  2852 W HwPhoneLayoutInflater: onCreateView : ClassNotFoundException, In this case we want to let the base class take a crack at it
12-17 19:31:40.023  2852  2852 W HwPhoneLayoutInflater: onCreateView : ClassNotFoundException, In this case we want to let the base class take a crack at it
12-17 19:31:40.024  2852  2852 W HwPhoneLayoutInflater: onCreateView : ClassNotFoundException, In this case we want to let the base class take a crack at it
12-17 19:31:40.030  2852  2852 W HwPhoneLayoutInflater: onCreateView : ClassNotFoundException, In this case we want to let the base class take a crack at it
12-17 19:31:40.030  2852  2852 W HwPhoneLayoutInflater: onCreateView : ClassNotFoundException, In this case we want to let the base class take a crack at it
12-17 19:31:40.042  2852  2852 W HwPhoneLayoutInflater: onCreateView : ClassNotFoundException, In this case we want to let the base class take a crack at it
12-17 19:31:40.042  2852  2852 W HwPhoneLayoutInflater: onCreateView : ClassNotFoundException, In this case we want to let the base class take a crack at it
12-17 19:31:40.047  2852  2852 W HwPhoneLayoutInflater: onCreateView : ClassNotFoundException, In this case we want to let the base class take a crack at it
12-17 19:31:40.048  2852  2852 W HwPhoneLayoutInflater: onCreateView : ClassNotFoundException, In this case we want to let the base class take a crack at it
12-17 19:31:40.057  2852  2852 W HwPhoneLayoutInflater: onCreateView : ClassNotFoundException, In this case we want to let the base class take a crack at it
12-17 19:31:40.057  2852  2852 W HwPhoneLayoutInflater: onCreateView : ClassNotFoundException, In this case we want to let the base class take a crack at it
12-17 19:31:40.068  2852  2852 W HwPhoneLayoutInflater: onCreateView : ClassNotFoundException, In this case we want to let the base class take a crack at it
12-17 19:31:40.069  2852  2852 W HwPhoneLayoutInflater: onCreateView : ClassNotFoundException, In this case we want to let the base class take a crack at it
12-17 19:31:40.076  2852  2852 W HwPhoneLayoutInflater: onCreateView : ClassNotFoundException, In this case we want to let the base class take a crack at it
12-17 19:31:40.076  2852  2852 W HwPhoneLayoutInflater: onCreateView : ClassNotFoundException, In this case we want to let the base class take a crack at it
12-17 19:31:40.162  1795  1804 I art     : Background partial concurrent mark sweep GC freed 83937(5MB) AllocSpace objects, 37(772KB) LOS objects, 13% free, 52MB/60MB, paused 2.901ms total 194.523ms
12-17 19:31:40.189  1795  2750 D SurfaceControl: Excessive delay in setPowerMode(): 210ms
12-17 19:31:40.189  1795  2750 D PowerManagerService: Setting HAL interactive mode to false
12-17 19:31:40.189  1795  2750 I QTI PowerHAL: Got set_interactive hint
12-17 19:31:40.190   625   718 E libnav  : AbaSuspend skips CABL deactivate: state was 3
12-17 19:31:40.190   533  3739 E ANDR-PERF-MPCTL: Invalid profile no. 0, total profiles 0 only
12-17 19:31:40.190  1795  2750 D libfingersense_wrapper: Calling fingersense_on_pause()
12-17 19:31:40.191  1795  2750 D libfingersense_wrapper: fingersense_on_pause() finished
