12-17 19:33:42.220   835  2385 E libteec : receive data len = 128
12-17 19:33:42.220   835  2385 E libteec : begin
12-17 19:33:42.220   835  2385 E libteec : qsc_decode end
12-17 19:33:42.220   835  2385 D fpc_fingerprint_hal: worker idle
12-17 19:33:42.220  1795  2326 W FingerprintService: client com.android.systemui is no longer authenticating
12-17 19:33:42.220  1795  2326 W FingerprintService: onError 2
12-17 19:33:42.220  1795  2326 V FingerprintService: ClientMonitor destroy
12-17 19:33:42.220  1795  2326 V FingerprintService: Done with client: com.android.systemui
12-17 19:33:42.220  1795  2326 V FingerprintService: handleError(client=com.android.systemui, error = 5)
12-17 19:33:42.221   835  2385 D fpc_fingerprint_hal: workerFunction STATE_CANCEL
12-17 19:33:42.221   835  2385 E libteec : begin
12-17 19:33:42.221   606  2379 E libteec : receive data len = 128
12-17 19:33:42.227  2852  2852 V KeyguardUpdateMonitor: KGSvcFp onAuthenticationError.5
12-17 19:33:42.228  2852  2852 W KeyguardUpdateMonitor: Fingerprint RunningStateChanged. 10
12-17 19:33:42.228  2852  2852 W StatusBarWindowManager: Apply window Height 72
12-17 19:33:42.228  2852  2852 I StatusBarWindowManager: apply skiped :0
12-17 19:33:42.230   606  2379 E libteec : QSEECom_send_cmd return!
12-17 19:33:42.230   606  2379 E libteec : qsc_send_cmd finish
12-17 19:33:42.230   606  2379 E libteec : send data return = 128
12-17 19:33:42.230   835  2385 E libteec : receive data len = 128
12-17 19:33:42.230   835  2385 E libteec : begin
12-17 19:33:42.230   835  2385 E libteec : qsc_decode end
12-17 19:33:42.230   835  2385 D fpc_fingerprint_hal: workerFunction STATE_NAVIGATION
12-17 19:33:42.230   835  2385 E libteec : begin
12-17 19:33:42.230   606  2379 E libteec : receive data len = 128
12-17 19:33:42.234  1795  3139 W ActivityManager: getRunningAppProcesses: caller 10102 does not hold REAL_GET_TASKS; limiting output
12-17 19:33:42.236  1795  1825 I WindowManger_keyguard: Setting mDismissKeyguard true by win Window{e6a6b5e u0 com.android.incallui/com.android.incallui.InCallActivity}
12-17 19:33:42.242   606  2379 E libteec : QSEECom_send_cmd return!
12-17 19:33:42.242   606  2379 E libteec : qsc_send_cmd finish
12-17 19:33:42.242   606  2379 E libteec : send data return = 128
12-17 19:33:42.243   835  2385 E libteec : receive data len = 128
12-17 19:33:42.243   835  2385 E libteec : begin
12-17 19:33:42.243   835  2385 E libteec : qsc_decode end
12-17 19:33:42.251  1795  1825 I ActivityManager_activity: completedResumed: ActivityRecord{b46dc67 u0 com.android.incallui/.InCallActivity t310}, launchTrack: outofsleep resumeTopComplete
12-17 19:33:42.254  1795  1825 I WindowManger_keyguard: Screen turned on for keyguard
12-17 19:33:42.254  1795  1825 I PowerManager_screenOn: KeyguardServiceDelegate  onScreenTurnedOn(showListener = com.android.server.policy.PhoneWindowManager$3@bf53b21)
12-17 19:33:42.254  2852  3328 D KeyguardService: Caller checkPermission fail
12-17 19:33:42.254  2852  3328 D KeyguardService: KGSvcCall onScreenTurningOn.
12-17 19:33:42.254  2852  3328 D KeyguardViewMediator: notifyScreenOn
12-17 19:33:42.255  2852  2852 D KeyguardViewMediator: handleNotifyScreenTurningOn
12-17 19:33:42.255  2852  2852 I PhoneStatusBar: onScreenTurningOn
12-17 19:33:42.255  2852  2852 D KeyguardViewMediator: handleNotifyScreenTurnedOn End with : 96
12-17 19:33:42.255  1795  6986 I WindowManger_keyguard: **** SHOWN CALLED ****
12-17 19:33:42.255  1795  1795 I HwActivityManagerService: Split enqueueing broadcast [callerApp]:ProcessRecord{34bf34f 0:system/1000}
12-17 19:33:42.255  1795  6986 D WindowManager: mKeyguardDelegate.ShowListener.onDrawn.
12-17 19:33:42.255  1795  6986 I WindowManger_keyguard: hideScrim()
12-17 19:33:42.255  1795  1795 I ActivityManager_broadcast: Enqueueing ordered broadcast[foreground] BroadcastRecord{c2d4e60 u-1 android.intent.action.SCREEN_ON}: prev had 0
12-17 19:33:42.256  1795  1819 D NetworkManagement: notifyInterfaceClassActivity: client is com.android.server.connectivity.Vpn$2@e40aefb
12-17 19:33:42.256  1795  1819 D NetworkManagement: notifyInterfaceClassActivity: client is com.android.server.ethernet.EthernetNetworkFactory$InterfaceObserver@fccfd35
12-17 19:33:42.256  1795  1819 D NetworkManagement: notifyInterfaceClassActivity: client is com.android.server.connectivity.Tethering@ff4a50f
12-17 19:33:42.256  1795  1821 I ActivityManager_activity: Incall is gone
12-17 19:33:42.256  1795  1821 I ActivityManager_activity: windowsGone(): ActivityRecord{b46dc67 u0 com.android.incallui/.InCallActivity t310}
12-17 19:33:42.257  1795  1808 I ActivityManager_broadcast: dispatch ordered broadcast [foreground] BroadcastRecord{c2d4e60 u-1 android.intent.action.SCREEN_ON}, has 57 receivers
12-17 19:33:42.258  2852  2852 I PhoneStatusBar: setSystemUiVisibility vis=c0000600 mask=ffffffff oldVal=c0000300 newVal=c0000600 diff=500
12-17 19:33:42.258  2852  2852 I PhoneStatusBar: notifyUiVisibilityChanged:vis=0xc0000600, SystemUiVisibility=0xc0000600
12-17 19:33:42.258  1795  1825 D HwNormalizedAutomaticBrightnessController: set power status:mPowerStatus=false,powerStatus=true
12-17 19:33:42.258  3608  3608 D InCall  : InCallActivity - onStart()...
12-17 19:33:42.258  1795  1809 D HwPhoneWindowManager: Transact:setSystemUIColor to status bar service
12-17 19:33:42.259  2852  2822 I CommandQueue: updateBarBgColor
12-17 19:33:42.259  2852  2822 D CommandQueue: CommandQueue, setBarBackgroundColor
12-17 19:33:42.259  1795  1825 D Sensors : batch called handle:3 sample_ns:300000000 latency_ns:0
12-17 19:33:42.259  1795  1825 D Sensors : activate called handle:3 enable:1
12-17 19:33:42.259  1795  1825 D Sensors : bh1745-light calling driver setDelay 300 ms
12-17 19:33:42.259  1795  1825 D Sensors : bh1745-light calling driver enable
12-17 19:33:42.259  1795  1825 W LightSensor: LightSensor, enable, 283: en=1
12-17 19:33:42.259  1795  1825 W LightSensor: LightSensor, enable, 284: flags=1
12-17 19:33:42.259  1795  1825 W LightSensor: LightSensor, enable, 285: mEnabled=0
12-17 19:33:42.259  2852  2852 I TintManager: updateBarBgColor:emuiStyle=1,statusBarColor=#00000000,navigationBarColor=#00000000, isEmuiLight=1
12-17 19:33:42.259  2852  2852 I HwPhoneStatusBarTransitions: setBackgroundColor:new=0, old=-16777216
12-17 19:33:42.260  2852  2852 I HwNavigationBarTransitions: setBackgroundColor:new=0, old=0
12-17 19:33:42.260  1795  1809 I PowerManager_screenOn: finishKeyguardDrawn -> waitForAllWindowsDrawn
12-17 19:33:42.260  2852  2852 D TintManager: statusBarIconTint=#B3FFFFFF,navigationBarIconTint=#00000000
12-17 19:33:42.261  1795 15987 D ActivityManager: setExcludeFromRecents:pkgName=null
12-17 19:33:42.262  1795  1825 D AutomaticBrightnessController: Enable LightSensor at time:mLightSensorEnableTime=123084815,mLightSensorEnableElapsedTimeNanos=442958622174061
12-17 19:33:42.262  1795  1825 D AutomaticBrightnessController: mAmbientLuxValid= false,sensor is not ready
12-17 19:33:42.262  1795  1825 D DisplayPowerController: mode change : autoBrightnessEnabled=true,adjustment=0.0,state=2
12-17 19:33:42.262  1795  1825 D HwNormalizedAutomaticBrightnessController: mWakeupFromSleep= true,currentTime=123084815,mLightSensorEnableTime=123084811
12-17 19:33:42.262  1795  1825 D DisplayPowerController: Animating brightness: target=-1, rate=0
12-17 19:33:42.262  1795  1825 D DisplayPowerController: Unfinished business...
12-17 19:33:42.262  1795  2750 I PowerManager_screenOn: DisplayPowerState Updating screen state: state=ON, backlight=0
12-17 19:33:42.262  1795  2750 D PowerManagerService: Setting HAL auto-suspend mode to false
12-17 19:33:42.262  1795  1809 I PowerManager_screenOn: waitForAllWindowsDrawn  cover is open or null
12-17 19:33:42.263  1795  2750 D PowerManagerService: Setting HAL interactive mode to true
12-17 19:33:42.263  1795  2750 I QTI PowerHAL: Got set_interactive hint
12-17 19:33:42.263  1795  2750 D libfingersense_wrapper: Calling fingersense_on_resume()
12-17 19:33:42.263  1795  2750 D libfingersense_wrapper: fingersense_on_resume() finished
12-17 19:33:42.263   832  1840 E Parcel  : Reading a NULL string not supported here.
12-17 19:33:42.263   832  1840 E Parcel  : Reading a NULL string not supported here.
12-17 19:33:42.263   836  2387 I knuckle_sensor: Sending SAM_ENABLE to fs_data
12-17 19:33:42.265  3608  3608 D InCall  : InCallPresenter - onActivityStarted
12-17 19:33:42.265  3608  3608 D InCall  : InCallPresenter - notifyVideoPauseController
12-17 19:33:42.265  3608  3608 D InCall  : VideoPauseController: - VideoPauseController:onResume
12-17 19:33:42.265  3608  3608 D InCall  : VideoPauseController: - VideoPauseController:onResume. Ignoring...
12-17 19:33:42.265  3608  3608 D InCall  : InCallActivity - doOrientationChanged prevOrientation=1 newOrientation=1
12-17 19:33:42.265  3608  3608 D InCall  : InCallActivity - onStart()... end
12-17 19:33:42.265  3608  3608 I InCall  : InCallActivity - onResume()...
12-17 19:33:42.266   612   612 D SurfaceFlinger: Set power mode=2, type=0 flinger=0x7f9a25b400
12-17 19:33:42.266   612   612 I SDM     : HWCDisplay::SetPowerMode: display = 0, mode = 2
12-17 19:33:42.266   612   612 I SDM     : DisplayBase::SetDisplayState: Set state = 1, display 0
12-17 19:33:42.267   836   928 I knuckle_sensor: Got ENABLE response, status = 0, id = 74
