12-17 19:31:42.656  1795  3884 I AlarmManager: set(PendingIntent{fe90152: PendingIntentRecord{7f86237 com.huawei.espacev2 broadcastIntent}}) : type=0 triggerAtTime=1481974602655 win=0 tElapsed=443139018 maxElapsed=443139018 interval=300000 flags=0x1
12-17 19:31:42.656  2852  2852 I NotificationContentView: transferRemoteInputFocus: 0
12-17 19:31:42.657  2852  2852 I StackScrollAlgorithm: updateClipping isOverlap:false
12-17 19:31:42.657  2852  2852 I StackScrollAlgorithm: updateDimmedActivatedHideSensitive overlap:false
12-17 19:31:42.661 31949 31967 I eSpaceService: WatchThread{4786} TcpCirChannel.shutdown(TcpCirChannel.java:257) Login_By_Step-> shut down now connect
12-17 19:31:42.662 31949 31967 I ECS     : WatchThread{4786} TcpClient.clearAll(TcpClient.java:240) ==================== TCP CLIENT CLEAR ALL ====================
12-17 19:31:42.662 31949 31985 I PushService: connect :true
12-17 19:31:42.663 31949 31967 I ECS     : WatchThread{4786} TcpClient.disconnect_i(TcpClient.java:202) ==================== TCP CLIENT DISCONNECT ====================
12-17 19:31:42.663 10324 10324 D MagicLink: MagicLink2-BroadcastReceiver:====>ACTION_SCREEN_ON
12-17 19:31:42.664 31949 31967 I TCP     : WatchThread{4786} TcpClientThread.disconnectSocket(TcpClientThread.java:369) disconnecting to uc.huawei.com:7801
12-17 19:31:42.665 31949 31967 I TCP     : WatchThread{4786} TcpSocket.close(TcpSocket.java:158) shutdown output: java.net.SocketException: Socket is closed
12-17 19:31:42.666  1795  2748 D HwAmbientLuxFilterAlgo: earliestValidTime + POWER_ON_BRIGHTENING_LIGHT_DEBOUNCE
12-17 19:31:42.666 31949 31967 I TCP     : WatchThread{4786} TcpSocket.close(TcpSocket.java:170) shutdown input: java.net.SocketException: Socket is closed
12-17 19:31:42.666  1795  2748 D HwAmbientLuxFilterAlgo: earliestValidTime + POWER_ON_DARKENING_LIGHT_DEBOUNCE
12-17 19:31:42.666  5215  5215 D wpa_supplicant: CTRL-DEBUG: global_ctrl_sock-sendto: sock=16 sndbuf=229376 outq=0 send_len=34
12-17 19:31:42.666  5215  5215 D wpa_supplicant: nl80211: Event message available
12-17 19:31:42.666  5215  5215 D wpa_supplicant: nl80211: Drv Event 79 (NL80211_CMD_SET_REKEY_OFFLOAD) received for wlan0
12-17 19:31:42.666  5215  5215 D wpa_supplicant: nl80211: Rekey offload event for BSSID 80:38:bc:08:42:c1
12-17 19:31:42.666  5215  5215 D wpa_supplicant: nl80211: Rekey offload - Replay Counter - hexdump(len=8): 00 00 00 00 00 00 00 02
12-17 19:31:42.666  5215  5215 D wpa_supplicant: wlan0: Event DRIVER_GTK_REKEY (35) received
12-17 19:31:42.667 31949 31967 I TCP     : WatchThread{4786} TcpClientThread.closeSocket(TcpClientThread.java:396) closed socket.
12-17 19:31:42.667  1795  2728 E HwCHRWebMonitor: HwCHRWifiPacketCnt [mTXGood=15, mTXbad=0, mRXGood=16] rssi=-55
12-17 19:31:42.668 31949 31967 I eSpaceService: WatchThread{4786} TcpCirChannel.connect(TcpCirChannel.java:219) Connect to server  address = [uc.huawei.com,]  port = 7801
12-17 19:31:42.669 31949 31967 I ECS     : WatchThread{4786} TcpClient.clearAll(TcpClient.java:240) ==================== TCP CLIENT CLEAR ALL ====================
12-17 19:31:42.670 31949 31967 I ECS     : WatchThread{4786} TcpClient.connect(TcpClient.java:162) ==================== TCP CLIENT CONNECT [2] ====================
12-17 19:31:42.670  1795  2728 E HwCHRWebMonitor: running processName=com.android.incallui
12-17 19:31:42.671 31949 31967 I TCP     : WatchThread{4786} TcpClientThread.connect(TcpClientThread.java:52) will connect to uc.huawei.com:7801
12-17 19:31:42.672 31949 31967 I TCP     : tcp.conn{4787} TcpClientThread.connectSocket(TcpClientThread.java:349) connecting max 30000ms to uc.huawei.com:7801
12-17 19:31:42.673 31949 31967 W TCP     : tcp.recv{4790} TcpSocket.read(TcpSocket.java:242) <<< WARN(5) >>> java.net.SocketException: Socket closed
12-17 19:31:42.674 31949 31967 I TCP     : tcp.conn{4787} TcpSocket.connect_i(TcpSocket.java:84) connecting to ip address uc.huawei.com/172.30.70.63
12-17 19:31:42.675  1795  2728 E HwCHRWebMonitor: HwCHRWifiUIDWebSpeed [appName=com.huawei.espacev2 UID=10102  WEBSENDSEGS=0  WEBRESENDSEGS=0  WEBRECVSEGS=0  WEBERRSEGS=0  WEBOUTRSTS=0  WEBESTABLISRST=0  WEBRTTDURATION=0  WEBRTTSEGS=0  WEBSNDDUPACKS=0  suckTimes=0 recovage_times=0]
12-17 19:31:42.675 16354 16354 E HwSystemManager: MemCPUMonitor:startTimerMonitor isCompleted = true
12-17 19:31:42.675  1795  2728 D HwArpVerifier: doCheckAccessInternet
12-17 19:31:42.675  1795  2728 D HwArpVerifier: mAccessWebStatus : rx = 0, tx = 0
12-17 19:31:42.675  1795  2728 D HwArpVerifier: getDNSFailedCntDiff  dnsNewFailCnt =  1001, aws.getOldDnsFailedCnt() = 1001, dnsDiff = 0
12-17 19:31:42.677 31949 31967 E TCP     : tcp.recv{4790} TcpClientThread.readSocket(TcpClientThread.java:452) <<< ERROR(6) >>> socket read length failure -104
12-17 19:31:42.677 31949 31967 I TCP     : tcp.recv{4790} TcpClientThread.onReceiverWork(TcpClientThread.java:314) disconnected
12-17 19:31:42.678 31949 31967 I TCP     : tcp.conn{4787} TcpClientThread.connectSocket(TcpClientThread.java:360) notify user tcp connected successully at 36825 to uc.huawei.com:7801
12-17 19:31:42.678 31949 31967 I TCP     : tcp.conn{4787} TcpClientThread.onRecv(TcpClientThread.java:522) tcp connection event TCP_CONNECTED
12-17 19:31:42.683 17238 17238 D Bth     : BtChrStatisticsManager:sendScreenOnEvent enter.
12-17 19:31:42.683 17238 17252 D Bth     : BtChrStatisticsManager:msg Loop is running.
12-17 19:31:42.697  1795  2332 I qti_sensors_hal: [ACC]processReportInd: X: 6.068173 Y: 7.677969 Z: -0.181566  x_offset:0.160831 y_offset:0.184366 z_offset:0.985027
12-17 19:31:42.707  1795  1795 D PowerManagerService: Releasing suspend blocker "PowerManagerService.Broadcasts".
12-17 19:31:42.711  1795  6988 W ActivityManager: getRunningAppProcesses: caller 10105 does not hold REAL_GET_TASKS; limiting output
12-17 19:31:42.753  1795  2332 I qti_sensors_hal: [ACC]processReportInd: X: 6.124875 Y: 7.693091 Z: -0.513947  x_offset:0.160831 y_offset:0.184366 z_offset:0.985027
12-17 19:31:42.764  1795  2371 E LightSensor: read Events lux: 15.0
12-17 19:31:42.765  1795  1825 D AutomaticBrightnessController: ambient lux=15.0,timeStamp =442839128133000
12-17 19:31:42.814  1795  2332 I qti_sensors_hal: [ACC]processReportInd: X: 5.743955 Y: 7.603293 Z: -0.541888  x_offset:0.160831 y_offset:0.184366 z_offset:0.985027
12-17 19:31:42.875  1795  2332 I qti_sensors_hal: [ACC]processReportInd: X: 6.613553 Y: 7.867957 Z: 0.134070  x_offset:0.160831 y_offset:0.184366 z_offset:0.985027
12-17 19:31:42.887  1795  1795 D Sensors : batch called handle:2 sample_ns:20000000 latency_ns:0
12-17 19:31:42.887  1795  1795 D Sensors : pa2240-proximity calling driver setDelay 20 ms
12-17 19:31:42.887  1795  1795 E huawei_ProximitySensor_CPP_Test: write 20 failed
12-17 19:31:42.935  1795  2332 I qti_sensors_hal: [ACC]processReportInd: X: 7.367841 Y: 7.695929 Z: 1.053040  x_offset:0.160831 y_offset:0.184366 z_offset:0.985027
12-17 19:31:42.966  1795  2748 D HwAmbientLuxFilterAlgo: earliestValidTime + POWER_ON_BRIGHTENING_LIGHT_DEBOUNCE
12-17 19:31:42.967  1795  2748 D HwAmbientLuxFilterAlgo: earliestValidTime + POWER_ON_DARKENING_LIGHT_DEBOUNCE
12-17 19:31:42.976  1795  2371 E huawei_ProximitySensor_CPP_Test: ProximitySensor: 9 is far event,0 is close event,value = 0.000000
12-17 19:31:42.976  1795  2371 I huawei_ProximitySensor_CPP_Test: readEvents:345: ProximitySensor: getTimestamp,mPendingEvent.timestamp =-1853002741 
12-17 19:31:42.977  1795  1825 D DisplayPowerController: handleProximitySensorEvent positive:true
12-17 19:31:42.977  1795  1825 I PowerManager_screenOn: DisplayPowerController updatePowerState mPendingRequestLocked=policy=BRIGHT, useProximitySensor=true, useProximitySensorbyPhone=true, screenBrightness=33, screenAutoBrightnessAdjustment=0.0, brightnessSetByUser=true, useAutoBrightness=true, blockScreenOn=false, lowPowerMode=false, boostScreenBrightness=false, dozeScreenBrightness=-1, dozeScreenState=UNKNOWN, useTwilight=false, useSmartBacklight=true, brightnessWaitMode=false, brightnessWaitRet=true, screenAutoBrightness=-1, userId=0
12-17 19:31:42.977  1795  1825 D DisplayPowerController: Animating brightness: target=27, rate=40
12-17 19:31:42.977  1795  1825 I PowerManager_screenOn: PowerManagerService goToSleepNoUpdateLocked: eventTime=123016149, reason=7, flags=0, uid=1000
12-17 19:31:42.977  1795  1825 I PowerManagerService: Going to sleep due to proximity...
12-17 19:31:42.977  1795  1825 I PowerManager_screenOn: PowerManagerNotifier onWakefulnessChangeStarted: wakefulness=3, reason=7, interactive=false, mInteractive=true, mInteractiveChanging=false
12-17 19:31:42.977  1795  1825 I PowerManager_screenOn: PowerManagerServiceonProximityPositivebyPhone -> updatePowerStateLocked
12-17 19:31:42.978  1795  1825 D PowerManagerService: ready=true,policy=3,wakefulness=3,wksummary=0x10,uasummary=0x1,bootcompleted=true,boostinprogress=false,waitmodeenable=false,mode=true,manual=33,auto=-1,adj=0.0userId=0
12-17 19:31:42.978  1795  1825 E PowerManagerService: startDreaming = true
12-17 19:31:42.978  1795  1825 D PowerManagerService: reallyGoToSleepNoUpdateLocked: eventTime=123016150, uid=1000
12-17 19:31:42.978  1795  1825 I PowerManagerService: Sleeping (uid 1000)...
12-17 19:31:42.978  1795  1825 I PowerManager_screenOn: PowerManagerNotifier onWakefulnessChangeStarted: wakefulness=0, reason=2, interactive=false, mInteractive=false, mInteractiveChanging=true
12-17 19:31:42.978  1795  1825 D PowerManagerService: ready=false,policy=0,wakefulness=0,wksummary=0x10,uasummary=0x0,bootcompleted=true,boostinprogress=false,waitmodeenable=false,mode=true,manual=33,auto=-1,adj=0.0userId=0
12-17 19:31:42.978  1795  1825 I PowerManager_screenOn: DisplayPowerController updatePowerState mPendingRequestLocked=policy=OFF, useProximitySensor=true, useProximitySensorbyPhone=true, screenBrightness=33, screenAutoBrightnessAdjustment=0.0, brightnessSetByUser=true, useAutoBrightness=true, blockScreenOn=false, lowPowerMode=false, boostScreenBrightness=false, dozeScreenBrightness=-1, dozeScreenState=UNKNOWN, useTwilight=false, useSmartBacklight=true, brightnessWaitMode=false, brightnessWaitRet=true, screenAutoBrightness=-1, userId=0
12-17 19:31:42.982  1795  1795 I TrafficMonitor: update:rxPkts:9,txPkts:11,rxBytes:1833,txBytes:795
12-17 19:31:42.982  1795  1795 I TrafficMonitor: start expired. level:-1
12-17 19:31:42.982  1795  1795 I TrafficMonitor: gettimer:interval=2000
12-17 19:31:42.982  1795  1795 D PowerManagerService: acquire lock=228612087, flags=0x1, tag="ActivityManager-Sleep", name=android, ws=null, uid=1000, pid=1795
12-17 19:31:42.982  1795  1795 D PowerManagerService: ready=false,policy=0,wakefulness=0,wksummary=0x11,uasummary=0x0,bootcompleted=true,boostinprogress=false,waitmodeenable=false,mode=true,manual=33,auto=-1,adj=0.0userId=0
12-17 19:31:42.982  1795  1795 D PowerManagerService: Acquiring suspend blocker "PowerManagerService.WakeLocks".
12-17 19:31:42.983  1795  1795 I ActivityManager_activity: Start pausing: ActivityRecord{b46dc67 u0 com.android.incallui/.InCallActivity t310}
12-17 19:31:42.984  3608  3608 I InCall  : VideoCallFragment - onPause:
12-17 19:31:42.984  3608  3608 I InCall  : VideoCallPresenter - isVideoCallWorking, state is: 3
12-17 19:31:42.984  3608  3608 D InCall  : VideoCallPresenter - pauseVideo: Error bad state mPrimaryCall=[Call_10, ACTIVE, [Capabilities: CAPABILITY_HOLD CAPABILITY_SUPPORT_HOLD CAPABILITY_MUTE CAPABILITY_CANNOT_DOWNGRADE_VIDEO_TO_AUDIO], children:[], parent:null, conferenceable:[], videoState:Audio Only, mSessionModificationState:0, VideoSettings:(CameraDir:-1)] mVideoCall=null
12-17 19:31:42.984  3608  3608 D InCall  : InCallActivity - onPause()...
12-17 19:31:42.984  3608  3608 D InCall  : DialpadFragment - Notifying dtmf key up.
12-17 19:31:42.984  3608  3608 D InCall  : ContactInfoCache - Contact lookup. In memory cache hit; lookup complete
12-17 19:31:42.993  3608  3608 D InCall  : StatusBarNotifier - Showing notification for first time.
12-17 19:31:42.993  3608  3608 D InCall  : StatusBarNotifier - Data changed.  Showing notification
12-17 19:31:42.993  3608  3608 D InCall  : StatusBarNotifier - contactsentry_photo is null
12-17 19:31:42.996  1795  2332 I qti_sensors_hal: [ACC]processReportInd: X: 5.264737 Y: 7.458670 Z: 0.922682  x_offset:0.160831 y_offset:0.184366 z_offset:0.985027
12-17 19:31:42.998  3608  3608 D HwCust  : Create obj success use class android.app.HwCustNotificationImpl
12-17 19:31:42.998  3608  3608 D HwCust  : Create obj success use class android.app.HwCustNotificationImpl
12-17 19:31:42.998  3608  3608 E InCall  : StatusBarNotifier - getNotificationBuilder
12-17 19:31:43.000  3608  3608 D InCall  : StatusBarNotifier - Will show "hang-up" action in the ongoing active call Notification
12-17 19:31:43.002  2852  2852 D DateTimeView: Change to single clock mode!
12-17 19:31:43.003  3608  3608 E WindowManagerEx: ret: 0
12-17 19:31:43.003  1795  6985 D HwWindowManagerService: imeVis=false
12-17 19:31:43.003  3608  3608 E WindowManagerEx: ret: 0
12-17 19:31:43.003  1795  2396 D HwWindowManagerService: imeVis=false
12-17 19:31:43.004  3608  3608 E WindowManagerEx: ret: 0
12-17 19:31:43.004  3608  3608 I InCall  : StatusBarNotifier - isTopIsFullscreen = false--isTopIsFullscreenInput()--false
12-17 19:31:43.004  3608  3608 E InCall  : StatusBarNotifier - buildAndSendNotification state=3 showHeadUpNotification=false mHeadupViewShow=false
