12-17 19:31:52.172  3168  3168 I CHR_TelStatusListenr1: [Timer serviceState:1 simReady:false] suspend
12-17 19:31:52.172  2852  2852 W DisabledFeatureUtils: Dis-Feature : 0
12-17 19:31:52.172  2852  2852 E KeyguardUpdateMonitor: isSimPinSecure mSimDatas is null or empty 
12-17 19:31:52.172  3168  3168 I CHR_TelphonyStatusService: duration: 511172 STATUS_REPORT_TIMESPAN: 86400000 / (1000 * 60 * 60 * 24) day STATUS_REPORT_TIMESPAN_FOR_BETA: 21600000 / (1000 * 60 * 60 * 24) day
12-17 19:31:52.172  3168  3168 I CHR_ChrUtil: is Beta User, userType = 3
12-17 19:31:52.172  1795  1806 I Security_fingerprint: FingerprintService getEnrolledFingerprints
12-17 19:31:52.173  2852  2852 V KeyguardUpdateMonitor: KGSvcFp startListeningForFingerprint()
12-17 19:31:52.173  2852  2852 I KeyguardUpdateMonitor: authenticate by 0 mode!
12-17 19:31:52.174  1795 15987 I Security_fingerprint: FingerprintService authenticate
12-17 19:31:52.174  1795  2326 W HwFingerprintService: setLivenessSwitch:start
12-17 19:31:52.174  1795  2326 W HwFingerprintService: checkNeedLivenessList:start
12-17 19:31:52.174  2852  2852 W KeyguardUpdateMonitor: Fingerprint RunningStateChanged. 1
12-17 19:31:52.174  1795  2326 W HwFingerprintService: NEED_LIVENESS_AUTHENTICATION = 0
12-17 19:31:52.174  2852  2852 W HwLockScreenPanel: Handle message: 15
12-17 19:31:52.175   835   835 I fingerprintd: FingerprintDaemonProxyEx::onTransact, code:1002
12-17 19:31:52.175   835   835 I fingerprintd: fingerprintd
12-17 19:31:52.175   835   835 I fingerprintd: FingerprintDaemonProxyEx::setLivenessSwitch
12-17 19:31:52.175   835   835 I fingerprintd: fingerprintdex--dev->need_liveness_authentication = false;
12-17 19:31:52.175  1795  2326 W HwFingerprintService: framework setLivenessSwitch is ok ---end
12-17 19:31:52.175   835   835 I fingerprintd: FingerprintDaemonProxyEx::onTransact, code:7
12-17 19:31:52.175   835   835 D fpc_fingerprint_hal: fpc_get_authenticator_id
12-17 19:31:52.175   835  2385 D fpc_fingerprint_hal: fpc poll irq interupt
12-17 19:31:52.175   835  2385 D fpc_fingerprint_hal: wait_finger_down, took 1044 ms
12-17 19:31:52.175  2852  2852 W CameraLayout: Cameralayout setVisibility. true false  2
12-17 19:31:52.175  2852  2852 D MagazineDetailView: resetPagerState
12-17 19:31:52.175   835  2385 E libteec : begin
12-17 19:31:52.175   606  2379 E libteec : receive data len = 128
12-17 19:31:52.177  2852  2852 I BadgedIconHelper: isCloneProcess = false
12-17 19:31:52.178  2852  2852 I BadgedIconHelper: isCloneProcess = false
12-17 19:31:52.181  2852  3556 I NetworkController.MobileSignalController(0): onDataActivity: direction=0
12-17 19:31:52.181  2852  3556 I SystemUIIdleHandler: enter addToIdleMessage(type:1001), mainloop is busy, add to idleMessage
12-17 19:31:52.181  2852  3556 I NetworkController.MobileSignalController(0): onDataActivity: direction=0
12-17 19:31:52.181  2852  3556 I SystemUIIdleHandler: enter addToIdleMessage(type:1001), mainloop is busy, add to idleMessage
12-17 19:31:52.182  2883  2996 E HwSystemManager: SimCardMethod:/getSimCardInfo: imsi is null
12-17 19:31:52.185   606  2379 E libteec : QSEECom_send_cmd return!
12-17 19:31:52.185   606  2379 E libteec : qsc_send_cmd finish
12-17 19:31:52.185   606  2379 E libteec : send data return = 128
12-17 19:31:52.185   835  2385 E libteec : receive data len = 128
12-17 19:31:52.185   835  2385 E libteec : begin
12-17 19:31:52.185   835  2385 E libteec : qsc_decode end
12-17 19:31:52.185   835  2385 D fpc_fingerprint_hal: worker idle
12-17 19:31:52.186   835   835 E libteec : begin
12-17 19:31:52.186   606  2379 E libteec : receive data len = 128
12-17 19:31:52.187  2852  2852 I NotificationContentView: transferRemoteInputFocus: 0
12-17 19:31:52.189   606  2379 E libteec : QSEECom_send_cmd return!
12-17 19:31:52.189   606  2379 E libteec : qsc_send_cmd finish
12-17 19:31:52.189   835   835 E libteec : receive data len = 128
12-17 19:31:52.189   835   835 E libteec : begin
12-17 19:31:52.189   835   835 E libteec : qsc_decode end
12-17 19:31:52.189   835   835 D fpc_fingerprint_hal: fpc_get_authenticator_id id 14657234628792947271
12-17 19:31:52.189   835  2385 E libteec : begin
12-17 19:31:52.190  2852  2852 I NotificationContentView: transferRemoteInputFocus: 0
12-17 19:31:52.190   606  2379 E libteec : send data return = 128
12-17 19:31:52.190   606  2379 E libteec : receive data len = 128
12-17 19:31:52.190  1795  2326 V FingerprintService: startAuthentication(com.android.systemui)
12-17 19:31:52.190  1795  2326 V FingerprintService: starting client AuthenticationClient(com.android.systemui), initiatedByClient = true)
12-17 19:31:52.191  2852  2852 I StackScrollAlgorithm: overlapAmount:763.6, previousNotificationEnd:607.0, newYTranslation:-156.59998, location:2, i:1, getTopPadding:499.0, getLocationOnScreen():-36
12-17 19:31:52.191  2852  2852 I StackScrollAlgorithm: updateClipping isOverlap:true
12-17 19:31:52.191  2852  2852 I StackScrollAlgorithm: updateDimmedActivatedHideSensitive overlap:true
12-17 19:31:52.191  2852  2852 I NotificationContentView: transferRemoteInputFocus: 1
12-17 19:31:52.193  2852  2852 I HwExpandableNotificationRowHelper: unclear notification ,notificationPkgName:com.android.incallui key:0|com.android.incallui|2|null|1001
12-17 19:31:52.193  2852  2852 I ActivatableNotificationView: setOverlap mOverlap:true, mDimmed:false
12-17 19:31:52.193  2852  2852 I ActivatableNotificationView: setOverlap mOverlap:true, mDimmed:false
12-17 19:31:52.194  2852  2852 I vol.VolumeDialog: VolumeDialogController.Callbacks onScreenOff
12-17 19:31:52.194  2852  2852 I PowerUI : onReceive intent:act:android.intent.action.SCREEN_OFF  flag:1342177296 
12-17 19:31:52.195  2883  2996 I HwSystemManager: NormalTrafficAnalysis:alert byte = 0 last alert byte = 0
12-17 19:31:52.195  2883  2996 E HwSystemManager: NormalTrafficAnalysis:alert byte = 0, so return
12-17 19:31:52.199   606  2379 E libteec : QSEECom_send_cmd return!
12-17 19:31:52.200   835   835 I fingerprintd: FingerprintDaemonProxyEx::onTransact, code:1
12-17 19:31:52.200   835   835 V fingerprintd: authenticate(sid=0, gid=0)
12-17 19:31:52.200   606  2379 E libteec : qsc_send_cmd finish
12-17 19:31:52.200   606  2379 E libteec : send data return = 128
12-17 19:31:52.200   835  2385 E libteec : receive data len = 128
12-17 19:31:52.200   835  2385 E libteec : begin
12-17 19:31:52.200   835  2385 E libteec : qsc_decode end
12-17 19:31:52.200   835  2385 D fpc_fingerprint_hal: worker idle
12-17 19:31:52.200  1795  2326 W FingerprintService: client com.android.systemui is authenticating...
12-17 19:31:52.200   835  2385 D fpc_fingerprint_hal: workerFunction STATE_AUTHENTICATE
12-17 19:31:52.200   835  2385 E libteec : begin
12-17 19:31:52.200   606  2379 E libteec : receive data len = 128
12-17 19:31:52.204   606  2379 E libteec : QSEECom_send_cmd return!
12-17 19:31:52.204   606  2379 E libteec : qsc_send_cmd finish
12-17 19:31:52.204   606  2379 E libteec : send data return = 128
12-17 19:31:52.204   835  2385 E libteec : receive data len = 128
12-17 19:31:52.204   835  2385 E libteec : begin
12-17 19:31:52.204   835  2385 E libteec : qsc_decode end
12-17 19:31:52.204   835  2385 I fpc_tac : fpc_tac_send_get_indices_cmd indices:0x7f9860c000, index_count:1
12-17 19:31:52.204   835  2385 E libteec : begin
12-17 19:31:52.204   606  2379 E libteec : receive data len = 1152
12-17 19:31:52.204  3218  4070 E HW-JPEG-DEC: [HME_JPEG_DEC_Delete](3298): HME_JPEG_DEC_Delete: decoder_ctx=null
12-17 19:31:52.207   606  2379 E libteec : QSEECom_send_cmd return!
12-17 19:31:52.207   606  2379 E libteec : qsc_send_cmd finish
12-17 19:31:52.207   606  2379 E libteec : send data return = 1152
12-17 19:31:52.207   835  2385 E libteec : receive data len = 1152
12-17 19:31:52.207   835  2385 E libteec : begin
12-17 19:31:52.207   835  2385 E libteec : qsc_decode end
12-17 19:31:52.207   835  2385 E libteec : begin
12-17 19:31:52.207   606  2379 E libteec : receive data len = 128
12-17 19:31:52.210  2852  2852 D NetworkController.MobileSignalController(0): mSimSubId:0 onDataActivity: direction=0
12-17 19:31:52.210   606  2379 E libteec : QSEECom_send_cmd return!
