12-17 19:36:04.595  1795  2737 W WifiProJNI: poll before: g_monitor_fd =310
12-17 19:36:04.595  1795  1795 D HuaweiWifiWatchdogStateMachine: 80:38:bc:08:42:c1 current RTT[-45]=160, volume=1
12-17 19:36:04.595  1795  1795 D HuaweiWifiWatchdogStateMachine: 80:38:bc:08:42:c1 history RTT[-45]=392, volume=44045
12-17 19:36:04.595  1795  1795 D HuaweiWifiWatchdogStateMachine: setSampleRtt: rtt=160,rtt_pkts =1,rtt_when=0
12-17 19:36:04.595  1795  2739 I HuaweiWifiWatchdogStateMachine: spd good count:0, add sc:0.0, rate:1.0
12-17 19:36:04.596  1795  1795 I QosMonitor: resetRtt: rtt_type = 3
12-17 19:36:04.596  1795  1795 I WifiProJNI: ######### RESET RTT:3 ########
12-17 19:36:04.596  1795  1795 D WifiProJNI: send_cmd_kernel: cmd=6
12-17 19:36:04.596  1795  2739 D HuaweiWifiWatchdogStateMachine: high data flow: protection_counter = 0,  not_detect_counter = 9
12-17 19:36:04.597  1795  2739 D HuaweiWifiWatchdogStateMachine: high data flow scenario: 0 --> 0 rx bytes =2KB
12-17 19:36:04.597  1795  2739 I HuaweiWifiWatchdogStateMachine: current mHighDataFlowRate = 1.0
12-17 19:36:04.597  1795  2739 I HuaweiWifiWatchdogStateMachine: POta txb txg rxg:0, 2, 0. Lr =0% Totpkt=2
12-17 19:36:04.598  1795  1795 I WifiProJNI: ######### CMD_QUERY_PKTS ########
12-17 19:36:04.598  1795  1795 D WifiProJNI: send_cmd_kernel: cmd=1
12-17 19:36:04.598  7741  7758 D TmoMonitor: Cache monitor msg as screen_off
12-17 19:36:04.598  1795  2737 D WifiProJNI: Received kernel message payload: event 0
12-17 19:36:04.598  1795  2737 I QosMonitor: postEventFromNative: msg=100,arg1=0,arg2=9
12-17 19:36:04.598  1795  2737 W WifiProJNI: poll before: g_monitor_fd =310
12-17 19:36:04.599  1795  1795 I MQoS    : rtt=160,tcp_tx_pkts=1480361,tcp_rx_pkts=1768564
12-17 19:36:04.600  1795  2739 D HuaweiWifiWatchdogStateMachine: dumpTcpResult: len=9,rtt=160,rttPkt=1,rttWn=0,cgt=0,cgtWn=0
12-17 19:36:04.600  1795  5350 I MQoS    : QOS_level:0(0),DataDisable;use level-0
12-17 19:36:04.600  1795  2739 I HuaweiWifiWatchdogStateMachine: PTcp RTT:0, rtt pkt=0, tcp_rx=1, tcp_tx=2, tcp_reTran=0, rtRate=0
12-17 19:36:04.600  1795  2739 D HuaweiWifiWatchdogStateMachine: mRssiBadCount =0, RSSI not bad.
12-17 19:36:04.600  1795  2739 D HuaweiWifiWatchdogStateMachine: detectNetworkAvailable:hw.wifipro.dns_fail_count = 1001
12-17 19:36:04.600  1795  2739 D HuaweiWifiWatchdogStateMachine: detectNetworkAvailable: tcpRxPkts != 0, reset
12-17 19:36:04.600  1795  2739 I HuaweiWifiWatchdogStateMachine: rs ota tcp lr rttvb bad: false, false, false, false, false; rsth:-75
12-17 19:36:04.600  1795  2739 D HuaweiWifiWatchdogStateMachine: GSC:0, GSR:1.0, RSR:1.0, RTH:-75
12-17 19:36:04.600  1795  2739 D HuaweiWifiWatchdogStateMachine: bqeLevel = 0 rtt=0,rtt_pkts=0 speed=0 rssi=-45
12-17 19:36:04.600  1795  2739 I HuaweiWifiWatchdogStateMachine:  pkt chk not bad, reset sc to 0.
12-17 19:36:04.600  1795  2739 D HuaweiWifiWatchdogStateMachine: ### mPktChkBadCnt=0
12-17 19:36:55.979  1795  1805 I Sensor  : updateLightsLocked --> level:78, status:3
12-17 19:36:55.980  1795  1805 I Sensor  : updateLightsLocked --> mBatteryLight.turnOff
12-17 19:36:55.985  1795  1795 I TrafficMonitor: update:rxPkts:1,txPkts:2,rxBytes:52,txBytes:104
12-17 19:36:55.985  1795  1795 I TrafficMonitor: start expired. level:-1
12-17 19:36:55.985  1795  1795 I TrafficMonitor: gettimer:interval=2000
12-17 19:36:55.985  7741  7758 D TmoMonitor: Cache monitor msg as screen_off
12-17 19:36:55.985  7741  7758 D TmoMonitor: Cache monitor msg as screen_off
12-17 19:36:55.985  3180  3578 I ash     :  ignore audio app: com.huawei.espacev2 stop delta time:377191
12-17 19:36:55.986  1795  2323 D HwBatteryService: onUEvent fcpStatus = 0,scpStatus =0,ovpStatus=0
12-17 19:36:55.987  1795  2323 E UsbDeviceManager: Error reading charge file
12-17 19:36:55.987  1795  2323 E UsbDeviceManager: java.io.FileNotFoundException: sys/class/hw_power/charger/charge_data/water_intrused (No such file or directory)
12-17 19:36:55.987  1795  2323 E UsbDeviceManager: 	at java.io.FileInputStream.open(Native Method)
12-17 19:36:55.987  1795  2323 E UsbDeviceManager: 	at java.io.FileInputStream.<init>(FileInputStream.java:146)
12-17 19:36:55.987  1795  2323 E UsbDeviceManager: 	at android.os.FileUtils.readTextFile(FileUtils.java:267)
12-17 19:36:55.987  1795  2323 E UsbDeviceManager: 	at com.android.server.usb.UsbDeviceManager$2.onUEvent(UsbDeviceManager.java:328)
12-17 19:36:55.987  1795  2323 E UsbDeviceManager: 	at android.os.UEventObserver$UEventThread.sendEvent(UEventObserver.java:210)
12-17 19:36:55.987  1795  2323 E UsbDeviceManager: 	at android.os.UEventObserver$UEventThread.run(UEventObserver.java:187)
12-17 19:36:55.988  1795  2323 D HwBatteryService: onUEvent fcpStatus = 0,scpStatus =0,ovpStatus=0
12-17 19:36:55.989  1795  2376 W AlarmManager: mIsScreenOn is: false, WAKEUP alarm trigger action = com.huawei.intent.action.PUSH package name is: android
12-17 19:36:55.989  1795  2376 I AlarmManager: Alarm triggering (type 0 or 2): [Alarm{6d6d05b type 0 when 1481974614476 android}]
12-17 19:36:55.989  1795  2376 I AlarmManager: sending alarm Alarm{6d6d05b type 0 when 1481974614476 android},repeatInterval = 0,listenerTag =null
12-17 19:36:55.990  1795  2323 E UsbDeviceManager: Error reading charge file
12-17 19:36:55.990  1795  2323 E UsbDeviceManager: java.io.FileNotFoundException: sys/class/hw_power/charger/charge_data/water_intrused (No such file or directory)
12-17 19:36:55.990  1795  2323 E UsbDeviceManager: 	at java.io.FileInputStream.open(Native Method)
12-17 19:36:55.990  1795  2323 E UsbDeviceManager: 	at java.io.FileInputStream.<init>(FileInputStream.java:146)
12-17 19:36:55.990  1795  2323 E UsbDeviceManager: 	at android.os.FileUtils.readTextFile(FileUtils.java:267)
12-17 19:36:55.990  1795  2323 E UsbDeviceManager: 	at com.android.server.usb.UsbDeviceManager$2.onUEvent(UsbDeviceManager.java:328)
12-17 19:36:55.990  1795  2323 E UsbDeviceManager: 	at android.os.UEventObserver$UEventThread.sendEvent(UEventObserver.java:210)
12-17 19:36:55.990  1795  2323 E UsbDeviceManager: 	at android.os.UEventObserver$UEventThread.run(UEventObserver.java:187)
12-17 19:36:55.993  1795  2376 W ActivityManager: Sending non-protected broadcast com.huawei.intent.action.PUSH from system uid 1000 pkg android
12-17 19:36:55.993  1795  2376 I ActivityManager_broadcast: Enqueueing ordered broadcast[background] BroadcastRecord{727ceda u0 com.huawei.intent.action.PUSH}: prev had 0
12-17 19:36:55.994  1795  2376 D PowerManagerService: ready=true,policy=0,wakefulness=0,wksummary=0x1,uasummary=0x0,bootcompleted=true,boostinprogress=false,waitmodeenable=false,mode=true,manual=33,auto=-1,adj=0.0userId=0
12-17 19:36:55.994  1795  2376 D PowerManagerService: Acquiring suspend blocker "PowerManagerService.WakeLocks".
12-17 19:36:55.997  3180  3578 D ApplicationPackageManager: queryIntentActivitiesAsUser size results:1, for package:com.huawei.espacev2
12-17 19:36:55.997  3180  3578 I ash     : com.huawei.espacev2 { doze duration=87292 } transition to: hibernation reason:
12-17 19:36:55.997  3180  3578 I ash     : perform hibernation actions!
12-17 19:36:55.998   816  1562 W SocketListener: sending broadcast to Pid = 1795, Uid = 1000 
12-17 19:36:55.999  1795 17831 D SmartHeartBeat: setAlarmsAdjust ...
12-17 19:36:56.000  1795  2665 D NetdConnector: RCV <- {613 IfaceClass idle 1 443115094567860}
12-17 19:36:56.000  3180  3578 I ash     : com.huawei.espacev2 is unified heartbeat(ms): 300000 reason: hibernation
12-17 19:36:56.001  1795  3121 I PGManagerService: proxyBroadcast:[com.huawei.espacev2] proxy:true
12-17 19:36:56.001  1795  2665 D NetdConnector: RCV <- {613 IfaceClass idle 1 443115094567860}
12-17 19:36:56.002  3180  3578 I ash     : proxy com.huawei.espacev2 broadcast OK !
12-17 19:36:56.003  1795 20747 D PowerManagerService: acquire lock=60141323, flags=0x1, tag="hibernation", name=com.huawei.powergenie, ws=null, uid=1000, pid=3180
12-17 19:36:56.003  1795 20747 D PowerManagerService: ready=true,policy=0,wakefulness=0,wksummary=0x1,uasummary=0x0,bootcompleted=true,boostinprogress=false,waitmodeenable=false,mode=true,manual=33,auto=-1,adj=0.0userId=0
12-17 19:36:56.003  1795  1819 D NetdConnector: RCV unsolicited event from native daemon, event = 613 IfaceClass idle 1 443115094567860
12-17 19:36:56.005  1795  1819 D NetworkManagement: notifyInterfaceClassActivity: client is com.android.server.net.NetworkStatsService$6@5d6efc
12-17 19:36:56.005  1795  1819 D NetworkManagement: notifyInterfaceClassActivity: client is android.net.ip.IpManager$2@4c99c84
12-17 19:36:56.005  1795  1819 D NetworkManagement: notifyInterfaceClassActivity: client is com.android.server.net.NetworkPolicyManagerService$13@4df0feb
12-17 19:36:56.005  1795  1819 D NetworkManagement: notifyInterfaceClassActivity: client is android.net.INetworkManagementEventObserver$Stub$Proxy@af226
12-17 19:36:56.005  1795  2396 D GpsFreezeProc: addFreezeProcess pkg:com.huawei.espacev2
12-17 19:36:56.005  1795  2396 I GnssLocationProvider: setRequest ProviderRequest[OFF]
12-17 19:36:56.005  1795  2396 I GnssLocationProvider: stopNavigating, mStarted=false
12-17 19:36:56.006  1795  1819 D NetworkManagement: notifyInterfaceClassActivity: client is android.net.INetworkManagementEventObserver$Stub$Proxy@c0acf8b
12-17 19:36:56.006  1795  1819 D NetworkManagement: notifyInterfaceClassActivity: client is com.android.server.ConnectivityService$1@e0f099c
12-17 19:36:56.007  1795  1819 I SendBroadcastPermission: action:android.net.conn.DATA_ACTIVITY_CHANGE, mPermissionType:0
12-17 19:36:56.007  3180  3578 I ash     : proxy app:com.huawei.espacev2,uid:10102,result:true
12-17 19:36:56.007  1795  1813 E BatteryStatsService: no controller energy info supplied
12-17 19:36:56.007  1795  1819 D NetworkManagement: notifyInterfaceClassActivity: client is com.android.server.connectivity.Vpn$2@e40aefb
12-17 19:36:56.007  1795  1819 D NetworkManagement: notifyInterfaceClassActivity: client is com.android.server.ethernet.EthernetNetworkFactory$InterfaceObserver@fccfd35
12-17 19:36:56.007  1795  1819 D NetworkManagement: notifyInterfaceClassActivity: client is com.android.server.connectivity.Tethering@ff4a50f
12-17 19:36:56.018  3180  3578 D PgedBinderAdapter: frz ok, pid: [31949, 633]
12-17 19:36:56.019  3180  3578 I PGServer: report state:6 event type:1 pid:0 uid:10102 pkg:com.huawei.espacev2 to pid: 1795
12-17 19:36:56.019  3180  3578 I ash     : Freeze com.huawei.espacev2 OK !
12-17 19:36:56.019  3180  3578 I PgedBinderAdapter: Listener network packet by uids: [10102]
12-17 19:36:56.019  1795  1807 I AwareLog: AppHiber_Task:  Screen   Off  State, frozenInhandleMsg Return
12-17 19:36:56.020  3180  3578 I ash     : add listener com.huawei.espacev2 net packet OK !,uid:10102
12-17 19:36:56.021  1795 16500 I PGManagerService: proxyWakeLockByPidUid, pid: 31949, uid: 10102, proxy: true
12-17 19:36:56.021  3180  3578 I ash     : Proxy wakelock uid = 10102 pid = 31949
12-17 19:36:56.022   803 20788 E Pged-NetworkMonitor: open file error
