12-17 19:31:44.628  1795  1825 D HwNormalizedAutomaticBrightnessController: set power status:mPowerStatus=true,powerStatus=false
12-17 19:31:44.628  1795  1825 D DisplayPowerController: Animating brightness: target=0, rate=0
12-17 19:31:44.628  2852  2822 D KeyguardService: Caller checkPermission fail
12-17 19:31:44.628  2852  2822 D KeyguardService: KGSvcCall onScreenTurnedOff.
12-17 19:31:44.628  2852  2822 D KeyguardViewMediator: notifyScreenTurnedOff
12-17 19:31:44.628  1795  1825 I PowerManager_screenOn: PowerManagerServiceonProximityNegative -> updatePowerStateLocked
12-17 19:31:44.628  2852  2852 D KeyguardViewMediator: handleNotifyScreenTurnedOff
12-17 19:31:44.628  1795  1825 D PowerManagerService: userActivityNoUpdateLocked: eventTime=123017800, event=0, flags=0x0, uid=1000
12-17 19:31:44.628  1795  1825 I PowerManager_screenOn: PowerManagerNotifier onUserActivity: event=0, uid=1000
12-17 19:31:44.629  1795  1825 I PowerManager_screenOn: PowerManagerService wakeUpNoUpdateLocked: eventTime=123017800, uid=1000
12-17 19:31:44.629  1795  1825 I PowerManager_screenOn: PowerManagerService Waking up from sleep (uid 1000)...
12-17 19:31:44.629  1795  1825 I PowerManager_screenOn: PowerManagerNotifier onWakefulnessChangeStarted: wakefulness=1, reason=0, interactive=true, mInteractive=false, mInteractiveChanging=false
12-17 19:31:44.629  1795  1825 D PowerManagerService: Acquiring suspend blocker "PowerManagerService.Broadcasts".
12-17 19:31:44.629  1795  1825 I PowerManager_screenOn: PowerManagerNotifier onWakeUp: event=android.server.power:POWER, reasonUid=1000 opPackageName=android opUid=1000
12-17 19:31:44.630  1795  1825 D PowerManagerService: userActivityNoUpdateLocked: eventTime=123017800, event=0, flags=0x0, uid=1000
12-17 19:31:44.630  1795  1825 I PowerManager_screenOn: PowerManagerNotifier onUserActivity: event=0, uid=1000
12-17 19:31:44.630  1795  1825 I PowerManager_screenOn: PowerManagerServiceonProximityNegative by Phone
12-17 19:31:44.630  1795  1825 D PowerManagerService: setColorTemperatureAccordingToSetting
12-17 19:31:44.630  1795  1825 D HwPowerManagerService: setColorTemperatureAccordingToSetting
12-17 19:31:44.630  1795  1825 D HwPowerManagerService: isDisplayFeatureSupported feature:1
12-17 19:31:44.630  1795  1825 D HW_DISPLAY_EFFECT: hw_get_smart_display_supported: start++
12-17 19:31:44.630  1795  1825 D HW_DISPLAY_EFFECT: hw_get_smart_display_supported: end--
12-17 19:31:44.630  1795  1825 D HWPowerManger_JNI: Surport 3 dimension color temperature.
12-17 19:31:44.630  1795  1825 D HwPowerManagerService: setColorTemperatureAccordingToSetting new.
12-17 19:31:44.630  1795  1825 D HwPowerManagerService: ColorTemperature read from old setting:128
12-17 19:31:44.631  1795  1825 D HwPowerManagerService: setColorTemperature:128
12-17 19:31:44.631  1795  1795 I WindowManger_keyguard: Started waking up...
12-17 19:31:44.631  1795  1825 D HW_DISPLAY_EFFECT: hw_set_colortemperature: start++
12-17 19:31:44.631  1795  1795 I WindowManger_keyguard: onStartedWakingUp()
12-17 19:31:44.631  1795  1825 W HW_DISPLAY_EFFECT: Warning: hw_set_colortemperature is COLOR_TEMP_2_DIMENSION interface, not supported presently.
12-17 19:31:44.631  1795  1825 D HW_DISPLAY_EFFECT: hw_set_colortemperature: end--
12-17 19:31:44.631  1795  1825 D PowerManagerService: ready=false,policy=3,wakefulness=1,wksummary=0x10,uasummary=0x1,bootcompleted=true,boostinprogress=false,waitmodeenable=false,mode=true,manual=33,auto=-1,adj=0.0userId=0
12-17 19:31:44.631  1795  1795 I PowerManager_screenOn: PowerManagerNotifier Sending wake up broadcast.
12-17 19:31:44.631  1795  1825 I PowerManager_screenOn: DisplayPowerController updatePowerState mPendingRequestLocked=policy=BRIGHT, useProximitySensor=true, useProximitySensorbyPhone=true, screenBrightness=33, screenAutoBrightnessAdjustment=0.0, brightnessSetByUser=true, useAutoBrightness=true, blockScreenOn=false, lowPowerMode=false, boostScreenBrightness=false, dozeScreenBrightness=-1, dozeScreenState=UNKNOWN, useTwilight=false, useSmartBacklight=true, brightnessWaitMode=false, brightnessWaitRet=true, screenAutoBrightness=-1, userId=0
12-17 19:31:44.631  1795  1795 I SendBroadcastPermission: action:android.intent.action.SCREEN_ON, mPermissionType:0
12-17 19:31:44.631  1795  1825 I PowerManager_screenOn: DisplayPowerStatesetScreenState: state=2
12-17 19:31:44.631  1795  1825 D FpDataCollector: DisplayPowerState :ON
12-17 19:31:44.631  2852  2866 D KeyguardService: Caller checkPermission fail
12-17 19:31:44.631  2852  2866 D KeyguardService: KGSvcCall onStartedWakingUp.
12-17 19:31:44.632  2852  2866 W HwLockScreenReporter: report result = falsereport type:122 msg:
12-17 19:31:44.632  2852  2866 D KeyguardViewMediator: onStartedWakingUp, seq = 466
12-17 19:31:44.632  2852  2866 D KeyguardViewMediator: notifyStartedWakingUp
12-17 19:31:44.632  2852  2866 W AppHandler: sendMessage 14
12-17 19:31:44.632  2852  2852 D KeyguardViewMediator: handleNotifyWakingUp
12-17 19:31:44.632  2852  2852 I PhoneStatusBar: onStartedWakingUp
12-17 19:31:44.632  2852  2852 V KeyguardUpdateMonitor: FingerStat Visible: false; Interactive: true; Switching: false; Bouncer:false; GoingToSleep: false Occluded: false; dreaming: false; Authenticated: false
12-17 19:31:44.632  2852  2852 V KeyguardUpdateMonitor: KGSvcFp stopListeningForFingerprint(). 1
12-17 19:31:44.633  1795 17832 I Security_fingerprint: FingerprintService cancelAuthentication
12-17 19:31:44.633  2852  2852 W KeyguardUpdateMonitor: Fingerprint RunningStateChanged. 2
12-17 19:31:44.633  1795  2326 V FingerprintService: stop client com.android.systemui
12-17 19:31:44.634   835   835 I fingerprintd: FingerprintDaemonProxyEx::onTransact, code:2
12-17 19:31:44.634   835   835 V fingerprintd: stopAuthentication()
12-17 19:31:44.634   835   835 D fpc_fingerprint_hal: fpc_cancel
12-17 19:31:44.634  1795  1795 I HwActivityManagerService: Split enqueueing broadcast [callerApp]:ProcessRecord{34bf34f 0:system/1000}
12-17 19:31:44.635  1795  1795 I ActivityManager_broadcast: Enqueueing ordered broadcast[foreground] BroadcastRecord{3ac434c u-1 android.intent.action.SCREEN_ON}: prev had 0
12-17 19:31:44.635  2852  2852 D TimeKeeper: getTimeTickInfo:[mMillisUntilFinished:0, mHour:0, mMinute:0, mSecond:0]
12-17 19:31:44.635  1795  1808 I ActivityManager_broadcast: dispatch ordered broadcast [foreground] BroadcastRecord{3ac434c u-1 android.intent.action.SCREEN_ON}, has 57 receivers
12-17 19:31:44.635  2852  2852 E KeyguardUpdateMonitor: isSimPinSecure mSimDatas is null or empty 
12-17 19:31:44.635  2852  2852 E KeyguardUpdateMonitor: isSimPinSecure mSimDatas is null or empty 
12-17 19:31:44.635   835  2385 D fpc_fingerprint_hal: fpc poll irq interupt
12-17 19:31:44.635   835  2385 D fpc_fingerprint_hal: wait_finger_down, took 1228 ms
12-17 19:31:44.635  2852  2852 W HwLockScreenPanel: createLockScreenView when reset
12-17 19:31:44.635   835  2385 E fpc_fingerprint_hal: capture_image failed -4
12-17 19:31:44.635  2852  2852 I HwLockScreenPanel: loadMagazine
12-17 19:31:44.636   835  2385 I fpc_fingerprint_hal: timeForContinueCapture id:1228
12-17 19:31:44.636   835  2385 E libteec : begin
12-17 19:31:44.637  2852  2852 V KeyguardStatusView: Enable transport text marquee
12-17 19:31:44.642  1795  2377 I AwareLog: AwareMem_DMEServer: start
12-17 19:31:44.643  1795  2377 I AwareLog: AwareMem_EventTracker: [SCREEN_ON_1481974304642] is abandoned for memory 829676
12-17 19:31:44.645  2852  2852 W HwLockScreenPanel: Handle message: 14
12-17 19:31:44.646  2852  2852 W DisabledFeatureUtils: Dis-Feature : 0
12-17 19:31:44.647  1795  1795 D HwWifiP2pService: onReceive, action:android.intent.action.SCREEN_ON
12-17 19:31:44.647  2852  2852 W DisabledFeatureUtils: Dis-Feature : 0
12-17 19:31:44.647  1795  2668 D WifiP2pService: InactiveState143466
12-17 19:31:44.648  1795  2668 E HwWifiP2pService: Unhandled message when=123017819 what=143466 arg1=0 arg2=0
12-17 19:31:44.648  1795  2668 D WifiP2pService: P2pEnabledState when=123017819 what=143466 arg1=0 arg2=0
12-17 19:31:44.648  1795  2668 D WifiP2pService: DefaultState{ when=-1ms what=143466 target=com.android.internal.util.StateMachine$SmHandler }
12-17 19:31:44.648  1795  2668 D HwWifiP2pService: cancel alarm.
12-17 19:31:44.649   606  2379 E libteec : receive data len = 128
12-17 19:31:44.655   606  2379 E libteec : QSEECom_send_cmd return!
12-17 19:31:44.655   606  2379 E libteec : qsc_send_cmd finish
12-17 19:31:44.655   606  2379 E libteec : send data return = 128
12-17 19:31:44.655   835  2385 E libteec : receive data len = 128
12-17 19:31:44.655   835  2385 E libteec : begin
12-17 19:31:44.655   835  2385 E libteec : qsc_decode end
12-17 19:31:44.655   835  2385 E fpc_fingerprint_hal: do_identify failed -4
12-17 19:31:44.655   835  2385 D fingerprintd: onError(5)
12-17 19:31:44.656   835  2385 I fpc_fingerprint_hal: do_identify operation CANCELED
12-17 19:31:44.656   835  2385 D fpc_fingerprint_hal: do_identify took 38 ms, total:1266 wait:1228
12-17 19:31:44.656  1795  3110 W FingerprintService: onError 1
12-17 19:31:44.656   835  2385 E libteec : begin
12-17 19:31:44.656   606  2379 E libteec : receive data len = 128
12-17 19:31:44.657  2852  2852 I NetworkController.WifiSignalController: Change in state from: connected=true,enabled=true,level=4,inetCondition=1,iconGroup=IconGroup(Wi-Fi Icons),activityIn=false,activityOut=false,rssi=-48,lastModified=12-17 07:31:42,isChaged:false,wifiNoInternet=false,ssid="Huawei-Employee"
12-17 19:31:44.657  2852  2852 I NetworkController.WifiSignalController: 	to: connected=true,enabled=true,level=4,inetCondition=1,iconGroup=IconGroup(Wi-Fi Icons),activityIn=true,activityOut=true,rssi=-48,lastModified=12-17 07:31:42,isChaged:false,wifiNoInternet=false,ssid="Huawei-Employee"
12-17 19:31:44.658  2852  2852 I SignalClusterView: mWifiVisible is:truemWifiStrengthId is:2130839427mWifiDescription is:WLAN 信号强度满格。
12-17 19:31:44.662  2852  2852 D NetWorkUtils: mVSimCurCardType is -1
12-17 19:31:44.662  1795  1825 I PowerManager_screenOn: DisplayPowerController Blocking screen on until initial contents have been drawn.
12-17 19:31:44.663  1795  2671 D WifiStateMachine:  ConnectedState CMD_SCREEN_STATE_CHANGED  rt=123017835/442841026 1 0
12-17 19:31:44.663  1795  2671 D WifiStateMachine:  L2ConnectedState CMD_SCREEN_STATE_CHANGED  rt=123017835/442841027 1 0
12-17 19:31:44.663  1795  2671 D WifiStateMachine:  ConnectModeState CMD_SCREEN_STATE_CHANGED  rt=123017835/442841027 1 0
