12-17 19:52:46.144   597   779 I rmt_storage: 
12-17 19:52:46.145  2852  2852 W PanelView: set notification panel padding = 1675
12-17 19:52:46.145  2852  2852 I TrafficPanelManager: hideTraffic
12-17 19:52:46.145  2852  2852 I TrafficPanelViewContent: onShowStatusChange show:false
12-17 19:52:46.146  2852  2852 I StackScrollAlgorithm: updateClipping isOverlap:false
12-17 19:52:46.146  2852  2852 I StackScrollAlgorithm: updateDimmedActivatedHideSensitive overlap:false
12-17 19:52:46.147  2852  2852 I EventCenter: EventCenter Get :android.intent.action.TIME_TICK
12-17 19:52:46.147   597   597 I rmt_storage: rmt_storage_disconnect_cb: clnt_h=0x129 conn_h=0x7f8862a370
12-17 19:52:46.148  2852  2852 W ResourceType: Failure getting entry for 0xffffffff (t=254 e=65535) (error -2147483647)
12-17 19:52:46.148  2852  2852 E DateLunarView: mDateString is: 12月17日星期六
12-17 19:52:46.153  2852  2852 W ResourceType: Failure getting entry for 0xffffffff (t=254 e=65535) (error -2147483647)
12-17 19:52:46.153  2852  2852 E DateLunarView: mDateString is: 12月17日星期六
12-17 19:52:46.153  2852  2852 D KeyguardUpdateMonitor: received broadcast android.intent.action.TIME_TICK
12-17 19:52:46.168  2852  2852 W PanelView: set notification panel padding = 1675
12-17 19:52:46.168  2852  2852 I TrafficPanelManager: hideTraffic
12-17 19:52:46.168  2852  2852 I TrafficPanelViewContent: onShowStatusChange show:false
12-17 19:52:46.169  2852  2852 I StackScrollAlgorithm: updateClipping isOverlap:false
12-17 19:52:46.169  2852  2852 I StackScrollAlgorithm: updateDimmedActivatedHideSensitive overlap:false
12-17 19:52:46.169  2852  2852 D KeyguardUpdateMonitor: handleTimeUpdate
12-17 19:52:46.173  3879  3879 I HwLauncher: Model  onReceive intent=Intent { act=android.intent.action.TIME_TICK flg=0x50000014 (has extras) }
12-17 19:52:46.173  3879  3879 I HwLauncher: Model  onReceive user=UserHandle{0}
12-17 19:52:46.184  5224  5224 I Step_LSC: 20002302|logicalDealBroadcastEvent : Intent { act=android.intent.action.TIME_TICK flg=0x50000014 (has extras) }
12-17 19:52:46.184  5224  5283 I Step_LSC: 20002302| ## MSG_DEAL_SYSTEM_EVENT android.intent.action.TIME_TICK
12-17 19:52:46.186  1795  6985 V HwBroadcastQueue: trim and enqueue foreground Parallel:(0) Ordered:(2)(BroadcastRecord{9c2550 u-1 android.intent.action.TIME_TICK})
12-17 19:52:46.186  1795  6985 I ActivityManager_broadcast: orderd foreground broadcast:(BroadcastRecord{722cf13 u-1 android.intent.action.TIME_TICK}) should be proxyed, target:(BroadcastFilter{bf87ed6 u0 ReceiverList{e9622f1 18589 com.tencent.mm:tools/10105/u0 remote:defaa98}})
12-17 19:52:46.190  1795  1795 D PowerManagerService: ready=true,policy=0,wakefulness=0,wksummary=0x1,uasummary=0x0,bootcompleted=true,boostinprogress=false,waitmodeenable=false,mode=true,manual=33,auto=-1,adj=0.0userId=0
12-17 19:52:46.195  1795  2665 D NetdConnector: RCV <- {200 11652 Firewall command succeeded}
12-17 19:52:46.196  1795  2665 D NetdConnector: RCV <- {200 11652 Firewall command succeeded}
12-17 19:52:46.234  1795  1807 D NetworkPolicy: setRestrictBackgroundLocked(): false
12-17 19:52:46.239  1795  1807 W NetworkManagement: setDataSaverMode(): already false
12-17 19:52:46.247  1795  1807 D NetworkPolicy: updateRulesForGlobalChangeLocked(false) took 119ms
12-17 19:52:46.247  1795  1807 I SendBroadcastPermission: action:android.os.action.LIGHT_DEVICE_IDLE_MODE_CHANGED, mPermissionType:0
12-17 19:52:46.248  2852  2852 D DateTimeView: Change to single clock mode!
12-17 19:52:46.248  1795  1807 I HwActivityManagerService: Split enqueueing broadcast [callerApp]:ProcessRecord{34bf34f 0:system/1000}
12-17 19:52:46.248  1795  1807 I ActivityManager_broadcast: Enqueueing ordered broadcast[foreground] BroadcastRecord{1ba7349 u-1 android.os.action.LIGHT_DEVICE_IDLE_MODE_CHANGED}: prev had 0
12-17 19:52:46.249  1795  1808 I ActivityManager_broadcast: dispatch ordered broadcast [foreground] BroadcastRecord{1ba7349 u-1 android.os.action.LIGHT_DEVICE_IDLE_MODE_CHANGED}, has 2 receivers
12-17 19:52:46.249  1795  1807 D DeviceIdleController: handleMessage(7)
12-17 19:52:46.250  2852  2852 D DateTimeView: Change to single clock mode!
12-17 19:52:46.251  3782  3782 E DpmApi  : enableTrigger 
12-17 19:52:46.251  3782  3782 E DpmApi  : enableTriggerMethod 
12-17 19:52:46.257  1795  1795 D HwPFWLogger: AutoStartupDataMgr:isUnderControll third party not in whitelist: com.icbc.im
12-17 19:52:46.257  1795  1795 D HwPFWLogger: AutoStartupDataMgr:retrieveStartupSettings type 1 of com.icbc.im is 0
12-17 19:52:46.257  1795  1795 I HwPFWLogger: AppAutoStartupPolicy:prevent start package com.icbc.im, serviceInfo com.icbc.im.service.Keep2 by callerPid 1795, callerUid 1000, scene:jobService
12-17 19:52:46.257  1795  2709 I ActivityManager_service: retrieveServiceLocked, callerApp: ProcessRecord{34bf34f 0:system/1000}, flags: 10000400
12-17 19:52:46.257  1795  1795 D JobSchedulerService: Error executing 114..:[ComponentInfo{com.icbc.im/com.icbc.im.service.Keep2},jId=2,u0,R=(-49:16:46,-49:11:46),N=0,C=false,I=false,U=false,F=0,P=true,ANI=true,DND=true(READY)]
12-17 19:52:46.258  1795  1807 D DeviceIdleController: handleMessage(7)
12-17 19:52:46.258  1795  2709 I ActivityManager_service: retrieveServiceLocked, callerApp: ProcessRecord{34bf34f 0:system/1000}, flags: 10000400
12-17 19:52:46.259  2883  3125 I HwSystemManager: StartupResidentService:InnerHandler Message:2
12-17 19:52:46.260  2883  2883 W HwSystemManager: AbsRecordInfo:createRecordFromBundle type provider or service
12-17 19:52:46.266  2852  2852 W PanelView: set notification panel padding = 1675
12-17 19:52:46.267  2852  2852 I TrafficPanelManager: hideTraffic
12-17 19:52:46.267  2852  2852 I TrafficPanelViewContent: onShowStatusChange show:false
12-17 19:52:46.267  2852  2852 I StackScrollAlgorithm: updateClipping isOverlap:false
12-17 19:52:46.268  2852  2852 I StackScrollAlgorithm: updateDimmedActivatedHideSensitive overlap:false
12-17 19:52:46.271  2883  3125 I HwSystemManager: StartupResidentService:InnerHandler Message:7
12-17 19:52:46.829  1795  1795 I TrafficMonitor: expired arrive. level:-1
12-17 19:52:46.829  1795  1795 I TrafficMonitor: during_ms:2034,period_ms:2000
12-17 19:52:46.829  1795  1795 I TrafficMonitor: count:133,rx_sum:1,tx_sum:2,rxBytes:77,during_ms:2034,rx_speed:37.856440511307774,tx_speed:57.522123893805315,rto:0.5
12-17 19:52:46.829  1795  1795 D HuaweiWifiWatchdogStateMachine: speed: rxpkt:1, rxSpd:37B/s, txpkt:2, txSpd:57
12-17 19:52:47.112  7741  7758 D TmoMonitor: Cache monitor msg as screen_off
12-17 19:52:47.113   816  1562 W SocketListener: sending broadcast to Pid = 1795, Uid = 1000 
12-17 19:52:47.115  1795  2665 D NetdConnector: RCV <- {613 IfaceClass active 1 444103476672829 10102}
12-17 19:52:47.117  1795  2665 D NetdConnector: RCV <- {613 IfaceClass active 1 444103476672829 10102}
12-17 19:52:47.119  1795  1819 D NetdConnector: RCV unsolicited event from native daemon, event = 613 IfaceClass active 1 444103476672829 10102
12-17 19:52:47.120  1795  1819 D NetworkManagement: notifyInterfaceClassActivity: client is com.android.server.net.NetworkStatsService$6@5d6efc
12-17 19:52:47.121  1795  1819 D NetworkManagement: notifyInterfaceClassActivity: client is android.net.ip.IpManager$2@4c99c84
12-17 19:52:47.121  1795  1819 D NetworkManagement: notifyInterfaceClassActivity: client is com.android.server.net.NetworkPolicyManagerService$13@4df0feb
12-17 19:52:47.121  1795  1819 D NetworkManagement: notifyInterfaceClassActivity: client is android.net.INetworkManagementEventObserver$Stub$Proxy@af226
12-17 19:52:47.121  1795  1819 D NetworkManagement: notifyInterfaceClassActivity: client is android.net.INetworkManagementEventObserver$Stub$Proxy@c0acf8b
12-17 19:52:47.122  1795  1819 D NetworkManagement: notifyInterfaceClassActivity: client is com.android.server.ConnectivityService$1@e0f099c
12-17 19:52:47.122  1795  1813 E BatteryStatsService: no controller energy info supplied
12-17 19:52:47.122  1795  1819 I SendBroadcastPermission: action:android.net.conn.DATA_ACTIVITY_CHANGE, mPermissionType:0
12-17 19:52:47.123  1795  1819 D NetworkManagement: notifyInterfaceClassActivity: client is com.android.server.connectivity.Vpn$2@e40aefb
12-17 19:52:47.123  1795  1819 D NetworkManagement: notifyInterfaceClassActivity: client is com.android.server.ethernet.EthernetNetworkFactory$InterfaceObserver@fccfd35
12-17 19:52:47.123  1795  1819 D NetworkManagement: notifyInterfaceClassActivity: client is com.android.server.connectivity.Tethering@ff4a50f
12-17 19:52:47.124   803   905 I Pged-PgedBinderService: Proc: 4634 utime:1144
12-17 19:52:47.125  1795 20747 D PowerManagerService: acquire lock=179044068, flags=0x1, tag="hibernation", name=com.huawei.powergenie, ws=null, uid=1000, pid=3180
12-17 19:52:47.126  1795 20747 D PowerManagerService: ready=true,policy=0,wakefulness=0,wksummary=0x1,uasummary=0x0,bootcompleted=true,boostinprogress=false,waitmodeenable=false,mode=true,manual=33,auto=-1,adj=0.0userId=0
12-17 19:52:47.147  1795 17831 D GpsFreezeProc: addFreezeProcess pkg:com.tencent.mm
12-17 19:52:47.147  1795 17831 I GnssLocationProvider: setRequest ProviderRequest[OFF]
12-17 19:52:47.147  1795 17831 I GnssLocationProvider: stopNavigating, mStarted=false
12-17 19:52:47.148  3180  3578 I ash     : proxy app:com.tencent.mm,uid:10105,result:true
12-17 19:52:47.164  3180  3578 D PgedBinderAdapter: frz ok, pid: [4492, 4634, 18589]
12-17 19:52:47.164  3180  3578 I PGServer: report state:6 event type:1 pid:0 uid:10105 pkg:com.tencent.mm to pid: 1795
12-17 19:52:47.164  3180  3578 I ash     : Freeze com.tencent.mm OK !
12-17 19:52:47.164  3180  3578 I PgedBinderAdapter: Listener network packet by uids: [10102, 10105]
12-17 19:52:47.165  1795  1807 I AwareLog: AppHiber_Task:  Screen   Off  State, frozenInhandleMsg Return
12-17 19:52:47.165  3180  3578 I ash     : add listener com.tencent.mm net packet OK !,uid:10105
12-17 19:52:47.166   803 21024 E Pged-NetworkMonitor: open file error
12-17 19:52:47.167  1795  3253 I PGManagerService: proxyWakeLockByPidUid, pid: 4492, uid: 10105, proxy: true
12-17 19:52:47.168  3180  3578 I ash     : Proxy wakelock uid = 10105 pid = 4492
12-17 19:52:47.169  1795 11745 I PGManagerService: proxyWakeLockByPidUid, pid: 4634, uid: 10105, proxy: true
12-17 19:52:47.169  3180  3578 I ash     : Proxy wakelock uid = 10105 pid = 4634
12-17 19:52:47.170  1795 16500 I PGManagerService: proxyWakeLockByPidUid, pid: 18589, uid: 10105, proxy: true
12-17 19:52:47.171  3180  3578 I ash     : Proxy wakelock uid = 10105 pid = 18589
12-17 19:52:47.173  1795  3249 D PowerManagerService: release:lock=179044068, flg=0x0, tag="hibernation", name=com.huawei.powergenie", ws=null, uid=1000, pid=3180
12-17 19:52:47.174  1795  3249 D PowerManagerService: ready=true,policy=0,wakefulness=0,wksummary=0x1,uasummary=0x0,bootcompleted=true,boostinprogress=false,waitmodeenable=false,mode=true,manual=33,auto=-1,adj=0.0userId=0
12-17 19:52:47.764   802   802 E Thermal-daemon: [Thermal_Hw] temperature_valid, battery : temperature is invalid, invalid temperatrue is 27
12-17 19:52:47.764   802   802 E Thermal-daemon: [Thermal_Hw] temperature_filter: get invalid temperature, use old temp
12-17 19:52:47.765   802   802 E Thermal-daemon: [pa_0] temp_new :28  temp_old :27
