12-17 19:32:02.566  1795  2728 D HwArpVerifier: performPollAndLog:
12-17 19:32:02.573  1795  2728 D hw_netstat: total/1758/736,com.huawei.espacev2/1654/736,unknown:0/104/0
12-17 19:32:02.576  1795  2728 E HwCHRWebMonitor: WebMonitor [mNetWorkIsSuck=0 mUIDIsSuck=]  WebSpeed [WEBSENDSEGS=0  WEBRESENDSEGS=0  WEBRECVSEGS=0  WEBERRSEGS=0  WEBOUTRSTS=0  WEBESTABLISRST=0  WEBRTTDURATION=0  WEBRTTSEGS=0  WEBSRTT=250  WEBSNDDUPACKS=0  SENDSEGS=10  RESENDSEGS=0  RECVSEGS=8  ERRSEGS=0  OUTRSTS=0  ESTABLISRST=0  RTTDURATION=6  RTTSEGS=4  SNDDUPACKS=0  suckTimes=0 recovage_times=0]
12-17 19:32:02.576  1795  2728 E HwCHRWifiRSSIGroupSummery: updateTcpSummery mRSSI:-56  HwCHRWifiRSSIGroup [rssi_index=4, rtt_tcp_packets=64, rtt_tcp_duration=525, rtt_lan_duration=154, rtt_lan_failures=0, rtt_lan_succ=3, rtt_lan_max=124, rtt_lan_min=14,same_area_frequency=0,adjacent_area_frequency=0]
12-17 19:32:02.577  1795  2728 D WifiHW  : wifi_send_command: cmd:'IFNAME=wlan0 PKTCNT_POLL'
12-17 19:32:02.577  5215  5215 D wpa_supplicant: wlan0: Control interface command 'PKTCNT_POLL'
12-17 19:32:02.591  5215  5215 D wpa_supplicant: CTRL-DEBUG: global_ctrl_sock-sendto: sock=16 sndbuf=229376 outq=0 send_len=34
12-17 19:32:02.593  1795  2728 E HwCHRWebMonitor: HwCHRWifiPacketCnt [mTXGood=10, mTXbad=0, mRXGood=8] rssi=-56
12-17 19:32:02.594  1795  2728 E HwCHRWebMonitor: running processName=com.android.incallui
12-17 19:32:02.596  1795  2728 E HwCHRWebMonitor: HwCHRWifiUIDWebSpeed [appName=com.huawei.espacev2 UID=10102  WEBSENDSEGS=0  WEBRESENDSEGS=0  WEBRECVSEGS=0  WEBERRSEGS=0  WEBOUTRSTS=0  WEBESTABLISRST=0  WEBRTTDURATION=0  WEBRTTSEGS=0  WEBSNDDUPACKS=0  suckTimes=0 recovage_times=0]
12-17 19:32:02.596  1795  2728 D HwArpVerifier: doCheckAccessInternet
12-17 19:32:02.596  1795  2728 D HwArpVerifier: mAccessWebStatus : rx = 0, tx = 0
12-17 19:32:02.596  1795  2728 D HwArpVerifier: getDNSFailedCntDiff  dnsNewFailCnt =  1001, aws.getOldDnsFailedCnt() = 1001, dnsDiff = 0
12-17 19:32:02.601  1795  2332 I qti_sensors_hal: [ACC]processReportInd: X: 6.240949 Y: 6.970572 Z: 3.400250  x_offset:0.160831 y_offset:0.184366 z_offset:0.985027
12-17 19:32:02.604  7741  7758 D TmoMonitor: Cache monitor msg as screen_off
12-17 19:32:02.665  7741  7758 D TmoMonitor: Cache monitor msg as screen_off
12-17 19:32:02.797  1795  2332 I qti_sensors_hal: [ACC]processReportInd: X: 8.061063 Y: 5.432883 Z: 2.271984  x_offset:0.160831 y_offset:0.184366 z_offset:0.985027
12-17 19:32:02.979  7741  7758 D TmoMonitor: Cache monitor msg as screen_off
12-17 19:32:02.994  1795  2332 I qti_sensors_hal: [ACC]processReportInd: X: 8.139524 Y: 5.707480 Z: 1.553294  x_offset:0.160831 y_offset:0.184366 z_offset:0.985027
12-17 19:32:03.113  7741  7758 D TmoMonitor: Cache monitor msg as screen_off
12-17 19:32:03.128  7741  7758 D TmoMonitor: Cache monitor msg as screen_off
12-17 19:32:03.189  1795  2332 I qti_sensors_hal: [ACC]processReportInd: X: 7.629575 Y: 6.358634 Z: -0.200925  x_offset:0.160831 y_offset:0.184366 z_offset:0.985027
12-17 19:32:03.191  1795  1795 I TrafficMonitor: update:rxPkts:0,txPkts:0,rxBytes:0,txBytes:0
12-17 19:32:03.191  1795  1795 I TrafficMonitor: start expired. level:-1
12-17 19:32:03.191  1795  1795 I TrafficMonitor: gettimer:interval=2000
12-17 19:32:03.386  1795  2332 I qti_sensors_hal: [ACC]processReportInd: X: 6.068357 Y: 7.080405 Z: -1.352383  x_offset:0.160831 y_offset:0.184366 z_offset:0.985027
12-17 19:32:03.583  1795  2332 I qti_sensors_hal: [ACC]processReportInd: X: 5.817304 Y: 7.158850 Z: -0.718690  x_offset:0.160831 y_offset:0.184366 z_offset:0.985027
12-17 19:32:03.616  3180  4307 I AwareLog: MemoryRecoveryDMEPlugin: handle message MSG_MEM_LEAK_CHECK
12-17 19:32:04.115  7741  7758 D TmoMonitor: Cache monitor msg as screen_off
12-17 19:32:04.408  7741  7758 D TmoMonitor: Cache monitor msg as screen_off
12-17 19:32:04.498  7741  7758 D TmoMonitor: Cache monitor msg as screen_off
12-17 19:32:04.762  7741  7758 D TmoMonitor: Cache monitor msg as screen_off
12-17 19:32:04.826  1795  2671 D WifiHW  : wifi_send_command: cmd:'IFNAME=wlan0 SIGNAL_POLL'
12-17 19:32:04.827  5215  5215 D wpa_supplicant: wlan0: Control interface command 'SIGNAL_POLL'
12-17 19:32:04.848  5215  5215 E wpa_supplicant: RSSI=-57;LINKSPEED=72;NOISE=9999;FREQUENCY=2452;
12-17 19:32:04.848  5215  5215 D wpa_supplicant: CTRL-DEBUG: global_ctrl_sock-sendto: sock=16 sndbuf=229376 outq=0 send_len=48
12-17 19:32:04.850  1795  2671 V HwWifiServiceFactory: get AllImpl object = com.android.server.wifi.HwWifiServiceFactoryImpl@c332618
12-17 19:32:04.851  1795  2671 E WifiConfigManager: updateConfiguration freq=2452 BSSID=80:38:bc:08:42:c1 RSSI=-56 "Huawei-Employee"WPA_EAP
12-17 19:32:04.851  1795  2671 D WifiHW  : wifi_send_command: cmd:'IFNAME=wlan0 PKTCNT_POLL'
12-17 19:32:04.852  5215  5215 D wpa_supplicant: wlan0: Control interface command 'PKTCNT_POLL'
12-17 19:32:04.865  5215  5215 D wpa_supplicant: CTRL-DEBUG: global_ctrl_sock-sendto: sock=16 sndbuf=229376 outq=0 send_len=34
12-17 19:32:04.872  1795  2739 D HuaweiWifiWatchdogStateMachine: LM mrssi=-57
12-17 19:32:04.872  1795  1795 D WiFi_PRO: MSG_RETURN_AP_CURRY_RSSI rssi = -57
12-17 19:32:04.872  1795  2739 D HuaweiWifiWatchdogStateMachine: 80:38:bc:08:42:c1 current loss[-57]=0%, volume=10
12-17 19:32:04.872  1795  2739 D HuaweiWifiWatchdogStateMachine: 80:38:bc:08:42:c1 history loss[-57]=0%, volume=40836
12-17 19:32:04.872  1795  1795 I QosMonitor: queryRtt: rtt_type = 3
12-17 19:32:04.873  1795  1795 I WifiProJNI: ######### GET RTT:3 ########
12-17 19:32:04.873  1795  1795 D WifiProJNI: send_cmd_kernel: cmd=7
12-17 19:32:04.873  1795  2737 D WifiProJNI: Received kernel message payload: event 4
12-17 19:32:04.874  1795  2739 I HuaweiWifiWatchdogStateMachine: spd good count:0, add sc:0.0, rate:1.0
12-17 19:32:04.874  1795  2737 I QosMonitor: postEventFromNative: msg=100,arg1=4,arg2=9
12-17 19:32:04.874  1795  2739 I HuaweiWifiWatchdogStateMachine: current mHighDataFlowRate = 1.0
12-17 19:32:04.874  1795  2739 I HuaweiWifiWatchdogStateMachine: POta txb txg rxg:0, 10, 0. Lr =0% Totpkt=10
12-17 19:32:04.874  1795  2737 W WifiProJNI: poll before: g_monitor_fd =310
12-17 19:32:04.874  1795  1795 D HuaweiWifiWatchdogStateMachine: setSampleRtt: unvalid rtt
12-17 19:32:04.875  1795  1795 I WifiProJNI: ######### CMD_QUERY_PKTS ########
12-17 19:32:04.875  1795  1795 D WifiProJNI: send_cmd_kernel: cmd=1
12-17 19:32:04.875  1795  2737 D WifiProJNI: Received kernel message payload: event 0
12-17 19:32:04.875  1795  2737 I QosMonitor: postEventFromNative: msg=100,arg1=0,arg2=9
12-17 19:32:04.875  1795  2737 W WifiProJNI: poll before: g_monitor_fd =310
12-17 19:32:04.876  1795  1795 I MQoS    : rtt=250,tcp_tx_pkts=1480287,tcp_rx_pkts=1768498
12-17 19:32:04.877  1795  2739 D HuaweiWifiWatchdogStateMachine: dumpTcpResult: len=9,rtt=250,rttPkt=6,rttWn=81,cgt=0,cgtWn=0
12-17 19:32:04.877  1795  2739 I HuaweiWifiWatchdogStateMachine: PTcp RTT:0, rtt pkt=0, tcp_rx=0, tcp_tx=0, tcp_reTran=0, rtRate=0
12-17 19:32:04.877  1795  2739 D HuaweiWifiWatchdogStateMachine: mRssiBadCount =0, RSSI not bad.
12-17 19:32:04.877  1795  2739 D HuaweiWifiWatchdogStateMachine: detectNetworkAvailable:hw.wifipro.dns_fail_count = 1001
12-17 19:32:04.878  1795  2739 I HuaweiWifiWatchdogStateMachine: rs ota tcp lr rttvb bad: false, false, false, false, false; rsth:-75
12-17 19:32:04.878  1795  5350 I MQoS    : QOS_level:0(0),DataDisable;use level-0
12-17 19:32:04.878  1795  2739 D HuaweiWifiWatchdogStateMachine: GSC:0, GSR:1.0, RSR:1.0, RTH:-75
12-17 19:32:04.878  1795  2739 D HuaweiWifiWatchdogStateMachine: bqeLevel = 0 rtt=0,rtt_pkts=0 speed=0 rssi=-57
12-17 19:32:04.878  1795  2739 I HuaweiWifiWatchdogStateMachine:  pkt chk not bad, reset sc to 0.
12-17 19:32:04.878  1795  2739 D HuaweiWifiWatchdogStateMachine: ### mPktChkBadCnt=0
12-17 19:32:05.194  1795  1795 I TrafficMonitor: update:rxPkts:0,txPkts:0,rxBytes:0,txBytes:0
12-17 19:32:05.194  1795  1795 I TrafficMonitor: start expired. level:-1
12-17 19:32:05.194  1795  1795 I TrafficMonitor: gettimer:interval=2000
12-17 19:32:05.275  7741  7758 D TmoMonitor: Cache monitor msg as screen_off
12-17 19:32:05.310  7741  7758 D TmoMonitor: Cache monitor msg as screen_off
12-17 19:32:05.359  7741  7758 D TmoMonitor: Cache monitor msg as screen_off
12-17 19:32:05.605  7741  7758 D TmoMonitor: Cache monitor msg as screen_off
12-17 19:32:05.703  7741  7758 D TmoMonitor: Cache monitor msg as screen_off
12-17 19:32:05.801  1795  2371 E huawei_ProximitySensor_CPP_Test: ProximitySensor: 9 is far event,0 is close event,value = 9.000000
12-17 19:32:05.802  1795  2371 I huawei_ProximitySensor_CPP_Test: readEvents:345: ProximitySensor: getTimestamp,mPendingEvent.timestamp =-502348865 
12-17 19:32:05.804  1795  1825 D DisplayPowerController: handleProximitySensorEvent positive:false
12-17 19:32:05.804  1795  1825 D PowerManagerService: Acquiring suspend blocker "PowerManagerService.Display".
12-17 19:32:05.805  1795  1825 I PowerManager_screenOn: DisplayPowerController updatePowerState mPendingRequestLocked=policy=OFF, useProximitySensor=true, useProximitySensorbyPhone=true, screenBrightness=33, screenAutoBrightnessAdjustment=0.0, brightnessSetByUser=true, useAutoBrightness=true, blockScreenOn=false, lowPowerMode=false, boostScreenBrightness=false, dozeScreenBrightness=-1, dozeScreenState=UNKNOWN, useTwilight=false, useSmartBacklight=true, brightnessWaitMode=false, brightnessWaitRet=true, screenAutoBrightness=-1, userId=0
12-17 19:32:05.805  1795  1825 I WindowManger_keyguard: Screen turned off...
12-17 19:32:05.806  1795  1825 V KeyguardServiceDelegate: onScreenTurnedOff()
12-17 19:32:05.806  1795  1825 I WindowManger_keyguard: onScreenTurnedOff()
12-17 19:32:05.807  1795  1825 W HwScreenOnProximityLock: releaseLock: return because sensor listener is held = false
12-17 19:32:05.808  1795  1825 D HwNormalizedAutomaticBrightnessController: set power status:mPowerStatus=true,powerStatus=false
12-17 19:32:05.808  2852  2822 D KeyguardService: Caller checkPermission fail
12-17 19:32:05.809  2852  2822 D KeyguardService: KGSvcCall onScreenTurnedOff.
12-17 19:32:05.809  2852  2822 D KeyguardViewMediator: notifyScreenTurnedOff
12-17 19:32:05.809  1795  1825 D DisplayPowerController: Animating brightness: target=0, rate=0
12-17 19:32:05.810  2852  2852 D KeyguardViewMediator: handleNotifyScreenTurnedOff
12-17 19:32:05.811  1795  1825 I PowerManager_screenOn: PowerManagerServiceonProximityNegative -> updatePowerStateLocked
12-17 19:32:05.811  1795  1825 D PowerManagerService: userActivityNoUpdateLocked: eventTime=123038983, event=0, flags=0x0, uid=1000
12-17 19:32:05.811  1795  1825 I PowerManager_screenOn: PowerManagerNotifier onUserActivity: event=0, uid=1000
12-17 19:32:05.813  1795  1825 I PowerManager_screenOn: PowerManagerService wakeUpNoUpdateLocked: eventTime=123038985, uid=1000
12-17 19:32:05.813  1795  1825 I PowerManager_screenOn: PowerManagerService Waking up from sleep (uid 1000)...
12-17 19:32:05.813  1795  1825 I PowerManager_screenOn: PowerManagerNotifier onWakefulnessChangeStarted: wakefulness=1, reason=0, interactive=true, mInteractive=false, mInteractiveChanging=false
