12-17 19:35:52.186  1795  2750 I HwLightsService: back light level before map = 393
12-17 19:35:52.187  1795  2750 D HW_DISPLAY_EFFECT: presently, hw_update_color_temp_for_rg_led interface not achieved.
12-17 19:35:52.203  1795  2750 D HW_DISPLAY_EFFECT: presently, hw_update_color_temp_for_rg_led interface not achieved.
12-17 19:35:52.220  1795  2750 D HW_DISPLAY_EFFECT: presently, hw_update_color_temp_for_rg_led interface not achieved.
12-17 19:35:52.233  1795 16498 W ActivityManager: getRunningAppProcesses: caller 10102 does not hold REAL_GET_TASKS; limiting output
12-17 19:35:52.236  1795  2750 D HW_DISPLAY_EFFECT: presently, hw_update_color_temp_for_rg_led interface not achieved.
12-17 19:35:52.253  1795  2750 D HW_DISPLAY_EFFECT: presently, hw_update_color_temp_for_rg_led interface not achieved.
12-17 19:35:52.269  1795  2750 D HW_DISPLAY_EFFECT: presently, hw_update_color_temp_for_rg_led interface not achieved.
12-17 19:35:52.286  1795  2750 D HW_DISPLAY_EFFECT: presently, hw_update_color_temp_for_rg_led interface not achieved.
12-17 19:35:52.303  1795  2750 D HW_DISPLAY_EFFECT: presently, hw_update_color_temp_for_rg_led interface not achieved.
12-17 19:35:52.319  1795  2750 I HwLightsService: back light level before map = 351
12-17 19:35:52.319  1795  2750 D HW_DISPLAY_EFFECT: presently, hw_update_color_temp_for_rg_led interface not achieved.
12-17 19:35:52.336  1795  2750 D HW_DISPLAY_EFFECT: presently, hw_update_color_temp_for_rg_led interface not achieved.
12-17 19:35:52.351  1795  1795 I MQoS    : onSignal: mSubId=0,currDataSubID=0
12-17 19:35:52.351  1795  1795 I MQoS    : received cell-signal:5
12-17 19:35:52.352  3858  4126 I amsnl   : csr
12-17 19:35:52.352  1795 15987 I SendBroadcastPermission: action:android.intent.action.SIG_STR, mPermissionType:0
12-17 19:35:52.352  1795  2750 D HW_DISPLAY_EFFECT: presently, hw_update_color_temp_for_rg_led interface not achieved.
12-17 19:35:52.352  3858  4126 I amsnl   : t:false, fl: false, p: 2147483647000, ce: true, we: true
12-17 19:35:52.354  2852  3556 I NetworkController.MobileSignalController(0): onSignalStrengthsChanged signalStrength=SignalStrength: -1 0 -1 255 -1 255 -1 255 255 30 -84 -7 300 2147483647 2147483647 false gw|lte level=5 isSuspend=false levelOld=5,mSignalStrength level=5
12-17 19:35:52.355  2852  2914 I HwMobileSignalController: updateSignalStrength: signalStrength=SignalStrength: -1 0 -1 255 -1 255 -1 255 255 30 -84 -7 300 2147483647 2147483647 false gw|lte
12-17 19:35:52.356  1795  3238 D wifiserviceimpl: netmask =16580607
12-17 19:35:52.356  3858  4126 I amsnl   : m1: false
12-17 19:35:52.358  1795  2778 W ActivityManager: getRunningAppProcesses: caller 10009 does not hold REAL_GET_TASKS; limiting output
12-17 19:35:52.359  3858  4126 I amsnl   : m2: false, m3: false
12-17 19:35:52.360  3858  4126 I amsnl   : c: true, w: false, t: false, l: false
12-17 19:35:52.361  2852  2914 I HwMobileSignalController: subId:0 phoneType:1 networktype:13 targetClass:3 masterLevel:5 slaveLevel:-1
12-17 19:35:52.368  1795  2750 D HW_DISPLAY_EFFECT: presently, hw_update_color_temp_for_rg_led interface not achieved.
12-17 19:35:52.385  1795  2750 D HW_DISPLAY_EFFECT: presently, hw_update_color_temp_for_rg_led interface not achieved.
12-17 19:35:52.402  1795  2750 D HW_DISPLAY_EFFECT: presently, hw_update_color_temp_for_rg_led interface not achieved.
12-17 19:35:52.418  1795  2750 D HW_DISPLAY_EFFECT: presently, hw_update_color_temp_for_rg_led interface not achieved.
12-17 19:35:52.434  1795  2750 I HwLightsService: back light level before map = 315
12-17 19:35:52.435  1795  2750 D HW_DISPLAY_EFFECT: presently, hw_update_color_temp_for_rg_led interface not achieved.
12-17 19:35:52.451  1795  2750 D HW_DISPLAY_EFFECT: presently, hw_update_color_temp_for_rg_led interface not achieved.
12-17 19:35:52.460  1795  2728 D HwArpVerifier: performPollAndLog:
12-17 19:35:52.467  1795  2728 D hw_netstat: total/40/329,com.tencent.mm/40/329
12-17 19:35:52.468  1795  2750 D HW_DISPLAY_EFFECT: presently, hw_update_color_temp_for_rg_led interface not achieved.
12-17 19:35:52.471  1795  2728 E HwCHRWebMonitor: WebMonitor [mNetWorkIsSuck=0 mUIDIsSuck=]  WebSpeed [WEBSENDSEGS=1  WEBRESENDSEGS=0  WEBRECVSEGS=1  WEBERRSEGS=0  WEBOUTRSTS=0  WEBESTABLISRST=0  WEBRTTDURATION=1  WEBRTTSEGS=1  WEBSRTT=80  WEBSNDDUPACKS=0  SENDSEGS=0  RESENDSEGS=0  RECVSEGS=0  ERRSEGS=0  OUTRSTS=0  ESTABLISRST=0  RTTDURATION=0  RTTSEGS=0  SNDDUPACKS=0  suckTimes=0 recovage_times=0]
12-17 19:35:52.471  1795  2728 E HwCHRWifiRSSIGroupSummery: updateTcpSummery mRSSI:-45  HwCHRWifiRSSIGroup [rssi_index=4, rtt_tcp_packets=98, rtt_tcp_duration=843, rtt_lan_duration=223, rtt_lan_failures=0, rtt_lan_succ=7, rtt_lan_max=124, rtt_lan_min=14,same_area_frequency=0,adjacent_area_frequency=0]
12-17 19:35:52.471  1795  2728 D WifiHW  : wifi_send_command: cmd:'IFNAME=wlan0 PKTCNT_POLL'
12-17 19:35:52.472  5215  5215 D wpa_supplicant: wlan0: Control interface command 'PKTCNT_POLL'
12-17 19:35:52.485  1795  2750 D HW_DISPLAY_EFFECT: presently, hw_update_color_temp_for_rg_led interface not achieved.
12-17 19:35:52.488  5215  5215 D wpa_supplicant: CTRL-DEBUG: global_ctrl_sock-sendto: sock=16 sndbuf=229376 outq=0 send_len=34
12-17 19:35:52.489  1795  2671 D WifiHW  : wifi_send_command: cmd:'IFNAME=wlan0 SIGNAL_POLL'
12-17 19:35:52.489  1795  2728 E HwCHRWebMonitor: HwCHRWifiPacketCnt [mTXGood=1, mTXbad=0, mRXGood=2] rssi=-45
12-17 19:35:52.490  5215  5215 D wpa_supplicant: wlan0: Control interface command 'SIGNAL_POLL'
12-17 19:35:52.491  1795  2728 E HwCHRWebMonitor: running processName=com.huawei.android.launcher
12-17 19:35:52.492  1795  2728 E HwCHRWebMonitor: HwCHRWifiUIDWebSpeed [appName=com.tencent.mm UID=10105  WEBSENDSEGS=1  WEBRESENDSEGS=0  WEBRECVSEGS=1  WEBERRSEGS=0  WEBOUTRSTS=0  WEBESTABLISRST=0  WEBRTTDURATION=1  WEBRTTSEGS=1  WEBSNDDUPACKS=0  suckTimes=0 recovage_times=0]
12-17 19:35:52.493  1795  2728 D HwArpVerifier: doCheckAccessInternet
12-17 19:35:52.493  1795  2728 D HwArpVerifier: mAccessWebStatus : rx = 1, tx = 1
12-17 19:35:52.493  1795  2728 D HwArpVerifier: AccessWebStatus : reset all
12-17 19:35:52.501  1795  2750 D HW_DISPLAY_EFFECT: presently, hw_update_color_temp_for_rg_led interface not achieved.
12-17 19:35:52.505  5215  5215 E wpa_supplicant: RSSI=-45;LINKSPEED=72;NOISE=9999;FREQUENCY=2452;
12-17 19:35:52.505  5215  5215 D wpa_supplicant: CTRL-DEBUG: global_ctrl_sock-sendto: sock=16 sndbuf=229376 outq=0 send_len=48
12-17 19:35:52.506  1795  2671 V HwWifiServiceFactory: get AllImpl object = com.android.server.wifi.HwWifiServiceFactoryImpl@c332618
12-17 19:35:52.506  1795  2671 E WifiConfigManager: updateConfiguration freq=2452 BSSID=80:38:bc:08:42:c1 RSSI=-44 "Huawei-Employee"WPA_EAP
12-17 19:35:52.507  1795  2671 D WifiHW  : wifi_send_command: cmd:'IFNAME=wlan0 PKTCNT_POLL'
12-17 19:35:52.507  5215  5215 D wpa_supplicant: wlan0: Control interface command 'PKTCNT_POLL'
12-17 19:35:52.518  1795  2750 D HW_DISPLAY_EFFECT: presently, hw_update_color_temp_for_rg_led interface not achieved.
12-17 19:35:52.522  5215  5215 D wpa_supplicant: CTRL-DEBUG: global_ctrl_sock-sendto: sock=16 sndbuf=229376 outq=0 send_len=34
12-17 19:35:52.524  1795  2739 D HuaweiWifiWatchdogStateMachine: LM mrssi=-45
12-17 19:35:52.524  1795  1795 D WiFi_PRO: MSG_RETURN_AP_CURRY_RSSI rssi = -45
12-17 19:35:52.524  1795  2739 D HuaweiWifiWatchdogStateMachine: 80:38:bc:08:42:c1 current loss[-45]=0%, volume=2
12-17 19:35:52.525  1795  1795 I QosMonitor: queryRtt: rtt_type = 3
12-17 19:35:52.525  1795  1795 I WifiProJNI: ######### GET RTT:3 ########
12-17 19:35:52.525  1795  1795 D WifiProJNI: send_cmd_kernel: cmd=7
12-17 19:35:52.525  1795  2739 D HuaweiWifiWatchdogStateMachine: 80:38:bc:08:42:c1 history loss[-45]=0.02%, volume=189536
12-17 19:35:52.525  1795  2737 D WifiProJNI: Received kernel message payload: event 4
12-17 19:35:52.525  1795  2739 I HuaweiWifiWatchdogStateMachine: spd good count:0, add sc:0.0, rate:1.0
12-17 19:35:52.525  1795  2737 I QosMonitor: postEventFromNative: msg=100,arg1=4,arg2=9
12-17 19:35:52.525  1795  2739 I HuaweiWifiWatchdogStateMachine: current mHighDataFlowRate = 1.0
12-17 19:35:52.525  1795  2737 W WifiProJNI: poll before: g_monitor_fd =310
12-17 19:35:52.525  1795  2739 I HuaweiWifiWatchdogStateMachine: POta txb txg rxg:0, 2, 0. Lr =0% Totpkt=2
12-17 19:35:52.525  1795  1795 D HuaweiWifiWatchdogStateMachine: 80:38:bc:08:42:c1 current RTT[-45]=80, volume=1
12-17 19:35:52.525  1795  1795 D HuaweiWifiWatchdogStateMachine: 80:38:bc:08:42:c1 history RTT[-45]=392, volume=44044
12-17 19:35:52.525  1795  1795 D HuaweiWifiWatchdogStateMachine: setSampleRtt: rtt=80,rtt_pkts =1,rtt_when=4
12-17 19:35:52.525  1795  1795 I WifiProJNI: ######### CMD_QUERY_PKTS ########
12-17 19:35:52.525  1795  1795 D WifiProJNI: send_cmd_kernel: cmd=1
12-17 19:35:52.526  1795  1795 I QosMonitor: resetRtt: rtt_type = 3
12-17 19:35:52.526  1795  1795 I WifiProJNI: ######### RESET RTT:3 ########
12-17 19:35:52.526  1795  1795 D WifiProJNI: send_cmd_kernel: cmd=6
12-17 19:35:52.526  1795  2737 D WifiProJNI: Received kernel message payload: event 0
12-17 19:35:52.526  1795  2737 I QosMonitor: postEventFromNative: msg=100,arg1=0,arg2=9
12-17 19:35:52.526  1795  2737 W WifiProJNI: poll before: g_monitor_fd =310
12-17 19:35:52.526  1795  1795 I MQoS    : rtt=80,tcp_tx_pkts=1480359,tcp_rx_pkts=1768563
12-17 19:35:52.527  1795  5350 I MQoS    : QOS_level:0(0),DataDisable;use level-0
12-17 19:35:52.528  1795  2739 D HuaweiWifiWatchdogStateMachine: dumpTcpResult: len=9,rtt=80,rttPkt=1,rttWn=4,cgt=0,cgtWn=0
12-17 19:35:52.528  1795  2739 I HuaweiWifiWatchdogStateMachine: PTcp RTT:0, rtt pkt=0, tcp_rx=2, tcp_tx=2, tcp_reTran=0, rtRate=0
12-17 19:35:52.528  1795  2739 D HuaweiWifiWatchdogStateMachine: mRssiBadCount =0, RSSI not bad.
12-17 19:35:52.528  1795  2739 D HuaweiWifiWatchdogStateMachine: detectNetworkAvailable:hw.wifipro.dns_fail_count = 1001
12-17 19:35:52.528  1795  2739 D HuaweiWifiWatchdogStateMachine: detectNetworkAvailable: tcpRxPkts != 0, reset
12-17 19:35:52.528  1795  2739 I HuaweiWifiWatchdogStateMachine: rs ota tcp lr rttvb bad: false, false, false, false, false; rsth:-75
12-17 19:35:52.528  1795  2739 D HuaweiWifiWatchdogStateMachine: GSC:0, GSR:1.0, RSR:1.0, RTH:-75
12-17 19:35:52.528  1795  2739 D HuaweiWifiWatchdogStateMachine: bqeLevel = 0 rtt=0,rtt_pkts=0 speed=0 rssi=-45
12-17 19:35:52.528  1795  2739 I HuaweiWifiWatchdogStateMachine:  pkt chk not bad, reset sc to 0.
12-17 19:35:52.528  1795  2739 D HuaweiWifiWatchdogStateMachine: ### mPktChkBadCnt=0
12-17 19:35:52.535  1795  2750 D HW_DISPLAY_EFFECT: presently, hw_update_color_temp_for_rg_led interface not achieved.
12-17 19:35:52.551  1795  2750 I HwLightsService: back light level before map = 278
12-17 19:35:52.551  1795  2750 D HW_DISPLAY_EFFECT: presently, hw_update_color_temp_for_rg_led interface not achieved.
12-17 19:35:52.568  1795  2750 D HW_DISPLAY_EFFECT: presently, hw_update_color_temp_for_rg_led interface not achieved.
