12-17 19:40:23.522  2852  2852 D KeyguardViewMediator: handleKeyguardDone
12-17 19:40:23.522  2852  2852 D KeyguardViewMediator: handleHide
12-17 19:40:23.522  2852  2852 D PhoneStatusBar: disable: < expand icons* alerts system_info* BACK HOME RECENT clock navigationbar SEARCH quick_settings >
12-17 19:40:23.522  1795  2750 D SurfaceControl: Excessive delay in setPowerMode(): 219ms
12-17 19:40:23.523  1795  1825 I PowerManager_screenOn: DisplayPowerController updatePowerState mPendingRequestLocked=policy=BRIGHT, useProximitySensor=false, useProximitySensorbyPhone=true, screenBrightness=33, screenAutoBrightnessAdjustment=0.0, brightnessSetByUser=true, useAutoBrightness=true, blockScreenOn=false, lowPowerMode=false, boostScreenBrightness=false, dozeScreenBrightness=-1, dozeScreenState=UNKNOWN, useTwilight=false, useSmartBacklight=true, brightnessWaitMode=true, brightnessWaitRet=false, screenAutoBrightness=-1, userId=0
12-17 19:40:23.523  1795  1825 D DisplayPowerController: Animating brightness: target=0, rate=0
12-17 19:40:23.523  1795  1825 V KeyguardServiceDelegate: onScreenTurnedOn()
12-17 19:40:23.523  1795  1825 I WindowManger_keyguard: onScreenTurnedOn()
12-17 19:40:23.523  2852  2852 D TintTextView: #B3FFFFFF com.android.systemui.tint.TintTextView{3f96501 V.ED..... ......ID 0,1-66,43 #7f1401be app:id/battery_outside_percent}
12-17 19:40:23.523  1795  1825 D DisplayPowerController: Display ready!
12-17 19:40:23.523  1795  1825 D DisplayPowerController: Finished business...
12-17 19:40:23.523  2852  2867 D KeyguardService: Caller checkPermission fail
12-17 19:40:23.523  2852  2867 D KeyguardService: KGSvcCall onScreenTurnedOn.
12-17 19:40:23.523  2852  2867 D KeyguardViewMediator: notifyScreenTurnedOn
12-17 19:40:23.523  1795  1825 D PowerManagerService: ready=true,policy=3,wakefulness=1,wksummary=0x1,uasummary=0x1,bootcompleted=true,boostinprogress=false,waitmodeenable=true,mode=true,manual=33,auto=-1,adj=0.0userId=0
12-17 19:40:23.523  2852  2852 D TintTextView: #B3FFFFFF com.android.systemui.time.HwStatusBarClock{dbc7fa6 V.ED..... ......ID 294,0-441,72 #7f1401c9 app:id/clock}
12-17 19:40:23.523  2852  2852 D TintTextView: #B3FFFFFF com.android.systemui.tint.TintTextView{29531d0 V.ED..... ......I. 0,0-144,49 #7f14004e app:id/msim_status_bar_operators_card_one_id}
12-17 19:40:23.523  2852  2852 I HwPhoneStatusBar: hideKeyguard:false
12-17 19:40:23.523  2852  2852 I HwPhoneStatusBar: exit keyguard:1481974562087
12-17 19:40:23.523  2852  2852 I HwPhoneStatusBar: setBarState:0
12-17 19:40:23.523  2852  2852 I HwPhoneStatusBar: change state: 1 --> 0, StartLockTime=1481974562063
12-17 19:40:23.523  2852  2852 I HwPhoneStatusBar: exit lock mode:9223372036854775807
12-17 19:40:23.524  1795  3111 D Sensors : batch called handle:2 sample_ns:200000000 latency_ns:0
12-17 19:40:23.524  1795  3111 D Sensors : pa2240-proximity calling driver setDelay 200 ms
12-17 19:40:23.524  1795  3111 E huawei_ProximitySensor_CPP_Test: write 200 failed
12-17 19:40:23.524  2852  2852 W StatusBarWindowManager: Apply window without WALLPAPER
12-17 19:40:23.524  2852  2852 W StatusBarWindowManager: Apply window Height MATCH_PARENT
12-17 19:40:23.524  2852  2852 I StatusBarWindowManager: apply mLp:0 -> 0; Height: -1; Flag: 81860040
12-17 19:40:23.525  3180  3332 I SensorState: sensor:20 enable:false uid:10033
12-17 19:40:23.525  3180  3332 I SensorState: removeSensor,mHandles:{}
12-17 19:40:23.525  3180  3332 I PGServer: report state:4 event type:2 pid:20 uid:10033 pkg:null to pid: 1795
12-17 19:40:23.525  2852  2852 I PanelView: instantCollapse
12-17 19:40:23.525  2852  2852 W PanelView: set notification panel padding = 1668
12-17 19:40:23.525  2852  2852 I StackScroller: setIsExpanded: false
12-17 19:40:23.525  2852  2852 I NotificationGroupManager: collapseAllGroups:
12-17 19:40:23.525  2852  2852 W StatusBarWindowManager: Apply window without WALLPAPER
12-17 19:40:23.526  2852  2852 W StatusBarWindowManager: Apply window Height MATCH_PARENT
12-17 19:40:23.526  2852  2852 I StatusBarWindowManager: apply skiped :0
12-17 19:40:23.526  2852  2852 I PanelBar: panelExpansionChanged 0.0, false
12-17 19:40:23.526  2852  2852 I HwPhoneStatusBarTransitions: setBackgroundAlpha:alpha=1.0
12-17 19:40:23.526  2852  2852 I HwPhoneStatusBar: updateNotificationShade
12-17 19:40:23.526  2852  2852 I PhoneStatusBar: updateNotificationShade
12-17 19:40:23.526  2852  2852 I PhoneStatusBar: removeNotificationChildren
12-17 19:40:23.526  2852  2852 I StackScroller: generateAddAnimation:null, false
12-17 19:40:23.527  2852  2852 I StackScroller: generateAddAnimation:null, false
12-17 19:40:23.527  2852  2852 I HwNotificationIconAreaController: showNotificationAll
12-17 19:40:23.527  2852  2852 I TrafficPanelManager: showTraffic
12-17 19:40:23.527  2852  2852 I TrafficPanelViewContent: onShowStatusChange show:false
12-17 19:40:23.527  2852  2852 I QSCustomizer: hide:x=0, y=0, isShown=false
12-17 19:40:23.527  2852  2852 I QSContainer: updateQsState:false
12-17 19:40:23.528   606  2379 E libteec : QSEECom_send_cmd return!
12-17 19:40:23.528   606  2379 E libteec : qsc_send_cmd finish
12-17 19:40:23.528  2852  2914 I SendBroadcastPermission: action:com.android.systemui.statusbar.visible.change, mPermissionType:0
12-17 19:40:23.528   606  2379 E libteec : send data return = 128
12-17 19:40:23.528  2852  2852 I QSContainer: updateQsState:false
12-17 19:40:23.528   835  2385 E libteec : receive data len = 128
12-17 19:40:23.528  2852  2852 I StackScroller: setScrollingEnabled: true
12-17 19:40:23.528   835  2385 E libteec : begin
12-17 19:40:23.528   835  2385 E libteec : qsc_decode end
12-17 19:40:23.528   835  2385 E libteec : begin
12-17 19:40:23.528   606  2379 E libteec : receive data len = 128
12-17 19:40:23.528  1795  6985 W ActivityManager: Sending non-protected broadcast com.android.systemui.statusbar.visible.change from system 2852:com.android.systemui/u0a33 pkg com.android.systemui
12-17 19:40:23.529  1795  6985 I ActivityManager_broadcast: collectReceiverComponents, callerApp: ProcessRecord{506ad58 2852:com.android.systemui/u0a33}, intent:com.android.systemui.statusbar.visible.change, receiver size:1, flags: 10000400
12-17 19:40:23.529  1795  6985 I HwActivityManagerService: Split enqueueing broadcast [callerApp]:ProcessRecord{506ad58 2852:com.android.systemui/u0a33}
12-17 19:40:23.529  1795  6985 I ActivityManager_broadcast: Enqueueing ordered broadcast[background] BroadcastRecord{99d12e1 u-1 com.android.systemui.statusbar.visible.change}: prev had 0
12-17 19:40:23.529  2852  2852 W HwKeyguardPolicy: KGSvcCall updateKeyguardState 0->0; false false
12-17 19:40:23.529  1795  1808 I ActivityManager_broadcast: dispatch ordered broadcast [background] BroadcastRecord{99d12e1 u-1 com.android.systemui.statusbar.visible.change}, has 1 receivers
12-17 19:40:23.530  2852  2914 I PanelBar: INTENT_STATUSBAR_VISIBLE_CHANGE sended, EXTRA_VISIBLE = false
12-17 19:40:23.530  2852  2852 I Tile.WifiTile: refreshState=wifi, SignalState[,icon=ResourceIcon[resId=0x7f0203a1],label=Huawei-Employee,labelTint=1,textChangedDelay=43,contentDescription=WLAN 已开启,WLAN 信号强度满格。,Huawei-Employee,打开WLAN设置。,dualLabelContentDescription=已连接到Huawei-Employee。,minimalContentDescription=WLAN,WLAN 信号强度满格。,Huawei-Employee,minimalAccessibilityClassName=android.widget.Switch,expandedAccessibilityClassName=android.widget.Switch,autoMirrorDrawable=false,disabledByPolicy=false,enforcedAdmin=null,value=true,connected=true,activityIn=false,activityOut=true,overlayIconId=0,filter=true,wideOverlayIcon=false]
12-17 19:40:23.530  2852  2852 I Tile.BluetoothTile: refreshState=bt, BooleanState[,icon=ResourceIcon[resId=0x7f0201b7],label=蓝牙,labelTint=0,textChangedDelay=83,contentDescription=蓝牙关闭。,打开蓝牙设置。,dualLabelContentDescription=蓝牙,minimalContentDescription=蓝牙：%s。,minimalAccessibilityClassName=android.widget.Switch,expandedAccessibilityClassName=android.widget.Switch,autoMirrorDrawable=false,disabledByPolicy=false,enforcedAdmin=null,value=false]
12-17 19:40:23.530  2852  2852 I Tile.DataSwitchTile: refreshState=data, BooleanState[,icon=ResourceIcon[resId=0x7f0201f5],label=移动数据,labelTint=0,textChangedDelay=0,contentDescription=移动数据,dualLabelContentDescription=null,minimalContentDescription=null,minimalAccessibilityClassName=android.widget.Switch,expandedAccessibilityClassName=android.widget.Switch,autoMirrorDrawable=false,disabledByPolicy=false,enforcedAdmin=null,value=false]
12-17 19:40:23.530  2852  2852 I Tile.SoundSilentTile: refreshState=sound, RingModeState[,icon=com.android.systemui.qs.QSTile$DrawableIcon@8fb5eb0,label=静音,labelTint=1,textChangedDelay=0,contentDescription=静音,dualLabelContentDescription=null,minimalContentDescription=null,minimalAccessibilityClassName=android.widget.Switch,expandedAccessibilityClassName=android.widget.Switch,autoMirrorDrawable=false,disabledByPolicy=false,enforcedAdmin=null,value=true,mode=0]
12-17 19:40:23.530  2852  2852 I Tile.RotationLockTile: refreshState=rotation, BooleanState[,icon=ResourceIcon[resId=0x7f0202ed],label=自动旋转,labelTint=1,textChangedDelay=400,contentDescription=自动旋转屏幕,dualLabelContentDescription=null,minimalContentDescription=null,minimalAccessibilityClassName=android.widget.Switch,expandedAccessibilityClassName=android.widget.Switch,autoMirrorDrawable=false,disabledByPolicy=false,enforcedAdmin=null,value=true]
12-17 19:40:23.530  2852  2852 I Tile.AirplaneModeTile: refreshState=airplane, BooleanState[,icon=ResourceIcon[resId=0x7f0201af],label=飞行模式,labelTint=0,textChangedDelay=83,contentDescription=飞行模式,dualLabelContentDescription=null,minimalContentDescription=null,minimalAccessibilityClassName=android.widget.Switch,expandedAccessibilityClassName=android.widget.Switch,autoMirrorDrawable=false,disabledByPolicy=false,enforcedAdmin=null,value=false]
12-17 19:40:23.530  2852  2852 I Tile.InstantSharingTile: refreshState=hishare, BooleanState[,icon=ResourceIcon[resId=0x7f020232],label=Huawei Share,labelTint=0,textChangedDelay=83,contentDescription=Huawei Share,dualLabelContentDescription=null,minimalContentDescription=null,minimalAccessibilityClassName=android.widget.Switch,expandedAccessibilityClassName=android.widget.Switch,autoMirrorDrawable=false,disabledByPolicy=false,enforcedAdmin=null,value=false]
12-17 19:40:23.530  2852  2852 I Tile.FlashlightTile: refreshState=flashlight, BooleanState[,icon=ResourceIcon[resId=0x7f020212],label=手电筒,labelTint=0,textChangedDelay=83,contentDescription=手电筒,dualLabelContentDescription=null,minimalContentDescription=null,minimalAccessibilityClassName=android.widget.Switch,expandedAccessibilityClassName=android.widget.Switch,autoMirrorDrawable=false,disabledByPolicy=false,enforcedAdmin=null,value=false]
12-17 19:40:23.530  2852  2852 I Tile.LocationTile: refreshState=location, BooleanState[,icon=ResourceIcon[resId=0x7f020218],label=位置信息,labelTint=1,textChangedDelay=267,contentDescription=位置报告功能开启。,dualLabelContentDescription=null,minimalContentDescription=null,minimalAccessibilityClassName=android.widget.Switch,expandedAccessibilityClassName=android.widget.Switch,autoMirrorDrawable=false,disabledByPolicy=false,enforcedAdmin=null,value=true]
12-17 19:40:23.530  2852  2852 I Tile.ScreenshotTile: refreshState=screenshot, State[,icon=com.android.systemui.qs.QSTile$DrawableIcon@8fb5eb0,label=截屏,labelTint=-1,textChangedDelay=0,contentDescription=null,dualLabelContentDescription=null,minimalContentDescription=null,minimalAccessibilityClassName=null,expandedAccessibilityClassName=null,autoMirrorDrawable=false,disabledByPolicy=false,enforcedAdmin=null]
12-17 19:40:23.530  2852  2852 W StatusBarWindowManager: Apply window without WALLPAPER
12-17 19:40:23.530  2852  2852 W StatusBarWindowManager: Apply window Height MATCH_PARENT
12-17 19:40:23.530  2852  2852 I StatusBarWindowManager: apply skiped :0
12-17 19:40:23.531  2852  2852 W ScrimController: startScrimAnimation 0.0 @ com.android.systemui.statusbar.ScrimView{3dd6b4a V.ED..... ......ID 0,0-1080,1920 #7f1403fc app:id/scrim_behind}
12-17 19:40:23.531  2852  2852 W StatusBarWindowManager: Apply window Height MATCH_PARENT
12-17 19:40:23.531  2852  2852 I StatusBarWindowManager: apply mLp:0 -> 0; Height: -1; Flag: 81840048
12-17 19:40:23.532  2852  2852 V KeyguardSecurityView: Container check 2132017669 <-> 2132017669
12-17 19:40:23.532  2852  2852 V KeyguardUpdateMonitor: *** unregister callback for com.android.keyguard.EmergencyButton$1@9bb75e2
12-17 19:40:23.532  2852  2852 W AppHandler: removeListener com.android.keyguard.EmergencyButton{1883d73 VFED..C.. ......ID 0,39-330,159 #7f140200 app:id/emergency_call_button_pin_view}
12-17 19:40:23.533 17709 17709 D HwIntelligent3_IntelligentReceiver: onReceive ,intent:Intent { act=com.android.systemui.statusbar.visible.change flg=0x10 cmp=com.huawei.intelligent/.main.receiver.IntelligentReceiver (has extras) }
12-17 19:40:23.533  2852  2852 V KeyguardDisplayManager: hide
12-17 19:40:23.533  2852  2852 I StatusBarKeyguardViewManager: updateStates false false false
12-17 19:40:23.534  2852  2852 W StatusBarKeyguardViewManager: set navBarVisible 
12-17 19:40:23.534  2852  2852 D KeyguardUpdateMonitor: onKeyguardVisibilityChanged(false)
12-17 19:40:23.534  2852  2852 V KeyguardUpdateMonitor: FingerStat Visible: false; Interactive: false; Switching: false; Bouncer:false; GoingToSleep: false Occluded: false; dreaming: false; Authenticated: true
12-17 19:40:23.534  2852  2852 I KeyguardUpdateMonitor: Ignore update FP: 0 false
12-17 19:40:23.534  2852  2852 W AppHandler: sendSingleMessage 10
12-17 19:40:23.534  2852  2852 W StatusBarKeyguardViewManager: updateStates Hide KeyguardStatusBar 
12-17 19:40:23.534  1795  1806 I ActivityManager_service: retrieveServiceLocked, callerApp: ProcessRecord{7e9b22a 17709:com.huawei.intelligent/u0a17}, flags: 10000400
12-17 19:40:23.535  3218  3234 D PhoneInterfaceManager: [PhoneIntfMgr] getDataEnabled: subId=0 phoneId=0
12-17 19:40:23.535  1795  1806 I ActivityManager_service: bindServiceLocked, r: ServiceRecord{ea7c806 u0 euid: 0 com.huawei.intelligent/.main.receiver.IntelligentIntentService}, euid: 0
12-17 19:40:23.535  3218  3234 D PhoneInterfaceManager: [PhoneIntfMgr] getDataEnabled: subId=0 retVal=false
