12-17 19:31:38.256   606  2379 E libteec : QSEECom_send_cmd return!
12-17 19:31:38.256   606  2379 E libteec : qsc_send_cmd finish
12-17 19:31:38.256   606  2379 E libteec : send data return = 128
12-17 19:31:38.256   835  2385 E libteec : receive data len = 128
12-17 19:31:38.256   835  2385 E libteec : begin
12-17 19:31:38.256  1795  1795 D DeviceIdleController: updateDisplayLocked: screenOn=true
12-17 19:31:38.256   835  2385 E libteec : qsc_decode end
12-17 19:31:38.256  1795  1795 I DeviceIdleController: becomeActiveLocked, reason = screen
12-17 19:31:38.256   835  2385 D fpc_fingerprint_hal: workerFunction STATE_NAVIGATION
12-17 19:31:38.256  1795  1795 D HwWifiP2pService: onReceive, action:android.intent.action.SCREEN_ON
12-17 19:31:38.256   835  2385 E libteec : begin
12-17 19:31:38.256   606  2379 E libteec : receive data len = 128
12-17 19:31:38.256  1795  2668 D WifiP2pService: InactiveState143466
12-17 19:31:38.256  1795  2668 E HwWifiP2pService: Unhandled message when=123011428 what=143466 arg1=0 arg2=0
12-17 19:31:38.256  1795  2668 D WifiP2pService: P2pEnabledState when=123011428 what=143466 arg1=0 arg2=0
12-17 19:31:38.256  1795  2668 D WifiP2pService: DefaultState{ when=0 what=143466 target=com.android.internal.util.StateMachine$SmHandler }
12-17 19:31:38.256  1795  2668 D HwWifiP2pService: cancel alarm.
12-17 19:31:38.261  1795  1821 I WindowManger_keyguard: Setting mDismissKeyguard true by win Window{e6a6b5e u0 com.android.incallui/com.android.incallui.InCallActivity}
12-17 19:31:38.264  1795  2671 D WifiStateMachine:  ConnectedState CMD_SCREEN_STATE_CHANGED  rt=123011435/442834627 1 0
12-17 19:31:38.264  1795  2671 D WifiStateMachine:  L2ConnectedState CMD_SCREEN_STATE_CHANGED  rt=123011436/442834627 1 0
12-17 19:31:38.264  1795  2671 D WifiStateMachine:  ConnectModeState CMD_SCREEN_STATE_CHANGED  rt=123011436/442834627 1 0
12-17 19:31:38.264  1795  2671 D WifiStateMachine:  DriverStartedState CMD_SCREEN_STATE_CHANGED  rt=123011436/442834627 1 0
12-17 19:31:38.264  1795  2671 D WifiStateMachine:  SupplicantStartedState CMD_SCREEN_STATE_CHANGED  rt=123011436/442834627 1 0
12-17 19:31:38.264  1795  2671 D WifiStateMachine:  DefaultState CMD_SCREEN_STATE_CHANGED  rt=123011436/442834627 1 0
12-17 19:31:38.264  2852  2852 I BackgrounCallingLayout: simCount:2 phoneState:2
12-17 19:31:38.264  2852  2852 I BackgrounCallingLayout: mCallingStatusReceiver:onReceive::action=InCallScreenIsForegroundActivity, isForegroundActivity=true, mPhoneState=2
12-17 19:31:38.265  1795  2671 W AlarmManager: Unrecognized alarm listener com.android.server.wifi.WifiConnectivityManager$3@bdcaf7b
12-17 19:31:38.265  1795  2671 E WifiScanner: listener cannot be found
12-17 19:31:38.265  2852  2852 I BackgrounCallingLayout: updateCallLayout:isBackground=false, isInteractive=true
12-17 19:31:38.265  1795  2671 D HwWifiConnectivityManager: handleScanCounterChanged,reason: 2, mHwSingleScanCounter: 0
12-17 19:31:38.266  2852  2852 I HwPhoneStatusBar: mNotifyStateChangedReceiver::onReceive:action=InCallScreenIsForegroundActivity, mBackgroundState=false
12-17 19:31:38.266  1795  3121 D PowerManagerService: acquire lock=8525102, flags=0x1, tag="RILJ_ACK_WL", name=com.android.phone, ws=null, uid=1001, pid=3218
12-17 19:31:38.266  2852  2852 V KeyguardUpdateMonitor: KGSvcFp onAuthenticationError.5
12-17 19:31:38.266  2852  2852 W KeyguardUpdateMonitor: Fingerprint RunningStateChanged. 10
12-17 19:31:38.266  2852  2852 W StatusBarWindowManager: Apply window Height 72
12-17 19:31:38.266  2852  2852 I StatusBarWindowManager: apply skiped :0
12-17 19:31:38.266  1795  3121 D PowerManagerService: ready=false,policy=3,wakefulness=1,wksummary=0x11,uasummary=0x1,bootcompleted=true,boostinprogress=false,waitmodeenable=false,mode=true,manual=33,auto=-1,adj=0.0userId=0
12-17 19:31:38.266  1795  3121 D PowerManagerService: Acquiring suspend blocker "PowerManagerService.WakeLocks".
12-17 19:31:38.266  1795  2671 I AlarmManager: set(null) : type=2 triggerAtTime=442842152 win=0 tElapsed=442842152 maxElapsed=442842152 interval=0 flags=0x9
12-17 19:31:38.267  1795  2671 D WifiStateMachine:  ConnectedState !CMD_ENABLE_RSSI_POLL  rt=123011439/442834630 1 0
12-17 19:31:38.267  1795  2671 D WifiStateMachine:  L2ConnectedState !CMD_ENABLE_RSSI_POLL  rt=123011439/442834631 1 0
12-17 19:31:38.267  1795  2671 D WifiHW  : wifi_send_command: cmd:'IFNAME=wlan0 SIGNAL_POLL'
12-17 19:31:38.267  5215  5215 D wpa_supplicant: wlan0: Control interface command 'SIGNAL_POLL'
12-17 19:31:38.268  1795  1795 D HwConnectivityService: mIntentReceiver begin
12-17 19:31:38.268  1795  1795 D HwKeyguardManagerImpl: isLockScreenDisabled HwKeyguardManagerImpl result = false
12-17 19:31:38.268  1795  1795 D HwConnectivityService: CtrlSocket Receiver,disable: false locked: true action: android.intent.action.SCREEN_ON mSmartKeyguardLevel: normal_level mStartPowerSaving: false
12-17 19:31:38.268  1795  1795 D HwConnectivityService: CtrlSocket receive screen on intent!
12-17 19:31:38.268  1795  1795 D HwConnectivityService: CtrlSocket restoreScrOnStatus
12-17 19:31:38.268  1795  1795 D HwConnectivityService: pid=1000, cmd=100, param=0
12-17 19:31:38.268  1795 16232 D PowerManagerService: ready=false,policy=3,wakefulness=1,wksummary=0x11,uasummary=0x1,bootcompleted=true,boostinprogress=false,waitmodeenable=false,mode=true,manual=33,auto=-1,adj=0.0userId=0
12-17 19:31:38.269  1795  1795 D HwConnectivityService: mFilterMsgFlag: 0,msg.arg1: 3
12-17 19:31:38.269  1795  2691 D HwConnectivityService: handleFilterMsg action: 3mFilterMsgFlag3
12-17 19:31:38.269  1795  2691 D HwConnectivityService: [tiger]setBastetFilterInfo action 3pid 1000
12-17 19:31:38.269  1795  2691 D HwConnectivityService: stopFilter m_filterIsStarted:false
12-17 19:31:38.269  1795  1795 D HwConnectivityService: CtrlSocket processCtrlSocket pid = 1000 cmd = 100 param = 0 ret = 0
12-17 19:31:38.269  1795  1795 D HwConnectivityService: CtrlSocket restoreScrOnStatus reset
12-17 19:31:38.269  1795  1805 D PowerManagerService: ready=false,policy=3,wakefulness=1,wksummary=0x11,uasummary=0x1,bootcompleted=true,boostinprogress=false,waitmodeenable=false,mode=true,manual=33,auto=-1,adj=0.0userId=0
12-17 19:31:38.269  1795  3238 D PowerManagerService: ready=false,policy=3,wakefulness=1,wksummary=0x11,uasummary=0x1,bootcompleted=true,boostinprogress=false,waitmodeenable=false,mode=true,manual=33,auto=-1,adj=0.0userId=0
12-17 19:31:38.270  1795 17832 D PowerManagerService: ready=false,policy=3,wakefulness=1,wksummary=0x11,uasummary=0x1,bootcompleted=true,boostinprogress=false,waitmodeenable=false,mode=true,manual=33,auto=-1,adj=0.0userId=0
12-17 19:31:38.270   606  2379 E libteec : QSEECom_send_cmd return!
12-17 19:31:38.270   606  2379 E libteec : qsc_send_cmd finish
12-17 19:31:38.270   606  2379 E libteec : send data return = 128
12-17 19:31:38.270   835  2385 E libteec : receive data len = 128
12-17 19:31:38.270   835  2385 E libteec : begin
12-17 19:31:38.270   835  2385 E libteec : qsc_decode end
12-17 19:31:38.271  3608  3608 E HW-JPEG-DEC: [HME_JPEG_DEC_Delete](3298): HME_JPEG_DEC_Delete: decoder_ctx=null
12-17 19:31:38.271  3180  3332 I ScenarioAction: new ScenarioAction sPoolSize: 0
12-17 19:31:38.272  2852  2852 I SystemUIIdleHandler: enter addToIdleMessage(type:1002), mainloop is busy, add to idleMessage
12-17 19:31:38.272  2852  2852 I StatusBar: onNotificationRemoved: StatusBarNotification(pkg=com.android.incallui user=UserHandle{0} id=2 tag=null key=0|com.android.incallui|2|null|1001: Notification(pri=2 contentView=null vibrate=null sound=null defaults=0x0 flags=0x2 color=0x00000000 actions=3 vis=PRIVATE publicVersion=Notification(pri=0 contentView=null vibrate=null sound=null defaults=0x0 flags=0x0 color=0xff33b5e5 vis=PRIVATE)))
12-17 19:31:38.272  3608  3608 E HW-JPEG-DEC: [HME_JPEG_DEC_Delete](3298): HME_JPEG_DEC_Delete: decoder_ctx=null
12-17 19:31:38.273  2852  2852 I PhoneStatusBar: removeNotification:0|com.android.incallui|2|null|1001
12-17 19:31:38.273  2852  2852 I StatusBar: removeNotificationViews:0|com.android.incallui|2|null|1001
12-17 19:31:38.273  2852  2852 I NotificationGroupManager: onEntryRemoved:0|com.android.incallui|2|null|1001
12-17 19:31:38.273  2852  2852 I NotificationGroupManager: onEntryRemovedInternal:0|com.android.incallui|2|null|1001, group=0|com.android.incallui|2|null|1001
12-17 19:31:38.273  2852  2852 I NotificationGroupManager: summary = null
12-17 19:31:38.273  1795  1795 I NotificationManager: mIntentReceiver-ACTION_SCREEN_ON
12-17 19:31:38.273  1795  1795 I NotificationManager: updateLightsLocked,mInCall =true,mScreenOn = true,ledNotification == null?true
12-17 19:31:38.273  1795  1795 I NotificationManager: updateLightsLocked,turn off notificationLight
12-17 19:31:38.273  1795  1795 I Sensor  : turn off notificationLight due to incall or screenon
12-17 19:31:38.273  2852  2852 I HwPhoneStatusBar: updateNotificationShade
12-17 19:31:38.273  1795  1795 I Sensor  : updateLight --> mIsNotificationExisting: false ledOnMS: 0 ledOffMS :0
12-17 19:31:38.273  2852  2852 I PhoneStatusBar: updateNotificationShade
12-17 19:31:38.273  1795  1795 I Sensor  : updateLightsLocked --> level:78, status:3
12-17 19:31:38.273  1795  1795 I Sensor  : updateLightsLocked --> mBatteryLight.turnOff
12-17 19:31:38.274  2852  2852 I PhoneStatusBar: removeNotificationChildren
12-17 19:31:38.274  3608  3608 E HW-JPEG-DEC: [HME_JPEG_DEC_Delete](3298): HME_JPEG_DEC_Delete: decoder_ctx=null
12-17 19:31:38.275  1795  1806 I NotificationManager: onNotificationExpansionChanged called
12-17 19:31:38.276  1046 26554 V ThreadsEx: HDebug print the key screen_state
12-17 19:31:38.276  3608  3608 E HW-JPEG-DEC: [HME_JPEG_DEC_Delete](3298): HME_JPEG_DEC_Delete: decoder_ctx=null
12-17 19:31:38.276  1795  1821 I WindowManger_keyguard: Setting mDismissKeyguard true by win Window{e6a6b5e u0 com.android.incallui/com.android.incallui.InCallActivity}
12-17 19:31:38.276  1046 26554 D audio_hw_primary: adev_set_parameters: enter: screen_state=on
12-17 19:31:38.276  1046 26554 I Huawei_audio_cust: huawei_audio huawei_choose_HandsFree_device_incall_forHWtest: test Type =4
12-17 19:31:38.276  1046 26554 I Huawei_audio_cust: huawei_audio huawei_choose_Handset_device_incall_forHWtest: test Type =4
12-17 19:31:38.276  1046 26554 I Huawei_audio_cust: get_spk_pa_type: pa is max98925
12-17 19:31:38.276  1046 26554 I Huawei_audio_cust: huawei_common_set_parameters: exit with code(0)
12-17 19:31:38.276  1046 26554 V Huawei_audio_cust: huawei_cust_set_parameters: exit with code(0)
12-17 19:31:38.276  1046 26554 V msm8916_platform: platform_set_parameters: enter: - screen_state=on
12-17 19:31:38.276  1046 26554 V msm8916_platform: platform_set_parameters: exit with code(0)
12-17 19:31:38.276  1046 26554 D audio_hw_extn: audio_extn_set_anc_parameters: anc_enabled:0
12-17 19:31:38.276  1046 26554 D audio_hw_spkr_prot: audio_extn_fbsp_set_parameters: Speaker protection disabled
