12-17 19:32:30.619  1795  1825 I PowerManager_screenOn: PowerManagerNotifier onWakefulnessChangeFinished mInteractiveChanging=true, mInteractive=false
12-17 19:32:30.619  1795  1825 D PowerManagerService: Releasing suspend blocker "PowerManagerService.Display".
12-17 19:32:30.620   836  2387 I knuckle_sensor: Sending SAM_DISABLE to fs_data
12-17 19:32:30.621   836   928 I knuckle_sensor: Got DISABLE response, status = 0, id = 68
12-17 19:32:30.640  2852  2852 I PhoneStatusBar: setSystemUiVisibility vis=c0000000 mask=ffffffff oldVal=c0000600 newVal=c0000000 diff=600
12-17 19:32:30.640  2852  2852 I PhoneStatusBar: notifyUiVisibilityChanged:vis=0xc0000000, SystemUiVisibility=0xc0000000
12-17 19:32:30.640  2852  2852 I PanelBar: collapsePanel:false
12-17 19:32:30.640  2852  2852 I PanelView: closeQs
12-17 19:32:30.640  2852  2852 I QSContainer: updateQsState:false
12-17 19:32:30.640  2852  2852 I QSContainer: updateQsState:false
12-17 19:32:30.640  2852  2852 I StackScroller: setScrollingEnabled: true
12-17 19:32:30.640  2852  2852 I PanelView: instantCollapse
12-17 19:32:30.640  2852  2852 I PanelBar: collapsePanel2
12-17 19:32:30.641  3608  3608 I InCall  : ProximitySensor - ProximitySensor{keybrd=0, dpad=0, offhook=1, hor=0, ui=1, aud=EARPIECE}
12-17 19:32:30.641  3608  3608 D InCall  : ProximitySensor - Turning on proximity sensor
12-17 19:32:30.641  3608  3608 I InCall  : ProximitySensor - Proximity wake lock already acquired
12-17 19:32:30.641  1795  1821 I DisplayManagerService: Display device changed state: "内置屏幕", OFF
12-17 19:32:30.642  1795  1795 V SecInputMethodManagerService: Client requesting input be hidden, pid=1795
12-17 19:32:30.642  1795  1795 V InputMethodManagerService: Unspecified window will hide input
12-17 19:32:30.644  1795  3111 D PowerManagerService: ready=true,policy=0,wakefulness=0,wksummary=0x11,uasummary=0x0,bootcompleted=true,boostinprogress=false,waitmodeenable=false,mode=true,manual=33,auto=-1,adj=0.0userId=0
12-17 19:32:30.645   832  1840 E Parcel  : Reading a NULL string not supported here.
12-17 19:32:30.645   832  1840 E Parcel  : Reading a NULL string not supported here.
12-17 19:32:30.646  3608  3608 I InCall  : VideoCallFragment - onStop:
12-17 19:32:30.646  3608  3608 D InCall  : InCallActivity - onStop()...
12-17 19:32:30.646  3608  3608 D InCall  : InCallPresenter - onActivityStopped
12-17 19:32:30.646  3608  3608 D InCall  : InCallPresenter - notifyVideoPauseController
12-17 19:32:30.646  3608  3608 D InCall  : VideoPauseController: - VideoPauseController:onPause
12-17 19:32:30.646  3608  3608 D InCall  : VideoPauseController: - VideoPauseController:onPause, Ignoring...
12-17 19:32:30.646  3608  3608 I InCall  : InCallPresenter - updateStatusBar: state = 0x0
12-17 19:32:30.647  1795 11747 D PowerManagerService: ready=true,policy=0,wakefulness=0,wksummary=0x11,uasummary=0x0,bootcompleted=true,boostinprogress=false,waitmodeenable=false,mode=true,manual=33,auto=-1,adj=0.0userId=0
12-17 19:32:30.647  1795  3249 D StatusBarManagerService: manageDisableList userId=0 what=0x0 pkg=com.android.incallui
12-17 19:32:30.647  3608  3608 D InCall  : InCallActivity -  bgCallTwinkingSwitch is true inQuickExiting is false mIsForegroundActivity is false
12-17 19:32:30.647  1795  2778 D PowerManagerService: ready=true,policy=0,wakefulness=0,wksummary=0x11,uasummary=0x0,bootcompleted=true,boostinprogress=false,waitmodeenable=false,mode=true,manual=33,auto=-1,adj=0.0userId=0
12-17 19:32:30.649  1795  1795 I PowerManager_screenOn: PowerManagerNotifier Sending go to sleep broadcast.
12-17 19:32:30.649  3608  3608 I CallUtils: show_incallscreen  0
12-17 19:32:30.649  1795  1795 I SendBroadcastPermission: action:android.intent.action.SCREEN_OFF, mPermissionType:0
12-17 19:32:30.649  1795  1806 D PowerManagerService: ready=true,policy=0,wakefulness=0,wksummary=0x11,uasummary=0x0,bootcompleted=true,boostinprogress=false,waitmodeenable=false,mode=true,manual=33,auto=-1,adj=0.0userId=0
12-17 19:32:30.650  1795  1795 I HwActivityManagerService: Split enqueueing broadcast [callerApp]:ProcessRecord{34bf34f 0:system/1000}
12-17 19:32:30.651  1795  1795 I ActivityManager_broadcast: Enqueueing ordered broadcast[foreground] BroadcastRecord{64c0d6f u-1 android.intent.action.SCREEN_OFF}: prev had 0
12-17 19:32:30.651  2852  2852 I PhoneStatusBar: setSystemUiVisibility vis=80000300 mask=ffffffff oldVal=c0000000 newVal=80000300 diff=40000300
12-17 19:32:30.651  1795  1808 I ActivityManager_broadcast: dispatch ordered broadcast [foreground] BroadcastRecord{64c0d6f u-1 android.intent.action.SCREEN_OFF}, has 55 receivers
12-17 19:32:30.651  3608  3608 I InCall  : CallList - hasAnyLiveCall call = [Call_10, ACTIVE, [Capabilities: CAPABILITY_HOLD CAPABILITY_SUPPORT_HOLD CAPABILITY_MUTE CAPABILITY_CANNOT_DOWNGRADE_VIDEO_TO_AUDIO], children:[], parent:null, conferenceable:[], videoState:Audio Only, mSessionModificationState:0, VideoSettings:(CameraDir:-1)]
12-17 19:32:30.651  2852  2852 I BarTransitions.HwPhoneStatusBarView: transitionTo: mode=MODE_OPAQUE, animate=false
12-17 19:32:30.651  3608  3608 I InCall  : ProximitySensor - isDisplayOn: false
12-17 19:32:30.651  2852  2852 D BarTransitions.HwPhoneStatusBarView: MODE_TRANSLUCENT -> MODE_OPAQUE animate=false
12-17 19:32:30.651  2852  2852 D BarTransitions.HwPhoneStatusBarView: applyModeBackground oldMode=MODE_TRANSLUCENT newMode=MODE_OPAQUE animate=false
12-17 19:32:30.651  1795  3238 I qti_sensors_hal: batch,376,handle 0, timeout:0 ,period_ns:66667000
12-17 19:32:30.651  1795  3238 I qti_sensors_hal: batch:sensor(android.sensor.accelerometer) handle:0 flags:0x0 period_ns 66667000
12-17 19:32:30.651  2852  2852 I BarTransitions.HwNavigationBarView: transitionTo: mode=MODE_TRANSLUCENT, animate=false
12-17 19:32:30.651  2852  2852 I HwNavigationBarTransitions: transitionTo:mode=2, isEmuiStyle=false
12-17 19:32:30.651  2852  2852 I PhoneStatusBar: cancelAutohide
12-17 19:32:30.651  2852  2852 I PhoneStatusBar: notifyUiVisibilityChanged:vis=0x80000300, SystemUiVisibility=0x80000300
12-17 19:32:30.652  1795 17832 D PowerManagerService: release:lock=228612087, flg=0x0, tag="ActivityManager-Sleep", name=android", ws=null, uid=1000, pid=1795
12-17 19:32:30.652  1795 17832 D PowerManagerService: ready=true,policy=0,wakefulness=0,wksummary=0x10,uasummary=0x0,bootcompleted=true,boostinprogress=false,waitmodeenable=false,mode=true,manual=33,auto=-1,adj=0.0userId=0
12-17 19:32:30.652  1795 17832 D PowerManagerService: Releasing suspend blocker "PowerManagerService.WakeLocks".
12-17 19:32:30.653  1795  1795 I NotificationManager: enqueueNotificationInternal: n.getKey = 0|com.android.incallui|2|null|1001
12-17 19:32:30.654  1795  1795 V NotificationService: disableEffects=null canInterrupt=false once update: false
12-17 19:32:30.654  1795  1795 I WindowManger_keyguard: Finished going to sleep... (why=6)
12-17 19:32:30.654  1795  1795 I WindowOrientationListener: WindowOrientationListener disabled
12-17 19:32:30.660  1795  3238 I qti_sensors_hal: read from oem info: data_readback
12-17 19:32:30.660  1795  3238 I qti_sensors_hal: 0xcd, 0xb0, 0x24, 0x3e
12-17 19:32:30.660  1795  3238 I qti_sensors_hal: 0x66, 0xca, 0x3c, 0x3e
12-17 19:32:30.660  1795  3238 I qti_sensors_hal: 0xc0, 0x2a, 0x7c, 0x3f
12-17 19:32:30.660  1795  3238 I qti_sensors_hal: 0x55, 0x0, 0x0, 0x0
12-17 19:32:30.660  1795  3238 I qti_sensors_hal: 0x0, 0x0, 0x0, 0x0
12-17 19:32:30.660  1795  3238 E qti_sensors_hal: read from oem info: data_valid_flag=0x55
12-17 19:32:30.660  1795  3238 E qti_sensors_hal: read from oem info: x_offset=0.160831, y_offset=0.184366, z_offset=0.985027
12-17 19:32:30.660  1795  3238 E qti_sensors_hal: Final value: x_offset=0.160831, y_offset=0.184366, z_offset=0.985027
12-17 19:32:30.660  1795  3238 I qti_sensors_hal: batch:load_acc_oeminf_data x_offset:0.160831 y_offset:0.184366 z_offset:0.985027
12-17 19:32:30.660  1795  3238 I qti_sensors_hal: batch:sensor(android.sensor.accelerometer) sample_rate=14.999925Hz report_rate_f=0.000000Hz curr sample rate:14.999925 cur rpt rate:0 max:400.000000 min:1.000000
12-17 19:32:30.660  1795  3238 I qti_sensors_hal: batch: current sample rate, report rate & buffering are equal to requested (14.999925,0.000000,0)
12-17 19:32:30.660  1795  1795 I qti_sensors_hal: batch,376,handle 0, timeout:0 ,period_ns:200000000
12-17 19:32:30.660  1795  1795 I qti_sensors_hal: batch:sensor(android.sensor.accelerometer) handle:0 flags:0x0 period_ns 200000000
12-17 19:32:30.669  1795  1795 I qti_sensors_hal: read from oem info: data_readback
12-17 19:32:30.669  1795  1795 I qti_sensors_hal: 0xcd, 0xb0, 0x24, 0x3e
12-17 19:32:30.669  1795  1795 I qti_sensors_hal: 0x66, 0xca, 0x3c, 0x3e
12-17 19:32:30.669  1795  1795 I qti_sensors_hal: 0xc0, 0x2a, 0x7c, 0x3f
12-17 19:32:30.669  1795  1795 I qti_sensors_hal: 0x55, 0x0, 0x0, 0x0
12-17 19:32:30.669  1795  1795 I qti_sensors_hal: 0x0, 0x0, 0x0, 0x0
12-17 19:32:30.669  1795  1795 E qti_sensors_hal: read from oem info: data_valid_flag=0x55
12-17 19:32:30.669  1795  1795 E qti_sensors_hal: read from oem info: x_offset=0.160831, y_offset=0.184366, z_offset=0.985027
12-17 19:32:30.669  1795  1795 E qti_sensors_hal: Final value: x_offset=0.160831, y_offset=0.184366, z_offset=0.985027
12-17 19:32:30.669  1795  1795 I qti_sensors_hal: batch:load_acc_oeminf_data x_offset:0.160831 y_offset:0.184366 z_offset:0.985027
12-17 19:32:30.669  1795  1795 I qti_sensors_hal: batch:sensor(android.sensor.accelerometer) sample_rate=5.000000Hz report_rate_f=0.000000Hz curr sample rate:14.999925 cur rpt rate:0 max:400.000000 min:1.000000
12-17 19:32:30.670  1795  1795 I WindowManger_keyguard: onFinishedGoingToSleep(6)
12-17 19:32:30.671  2852  2867 D KeyguardService: Caller checkPermission fail
12-17 19:32:30.671  2852  2867 D KeyguardService: KGSvcCall onFinishedGoingToSleep.
12-17 19:32:30.671  2852  2867 D KeyguardViewMediator: onFinishedGoingToSleep(6)
12-17 19:32:30.671  2852  2867 D KeyguardViewMediator: notifyFinishedGoingToSleep
12-17 19:32:30.671  2852  2867 W AppHandler: sendMessage 15
12-17 19:32:30.671  2852  2852 D KeyguardViewMediator: handleNotifyFinishedGoingToSleep
12-17 19:32:30.671  2852  2852 I PhoneStatusBar: onFinishedGoingToSleep
12-17 19:32:30.672  2852  2852 I StackScrollAlgorithm: updateClipping isOverlap:false
12-17 19:32:30.672  2852  2852 I StackScrollAlgorithm: updateDimmedActivatedHideSensitive overlap:false
12-17 19:32:30.673  2852  2852 V KeyguardStatusView: Disable transport text marquee
12-17 19:32:30.673  2852  2852 V KeyguardUpdateMonitor: FingerStat Visible: false; Interactive: false; Switching: false; Bouncer:false; GoingToSleep: false Occluded: false; dreaming: false; Authenticated: false
12-17 19:32:30.673  2852  2852 W DisabledFeatureUtils: Dis-Feature : 0
12-17 19:32:30.673  2852  2852 E KeyguardUpdateMonitor: isSimPinSecure mSimDatas is null or empty 
12-17 19:32:30.675  2852  2852 W DisabledFeatureUtils: Dis-Feature : 0
12-17 19:32:30.675  2852  2852 E KeyguardUpdateMonitor: isSimPinSecure mSimDatas is null or empty 
