12-17 19:33:03.523  2852  2867 W HwLockScreenReporter: report result = falsereport type:122 msg:
12-17 19:33:03.523  2852  2867 D KeyguardViewMediator: onStartedWakingUp, seq = 478
12-17 19:33:03.523  2852  2867 D KeyguardViewMediator: notifyStartedWakingUp
12-17 19:33:03.523  1795  1821 I ActivityManager_activity: windowsGone(): ActivityRecord{b46dc67 u0 com.android.incallui/.InCallActivity t310}
12-17 19:33:03.523  2852  2867 W AppHandler: sendMessage 14
12-17 19:33:03.523  2852  2852 D KeyguardViewMediator: handleNotifyWakingUp
12-17 19:33:03.524  2852  2852 I PhoneStatusBar: onStartedWakingUp
12-17 19:33:03.524   832   832 E Parcel  : Reading a NULL string not supported here.
12-17 19:33:03.524  2852  2852 V KeyguardUpdateMonitor: FingerStat Visible: false; Interactive: true; Switching: false; Bouncer:false; GoingToSleep: false Occluded: false; dreaming: false; Authenticated: false
12-17 19:33:03.524   832   832 E Parcel  : Reading a NULL string not supported here.
12-17 19:33:03.524  2852  2852 V KeyguardUpdateMonitor: KGSvcFp stopListeningForFingerprint(). 1
12-17 19:33:03.524  1795  1795 I HwActivityManagerService: Split enqueueing broadcast [callerApp]:ProcessRecord{34bf34f 0:system/1000}
12-17 19:33:03.524  1795  1795 I ActivityManager_broadcast: Enqueueing ordered broadcast[foreground] BroadcastRecord{749bdd4 u-1 android.intent.action.SCREEN_ON}: prev had 0
12-17 19:33:03.524  1795  6986 I Security_fingerprint: FingerprintService cancelAuthentication
12-17 19:33:03.524  1795  1808 I ActivityManager_broadcast: dispatch ordered broadcast [foreground] BroadcastRecord{749bdd4 u-1 android.intent.action.SCREEN_ON}, has 57 receivers
12-17 19:33:03.525  1795  2326 V FingerprintService: stop client com.android.systemui
12-17 19:33:03.525   835   835 I fingerprintd: FingerprintDaemonProxyEx::onTransact, code:2
12-17 19:33:03.525   835   835 V fingerprintd: stopAuthentication()
12-17 19:33:03.525   835   835 D fpc_fingerprint_hal: fpc_cancel
12-17 19:33:03.525   835  2385 D fpc_fingerprint_hal: fpc poll irq interupt
12-17 19:33:03.525   835  2385 D fpc_fingerprint_hal: wait_finger_down, took 986 ms
12-17 19:33:03.525   835  2385 E fpc_fingerprint_hal: capture_image failed -4
12-17 19:33:03.525   835  2385 I fpc_fingerprint_hal: timeForContinueCapture id:987
12-17 19:33:03.526   835  2385 E libteec : begin
12-17 19:33:03.526  2852  2852 W KeyguardUpdateMonitor: Fingerprint RunningStateChanged. 2
12-17 19:33:03.526   606  2379 E libteec : receive data len = 128
12-17 19:33:03.527  2852  2925 I EventCenter: ContentChange for slot: 1
12-17 19:33:03.527  1795 11745 D PowerManagerService: ready=false,policy=3,wakefulness=1,wksummary=0x11,uasummary=0x1,bootcompleted=true,boostinprogress=false,waitmodeenable=false,mode=true,manual=33,auto=-1,adj=0.0userId=0
12-17 19:33:03.527  1795 11745 D PowerManagerService: Acquiring suspend blocker "PowerManagerService.WakeLocks".
12-17 19:33:03.527  2852  2852 D TimeKeeper: getTimeTickInfo:[mMillisUntilFinished:0, mHour:0, mMinute:0, mSecond:0]
12-17 19:33:03.527  2852  2852 E KeyguardUpdateMonitor: isSimPinSecure mSimDatas is null or empty 
12-17 19:33:03.527  2852  2852 E KeyguardUpdateMonitor: isSimPinSecure mSimDatas is null or empty 
12-17 19:33:03.527  2852  2852 W HwLockScreenPanel: createLockScreenView when reset
12-17 19:33:03.527  2852  2852 I HwLockScreenPanel: loadMagazine
12-17 19:33:03.528  2852  2852 V KeyguardStatusView: Enable transport text marquee
12-17 19:33:03.528  3608  3608 D InCall  : InCallActivity - onStart()...
12-17 19:33:03.528  1795  1809 D HwPhoneWindowManager: Transact:setSystemUIColor to status bar service
12-17 19:33:03.529  2852  2866 I CommandQueue: updateBarBgColor
12-17 19:33:03.529  2852  2866 D CommandQueue: CommandQueue, setBarBackgroundColor
12-17 19:33:03.530  1795 17831 D ActivityManager: setExcludeFromRecents:pkgName=null
12-17 19:33:03.530  2852  2925 I EventCenter: ContentChange for slot: 1
12-17 19:33:03.530  2852  2925 I EventCenter: ContentChange for slot: 1
12-17 19:33:03.530  2852  2925 I EventCenter: ContentChange for slot: 1
12-17 19:33:03.530 31949 31967 I ECS     : msg.recv{4791} XmlMsg.decodeBuf(XmlMsg.java:237) RECV 663 bytes [12]_00_03_02_05_01_04_81_BC_44_2B_35_1F cmdCode(CC_PCheckVersion.0x0501)msgType(MT_ACK.2)msgClass(MC_Push.5)sender(ST_Mobile.0)crypted(false)zipped(false)nobase64(true)length(659)version(3)sno(81BC)
12-17 19:33:03.530   606  2379 E libteec : QSEECom_send_cmd return!
12-17 19:33:03.530   606  2379 E libteec : qsc_send_cmd finish
12-17 19:33:03.530   606  2379 E libteec : send data return = 128
12-17 19:33:03.530   835  2385 E libteec : receive data len = 128
12-17 19:33:03.530   835  2385 E libteec : begin
12-17 19:33:03.530   835  2385 E libteec : qsc_decode end
12-17 19:33:03.530   835  2385 E fpc_fingerprint_hal: do_identify failed -4
12-17 19:33:03.530   835  2385 D fingerprintd: onError(5)
12-17 19:33:03.530   835  2385 I fpc_fingerprint_hal: do_identify operation CANCELED
12-17 19:33:03.531   835  2385 D fpc_fingerprint_hal: do_identify took 22 ms, total:1008 wait:986
12-17 19:33:03.531   835  2385 E libteec : begin
12-17 19:33:03.531  1795  3225 W FingerprintService: onError 1
12-17 19:33:03.531  1795  1821 I ActivityManager_activity: windowsVisibleLocked(): ActivityRecord{b46dc67 u0 com.android.incallui/.InCallActivity t310} idle: false
12-17 19:33:03.531  1795  1821 I WindowManager: All windows ready for display!
12-17 19:33:03.532   606  2379 E libteec : receive data len = 128
12-17 19:33:03.532  3608  3608 D InCall  : InCallPresenter - onActivityStarted
12-17 19:33:03.532  3608  3608 D InCall  : InCallPresenter - notifyVideoPauseController
12-17 19:33:03.532  3608  3608 D InCall  : VideoPauseController: - VideoPauseController:onResume
12-17 19:33:03.532  3608  3608 D InCall  : VideoPauseController: - VideoPauseController:onResume. Ignoring...
12-17 19:33:03.532  3608  3608 D InCall  : InCallActivity - doOrientationChanged prevOrientation=1 newOrientation=1
12-17 19:33:03.532  3608  3608 D InCall  : InCallActivity - onStart()... end
12-17 19:33:03.532  3608  3608 I InCall  : InCallActivity - onResume()...
12-17 19:33:03.532  1795 17832 D PowerManagerService: ready=false,policy=3,wakefulness=1,wksummary=0x10,uasummary=0x1,bootcompleted=true,boostinprogress=false,waitmodeenable=false,mode=true,manual=33,auto=-1,adj=0.0userId=0
12-17 19:33:03.532  1795 17832 D PowerManagerService: Releasing suspend blocker "PowerManagerService.WakeLocks".
12-17 19:33:03.533  1795  1795 D DeviceIdleController: updateDisplayLocked: screenOn=true
12-17 19:33:03.533  1795  1795 I DeviceIdleController: becomeActiveLocked, reason = screen
12-17 19:33:03.533  1795  1821 I WindowManger_keyguard: Setting mDismissKeyguard true by win Window{e6a6b5e u0 com.android.incallui/com.android.incallui.InCallActivity}
12-17 19:33:03.533  1795  1795 I AlarmManager: remove(null) changed bounds; rebatching
12-17 19:33:03.533  1795  1807 D DeviceIdleController: handleMessage(5)
12-17 19:33:03.533  1795  3110 D PowerManagerService: ready=false,policy=3,wakefulness=1,wksummary=0x11,uasummary=0x1,bootcompleted=true,boostinprogress=false,waitmodeenable=false,mode=true,manual=33,auto=-1,adj=0.0userId=0
12-17 19:33:03.533  2852  2852 W HwLockScreenPanel: Handle message: 14
12-17 19:33:03.533  1795  3110 D PowerManagerService: Acquiring suspend blocker "PowerManagerService.WakeLocks".
12-17 19:33:03.535  3608  3608 I InCall  : InCallActivity - bgCallTwinkingSwitch is truemIsForegroundActivity is true
12-17 19:33:03.535  3608  3608 D InCall  : InCallPresenter - notifyInCallScreenIsForeground: true
12-17 19:33:03.535  3608  3608 I SendBroadcastPermission: action:InCallScreenIsForegroundActivity, mPermissionType:0
12-17 19:33:03.535  1795  1809 I WindowOrientationListener: WindowOrientationListener enabled
12-17 19:33:03.535  1795  2396 I HwActivityManagerService: Split enqueueing broadcast [callerApp]:ProcessRecord{ec55919 3608:com.android.incallui/1001}
12-17 19:33:03.535  1795  1809 I qti_sensors_hal: batch,376,handle 0, timeout:0 ,period_ns:66667000
12-17 19:33:03.536  1795  1809 I qti_sensors_hal: batch:sensor(android.sensor.accelerometer) handle:0 flags:0x0 period_ns 66667000
12-17 19:33:03.536  1795  1795 D DeviceIdleController: stopMonitoringMotionLocked()
12-17 19:33:03.536  1795  1795 I AlarmManager: remove(null) changed bounds; rebatching
12-17 19:33:03.536  3608  3608 D InCall  : StatusBarNotifier - cancelInCall()...
12-17 19:33:03.537  1795  6986 I NotificationManager: cancelNotificationWithTag pid 3608,uid = 1001,tag = null,pkg =com.android.incallui,id =2
12-17 19:33:03.537  1795  3237 D PowerManagerService: ready=false,policy=3,wakefulness=1,wksummary=0x10,uasummary=0x1,bootcompleted=true,boostinprogress=false,waitmodeenable=false,mode=true,manual=33,auto=-1,adj=0.0userId=0
12-17 19:33:03.537  1795  3237 D PowerManagerService: Releasing suspend blocker "PowerManagerService.WakeLocks".
12-17 19:33:03.538  3608  3608 D InCall  : StatusBarNotifier - updateInCallNotification: timer cleared
12-17 19:33:03.541  3608  3608 I InCall  : ProximitySensor - ProximitySensor{keybrd=0, dpad=0, offhook=1, hor=0, ui=1, aud=EARPIECE}
12-17 19:33:03.541  3608  3608 D InCall  : ProximitySensor - Turning on proximity sensor
12-17 19:33:03.541  3608  3608 I InCall  : ProximitySensor - Proximity wake lock already acquired
12-17 19:33:03.541  3608  3608 D InCall  : AnswerPresenter - onUiShowingtrue
12-17 19:33:03.541  3608  3608 D InCall  : AnswerPresenter - onCallListChange callList=com.android.incallui.CallList@86c7f97
12-17 19:33:03.541  3608  3608 D HwCust  : Create obj success use class com.android.incallui.HwCustAnswerPresenterImpl
12-17 19:33:03.542  2852  2852 I PhoneStatusBar: setSystemUiVisibility vis=c0000300 mask=ffffffff oldVal=80000300 newVal=c0000300 diff=40000000
12-17 19:33:03.542  2852  2852 I BarTransitions.HwPhoneStatusBarView: transitionTo: mode=MODE_TRANSLUCENT, animate=false
12-17 19:33:03.542  2852  2852 D BarTransitions.HwPhoneStatusBarView: MODE_OPAQUE -> MODE_TRANSLUCENT animate=false
12-17 19:33:03.542  3608  3608 D InCall  : AnswerPresenter - onCallListChange callList=com.android.incallui.CallList@86c7f97
