12-17 19:33:42.750  5215  5215 D wpa_supplicant: wlan0: BSS: Start scan result update 111
12-17 19:33:42.750  5215  5215 D wpa_supplicant: wlan0: BSS: Add new id 509 BSSID 80:38:bc:08:42:e0 SSID 'wlanaccessv2.0' freq 2472
12-17 19:33:42.750  5215  5215 D wpa_supplicant: CTRL-DEBUG: ctrl_sock-sendmsg: sock=16 sndbuf=229376 outq=0 send_len=42
12-17 19:33:42.750  1795  5219 D WifiMonitor: Dispatching event to interface: wlan0
12-17 19:33:42.750  5215  5215 D wpa_supplicant: CTRL_IFACE monitor sent successfully to /data/misc/wifi/sockets/wpa_ctrl_1795-194\x00
12-17 19:33:42.750  5215  5215 D wpa_supplicant: wlan0: BSS: Add new id 510 BSSID 80:38:bc:0b:2b:e1 SSID 'Huawei-Employee' freq 2432
12-17 19:33:42.750 31949 31967 I ECS     : WatchThread{4786} TcpClient.clearAll(TcpClient.java:240) ==================== TCP CLIENT CLEAR ALL ====================
12-17 19:33:42.750  5215  5215 D wpa_supplicant: CTRL-DEBUG: ctrl_sock-sendmsg: sock=16 sndbuf=229376 outq=0 send_len=42
12-17 19:33:42.751  1795  5219 D WifiMonitor: Dispatching event to interface: wlan0
12-17 19:33:42.751  5215  5215 D wpa_supplicant: CTRL_IFACE monitor sent successfully to /data/misc/wifi/sockets/wpa_ctrl_1795-194\x00
12-17 19:33:42.751  5215  5215 D wpa_supplicant: wlan0: BSS: Add new id 511 BSSID 80:38:bc:0b:29:e1 SSID 'Huawei-Employee' freq 2452
12-17 19:33:42.751  5215  5215 D wpa_supplicant: CTRL-DEBUG: ctrl_sock-sendmsg: sock=16 sndbuf=229376 outq=0 send_len=42
12-17 19:33:42.751  1795  5219 D WifiMonitor: Dispatching event to interface: wlan0
12-17 19:33:42.751  5215  5215 D wpa_supplicant: CTRL_IFACE monitor sent successfully to /data/misc/wifi/sockets/wpa_ctrl_1795-194\x00
12-17 19:33:42.751  5215  5215 D wpa_supplicant: wlan0: BSS: Add new id 512 BSSID 80:38:bc:0b:14:41 SSID 'Huawei-Employee' freq 2472
12-17 19:33:42.751  5215  5215 D wpa_supplicant: CTRL-DEBUG: ctrl_sock-sendmsg: sock=16 sndbuf=229376 outq=0 send_len=42
12-17 19:33:42.751 31949 31967 I ECS     : WatchThread{4786} TcpClient.connect(TcpClient.java:162) ==================== TCP CLIENT CONNECT [2] ====================
12-17 19:33:42.751  1795  5219 D WifiMonitor: Dispatching event to interface: wlan0
12-17 19:33:42.752  5215  5215 D wpa_supplicant: CTRL_IFACE monitor sent successfully to /data/misc/wifi/sockets/wpa_ctrl_1795-194\x00
12-17 19:33:42.752  5215  5215 D wpa_supplicant: wlan0: BSS: Add new id 513 BSSID 80:38:bc:0b:29:61 SSID 'Huawei-Employee' freq 2412
12-17 19:33:42.752  5215  5215 D wpa_supplicant: CTRL-DEBUG: ctrl_sock-sendmsg: sock=16 sndbuf=229376 outq=0 send_len=42
12-17 19:33:42.752  1795  5219 D WifiMonitor: Dispatching event to interface: wlan0
12-17 19:33:42.752  5215  5215 D wpa_supplicant: CTRL_IFACE monitor sent successfully to /data/misc/wifi/sockets/wpa_ctrl_1795-194\x00
12-17 19:33:42.752  5215  5215 D wpa_supplicant: wlan0: BSS: Add new id 514 BSSID 80:38:bc:0b:19:61 SSID 'Huawei-Employee' freq 2432
12-17 19:33:42.752  5215  5215 D wpa_supplicant: CTRL-DEBUG: ctrl_sock-sendmsg: sock=16 sndbuf=229376 outq=0 send_len=42
12-17 19:33:42.752  1795  5219 D WifiMonitor: Dispatching event to interface: wlan0
12-17 19:33:42.752  5215  5215 D wpa_supplicant: CTRL_IFACE monitor sent successfully to /data/misc/wifi/sockets/wpa_ctrl_1795-194\x00
12-17 19:33:42.752 31949 31967 I TCP     : WatchThread{4786} TcpClientThread.connect(TcpClientThread.java:52) will connect to uc.huawei.com:7801
12-17 19:33:42.752  5215  5215 D wpa_supplicant: wlan0: BSS: Add new id 515 BSSID 80:38:bc:0a:f1:41 SSID 'Huawei-Employee' freq 2412
12-17 19:33:42.752  5215  5215 D wpa_supplicant: CTRL-DEBUG: ctrl_sock-sendmsg: sock=16 sndbuf=229376 outq=0 send_len=42
12-17 19:33:42.753  1795  5219 D WifiMonitor: Dispatching event to interface: wlan0
12-17 19:33:42.753  5215  5215 D wpa_supplicant: CTRL_IFACE monitor sent successfully to /data/misc/wifi/sockets/wpa_ctrl_1795-194\x00
12-17 19:33:42.753  5215  5215 D wpa_supplicant: wlan0: BSS: Add new id 516 BSSID 80:38:bc:0a:f2:01 SSID 'Huawei-Employee' freq 2452
12-17 19:33:42.753  5215  5215 D wpa_supplicant: CTRL-DEBUG: ctrl_sock-sendmsg: sock=16 sndbuf=229376 outq=0 send_len=42
12-17 19:33:42.753  1795  5219 D WifiMonitor: Dispatching event to interface: wlan0
12-17 19:33:42.753 31949 31967 I TCP     : tcp.conn{4787} TcpClientThread.connectSocket(TcpClientThread.java:349) connecting max 30000ms to uc.huawei.com:7801
12-17 19:33:42.753  5215  5215 D wpa_supplicant: CTRL_IFACE monitor sent successfully to /data/misc/wifi/sockets/wpa_ctrl_1795-194\x00
12-17 19:33:42.754  5215  5215 D wpa_supplicant: wlan0: BSS: Add new id 517 BSSID 80:38:bc:0b:04:41 SSID 'Huawei-Employee' freq 2472
12-17 19:33:42.754  5215  5215 D wpa_supplicant: CTRL-DEBUG: ctrl_sock-sendmsg: sock=16 sndbuf=229376 outq=0 send_len=42
12-17 19:33:42.754  1795  5219 D WifiMonitor: Dispatching event to interface: wlan0
12-17 19:33:42.754  5215  5215 D wpa_supplicant: CTRL_IFACE monitor sent successfully to /data/misc/wifi/sockets/wpa_ctrl_1795-194\x00
12-17 19:33:42.754  5215  5215 D wpa_supplicant: wlan0: BSS: Add new id 518 BSSID 80:38:bc:0b:25:e1 SSID 'Huawei-Employee' freq 2412
12-17 19:33:42.754  5215  5215 D wpa_supplicant: CTRL-DEBUG: ctrl_sock-sendmsg: sock=16 sndbuf=229376 outq=0 send_len=42
12-17 19:33:42.754  1795  5219 D WifiMonitor: Dispatching event to interface: wlan0
12-17 19:33:42.754  5215  5215 D wpa_supplicant: CTRL_IFACE monitor sent successfully to /data/misc/wifi/sockets/wpa_ctrl_1795-194\x00
12-17 19:33:42.754  5215  5215 D wpa_supplicant: wlan0: BSS: Remove id 475 BSSID 80:38:bc:0a:fa:e1 SSID 'Huawei-Employee' due to no match in scan
12-17 19:33:42.754 31949 31967 I TCP     : tcp.conn{4787} TcpSocket.connect_i(TcpSocket.java:84) connecting to ip address uc.huawei.com/172.30.70.63
12-17 19:33:42.754  5215  5215 D wpa_supplicant: CTRL-DEBUG: ctrl_sock-sendmsg: sock=16 sndbuf=229376 outq=0 send_len=44
12-17 19:33:42.754  1795  5219 D WifiMonitor: Dispatching event to interface: wlan0
12-17 19:33:42.754  5215  5215 D wpa_supplicant: CTRL_IFACE monitor sent successfully to /data/misc/wifi/sockets/wpa_ctrl_1795-194\x00
12-17 19:33:42.755  1795  2736 E hwintelligencewifi: inlineAddCurrentApInfo mInfos.size()=132
12-17 19:33:42.755  5215  5215 D wpa_supplicant: wlan0: BSS: Remove id 476 BSSID 80:38:bc:0b:34:a0 SSID 'wlanaccessv2.0' due to no match in scan
12-17 19:33:42.755  5215  5215 D wpa_supplicant: CTRL-DEBUG: ctrl_sock-sendmsg: sock=16 sndbuf=229376 outq=0 send_len=44
12-17 19:33:42.756  1795  1795 D PowerManagerService: Releasing suspend blocker "PowerManagerService.Broadcasts".
12-17 19:33:42.756  1795  5219 D WifiMonitor: Dispatching event to interface: wlan0
12-17 19:33:42.756  5215  5215 D wpa_supplicant: CTRL_IFACE monitor sent successfully to /data/misc/wifi/sockets/wpa_ctrl_1795-194\x00
12-17 19:33:42.756  5215  5215 D wpa_supplicant: wlan0: BSS: Remove id 477 BSSID 80:38:bc:0b:36:e0 SSID 'wlanaccessv2.0' due to no match in scan
12-17 19:33:42.756  5215  5215 D wpa_supplicant: CTRL-DEBUG: ctrl_sock-sendmsg: sock=16 sndbuf=229376 outq=0 send_len=44
12-17 19:33:42.756  1795  5219 D WifiMonitor: Dispatching event to interface: wlan0
12-17 19:33:42.756  5215  5215 D wpa_supplicant: CTRL_IFACE monitor sent successfully to /data/misc/wifi/sockets/wpa_ctrl_1795-194\x00
12-17 19:33:42.756  5215  5215 D wpa_supplicant: wlan0: BSS: Remove id 478 BSSID 80:38:bc:06:d2:ab SSID '' due to no match in scan
12-17 19:33:42.757  5215  5215 D wpa_supplicant: CTRL-DEBUG: ctrl_sock-sendmsg: sock=16 sndbuf=229376 outq=0 send_len=44
12-17 19:33:42.757  1795  5219 D WifiMonitor: Dispatching event to interface: wlan0
12-17 19:33:42.757  5215  5215 D wpa_supplicant: CTRL_IFACE monitor sent successfully to /data/misc/wifi/sockets/wpa_ctrl_1795-194\x00
12-17 19:33:42.757  5215  5215 D wpa_supplicant: wlan0: BSS: Remove id 480 BSSID 80:38:bc:0b:31:e1 SSID 'Huawei-Employee' due to no match in scan
12-17 19:33:42.757  5215  5215 D wpa_supplicant: CTRL-DEBUG: ctrl_sock-sendmsg: sock=16 sndbuf=229376 outq=0 send_len=44
12-17 19:33:42.757  1795  5219 D WifiMonitor: Dispatching event to interface: wlan0
12-17 19:33:42.757  5215  5215 D wpa_supplicant: CTRL_IFACE monitor sent successfully to /data/misc/wifi/sockets/wpa_ctrl_1795-194\x00
12-17 19:33:42.757  5215  5215 D wpa_supplicant: wlan0: BSS: Remove id 481 BSSID 80:38:bc:0a:f9:81 SSID 'Huawei-Employee' due to no match in scan
12-17 19:33:42.757  5215  5215 D wpa_supplicant: CTRL-DEBUG: ctrl_sock-sendmsg: sock=16 sndbuf=229376 outq=0 send_len=44
12-17 19:33:42.757  1795  5219 D WifiMonitor: Dispatching event to interface: wlan0
12-17 19:33:42.757  5215  5215 D wpa_supplicant: CTRL_IFACE monitor sent successfully to /data/misc/wifi/sockets/wpa_ctrl_1795-194\x00
12-17 19:33:42.757  5215  5215 D wpa_supplicant: wlan0: BSS: Remove id 484 BSSID 80:38:bc:0a:ef:c0 SSID 'wlanaccessv2.0' due to no match in scan
12-17 19:33:42.757  5215  5215 D wpa_supplicant: CTRL-DEBUG: ctrl_sock-sendmsg: sock=16 sndbuf=229376 outq=0 send_len=44
12-17 19:33:42.757  1795  5219 D WifiMonitor: Dispatching event to interface: wlan0
12-17 19:33:42.757  5215  5215 D wpa_supplicant: CTRL_IFACE monitor sent successfully to /data/misc/wifi/sockets/wpa_ctrl_1795-194\x00
12-17 19:33:42.757  5215  5215 D wpa_supplicant: wlan0: BSS: Remove id 483 BSSID 8c:a6:df:4a:8c:e2 SSID 'IOT-HUAWEI' due to no match in scan
12-17 19:33:42.757  5215  5215 D wpa_supplicant: CTRL-DEBUG: ctrl_sock-sendmsg: sock=16 sndbuf=229376 outq=0 send_len=44
12-17 19:33:42.758  1795  5219 D WifiMonitor: Dispatching event to interface: wlan0
12-17 19:33:42.758  5215  5215 D wpa_supplicant: CTRL_IFACE monitor sent successfully to /data/misc/wifi/sockets/wpa_ctrl_1795-194\x00
12-17 19:33:42.758  5215  5215 D wpa_supplicant: wlan0: BSS: Remove id 465 BSSID 80:38:bc:0a:f9:61 SSID 'Huawei-Employee' due to no match in scan
12-17 19:33:42.758  5215  5215 D wpa_supplicant: CTRL-DEBUG: ctrl_sock-sendmsg: sock=16 sndbuf=229376 outq=0 send_len=44
12-17 19:33:42.758  1795  5219 D WifiMonitor: Dispatching event to interface: wlan0
12-17 19:33:42.758  5215  5215 D wpa_supplicant: CTRL_IFACE monitor sent successfully to /data/misc/wifi/sockets/wpa_ctrl_1795-194\x00
12-17 19:33:42.758  5215  5215 D wpa_supplicant: BSS: last_scan_res_used=34/64
12-17 19:33:42.758  5215  5215 D wpa_supplicant: Add randomness: count=871 entropy=474
12-17 19:33:42.758  5215  5215 D wpa_supplicant: random pool - hexdump(len=128): [REMOVED]
12-17 19:33:42.758  5215  5215 D wpa_supplicant: random_mix_pool - hexdump(len=16): [REMOVED]
12-17 19:33:42.758  5215  5215 D wpa_supplicant: random_mix_pool - hexdump(len=5): [REMOVED]
12-17 19:33:42.758  5215  5215 D wpa_supplicant: random pool - hexdump(len=128): [REMOVED]
12-17 19:33:42.758  5215  5215 D wpa_supplicant: Add randomness: count=872 entropy=475
12-17 19:33:42.758  5215  5215 D wpa_supplicant: random pool - hexdump(len=128): [REMOVED]
12-17 19:33:42.758  5215  5215 D wpa_supplicant: random_mix_pool - hexdump(len=16): [REMOVED]
12-17 19:33:42.758  5215  5215 D wpa_supplicant: random_mix_pool - hexdump(len=5): [REMOVED]
12-17 19:33:42.758  5215  5215 D wpa_supplicant: random pool - hexdump(len=128): [REMOVED]
12-17 19:33:42.758  5215  5215 D wpa_supplicant: Add randomness: count=873 entropy=476
12-17 19:33:42.758  5215  5215 D wpa_supplicant: random pool - hexdump(len=128): [REMOVED]
12-17 19:33:42.758  5215  5215 D wpa_supplicant: random_mix_pool - hexdump(len=16): [REMOVED]
12-17 19:33:42.758  5215  5215 D wpa_supplicant: random_mix_pool - hexdump(len=5): [REMOVED]
12-17 19:33:42.758  5215  5215 D wpa_supplicant: random pool - hexdump(len=128): [REMOVED]
