12-17 19:34:56.512  2852  2852 I StackScrollAlgorithm: overlapAmount:763.6, previousNotificationEnd:607.0, newYTranslation:-156.59998, location:2, i:1, getTopPadding:499.0, getLocationOnScreen():-36
12-17 19:34:56.512  2852  2852 I StackScrollAlgorithm: updateClipping isOverlap:true
12-17 19:34:56.512  2852  2852 I StackScrollAlgorithm: updateDimmedActivatedHideSensitive overlap:true
12-17 19:34:56.513  3466  3466 I Contacts: DialpadFragment mBroadcastReceiver action:android.intent.action.SCREEN_ON
12-17 19:34:56.516  3608  3608 D InCall  : InCallActivity - mScreenOnReceiver mCallEndOptionsDialog = null
12-17 19:34:56.522  1795  2332 I qti_sensors_hal: [ACC]processReportInd: X: -2.940723 Y: 5.951056 Z: 9.311602  x_offset:0.160831 y_offset:0.184366 z_offset:0.985027
12-17 19:34:56.529 16628 16628 I TotemWeather: RetryTaskController:mTaskList is null
12-17 19:34:56.532  1795 11747 D StubTelephonyRegistry: uid:10028 pid:16628 PhoneStateListener.LISTEN_CELL_LOCATION:16 events:16
12-17 19:34:56.532  1795 11747 D StubTelephonyRegistry: LISTEN_CELL_LOCATION uid:10028
12-17 19:34:56.537  1795  1809 I WindowManager: onProposedRotationChanged, rotation=0
12-17 19:34:56.537  1795  1809 I WindowManager: MyOrientationListener: updateRotation.
12-17 19:34:56.537  1795  1809 I WindowManager: updateRotationUnchecked(alwaysSendConfiguration=false)
12-17 19:34:56.537  1795  1809 I WindowManager: rotationForOrientationLw(orient=1, last=0); user=0 
12-17 19:34:56.537  1795  1809 I WindowManager: Application requested orientation 1, got rotation 0 which has compatible metrics
12-17 19:34:56.538  1795  1809 I WindowManger_keyguard: Setting mHideLockScreen to true by win Window{e6a6b5e u0 com.android.incallui/com.android.incallui.InCallActivity}
12-17 19:34:56.539 31949 31967 I PushService: main{1} PushService.onStartCommand(PushService.java:87) Push Service Start by  userEvent
12-17 19:34:56.540 31949 31967 I eSpaceService: WatchThread{4786} TcpCirChannel.shutdown(TcpCirChannel.java:257) Login_By_Step-> shut down now connect
12-17 19:34:56.541 31949 31967 I ECS     : WatchThread{4786} TcpClient.clearAll(TcpClient.java:240) ==================== TCP CLIENT CLEAR ALL ====================
12-17 19:34:56.542   816  1562 W SocketListener: sending broadcast to Pid = 1795, Uid = 1000 
12-17 19:34:56.542 31949 31967 I ECS     : WatchThread{4786} TcpClient.disconnect_i(TcpClient.java:202) ==================== TCP CLIENT DISCONNECT ====================
12-17 19:34:56.543  1795  2665 D NetdConnector: RCV <- {613 IfaceClass active 1 443032905306324 10102}
12-17 19:34:56.543 31949 31967 I TCP     : WatchThread{4786} TcpClientThread.disconnectSocket(TcpClientThread.java:369) disconnecting to uc.huawei.com:7801
12-17 19:34:56.544  1795  2665 D NetdConnector: RCV <- {613 IfaceClass active 1 443032905306324 10102}
12-17 19:34:56.544 31949 31967 I TCP     : WatchThread{4786} TcpSocket.close(TcpSocket.java:158) shutdown output: java.net.SocketException: Socket is closed
12-17 19:34:56.545  1795  1819 D NetdConnector: RCV unsolicited event from native daemon, event = 613 IfaceClass active 1 443032905306324 10102
12-17 19:34:56.546 31949 31967 I TCP     : WatchThread{4786} TcpSocket.close(TcpSocket.java:170) shutdown input: java.net.SocketException: Socket is closed
12-17 19:34:56.546  1795  1819 D NetworkManagement: notifyInterfaceClassActivity: client is com.android.server.net.NetworkStatsService$6@5d6efc
12-17 19:34:56.546  1795  1819 D NetworkManagement: notifyInterfaceClassActivity: client is android.net.ip.IpManager$2@4c99c84
12-17 19:34:56.546  1795  1819 D NetworkManagement: notifyInterfaceClassActivity: client is com.android.server.net.NetworkPolicyManagerService$13@4df0feb
12-17 19:34:56.546  1795  1819 D NetworkManagement: notifyInterfaceClassActivity: client is android.net.INetworkManagementEventObserver$Stub$Proxy@af226
12-17 19:34:56.547  1795  1819 D NetworkManagement: notifyInterfaceClassActivity: client is android.net.INetworkManagementEventObserver$Stub$Proxy@c0acf8b
12-17 19:34:56.547  1795  1813 E BatteryStatsService: no controller energy info supplied
12-17 19:34:56.547  1795  1819 D NetworkManagement: notifyInterfaceClassActivity: client is com.android.server.ConnectivityService$1@e0f099c
12-17 19:34:56.547  1795  1819 I SendBroadcastPermission: action:android.net.conn.DATA_ACTIVITY_CHANGE, mPermissionType:0
12-17 19:34:56.550  1795  1819 D NetworkManagement: notifyInterfaceClassActivity: client is com.android.server.connectivity.Vpn$2@e40aefb
12-17 19:34:56.550  3218  7071 W PhoneInterfaceManager: shouldBlockLocation running ...
12-17 19:34:56.550  1795  1819 D NetworkManagement: notifyInterfaceClassActivity: client is com.android.server.ethernet.EthernetNetworkFactory$InterfaceObserver@fccfd35
12-17 19:34:56.550  1795  1819 D NetworkManagement: notifyInterfaceClassActivity: client is com.android.server.connectivity.Tethering@ff4a50f
12-17 19:34:56.550   816 20561 D DnsProxyListener: GetAddrInfoHandler addr: uc.huawei.com {304, 917808, 10102} 172.30.70.63
12-17 19:34:56.550  3218  7071 I PhoneInterfaceManager: shouldBlockLocation  ret:false
12-17 19:34:56.551 31949 31967 I TCP     : WatchThread{4786} TcpClientThread.closeSocket(TcpClientThread.java:396) closed socket.
12-17 19:34:56.551  1795  3253 I AlarmManager: remove(PendingIntent{7379eaa: PendingIntentRecord{7f86237 com.huawei.espacev2 broadcastIntent}}) changed bounds; rebatching
12-17 19:34:56.552 31949 31967 I eSpaceService: WatchThread{4786} TcpCirChannel.connect(TcpCirChannel.java:219) Connect to server  address = [uc.huawei.com,]  port = 7801
12-17 19:34:56.553 31949 31967 W TCP     : tcp.recv{4790} TcpSocket.read(TcpSocket.java:242) <<< WARN(5) >>> java.net.SocketException: Socket closed
12-17 19:34:56.554 31949 31967 E TCP     : tcp.recv{4790} TcpClientThread.readSocket(TcpClientThread.java:452) <<< ERROR(6) >>> socket read length failure -104
12-17 19:34:56.555 31949 31967 I ECS     : WatchThread{4786} TcpClient.clearAll(TcpClient.java:240) ==================== TCP CLIENT CLEAR ALL ====================
12-17 19:34:56.556 31949 31967 I TCP     : tcp.recv{4790} TcpClientThread.onReceiverWork(TcpClientThread.java:314) disconnected
12-17 19:34:56.557 31949 31967 I ECS     : WatchThread{4786} TcpClient.connect(TcpClient.java:162) ==================== TCP CLIENT CONNECT [2] ====================
12-17 19:34:56.558 31949 31967 I TCP     : WatchThread{4786} TcpClientThread.connect(TcpClientThread.java:52) will connect to uc.huawei.com:7801
12-17 19:34:56.559 31949 31967 I TCP     : tcp.conn{4787} TcpClientThread.connectSocket(TcpClientThread.java:349) connecting max 30000ms to uc.huawei.com:7801
12-17 19:34:56.559  1795  6986 I AlarmManager: set(PendingIntent{6828a9b: PendingIntentRecord{7f86237 com.huawei.espacev2 broadcastIntent}}) : type=0 triggerAtTime=1481974796559 win=0 tElapsed=443332923 maxElapsed=443332923 interval=300000 flags=0x1
12-17 19:34:56.561 31949 31967 I TCP     : tcp.conn{4787} TcpSocket.connect_i(TcpSocket.java:84) connecting to ip address uc.huawei.com/172.30.70.63
12-17 19:34:56.561 10324 10324 D MagicLink: MagicLink2-BroadcastReceiver:====>ACTION_SCREEN_ON
12-17 19:34:56.562 31949 31985 I PushService: connect :true
12-17 19:34:56.563 31949 31967 I TCP     : tcp.conn{4787} TcpClientThread.connectSocket(TcpClientThread.java:360) notify user tcp connected successully at 36841 to uc.huawei.com:7801
12-17 19:34:56.564 31949 31967 I TCP     : tcp.recv{4790} TcpClientThread.onReceiverWork(TcpClientThread.java:292) connected
12-17 19:34:56.565 31949 31967 I TCP     : tcp.conn{4787} TcpClientThread.onRecv(TcpClientThread.java:522) tcp connection event TCP_CONNECTED
12-17 19:34:56.571 31949 31967 I PushService: tcp.conn{4787} ServiceC.connectedNotify(ServiceC.java:289) 172.30.70.63
12-17 19:34:56.574 16354 16354 E HwSystemManager: MemCPUMonitor:startTimerMonitor isCompleted = true
12-17 19:34:56.578 31949 31967 I ECS     : tcp.conn{4787} XmlMsg.encodeBuf(XmlMsg.java:215) SEND 100 bytes [16]_00_00_00_60_00_03_01_05_01_04_81_C1_00_00_00_00 cmdCode(CC_PCheckVersion.0x0501)msgType(MT_ARG.1)msgClass(MC_Push.5)sender(ST_Mobile.0)crypted(false)zipped(false)nobase64(true)length(96)version(3)sno(81C1)
12-17 19:34:56.580 17238 17238 D Bth     : BtChrStatisticsManager:sendScreenOnEvent enter.
12-17 19:34:56.580 17238 17252 D Bth     : BtChrStatisticsManager:msg Loop is running.
12-17 19:34:56.583  1795  2332 I qti_sensors_hal: [ACC]processReportInd: X: -2.158084 Y: 5.451041 Z: 9.064863  x_offset:0.160831 y_offset:0.184366 z_offset:0.985027
12-17 19:34:56.584 31949 31967 I TCP     : tcp.recv{4790} TcpClientThread.onReceiverWork(TcpClientThread.java:307) get tcp message 659
12-17 19:34:56.592  1795  3249 D PowerManagerService: release:lock=247092602, flg=0x0, tag="RILJ_ACK_WL", name=com.android.phone", ws=null, uid=1001, pid=3218
12-17 19:34:56.593  1795  3249 D PowerManagerService: ready=true,policy=3,wakefulness=1,wksummary=0x1,uasummary=0x1,bootcompleted=true,boostinprogress=false,waitmodeenable=false,mode=true,manual=33,auto=-1,adj=0.0userId=0
12-17 19:34:56.604  1795 17831 I ActivityManager_broadcast: dispatch ordered broadcast [foreground] BroadcastRecord{7321c87 u-1 android.intent.action.TIME_TICK}, has 11 receivers
12-17 19:34:56.604  1795  1795 D PowerManagerService: Releasing suspend blocker "PowerManagerService.Broadcasts".
12-17 19:34:56.605  1795  1795 V AlarmManager: Received TIME_TICK alarm; rescheduling
12-17 19:34:56.605  1795  1795 I AlarmManager: scheduleTimeTickEvent triggerAtTime = 443036363
12-17 19:34:56.609  1795 20747 W ActivityManager: getRunningAppProcesses: caller 10105 does not hold REAL_GET_TASKS; limiting output
12-17 19:34:56.611  2852  2852 I TimeManager: act:android.intent.action.TIME_TICK  flag:1342177300 FLAG_IS_FIRST_POWER_OFF_ALARM=false android.intent.extra.ALARM_COUNT=1 
12-17 19:34:56.612  2852  2852 I HwDateUtils:  formatChinaDateTime equals.
12-17 19:34:56.612  2852  2852 I HwDateUtils: formatChinaDateTime, change to China normalTime:晚上7:34
12-17 19:34:56.612  2852  2852 I HwDateUtils: begin of formatChinaDateRange chinaDate:晚上7:34
12-17 19:34:56.612  2852  2852 I TimeManager: chinaDateTime:晚上7:34
12-17 19:34:56.613  2852  2852 I HwDateUtils:  formatChinaDateTime equals.
12-17 19:34:56.613  2852  2852 I HwDateUtils: formatChinaDateTime, change to China normalTime:晚上7:34
12-17 19:34:56.613  2852  2852 I HwDateUtils: begin of formatChinaDateRange chinaDate:晚上7:34
12-17 19:34:56.613  2852  2852 I TimeManager: chinaDateTime:晚上7:34
12-17 19:34:56.614  2852  2852 I HwDateUtils:  formatChinaDateTime equals.
12-17 19:34:56.614  2852  2852 I HwDateUtils: formatChinaDateTime, change to China normalTime:晚上7:34
12-17 19:34:56.614  2852  2852 I HwDateUtils: begin of formatChinaDateRange chinaDate:晚上7:34
12-17 19:34:56.614  2852  2852 I TimeManager: chinaDateTime:晚上7:34
12-17 19:34:56.614  2852  2852 I HwDateUtils:  formatChinaDateTime equals.
12-17 19:34:56.614  2852  2852 I HwDateUtils: formatChinaDateTime, change to China normalTime:晚上7:34
12-17 19:34:56.614  2852  2852 I HwDateUtils: begin of formatChinaDateRange chinaDate:晚上7:34
12-17 19:34:56.614  2852  2852 I TimeManager: chinaDateTime:晚上7:34
12-17 19:34:56.624  2852  2852 I StackScrollAlgorithm: overlapAmount:763.6, previousNotificationEnd:607.0, newYTranslation:-156.59998, location:2, i:1, getTopPadding:499.0, getLocationOnScreen():-36
12-17 19:34:56.624  2852  2852 I StackScrollAlgorithm: updateClipping isOverlap:true
12-17 19:34:56.624  2852  2852 I StackScrollAlgorithm: updateDimmedActivatedHideSensitive overlap:true
12-17 19:34:56.625  2852  2852 I EventCenter: EventCenter Get :android.intent.action.TIME_TICK
12-17 19:34:56.626  2852  2852 W ResourceType: Failure getting entry for 0xffffffff (t=254 e=65535) (error -2147483647)
12-17 19:34:56.626  2852  2852 E DateLunarView: mDateString is: 12月17日星期六
12-17 19:34:56.630  2852  2852 W ResourceType: Failure getting entry for 0xffffffff (t=254 e=65535) (error -2147483647)
12-17 19:34:56.630  2852  2852 E DateLunarView: mDateString is: 12月17日星期六
12-17 19:34:56.630  2852  2852 D KeyguardUpdateMonitor: received broadcast android.intent.action.TIME_TICK
12-17 19:34:56.631  2852  2852 D KeyguardUpdateMonitor: handleTimeUpdate
12-17 19:34:56.635  3879  3879 I HwLauncher: Model  onReceive intent=Intent { act=android.intent.action.TIME_TICK flg=0x50000014 (has extras) }
12-17 19:34:56.636  3879  3879 I HwLauncher: Model  onReceive user=UserHandle{0}
