12-17 19:31:45.157  2852  2852 E KeyguardUpdateMonitor: isSimPinSecure mSimDatas is null or empty 
12-17 19:31:45.158  2852  2852 W DisabledFeatureUtils: Dis-Feature : 0
12-17 19:31:45.158  2852  2852 E KeyguardUpdateMonitor: isSimPinSecure mSimDatas is null or empty 
12-17 19:31:45.158  1795 11747 I Security_fingerprint: FingerprintService getEnrolledFingerprints
12-17 19:31:45.158  2852  2852 V KeyguardUpdateMonitor: KGSvcFp startListeningForFingerprint()
12-17 19:31:45.158  2852  2852 I KeyguardUpdateMonitor: authenticate by 0 mode!
12-17 19:31:45.158  1795  3253 I Security_fingerprint: FingerprintService authenticate
12-17 19:31:45.158  1795  2326 W HwFingerprintService: setLivenessSwitch:start
12-17 19:31:45.158  1795  2326 W HwFingerprintService: checkNeedLivenessList:start
12-17 19:31:45.158  1795  2326 W HwFingerprintService: NEED_LIVENESS_AUTHENTICATION = 0
12-17 19:31:45.159  2852  2852 W KeyguardUpdateMonitor: Fingerprint RunningStateChanged. 1
12-17 19:31:45.159  2852  2852 W HwLockScreenPanel: Handle message: 15
12-17 19:31:45.159   835   835 I fingerprintd: FingerprintDaemonProxyEx::onTransact, code:1002
12-17 19:31:45.159   835   835 I fingerprintd: fingerprintd
12-17 19:31:45.159   835   835 I fingerprintd: FingerprintDaemonProxyEx::setLivenessSwitch
12-17 19:31:45.159   835   835 I fingerprintd: fingerprintdex--dev->need_liveness_authentication = false;
12-17 19:31:45.159  1795  2326 W HwFingerprintService: framework setLivenessSwitch is ok ---end
12-17 19:31:45.159   835   835 I fingerprintd: FingerprintDaemonProxyEx::onTransact, code:7
12-17 19:31:45.159   835   835 D fpc_fingerprint_hal: fpc_get_authenticator_id
12-17 19:31:45.159   835  2385 D fpc_fingerprint_hal: fpc poll irq interupt
12-17 19:31:45.159   835  2385 D fpc_fingerprint_hal: wait_finger_down, took 479 ms
12-17 19:31:45.159   835  2385 E libteec : begin
12-17 19:31:45.159  2852  2852 W CameraLayout: Cameralayout setVisibility. true false  2
12-17 19:31:45.159  2852  2852 D MagazineDetailView: resetPagerState
12-17 19:31:45.160   606  2379 E libteec : receive data len = 128
12-17 19:31:45.164  1795  1795 I qti_sensors_hal: read from oem info: data_readback
12-17 19:31:45.164  1795  1795 I qti_sensors_hal: 0xcd, 0xb0, 0x24, 0x3e
12-17 19:31:45.164  1795  1795 I qti_sensors_hal: 0x66, 0xca, 0x3c, 0x3e
12-17 19:31:45.164  1795  1795 I qti_sensors_hal: 0xc0, 0x2a, 0x7c, 0x3f
12-17 19:31:45.164  1795  1795 I qti_sensors_hal: 0x55, 0x0, 0x0, 0x0
12-17 19:31:45.164  1795  1795 I qti_sensors_hal: 0x0, 0x0, 0x0, 0x0
12-17 19:31:45.164  1795  1795 E qti_sensors_hal: read from oem info: data_valid_flag=0x55
12-17 19:31:45.164  1795  1795 E qti_sensors_hal: read from oem info: x_offset=0.160831, y_offset=0.184366, z_offset=0.985027
12-17 19:31:45.164  1795  1795 E qti_sensors_hal: Final value: x_offset=0.160831, y_offset=0.184366, z_offset=0.985027
12-17 19:31:45.164  1795  1795 I qti_sensors_hal: batch:load_acc_oeminf_data x_offset:0.160831 y_offset:0.184366 z_offset:0.985027
12-17 19:31:45.164  1795  1795 I qti_sensors_hal: batch:sensor(android.sensor.accelerometer) sample_rate=14.999925Hz report_rate_f=0.000000Hz curr sample rate:5.000000 cur rpt rate:0 max:400.000000 min:1.000000
12-17 19:31:45.165  1795  1795 I qti_sensors_hal: flush,395,handle 0
12-17 19:31:45.165  1795  1795 I qti_sensors_hal: flush,260 handle 0
12-17 19:31:45.165  1795  1795 I WindowManger_keyguard: onStartedWakingUp()
12-17 19:31:45.166  2852  2822 D KeyguardService: Caller checkPermission fail
12-17 19:31:45.166  2852  2822 D KeyguardService: KGSvcCall onStartedWakingUp.
12-17 19:31:45.166  2852  2822 W HwLockScreenReporter: report result = falsereport type:122 msg:
12-17 19:31:45.166  2852  2822 D KeyguardViewMediator: onStartedWakingUp, seq = 467
12-17 19:31:45.166  2852  2822 D KeyguardViewMediator: notifyStartedWakingUp
12-17 19:31:45.166  2852  2822 W AppHandler: sendMessage 14
12-17 19:31:45.166  2852  2852 D KeyguardViewMediator: handleNotifyWakingUp
12-17 19:31:45.166  2852  2852 I PhoneStatusBar: onStartedWakingUp
12-17 19:31:45.166  2852  2852 V KeyguardUpdateMonitor: FingerStat Visible: false; Interactive: true; Switching: false; Bouncer:false; GoingToSleep: false Occluded: false; dreaming: false; Authenticated: false
12-17 19:31:45.166  2852  2852 V KeyguardUpdateMonitor: KGSvcFp stopListeningForFingerprint(). 1
12-17 19:31:45.166  1795 15982 I Security_fingerprint: FingerprintService cancelAuthentication
12-17 19:31:45.166  2852  2852 W KeyguardUpdateMonitor: Fingerprint RunningStateChanged. 2
12-17 19:31:45.171   606  2379 E libteec : QSEECom_send_cmd return!
12-17 19:31:45.171   606  2379 E libteec : qsc_send_cmd finish
12-17 19:31:45.171   606  2379 E libteec : send data return = 128
12-17 19:31:45.171   835  2385 E libteec : receive data len = 128
12-17 19:31:45.171   835  2385 E libteec : begin
12-17 19:31:45.171   835  2385 E libteec : qsc_decode end
12-17 19:31:45.171   835  2385 D fpc_fingerprint_hal: worker idle
12-17 19:31:45.171   835   835 E libteec : begin
12-17 19:31:45.171   606  2379 E libteec : receive data len = 128
12-17 19:31:45.171  2852  2852 D TimeKeeper: getTimeTickInfo:[mMillisUntilFinished:0, mHour:0, mMinute:0, mSecond:0]
12-17 19:31:45.171  2852  2852 E KeyguardUpdateMonitor: isSimPinSecure mSimDatas is null or empty 
12-17 19:31:45.171  2852  2852 E KeyguardUpdateMonitor: isSimPinSecure mSimDatas is null or empty 
12-17 19:31:45.171  2852  2852 W HwLockScreenPanel: createLockScreenView when reset
12-17 19:31:45.171  2852  2852 I HwLockScreenPanel: loadMagazine
12-17 19:31:45.173  2852  2852 V KeyguardStatusView: Enable transport text marquee
12-17 19:31:45.174  1795  2750 D HW_DISPLAY_EFFECT: presently, hw_update_color_temp_for_rg_led interface not achieved.
12-17 19:31:45.175   606  2379 E libteec : QSEECom_send_cmd return!
12-17 19:31:45.175   606  2379 E libteec : qsc_send_cmd finish
12-17 19:31:45.175   835   835 E libteec : receive data len = 128
12-17 19:31:45.175   835   835 E libteec : begin
12-17 19:31:45.175   835   835 E libteec : qsc_decode end
12-17 19:31:45.175   835   835 D fpc_fingerprint_hal: fpc_get_authenticator_id id 14657234628792947271
12-17 19:31:45.175   835  2385 E libteec : begin
12-17 19:31:45.175   606  2379 E libteec : send data return = 128
12-17 19:31:45.175  1795  2326 V FingerprintService: startAuthentication(com.android.systemui)
12-17 19:31:45.175   606  2379 E libteec : receive data len = 128
12-17 19:31:45.175  1795  2326 V FingerprintService: starting client AuthenticationClient(com.android.systemui), initiatedByClient = true)
12-17 19:31:45.175   835   835 I fingerprintd: FingerprintDaemonProxyEx::onTransact, code:1
12-17 19:31:45.175   835   835 V fingerprintd: authenticate(sid=0, gid=0)
12-17 19:31:45.179  2852  2852 W HwLockScreenPanel: Handle message: 14
12-17 19:31:45.179  2852  2852 W DisabledFeatureUtils: Dis-Feature : 0
12-17 19:31:45.179  2852  2852 W DisabledFeatureUtils: Dis-Feature : 0
12-17 19:31:45.184   606  2379 E libteec : QSEECom_send_cmd return!
12-17 19:31:45.184   606  2379 E libteec : qsc_send_cmd finish
12-17 19:31:45.184   606  2379 E libteec : send data return = 128
12-17 19:31:45.184   835  2385 E libteec : receive data len = 128
12-17 19:31:45.184   835  2385 E libteec : begin
12-17 19:31:45.184   835  2385 E libteec : qsc_decode end
12-17 19:31:45.184   835  2385 D fpc_fingerprint_hal: worker idle
12-17 19:31:45.184   835  2385 D fpc_fingerprint_hal: workerFunction STATE_AUTHENTICATE
12-17 19:31:45.184   835  2385 E libteec : begin
12-17 19:31:45.184   606  2379 E libteec : receive data len = 128
12-17 19:31:45.184  1795  2326 W FingerprintService: client com.android.systemui is authenticating...
12-17 19:31:45.184  1795  2326 V FingerprintService: stop client com.android.systemui
12-17 19:31:45.184   835   835 I fingerprintd: FingerprintDaemonProxyEx::onTransact, code:2
12-17 19:31:45.184   835   835 V fingerprintd: stopAuthentication()
12-17 19:31:45.184   835   835 D fpc_fingerprint_hal: fpc_cancel
12-17 19:31:45.187   606  2379 E libteec : QSEECom_send_cmd return!
12-17 19:31:45.187   606  2379 E libteec : qsc_send_cmd finish
