12-17 19:55:47.960  1795  3139 I ActivityManager_service: New app record ProcessRecord{4539f7 21081:com.huawei.betaclub:loguploadservice/1000} thread=android.os.BinderProxy@16b6ec9 pid=21081 procname=com.huawei.betaclub:loguploadservice
12-17 19:55:47.960  1795  6988 I AlarmManager: remove(PendingIntent{7cdded0: PendingIntentRecord{7f86237 com.huawei.espacev2 broadcastIntent}}) changed bounds; rebatching
12-17 19:55:47.961 31949 31967 I PushService: main{1} PushService.onStartCommand(PushService.java:87) Push Service Start by  userEvent
12-17 19:55:47.962  1795  3884 I AlarmManager: set(PendingIntent{ef599ce: PendingIntentRecord{7f86237 com.huawei.espacev2 broadcastIntent}}) : type=0 triggerAtTime=1481976047962 win=0 tElapsed=444584326 maxElapsed=444584326 interval=300000 flags=0x1
12-17 19:55:47.964  1795  1809 I WindowManager: onProposedRotationChanged, rotation=0
12-17 19:55:47.964  1795  1809 I WindowManager: MyOrientationListener: updateRotation.
12-17 19:55:47.964  1795  1809 I WindowManager: updateRotationUnchecked(alwaysSendConfiguration=false)
12-17 19:55:47.964  1795  1809 I WindowManager: rotationForOrientationLw(orient=1, last=0); user=0 
12-17 19:55:47.964  1795  1809 I WindowManager: Application requested orientation 1, got rotation 0 which has compatible metrics
12-17 19:55:47.964   633   692 I eSpaceService: LoginThread{6131} LoginC.doLoginByStep(LoginC.java:203) Login_By_Step-> at Connected
12-17 19:55:47.965  2883  2996 E HwSystemManager: SimCardMethod:/getSimCardInfo: imsi is null
12-17 19:55:47.966  2852  2852 I HwPhoneStatusBar: updateNotificationShade
12-17 19:55:47.966  2852  2852 I PhoneStatusBar: updateNotificationShade
12-17 19:55:47.966  2852  2852 I PhoneStatusBar: removeNotificationChildren
12-17 19:55:47.966  1795  2377 E ProcessInfoCollector: getProcessInfo: failed to find this proc 
12-17 19:55:47.966  2852  2852 I HwNotificationIconAreaController: showNotificationAll
12-17 19:55:47.966  3218  4070 W PhoneInterfaceManager: shouldBlockLocation running ...
12-17 19:55:47.966  3218  4070 I PhoneInterfaceManager: shouldBlockLocation  ret:false
12-17 19:55:47.968 31949 31967 I eSpaceService: WatchThread{4786} TcpCirChannel.shutdown(TcpCirChannel.java:257) Login_By_Step-> shut down now connect
12-17 19:55:47.970 31949 31967 I ECS     : WatchThread{4786} TcpClient.clearAll(TcpClient.java:240) ==================== TCP CLIENT CLEAR ALL ====================
12-17 19:55:47.970  2852  2852 I NotificationContentView: transferRemoteInputFocus: 0
12-17 19:55:47.971  2852  2852 I NotificationContentView: transferRemoteInputFocus: 0
12-17 19:55:47.971 31949 31967 I ECS     : WatchThread{4786} TcpClient.disconnect_i(TcpClient.java:202) ==================== TCP CLIENT DISCONNECT ====================
12-17 19:55:47.971   633   692 I ECS     : LoginThread{6131} XmlMsg.encodeBuf(XmlMsg.java:215) SEND 1044 bytes [16]_00_00_04_10_00_03_01_00_01_00_87_50_00_00_00_00 cmdCode(CC_VersionCheck.0x0001)msgType(MT_ARG.1)msgClass(MC_VersionCheck.0)sender(ST_Mobile.0)crypted(false)zipped(false)nobase64(false)length(1040)version(3)sno(8750)
12-17 19:55:47.972  2852  2852 I StackScrollAlgorithm: updateClipping isOverlap:false
12-17 19:55:47.972  2852  2852 I StackScrollAlgorithm: updateDimmedActivatedHideSensitive overlap:false
12-17 19:55:47.972 31949 31967 I TCP     : WatchThread{4786} TcpClientThread.disconnectSocket(TcpClientThread.java:369) disconnecting to uc.huawei.com:7801
12-17 19:55:47.973 31949 31985 I PushService: connect :true
12-17 19:55:47.973 31949 31967 I TCP     : WatchThread{4786} TcpSocket.close(TcpSocket.java:158) shutdown output: java.net.SocketException: Socket is closed
12-17 19:55:47.974 31949 31967 I TCP     : WatchThread{4786} TcpSocket.close(TcpSocket.java:170) shutdown input: java.net.SocketException: Socket is closed
12-17 19:55:47.975 31949 31967 W TCP     : tcp.recv{4790} TcpSocket.read(TcpSocket.java:242) <<< WARN(5) >>> java.net.SocketException: Socket closed
12-17 19:55:47.976 31949 31967 I TCP     : WatchThread{4786} TcpClientThread.closeSocket(TcpClientThread.java:396) closed socket.
12-17 19:55:47.977 31949 31967 I eSpaceService: WatchThread{4786} TcpCirChannel.connect(TcpCirChannel.java:219) Connect to server  address = [uc.huawei.com,]  port = 7801
12-17 19:55:47.978 31949 31967 I ECS     : WatchThread{4786} TcpClient.clearAll(TcpClient.java:240) ==================== TCP CLIENT CLEAR ALL ====================
12-17 19:55:47.979  2883  2996 I HwSystemManager: NormalTrafficAnalysis:alert byte = 0 last alert byte = 0
12-17 19:55:47.979  2883  2996 E HwSystemManager: NormalTrafficAnalysis:alert byte = 0, so return
12-17 19:55:47.979 31949 31967 E TCP     : tcp.recv{4790} TcpClientThread.readSocket(TcpClientThread.java:452) <<< ERROR(6) >>> socket read length failure -104
12-17 19:55:47.980 31949 31967 I ECS     : WatchThread{4786} TcpClient.connect(TcpClient.java:162) ==================== TCP CLIENT CONNECT [2] ====================
12-17 19:55:47.981 31949 31967 I TCP     : tcp.recv{4790} TcpClientThread.onReceiverWork(TcpClientThread.java:314) disconnected
12-17 19:55:47.982 31949 31967 I TCP     : WatchThread{4786} TcpClientThread.connect(TcpClientThread.java:52) will connect to uc.huawei.com:7801
12-17 19:55:47.983 10324 10324 D MagicLink: MagicLink2-BroadcastReceiver:====>ACTION_SCREEN_ON
12-17 19:55:47.983 31949 31967 I TCP     : tcp.conn{4787} TcpClientThread.connectSocket(TcpClientThread.java:349) connecting max 30000ms to uc.huawei.com:7801
12-17 19:55:47.984 31949 31967 I TCP     : tcp.conn{4787} TcpSocket.connect_i(TcpSocket.java:84) connecting to ip address uc.huawei.com/172.30.70.63
12-17 19:55:47.990 21081 21081 I art     : Starting a blocking GC AddRemoveAppImageSpace
12-17 19:55:47.992 21081 21081 W System  : ClassLoader referenced unknown path: /data/hw_init/version/special_cust/MLA-AL00/all/cn/app/HwBetaClub/lib/arm64
12-17 19:55:47.993  3218  3234 E HW-JPEG-DEC: [HME_JPEG_DEC_Delete](3298): HME_JPEG_DEC_Delete: decoder_ctx=null
12-17 19:55:47.995   633   692 I TCP     : tcp.recv{4488} TcpClientThread.onReceiverWork(TcpClientThread.java:307) get tcp message 1718
12-17 19:55:47.997 16354 16354 E HwSystemManager: MemCPUMonitor:startTimerMonitor isCompleted = true
12-17 19:55:47.998  3180  3332 I BatteryMonitor: screen off: 15m16s, awake: 32s wakeups: 7, battery changed: 0
12-17 19:55:48.002 31949 31967 I TCP     : tcp.recv{4790} TcpClientThread.onReceiverWork(TcpClientThread.java:292) connected
12-17 19:55:48.003  2883  2996 I HwSystemManager: TafficState:default sub id = 0slotIndex = 0 subscriptionId = 0
12-17 19:55:48.005 31949 31967 I TCP     : tcp.conn{4787} TcpClientThread.connectSocket(TcpClientThread.java:360) notify user tcp connected successully at 36868 to uc.huawei.com:7801
12-17 19:55:48.005 17238 17238 D Bth     : BtChrStatisticsManager:sendScreenOnEvent enter.
12-17 19:55:48.005 17238 17252 D Bth     : BtChrStatisticsManager:msg Loop is running.
12-17 19:55:48.006 31949 31967 I TCP     : tcp.conn{4787} TcpClientThread.onRecv(TcpClientThread.java:522) tcp connection event TCP_CONNECTED
12-17 19:55:48.007  1795 11745 V HwBroadcastQueue: trim and enqueue foreground Parallel:(0) Ordered:(2)(BroadcastRecord{6c370ef u-1 android.intent.action.SCREEN_ON})
12-17 19:55:48.007  1795 11745 I ActivityManager_broadcast: orderd foreground broadcast:(BroadcastRecord{f0c096 u-1 android.intent.action.SCREEN_ON}) should be proxyed, target:(BroadcastFilter{d2752d6 u0 ReceiverList{6abc6f1 17357 com.android.browser/10029/u0 remote:55e98}})
12-17 19:55:48.009  2883  2996 E HwSystemManager: LeisureTrafficSetting:result is empty
12-17 19:55:48.012   633   692 I TCP     : msg.recv{4490} TcpClientThread.onRecv(TcpClientThread.java:515) TCP Msg 1718TCP_OK
12-17 19:55:48.012  3180  3578 I ash     : android send broadcast:android.intent.action.SCREEN_ON notify package: com.android.browser, pid: 17357
12-17 19:55:48.012  3180  3578 I ash     : com.android.browser broadcast notify, H to R!
12-17 19:55:48.012  3180  3578 I ash     : com.android.browser { hibernation duration=620231 } transition to: running reason:bc_notify_android.intent.action.SCREEN_ON
12-17 19:55:48.012  3180  3578 I ash     : clear hibernation actions!
12-17 19:55:48.013   633   692 I ECS     : msg.recv{4490} XmlMsg.decodeBuf(XmlMsg.java:237) RECV 1722 bytes [12]_00_03_02_00_01_04_87_50_E8_59_D3_88 cmdCode(CC_VersionCheck.0x0001)msgType(MT_ACK.2)msgClass(MC_VersionCheck.0)sender(ST_Mobile.0)crypted(false)zipped(false)nobase64(true)length(1718)version(3)sno(8750)
12-17 19:55:48.014   633   692 I eSpaceService: LoginThread{6131} LoginC.doLoginByStep(LoginC.java:203) Login_By_Step-> at CheckVersionOK
12-17 19:55:48.014  1795 16232 I PGManagerService: proxyWakeLockByPidUid, pid: 31558, uid: 10029, proxy: false
12-17 19:55:48.014  1795 16232 D HwPowerManagerService: remove pxy wl, pid: 31558, uid: 10029 from pxy process list.
12-17 19:55:48.014  2883  2996 I HwSystemManager: NatTrafficNotifyService:delta byte = 0 no traffic delta = 0Traffic state is 301
12-17 19:55:48.015   633   692 I ECS     : LoginThread{6131} XmlMsg.encodeBuf(XmlMsg.java:215) SEND 442 bytes [16]_00_00_01_B6_00_03_01_01_1D_05_87_51_E8_59_D3_88 cmdCode(CC_KeyExchange.0x011D)msgType(MT_ARG.1)msgClass(MC_PersonalInformation.1)sender(ST_Mobile.0)crypted(true)zipped(false)nobase64(true)length(438)version(3)sno(8751)
12-17 19:55:48.016  3180  3578 I ash     : Unproxy wakelock uid = 10029 pid = 31558
12-17 19:55:48.018 21081 21081 W art     : JIT profile information will not be recorded: profile file does not exits.
12-17 19:55:48.021  1795 16499 I PGManagerService: proxyWakeLockByPidUid, pid: 17357, uid: 10029, proxy: false
12-17 19:55:48.021  1795 16499 D HwPowerManagerService: remove pxy wl, pid: 17357, uid: 10029 from pxy process list.
12-17 19:55:48.022  2883  2996 I HwSystemManager: ExtraTrafficSetting:result is empty
12-17 19:55:48.022 31949 31967 I PushService: tcp.conn{4787} ServiceC.connectedNotify(ServiceC.java:289) 172.30.70.63
12-17 19:55:48.024  1795  3111 I ActivityManager_broadcast: dispatch ordered broadcast [foreground] BroadcastRecord{6f2f767 u-1 android.intent.action.TIME_TICK}, has 1 receivers
12-17 19:55:48.024  1795  1795 D PowerManagerService: Releasing suspend blocker "PowerManagerService.Broadcasts".
12-17 19:55:48.026  1795  6986 W ActivityManager: getRunningAppProcesses: caller 10105 does not hold REAL_GET_TASKS; limiting output
12-17 19:55:48.027 31949 31967 I ECS     : tcp.conn{4787} XmlMsg.encodeBuf(XmlMsg.java:215) SEND 100 bytes [16]_00_00_00_60_00_03_01_05_01_04_81_C6_00_00_00_00 cmdCode(CC_PCheckVersion.0x0501)msgType(MT_ARG.1)msgClass(MC_Push.5)sender(ST_Mobile.0)crypted(false)zipped(false)nobase64(true)length(96)version(3)sno(81C6)
12-17 19:55:48.030   625   718 E libnav  : CablComputeBacklightLevel(): UpdateType = DifferentSceneUpdate
12-17 19:55:48.032  3180  3578 I ash     : Unproxy wakelock uid = 10029 pid = 17357
12-17 19:55:48.032  1795  3121 D PowerManagerService: acquire lock=176161031, flags=0x1, tag="hibernation", name=com.huawei.powergenie, ws=null, uid=1000, pid=3180
12-17 19:55:48.032  1795  3121 D PowerManagerService: ready=true,policy=3,wakefulness=1,wksummary=0x1,uasummary=0x1,bootcompleted=true,boostinprogress=false,waitmodeenable=false,mode=true,manual=33,auto=-1,adj=0.0userId=0
12-17 19:55:48.033  1795  6985 I ActivityManager_broadcast: dispatch ordered broadcast [foreground] BroadcastRecord{1f87b46 u-1 android.intent.action.TIME_TICK}, has 13 receivers
12-17 19:55:48.033  1795  1795 V AlarmManager: Received TIME_TICK alarm; rescheduling
12-17 19:55:48.033  1795  1795 I AlarmManager: scheduleTimeTickEvent triggerAtTime = 444296364
12-17 19:55:48.035   633   692 I TCP     : tcp.recv{4488} TcpClientThread.onReceiverWork(TcpClientThread.java:307) get tcp message 80
12-17 19:55:48.036   633   692 I TCP     : msg.recv{4490} TcpClientThread.onRecv(TcpClientThread.java:515) TCP Msg 80TCP_OK
12-17 19:55:48.037   633   692 I ECS     : msg.recv{4490} XmlMsg.decodeBuf(XmlMsg.java:237) RECV 84 bytes [12]_00_03_02_01_1D_05_87_51_E8_59_D3_88 cmdCode(CC_KeyExchange.0x011D)msgType(MT_ACK.2)msgClass(MC_PersonalInformation.1)sender(ST_Mobile.0)crypted(true)zipped(false)nobase64(true)length(80)version(3)sno(8751)
12-17 19:55:48.038   633   692 I eSpaceService: LoginThread{6131} LoginC.doLoginByStep(LoginC.java:203) Login_By_Step-> at KeyExchangeOK
12-17 19:55:48.038   633   692 I SsoLogin: LoginThread{6131} LoginRequester.getRequestData(LoginRequester.java:120) [Aynoffice SSO] --> getStrAnyofficeSsoTicket failed, set no sso login., setAuthType = 1
12-17 19:55:48.039   633   692 I ECS     : LoginThread{6131} XmlMsg.encodeBuf(XmlMsg.java:215) SEND 656 bytes [16]_00_00_02_8C_00_03_01_01_01_05_87_52_E8_59_D3_88 cmdCode(CC_Login.0x0101)msgType(MT_ARG.1)msgClass(MC_PersonalInformation.1)sender(ST_Mobile.0)crypted(true)zipped(false)nobase64(true)length(652)version(3)sno(8752)
12-17 19:55:48.041  2852  2852 I TimeManager: act:android.intent.action.TIME_TICK  flag:1342177300 FLAG_IS_FIRST_POWER_OFF_ALARM=false android.intent.extra.ALARM_COUNT=1 
12-17 19:55:48.041  2883  2996 I HwSystemManager: ITrafficInfo:ITrafficInfo create 301updateBytes = 1769320345
12-17 19:55:48.043  3180  3578 D PgedBinderAdapter: unfrz ok, pid: [31558, 17357]
12-17 19:55:48.043  2852  2852 I HwDateUtils:  formatChinaDateTime equals.
12-17 19:55:48.043  2852  2852 I HwDateUtils: formatChinaDateTime, change to China normalTime:晚上7:55
12-17 19:55:48.043  2852  2852 I HwDateUtils: begin of formatChinaDateRange chinaDate:晚上7:55
12-17 19:55:48.043  3180  3578 I PGServer: report state:6 event type:2 pid:0 uid:10029 pkg:com.android.browser to pid: 1795
12-17 19:55:48.043  2852  2852 I TimeManager: chinaDateTime:晚上7:55
