12-17 19:35:56.187  2852  2852 D KGWallpaper_Magazine: getNextIndex: 0; from 6 to 6; size: 44
12-17 19:35:56.187  2852  2852 V MagazineUtils: Is User Assigned Wallpaper? : 0  false
12-17 19:35:56.187  2852  2925 D KGWallpaper_Magazine: getNextIndex: 1; from 6 to 7; size: 44
12-17 19:35:56.187  2852  2852 V MagazineUtils: Is User Assigned Wallpaper? : 0  false
12-17 19:35:56.188  2852  2925 I ExifParser: mTiffStream skip = 0
12-17 19:35:56.189  2852  2925 W ExifData: The tag is null error!
12-17 19:35:56.190  2852  2925 D KGWallpaper_Magazine: getNextIndex: 0; from 6 to 6; size: 44
12-17 19:35:56.191  2852  2925 I ExifParser: mTiffStream skip = 0
12-17 19:35:56.192  2852  2852 D KGWallpaper_Magazine: getNextIndex: 0; from 6 to 6; size: 44
12-17 19:35:56.192  2852  2925 W ExifData: The tag is null error!
12-17 19:35:56.192  2852  2852 W MagazineDetailView: addInvisibleView null view
12-17 19:35:56.192  2852  2852 I HwBackDropView: update Wallpaper with Bokeh.
12-17 19:35:56.193  2852  2925 D KGWallpaper_Magazine: getNextIndex: -1; from 6 to 5; size: 44
12-17 19:35:56.193  2852  2852 D LiftTransition: setLiftRange: -446.0, threshold = 223.0
12-17 19:35:56.194  1795  2671 D WifiStateMachine:  ConnectedState !CMD_SCREEN_STATE_CHANGED  rt=123153811/443092557 0 0
12-17 19:35:56.194  2852  2925 I ExifParser: mTiffStream skip = 0
12-17 19:35:56.194  1795  2671 D WifiStateMachine:  L2ConnectedState !CMD_SCREEN_STATE_CHANGED  rt=123153811/443092557 0 0
12-17 19:35:56.194  1795  2671 D WifiStateMachine:  ConnectModeState !CMD_SCREEN_STATE_CHANGED  rt=123153811/443092557 0 0
12-17 19:35:56.194  1795  2671 D WifiStateMachine:  DriverStartedState !CMD_SCREEN_STATE_CHANGED  rt=123153811/443092558 0 0
12-17 19:35:56.194  1795  2671 D WifiStateMachine:  SupplicantStartedState !CMD_SCREEN_STATE_CHANGED  rt=123153811/443092558 0 0
12-17 19:35:56.194  1795  2671 D WifiStateMachine:  DefaultState !CMD_SCREEN_STATE_CHANGED  rt=123153812/443092558 0 0
12-17 19:35:56.195  1795  2671 D PowerManagerService: acquire lock=244575063, flags=0x1, tag="WifiSuspend", name=android, ws=null, uid=1000, pid=1795
12-17 19:35:56.195  2852  2852 W CameraLayout: Cameralayout setVisibility. true false  2
12-17 19:35:56.195  1795  2671 D PowerManagerService: ready=true,policy=0,wakefulness=0,wksummary=0x1,uasummary=0x0,bootcompleted=true,boostinprogress=false,waitmodeenable=false,mode=true,manual=33,auto=-1,adj=0.0userId=0
12-17 19:35:56.195  2852  2925 W ExifData: The tag is null error!
12-17 19:35:56.195  1795  2671 D PowerManagerService: Acquiring suspend blocker "PowerManagerService.WakeLocks".
12-17 19:35:56.195  2852  2925 D KGWallpaper_Magazine: getNextIndex: 1; from 6 to 7; size: 44
12-17 19:35:56.196  2852  2925 I ExifParser: mTiffStream skip = 0
12-17 19:35:56.198  2852  2925 W ExifData: The tag is null error!
12-17 19:35:56.198  1795  2671 I AlarmManager: remove(null) changed bounds; rebatching
12-17 19:35:56.198  2852  2925 D KGWallpaper_Magazine: getNextIndex: 0; from 6 to 6; size: 44
12-17 19:35:56.199  2852  2925 I ExifParser: mTiffStream skip = 0
12-17 19:35:56.199  1795  1795 D HwConnectivityService: mIntentReceiver begin
12-17 19:35:56.199  1795  1795 D HwKeyguardManagerImpl: isLockScreenDisabled HwKeyguardManagerImpl result = false
12-17 19:35:56.199  1795  1795 D HwConnectivityService: CtrlSocket Receiver,disable: false locked: true action: android.intent.action.SCREEN_OFF mSmartKeyguardLevel: normal_level mStartPowerSaving: false
12-17 19:35:56.199  1795  1795 D HwConnectivityService: receive screen off intent!
12-17 19:35:56.200  1795  1795 D HwConnectivityService: wifi tethering: false
12-17 19:35:56.200  1795  1795 D HwConnectivityService: Usb tethering: false
12-17 19:35:56.200  1795  1795 D HwConnectivityService: bt tethering: false
12-17 19:35:56.200  1795  1795 D HwConnectivityService: pluggedStatus: 0
12-17 19:35:56.200  1795  1795 D HwConnectivityService: is charging: false
12-17 19:35:56.200  2852  2925 W ExifData: The tag is null error!
12-17 19:35:56.200  2852  2925 D KGWallpaper_Magazine: getNextIndex: -1; from 6 to 5; size: 44
12-17 19:35:56.201  2852  2925 I ExifParser: mTiffStream skip = 0
12-17 19:35:56.203  2852  2925 W ExifData: The tag is null error!
12-17 19:35:56.204  1795  2671 E WifiScanner: listener cannot be found
12-17 19:35:56.205  1795  2671 D WifiStateMachine:  ConnectedState CMD_ENABLE_RSSI_POLL  rt=123153822/443092568 0 0
12-17 19:35:56.205  1795  2671 D WifiStateMachine:  L2ConnectedState CMD_ENABLE_RSSI_POLL  rt=123153822/443092568 0 0
12-17 19:35:56.205  1795  2671 D WifiStateMachine:  ConnectedState CMD_SET_SUSPEND_OPT_ENABLED  rt=123153822/443092569 1 0
12-17 19:35:56.205  1795  2671 D WifiStateMachine:  L2ConnectedState CMD_SET_SUSPEND_OPT_ENABLED  rt=123153822/443092569 1 0
12-17 19:35:56.205  1795  2671 D WifiStateMachine:  ConnectModeState CMD_SET_SUSPEND_OPT_ENABLED  rt=123153823/443092569 1 0
12-17 19:35:56.205  1795  2671 D WifiStateMachine:  DriverStartedState CMD_SET_SUSPEND_OPT_ENABLED  rt=123153823/443092569 1 0
12-17 19:35:56.206  1795  2671 D WifiHW  : wifi_send_command: cmd:'IFNAME=wlan0 DRIVER SETSUSPENDMODE 1'
12-17 19:35:56.206  5215  5215 D wpa_supplicant: wlan0: Control interface command 'DRIVER SETSUSPENDMODE 1'
12-17 19:35:56.208  3218 13036 D PhoneInterfaceManager: [PhoneIntfMgr] getDataEnabled: subId=0 phoneId=0
12-17 19:35:56.208  3218 13036 D PhoneInterfaceManager: [PhoneIntfMgr] getDataEnabled: subId=0 retVal=false
12-17 19:35:56.209  1795  1795 D HwConnectivityService: CtrlSocket getMobileDataEnabled = false
12-17 19:35:56.214  1795  1795 I NotificationManager: mIntentReceiver-ACTION_SCREEN_OFF
12-17 19:35:56.214  1795  1795 I NotificationManager: updateLightsLocked,mInCall =false,mScreenOn = false,ledNotification == null?false
12-17 19:35:56.214  1795  1795 D qdlights: set_speaker_light_locked mode 1, colorRGB=FF00FF00, onMS=300, offMS=1000
12-17 19:35:56.214  1795  1795 E         : come into oem_qmi_common_stream_from_modem_len --->modem 
12-17 19:35:56.215  1795  1795 D         : Lib:oem_qmi_cmd:Build socket connection success. And retry:0
12-17 19:35:56.215  1795  1795 E         : Lib:oem_qmi_cmd: Send to server  passed!!
12-17 19:35:56.215   800  1015 D         : oem-qmi: Connection accepted
12-17 19:35:56.215   800  1015 D         : oem-qmi: recv_id_l = 15 recv_id=15
12-17 19:35:56.215   800  1015 D         : oem-qmi: Waiting to accept connection
12-17 19:35:56.215   800 20756 D         : oem-qmi: request_handler recv_id = 15
12-17 19:35:56.219  1795  1795 E         : ######  output 0
12-17 19:35:56.220  1795  1795 E         : ---qmi : rapi_event_type=143, qmi_ret=0, return_status=1. 
12-17 19:35:56.220  1795  1795 E qdlights: send modem leds order success.
12-17 19:35:56.220  1795  1795 I Sensor  : set flash ledARGB=0xff00ff00, ledOn:300, ledOff:1000
12-17 19:35:56.220  1795  1795 I Sensor  : updateLight --> mIsNotificationExisting: true ledOnMS: 300 ledOffMS :1000
12-17 19:35:56.220  1795  1795 I Sensor  : updateLightsLocked --> level:78, status:3
12-17 19:35:56.220  1795  1795 I Sensor  : updateLightsLocked --> mBatteryLight.turnOff
12-17 19:35:56.225  1046 26554 V ThreadsEx: HDebug print the key screen_state
12-17 19:35:56.225  1046 26554 D audio_hw_primary: adev_set_parameters: enter: screen_state=off
12-17 19:35:56.225  1046 26554 I Huawei_audio_cust: huawei_audio huawei_choose_HandsFree_device_incall_forHWtest: test Type =4
12-17 19:35:56.225  1046 26554 I Huawei_audio_cust: huawei_audio huawei_choose_Handset_device_incall_forHWtest: test Type =4
12-17 19:35:56.226  1046 26554 I Huawei_audio_cust: get_spk_pa_type: pa is max98925
12-17 19:35:56.226  1046 26554 I Huawei_audio_cust: huawei_common_set_parameters: exit with code(0)
12-17 19:35:56.226  1046 26554 V Huawei_audio_cust: huawei_cust_set_parameters: exit with code(0)
12-17 19:35:56.226  1046 26554 V msm8916_platform: platform_set_parameters: enter: - screen_state=off
12-17 19:35:56.226  1046 26554 V msm8916_platform: platform_set_parameters: exit with code(0)
12-17 19:35:56.226  1046 26554 D audio_hw_extn: audio_extn_set_anc_parameters: anc_enabled:0
12-17 19:35:56.226  1046 26554 D audio_hw_spkr_prot: audio_extn_fbsp_set_parameters: Speaker protection disabled
12-17 19:35:56.226  1046 26554 V audio_hw_primary: adev_set_parameters: exit with code(0)
12-17 19:35:56.228  1795  1795 I AlarmManager: set(PendingIntent{2f9e644: PendingIntentRecord{527f32d android broadcastIntent}}) : type=2 triggerAtTime=447352592 win=300000 tElapsed=447352592 maxElapsed=447652592 interval=0 flags=0x8
12-17 19:35:56.231  1795  1795 D HwPFWLogger: PFW.HwPFWService:mBroadcastReceiver action = android.intent.action.SCREEN_OFF
12-17 19:35:56.231  1795  2708 D HwPFWLogger: PFW.HwPFWService:handle PFW_MSG_SYSTEM
12-17 19:35:56.231  1795  2708 D HwPFWLogger: PFW.HwPFWAppRestartPolicy:receive action = android.intent.action.SCREEN_OFF
12-17 19:35:56.234  1795  1795 D WifiService: onReceive, action:android.intent.action.SCREEN_OFF
12-17 19:35:56.234  1795  2670 D WifiController: DeviceActiveState{ when=0 what=155651 target=com.android.internal.util.StateMachine$SmHandler }
12-17 19:35:56.234  1795  2670 D WifiController: StaEnabledState what=155651
12-17 19:35:56.234  1795  2670 D WifiController: DefaultState what=155651
12-17 19:35:56.234  1795  2670 D WifiController: wifiSleepPolicy:1
12-17 19:35:56.234  1795  2670 D WifiController: set idle timer: 1800000 ms
12-17 19:35:56.234  1795  2670 I AlarmManager: set(PendingIntent{50e3a01: PendingIntentRecord{a8130a6 android broadcastIntent}}) : type=0 triggerAtTime=1481976356234 win=0 tElapsed=444892598 maxElapsed=444892598 interval=0 flags=0x9
12-17 19:35:56.241  1795  2736 E hwintelligencewifi:  DefaultState MSG_SCREEN_OFF mIsAutoOpenSearch = false
12-17 19:35:56.241  1795  2377 I IO.IOStatsService: onReceive:screen off
12-17 19:35:56.246  1795  2377 I IO.IOStatsService: saveIOStatsAndLatestUids,the time interval is too shorter than the last screen off
