12-17 19:34:56.737  1795  1795 I MQoS    : mSubId=0,voiceState:0,dataState:1
12-17 19:34:56.739  1795  1806 I SendBroadcastPermission: action:android.intent.action.SERVICE_STATE, mPermissionType:0
12-17 19:34:56.739  3168  3168 I CHR_ChrNetworkTracker: onServiceStateChanged: start: radiotechnew = 16, isNewssCdma = false, radiotechold = 16, isOldssCdma = false
12-17 19:34:56.739  3168  3168 I CHR_ChrNetworkTracker: onServiceStateChanged ! hasRegistered= false hasGprsAttached= false hasDeregistered=false hasGprsDetached=false, mSub = 0
12-17 19:34:56.739  1795  1806 I ActivityManager_broadcast: collectReceiverComponents, callerApp: ProcessRecord{34bf34f 0:system/1000}, intent:android.intent.action.SERVICE_STATE, receiver size:3, flags: 10000400
12-17 19:34:56.740  1795  1806 I HwActivityManagerService: Split enqueueing broadcast [callerApp]:ProcessRecord{34bf34f 0:system/1000}
12-17 19:34:56.740  1795  1795 I WifiProJNI: ######### NOTIFY_MCC:460 ########
12-17 19:34:56.740  1795  1795 D WifiProJNI: send_cmd_kernel: cmd=5
12-17 19:34:56.740  1795  1806 I HwActivityManagerService: Split enqueueing broadcast [callerApp]:ProcessRecord{34bf34f 0:system/1000}
12-17 19:34:56.740  1795  1806 I ActivityManager_broadcast: Enqueueing ordered broadcast[background] BroadcastRecord{ab26e38 u-1 android.intent.action.SERVICE_STATE}: prev had 0
12-17 19:34:56.740  3218  6115 D PhoneInterfaceManager: [PhoneIntfMgr] getDataEnabled: subId=0 phoneId=0
12-17 19:34:56.740  2852  2914 I HwMobileSignalController: subId:0 phoneType:1 networktype:16 targetClass:1 masterLevel:5 slaveLevel:-1
12-17 19:34:56.740  3218  6115 D PhoneInterfaceManager: [PhoneIntfMgr] getDataEnabled: subId=0 retVal=false
12-17 19:34:56.741  1795  1808 I ActivityManager_broadcast: dispatch ordered broadcast [background] BroadcastRecord{ab26e38 u-1 android.intent.action.SERVICE_STATE}, has 3 receivers
12-17 19:34:56.742  2852  2852 I NetworkController.MobileSignalController(0): Change in state from: connected=true,enabled=true,level=5,inetCondition=1,iconGroup=IconGroup(G),activityIn=false,activityOut=false,rssi=0,lastModified=12-17 07:30:49,isRoaming=false,dataSim=true,networkName=中国移动,networkNameData=中国移动,dataConnected=false,isDefault=false,isEmergency=false,airplaneMode=false,carrierNetworkChangeMode=false,userSetup=true
12-17 19:34:56.742  2852  2852 I NetworkController.MobileSignalController(0): 	to: connected=true,enabled=true,level=5,inetCondition=1,iconGroup=IconGroup(Unknown),activityIn=false,activityOut=false,rssi=0,lastModified=12-17 07:30:49,isRoaming=false,dataSim=true,networkName=中国移动,networkNameData=中国移动,dataConnected=false,isDefault=false,isEmergency=false,airplaneMode=false,carrierNetworkChangeMode=false,userSetup=true
12-17 19:34:56.742  1795  1807 D CountryDetector: isValidCountryIso: CN
12-17 19:34:56.743  2852  2852 D KeyguardUpdateMonitor: received broadcast android.intent.action.SERVICE_STATE
12-17 19:34:56.743  2852  2852 V KeyguardUpdateMonitor: action android.intent.action.SERVICE_STATE serviceState=0 1 voice home data home 中国移动 中国移动 46000 中国移动 中国移动 46000  GSM Unknown CSS not supported -1 -1 RoamInd=-1 DefRoamInd=-1 EmergOnly=false IsDataRoamingFromRegistration=false subId=0
12-17 19:34:56.743  2852  2852 D KeyguardUpdateMonitor: handleServiceStateChange(subId=0, serviceState=0 1 voice home data home 中国移动 中国移动 46000 中国移动 中国移动 46000  GSM Unknown CSS not supported -1 -1 RoamInd=-1 DefRoamInd=-1 EmergOnly=false IsDataRoamingFromRegistration=false
12-17 19:34:56.743  2852  2852 W AppHandler: sendMessage 117
12-17 19:34:56.743  2852  2852 W HwLockScreenPanel: Handle message: 117
12-17 19:34:56.744  7741  7741 V DownloadManager: Service state changed: Bundle[mParcelledData.dataSize=1116]
12-17 19:34:56.744  2852  3556 I HwNetworkControllerImpl: onReceive: action = android.intent.action.SERVICE_STATE
12-17 19:34:56.744  7741  7741 V DownloadManager: roaming ------> false
12-17 19:34:56.744  7741  7741 V DownloadManager: auto download without roaming -> true
12-17 19:34:56.744  7741  7741 V DownloadManager: auto download during roaming -> false
12-17 19:34:56.744  7741  7741 V DownloadManager: mAutoDownload ------> true
12-17 19:34:56.744 17709 17709 D HwIntelligent3_OverseasStateManagerImp: onServiceStateChanged curCountry : CNsimCountry : CN
12-17 19:34:56.744 17709 17709 I HwIntelligent3_OverseasStateManager: checkRoamingStateChanged : cur country is CN home country is CN
12-17 19:34:56.744  7741  7741 D Mms_TX_ServiceStateChangeReceiver: action: ACTION_SERVICE_STATE_CHANGED
12-17 19:34:56.744 17709 17709 I HwIntelligent3_OverseasStateManager: checkRoamingStateChanged : last coutry is CN
12-17 19:34:56.744  7741  7741 D Mms_TX_ServiceStateChangeReceiver: serviceState 0
12-17 19:34:56.744  7741  7741 D Mms_TX_ServiceStateChangeReceiver: in service, start TransactionService
12-17 19:34:56.744  7741  7741 E Mms_TXM_SVC: isSecondaryUser() start 
12-17 19:34:56.744 17709 17709 I HwIntelligent3_OverseasStateManager: notifyRamotingStateChanged check roaming state is not true
12-17 19:34:56.744  7741  7741 E Mms_TXM_SVC: isSecondaryUser() end 
12-17 19:34:56.744  7741  7741 E Mms_TXM_SVC: removeCallbacksAndMessages start 
12-17 19:34:56.745  7741  7741 E Mms_TXM_SVC: removeCallbacksAndMessages end 
12-17 19:34:56.745  3218  3218 E HW-JPEG-DEC: [HME_JPEG_DEC_Delete](3298): HME_JPEG_DEC_Delete: decoder_ctx=null
12-17 19:34:56.745  7741  7741 E Mms_TXM_SVC: startService end 
12-17 19:34:56.746  2852  2914 I SimCardMethod: isCardAbsent slot:0 slotState:5
12-17 19:34:56.746  3218 13114 D PhoneInterfaceManager: [PhoneIntfMgr] getDataEnabled: subId=0 phoneId=0
12-17 19:34:56.746  3218 13114 D PhoneInterfaceManager: [PhoneIntfMgr] getDataEnabled: subId=0 retVal=false
12-17 19:34:56.746  2852  2852 D HwMobileSignalController: getTypeIcon type:1
12-17 19:34:56.746  2852  2852 D HwMobileSignalController:  2G
12-17 19:34:56.746  2852  2852 I HwMobileSignalController: notifyListenerHuawei::origin typeIcon:2130839153 icons.mName:Unknown isSuspend:false, showDataIcon=false, dataConnected=false, isRoaming=false
12-17 19:34:56.746  2852  2852 I HwSignalClusterView: getOrInflateState subId:0
12-17 19:34:56.746  2852  2852 I HwSignalClusterView: getOrInflateState subId:0
12-17 19:34:56.746  2852  2852 I HwSignalClusterView: setMobileDataIndicatorsHuawei subId:0 visible:true strengthIcon:2130839311 typeIcon:2130839153 contentDescription:手机信号满格。 typeContentDescription: isTypeIconWide:false showActivity:false activityIn:false activityOut:false isRoaming:false
12-17 19:34:56.746  2852  2852 I HwSignalClusterView: getOrInflateState subId:0
12-17 19:34:56.747  3218  3234 E HW-JPEG-DEC: [HME_JPEG_DEC_Delete](3298): HME_JPEG_DEC_Delete: decoder_ctx=null
12-17 19:34:56.747  2852  2852 D NetWorkUtils: mVSimCurCardType is -1
12-17 19:34:56.748  2852  2852 I HwSignalClusterView: apply hwPhoneState.mSubId:0 anyMobileVisible:false mIsAirplaneMode:false, mobileGroupVisible=true
12-17 19:34:56.748  3218  6115 D PhoneInterfaceManager: [PhoneIntfMgr] getDataEnabled: subId=0 phoneId=0
12-17 19:34:56.748  3218  6115 D PhoneInterfaceManager: [PhoneIntfMgr] getDataEnabled: subId=0 retVal=false
12-17 19:34:56.748  2852  2852 I HwSignalClusterView: setMobileDataIndicatorsHuawei subId:0 visible:true strengthIcon:2130839311 typeIcon:2130839153 contentDescription:手机信号满格。 typeContentDescription: isTypeIconWide:false showActivity:false activityIn:false activityOut:false isRoaming:false
12-17 19:34:56.748  2852  2852 I HwSignalClusterView: getOrInflateState subId:0
12-17 19:34:56.749  2852  2852 D NetWorkUtils: mVSimCurCardType is -1
12-17 19:34:56.749  2852  2852 I HwSignalClusterView: apply hwPhoneState.mSubId:0 anyMobileVisible:false mIsAirplaneMode:false, mobileGroupVisible=true
12-17 19:34:56.749  3218 13036 E HW-JPEG-DEC: [HME_JPEG_DEC_Delete](3298): HME_JPEG_DEC_Delete: decoder_ctx=null
12-17 19:34:56.758  3168  3168 I CHR_ChrNetworkTracker: Enter shouldIgnoreCSLost ! radioOn= true simCardState=5 isSubActived=true, mSub = 0, mAirplaneMode = false, isDual4GSlotSwitch = false
12-17 19:34:56.760  2883  3256 I HwSystemManager: ServiceStateMonitor:service state changed, isRoaming = false
12-17 19:34:56.760  1795  2396 I HwNetworkPolicy: onTransact, code = 205
12-17 19:34:56.761  1795  2332 I qti_sensors_hal: [ACC]processReportInd: X: -2.899127 Y: 4.064398 Z: 8.518331  x_offset:0.160831 y_offset:0.184366 z_offset:0.985027
12-17 19:34:56.762  2883  3256 I HwNetworkPolicyManager: forceUpdatePolicy isRoaming = false
12-17 19:34:56.768  3218  3218 I SendBroadcastPermission: action:android.intent.action.ACTION_DEFAULT_DATA_SUBSCRIPTION_CHANGED, mPermissionType:0
12-17 19:34:56.769  1795  1806 I HwActivityManagerService: Split enqueueing broadcast [callerApp]:ProcessRecord{24cdca7 3218:com.android.phone/1001}
12-17 19:34:56.770  3218  3218 D Telephony: TelecomAccountRegistry: onServiceStateChanged0 newState : 0, mServiceState : 0
12-17 19:34:56.770  1795  1795 D HwMultiNlpPolicy: receive broadcast intent, action: android.intent.action.ACTION_DEFAULT_DATA_SUBSCRIPTION_CHANGED
12-17 19:34:56.770  2883  2883 I HwSystemManager: NatTrafficNotifyService:new sub = 0
12-17 19:34:56.771  1795  1795 D HwMultiNlpPolicy: isChineseSimCard datasub 0, cn
12-17 19:34:56.771  1795  1795 D HwMultiNlpPolicy: isChineseSimCard true , dataSub 0
12-17 19:34:56.771  3218  3422 E HW-JPEG-DEC: [HME_JPEG_DEC_Delete](3298): HME_JPEG_DEC_Delete: decoder_ctx=null
12-17 19:34:56.772  3218 13114 D PhoneInterfaceManager: [PhoneIntfMgr] getDataEnabled: subId=0 phoneId=0
12-17 19:34:56.772  3218 13114 D PhoneInterfaceManager: [PhoneIntfMgr] getDataEnabled: subId=0 retVal=false
12-17 19:34:56.774  2852  3556 I HwNetworkControllerImpl: onReceive: action = android.intent.action.ACTION_DEFAULT_DATA_SUBSCRIPTION_CHANGED
12-17 19:34:56.774  2883  2883 I HwSystemManager: NoAppTrafficAnalysis:subscription not changed
12-17 19:34:56.774  2883  2883 I HwSystemManager: NatTrafficNotifyService:default mobile sub change 
12-17 19:34:56.776  3218  3218 D HwCustPhoneGlobalsImpl: full network is true old serivce state is 0 new service state is 0 subid is 0 hasNotification is false
12-17 19:34:56.780  3168  3168 I CHR_ChrNetworkTracker: Enter shouldIgnorePSLost ! radioOn= true simCardState=5 isSubActived=true, mSub = 0, mAirplaneMode = false, isDual4GSlotSwitch = false
12-17 19:34:56.782  3218  4159 D PhoneInterfaceManager: [PhoneIntfMgr] getDataEnabled: subId=0 phoneId=0
12-17 19:34:56.782  3218  4159 D PhoneInterfaceManager: [PhoneIntfMgr] getDataEnabled: subId=0 retVal=false
12-17 19:34:56.783  3218 13114 D PhoneInterfaceManager: [PhoneIntfMgr] getDataEnabled: subId=0 phoneId=0
12-17 19:34:56.783  3218 13114 D PhoneInterfaceManager: [PhoneIntfMgr] getDataEnabled: subId=0 retVal=false
12-17 19:34:56.798  1046  1125 D aud_dev_arbi: releaseOneDevice: not sending command, device argument (1) does not match any registered device
12-17 19:34:56.798  1046  1125 D aud_dev_arbi: releaseOneDevice: device 1 owner is 0
12-17 19:34:56.798  1046  1125 I soundtrigger: audio_extn_sound_trigger_update_device_status: device 0xf of type 0 for Event 0, with Raise=0
12-17 19:34:56.798  1046  1125 V msm8916_platform: platform_get_backend_index:napb: backend port - 0 device - 1 
12-17 19:34:56.798  1046  1125 I msm8916_platform: platform_check_and_set_codec_backend_cfg:becf: afe: bitwidth 16, samplerate 48000 channels 2, backend_idx 0 usecase = 1 device (handset)
12-17 19:34:56.798  1046  1125 D msm8916_platform: platform_can_split_snd_device: snd_device(1) num devices(1) new_snd_devices(1702061166)
12-17 19:34:56.798  1046  1125 I msm8916_platform: platform_check_and_set_codec_backend_cfg: becf: new_snd_devices[0] is handset
12-17 19:34:56.798  1046  1125 V msm8916_platform: platform_get_native_support:napb: ui Prop enabled(0) version(0)
12-17 19:34:56.798  1046  1125 V msm8916_platform: platform_get_backend_index:napb: backend port - 0 device - 1 
12-17 19:34:56.798  1046  1125 I msm8916_platform: platform_check_codec_backend_cfg:becf: afe: Codec selected backend: 0 current bit width: 16 sample rate: 48000 channels: 2
12-17 19:34:56.798  1046  1125 V msm8916_platform: platform_get_native_support:napb: ui Prop enabled(0) version(0)
12-17 19:34:56.798  1046  1125 V audio_hw_primary: audio_is_true_native_stream_active:napb: not in true mode or non hdphones device
12-17 19:34:56.798  1046  1125 D msm8916_platform: platform_check_codec_backend_cfg:becf: afe: playback on non-44.1-support device Configure afe to default Sample Rate(48k)
12-17 19:34:56.798  1046  1125 D msm8916_platform: platform_check_codec_backend_cfg:becf: afe: only 48KHZ sample rate is supported Configure afe to default Sample Rate(48k)
12-17 19:34:56.798  1046  1125 I msm8916_platform: platform_check_codec_backend_cfg:becf: afe: Codec selected backend: 0 updated bit width: 16 and sample rate: 48000
