12-17 19:31:57.327  1795  1795 D DeviceIdleController: becomeInactiveIfAppropriateLocked()
12-17 19:31:57.327  1795  1795 D DeviceIdleController: Moved from STATE_ACTIVE to STATE_INACTIVE
12-17 19:31:57.327  1795  3077 D GnssLocationProvider: receive broadcast intent, action: android.intent.action.SCREEN_ON
12-17 19:31:57.327  1795  1795 D DeviceIdleController: stopMonitoringMotionLocked()
12-17 19:31:57.327  1795  1795 D DeviceIdleController: scheduleAlarmLocked(1800000, false)
12-17 19:31:57.327  1795  3077 I GnssLocationProvider: updateLowPowerMode,isPowerSaveMode:falseisInteractive:false
12-17 19:31:57.327  1795  3077 I GnssLocationProvider: disableGps:false  isEnabled()=true
12-17 19:31:57.327  1795  1795 I AlarmManager: set(null) : type=2 triggerAtTime=444653690 win=1349999 tElapsed=444653690 maxElapsed=446003689 interval=0 flags=0x8
12-17 19:31:57.328  1795  3139 D PowerManagerService: ready=false,policy=0,wakefulness=0,wksummary=0x11,uasummary=0x0,bootcompleted=true,boostinprogress=false,waitmodeenable=false,mode=true,manual=33,auto=-1,adj=0.0userId=0
12-17 19:31:57.330  1795  1795 D DeviceIdleController: Moved from LIGHT_STATE_ACTIVE to LIGHT_STATE_INACTIVE
12-17 19:31:57.330  1795  1795 D DeviceIdleController: scheduleLightAlarmLocked(300000)
12-17 19:31:57.330  1795  2736 E hwintelligencewifi: inlineAddCurrentApInfo mInfos.size()=132
12-17 19:31:57.330  3608  3608 I InCall  : ProximitySensor - ProximitySensor{keybrd=0, dpad=0, offhook=1, hor=0, ui=1, aud=EARPIECE}
12-17 19:31:57.330  3608  3608 D InCall  : ProximitySensor - Turning on proximity sensor
12-17 19:31:57.330  3608  3608 I InCall  : ProximitySensor - Proximity wake lock already acquired
12-17 19:31:57.330  1795  1795 I AlarmManager: set(null) : type=2 triggerAtTime=443153693 win=224999 tElapsed=443153693 maxElapsed=443378692 interval=0 flags=0x8
12-17 19:31:57.330  3608  3608 D InCall  : AnswerPresenter - onUiShowingfalse
12-17 19:31:57.330  1795 15987 D PowerManagerService: ready=false,policy=0,wakefulness=0,wksummary=0x11,uasummary=0x0,bootcompleted=true,boostinprogress=false,waitmodeenable=false,mode=true,manual=33,auto=-1,adj=0.0userId=0
12-17 19:31:57.330  3608  3608 D InCall  : GlowPadAnswerFragment - Show answer UI: false
12-17 19:31:57.331  3608  3608 D InCall  : GlowPadWrapper - stopPing
12-17 19:31:57.331  1795 16232 D PowerManagerService: ready=false,policy=0,wakefulness=0,wksummary=0x11,uasummary=0x0,bootcompleted=true,boostinprogress=false,waitmodeenable=false,mode=true,manual=33,auto=-1,adj=0.0userId=0
12-17 19:31:57.331  3608  3608 I InCall  : GlowPadAnswerFragment - showVideoAnswerButtonfalsefalse
12-17 19:31:57.334  1795  1795 I NotificationManager: enqueueNotificationInternal: n.getKey = 0|com.android.incallui|2|null|1001
12-17 19:31:57.335  1795  3238 I SendBroadcastPermission: action:com.android.server.action.NETWORK_STATS_UPDATED, mPermissionType:0
12-17 19:31:57.335  1795 11746 I ActivityManager_activity: Moving to PAUSED: ActivityRecord{b46dc67 u0 com.android.incallui/.InCallActivity t310} (pause complete)
12-17 19:31:57.344  2852  3556 I NetworkController.MobileSignalController(0): onDataActivity: direction=0
12-17 19:31:57.344  2852  3556 D NetworkController.MobileSignalController(0): mSimSubId:0 onDataActivity: direction=0
12-17 19:31:57.344  2852  3556 I NetworkController.MobileSignalController(0): onDataActivity: direction=0
12-17 19:31:57.344  2852  3556 D NetworkController.MobileSignalController(0): mSimSubId:0 onDataActivity: direction=0
12-17 19:31:57.358  7741  7758 D TmoMonitor: Cache monitor msg as screen_off
12-17 19:31:57.374  1795  2332 I qti_sensors_hal: [ACC]processReportInd: X: 6.989758 Y: 7.665686 Z: 0.340768  x_offset:0.160831 y_offset:0.184366 z_offset:0.985027
12-17 19:31:57.435  1795  2332 I qti_sensors_hal: [ACC]processReportInd: X: 5.144696 Y: 7.498374 Z: 0.542820  x_offset:0.160831 y_offset:0.184366 z_offset:0.985027
12-17 19:31:57.495  1795  2332 I qti_sensors_hal: [ACC]processReportInd: X: 5.275128 Y: 7.357535 Z: 0.665723  x_offset:0.160831 y_offset:0.184366 z_offset:0.985027
12-17 19:31:57.522  1795  2750 D SurfaceControl: Excessive delay in setPowerMode(): 199ms
12-17 19:31:57.522  1795  2750 D PowerManagerService: Setting HAL interactive mode to false
12-17 19:31:57.522  1795  2750 I QTI PowerHAL: Got set_interactive hint
12-17 19:31:57.524   533  3739 E ANDR-PERF-MPCTL: Invalid profile no. 0, total profiles 0 only
12-17 19:31:57.524  1795  2750 D libfingersense_wrapper: Calling fingersense_on_pause()
12-17 19:31:57.524  1795  2750 D libfingersense_wrapper: fingersense_on_pause() finished
12-17 19:31:57.524  1795  2750 D PowerManagerService: Setting HAL auto-suspend mode to true
12-17 19:31:57.524   836  2387 I knuckle_sensor: Sending SAM_DISABLE to fs_data
12-17 19:31:57.524   625   718 E libnav  : AbaSuspend skips CABL deactivate: state was 3
12-17 19:31:57.525  1795  1825 I PowerManager_screenOn: DisplayPowerController updatePowerState mPendingRequestLocked=policy=OFF, useProximitySensor=true, useProximitySensorbyPhone=true, screenBrightness=33, screenAutoBrightnessAdjustment=0.0, brightnessSetByUser=true, useAutoBrightness=true, blockScreenOn=false, lowPowerMode=false, boostScreenBrightness=false, dozeScreenBrightness=-1, dozeScreenState=UNKNOWN, useTwilight=false, useSmartBacklight=true, brightnessWaitMode=false, brightnessWaitRet=true, screenAutoBrightness=-1, userId=0
12-17 19:31:57.525   836   928 I knuckle_sensor: Got DISABLE response, status = 0, id = 64
12-17 19:31:57.526  1795  1825 D DisplayPowerController: Animating brightness: target=0, rate=0
12-17 19:31:57.526  1795  1825 D DisplayPowerController: Display ready!
12-17 19:31:57.526  1795  1825 D DisplayPowerController: Finished business...
12-17 19:31:57.526  1795  1825 D PowerManagerService: ready=true,policy=0,wakefulness=0,wksummary=0x11,uasummary=0x0,bootcompleted=true,boostinprogress=false,waitmodeenable=false,mode=true,manual=33,auto=-1,adj=0.0userId=0
12-17 19:31:57.526  1795  3238 I HwActivityManagerService: Split enqueueing broadcast [callerApp]:ProcessRecord{34bf34f 0:system/1000}
12-17 19:31:57.526  1795  1825 I PowerManager_screenOn: PowerManagerNotifier onWakefulnessChangeFinished mInteractiveChanging=true, mInteractive=false
12-17 19:31:57.526  1795  1825 D PowerManagerService: Releasing suspend blocker "PowerManagerService.Display".
12-17 19:31:57.528  3608  3608 I InCall  : ProximitySensor - ProximitySensor{keybrd=0, dpad=0, offhook=1, hor=0, ui=1, aud=EARPIECE}
12-17 19:31:57.528  3608  3608 D InCall  : ProximitySensor - Turning on proximity sensor
12-17 19:31:57.528  3608  3608 I InCall  : ProximitySensor - Proximity wake lock already acquired
12-17 19:31:57.531  3608  3608 I InCall  : CallList - hasAnyLiveCall call = [Call_10, ACTIVE, [Capabilities: CAPABILITY_HOLD CAPABILITY_SUPPORT_HOLD CAPABILITY_MUTE CAPABILITY_CANNOT_DOWNGRADE_VIDEO_TO_AUDIO], children:[], parent:null, conferenceable:[], videoState:Audio Only, mSessionModificationState:0, VideoSettings:(CameraDir:-1)]
12-17 19:31:57.532  3608  3608 I InCall  : ProximitySensor - isDisplayOn: false
12-17 19:31:57.532  1795  3249 I qti_sensors_hal: batch,376,handle 0, timeout:0 ,period_ns:66667000
12-17 19:31:57.532  1795  3249 I qti_sensors_hal: batch:sensor(android.sensor.accelerometer) handle:0 flags:0x0 period_ns 66667000
12-17 19:31:57.538  1795  3238 D PowerManagerService: release:lock=184063844, flg=0x0, tag="NetworkStats", name=android", ws=null, uid=1000, pid=1795
12-17 19:31:57.538  1795  3238 D PowerManagerService: ready=true,policy=0,wakefulness=0,wksummary=0x11,uasummary=0x0,bootcompleted=true,boostinprogress=false,waitmodeenable=false,mode=true,manual=33,auto=-1,adj=0.0userId=0
12-17 19:31:57.539  2852  2852 I PowerUI : onReceive intent:act:android.intent.action.SCREEN_ON  flag:1342177296 
12-17 19:31:57.544  1795  1795 V NotificationService: disableEffects=null canInterrupt=false once update: false
12-17 19:31:57.546  1795  1795 I WindowManger_keyguard: Finished going to sleep... (why=6)
12-17 19:31:57.546  1795  1795 I WindowOrientationListener: WindowOrientationListener disabled
12-17 19:31:57.549  2883  3040 E HwSystemManager: TrafficNotifyAfterLocked:screen notification will not notify
12-17 19:31:57.549  1795  3249 I qti_sensors_hal: read from oem info: data_readback
12-17 19:31:57.549  1795  3249 I qti_sensors_hal: 0xcd, 0xb0, 0x24, 0x3e
12-17 19:31:57.549  1795  3249 I qti_sensors_hal: 0x66, 0xca, 0x3c, 0x3e
12-17 19:31:57.549  1795  3249 I qti_sensors_hal: 0xc0, 0x2a, 0x7c, 0x3f
12-17 19:31:57.549  1795  3249 I qti_sensors_hal: 0x55, 0x0, 0x0, 0x0
12-17 19:31:57.549  1795  3249 I qti_sensors_hal: 0x0, 0x0, 0x0, 0x0
12-17 19:31:57.549  1795  3249 E qti_sensors_hal: read from oem info: data_valid_flag=0x55
12-17 19:31:57.549  1795  3249 E qti_sensors_hal: read from oem info: x_offset=0.160831, y_offset=0.184366, z_offset=0.985027
12-17 19:31:57.549  1795  3249 E qti_sensors_hal: Final value: x_offset=0.160831, y_offset=0.184366, z_offset=0.985027
12-17 19:31:57.549  1795  3249 I qti_sensors_hal: batch:load_acc_oeminf_data x_offset:0.160831 y_offset:0.184366 z_offset:0.985027
12-17 19:31:57.549  1795  3249 I qti_sensors_hal: batch:sensor(android.sensor.accelerometer) sample_rate=14.999925Hz report_rate_f=0.000000Hz curr sample rate:14.999925 cur rpt rate:0 max:400.000000 min:1.000000
12-17 19:31:57.549  1795  3249 I qti_sensors_hal: batch: current sample rate, report rate & buffering are equal to requested (14.999925,0.000000,0)
12-17 19:31:57.550  1795  1795 I qti_sensors_hal: batch,376,handle 0, timeout:0 ,period_ns:200000000
12-17 19:31:57.550  1795  1795 I qti_sensors_hal: batch:sensor(android.sensor.accelerometer) handle:0 flags:0x0 period_ns 200000000
12-17 19:31:57.557  1795  2728 D HwArpVerifier: performPollAndLog:
12-17 19:31:57.559  3608  3608 I InCall  : VideoCallFragment - onStop:
12-17 19:31:57.559  3608  3608 D InCall  : InCallActivity - onStop()...
12-17 19:31:57.559  3608  3608 D InCall  : InCallPresenter - onActivityStopped
12-17 19:31:57.560  3608  3608 D InCall  : InCallPresenter - notifyVideoPauseController
12-17 19:31:57.560  3608  3608 D InCall  : VideoPauseController: - VideoPauseController:onPause
12-17 19:31:57.560  3608  3608 D InCall  : VideoPauseController: - VideoPauseController:onPause, Ignoring...
12-17 19:31:57.560  3608  3608 I InCall  : InCallPresenter - updateStatusBar: state = 0x0
12-17 19:31:57.561  1795 16232 D StatusBarManagerService: manageDisableList userId=0 what=0x0 pkg=com.android.incallui
12-17 19:31:57.561  1795  1795 I qti_sensors_hal: read from oem info: data_readback
12-17 19:31:57.562  1795  1795 I qti_sensors_hal: 0xcd, 0xb0, 0x24, 0x3e
12-17 19:31:57.562  1795  1795 I qti_sensors_hal: 0x66, 0xca, 0x3c, 0x3e
12-17 19:31:57.562  1795  1795 I qti_sensors_hal: 0xc0, 0x2a, 0x7c, 0x3f
12-17 19:31:57.562  1795  1795 I qti_sensors_hal: 0x55, 0x0, 0x0, 0x0
12-17 19:31:57.562  1795  1795 I qti_sensors_hal: 0x0, 0x0, 0x0, 0x0
12-17 19:31:57.562  1795  1795 E qti_sensors_hal: read from oem info: data_valid_flag=0x55
12-17 19:31:57.562  1795  1795 E qti_sensors_hal: read from oem info: x_offset=0.160831, y_offset=0.184366, z_offset=0.985027
12-17 19:31:57.562  1795  1795 E qti_sensors_hal: Final value: x_offset=0.160831, y_offset=0.184366, z_offset=0.985027
12-17 19:31:57.562  1795  1795 I qti_sensors_hal: batch:load_acc_oeminf_data x_offset:0.160831 y_offset:0.184366 z_offset:0.985027
12-17 19:31:57.562  1795  1795 I qti_sensors_hal: batch:sensor(android.sensor.accelerometer) sample_rate=5.000000Hz report_rate_f=0.000000Hz curr sample rate:14.999925 cur rpt rate:0 max:400.000000 min:1.000000
12-17 19:31:57.563  1795  1795 I WindowManger_keyguard: onFinishedGoingToSleep(6)
