12-17 19:33:42.985  1795  1825 E PowerManagerService: startDreaming = true
12-17 19:33:42.985  1795  1825 D PowerManagerService: reallyGoToSleepNoUpdateLocked: eventTime=123085537, uid=1000
12-17 19:33:42.985  1795  1825 I PowerManagerService: Sleeping (uid 1000)...
12-17 19:33:42.985  1795  1825 I PowerManager_screenOn: PowerManagerNotifier onWakefulnessChangeStarted: wakefulness=0, reason=2, interactive=false, mInteractive=false, mInteractiveChanging=true
12-17 19:33:42.985  1795  1825 D PowerManagerService: ready=false,policy=0,wakefulness=0,wksummary=0x10,uasummary=0x0,bootcompleted=true,boostinprogress=false,waitmodeenable=false,mode=true,manual=33,auto=-1,adj=0.0userId=0
12-17 19:33:42.985  1795  1825 I PowerManager_screenOn: DisplayPowerController updatePowerState mPendingRequestLocked=policy=OFF, useProximitySensor=true, useProximitySensorbyPhone=true, screenBrightness=33, screenAutoBrightnessAdjustment=0.0, brightnessSetByUser=true, useAutoBrightness=true, blockScreenOn=false, lowPowerMode=false, boostScreenBrightness=false, dozeScreenBrightness=-1, dozeScreenState=UNKNOWN, useTwilight=false, useSmartBacklight=true, brightnessWaitMode=false, brightnessWaitRet=true, screenAutoBrightness=-1, userId=0
12-17 19:33:42.990  1795  1795 I HwScreenOnProximityLock: preparePoriximityView addView 
12-17 19:33:42.991  1795  1795 I HwPointEventFilter: do not support AFT because of no config
12-17 19:33:42.993  1795  1795 D WindowManager: ACTIVITY check resid: android, size=8
12-17 19:33:42.993  1795  1795 V HwPhoneWindowManager: updateSystemUiColorLw window=Window{a52f7ea u0 android},EmuiStyle=0,StatusBarColor=0x0,NavigationBarColor=0x0, mLastIsEmuiLightStyle=-1
12-17 19:33:42.993  1795  1809 D HwPhoneWindowManager: Transact:setSystemUIColor to status bar service
12-17 19:33:42.993  1795  1795 I WindowManger_windowChange: oldFocusWindow: Window{e71ca6c u0 com.android.phone}, currentFocusWindow: Window{a52f7ea u0 android}, currentFocusApp: AppWindowToken{844a0b2 token=Token{2fd6a14 ActivityRecord{b46dc67 u0 com.android.incallui/.InCallActivity t310}}}
12-17 19:33:42.994  2852  2822 I CommandQueue: updateBarBgColor
12-17 19:33:42.994  2852  2822 D CommandQueue: CommandQueue, setBarBackgroundColor
12-17 19:33:42.994  2852  2852 I TintManager: updateBarBgColor:emuiStyle=0,statusBarColor=#00000000,navigationBarColor=#00000000, isEmuiLight=-1
12-17 19:33:42.995  2852  2852 I HwPhoneStatusBarTransitions: restoreBackgroundColor:new=-16777216, old=0
12-17 19:33:42.995  2852  2852 I HwNavigationBarTransitions: restoreBackgroundColor:new=0, old=0
12-17 19:33:42.996  2852  2852 D TintManager: statusBarIconTint=#B3FFFFFF,navigationBarIconTint=#00000000
12-17 19:33:42.998  1795  2332 I qti_sensors_hal: [ACC]processReportInd: X: 6.486890 Y: 6.753546 Z: 2.666575  x_offset:0.160831 y_offset:0.184366 z_offset:0.985027
12-17 19:33:42.998  1795  1795 D PowerManagerService: acquire lock=228612087, flags=0x1, tag="ActivityManager-Sleep", name=android, ws=null, uid=1000, pid=1795
12-17 19:33:42.999  1795  1795 D PowerManagerService: ready=false,policy=0,wakefulness=0,wksummary=0x11,uasummary=0x0,bootcompleted=true,boostinprogress=false,waitmodeenable=false,mode=true,manual=33,auto=-1,adj=0.0userId=0
12-17 19:33:42.999  1795  1795 D PowerManagerService: Acquiring suspend blocker "PowerManagerService.WakeLocks".
12-17 19:33:42.999  1795  1795 I ActivityManager_activity: Start pausing: ActivityRecord{b46dc67 u0 com.android.incallui/.InCallActivity t310}
12-17 19:33:43.000  3608  3608 I InCall  : VideoCallFragment - onPause:
12-17 19:33:43.001  3608  3608 I InCall  : VideoCallPresenter - isVideoCallWorking, state is: 3
12-17 19:33:43.001  3608  3608 D InCall  : VideoCallPresenter - pauseVideo: Error bad state mPrimaryCall=[Call_10, ACTIVE, [Capabilities: CAPABILITY_HOLD CAPABILITY_SUPPORT_HOLD CAPABILITY_MUTE CAPABILITY_CANNOT_DOWNGRADE_VIDEO_TO_AUDIO], children:[], parent:null, conferenceable:[], videoState:Audio Only, mSessionModificationState:0, VideoSettings:(CameraDir:-1)] mVideoCall=null
12-17 19:33:43.001  3608  3608 D InCall  : InCallActivity - onPause()...
12-17 19:33:43.001  3608  3608 D InCall  : DialpadFragment - Notifying dtmf key up.
12-17 19:33:43.001  3608  3608 D InCall  : ContactInfoCache - Contact lookup. In memory cache hit; lookup complete
12-17 19:33:43.011  3608  3608 D InCall  : StatusBarNotifier - Showing notification for first time.
12-17 19:33:43.012  3608  3608 D InCall  : StatusBarNotifier - Data changed.  Showing notification
12-17 19:33:43.012  3608  3608 D InCall  : StatusBarNotifier - contactsentry_photo is null
12-17 19:33:43.018  3608  3608 D HwCust  : Create obj success use class android.app.HwCustNotificationImpl
12-17 19:33:43.018  3608  3608 D HwCust  : Create obj success use class android.app.HwCustNotificationImpl
12-17 19:33:43.018  3608  3608 E InCall  : StatusBarNotifier - getNotificationBuilder
12-17 19:33:43.031  1795  1825 I DisplayPowerController: checkPhoneWindowIsTop:pakcage name:com.android.incallui,ClassName name:com.android.incallui.InCallActivity
12-17 19:33:43.031  1795  1825 I PowerManager_screenOn: DisplayPowerStatesetColorFadeLevel: level=0.0
12-17 19:33:43.031  1795  1825 I DisplayPowerController: set brightness to DIM brightness:6
12-17 19:33:43.031  1795  1825 D DisplayPowerController: Unfinished business...
12-17 19:33:43.031  1795  1825 I PowerManager_screenOn: DisplayPowerController updatePowerState mPendingRequestLocked=policy=OFF, useProximitySensor=true, useProximitySensorbyPhone=true, screenBrightness=33, screenAutoBrightnessAdjustment=0.0, brightnessSetByUser=true, useAutoBrightness=true, blockScreenOn=false, lowPowerMode=false, boostScreenBrightness=false, dozeScreenBrightness=-1, dozeScreenState=UNKNOWN, useTwilight=false, useSmartBacklight=true, brightnessWaitMode=false, brightnessWaitRet=true, screenAutoBrightness=-1, userId=0
12-17 19:33:43.031  1795  1825 I PowerManager_screenOn: DisplayPowerStatesetScreenState: state=1
12-17 19:33:43.031  1795  2750 I PowerManager_screenOn: DisplayPowerState Updating screen state: state=ON, backlight=0
12-17 19:33:43.031  1795  1825 D FpDataCollector: DisplayPowerState :OFF
12-17 19:33:43.031  1795  2750 I HwLightsService: back light level before map = 0
12-17 19:33:43.032  1795  2750 D HW_DISPLAY_EFFECT: presently, hw_update_color_temp_for_rg_led interface not achieved.
12-17 19:33:43.033  3608  3608 D InCall  : StatusBarNotifier - Will show "hang-up" action in the ongoing active call Notification
12-17 19:33:43.035  3608  3608 E WindowManagerEx: ret: 1
12-17 19:33:43.036  1795 15987 D HwWindowManagerService: imeVis=false
12-17 19:33:43.036  3608  3608 E WindowManagerEx: ret: 0
12-17 19:33:43.036  3608  3608 I InCall  : StatusBarNotifier - isTopIsFullscreen = true--isTopIsFullscreenInput()--false
12-17 19:33:43.036  3608  3608 E InCall  : StatusBarNotifier - buildAndSendNotification state=3 showHeadUpNotification=false mHeadupViewShow=false
12-17 19:33:43.036  1795  2748 D HwAmbientLuxFilterAlgo: earliestValidTime + POWER_ON_BRIGHTENING_LIGHT_DEBOUNCE
12-17 19:33:43.036  1795  2748 D HwAmbientLuxFilterAlgo: earliestValidTime + POWER_ON_DARKENING_LIGHT_DEBOUNCE
12-17 19:33:43.037  3608  3608 D InCall  : StatusBarNotifier - isDreaming = false
12-17 19:33:43.037  3608  3608 D InCall  : StatusBarNotifier - Notifying IN_CALL_NOTIFICATION: Notification(pri=2 contentView=null vibrate=null sound=null defaults=0x0 flags=0x2 color=0x00000000 actions=3 vis=PRIVATE publicVersion=Notification(pri=0 contentView=null vibrate=null sound=null defaults=0x0 flags=0x0 color=0xff33b5e5 vis=PRIVATE))
12-17 19:33:43.044  1795  3110 I NotificationManager: enqueueNotificationInternal: pkg=com.android.incallui id=2 notification=Notification(pri=2 contentView=null vibrate=null sound=null defaults=0x0 flags=0x2 color=0x00000000 actions=3 vis=PRIVATE publicVersion=Notification(pri=0 contentView=null vibrate=null sound=null defaults=0x0 flags=0x0 color=0xff33b5e5 vis=PRIVATE))
12-17 19:33:43.044  1795  1825 D HwAmbientLuxFilterAlgo: clear buffer data and algo flags
12-17 19:33:43.044  1795  1825 D lux trace:: [60.0/123085338]
12-17 19:33:43.044  1795  1825 D Sensors : activate called handle:3 enable:0
12-17 19:33:43.044  1795  1825 D Sensors : bh1745-light calling driver disable
12-17 19:33:43.044  1795  1825 W LightSensor: LightSensor, enable, 283: en=0
12-17 19:33:43.044  1795  1825 W LightSensor: LightSensor, enable, 284: flags=0
12-17 19:33:43.044  1795  1825 W LightSensor: LightSensor, enable, 285: mEnabled=1
12-17 19:33:43.044  1795  1825 E LightSensor: LightSensor disable, event occur num: 2
12-17 19:33:43.045  3608  3608 I InCall  : ProximitySensor - ProximitySensor{keybrd=0, dpad=0, offhook=1, hor=0, ui=1, aud=EARPIECE}
12-17 19:33:43.046  3608  3608 D InCall  : ProximitySensor - Turning on proximity sensor
12-17 19:33:43.046  3608  3608 I InCall  : ProximitySensor - Proximity wake lock already acquired
12-17 19:33:43.046  3608  3608 D InCall  : AnswerPresenter - onUiShowingfalse
12-17 19:33:43.046  3608  3608 D InCall  : GlowPadAnswerFragment - Show answer UI: false
12-17 19:33:43.046  3608  3608 D InCall  : GlowPadWrapper - stopPing
12-17 19:33:43.046  3608  3608 I InCall  : GlowPadAnswerFragment - showVideoAnswerButtonfalsefalse
12-17 19:33:43.047  1795  2778 I ActivityManager_activity: Moving to PAUSED: ActivityRecord{b46dc67 u0 com.android.incallui/.InCallActivity t310} (pause complete)
12-17 19:33:43.049  1795  1825 D AutomaticBrightnessController: Disable LightSensor at time:123085601
12-17 19:33:43.049  1795  1825 D DisplayPowerController: mode change : autoBrightnessEnabled=false,adjustment=0.0,state=1
12-17 19:33:43.049  1795  1825 D DisplayPowerController: Animating brightness: target=0, rate=0
12-17 19:33:43.049  1795  2750 I PowerManager_screenOn: DisplayPowerState Updating screen state: state=OFF, backlight=0
12-17 19:33:43.049   612   612 D SurfaceFlinger: Set power mode=0, type=0 flinger=0x7f9a25b400
12-17 19:33:43.049   612   612 I SDM     : HWCDisplay::SetPowerMode: display = 0, mode = 0
12-17 19:33:43.049   612   612 I SDM     : DisplayBase::SetDisplayState: Set state = 0, display 0
12-17 19:33:43.059  1795  2332 I qti_sensors_hal: [ACC]processReportInd: X: 5.861173 Y: 5.981299 Z: 3.037133  x_offset:0.160831 y_offset:0.184366 z_offset:0.985027
12-17 19:33:43.107  3180  3180 E libc    : Access denied finding property "persist.sys.smart_power"
12-17 19:33:43.107  3180  3180 E libc    : Access denied finding property "persist.sys.smart_power"
12-17 19:33:43.119  1795  2332 I qti_sensors_hal: [ACC]processReportInd: X: 6.562512 Y: 5.400931 Z: 4.515680  x_offset:0.160831 y_offset:0.184366 z_offset:0.985027
12-17 19:33:43.180  1795  2332 I qti_sensors_hal: [ACC]processReportInd: X: 7.341382 Y: 5.910407 Z: 3.644192  x_offset:0.160831 y_offset:0.184366 z_offset:0.985027
12-17 19:33:43.264  2852  2852 D DateTimeView: Change to single clock mode!
12-17 19:33:43.266  2852  2852 D DateTimeView: Change to single clock mode!
12-17 19:33:43.267  5224  5224 I Step_LSC: 20002302|onStandStepChanged 65586
12-17 19:33:43.268  5224  5224 I Step_LSC: 20002302|compensate received
12-17 19:33:43.269  5224  5283 I Step_DataCache: 20002302|getTodayTotalSteps 4210
12-17 19:33:43.270  5224  5283 I Step_ExtendStepDataManager: 20002302|before compensate: cache step_4210
12-17 19:33:43.270  1795  2750 D SurfaceControl: Excessive delay in setPowerMode(): 220ms
12-17 19:33:43.270  1795  2750 D PowerManagerService: Setting HAL interactive mode to false
12-17 19:33:43.270  1795  2750 I QTI PowerHAL: Got set_interactive hint
12-17 19:33:43.270  1795  1825 I PowerManager_screenOn: DisplayPowerController updatePowerState mPendingRequestLocked=policy=OFF, useProximitySensor=true, useProximitySensorbyPhone=true, screenBrightness=33, screenAutoBrightnessAdjustment=0.0, brightnessSetByUser=true, useAutoBrightness=true, blockScreenOn=false, lowPowerMode=false, boostScreenBrightness=false, dozeScreenBrightness=-1, dozeScreenState=UNKNOWN, useTwilight=false, useSmartBacklight=true, brightnessWaitMode=false, brightnessWaitRet=true, screenAutoBrightness=-1, userId=0
12-17 19:33:43.270   625   718 E libnav  : AbaSuspend skips CABL deactivate: state was 3
12-17 19:33:43.270  1795  1825 D DisplayPowerController: Animating brightness: target=0, rate=0
12-17 19:33:43.271   533  3739 E ANDR-PERF-MPCTL: Invalid profile no. 0, total profiles 0 only
12-17 19:33:43.271  1795  2750 D libfingersense_wrapper: Calling fingersense_on_pause()
12-17 19:33:43.271  1795  2750 D libfingersense_wrapper: fingersense_on_pause() finished
12-17 19:33:43.271  1795  2750 D PowerManagerService: Setting HAL auto-suspend mode to true
