12-17 19:34:56.148  3608  3608 I InCall  : ProximitySensor - ProximitySensor{keybrd=0, dpad=0, offhook=1, hor=0, ui=1, aud=EARPIECE}
12-17 19:34:56.148  3608  3608 D InCall  : ProximitySensor - Turning on proximity sensor
12-17 19:34:56.148  3608  3608 I InCall  : ProximitySensor - Proximity wake lock already acquired
12-17 19:34:56.148  3608  3608 D InCall  : AnswerPresenter - onUiShowingtrue
12-17 19:34:56.148  3608  3608 D InCall  : AnswerPresenter - onCallListChange callList=com.android.incallui.CallList@86c7f97
12-17 19:34:56.148  3608  3608 D HwCust  : Create obj success use class com.android.incallui.HwCustAnswerPresenterImpl
12-17 19:34:56.151  2852  2852 I BackgrounCallingLayout: simCount:2 phoneState:2
12-17 19:34:56.151  2852  2852 I BackgrounCallingLayout: mCallingStatusReceiver:onReceive::action=InCallScreenIsForegroundActivity, isForegroundActivity=true, mPhoneState=2
12-17 19:34:56.151  1795  1795 D DeviceIdleController: updateDisplayLocked: screenOn=true
12-17 19:34:56.151  1795  1795 I DeviceIdleController: becomeActiveLocked, reason = screen
12-17 19:34:56.151  3608  3608 D InCall  : AnswerPresenter - onCallListChange callList=com.android.incallui.CallList@86c7f97
12-17 19:34:56.151  2852  2852 I BackgrounCallingLayout: updateCallLayout:isBackground=false, isInteractive=true
12-17 19:34:56.151  1795  1795 I AlarmManager: remove(null) changed bounds; rebatching
12-17 19:34:56.151  2852  2852 I HwPhoneStatusBar: mNotifyStateChangedReceiver::onReceive:action=InCallScreenIsForegroundActivity, mBackgroundState=false
12-17 19:34:56.151  1795  1807 D DeviceIdleController: handleMessage(5)
12-17 19:34:56.153  1795  1795 D DeviceIdleController: stopMonitoringMotionLocked()
12-17 19:34:56.153  1795  1795 I AlarmManager: remove(null) changed bounds; rebatching
12-17 19:34:56.156  1795  1795 I NotificationManager: cancelNotification,index:1
12-17 19:34:56.156  1795  1795 I NotificationManager: cancelNotification,cancelNotificationLocked,callingUid = 1001,callingPid = 3608
12-17 19:34:56.156  1795  1795 I NotificationManager: cancelNotificationLocked called,tell the app,reason = 8
12-17 19:34:56.156  1795  1795 I NotificationManager: cancelNotificationLocked:0|com.android.incallui|2|null|1001
12-17 19:34:56.156  1795  1795 I NotificationManager: cancelNotificationLocked,remove =com.android.incallui
12-17 19:34:56.158  1795  3110 D PowerManagerService: acquire lock=247092602, flags=0x1, tag="RILJ_ACK_WL", name=com.android.phone, ws=null, uid=1001, pid=3218
12-17 19:34:56.158  1795  3110 D PowerManagerService: ready=false,policy=3,wakefulness=1,wksummary=0x11,uasummary=0x1,bootcompleted=true,boostinprogress=false,waitmodeenable=false,mode=true,manual=33,auto=-1,adj=0.0userId=0
12-17 19:34:56.163  1795  3253 D PowerManagerService: ready=false,policy=3,wakefulness=1,wksummary=0x11,uasummary=0x1,bootcompleted=true,boostinprogress=false,waitmodeenable=false,mode=true,manual=33,auto=-1,adj=0.0userId=0
12-17 19:34:56.164  1795  1806 D PowerManagerService: ready=false,policy=3,wakefulness=1,wksummary=0x11,uasummary=0x1,bootcompleted=true,boostinprogress=false,waitmodeenable=false,mode=true,manual=33,auto=-1,adj=0.0userId=0
12-17 19:34:56.165  1795 15982 D PowerManagerService: ready=false,policy=3,wakefulness=1,wksummary=0x11,uasummary=0x1,bootcompleted=true,boostinprogress=false,waitmodeenable=false,mode=true,manual=33,auto=-1,adj=0.0userId=0
12-17 19:34:56.166  1795  1821 I WindowManger_keyguard: Setting mDismissKeyguard true by win Window{e6a6b5e u0 com.android.incallui/com.android.incallui.InCallActivity}
12-17 19:34:56.166  1795  2778 D PowerManagerService: ready=false,policy=3,wakefulness=1,wksummary=0x11,uasummary=0x1,bootcompleted=true,boostinprogress=false,waitmodeenable=false,mode=true,manual=33,auto=-1,adj=0.0userId=0
12-17 19:34:56.169  5224  5283 I Step_DataCache: 20002302|getTodayTotalSteps 4211
12-17 19:34:56.170  5224  5283 I Step_ExtendStepDataManager: 20002302|before compensate: cache step_4211
12-17 19:34:56.171  5224  5283 I Step_DataCache: 20002302|getTodayTotalSteps 4211
12-17 19:34:56.172  5224  5283 I Step_DataCache: 20002302|getTodayTotalSteps 4236
12-17 19:34:56.172  5224  5283 I Step_ExtendStepDataManager: 20002302|after compensate: cache step_4236
12-17 19:34:56.173  5224  5283 I Step_SharedPerferenceUtils: 20002302| getTodayTotalDetailSteps from Prefence success and todaySendorSteps= 1481974320000##4195##172167##0##0##442916578
12-17 19:34:56.173  5224  5283 I Step_SharedPerferenceUtils: 20002302|setTodayTotalDetailSteps to Prefence todaySendorSteps=1481974380000##4236##172189##0##0##443032537
12-17 19:34:56.176  5224  5283 I Step_LSC: 20002302|calculateCaloriesWithCache datas.size=8375
12-17 19:34:56.177  5224  5283 I Step_LSC: 20002302|calculateCaloriesWithCache totalCalories=90683
12-17 19:34:56.177  5224  5283 I Step_LSC: 20002302|calculateAltitudeWithCache datas.size=8375
12-17 19:34:56.178  5224  5283 I Step_LSC: 20002302|calculateAltitudeWithCache totalAltitude=0
12-17 19:34:56.178  5224  5283 I Step_LSC: 20002302|REPORT : 4236 90683 3024 0
12-17 19:34:56.179  5224  5283 I SendBroadcastPermission: action:android.com.huawei.bone.NOTIFY_SPORT_DATA, mPermissionType:0
12-17 19:34:56.182  1795  1795 I NotificationManager: updateLightsLocked,mInCall =true,mScreenOn = true,ledNotification == null?false
12-17 19:34:56.182  1795  1795 I NotificationManager: updateLightsLocked,turn off notificationLight
12-17 19:34:56.182  1795  1795 I Sensor  : turn off notificationLight due to incall or screenon
12-17 19:34:56.182  1795  1795 I Sensor  : updateLight --> mIsNotificationExisting: false ledOnMS: 0 ledOffMS :0
12-17 19:34:56.182  1795  1795 I Sensor  : updateLightsLocked --> level:78, status:3
12-17 19:34:56.182  1795  1795 I Sensor  : updateLightsLocked --> mBatteryLight.turnOff
12-17 19:34:56.182   832  1840 E Parcel  : Reading a NULL string not supported here.
12-17 19:34:56.182   832  1840 E Parcel  : Reading a NULL string not supported here.
12-17 19:34:56.183  3608  3608 D InCall  : InCallActivity - onResume()... end
12-17 19:34:56.183  3608  3608 I InCall  : VideoCallFragment - onResume
12-17 19:34:56.183  3608  3608 I InCall  : VideoCallPresenter - isVideoCallWorking, state is: 3
12-17 19:34:56.183  3608  3608 I InCall  : VideoCallFragment - onResume: Surface exist, resume videos
12-17 19:34:56.183  1046  9753 V ThreadsEx: HDebug print the key screen_state
12-17 19:34:56.183  1046  9753 D audio_hw_primary: adev_set_parameters: enter: screen_state=on
12-17 19:34:56.183  5224  5283 I SendBroadcastPermission: action:android.com.huawei.bone.NOTIFY_SPORT_DATA, mPermissionType:0
12-17 19:34:56.183  1046  9753 I Huawei_audio_cust: huawei_audio huawei_choose_HandsFree_device_incall_forHWtest: test Type =4
12-17 19:34:56.183  1046  9753 I Huawei_audio_cust: huawei_audio huawei_choose_Handset_device_incall_forHWtest: test Type =4
12-17 19:34:56.183  3608  3608 D InCall  : VideoCallPresenter - resumeVideo: Error bad state mPrimaryCall=[Call_10, ACTIVE, [Capabilities: CAPABILITY_HOLD CAPABILITY_SUPPORT_HOLD CAPABILITY_MUTE CAPABILITY_CANNOT_DOWNGRADE_VIDEO_TO_AUDIO], children:[], parent:null, conferenceable:[], videoState:Audio Only, mSessionModificationState:0, VideoSettings:(CameraDir:-1)] mVideoCall=null
12-17 19:34:56.183  1046  9753 I Huawei_audio_cust: get_spk_pa_type: pa is max98925
12-17 19:34:56.183  1046  9753 I Huawei_audio_cust: huawei_common_set_parameters: exit with code(0)
12-17 19:34:56.183  3608  3608 I InCall  : VTCallButtonFragment - --- onResume ---
12-17 19:34:56.183  1046  9753 V Huawei_audio_cust: huawei_cust_set_parameters: exit with code(0)
12-17 19:34:56.183  1046  9753 V msm8916_platform: platform_set_parameters: enter: - screen_state=on
12-17 19:34:56.183  1046  9753 V msm8916_platform: platform_set_parameters: exit with code(0)
12-17 19:34:56.183  1046  9753 D audio_hw_extn: audio_extn_set_anc_parameters: anc_enabled:0
12-17 19:34:56.183  1046  9753 D audio_hw_spkr_prot: audio_extn_fbsp_set_parameters: Speaker protection disabled
12-17 19:34:56.183  1046  9753 V audio_hw_primary: adev_set_parameters: exit with code(0)
12-17 19:34:56.183  3608  3608 I ActivityManager_activity: Resuming ActivityRecord{fd45985 token=android.os.BinderProxy@af8ea9b {com.android.incallui/com.android.incallui.InCallActivity}} with isForward=true,forwardBitChanged=true onlyLocalRequest=false
12-17 19:34:56.184  1795 17831 I HwActivityManagerService: Split enqueueing broadcast [callerApp]:ProcessRecord{580cfb2 5224:com.huawei.health:DaemonService/u0a99}
12-17 19:34:56.185  1795  1821 I WindowManger_keyguard: Setting mDismissKeyguard true by win Window{e6a6b5e u0 com.android.incallui/com.android.incallui.InCallActivity}
12-17 19:34:56.186  5224  5283 I Step_HSNH: 20002302|upDateHealthNotification()|91|3.02|4236
12-17 19:34:56.187  1795 16499 D PowerManagerService: ready=false,policy=3,wakefulness=1,wksummary=0x11,uasummary=0x1,bootcompleted=true,boostinprogress=false,waitmodeenable=false,mode=true,manual=33,auto=-1,adj=0.0userId=0
12-17 19:34:56.187  5224  5283 I Step_HSNH: 20002302|rebuild notification
12-17 19:34:56.189  2852  2852 I EventCenter: EventCenter Get :android.com.huawei.bone.NOTIFY_SPORT_DATA
12-17 19:34:56.189  2852  2852 D StepCounterView: onStepCounterChange stepsNum:4236
12-17 19:34:56.190  2852  2852 I StatusBar: onNotificationRemoved: StatusBarNotification(pkg=com.android.incallui user=UserHandle{0} id=2 tag=null key=0|com.android.incallui|2|null|1001: Notification(pri=2 contentView=null vibrate=null sound=null defaults=0x0 flags=0x2 color=0x00000000 actions=3 vis=PRIVATE publicVersion=Notification(pri=0 contentView=null vibrate=null sound=null defaults=0x0 flags=0x0 color=0xff33b5e5 vis=PRIVATE)))
12-17 19:34:56.190  2852  2852 I PhoneStatusBar: removeNotification:0|com.android.incallui|2|null|1001
12-17 19:34:56.190  2852  2852 I StatusBar: removeNotificationViews:0|com.android.incallui|2|null|1001
12-17 19:34:56.190  2852  2852 I NotificationGroupManager: onEntryRemoved:0|com.android.incallui|2|null|1001
12-17 19:34:56.190  2852  2852 I NotificationGroupManager: onEntryRemovedInternal:0|com.android.incallui|2|null|1001, group=0|com.android.incallui|2|null|1001
12-17 19:34:56.190  2852  2852 I NotificationGroupManager: summary = null
12-17 19:34:56.191  2852  2852 I HwPhoneStatusBar: updateNotificationShade
12-17 19:34:56.191  2852  2852 I PhoneStatusBar: updateNotificationShade
12-17 19:34:56.191  2852  2852 I PhoneStatusBar: removeNotificationChildren
12-17 19:34:56.192  2852  2852 I HwNotificationIconAreaController: showNotificationAll
12-17 19:34:56.194  1795  1795 D DeviceIdleController: updateDisplayLocked: screenOn=true
12-17 19:34:56.194  1795  1795 I DeviceIdleController: becomeActiveLocked, reason = screen
12-17 19:34:56.194  1795 11745 I WindowManger_keyguard: Setting mDismissKeyguard true by win Window{e6a6b5e u0 com.android.incallui/com.android.incallui.InCallActivity}
12-17 19:34:56.194  1795  1795 I AlarmManager: remove(PendingIntent{2f9e644: PendingIntentRecord{527f32d android broadcastIntent}}) changed bounds; rebatching
12-17 19:34:56.195  1795  3139 I NotificationManager: enqueueNotificationInternal: pkg=com.huawei.health id=10010 notification=Notification(pri=0 contentView=null vibrate=null sound=null defaults=0x0 flags=0x2 color=0x00000000 vis=PRIVATE)
12-17 19:34:56.196  2852  2852 I StackScrollAlgorithm: overlapAmount:763.6, previousNotificationEnd:607.0, newYTranslation:-156.59998, location:2, i:1, getTopPadding:499.0, getLocationOnScreen():-36
12-17 19:34:56.196  1795  3253 I NotificationManager: onNotificationExpansionChanged called
12-17 19:34:56.196  2852  2852 I StackScrollAlgorithm: updateClipping isOverlap:true
12-17 19:34:56.196  2852  2852 I StackScrollAlgorithm: updateDimmedActivatedHideSensitive overlap:true
12-17 19:34:56.197  3218  3218 E HW-JPEG-DEC: [HME_JPEG_DEC_Delete](3298): HME_JPEG_DEC_Delete: decoder_ctx=null
12-17 19:34:56.202  3382  3399 D QcrilMsgTunnelSocket: readRilMessage: Buffer = [B@204bb9f HexData = [010000000404000013000000514f454d484f4f4b1120090003000000090006]
12-17 19:34:56.202  3382  3399 D QcrilMsgTunnelSocket: Rcvd UNSOL response with 28 bytes data for SUB0
12-17 19:34:56.202  3382  3399 D QcrilMsgTunnelSocket: Response ID 598033 is not served in this process.
