12-17 19:31:41.539  2852  2852 I BarTransitions.HwNavigationBarView: transitionTo: mode=MODE_TRANSLUCENT, animate=false
12-17 19:31:41.539  2852  2852 I HwNavigationBarTransitions: transitionTo:mode=2, isEmuiStyle=false
12-17 19:31:41.539  2852  2852 I PhoneStatusBar: cancelAutohide
12-17 19:31:41.539  2852  2852 I PhoneStatusBar: notifyUiVisibilityChanged:vis=0x80000300, SystemUiVisibility=0x80000300
12-17 19:31:41.543  3608  3608 D InCall  : StatusBarNotifier - Showing notification for first time.
12-17 19:31:41.543  3608  3608 D InCall  : StatusBarNotifier - Data changed.  Showing notification
12-17 19:31:41.543  3608  3608 D InCall  : StatusBarNotifier - contactsentry_photo is null
12-17 19:31:41.548  3608  3608 D HwCust  : Create obj success use class android.app.HwCustNotificationImpl
12-17 19:31:41.548  3608  3608 D HwCust  : Create obj success use class android.app.HwCustNotificationImpl
12-17 19:31:41.548  3608  3608 E InCall  : StatusBarNotifier - getNotificationBuilder
12-17 19:31:41.551  1795  2332 I qti_sensors_hal: [ACC]processReportInd: X: 8.770551 Y: 4.652319 Z: 2.789478  x_offset:0.160831 y_offset:0.184366 z_offset:0.985027
12-17 19:31:41.566  1795  3139 D StubTelephonyRegistry: uid:10028 pid:16628 PhoneStateListener.LISTEN_CELL_LOCATION:16 events:16
12-17 19:31:41.566 16628 16628 I TotemWeather: RetryTaskController:Screen is off or Network is unable
12-17 19:31:41.566  1795  3139 D StubTelephonyRegistry: LISTEN_CELL_LOCATION uid:10028
12-17 19:31:41.567  1795  1825 I DisplayPowerController: checkPhoneWindowIsTop:pakcage name:com.android.incallui,ClassName name:com.android.incallui.InCallActivity
12-17 19:31:41.567  1795  1825 I PowerManager_screenOn: DisplayPowerStatesetColorFadeLevel: level=0.0
12-17 19:31:41.567  1795  1825 I DisplayPowerController: set brightness to DIM brightness:6
12-17 19:31:41.567  1795  1825 D DisplayPowerController: Unfinished business...
12-17 19:31:41.568  3608  3608 D InCall  : StatusBarNotifier - Will show "hang-up" action in the ongoing active call Notification
12-17 19:31:41.568  1795  2750 I PowerManager_screenOn: DisplayPowerState Updating screen state: state=ON, backlight=0
12-17 19:31:41.568  1795  1825 I PowerManager_screenOn: DisplayPowerController updatePowerState mPendingRequestLocked=policy=OFF, useProximitySensor=true, useProximitySensorbyPhone=true, screenBrightness=33, screenAutoBrightnessAdjustment=0.0, brightnessSetByUser=true, useAutoBrightness=true, blockScreenOn=false, lowPowerMode=false, boostScreenBrightness=false, dozeScreenBrightness=-1, dozeScreenState=UNKNOWN, useTwilight=false, useSmartBacklight=true, brightnessWaitMode=false, brightnessWaitRet=true, screenAutoBrightness=-1, userId=0
12-17 19:31:41.568  1795  1825 I PowerManager_screenOn: DisplayPowerStatesetScreenState: state=1
12-17 19:31:41.568  1795  1825 D FpDataCollector: DisplayPowerState :OFF
12-17 19:31:41.568  1795  2750 I HwLightsService: back light level before map = 0
12-17 19:31:41.569  1795  2750 D HW_DISPLAY_EFFECT: presently, hw_update_color_temp_for_rg_led interface not achieved.
12-17 19:31:41.573  1795  1795 I NotificationManager: enqueueNotificationInternal: n.getKey = 0|com.huawei.health|10010|null|10099
12-17 19:31:41.574  1795  1795 V NotificationService: disableEffects=null canInterrupt=false once update: false
12-17 19:31:41.577  1795 11746 D PowerManagerService: release:lock=49877686, flg=0x0, tag="RILJ_ACK_WL", name=com.android.phone", ws=null, uid=1001, pid=3218
12-17 19:31:41.581  1795 11746 D PowerManagerService: ready=false,policy=0,wakefulness=0,wksummary=0x11,uasummary=0x0,bootcompleted=true,boostinprogress=false,waitmodeenable=false,mode=true,manual=33,auto=-1,adj=0.0userId=0
12-17 19:31:41.582  1795  1825 D HwAmbientLuxFilterAlgo: clear buffer data and algo flags
12-17 19:31:41.582  1795  1825 D lux trace:: []
12-17 19:31:41.582  1795  1825 D Sensors : activate called handle:3 enable:0
12-17 19:31:41.582  1795  1825 D Sensors : bh1745-light calling driver disable
12-17 19:31:41.582  1795  1825 W LightSensor: LightSensor, enable, 283: en=0
12-17 19:31:41.582  1795  1825 W LightSensor: LightSensor, enable, 284: flags=0
12-17 19:31:41.582  1795  1825 W LightSensor: LightSensor, enable, 285: mEnabled=1
12-17 19:31:41.582  1795  1825 E LightSensor: LightSensor disable, event occur num: 1
12-17 19:31:41.583 31949 31967 I PushService: main{1} PushService.onStartCommand(PushService.java:87) Push Service Start by  userEvent
12-17 19:31:41.585 31949 31967 I eSpaceService: WatchThread{4786} TcpCirChannel.shutdown(TcpCirChannel.java:257) Login_By_Step-> shut down now connect
12-17 19:31:41.587 31949 31967 I ECS     : WatchThread{4786} TcpClient.clearAll(TcpClient.java:240) ==================== TCP CLIENT CLEAR ALL ====================
12-17 19:31:41.588 31949 31967 I ECS     : WatchThread{4786} TcpClient.disconnect_i(TcpClient.java:202) ==================== TCP CLIENT DISCONNECT ====================
12-17 19:31:41.589  1795  1825 D AutomaticBrightnessController: Disable LightSensor at time:123014761
12-17 19:31:41.589  1795  1825 D DisplayPowerController: mode change : autoBrightnessEnabled=false,adjustment=0.0,state=1
12-17 19:31:41.589  1795  1825 D DisplayPowerController: Animating brightness: target=0, rate=0
12-17 19:31:41.590  1795  1825 I PowerManager_screenOn: DisplayPowerController updatePowerState mPendingRequestLocked=policy=OFF, useProximitySensor=true, useProximitySensorbyPhone=true, screenBrightness=33, screenAutoBrightnessAdjustment=0.0, brightnessSetByUser=true, useAutoBrightness=true, blockScreenOn=false, lowPowerMode=false, boostScreenBrightness=false, dozeScreenBrightness=-1, dozeScreenState=UNKNOWN, useTwilight=false, useSmartBacklight=true, brightnessWaitMode=false, brightnessWaitRet=true, screenAutoBrightness=-1, userId=0
12-17 19:31:41.590  1795  2750 I PowerManager_screenOn: DisplayPowerState Updating screen state: state=OFF, backlight=0
12-17 19:31:41.590  1795  1825 D DisplayPowerController: Animating brightness: target=0, rate=0
12-17 19:31:41.590   612   612 D SurfaceFlinger: Set power mode=0, type=0 flinger=0x7f9a25b400
12-17 19:31:41.590   612   612 I SDM     : HWCDisplay::SetPowerMode: display = 0, mode = 0
12-17 19:31:41.590   612   612 I SDM     : DisplayBase::SetDisplayState: Set state = 0, display 0
12-17 19:31:41.590 31949 31967 I TCP     : WatchThread{4786} TcpClientThread.disconnectSocket(TcpClientThread.java:369) disconnecting to uc.huawei.com:7801
12-17 19:31:41.592  2852  2852 I StatusBar: onNotificationPosted: StatusBarNotification(pkg=com.huawei.health user=UserHandle{0} id=10010 tag=null key=0|com.huawei.health|10010|null|10099: Notification(pri=0 contentView=null vibrate=null sound=null defaults=0x0 flags=0x62 color=0x00000000 vis=PRIVATE)) important=2, post=1481974301535, when=1481531589202, vis=0, userid=0
12-17 19:31:41.593  2852  2852 D StatusBar: updateNotification(StatusBarNotification(pkg=com.huawei.health user=UserHandle{0} id=10010 tag=null key=0|com.huawei.health|10010|null|10099: Notification(pri=0 contentView=null vibrate=null sound=null defaults=0x0 flags=0x62 color=0x00000000 vis=PRIVATE)))
12-17 19:31:41.593  3218  4070 W PhoneInterfaceManager: shouldBlockLocation running ...
12-17 19:31:41.593  2852  2852 D HwCust  : Create obj success use class android.app.HwCustNotificationImpl
12-17 19:31:41.593  3218  4070 I PhoneInterfaceManager: shouldBlockLocation  ret:false
12-17 19:31:41.594  1795  1821 I DisplayManagerService: Display device changed state: "内置屏幕", OFF
12-17 19:31:41.594  1795  1806 I AlarmManager: remove(PendingIntent{49c289: PendingIntentRecord{7f86237 com.huawei.espacev2 broadcastIntent}}) changed bounds; rebatching
12-17 19:31:41.594  2852  2852 I StatusBarIconView: updateTint: tint=0
12-17 19:31:41.595  2852  2852 D StatusBar: No peeking: unimportant notification: 0|com.huawei.health|10010|null|10099
12-17 19:31:41.595  2852  2852 D StatusBar: applyInPlace=true shouldPeek=false alertAgain=true
12-17 19:31:41.595  2852  2852 I NotificationGroupManager: onEntryUpdated:0|com.huawei.health|10010|null|10099
12-17 19:31:41.595  2852  2852 I NotificationGroupManager: onEntryAdded:0|com.huawei.health|10010|null|10099, group=0|com.huawei.health|10010|null|10099
12-17 19:31:41.595  2852  2852 D StatusBar: reusing notification for key: 0|com.huawei.health|10010|null|10099
12-17 19:31:41.595  2852  2852 D HwCust  : Create obj success use class android.app.HwCustNotificationImpl
12-17 19:31:41.596  2852  2852 D HwCust  : Create obj success use class android.app.HwCustNotificationImpl
12-17 19:31:41.596  2852  2852 I StatusBarIconView: updateTint: tint=0
12-17 19:31:41.597  3608  3608 E WindowManagerEx: ret: 1
12-17 19:31:41.597  1795  2778 D HwWindowManagerService: imeVis=false
12-17 19:31:41.597  3608  3608 E WindowManagerEx: ret: 0
12-17 19:31:41.597  3608  3608 I InCall  : StatusBarNotifier - isTopIsFullscreen = true--isTopIsFullscreenInput()--false
12-17 19:31:41.597  3608  3608 E InCall  : StatusBarNotifier - buildAndSendNotification state=3 showHeadUpNotification=false mHeadupViewShow=false
12-17 19:31:41.598  3608  3608 D InCall  : StatusBarNotifier - isDreaming = false
12-17 19:31:41.598  3608  3608 D InCall  : StatusBarNotifier - Notifying IN_CALL_NOTIFICATION: Notification(pri=2 contentView=null vibrate=null sound=null defaults=0x0 flags=0x2 color=0x00000000 actions=3 vis=PRIVATE publicVersion=Notification(pri=0 contentView=null vibrate=null sound=null defaults=0x0 flags=0x0 color=0xff33b5e5 vis=PRIVATE))
12-17 19:31:41.598   816 20183 D DnsProxyListener: GetAddrInfoHandler addr: uc.huawei.com {304, 917808, 10102} 172.30.70.63
12-17 19:31:41.598  1795 16498 I AlarmManager: set(PendingIntent{7a3c28e: PendingIntentRecord{7f86237 com.huawei.espacev2 broadcastIntent}}) : type=0 triggerAtTime=1481974601598 win=0 tElapsed=443137962 maxElapsed=443137962 interval=300000 flags=0x1
12-17 19:31:41.599 31949 31967 I TCP     : WatchThread{4786} TcpSocket.close(TcpSocket.java:158) shutdown output: java.net.SocketException: Socket is closed
12-17 19:31:41.601 31949 31967 W TCP     : tcp.recv{4790} TcpSocket.read(TcpSocket.java:242) <<< WARN(5) >>> java.net.SocketException: Socket closed
12-17 19:31:41.602 31949 31967 I TCP     : WatchThread{4786} TcpSocket.close(TcpSocket.java:170) shutdown input: java.net.SocketException: Socket is closed
12-17 19:31:41.604  1795 16501 I NotificationManager: enqueueNotificationInternal: pkg=com.android.incallui id=2 notification=Notification(pri=2 contentView=null vibrate=null sound=null defaults=0x0 flags=0x2 color=0x00000000 actions=3 vis=PRIVATE publicVersion=Notification(pri=0 contentView=null vibrate=null sound=null defaults=0x0 flags=0x0 color=0xff33b5e5 vis=PRIVATE))
12-17 19:31:41.606  1795  1795 I NotificationManager: enqueueNotificationInternal: n.getKey = 0|com.android.incallui|2|null|1001
12-17 19:31:41.606 31949 31967 E TCP     : tcp.recv{4790} TcpClientThread.readSocket(TcpClientThread.java:452) <<< ERROR(6) >>> socket read length failure -104
12-17 19:31:41.606 10324 10324 D MagicLink: MagicLink2-BroadcastReceiver:====>ACTION_SCREEN_ON
12-17 19:31:41.607  3608  3608 I InCall  : ProximitySensor - ProximitySensor{keybrd=0, dpad=0, offhook=1, hor=0, ui=1, aud=EARPIECE}
12-17 19:31:41.607  3608  3608 D InCall  : ProximitySensor - Turning on proximity sensor
12-17 19:31:41.607  3608  3608 I InCall  : ProximitySensor - Proximity wake lock already acquired
12-17 19:31:41.607  3608  3608 D InCall  : AnswerPresenter - onUiShowingfalse
12-17 19:31:41.607  3608  3608 D InCall  : GlowPadAnswerFragment - Show answer UI: false
12-17 19:31:41.607  3608  3608 D InCall  : GlowPadWrapper - stopPing
12-17 19:31:41.608  3608  3608 I InCall  : GlowPadAnswerFragment - showVideoAnswerButtonfalsefalse
12-17 19:31:41.608 31949 31967 I TCP     : WatchThread{4786} TcpClientThread.closeSocket(TcpClientThread.java:396) closed socket.
12-17 19:31:41.609 31949 31967 I eSpaceService: WatchThread{4786} TcpCirChannel.connect(TcpCirChannel.java:219) Connect to server  address = [uc.huawei.com,]  port = 7801
12-17 19:31:41.609 31949 31985 I PushService: connect :true
12-17 19:31:41.610 31949 31967 I ECS     : WatchThread{4786} TcpClient.clearAll(TcpClient.java:240) ==================== TCP CLIENT CLEAR ALL ====================
12-17 19:31:41.611 31949 31967 I ECS     : WatchThread{4786} TcpClient.connect(TcpClient.java:162) ==================== TCP CLIENT CONNECT [2] ====================
12-17 19:31:41.611 31949 31967 I TCP     : WatchThread{4786} TcpClientThread.connect(TcpClientThread.java:52) will connect to uc.huawei.com:7801
12-17 19:31:41.612 31949 31967 I TCP     : tcp.recv{4790} TcpClientThread.onReceiverWork(TcpClientThread.java:314) disconnected
12-17 19:31:41.612  1795  2332 I qti_sensors_hal: [ACC]processReportInd: X: 8.289426 Y: 4.394278 Z: 2.657271  x_offset:0.160831 y_offset:0.184366 z_offset:0.985027
12-17 19:31:41.614 31949 31967 I TCP     : tcp.conn{4787} TcpClientThread.connectSocket(TcpClientThread.java:349) connecting max 30000ms to uc.huawei.com:7801
12-17 19:31:41.614  1795  3249 I ActivityManager_activity: Moving to PAUSED: ActivityRecord{b46dc67 u0 com.android.incallui/.InCallActivity t310} (pause complete)
