12-17 19:31:43.299  1795  1795 D HwKeyguardManagerImpl: isLockScreenDisabled HwKeyguardManagerImpl result = false
12-17 19:31:43.300  1795  1795 D HwConnectivityService: CtrlSocket Receiver,disable: false locked: true action: android.intent.action.SCREEN_OFF mSmartKeyguardLevel: normal_level mStartPowerSaving: false
12-17 19:31:43.300  1795  1795 D HwConnectivityService: receive screen off intent!
12-17 19:31:43.300  1795  1795 D HwConnectivityService: wifi tethering: false
12-17 19:31:43.300  1795  1795 D HwConnectivityService: Usb tethering: false
12-17 19:31:43.300  1795  1795 D HwConnectivityService: bt tethering: false
12-17 19:31:43.300  2852  2852 W HwPhoneLayoutInflater: onCreateView : ClassNotFoundException, In this case we want to let the base class take a crack at it
12-17 19:31:43.300  1795  1795 D HwConnectivityService: pluggedStatus: 0
12-17 19:31:43.300  1795  1795 D HwConnectivityService: is charging: false
12-17 19:31:43.301  2852  2852 W HwPhoneLayoutInflater: onCreateView : ClassNotFoundException, In this case we want to let the base class take a crack at it
12-17 19:31:43.302  1795  2671 E WifiScanner: listener cannot be found
12-17 19:31:43.303  1795  2671 D WifiStateMachine:  ConnectedState CMD_ENABLE_RSSI_POLL  rt=123016474/442839666 0 0
12-17 19:31:43.303  1795  2671 D WifiStateMachine:  L2ConnectedState CMD_ENABLE_RSSI_POLL  rt=123016475/442839666 0 0
12-17 19:31:43.303  1795  2671 D WifiStateMachine:  ConnectedState CMD_SET_SUSPEND_OPT_ENABLED  rt=123016475/442839666 1 0
12-17 19:31:43.303  1795  2671 D WifiStateMachine:  L2ConnectedState CMD_SET_SUSPEND_OPT_ENABLED  rt=123016475/442839667 1 0
12-17 19:31:43.303  1795  2671 D WifiStateMachine:  ConnectModeState CMD_SET_SUSPEND_OPT_ENABLED  rt=123016475/442839667 1 0
12-17 19:31:43.303  1795  2671 D WifiStateMachine:  DriverStartedState CMD_SET_SUSPEND_OPT_ENABLED  rt=123016475/442839667 1 0
12-17 19:31:43.303  1795  2671 D WifiHW  : wifi_send_command: cmd:'IFNAME=wlan0 DRIVER SETSUSPENDMODE 1'
12-17 19:31:43.304  5215  5215 D wpa_supplicant: wlan0: Control interface command 'DRIVER SETSUSPENDMODE 1'
12-17 19:31:43.308  3218  3422 D PhoneInterfaceManager: [PhoneIntfMgr] getDataEnabled: subId=0 phoneId=0
12-17 19:31:43.308  3218  3422 D PhoneInterfaceManager: [PhoneIntfMgr] getDataEnabled: subId=0 retVal=false
12-17 19:31:43.308  1795  1795 D HwConnectivityService: CtrlSocket getMobileDataEnabled = false
12-17 19:31:43.311  1795  1795 I NotificationManager: mIntentReceiver-ACTION_SCREEN_OFF
12-17 19:31:43.311  1795  1795 I NotificationManager: updateLightsLocked,mInCall =true,mScreenOn = false,ledNotification == null?true
12-17 19:31:43.311  1795  1795 I NotificationManager: updateLightsLocked,turn off notificationLight
12-17 19:31:43.311  1795  1795 I Sensor  : turn off notificationLight due to incall or screenon
12-17 19:31:43.311  1795  1795 I Sensor  : updateLight --> mIsNotificationExisting: false ledOnMS: 0 ledOffMS :0
12-17 19:31:43.311  1795  1795 I Sensor  : updateLightsLocked --> level:78, status:3
12-17 19:31:43.312  1795  1795 I Sensor  : updateLightsLocked --> mBatteryLight.turnOff
12-17 19:31:43.314  1046  2704 V ThreadsEx: HDebug print the key screen_state
12-17 19:31:43.314  1046  2704 D audio_hw_primary: adev_set_parameters: enter: screen_state=off
12-17 19:31:43.314  1046  2704 I Huawei_audio_cust: huawei_audio huawei_choose_HandsFree_device_incall_forHWtest: test Type =4
12-17 19:31:43.315  1046  2704 I Huawei_audio_cust: huawei_audio huawei_choose_Handset_device_incall_forHWtest: test Type =4
12-17 19:31:43.315  1046  2704 I Huawei_audio_cust: get_spk_pa_type: pa is max98925
12-17 19:31:43.315  1046  2704 I Huawei_audio_cust: huawei_common_set_parameters: exit with code(0)
12-17 19:31:43.315  1046  2704 V Huawei_audio_cust: huawei_cust_set_parameters: exit with code(0)
12-17 19:31:43.315  1046  2704 V msm8916_platform: platform_set_parameters: enter: - screen_state=off
12-17 19:31:43.315  1046  2704 V msm8916_platform: platform_set_parameters: exit with code(0)
12-17 19:31:43.315  1046  2704 D audio_hw_extn: audio_extn_set_anc_parameters: anc_enabled:0
12-17 19:31:43.315  1046  2704 D audio_hw_spkr_prot: audio_extn_fbsp_set_parameters: Speaker protection disabled
12-17 19:31:43.315  1046  2704 V audio_hw_primary: adev_set_parameters: exit with code(0)
12-17 19:31:43.318  1795  1795 I AlarmManager: set(PendingIntent{2f9e644: PendingIntentRecord{527f32d android broadcastIntent}}) : type=2 triggerAtTime=447099681 win=300000 tElapsed=447099681 maxElapsed=447399681 interval=0 flags=0x8
12-17 19:31:43.318  2852  2852 W HwPhoneLayoutInflater: onCreateView : ClassNotFoundException, In this case we want to let the base class take a crack at it
12-17 19:31:43.319  2852  2852 W HwPhoneLayoutInflater: onCreateView : ClassNotFoundException, In this case we want to let the base class take a crack at it
12-17 19:31:43.321  1795  1795 D HwPFWLogger: PFW.HwPFWService:mBroadcastReceiver action = android.intent.action.SCREEN_OFF
12-17 19:31:43.321  1795  2708 D HwPFWLogger: PFW.HwPFWService:handle PFW_MSG_SYSTEM
12-17 19:31:43.321  1795  2708 D HwPFWLogger: PFW.HwPFWAppRestartPolicy:receive action = android.intent.action.SCREEN_OFF
12-17 19:31:43.323  1795  1795 D WifiService: onReceive, action:android.intent.action.SCREEN_OFF
12-17 19:31:43.324  1795  2670 D WifiController: DeviceActiveState{ when=0 what=155651 target=com.android.internal.util.StateMachine$SmHandler }
12-17 19:31:43.324  1795  2670 D WifiController: StaEnabledState what=155651
12-17 19:31:43.324  1795  2670 D WifiController: DefaultState what=155651
12-17 19:31:43.324  1795  2670 D WifiController: wifiSleepPolicy:1
12-17 19:31:43.324  1795  2670 D WifiController: set idle timer: 1800000 ms
12-17 19:31:43.324  1795  2670 I AlarmManager: set(PendingIntent{50e3a01: PendingIntentRecord{a8130a6 android broadcastIntent}}) : type=0 triggerAtTime=1481976103324 win=0 tElapsed=444639687 maxElapsed=444639687 interval=0 flags=0x9
12-17 19:31:43.325  2852  2852 I HwExpandableNotificationRowHelper: unclear notification ,notificationPkgName:com.android.incallui key:0|com.android.incallui|2|null|1001
12-17 19:31:43.326  2852  2852 D StatusBar: No peeking: unimportant notification: 0|com.android.incallui|2|null|1001
12-17 19:31:43.326  2852  2852 I NotificationGroupManager: onEntryAdded:0|com.android.incallui|2|null|1001, group=0|com.android.incallui|2|null|1001
12-17 19:31:43.327  2852  2852 I HwPhoneStatusBar: updateNotificationShade
12-17 19:31:43.327  2852  2852 I PhoneStatusBar: updateNotificationShade
12-17 19:31:43.327  2852  2852 I PhoneStatusBar: removeNotificationChildren
12-17 19:31:43.329  2852  2852 I StackScroller: generateAddAnimation:null, false
12-17 19:31:43.331  2852  2852 I StackScroller: generateAddAnimation:null, false
12-17 19:31:43.332  1795  1806 I NotificationManager: onNotificationExpansionChanged called
12-17 19:31:43.332  1795  2736 E hwintelligencewifi:  DefaultState MSG_SCREEN_OFF mIsAutoOpenSearch = false
12-17 19:31:43.332  2852  2852 I HwNotificationIconAreaController: showNotificationAll
12-17 19:31:43.332  1795  2377 I IO.IOStatsService: onReceive:screen off
12-17 19:31:43.333  1795 16501 I NotificationManager: onNotificationExpansionChanged called
12-17 19:31:43.334  2852  2852 D ReporterUtil:  e id:344 type:{pkg:com.android.incallui}
12-17 19:31:43.338  1795  2377 I IO.IOStatsService: saveIOStatsAndLatestUids,the time interval is too shorter than the last screen off
12-17 19:31:43.338  2852  2852 I BackgrounCallingLayout: simCount:2 phoneState:2
12-17 19:31:43.338  2852  2852 I BackgrounCallingLayout: mCallingStatusReceiver:onReceive::action=InCallScreenIsForegroundActivity, isForegroundActivity=false, mPhoneState=2
12-17 19:31:43.339  5215  5215 D wpa_supplicant: wpa_driver_nl80211_driver_cmd SETSUSPENDMODE 1 len = 0, 4096
12-17 19:31:43.339  5215  5215 D wpa_supplicant: CTRL-DEBUG: global_ctrl_sock-sendto: sock=16 sndbuf=229376 outq=0 send_len=3
12-17 19:31:43.339  2883  2883 D HwKeyguardManagerImpl: isLockScreenDisabled HwKeyguardManagerImpl result = false
12-17 19:31:43.340  1795  2671 D PowerManagerService: release:lock=244575063, flg=0x0, tag="WifiSuspend", name=android", ws=null, uid=1000, pid=1795
12-17 19:31:43.340  1795  2671 D PowerManagerService: ready=true,policy=0,wakefulness=0,wksummary=0x10,uasummary=0x0,bootcompleted=true,boostinprogress=false,waitmodeenable=false,mode=true,manual=33,auto=-1,adj=0.0userId=0
12-17 19:31:43.340  1795  2671 D PowerManagerService: Releasing suspend blocker "PowerManagerService.WakeLocks".
12-17 19:31:43.340  1795 16498 D PowerManagerService: acquire lock=184063844, flags=0x1, tag="NetworkStats", name=android, ws=null, uid=1000, pid=1795
12-17 19:31:43.341  1795 16498 D PowerManagerService: ready=true,policy=0,wakefulness=0,wksummary=0x11,uasummary=0x0,bootcompleted=true,boostinprogress=false,waitmodeenable=false,mode=true,manual=33,auto=-1,adj=0.0userId=0
12-17 19:31:43.341  1795 16498 D PowerManagerService: Acquiring suspend blocker "PowerManagerService.WakeLocks".
12-17 19:31:43.344  1795 16498 D NetdConnector: SND -> {11597 bandwidth gettetherstats}
12-17 19:31:43.344  2852  2852 I BackgrounCallingLayout: simCount:2 phoneState:2
12-17 19:31:43.345  1795  2665 D NetdConnector: RCV <- {200 11597 Tethering stats list completed}
12-17 19:31:43.346  1795  2665 D NetdConnector: RCV <- {200 11597 Tethering stats list completed}
12-17 19:31:43.347  2852  2852 I BackgrounCallingLayout: updateCallLayout:isBackground=false, isInteractive=false
12-17 19:31:43.348  2852  2852 W HwPhoneStatusBar: mNotifyStateChangedReceiver do nothing
12-17 19:31:43.348  2852  2852 I HwPhoneStatusBar: mNotifyStateChangedReceiver::onReceive:action=InCallScreenIsForegroundActivity, mBackgroundState=false
12-17 19:31:43.348  2852  2852 D KeyguardViewMediator: handleNotifyFinishedGoingToSleep
12-17 19:31:43.348  2852  2852 I PhoneStatusBar: onFinishedGoingToSleep
12-17 19:31:43.348  2852  2852 V KeyguardStatusView: Disable transport text marquee
12-17 19:31:43.348  2852  2852 V KeyguardUpdateMonitor: FingerStat Visible: false; Interactive: false; Switching: false; Bouncer:false; GoingToSleep: false Occluded: false; dreaming: false; Authenticated: false
12-17 19:31:43.349  2852  2852 W DisabledFeatureUtils: Dis-Feature : 0
12-17 19:31:43.349  2852  2852 E KeyguardUpdateMonitor: isSimPinSecure mSimDatas is null or empty 
12-17 19:31:43.349  2883  2883 I HwSystemManager: AntiMalManager:receive Broadcast ACTION_SCREEN_OFF mOnTimeSum:260909299 onTime:539597 isPowerConnected:false
12-17 19:31:43.350  2852  2852 W DisabledFeatureUtils: Dis-Feature : 0
12-17 19:31:43.350  2852  2852 E KeyguardUpdateMonitor: isSimPinSecure mSimDatas is null or empty 
12-17 19:31:43.350  1795 15982 I Security_fingerprint: FingerprintService getEnrolledFingerprints
12-17 19:31:43.350  2852  2852 V KeyguardUpdateMonitor: KGSvcFp startListeningForFingerprint()
12-17 19:31:43.350  2852  2852 I KeyguardUpdateMonitor: authenticate by 0 mode!
12-17 19:31:43.350  2883  2883 I HwSystemManager: AutoCleanReceiveServer:receive action:android.intent.action.SCREEN_OFF
