12-17 19:33:09.182  2883  2997 I HwSystemManager: PermissionDbVisitor:insertHistoryRecord:HistoryRecord[packageName:com.tencent.mm,permissionType:33554432,action:11,dateStartTime:1481904000000,timestamp:1481974389181]
12-17 19:33:09.190  1795 17832 D HwActivityManagerService: handleANRFilterFIFO,uid = 10105cmd = 1
12-17 19:33:09.328  7741  7758 D TmoMonitor: Cache monitor msg as screen_off
12-17 19:33:09.984  3782 20454 V AudioManager: isMusicActive...
12-17 19:33:09.985  3782 20454 V AudioManager: isWiredHeadsetOn...
12-17 19:33:10.208  1795  2371 E huawei_ProximitySensor_CPP_Test: ProximitySensor: 9 is far event,0 is close event,value = 9.000000
12-17 19:33:10.208  1795  2371 I huawei_ProximitySensor_CPP_Test: readEvents:345: ProximitySensor: getTimestamp,mPendingEvent.timestamp =-520490049 
12-17 19:33:10.209  1795  1825 D DisplayPowerController: handleProximitySensorEvent positive:false
12-17 19:33:10.210  1795  1795 I HwScreenOnProximityLock: removeProximityView success vp android.view.ViewRootImpl@1da030f
12-17 19:33:10.210  1795  1825 D PowerManagerService: Acquiring suspend blocker "PowerManagerService.Display".
12-17 19:33:10.210  1795  1825 I PowerManager_screenOn: DisplayPowerController updatePowerState mPendingRequestLocked=policy=OFF, useProximitySensor=true, useProximitySensorbyPhone=true, screenBrightness=33, screenAutoBrightnessAdjustment=0.0, brightnessSetByUser=true, useAutoBrightness=true, blockScreenOn=false, lowPowerMode=false, boostScreenBrightness=false, dozeScreenBrightness=-1, dozeScreenState=UNKNOWN, useTwilight=false, useSmartBacklight=true, brightnessWaitMode=false, brightnessWaitRet=true, screenAutoBrightness=-1, userId=0
12-17 19:33:10.211  1795  1825 I WindowManger_keyguard: Screen turned off...
12-17 19:33:10.211  1795  1795 D Sensors : batch called handle:2 sample_ns:20000000 latency_ns:0
12-17 19:33:10.211  1795  1795 D Sensors : pa2240-proximity calling driver setDelay 20 ms
12-17 19:33:10.211  1795  1825 V KeyguardServiceDelegate: onScreenTurnedOff()
12-17 19:33:10.212  1795  1825 I WindowManger_keyguard: onScreenTurnedOff()
12-17 19:33:10.213  1795  1795 E huawei_ProximitySensor_CPP_Test: write 20 failed
12-17 19:33:10.214  2852  2822 D KeyguardService: Caller checkPermission fail
12-17 19:33:10.214  2852  2822 D KeyguardService: KGSvcCall onScreenTurnedOff.
12-17 19:33:10.214  2852  2822 D KeyguardViewMediator: notifyScreenTurnedOff
12-17 19:33:10.215  2852  2852 D KeyguardViewMediator: handleNotifyScreenTurnedOff
12-17 19:33:10.220  1795  1825 W HwScreenOnProximityLock: releaseLock: return because sensor listener is held = false
12-17 19:33:10.220  1795  1795 I WindowManager: Destroying surface Surface(name=) called by com.android.server.wm.WindowStateAnimator.destroySurface:2056 com.android.server.wm.WindowStateAnimator.destroySurfaceLocked:907 com.android.server.wm.WindowState.removeLocked:1527 com.android.server.wm.WindowManagerService.removeWindowInnerLocked:2723 com.android.server.wm.WindowManagerService.removeWindowInnerLocked:2688 com.android.server.wm.WindowManagerService.removeWindowLocked:2677 com.android.server.wm.WindowManagerService.removeWindowLocked:2546 com.android.server.wm.WindowManagerService.removeWindow:2541 
12-17 19:33:10.220  1795  1825 D HwNormalizedAutomaticBrightnessController: set power status:mPowerStatus=true,powerStatus=false
12-17 19:33:10.220  1795  1825 D DisplayPowerController: Animating brightness: target=0, rate=0
12-17 19:33:10.221  1795  1825 I PowerManager_screenOn: PowerManagerServiceonProximityNegative -> updatePowerStateLocked
12-17 19:33:10.221  1795  1825 D PowerManagerService: userActivityNoUpdateLocked: eventTime=123073907, event=0, flags=0x0, uid=1000
12-17 19:33:10.221  1795  1825 I PowerManager_screenOn: PowerManagerNotifier onUserActivity: event=0, uid=1000
12-17 19:33:10.221  1795  1825 I PowerManager_screenOn: PowerManagerService wakeUpNoUpdateLocked: eventTime=123073907, uid=1000
12-17 19:33:10.221  1795  1825 I PowerManager_screenOn: PowerManagerService Waking up from sleep (uid 1000)...
12-17 19:33:10.221  1795  1825 I PowerManager_screenOn: PowerManagerNotifier onWakefulnessChangeStarted: wakefulness=1, reason=0, interactive=true, mInteractive=false, mInteractiveChanging=false
12-17 19:33:10.221  1795  1825 D PowerManagerService: Acquiring suspend blocker "PowerManagerService.Broadcasts".
12-17 19:33:10.221  1795  1825 I PowerManager_screenOn: PowerManagerNotifier onWakeUp: event=android.server.power:POWER, reasonUid=1000 opPackageName=android opUid=1000
12-17 19:33:10.222  1795  1825 D PowerManagerService: userActivityNoUpdateLocked: eventTime=123073907, event=0, flags=0x0, uid=1000
12-17 19:33:10.222  1795  1825 I PowerManager_screenOn: PowerManagerNotifier onUserActivity: event=0, uid=1000
12-17 19:33:10.222  1795  1825 I PowerManager_screenOn: PowerManagerServiceonProximityNegative by Phone
12-17 19:33:10.222  1795  1825 D PowerManagerService: setColorTemperatureAccordingToSetting
12-17 19:33:10.222  1795  1825 D HwPowerManagerService: setColorTemperatureAccordingToSetting
12-17 19:33:10.222  1795  1825 D HwPowerManagerService: isDisplayFeatureSupported feature:1
12-17 19:33:10.222  1795  1825 D HW_DISPLAY_EFFECT: hw_get_smart_display_supported: start++
12-17 19:33:10.222  1795  1825 D HW_DISPLAY_EFFECT: hw_get_smart_display_supported: end--
12-17 19:33:10.222  1795  1825 D HWPowerManger_JNI: Surport 3 dimension color temperature.
12-17 19:33:10.222  1795  1825 D HwPowerManagerService: setColorTemperatureAccordingToSetting new.
12-17 19:33:10.222  1795  1825 D HwPowerManagerService: ColorTemperature read from old setting:128
12-17 19:33:10.223  1795  1825 D HwPowerManagerService: setColorTemperature:128
12-17 19:33:10.223  1795  1825 D HW_DISPLAY_EFFECT: hw_set_colortemperature: start++
12-17 19:33:10.223  1795  1825 W HW_DISPLAY_EFFECT: Warning: hw_set_colortemperature is COLOR_TEMP_2_DIMENSION interface, not supported presently.
12-17 19:33:10.223  1795  1825 D HW_DISPLAY_EFFECT: hw_set_colortemperature: end--
12-17 19:33:10.223  1795  1825 D PowerManagerService: ready=false,policy=3,wakefulness=1,wksummary=0x10,uasummary=0x1,bootcompleted=true,boostinprogress=false,waitmodeenable=false,mode=true,manual=33,auto=-1,adj=0.0userId=0
12-17 19:33:10.223  1795  1825 I PowerManager_screenOn: DisplayPowerController updatePowerState mPendingRequestLocked=policy=BRIGHT, useProximitySensor=true, useProximitySensorbyPhone=true, screenBrightness=33, screenAutoBrightnessAdjustment=0.0, brightnessSetByUser=true, useAutoBrightness=true, blockScreenOn=false, lowPowerMode=false, boostScreenBrightness=false, dozeScreenBrightness=-1, dozeScreenState=UNKNOWN, useTwilight=false, useSmartBacklight=true, brightnessWaitMode=false, brightnessWaitRet=true, screenAutoBrightness=-1, userId=0
12-17 19:33:10.223  1795  1825 I PowerManager_screenOn: DisplayPowerStatesetScreenState: state=2
12-17 19:33:10.223  1795  1825 D FpDataCollector: DisplayPowerState :ON
12-17 19:33:10.224  1795  1795 I WindowManger_keyguard: Setting mDismissKeyguard true by win Window{e6a6b5e u0 com.android.incallui/com.android.incallui.InCallActivity}
12-17 19:33:10.225  1795  1795 I WindowManger_keyguard: Setting mDismissKeyguard true by win Window{e6a6b5e u0 com.android.incallui/com.android.incallui.InCallActivity}
12-17 19:33:10.241  1795  1825 I PowerManager_screenOn: DisplayPowerController Blocking screen on until initial contents have been drawn.
12-17 19:33:10.241  1795  1825 I WindowManger_keyguard: Screen turned on for keyguard
12-17 19:33:10.241  1795  1825 I PowerManager_screenOn: KeyguardServiceDelegate  onScreenTurnedOn(showListener = com.android.server.policy.PhoneWindowManager$3@bf53b21)
12-17 19:33:10.242  2852  2866 D KeyguardService: Caller checkPermission fail
12-17 19:33:10.242  2852  2866 D KeyguardService: KGSvcCall onScreenTurningOn.
12-17 19:33:10.242  2852  2866 D KeyguardViewMediator: notifyScreenOn
12-17 19:33:10.242  2852  2852 D KeyguardViewMediator: handleNotifyScreenTurningOn
12-17 19:33:10.242  2852  2852 I PhoneStatusBar: onScreenTurningOn
12-17 19:33:10.242  2852  2852 D KeyguardViewMediator: handleNotifyScreenTurnedOn End with : 6719
12-17 19:33:10.242  1795  1825 D HwNormalizedAutomaticBrightnessController: set power status:mPowerStatus=false,powerStatus=true
12-17 19:33:10.242  1795  3111 I WindowManger_keyguard: **** SHOWN CALLED ****
12-17 19:33:10.242  1795  3111 D WindowManager: mKeyguardDelegate.ShowListener.onDrawn.
12-17 19:33:10.242  1795  3111 I WindowManger_keyguard: hideScrim()
12-17 19:33:10.243  1795  1809 I PowerManager_screenOn: finishKeyguardDrawn -> waitForAllWindowsDrawn
12-17 19:33:10.243  1795  1825 D Sensors : batch called handle:3 sample_ns:300000000 latency_ns:0
12-17 19:33:10.243  1795  1825 D Sensors : activate called handle:3 enable:1
12-17 19:33:10.243  1795  1825 D Sensors : bh1745-light calling driver setDelay 300 ms
12-17 19:33:10.243  1795  1825 D Sensors : bh1745-light calling driver enable
12-17 19:33:10.243  1795  1825 W LightSensor: LightSensor, enable, 283: en=1
12-17 19:33:10.243  1795  1825 W LightSensor: LightSensor, enable, 284: flags=1
12-17 19:33:10.243  1795  1825 W LightSensor: LightSensor, enable, 285: mEnabled=0
12-17 19:33:10.245  1795  1795 I WindowManger_windowChange: oldFocusWindow: Window{5f47279 u0 android}, currentFocusWindow: Window{e71ca6c u0 com.android.phone}, currentFocusApp: AppWindowToken{844a0b2 token=Token{2fd6a14 ActivityRecord{b46dc67 u0 com.android.incallui/.InCallActivity t310}}}
12-17 19:33:10.247  1795  1809 I PowerManager_screenOn: waitForAllWindowsDrawn  cover is open or null
12-17 19:33:10.250  1795  1821 I WindowManger_keyguard: Setting mDismissKeyguard true by win Window{e6a6b5e u0 com.android.incallui/com.android.incallui.InCallActivity}
12-17 19:33:10.261  1795  1795 I WindowManger_keyguard: Setting mDismissKeyguard true by win Window{e6a6b5e u0 com.android.incallui/com.android.incallui.InCallActivity}
12-17 19:33:10.262   832   832 E Parcel  : Reading a NULL string not supported here.
12-17 19:33:10.262   832   832 E Parcel  : Reading a NULL string not supported here.
12-17 19:33:10.264  1795  1825 D AutomaticBrightnessController: Enable LightSensor at time:mLightSensorEnableTime=123073950,mLightSensorEnableElapsedTimeNanos=442926606510845
12-17 19:33:10.264  1795  1825 D AutomaticBrightnessController: mAmbientLuxValid= false,sensor is not ready
12-17 19:33:10.264  1795  1825 D DisplayPowerController: mode change : autoBrightnessEnabled=true,adjustment=0.0,state=2
12-17 19:33:10.264  1795  1825 D HwNormalizedAutomaticBrightnessController: mWakeupFromSleep= true,currentTime=123073950,mLightSensorEnableTime=123073929
12-17 19:33:10.264  1795  1825 D DisplayPowerController: Animating brightness: target=-1, rate=0
12-17 19:33:10.264  1795  1825 D DisplayPowerController: Unfinished business...
12-17 19:33:10.264  1795  2750 I PowerManager_screenOn: DisplayPowerState Updating screen state: state=ON, backlight=0
12-17 19:33:10.264  1795  2750 D PowerManagerService: Setting HAL auto-suspend mode to false
12-17 19:33:10.264  1795  2750 D PowerManagerService: Setting HAL interactive mode to true
12-17 19:33:10.264  1795  2750 I QTI PowerHAL: Got set_interactive hint
12-17 19:33:10.265  1795  2750 D libfingersense_wrapper: Calling fingersense_on_resume()
12-17 19:33:10.265  1795  2750 D libfingersense_wrapper: fingersense_on_resume() finished
12-17 19:33:10.265   836  2387 I knuckle_sensor: Sending SAM_ENABLE to fs_data
12-17 19:33:10.265   612   612 D SurfaceFlinger: Set power mode=2, type=0 flinger=0x7f9a25b400
12-17 19:33:10.265   612   612 I SDM     : HWCDisplay::SetPowerMode: display = 0, mode = 2
12-17 19:33:10.265   612   612 I SDM     : DisplayBase::SetDisplayState: Set state = 1, display 0
12-17 19:33:10.268   836   928 I knuckle_sensor: Got ENABLE response, status = 0, id = 72
12-17 19:33:10.425  1795  2371 E LightSensor: read Events lux: 16.0
12-17 19:33:10.427  1795  1825 D AutomaticBrightnessController: ambient lux=16.0,timeStamp =442926788874000
