12-17 19:33:14.372  3626  3626 E PTM.FileNodeInfo: getTempInfo error: null, 0
12-17 19:33:14.372  3626  3626 E PTM.FileNodeInfo: getTempInfo error: null, 0
12-17 19:33:14.372  3626  3626 E PTM.FileNodeInfo: getTempInfo error: null, 0
12-17 19:33:14.372  3626  3626 E PTM.FileNodeInfo: getTempInfo error: null, 0
12-17 19:33:14.372  3626  3626 E PTM.FileNodeInfo: getTempInfo error: null, 0
12-17 19:33:14.372  3626  3626 E PTM.FileNodeInfo: getTempInfo error: null, 0
12-17 19:33:14.372  3626  3626 D PTM.ThermalAlarmInfo: TempThreshold: 35, Shell: 0
12-17 19:33:14.372  3626  3626 E PTM.FileNodeInfo: getTempInfo error: null, 0
12-17 19:33:14.372  3626  3626 E PTM.FileNodeInfo: getTempInfo error: null, 0
12-17 19:33:14.372  3626  3626 E PTM.FileNodeInfo: getTempInfo error: null, 0
12-17 19:33:14.372  3626  3626 E PTM.FileNodeInfo: getTempInfo error: null, 0
12-17 19:33:14.372  3626  3626 E PTM.FileNodeInfo: getTempInfo error: null, 0
12-17 19:33:14.372  3626  3626 E PTM.FileNodeInfo: getTempInfo error: null, 0
12-17 19:33:14.372  3626  3626 E PTM.FileNodeInfo: getTempInfo error: null, 0
12-17 19:33:14.372  3626  3626 E PTM.FileNodeInfo: getTempInfo error: null, 0
12-17 19:33:14.372  3626  3626 E PTM.FileNodeInfo: getTempInfo error: null, 0
12-17 19:33:14.372  3626  3626 E PTM.FileNodeInfo: getTempInfo error: null, 0
12-17 19:33:14.372  3626  3626 E PTM.FileNodeInfo: getTempInfo error: null, 0
12-17 19:33:14.372  3626  3626 E PTM.FileNodeInfo: getTempInfo error: null, 0
12-17 19:33:14.372  3626  3626 E PTM.FileNodeInfo: getTempInfo error: null, 0
12-17 19:33:14.372  3626  3626 E PTM.FileNodeInfo: getTempInfo error: null, 0
12-17 19:33:14.372  3626  3626 E PTM.FileNodeInfo: getTempInfo error: null, 0
12-17 19:33:14.372  3626  3626 E PTM.FileNodeInfo: getTempInfo error: null, 0
12-17 19:33:14.372  3626  3626 E PTM.FileNodeInfo: getTempInfo error: null, 0
12-17 19:33:14.372  3626  3626 E PTM.FileNodeInfo: getTempInfo error: null, 0
12-17 19:33:14.372  3626  3626 E PTM.FileNodeInfo: getTempInfo error: null, 0
12-17 19:33:14.372  3626  3626 E PTM.FileNodeInfo: getTempInfo error: null, 0
12-17 19:33:14.372  3626  3626 E PTM.FileNodeInfo: getTempInfo error: null, 0
12-17 19:33:14.373  3626  3626 E PTM.FileNodeInfo: getTempInfo error: null, 0
12-17 19:33:14.373  3626  3626 E PTM.FileNodeInfo: getTempInfo error: null, 0
12-17 19:33:14.373  3626  3626 E PTM.FileNodeInfo: getTempInfo error: null, 0
12-17 19:33:14.373  3626  3626 E PTM.FileNodeInfo: getTempInfo error: null, 0
12-17 19:33:14.373  3626  3626 I HourObserver: enter into handleScrnOnOffTimeStats, scrnOn = false, mIsPreScrnOn = true, mScrnSwitchTime = 1481974393881, occurTime = 1481974394372, delta = 491, mScrnOffAccTime = 1806075, mScrnOnAccTime = 123389
12-17 19:33:14.374  3626  3626 I HourObserver: left handleScrnOnOffTimeStats, mScrnOffAccTime = 1806075, mScrnOffAccTime = 1806075, mScrnOnAccTime = 123880
12-17 19:33:14.376  2883  2996 I HwSystemManager: ExtraTrafficSetting:result is empty
12-17 19:33:14.377  3626  3626 I iMonitor: create: 903001010
12-17 19:33:14.379  3180  3180 E libc    : Access denied finding property "persist.sys.smart_power"
12-17 19:33:14.379  5215  5215 D wpa_supplicant: CTRL-DEBUG: global_ctrl_sock-sendto: sock=16 sndbuf=229376 outq=0 send_len=34
12-17 19:33:14.379  3180  3180 E libc    : Access denied finding property "persist.sys.smart_power"
12-17 19:33:14.379   818  1152 I logserver: handle_exception_events enter
12-17 19:33:14.380  3626  3626 I iMonitor: send: 903001010
12-17 19:33:14.381  3626  3770 I LSC_903001010: process buffer and get message
12-17 19:33:14.381  1795  1795 D WiFi_PRO: MSG_RETURN_AP_CURRY_RSSI rssi = -59
12-17 19:33:14.381  1795  2739 D HuaweiWifiWatchdogStateMachine: LM mrssi=-59
12-17 19:33:14.381  1795  1795 I QosMonitor: queryRtt: rtt_type = 3
12-17 19:33:14.381  1795  1795 I WifiProJNI: ######### GET RTT:3 ########
12-17 19:33:14.381  1795  1795 D WifiProJNI: send_cmd_kernel: cmd=7
12-17 19:33:14.381  1795  2739 D HuaweiWifiWatchdogStateMachine: 80:38:bc:08:42:c1 current loss[-59]=0%, volume=12
12-17 19:33:14.382  1795  2739 D HuaweiWifiWatchdogStateMachine: 80:38:bc:08:42:c1 history loss[-59]=0.05%, volume=2159
12-17 19:33:14.382  1795  2739 I HuaweiWifiWatchdogStateMachine: spd good count:0, add sc:0.0, rate:1.0
12-17 19:33:14.382  1795  2739 I HuaweiWifiWatchdogStateMachine: current mHighDataFlowRate = 1.0
12-17 19:33:14.382  1795  2739 I HuaweiWifiWatchdogStateMachine: POta txb txg rxg:0, 12, 0. Lr =0% Totpkt=12
12-17 19:33:14.382  1795  2737 D WifiProJNI: Received kernel message payload: event 4
12-17 19:33:14.382  1795  1795 I WifiProJNI: ######### CMD_QUERY_PKTS ########
12-17 19:33:14.382  1795  1795 D WifiProJNI: send_cmd_kernel: cmd=1
12-17 19:33:14.382  1795  2737 I QosMonitor: postEventFromNative: msg=100,arg1=4,arg2=9
12-17 19:33:14.382  1795  2737 W WifiProJNI: poll before: g_monitor_fd =310
12-17 19:33:14.382  1795  2737 D WifiProJNI: Received kernel message payload: event 0
12-17 19:33:14.382  1795  2737 I QosMonitor: postEventFromNative: msg=100,arg1=0,arg2=9
12-17 19:33:14.383  1795  2737 W WifiProJNI: poll before: g_monitor_fd =310
12-17 19:33:14.383  1795  1795 D HuaweiWifiWatchdogStateMachine: setSampleRtt: rtt=0,rtt_pkts =0,rtt_when=9
12-17 19:33:14.383  1795  1795 I MQoS    : rtt=480,tcp_tx_pkts=1480289,tcp_rx_pkts=1768500
12-17 19:33:14.383  1795  1795 I QosMonitor: resetRtt: rtt_type = 3
12-17 19:33:14.383  1795  1795 I WifiProJNI: ######### RESET RTT:3 ########
12-17 19:33:14.383  1795  1795 D WifiProJNI: send_cmd_kernel: cmd=6
12-17 19:33:14.383  1795  5350 I MQoS    : QOS_level:0(0),DataDisable;use level-0
12-17 19:33:14.383  1795  5350 I MQoS    : skip-low-Level:0(0),DataDisable;use level-0
12-17 19:33:14.384  1795  2739 D HuaweiWifiWatchdogStateMachine: dumpTcpResult: len=9,rtt=480,rttPkt=1,rttWn=9,cgt=0,cgtWn=0
12-17 19:33:14.384  1795  2739 I HuaweiWifiWatchdogStateMachine: PTcp RTT:0, rtt pkt=0, tcp_rx=0, tcp_tx=0, tcp_reTran=0, rtRate=0
12-17 19:33:14.384  1795  2739 D HuaweiWifiWatchdogStateMachine: mRssiBadCount =0, RSSI not bad.
12-17 19:33:14.384  1795  2739 D HuaweiWifiWatchdogStateMachine: detectNetworkAvailable:hw.wifipro.dns_fail_count = 1001
12-17 19:33:14.384  1795  2739 I HuaweiWifiWatchdogStateMachine: rs ota tcp lr rttvb bad: false, false, false, false, false; rsth:-75
12-17 19:33:14.384  1795  2739 D HuaweiWifiWatchdogStateMachine: GSC:0, GSR:1.0, RSR:1.0, RTH:-75
12-17 19:33:14.384  1795  2739 D HuaweiWifiWatchdogStateMachine: bqeLevel = 0 rtt=0,rtt_pkts=0 speed=476 rssi=-59
12-17 19:33:14.384  1795  2739 I HuaweiWifiWatchdogStateMachine:  pkt chk not bad, reset sc to 0.
12-17 19:33:14.384  1795  2739 D HuaweiWifiWatchdogStateMachine: ### mPktChkBadCnt=0
12-17 19:33:14.388  7741  7741 D Mms_TX_NOTIFY: Get no-perm notification callback android.intent.action.SCREEN_OFF
12-17 19:33:14.389  1795  1809 I HwPhoneWindowManager: OverscanTimeout run
12-17 19:33:14.390  3626  3753 I LogCollectService: msg = 103 received
12-17 19:33:14.395  2883  2996 I HwSystemManager: ITrafficInfo:ITrafficInfo create 301updateBytes = 1769320345
12-17 19:33:14.397  3466  3466 I Contacts: DialpadFragment mBroadcastReceiver action:android.intent.action.SCREEN_OFF
12-17 19:33:14.407  1795 17831 D StubTelephonyRegistry: uid:10028 pid:16628 PhoneStateListener.LISTEN_CELL_LOCATION:16 events:0
12-17 19:33:14.433 10324 10324 D MagicLink: MagicLink2-BroadcastReceiver:====>ACTION_SCREEN_OFF
12-17 19:33:14.469  1795  1795 D PowerManagerService: Releasing suspend blocker "PowerManagerService.Broadcasts".
12-17 19:33:14.473  1795  3139 W ActivityManager: getRunningAppProcesses: caller 10105 does not hold REAL_GET_TASKS; limiting output
12-17 19:33:14.538  2852  2852 D DateTimeView: Change to single clock mode!
12-17 19:33:14.540  2852  2852 D DateTimeView: Change to single clock mode!
12-17 19:33:14.570  1795  2332 I qti_sensors_hal: [ACC]processReportInd: X: 5.997754 Y: 6.272330 Z: 3.585724  x_offset:0.160831 y_offset:0.184366 z_offset:0.985027
12-17 19:33:14.745  1795  1795 I TrafficMonitor: update:rxPkts:4,txPkts:5,rxBytes:879,txBytes:368
12-17 19:33:14.745  1795  1795 I TrafficMonitor: start expired. level:-1
12-17 19:33:14.745  1795  1795 I TrafficMonitor: gettimer:interval=2000
12-17 19:33:14.766  1795  2332 I qti_sensors_hal: [ACC]processReportInd: X: 6.358624 Y: 6.397864 Z: 3.593450  x_offset:0.160831 y_offset:0.184366 z_offset:0.985027
12-17 19:33:14.860  7741  7758 D TmoMonitor: Cache monitor msg as screen_off
12-17 19:33:14.890  3782 20498 V AudioManager: isMusicActive...
12-17 19:33:14.891  3782 20498 V AudioManager: isWiredHeadsetOn...
12-17 19:33:14.962  1795  2332 I qti_sensors_hal: [ACC]processReportInd: X: 6.413556 Y: 6.711676 Z: 3.972109  x_offset:0.160831 y_offset:0.184366 z_offset:0.985027
12-17 19:33:15.031 31949 31967 I TCP     : msg.recv{4791} TcpClientThread.onRecv(TcpClientThread.java:515) TCP Msg 659TCP_OK
12-17 19:33:15.033 31949 31967 I ECS     : msg.recv{4791} XmlMsg.decodeBuf(XmlMsg.java:237) RECV 663 bytes [12]_00_03_02_05_01_04_81_BF_BA_EA_43_27 cmdCode(CC_PCheckVersion.0x0501)msgType(MT_ACK.2)msgClass(MC_Push.5)sender(ST_Mobile.0)crypted(false)zipped(false)nobase64(true)length(659)version(3)sno(81BF)
12-17 19:33:15.159  1795  2332 I qti_sensors_hal: [ACC]processReportInd: X: 6.146802 Y: 7.464819 Z: 3.562547  x_offset:0.160831 y_offset:0.184366 z_offset:0.985027
12-17 19:33:15.162  1795  6986 W ActivityManager: getRunningAppProcesses: caller 10105 does not hold REAL_GET_TASKS; limiting output
