12-17 19:32:23.786  5215  5215 D wpa_supplicant: random_mix_pool - hexdump(len=16): [REMOVED]
12-17 19:32:23.786  5215  5215 D wpa_supplicant: random_mix_pool - hexdump(len=5): [REMOVED]
12-17 19:32:23.786  5215  5215 D wpa_supplicant: random pool - hexdump(len=128): [REMOVED]
12-17 19:32:23.786  5215  5215 D wpa_supplicant: Add randomness: count=844 entropy=447
12-17 19:32:23.786  5215  5215 D wpa_supplicant: random pool - hexdump(len=128): [REMOVED]
12-17 19:32:23.786  5215  5215 D wpa_supplicant: random_mix_pool - hexdump(len=16): [REMOVED]
12-17 19:32:23.786  5215  5215 D wpa_supplicant: random_mix_pool - hexdump(len=5): [REMOVED]
12-17 19:32:23.786  5215  5215 D wpa_supplicant: random pool - hexdump(len=128): [REMOVED]
12-17 19:32:23.786  5215  5215 D wpa_supplicant: Add randomness: count=845 entropy=448
12-17 19:32:23.786  5215  5215 D wpa_supplicant: random pool - hexdump(len=128): [REMOVED]
12-17 19:32:23.786  5215  5215 D wpa_supplicant: random_mix_pool - hexdump(len=16): [REMOVED]
12-17 19:32:23.786  5215  5215 D wpa_supplicant: random_mix_pool - hexdump(len=5): [REMOVED]
12-17 19:32:23.786  5215  5215 D wpa_supplicant: random pool - hexdump(len=128): [REMOVED]
12-17 19:32:23.786  5215  5215 D wpa_supplicant: Add randomness: count=846 entropy=449
12-17 19:32:23.786  5215  5215 D wpa_supplicant: random pool - hexdump(len=128): [REMOVED]
12-17 19:32:23.786  5215  5215 D wpa_supplicant: random_mix_pool - hexdump(len=16): [REMOVED]
12-17 19:32:23.786  5215  5215 D wpa_supplicant: random_mix_pool - hexdump(len=5): [REMOVED]
12-17 19:32:23.786  5215  5215 D wpa_supplicant: random pool - hexdump(len=128): [REMOVED]
12-17 19:32:23.786  5215  5215 D wpa_supplicant: Add randomness: count=847 entropy=450
12-17 19:32:23.786  5215  5215 D wpa_supplicant: random pool - hexdump(len=128): [REMOVED]
12-17 19:32:23.786  5215  5215 D wpa_supplicant: random_mix_pool - hexdump(len=16): [REMOVED]
12-17 19:32:23.786  5215  5215 D wpa_supplicant: random_mix_pool - hexdump(len=5): [REMOVED]
12-17 19:32:23.786  5215  5215 D wpa_supplicant: random pool - hexdump(len=128): [REMOVED]
12-17 19:32:23.786  5215  5215 D wpa_supplicant: Add randomness: count=848 entropy=451
12-17 19:32:23.786  5215  5215 D wpa_supplicant: random pool - hexdump(len=128): [REMOVED]
12-17 19:32:23.786  5215  5215 D wpa_supplicant: random_mix_pool - hexdump(len=16): [REMOVED]
12-17 19:32:23.786  5215  5215 D wpa_supplicant: random_mix_pool - hexdump(len=5): [REMOVED]
12-17 19:32:23.786  5215  5215 D wpa_supplicant: random pool - hexdump(len=128): [REMOVED]
12-17 19:32:23.786  5215  5215 D wpa_supplicant: Add randomness: count=849 entropy=452
12-17 19:32:23.786  5215  5215 D wpa_supplicant: random pool - hexdump(len=128): [REMOVED]
12-17 19:32:23.786  5215  5215 D wpa_supplicant: random_mix_pool - hexdump(len=16): [REMOVED]
12-17 19:32:23.786  5215  5215 D wpa_supplicant: random_mix_pool - hexdump(len=5): [REMOVED]
12-17 19:32:23.786  5215  5215 D wpa_supplicant: random pool - hexdump(len=128): [REMOVED]
12-17 19:32:23.786  5215  5215 D wpa_supplicant: Add randomness: count=850 entropy=453
12-17 19:32:23.786  5215  5215 D wpa_supplicant: random pool - hexdump(len=128): [REMOVED]
12-17 19:32:23.786  5215  5215 D wpa_supplicant: random_mix_pool - hexdump(len=16): [REMOVED]
12-17 19:32:23.786  5215  5215 D wpa_supplicant: random_mix_pool - hexdump(len=5): [REMOVED]
12-17 19:32:23.786  5215  5215 D wpa_supplicant: random pool - hexdump(len=128): [REMOVED]
12-17 19:32:23.786  5215  5215 D wpa_supplicant: wlan0: Scan-only results received
12-17 19:32:23.786  5215  5215 D wpa_supplicant: CTRL-DEBUG: ctrl_sock-sendmsg: sock=16 sndbuf=229376 outq=0 send_len=24
12-17 19:32:23.786  5215  5215 D wpa_supplicant: CTRL_IFACE monitor sent successfully to /data/misc/wifi/sockets/wpa_ctrl_1795-194\x00
12-17 19:32:23.786  5215  5215 D wpa_supplicant: wlan0: Radio work 'scan'@0x7fb502f3c0 done in 0.456829 seconds
12-17 19:32:23.786  5215  5215 D wpa_supplicant: wlan0: radio_work_free('scan'@0x7fb502f3c0: num_active_works --> 0
12-17 19:32:23.787  5215  5215 D wpa_supplicant: nl80211: Event message available
12-17 19:32:23.787  5215  5215 D wpa_supplicant: nl80211: Drv Event 79 (NL80211_CMD_SET_REKEY_OFFLOAD) received for wlan0
12-17 19:32:23.787  5215  5215 D wpa_supplicant: nl80211: Rekey offload event for BSSID 80:38:bc:08:42:c1
12-17 19:32:23.787  5215  5215 D wpa_supplicant: nl80211: Rekey offload - Replay Counter - hexdump(len=8): 00 00 00 00 00 00 00 02
12-17 19:32:23.787  5215  5215 D wpa_supplicant: wlan0: Event DRIVER_GTK_REKEY (35) received
12-17 19:32:23.787  1795  1821 I ActivityManager_activity: windowsVisibleLocked(): ActivityRecord{b46dc67 u0 com.android.incallui/.InCallActivity t310} idle: true
12-17 19:32:23.787  1795  5219 D WifiMonitor: Dispatching event to interface: wlan0
12-17 19:32:23.787  1795  5219 E WifiMonitor: WifiMonitor:wlan0 cnt=31015 dispatchEvent: CTRL-EVENT-SCAN-RESULTS 
12-17 19:32:23.788  1795  2736 E hwintelligencewifi: inlineAddCurrentApInfo mInfos.size()=132
12-17 19:32:23.788  5215  5215 D wpa_supplicant: wlan0: Control interface command 'BSS RANGE=0- MASK=0x3029d87'
12-17 19:32:23.788  1795  2680 I AlarmManager: remove(null) changed bounds; rebatching
12-17 19:32:23.788  5215  5215 E wpa_supplicant: bssid=80:38:bc:0b:2b:e1;freq=2432;level=-55;flags=11;ssid=Huawei-Employee;
12-17 19:32:23.788  5215  5215 E wpa_supplicant: bssid=00:26:f2:1b:9d:b2;freq=2437;level=-62;flags=11;ssid=NTPC02;
12-17 19:32:23.788  5215  5215 E wpa_supplicant: bssid=80:38:bc:08:42:c1;freq=2452;level=-48;flags=43;ssid=Huawei-Employee;
12-17 19:32:23.788  5215  5215 E wpa_supplicant: bssid=80:38:bc:0b:29:61;freq=2412;level=-77;flags=11;ssid=Huawei-Employee;
12-17 19:32:23.789  5215  5215 E wpa_supplicant: bssid=80:38:bc:0a:fa:e0;freq=2412;level=-84;flags=11;ssid=wlanaccessv2.0;
12-17 19:32:23.789  5215  5215 E wpa_supplicant: bssid=80:38:bc:08:42:e0;freq=2472;level=-54;flags=11;ssid=wlanaccessv2.0;
12-17 19:32:23.789  5215  5215 E wpa_supplicant: bssid=80:38:bc:0a:f0:61;freq=2432;level=-83;flags=11;ssid=Huawei-Employee;
12-17 19:32:23.789  3180  3578 I ash     : ash->screen unlock
12-17 19:32:23.789  5215  5215 E wpa_supplicant: bssid=80:38:bc:0b:14:41;freq=2472;level=-75;flags=11;ssid=Huawei-Employee;
12-17 19:32:23.789  5215  5215 D wpa_supplicant: CTRL-DEBUG: global_ctrl_sock-sendto: sock=16 sndbuf=229376 outq=0 send_len=4022
12-17 19:32:23.789  1795  1821 I WindowManager: All windows ready for display!
12-17 19:32:23.789  1795  1809 I WindowOrientationListener: WindowOrientationListener enabled
12-17 19:32:23.791  1795  1821 I WindowManger_keyguard: Setting mDismissKeyguard true by win Window{e6a6b5e u0 com.android.incallui/com.android.incallui.InCallActivity}
12-17 19:32:23.792  5215  5215 D wpa_supplicant: wlan0: Control interface command 'BSS RANGE=445- MASK=0x3029d87'
12-17 19:32:23.792  5215  5215 E wpa_supplicant: bssid=80:38:bc:0a:f1:e1;freq=2472;level=-87;flags=11;ssid=Huawei-Employee;
12-17 19:32:23.792  5215  5215 E wpa_supplicant: bssid=80:38:bc:0b:25:e1;freq=2412;level=-90;flags=11;ssid=Huawei-Employee;
12-17 19:32:23.792  5215  5215 E wpa_supplicant: bssid=ac:85:3d:be:20:21;freq=2412;level=-89;flags=11;ssid=Huawei-Employee;
12-17 19:32:23.792  5215  5215 E wpa_supplicant: bssid=80:38:bc:0a:f0:21;freq=2472;level=-91;flags=11;ssid=Huawei-Employee;
12-17 19:32:23.792  5215  5215 E wpa_supplicant: bssid=80:38:bc:0a:f9:61;freq=2472;level=-94;flags=11;ssid=Huawei-Employee;
12-17 19:32:23.793  1795 15987 I AlarmManager: remove(PendingIntent{9f7f1bc: PendingIntentRecord{601e5f3 com.huawei.indexsearch.observer broadcastIntent}}) changed bounds; rebatching
12-17 19:32:23.793  5215  5215 E wpa_supplicant: bssid=80:38:bc:0b:04:41;freq=2472;level=-88;flags=11;ssid=Huawei-Employee;
12-17 19:32:23.793  5215  5215 E wpa_supplicant: bssid=80:38:bc:0a:f4:60;freq=2472;level=-95;flags=11;ssid=wlanaccessv2.0;
12-17 19:32:23.793  5215  5215 D wpa_supplicant: CTRL-DEBUG: global_ctrl_sock-sendto: sock=16 sndbuf=229376 outq=0 send_len=3679
12-17 19:32:23.795  1795  1809 I qti_sensors_hal: batch,376,handle 0, timeout:0 ,period_ns:66667000
12-17 19:32:23.795  1795  1809 I qti_sensors_hal: batch:sensor(android.sensor.accelerometer) handle:0 flags:0x0 period_ns 66667000
12-17 19:32:23.796  3180  4303 I AwareLog: MemoryRecoveryDMEPlugin: reportScene typeId = 2002
12-17 19:32:23.796  3180  4303 I AwareLog: MemoryRecoveryDMEPlugin: receive sceen on event
12-17 19:32:23.796  3180  4303 I AwareLog: MemoryRecoveryDMEPlugin: interrupt
12-17 19:32:23.797  2883  2996 I HwSystemManager: TafficState:default sub id = 0slotIndex = 0 subscriptionId = 0
12-17 19:32:23.798  5215  5215 D wpa_supplicant: wlan0: Control interface command 'BSS RANGE=0- MASK=0x3029d87'
12-17 19:32:23.798  5215  5215 E wpa_supplicant: bssid=80:38:bc:0b:2b:e1;freq=2432;level=-55;flags=11;ssid=Huawei-Employee;
12-17 19:32:23.799  5215  5215 E wpa_supplicant: bssid=00:26:f2:1b:9d:b2;freq=2437;level=-62;flags=11;ssid=NTPC02;
12-17 19:32:23.799  5215  5215 E wpa_supplicant: bssid=80:38:bc:08:42:c1;freq=2452;level=-48;flags=43;ssid=Huawei-Employee;
12-17 19:32:23.799  5215  5215 E wpa_supplicant: bssid=80:38:bc:0b:29:61;freq=2412;level=-77;flags=11;ssid=Huawei-Employee;
12-17 19:32:23.799  5215  5215 E wpa_supplicant: bssid=80:38:bc:0a:fa:e0;freq=2412;level=-84;flags=11;ssid=wlanaccessv2.0;
12-17 19:32:23.799  5215  5215 E wpa_supplicant: bssid=80:38:bc:08:42:e0;freq=2472;level=-54;flags=11;ssid=wlanaccessv2.0;
12-17 19:32:23.799  5215  5215 E wpa_supplicant: bssid=80:38:bc:0a:f0:61;freq=2432;level=-83;flags=11;ssid=Huawei-Employee;
12-17 19:32:23.799  5215  5215 E wpa_supplicant: bssid=80:38:bc:0b:14:41;freq=2472;level=-75;flags=11;ssid=Huawei-Employee;
12-17 19:32:23.800  5215  5215 D wpa_supplicant: CTRL-DEBUG: global_ctrl_sock-sendto: sock=16 sndbuf=229376 outq=0 send_len=4022
12-17 19:32:23.802  5215  5215 D wpa_supplicant: wlan0: Control interface command 'BSS RANGE=445- MASK=0x3029d87'
12-17 19:32:23.802  5215  5215 E wpa_supplicant: bssid=80:38:bc:0a:f1:e1;freq=2472;level=-87;flags=11;ssid=Huawei-Employee;
12-17 19:32:23.802  5215  5215 E wpa_supplicant: bssid=80:38:bc:0b:25:e1;freq=2412;level=-90;flags=11;ssid=Huawei-Employee;
12-17 19:32:23.803  5215  5215 E wpa_supplicant: bssid=ac:85:3d:be:20:21;freq=2412;level=-89;flags=11;ssid=Huawei-Employee;
12-17 19:32:23.803  5215  5215 E wpa_supplicant: bssid=80:38:bc:0a:f0:21;freq=2472;level=-91;flags=11;ssid=Huawei-Employee;
12-17 19:32:23.803  2883  2996 E HwSystemManager: LeisureTrafficSetting:result is empty
12-17 19:32:23.803  5215  5215 E wpa_supplicant: bssid=80:38:bc:0a:f9:61;freq=2472;level=-94;flags=11;ssid=Huawei-Employee;
