12-17 19:32:06.269  2852  3556 D NetworkController.MobileSignalController(0): mSimSubId:0 onDataActivity: direction=0
12-17 19:32:06.270  2852  2852 I PowerUI : onReceive intent:act:android.intent.action.SCREEN_ON  flag:1342177296 
12-17 19:32:06.275  1795  1821 I WindowManger_keyguard: Setting mDismissKeyguard true by win Window{e6a6b5e u0 com.android.incallui/com.android.incallui.InCallActivity}
12-17 19:32:06.276  3608  3608 I ActivityManager_activity: Reporting idle of ActivityRecord{fd45985 token=android.os.BinderProxy@af8ea9b {com.android.incallui/com.android.incallui.InCallActivity}} finished=false
12-17 19:32:06.277  2883  2996 E HwSystemManager: SimCardMethod:/getSimCardInfo: imsi is null
12-17 19:32:06.280  3180  3332 I BatteryMonitor: screen off: 4s, awake: 4s wakeups: 0, battery changed: 0
12-17 19:32:06.280  1795  1821 I WindowManger_keyguard: Setting mDismissKeyguard true by win Window{e6a6b5e u0 com.android.incallui/com.android.incallui.InCallActivity}
12-17 19:32:06.282  1795  2377 V HwPackageManagerService: Returning system default Launcher 
12-17 19:32:06.282  1795  2377 I AwareLog: AwareMem_EventTracker: [APP_ACTIVITY_FINISH_123039452] is abandoned for memory 830344
12-17 19:32:06.283  3180  3578 D HwMultiWindowEx: isInMultiWindowMode ret: 0
12-17 19:32:06.284  3180  3578 I BacklightControl: can't adjust backlight when app launch from other scene.
12-17 19:32:06.284  3180  3578 I ThermalStateManager: handle action thermal policy:208
12-17 19:32:06.287  1795  3957 E IzatSvc_OSObserver: I/LocTech-Label :: OSOBSERVER :: Data Items In
12-17 19:32:06.287  3180  3578 I ash     : ash->screen on
12-17 19:32:06.287  1795  3957 E IzatSvc_OSObserver: I/LocTech-Value :: Data Item Value: IS_SCREEN_ON: true
12-17 19:32:06.287  1795  3975 E LocSvc_libulp: I/int ulp_msg_process_system_update(const UlpSystemEvent): systemEvent:0 
12-17 19:32:06.287  1795  3975 E LocSvc_libulp: I/===> int ulp_brain_turn_onoff_dr_provider() line 848 
12-17 19:32:06.287  1795  3975 E LocSvc_libulp: I/===> int ulp_dr_stop_engine() line 235 
12-17 19:32:06.287  1795  3975 E LocSvc_libulp: I/int ulp_msg_process_start_req(), at ulp state = 1
12-17 19:32:06.287  1795  3304 E LocSvc_api_v02: I/---> locClientSendReq line 2069 QMI_LOC_GET_BEST_AVAILABLE_POSITION_REQ_V02
12-17 19:32:06.289  1795  3341 E LocSvc_ApiV02: I/<--- void globalRespCb(locClientHandleType, uint32_t, const locClientRespIndUnionType, uint32_t, void *) line 140 QMI_LOC_GET_BEST_AVAILABLE_POSITION_REQ_V02
12-17 19:32:06.289  1795  3975 E LocSvc_libulp: I/int ulp_brain_process_zpp_position_report(const enum loc_sess_status, LocPosTechMask, UlpLocation *), report ZPP position to providers,report_position = 1
12-17 19:32:06.289  1795  3975 E LocSvc_libulp: I/===> int ulp_brain_turn_onoff_dr_provider() line 848 
12-17 19:32:06.289  1795  3975 E LocSvc_libulp: I/===> int ulp_dr_stop_engine() line 235 
12-17 19:32:06.293  3180  3578 I ash     : ash->screen unlock
12-17 19:32:06.293  2883  2996 I HwSystemManager: NormalTrafficAnalysis:alert byte = 0 last alert byte = 0
12-17 19:32:06.293  2883  2996 E HwSystemManager: NormalTrafficAnalysis:alert byte = 0, so return
12-17 19:32:06.295  1795 15988 I AlarmManager: remove(PendingIntent{34f0939: PendingIntentRecord{601e5f3 com.huawei.indexsearch.observer broadcastIntent}}) changed bounds; rebatching
12-17 19:32:06.297  1795  1821 I WindowManger_keyguard: Setting mDismissKeyguard true by win Window{e6a6b5e u0 com.android.incallui/com.android.incallui.InCallActivity}
12-17 19:32:06.299  3180  4303 I AwareLog: MemoryRecoveryDMEPlugin: reportScene typeId = 2002
12-17 19:32:06.299  3180  4303 I AwareLog: MemoryRecoveryDMEPlugin: receive sceen on event
12-17 19:32:06.299  3180  4303 I AwareLog: MemoryRecoveryDMEPlugin: interrupt
12-17 19:32:06.304  3626  3626 I HourObserver: enter into handleScrnOnOffTimeStats, scrnOn = true, mIsPreScrnOn = false, mScrnSwitchTime = 1481974321619, occurTime = 1481974326303, delta = 4684, mScrnOffAccTime = 1741861, mScrnOnAccTime = 115341
12-17 19:32:06.304  3626  3626 I HourObserver: left handleScrnOnOffTimeStats, mScrnOffAccTime = 1746545, mScrnOffAccTime = 1746545, mScrnOnAccTime = 115341
12-17 19:32:06.305  3218  7071 E HW-JPEG-DEC: [HME_JPEG_DEC_Delete](3298): HME_JPEG_DEC_Delete: decoder_ctx=null
12-17 19:32:06.311  5224  5224 I Step_LSC: 20002302|logicalDealBroadcastEvent : Intent { act=android.intent.action.SCREEN_ON flg=0x50000010 }
12-17 19:32:06.312  5224  5283 I Step_LSC: 20002302| ## MSG_DEAL_SYSTEM_EVENT android.intent.action.SCREEN_ON
12-17 19:32:06.313  2883  2996 I HwSystemManager: TafficState:default sub id = 0slotIndex = 0 subscriptionId = 0
12-17 19:32:06.313  5224  5283 I Step_StandStepCounter: 20002302|flush sensor data
12-17 19:32:06.314  1795  3121 I qti_sensors_hal: flush,395,handle 49
12-17 19:32:06.314  1795  3121 I qti_sensors_hal: flush:sensor(android.sensor.step_counter) handle:49
12-17 19:32:06.314  5224  5283 I Step_SharedPerferenceUtils: 20002302| getTodayTotalDetailSteps from Prefence success and todaySendorSteps= 1481974200000##4175##172153##0##0##442798016
12-17 19:32:06.315  5224  5283 I Step_SharedPerferenceUtils: 20002302|setTodayTotalDetailSteps to Prefence todaySendorSteps=1481974260000##4181##172159##0##0##442862678
12-17 19:32:06.315  3626  3626 I iMonitor: create: 903001010
12-17 19:32:06.320  5224  5283 I Step_LSC: 20002302|calculateCaloriesWithCache datas.size=8372
12-17 19:32:06.321  2883  2996 E HwSystemManager: LeisureTrafficSetting:result is empty
12-17 19:32:06.322  5224  5283 I Step_LSC: 20002302|calculateCaloriesWithCache totalCalories=89506
12-17 19:32:06.323  5224  5283 I Step_LSC: 20002302|calculateAltitudeWithCache datas.size=8372
12-17 19:32:06.324  5224  5283 I Step_LSC: 20002302|calculateAltitudeWithCache totalAltitude=0
12-17 19:32:06.324  5224  5283 I Step_LSC: 20002302|REPORT : 4181 89506 2985 0
12-17 19:32:06.325  5224  5283 I SendBroadcastPermission: action:android.com.huawei.bone.NOTIFY_SPORT_DATA, mPermissionType:0
12-17 19:32:06.325  7741  7741 D Mms_TX_NOTIFY: Get no-perm notification callback android.intent.action.SCREEN_ON
12-17 19:32:06.326  2883  2996 I HwSystemManager: NatTrafficNotifyService:delta byte = 0 no traffic delta = 0Traffic state is 301
12-17 19:32:06.326  7741  7741 D Mms_TX_NOTIFY: ScreenState present
12-17 19:32:06.329   818  1152 I logserver: handle_exception_events enter
12-17 19:32:06.330  3626  3770 I LSC_903001010: process buffer and get message
12-17 19:32:06.333  2883  2996 I HwSystemManager: ExtraTrafficSetting:result is empty
12-17 19:32:06.335  3466  3466 I Contacts: DialpadFragment mBroadcastReceiver action:android.intent.action.SCREEN_ON
12-17 19:32:06.337  5224  5283 I SendBroadcastPermission: action:android.com.huawei.bone.NOTIFY_SPORT_DATA, mPermissionType:0
12-17 19:32:06.329  3626  3626 I iMonitor: send: 903001010
12-17 19:32:06.338  3608  3608 D InCall  : InCallActivity - mScreenOnReceiver mCallEndOptionsDialog = null
12-17 19:32:06.345  1795  1805 I HwActivityManagerService: Split enqueueing broadcast [callerApp]:ProcessRecord{580cfb2 5224:com.huawei.health:DaemonService/u0a99}
12-17 19:32:06.345  1795  1821 I ActivityManager_activity: windowsVisibleLocked(): ActivityRecord{b46dc67 u0 com.android.incallui/.InCallActivity t310} idle: true
12-17 19:32:06.346  2852  2852 I EventCenter: EventCenter Get :android.com.huawei.bone.NOTIFY_SPORT_DATA
12-17 19:32:06.347   802   802 E Thermal-daemon: [Thermal_Hw] temperature_valid, battery : temperature is invalid, invalid temperatrue is 27
12-17 19:32:06.347   802   802 E Thermal-daemon: [Thermal_Hw] temperature_filter: get invalid temperature, use old temp
12-17 19:32:06.347  5224  5283 I Step_HSNH: 20002302|upDateHealthNotification()|90|2.98|4181
12-17 19:32:06.348  1795  1821 I WindowManager: All windows ready for display!
12-17 19:32:06.348  1795  1809 I WindowOrientationListener: WindowOrientationListener enabled
12-17 19:32:06.349  1795  1809 I qti_sensors_hal: batch,376,handle 0, timeout:0 ,period_ns:66667000
12-17 19:32:06.349  1795  1809 I qti_sensors_hal: batch:sensor(android.sensor.accelerometer) handle:0 flags:0x0 period_ns 66667000
12-17 19:32:06.349  5224  5283 I Step_HSNH: 20002302|rebuild notification
12-17 19:32:06.349  1795  1821 I WindowManger_keyguard: Setting mDismissKeyguard true by win Window{e6a6b5e u0 com.android.incallui/com.android.incallui.InCallActivity}
12-17 19:32:06.351  2883  2996 I HwSystemManager: ITrafficInfo:ITrafficInfo create 301updateBytes = 1769320345
12-17 19:32:06.353  1795  3121 I NotificationManager: enqueueNotificationInternal: pkg=com.huawei.health id=10010 notification=Notification(pri=0 contentView=null vibrate=null sound=null defaults=0x0 flags=0x2 color=0x00000000 vis=PRIVATE)
12-17 19:32:06.354  1795 16232 D StubTelephonyRegistry: uid:10028 pid:16628 PhoneStateListener.LISTEN_CELL_LOCATION:16 events:16
12-17 19:32:06.354  1795 16232 D StubTelephonyRegistry: LISTEN_CELL_LOCATION uid:10028
12-17 19:32:06.354  1795  1795 I NotificationManager: enqueueNotificationInternal: n.getKey = 0|com.huawei.health|10010|null|10099
12-17 19:32:06.355 16628 16628 I TotemWeather: RetryTaskController:mTaskList is null
12-17 19:32:06.355  1795  1795 V NotificationService: disableEffects=null canInterrupt=false once update: false
12-17 19:32:06.356  2852  2852 I StatusBar: onNotificationPosted: StatusBarNotification(pkg=com.huawei.health user=UserHandle{0} id=10010 tag=null key=0|com.huawei.health|10010|null|10099: Notification(pri=0 contentView=null vibrate=null sound=null defaults=0x0 flags=0x62 color=0x00000000 vis=PRIVATE)) important=2, post=1481974326353, when=1481531589202, vis=0, userid=0
12-17 19:32:06.357  2852  2852 D StatusBar: updateNotification(StatusBarNotification(pkg=com.huawei.health user=UserHandle{0} id=10010 tag=null key=0|com.huawei.health|10010|null|10099: Notification(pri=0 contentView=null vibrate=null sound=null defaults=0x0 flags=0x62 color=0x00000000 vis=PRIVATE)))
12-17 19:32:06.357  2852  2852 D HwCust  : Create obj success use class android.app.HwCustNotificationImpl
12-17 19:32:06.358  2852  2852 I StatusBarIconView: updateTint: tint=0
12-17 19:32:06.359  2852  2852 D StatusBar: No peeking: unimportant notification: 0|com.huawei.health|10010|null|10099
12-17 19:32:06.359  2852  2852 D StatusBar: applyInPlace=true shouldPeek=false alertAgain=true
12-17 19:32:06.359  2852  2852 I NotificationGroupManager: onEntryUpdated:0|com.huawei.health|10010|null|10099
12-17 19:32:06.359  2852  2852 I NotificationGroupManager: onEntryAdded:0|com.huawei.health|10010|null|10099, group=0|com.huawei.health|10010|null|10099
12-17 19:32:06.359  2852  2852 D StatusBar: reusing notification for key: 0|com.huawei.health|10010|null|10099
12-17 19:32:06.359  2852  2852 D HwCust  : Create obj success use class android.app.HwCustNotificationImpl
12-17 19:32:06.359  1795  1809 I qti_sensors_hal: read from oem info: data_readback
12-17 19:32:06.359  1795  1809 I qti_sensors_hal: 0xcd, 0xb0, 0x24, 0x3e
12-17 19:32:06.359  1795  1809 I qti_sensors_hal: 0x66, 0xca, 0x3c, 0x3e
12-17 19:32:06.359  1795  1809 I qti_sensors_hal: 0xc0, 0x2a, 0x7c, 0x3f
12-17 19:32:06.359  1795  1809 I qti_sensors_hal: 0x55, 0x0, 0x0, 0x0
12-17 19:32:06.359  1795  1809 I qti_sensors_hal: 0x0, 0x0, 0x0, 0x0
12-17 19:32:06.359  1795  1809 E qti_sensors_hal: read from oem info: data_valid_flag=0x55
12-17 19:32:06.359  1795  1809 E qti_sensors_hal: read from oem info: x_offset=0.160831, y_offset=0.184366, z_offset=0.985027
12-17 19:32:06.359  1795  1809 E qti_sensors_hal: Final value: x_offset=0.160831, y_offset=0.184366, z_offset=0.985027
12-17 19:32:06.359  1795  1809 I qti_sensors_hal: batch:load_acc_oeminf_data x_offset:0.160831 y_offset:0.184366 z_offset:0.985027
