12-17 19:31:42.512  1795  2671 D WifiStateMachine:  SupplicantStartedState CMD_SCREEN_STATE_CHANGED  rt=123015684/442838876 1 0
12-17 19:31:42.512  2852  2852 I SignalClusterView: mWifiVisible is:truemWifiStrengthId is:2130839427mWifiDescription is:WLAN 信号强度满格。
12-17 19:31:42.512  1795  2671 D WifiStateMachine:  DefaultState CMD_SCREEN_STATE_CHANGED  rt=123015684/442838876 1 0
12-17 19:31:42.513  2852  2852 D NetWorkUtils: mVSimCurCardType is -1
12-17 19:31:42.513  1795  2671 W AlarmManager: Unrecognized alarm listener com.android.server.wifi.WifiConnectivityManager$3@bdcaf7b
12-17 19:31:42.513  1795  2671 E WifiScanner: listener cannot be found
12-17 19:31:42.513  1795  2671 D HwWifiConnectivityManager: handleScanCounterChanged,reason: 2, mHwSingleScanCounter: 0
12-17 19:31:42.514  1795  1795 D HwConnectivityService: mIntentReceiver begin
12-17 19:31:42.514  2852  2852 I HwSignalClusterView: apply hwPhoneState.mSubId:0 anyMobileVisible:false mIsAirplaneMode:false, mobileGroupVisible=true
12-17 19:31:42.514  1795  1795 D HwKeyguardManagerImpl: isLockScreenDisabled HwKeyguardManagerImpl result = false
12-17 19:31:42.514  2852  2852 I SignalClusterView: mWifiVisible is:truemWifiStrengthId is:2130839427mWifiDescription is:WLAN 信号强度满格。
12-17 19:31:42.514  1795  1795 D HwConnectivityService: CtrlSocket Receiver,disable: false locked: true action: android.intent.action.SCREEN_ON mSmartKeyguardLevel: normal_level mStartPowerSaving: false
12-17 19:31:42.514  1795  1795 D HwConnectivityService: CtrlSocket receive screen on intent!
12-17 19:31:42.514  1795  1795 D HwConnectivityService: CtrlSocket restoreScrOnStatus
12-17 19:31:42.514  1795  1795 D HwConnectivityService: pid=1000, cmd=100, param=0
12-17 19:31:42.514  1795  1795 D HwConnectivityService: mFilterMsgFlag: 0,msg.arg1: 3
12-17 19:31:42.514  1795  1795 D HwConnectivityService: CtrlSocket processCtrlSocket pid = 1000 cmd = 100 param = 0 ret = 0
12-17 19:31:42.514  1795  1795 D HwConnectivityService: CtrlSocket restoreScrOnStatus reset
12-17 19:31:42.514  2852  2852 D NetWorkUtils: mVSimCurCardType is -1
12-17 19:31:42.514  1795  2671 I AlarmManager: set(null) : type=2 triggerAtTime=442842152 win=0 tElapsed=442843878 maxElapsed=442843878 interval=0 flags=0x9
12-17 19:31:42.515  1795  2691 D HwConnectivityService: handleFilterMsg action: 3mFilterMsgFlag3
12-17 19:31:42.515  1795  2332 I qti_sensors_hal: [ACC]processReportInd: X: 6.180646 Y: 6.448233 Z: -0.837956  x_offset:0.160831 y_offset:0.184366 z_offset:0.985027
12-17 19:31:42.515  1795  2691 D HwConnectivityService: [tiger]setBastetFilterInfo action 3pid 1000
12-17 19:31:42.515  1795  2691 D HwConnectivityService: stopFilter m_filterIsStarted:false
12-17 19:31:42.515  2852  2852 I HwSignalClusterView: apply hwPhoneState.mSubId:0 anyMobileVisible:false mIsAirplaneMode:false, mobileGroupVisible=true
12-17 19:31:42.516  1795  1795 I NotificationManager: mIntentReceiver-ACTION_SCREEN_ON
12-17 19:31:42.516  1795  1795 I NotificationManager: updateLightsLocked,mInCall =true,mScreenOn = true,ledNotification == null?true
12-17 19:31:42.516  1795  1795 I NotificationManager: updateLightsLocked,turn off notificationLight
12-17 19:31:42.516  1795  1795 I Sensor  : turn off notificationLight due to incall or screenon
12-17 19:31:42.516  1795  1795 I Sensor  : updateLight --> mIsNotificationExisting: false ledOnMS: 0 ledOffMS :0
12-17 19:31:42.516  1795  1795 I Sensor  : updateLightsLocked --> level:78, status:3
12-17 19:31:42.516  1795  1795 I Sensor  : updateLightsLocked --> mBatteryLight.turnOff
12-17 19:31:42.517  1795  2671 D WifiStateMachine:  ConnectedState !CMD_ENABLE_RSSI_POLL  rt=123015688/442838880 1 0
12-17 19:31:42.517  1795  2671 D WifiStateMachine:  L2ConnectedState !CMD_ENABLE_RSSI_POLL  rt=123015688/442838880 1 0
12-17 19:31:42.517  1795  2671 D WifiHW  : wifi_send_command: cmd:'IFNAME=wlan0 SIGNAL_POLL'
12-17 19:31:42.517  5215  5215 D wpa_supplicant: wlan0: Control interface command 'SIGNAL_POLL'
12-17 19:31:42.518  1046  9753 V ThreadsEx: HDebug print the key screen_state
12-17 19:31:42.518  1046  9753 D audio_hw_primary: adev_set_parameters: enter: screen_state=on
12-17 19:31:42.518  1046  9753 I Huawei_audio_cust: huawei_audio huawei_choose_HandsFree_device_incall_forHWtest: test Type =4
12-17 19:31:42.518  1046  9753 I Huawei_audio_cust: huawei_audio huawei_choose_Handset_device_incall_forHWtest: test Type =4
12-17 19:31:42.518  1046  9753 I Huawei_audio_cust: get_spk_pa_type: pa is max98925
12-17 19:31:42.518  1046  9753 I Huawei_audio_cust: huawei_common_set_parameters: exit with code(0)
12-17 19:31:42.518  1046  9753 V Huawei_audio_cust: huawei_cust_set_parameters: exit with code(0)
12-17 19:31:42.518  1046  9753 V msm8916_platform: platform_set_parameters: enter: - screen_state=on
12-17 19:31:42.518  1046  9753 V msm8916_platform: platform_set_parameters: exit with code(0)
12-17 19:31:42.518  1046  9753 D audio_hw_extn: audio_extn_set_anc_parameters: anc_enabled:0
12-17 19:31:42.518  1046  9753 D audio_hw_spkr_prot: audio_extn_fbsp_set_parameters: Speaker protection disabled
12-17 19:31:42.518  1046  9753 V audio_hw_primary: adev_set_parameters: exit with code(0)
12-17 19:31:42.520  1795  1795 I AlarmManager: remove(PendingIntent{2f9e644: PendingIntentRecord{527f32d android broadcastIntent}}) changed bounds; rebatching
12-17 19:31:42.523  2852  2852 I SignalClusterView: applyIconTint ignore
12-17 19:31:42.523  1795  1795 D HwPFWLogger: PFW.HwPFWService:mBroadcastReceiver action = android.intent.action.SCREEN_ON
12-17 19:31:42.524  1795  2708 D HwPFWLogger: PFW.HwPFWService:handle PFW_MSG_SYSTEM
12-17 19:31:42.524  1795  2708 D HwPFWLogger: PFW.HwPFWAppRestartPolicy:receive action = android.intent.action.SCREEN_ON
12-17 19:31:42.525  1795  1795 D WifiService: onReceive, action:android.intent.action.SCREEN_ON
12-17 19:31:42.525  1795  2670 D WifiController: DeviceActiveState{ when=0 what=155650 target=com.android.internal.util.StateMachine$SmHandler }
12-17 19:31:42.525  1795  2670 D WifiController: StaEnabledState what=155650
12-17 19:31:42.525  1795  2670 D WifiController: DefaultState what=155650
12-17 19:31:42.525  1795  2670 I AlarmManager: remove(PendingIntent{50e3a01: PendingIntentRecord{a8130a6 android broadcastIntent}}) changed bounds; rebatching
12-17 19:31:42.526  1795  1795 D HwArpVerifier: startWifiRouteCheck
12-17 19:31:42.527  1795  1795 D WifiProStatisticsManager: sendScreenOnEvent enter.
12-17 19:31:42.528  1795  2733 D WiFi_PRO_WifiProStateMachine: device screen on,but isScreenOffMonitor is false
12-17 19:31:42.528  1795  2734 D WifiProStatisticsManager: msg Loop is running.
12-17 19:31:42.530  5215  5215 E wpa_supplicant: RSSI=-55;LINKSPEED=72;NOISE=9999;FREQUENCY=2452;
12-17 19:31:42.530  5215  5215 D wpa_supplicant: CTRL-DEBUG: global_ctrl_sock-sendto: sock=16 sndbuf=229376 outq=0 send_len=48
12-17 19:31:42.530  1795  2671 V HwWifiServiceFactory: get AllImpl object = com.android.server.wifi.HwWifiServiceFactoryImpl@c332618
12-17 19:31:42.530  1795  2671 E WifiConfigManager: updateConfiguration freq=2452 BSSID=80:38:bc:08:42:c1 RSSI=-54 "Huawei-Employee"WPA_EAP
12-17 19:31:42.530  1795  2671 D WifiStateMachine:  ConnectedState !CMD_SET_SUSPEND_OPT_ENABLED  rt=123015702/442838894 0 0
12-17 19:31:42.530  1795  2671 D WifiStateMachine:  L2ConnectedState !CMD_SET_SUSPEND_OPT_ENABLED  rt=123015702/442838894 0 0
12-17 19:31:42.530  1795  2671 D WifiStateMachine:  ConnectModeState !CMD_SET_SUSPEND_OPT_ENABLED  rt=123015702/442838894 0 0
12-17 19:31:42.530  1795  2671 D WifiStateMachine:  DriverStartedState !CMD_SET_SUSPEND_OPT_ENABLED  rt=123015702/442838894 0 0
12-17 19:31:42.530  1795  2671 D WifiHW  : wifi_send_command: cmd:'IFNAME=wlan0 DRIVER SETSUSPENDMODE 0'
12-17 19:31:42.531  5215  5215 D wpa_supplicant: wlan0: Control interface command 'DRIVER SETSUSPENDMODE 0'
12-17 19:31:42.532  1795  1795 I EyeProtectionControllerImpl: onReceive intent action = android.intent.action.SCREEN_ON
12-17 19:31:42.533  1795  2736 D HwInnerWifiManagerImpl: SupplicantState = COMPLETED
12-17 19:31:42.533  1795  2736 D HwInnerWifiManagerImpl: isPhoneAP = false
12-17 19:31:42.536  2883  2883 D HwKeyguardManagerImpl: isLockScreenDisabled HwKeyguardManagerImpl result = false
12-17 19:31:42.536  1795 15988 D PowerManagerService: acquire lock=184063844, flags=0x1, tag="NetworkStats", name=android, ws=null, uid=1000, pid=1795
12-17 19:31:42.537  1795 15988 D PowerManagerService: ready=true,policy=3,wakefulness=1,wksummary=0x11,uasummary=0x1,bootcompleted=true,boostinprogress=false,waitmodeenable=false,mode=true,manual=33,auto=-1,adj=0.0userId=0
12-17 19:31:42.537  1795 15988 D PowerManagerService: Acquiring suspend blocker "PowerManagerService.WakeLocks".
12-17 19:31:42.537  3218  3439 W PhoneInterfaceManager: shouldBlockLocation running ...
12-17 19:31:42.537  3218  3439 I PhoneInterfaceManager: shouldBlockLocation  ret:false
12-17 19:31:42.538  1795  2728 D HwArpVerifier: There are 1 mac address for gateway 
12-17 19:31:42.538  1795  2728 D HwArpVerifier: from HEART_CHECK transmit to state:HEART_CHECK
12-17 19:31:42.538  1795  2728 D HwArpVerifier: msg what=124 arg1(token)=1008 arg2(mode)=0 delay=30000
12-17 19:31:42.538  1795  2728 D HwArpVerifier: performPollAndLog:
12-17 19:31:42.540  1795 15988 D NetdConnector: SND -> {11596 bandwidth gettetherstats}
12-17 19:31:42.540  2883  2883 I HwSystemManager: AutoCleanReceiveServer:receive action:android.intent.action.SCREEN_ON
12-17 19:31:42.541  1795  2728 D hw_netstat: total/1833/795,com.huawei.espacev2/1654/736,unknown:0/179/59
12-17 19:31:42.541  1795  2736 E hwintelligencewifi: getCurrentCellid type type = PHONE_TYPE_GSM
12-17 19:31:42.541  1795  2665 D NetdConnector: RCV <- {200 11596 Tethering stats list completed}
12-17 19:31:42.541  1795  2736 E hwintelligencewifi: getCurrentCellid type is PHONE_TYPE_GSM
12-17 19:31:42.542  1795  2728 E HwCHRWebMonitor: WebMonitor [mNetWorkIsSuck=0 mUIDIsSuck=]  WebSpeed [WEBSENDSEGS=0  WEBRESENDSEGS=0  WEBRECVSEGS=0  WEBERRSEGS=0  WEBOUTRSTS=0  WEBESTABLISRST=0  WEBRTTDURATION=0  WEBRTTSEGS=0  WEBSRTT=250  WEBSNDDUPACKS=0  SENDSEGS=10  RESENDSEGS=0  RECVSEGS=8  ERRSEGS=0  OUTRSTS=0  ESTABLISRST=0  RTTDURATION=5  RTTSEGS=4  SNDDUPACKS=0  suckTimes=0 recovage_times=0]
12-17 19:31:42.542  1795  2728 E HwCHRWifiRSSIGroupSummery: updateTcpSummery mRSSI:-55  HwCHRWifiRSSIGroup [rssi_index=4, rtt_tcp_packets=64, rtt_tcp_duration=525, rtt_lan_duration=154, rtt_lan_failures=0, rtt_lan_succ=3, rtt_lan_max=124, rtt_lan_min=14,same_area_frequency=0,adjacent_area_frequency=0]
12-17 19:31:42.543  1795  2665 D NetdConnector: RCV <- {200 11596 Tethering stats list completed}
12-17 19:31:42.544  1795  2736 E hwintelligencewifi: getCurrentCellid PHONE_TYPE_GSM cellidString = 460003645
12-17 19:31:42.544  1795  2736 E hwintelligencewifi: updataApInfo cellid =460003645
12-17 19:31:42.544  1795  2736 E hwintelligencewifi: addCurrentApInfo cellid =460003645
12-17 19:31:42.545  3168  3168 I CHR_ChrDataServiceTracker: handledataswitchchanged
12-17 19:31:42.545  1795 15988 W NetworkStatsFactory: mStatsXtProcUid: /proc/net/comm/stats does not exist!
12-17 19:31:42.545  1795 15988 D HwNetworkStatsService: mActiveIface: null
