12-17 19:32:06.194  2852  2852 I BackgrounCallingLayout: mCallingStatusReceiver:onReceive::action=InCallScreenIsForegroundActivity, isForegroundActivity=true, mPhoneState=2
12-17 19:32:06.194  2852  2852 I BackgrounCallingLayout: updateCallLayout:isBackground=false, isInteractive=true
12-17 19:32:06.194  2852  2852 I HwPhoneStatusBar: mNotifyStateChangedReceiver::onReceive:action=InCallScreenIsForegroundActivity, mBackgroundState=false
12-17 19:32:06.197  1795 11745 D PowerManagerService: ready=false,policy=3,wakefulness=1,wksummary=0x11,uasummary=0x1,bootcompleted=true,boostinprogress=false,waitmodeenable=false,mode=true,manual=33,auto=-1,adj=0.0userId=0
12-17 19:32:06.198  1795  6986 D PowerManagerService: ready=false,policy=3,wakefulness=1,wksummary=0x11,uasummary=0x1,bootcompleted=true,boostinprogress=false,waitmodeenable=false,mode=true,manual=33,auto=-1,adj=0.0userId=0
12-17 19:32:06.199  1795  3884 D PowerManagerService: ready=false,policy=3,wakefulness=1,wksummary=0x11,uasummary=0x1,bootcompleted=true,boostinprogress=false,waitmodeenable=false,mode=true,manual=33,auto=-1,adj=0.0userId=0
12-17 19:32:06.200  1795 20747 D PowerManagerService: ready=false,policy=3,wakefulness=1,wksummary=0x11,uasummary=0x1,bootcompleted=true,boostinprogress=false,waitmodeenable=false,mode=true,manual=33,auto=-1,adj=0.0userId=0
12-17 19:32:06.201  1795  1821 I WindowManger_keyguard: Setting mDismissKeyguard true by win Window{e6a6b5e u0 com.android.incallui/com.android.incallui.InCallActivity}
12-17 19:32:06.205  1795  1795 I NotificationManager: cancelNotification,index:0
12-17 19:32:06.205  1795  1795 I NotificationManager: cancelNotification,cancelNotificationLocked,callingUid = 1001,callingPid = 3608
12-17 19:32:06.205  1795  1795 I NotificationManager: cancelNotificationLocked called,tell the app,reason = 8
12-17 19:32:06.205  1795  1795 I NotificationManager: cancelNotificationLocked:0|com.android.incallui|2|null|1001
12-17 19:32:06.205  1795  1795 I NotificationManager: cancelNotificationLocked,remove =com.android.incallui
12-17 19:32:06.218  1795  1795 I NotificationManager: updateLightsLocked,mInCall =true,mScreenOn = true,ledNotification == null?true
12-17 19:32:06.218  1795  1795 I NotificationManager: updateLightsLocked,turn off notificationLight
12-17 19:32:06.218  1795  1795 I Sensor  : turn off notificationLight due to incall or screenon
12-17 19:32:06.218  1795  1795 I Sensor  : updateLight --> mIsNotificationExisting: false ledOnMS: 0 ledOffMS :0
12-17 19:32:06.218  1795  1795 I Sensor  : updateLightsLocked --> level:78, status:3
12-17 19:32:06.218  1795  1795 I Sensor  : updateLightsLocked --> mBatteryLight.turnOff
12-17 19:32:06.218  1795  1795 D HwPFWLogger: PFW.HwPFWService:mBroadcastReceiver action = android.intent.action.SCREEN_ON
12-17 19:32:06.218  1795  2708 D HwPFWLogger: PFW.HwPFWService:handle PFW_MSG_SYSTEM
12-17 19:32:06.218  1795  2708 D HwPFWLogger: PFW.HwPFWAppRestartPolicy:receive action = android.intent.action.SCREEN_ON
12-17 19:32:06.219  1795  3238 D PowerManagerService: ready=false,policy=3,wakefulness=1,wksummary=0x11,uasummary=0x1,bootcompleted=true,boostinprogress=false,waitmodeenable=false,mode=true,manual=33,auto=-1,adj=0.0userId=0
12-17 19:32:06.220  3608  3608 D InCall  : InCallActivity - onResume()... end
12-17 19:32:06.220  3608  3608 I InCall  : VideoCallFragment - onResume
12-17 19:32:06.220  3608  3608 I InCall  : VideoCallPresenter - isVideoCallWorking, state is: 3
12-17 19:32:06.220  3608  3608 I InCall  : VideoCallFragment - onResume: Surface exist, resume videos
12-17 19:32:06.220  3608  3608 D InCall  : VideoCallPresenter - resumeVideo: Error bad state mPrimaryCall=[Call_10, ACTIVE, [Capabilities: CAPABILITY_HOLD CAPABILITY_SUPPORT_HOLD CAPABILITY_MUTE CAPABILITY_CANNOT_DOWNGRADE_VIDEO_TO_AUDIO], children:[], parent:null, conferenceable:[], videoState:Audio Only, mSessionModificationState:0, VideoSettings:(CameraDir:-1)] mVideoCall=null
12-17 19:32:06.221  3608  3608 I InCall  : VTCallButtonFragment - --- onResume ---
12-17 19:32:06.221  3608  3608 I ActivityManager_activity: Resuming ActivityRecord{fd45985 token=android.os.BinderProxy@af8ea9b {com.android.incallui/com.android.incallui.InCallActivity}} with isForward=true,forwardBitChanged=true onlyLocalRequest=false
12-17 19:32:06.221   832  1840 E Parcel  : Reading a NULL string not supported here.
12-17 19:32:06.221   832  1840 E Parcel  : Reading a NULL string not supported here.
12-17 19:32:06.222  1795  1795 D DeviceIdleController: updateDisplayLocked: screenOn=true
12-17 19:32:06.222  1795  1795 I DeviceIdleController: becomeActiveLocked, reason = screen
12-17 19:32:06.222  1795  1795 D WifiService: onReceive, action:android.intent.action.SCREEN_ON
12-17 19:32:06.222  1795  1821 I WindowManger_keyguard: Setting mDismissKeyguard true by win Window{e6a6b5e u0 com.android.incallui/com.android.incallui.InCallActivity}
12-17 19:32:06.222  1795  2670 D WifiController: DeviceActiveState{ when=0 what=155650 target=com.android.internal.util.StateMachine$SmHandler }
12-17 19:32:06.222  1795  2670 D WifiController: StaEnabledState what=155650
12-17 19:32:06.223  1795  2670 D WifiController: DefaultState what=155650
12-17 19:32:06.223  1795  2670 I AlarmManager: remove(PendingIntent{50e3a01: PendingIntentRecord{a8130a6 android broadcastIntent}}) changed bounds; rebatching
12-17 19:32:06.224  2852  2852 I StatusBar: onNotificationRemoved: StatusBarNotification(pkg=com.android.incallui user=UserHandle{0} id=2 tag=null key=0|com.android.incallui|2|null|1001: Notification(pri=2 contentView=null vibrate=null sound=null defaults=0x0 flags=0x2 color=0x00000000 actions=3 vis=PRIVATE publicVersion=Notification(pri=0 contentView=null vibrate=null sound=null defaults=0x0 flags=0x0 color=0xff33b5e5 vis=PRIVATE)))
12-17 19:32:06.224  3608  3608 I InCall  : CallList - hasAnyLiveCall call = [Call_10, ACTIVE, [Capabilities: CAPABILITY_HOLD CAPABILITY_SUPPORT_HOLD CAPABILITY_MUTE CAPABILITY_CANNOT_DOWNGRADE_VIDEO_TO_AUDIO], children:[], parent:null, conferenceable:[], videoState:Audio Only, mSessionModificationState:0, VideoSettings:(CameraDir:-1)]
12-17 19:32:06.224  2852  2852 I PhoneStatusBar: removeNotification:0|com.android.incallui|2|null|1001
12-17 19:32:06.224  3608  3608 I InCall  : ProximitySensor - isDisplayOn: true
12-17 19:32:06.224  2852  2852 I StatusBar: removeNotificationViews:0|com.android.incallui|2|null|1001
12-17 19:32:06.224  2852  2852 I NotificationGroupManager: onEntryRemoved:0|com.android.incallui|2|null|1001
12-17 19:32:06.224  2852  2852 I NotificationGroupManager: onEntryRemovedInternal:0|com.android.incallui|2|null|1001, group=0|com.android.incallui|2|null|1001
12-17 19:32:06.225  2852  2852 I NotificationGroupManager: summary = null
12-17 19:32:06.225  2852  2852 I HwPhoneStatusBar: updateNotificationShade
12-17 19:32:06.225  2852  2852 I PhoneStatusBar: updateNotificationShade
12-17 19:32:06.225  3180  3332 I ScenarioAction: new ScenarioAction sPoolSize: 0
12-17 19:32:06.225  1795  1795 D HwArpVerifier: startWifiRouteCheck
12-17 19:32:06.226  2852  2852 I PhoneStatusBar: removeNotificationChildren
12-17 19:32:06.226  1795 11745 I qti_sensors_hal: flush,395,handle 0
12-17 19:32:06.226  1795 11745 I qti_sensors_hal: flush,260 handle 0
12-17 19:32:06.227  1795 11745 I NotificationManager: onNotificationExpansionChanged called
12-17 19:32:06.227  2852  2852 I HwNotificationIconAreaController: showNotificationAll
12-17 19:32:06.228  1795  1795 D WifiProStatisticsManager: sendScreenOnEvent enter.
12-17 19:32:06.228  1795  2734 D WifiProStatisticsManager: msg Loop is running.
12-17 19:32:06.228  1795  2733 D WiFi_PRO_WifiProStateMachine: device screen on,but isScreenOffMonitor is false
12-17 19:32:06.229  2852  2852 I StackScrollAlgorithm: updateClipping isOverlap:false
12-17 19:32:06.229  2852  2852 I StackScrollAlgorithm: updateDimmedActivatedHideSensitive overlap:false
12-17 19:32:06.234  2852  2852 I ActivatableNotificationView: setOverlap mOverlap:false, mDimmed:false
12-17 19:32:06.235  1795  1795 I EyeProtectionControllerImpl: onReceive intent action = android.intent.action.SCREEN_ON
12-17 19:32:06.237  3218  3218 E HW-JPEG-DEC: [HME_JPEG_DEC_Delete](3298): HME_JPEG_DEC_Delete: decoder_ctx=null
12-17 19:32:06.239  1795  1821 I WindowManger_keyguard: Setting mDismissKeyguard true by win Window{e6a6b5e u0 com.android.incallui/com.android.incallui.InCallActivity}
12-17 19:32:06.239  1795  2736 D HwInnerWifiManagerImpl: SupplicantState = COMPLETED
12-17 19:32:06.239  1795  2736 D HwInnerWifiManagerImpl: isPhoneAP = false
12-17 19:32:06.243  2883  2883 D HwKeyguardManagerImpl: isLockScreenDisabled HwKeyguardManagerImpl result = false
12-17 19:32:06.245  1795 11746 D PowerManagerService: acquire lock=184063844, flags=0x1, tag="NetworkStats", name=android, ws=null, uid=1000, pid=1795
12-17 19:32:06.245  1795 11746 D PowerManagerService: ready=false,policy=3,wakefulness=1,wksummary=0x11,uasummary=0x1,bootcompleted=true,boostinprogress=false,waitmodeenable=false,mode=true,manual=33,auto=-1,adj=0.0userId=0
12-17 19:32:06.247  1795  3139 I WindowManger_keyguard: Setting mDismissKeyguard true by win Window{e6a6b5e u0 com.android.incallui/com.android.incallui.InCallActivity}
12-17 19:32:06.248  1795 11746 D NetdConnector: SND -> {11612 bandwidth gettetherstats}
12-17 19:32:06.248  3218  3236 W PhoneInterfaceManager: shouldBlockLocation running ...
12-17 19:32:06.248  3218  3236 I PhoneInterfaceManager: shouldBlockLocation  ret:false
12-17 19:32:06.250  1795  2665 D NetdConnector: RCV <- {200 11612 Tethering stats list completed}
12-17 19:32:06.250  2883  2883 I HwSystemManager: AutoCleanReceiveServer:receive action:android.intent.action.SCREEN_ON
12-17 19:32:06.251  1795  2665 D NetdConnector: RCV <- {200 11612 Tethering stats list completed}
12-17 19:32:06.252  1795  2736 E hwintelligencewifi: getCurrentCellid type type = PHONE_TYPE_GSM
12-17 19:32:06.252  1795  2736 E hwintelligencewifi: getCurrentCellid type is PHONE_TYPE_GSM
12-17 19:32:06.253  1795 11746 W NetworkStatsFactory: mStatsXtProcUid: /proc/net/comm/stats does not exist!
12-17 19:32:06.253  1795 11746 D HwNetworkStatsService: mActiveIface: null
12-17 19:32:06.254  3168  3168 I CHR_ChrDataServiceTracker: handledataswitchchanged
12-17 19:32:06.254  1795  2736 E hwintelligencewifi: getCurrentCellid PHONE_TYPE_GSM cellidString = 460003645
12-17 19:32:06.254  1795  2736 E hwintelligencewifi: updataApInfo cellid =460003645
12-17 19:32:06.254  1795  2736 E hwintelligencewifi: addCurrentApInfo cellid =460003645
12-17 19:32:06.254  1795 11746 I SendBroadcastPermission: action:com.android.server.action.NETWORK_STATS_UPDATED, mPermissionType:0
12-17 19:32:06.256  1795  3077 D GnssLocationProvider: receive broadcast intent, action: android.intent.action.SCREEN_ON
12-17 19:32:06.256  1795 11746 I HwActivityManagerService: Split enqueueing broadcast [callerApp]:ProcessRecord{34bf34f 0:system/1000}
12-17 19:32:06.256  1795  3077 I GnssLocationProvider: updateLowPowerMode,isPowerSaveMode:falseisInteractive:true
12-17 19:32:06.256  1795 11746 D PowerManagerService: release:lock=184063844, flg=0x0, tag="NetworkStats", name=android", ws=null, uid=1000, pid=1795
12-17 19:32:06.256  1795 11746 D PowerManagerService: ready=false,policy=3,wakefulness=1,wksummary=0x11,uasummary=0x1,bootcompleted=true,boostinprogress=false,waitmodeenable=false,mode=true,manual=33,auto=-1,adj=0.0userId=0
12-17 19:32:06.257  1795  3077 I GnssLocationProvider: disableGps:false  isEnabled()=true
12-17 19:32:06.260  2883  3040 E HwSystemManager: TrafficNotifyAfterLocked:screen notification will not notify
12-17 19:32:06.263  3608  3608 D InCall  : CallCardFragment - onGlobalLayout
12-17 19:32:06.265  1795  1821 I ActivityManager_activity: Incall is gone
12-17 19:32:06.265  1795  1821 I ActivityManager_activity: windowsGone(): ActivityRecord{b46dc67 u0 com.android.incallui/.InCallActivity t310}
12-17 19:32:06.267  2852  3556 I NetworkController.MobileSignalController(0): onDataActivity: direction=0
12-17 19:32:06.268  2852  3556 D NetworkController.MobileSignalController(0): mSimSubId:0 onDataActivity: direction=0
12-17 19:32:06.269  2852  3556 I NetworkController.MobileSignalController(0): onDataActivity: direction=0
