12-17 19:32:30.171  1046  9752 I Huawei_audio_cust: huawei_audio huawei_choose_Handset_device_incall_forHWtest: test Type =4
12-17 19:32:30.171  1046  9752 I Huawei_audio_cust: get_spk_pa_type: pa is max98925
12-17 19:32:30.171  1046  9752 I Huawei_audio_cust: huawei_common_set_parameters: exit with code(0)
12-17 19:32:30.171  1046  9752 V Huawei_audio_cust: huawei_cust_set_parameters: exit with code(0)
12-17 19:32:30.171  1046  9752 V msm8916_platform: platform_set_parameters: enter: - screen_state=on
12-17 19:32:30.171  1046  9752 V msm8916_platform: platform_set_parameters: exit with code(0)
12-17 19:32:30.171  1046  9752 D audio_hw_extn: audio_extn_set_anc_parameters: anc_enabled:0
12-17 19:32:30.171  1046  9752 D audio_hw_spkr_prot: audio_extn_fbsp_set_parameters: Speaker protection disabled
12-17 19:32:30.171  1046  9752 V audio_hw_primary: adev_set_parameters: exit with code(0)
12-17 19:32:30.171  1795 16501 D PowerManagerService: ready=false,policy=3,wakefulness=1,wksummary=0x11,uasummary=0x1,bootcompleted=true,boostinprogress=false,waitmodeenable=false,mode=true,manual=33,auto=-1,adj=0.0userId=0
12-17 19:32:30.172  1795 11745 D PowerManagerService: ready=false,policy=3,wakefulness=1,wksummary=0x11,uasummary=0x1,bootcompleted=true,boostinprogress=false,waitmodeenable=false,mode=true,manual=33,auto=-1,adj=0.0userId=0
12-17 19:32:30.173  3608  3608 E HW-JPEG-DEC: [HME_JPEG_DEC_Delete](3298): HME_JPEG_DEC_Delete: decoder_ctx=null
12-17 19:32:30.173  3608  3608 E HW-JPEG-DEC: [HME_JPEG_DEC_Delete](3298): HME_JPEG_DEC_Delete: decoder_ctx=null
12-17 19:32:30.174  1795  1795 I NotificationManager: cancelNotification,index:0
12-17 19:32:30.174  3608  3608 E HW-JPEG-DEC: [HME_JPEG_DEC_Delete](3298): HME_JPEG_DEC_Delete: decoder_ctx=null
12-17 19:32:30.174  1795  1795 I NotificationManager: cancelNotification,cancelNotificationLocked,callingUid = 1001,callingPid = 3608
12-17 19:32:30.174  1795  1795 I NotificationManager: cancelNotificationLocked called,tell the app,reason = 8
12-17 19:32:30.174  1795 16498 D PowerManagerService: ready=false,policy=3,wakefulness=1,wksummary=0x11,uasummary=0x1,bootcompleted=true,boostinprogress=false,waitmodeenable=false,mode=true,manual=33,auto=-1,adj=0.0userId=0
12-17 19:32:30.174  1795  1795 I NotificationManager: cancelNotificationLocked:0|com.android.incallui|2|null|1001
12-17 19:32:30.174  1795  1795 I NotificationManager: cancelNotificationLocked,remove =com.android.incallui
12-17 19:32:30.175  3608  3608 E HW-JPEG-DEC: [HME_JPEG_DEC_Delete](3298): HME_JPEG_DEC_Delete: decoder_ctx=null
12-17 19:32:30.175  1795  1795 I NotificationManager: updateLightsLocked,mInCall =true,mScreenOn = true,ledNotification == null?true
12-17 19:32:30.175  1795  1795 I NotificationManager: updateLightsLocked,turn off notificationLight
12-17 19:32:30.175  1795  1795 I Sensor  : turn off notificationLight due to incall or screenon
12-17 19:32:30.175  1795  1795 I Sensor  : updateLight --> mIsNotificationExisting: false ledOnMS: 0 ledOffMS :0
12-17 19:32:30.175  1795  1795 I Sensor  : updateLightsLocked --> level:78, status:3
12-17 19:32:30.175  1795  1795 I Sensor  : updateLightsLocked --> mBatteryLight.turnOff
12-17 19:32:30.176  1795  1795 I AlarmManager: remove(PendingIntent{2f9e644: PendingIntentRecord{527f32d android broadcastIntent}}) changed bounds; rebatching
12-17 19:32:30.178  3608  3608 D InCall  : InCallActivity - onResume()... end
12-17 19:32:30.179  3608  3608 I InCall  : VideoCallFragment - onResume
12-17 19:32:30.179  3608  3608 I InCall  : VideoCallPresenter - isVideoCallWorking, state is: 3
12-17 19:32:30.179  3608  3608 I InCall  : VideoCallFragment - onResume: Surface exist, resume videos
12-17 19:32:30.179  3608  3608 D InCall  : VideoCallPresenter - resumeVideo: Error bad state mPrimaryCall=[Call_10, ACTIVE, [Capabilities: CAPABILITY_HOLD CAPABILITY_SUPPORT_HOLD CAPABILITY_MUTE CAPABILITY_CANNOT_DOWNGRADE_VIDEO_TO_AUDIO], children:[], parent:null, conferenceable:[], videoState:Audio Only, mSessionModificationState:0, VideoSettings:(CameraDir:-1)] mVideoCall=null
12-17 19:32:30.179  3608  3608 I InCall  : VTCallButtonFragment - --- onResume ---
12-17 19:32:30.179   832   832 E Parcel  : Reading a NULL string not supported here.
12-17 19:32:30.179   832   832 E Parcel  : Reading a NULL string not supported here.
12-17 19:32:30.180  3858  4126 I amsnl   : csr
12-17 19:32:30.181  1795  1806 I SendBroadcastPermission: action:android.intent.action.SIG_STR, mPermissionType:0
12-17 19:32:30.181  3858  4126 I amsnl   : t:false, fl: false, p: 2147483647000, ce: true, we: true
12-17 19:32:30.181  3608  3608 I ActivityManager_activity: Resuming ActivityRecord{fd45985 token=android.os.BinderProxy@af8ea9b {com.android.incallui/com.android.incallui.InCallActivity}} with isForward=true,forwardBitChanged=true onlyLocalRequest=false
12-17 19:32:30.182  1795  1821 I WindowManger_keyguard: Setting mDismissKeyguard true by win Window{e6a6b5e u0 com.android.incallui/com.android.incallui.InCallActivity}
12-17 19:32:30.182  1795  1795 D DeviceIdleController: updateDisplayLocked: screenOn=true
12-17 19:32:30.182  1795  1795 I DeviceIdleController: becomeActiveLocked, reason = screen
12-17 19:32:30.182  1795  1795 D HwPFWLogger: PFW.HwPFWService:mBroadcastReceiver action = android.intent.action.SCREEN_ON
12-17 19:32:30.183  1795  3238 D wifiserviceimpl: netmask =16580607
12-17 19:32:30.183  3858  4126 I amsnl   : m1: false
12-17 19:32:30.184  1795 20747 W ActivityManager: getRunningAppProcesses: caller 10009 does not hold REAL_GET_TASKS; limiting output
12-17 19:32:30.184  2852  3556 I NetworkController.MobileSignalController(0): onSignalStrengthsChanged signalStrength=SignalStrength: -65 0 -1 255 -1 255 -1 255 255 99 2147483647 2147483647 2147483647 2147483647 2147483647 false gw|lte level=5 isSuspend=false levelOld=5,mSignalStrength level=5
12-17 19:32:30.184  2852  2914 I HwMobileSignalController: updateSignalStrength: signalStrength=SignalStrength: -65 0 -1 255 -1 255 -1 255 255 99 2147483647 2147483647 2147483647 2147483647 2147483647 false gw|lte
12-17 19:32:30.184  1795  2708 D HwPFWLogger: PFW.HwPFWService:handle PFW_MSG_SYSTEM
12-17 19:32:30.185  1795  2708 D HwPFWLogger: PFW.HwPFWAppRestartPolicy:receive action = android.intent.action.SCREEN_ON
12-17 19:32:30.185  1795  1795 I MQoS    : onSignal: mSubId=0,currDataSubID=0
12-17 19:32:30.186  1795  1795 I MQoS    : received cell-signal:5
12-17 19:32:30.186  1795  1795 D WifiService: onReceive, action:android.intent.action.SCREEN_ON
12-17 19:32:30.186  3858  4126 I amsnl   : m2: false, m3: false
12-17 19:32:30.186  3180  3332 I ScenarioAction: new ScenarioAction sPoolSize: 0
12-17 19:32:30.186  3858  4126 I amsnl   : c: true, w: true, t: false, l: false
12-17 19:32:30.186  1795  2670 D WifiController: DeviceActiveState{ when=0 what=155650 target=com.android.internal.util.StateMachine$SmHandler }
12-17 19:32:30.186  1795  2670 D WifiController: StaEnabledState what=155650
12-17 19:32:30.186  1795  2670 D WifiController: DefaultState what=155650
12-17 19:32:30.186  1795  2670 I AlarmManager: remove(PendingIntent{50e3a01: PendingIntentRecord{a8130a6 android broadcastIntent}}) changed bounds; rebatching
12-17 19:32:30.187  2852  2852 I StatusBar: onNotificationRemoved: StatusBarNotification(pkg=com.android.incallui user=UserHandle{0} id=2 tag=null key=0|com.android.incallui|2|null|1001: Notification(pri=2 contentView=null vibrate=null sound=null defaults=0x0 flags=0x2 color=0x00000000 actions=3 vis=PRIVATE publicVersion=Notification(pri=0 contentView=null vibrate=null sound=null defaults=0x0 flags=0x0 color=0xff33b5e5 vis=PRIVATE)))
12-17 19:32:30.188  2852  2852 I PhoneStatusBar: removeNotification:0|com.android.incallui|2|null|1001
12-17 19:32:30.188  2852  2852 I StatusBar: removeNotificationViews:0|com.android.incallui|2|null|1001
12-17 19:32:30.188  2852  2852 I NotificationGroupManager: onEntryRemoved:0|com.android.incallui|2|null|1001
12-17 19:32:30.188  2852  2852 I NotificationGroupManager: onEntryRemovedInternal:0|com.android.incallui|2|null|1001, group=0|com.android.incallui|2|null|1001
12-17 19:32:30.188  2852  2852 I NotificationGroupManager: summary = null
12-17 19:32:30.188  2852  2852 I HwPhoneStatusBar: updateNotificationShade
12-17 19:32:30.188  2852  2852 I PhoneStatusBar: updateNotificationShade
12-17 19:32:30.188  2852  2914 I HwMobileSignalController: subId:0 phoneType:1 networktype:16 targetClass:1 masterLevel:5 slaveLevel:-1
12-17 19:32:30.188  1795  1795 D HwArpVerifier: startWifiRouteCheck
12-17 19:32:30.189  2852  2852 I PhoneStatusBar: removeNotificationChildren
12-17 19:32:30.190  2852  2852 I HwNotificationIconAreaController: showNotificationAll
12-17 19:32:30.191  3608  3608 I InCall  : CallList - hasAnyLiveCall call = [Call_10, ACTIVE, [Capabilities: CAPABILITY_HOLD CAPABILITY_SUPPORT_HOLD CAPABILITY_MUTE CAPABILITY_CANNOT_DOWNGRADE_VIDEO_TO_AUDIO], children:[], parent:null, conferenceable:[], videoState:Audio Only, mSessionModificationState:0, VideoSettings:(CameraDir:-1)]
12-17 19:32:30.191  3608  3608 I InCall  : ProximitySensor - isDisplayOn: true
12-17 19:32:30.191  1795  1795 D WifiProStatisticsManager: sendScreenOnEvent enter.
12-17 19:32:30.191  1795  1806 I NotificationManager: onNotificationExpansionChanged called
12-17 19:32:30.191  1795  2733 D WiFi_PRO_WifiProStateMachine: device screen on,but isScreenOffMonitor is false
12-17 19:32:30.191  2852  2852 I StackScrollAlgorithm: updateClipping isOverlap:false
12-17 19:32:30.192  2852  2852 I StackScrollAlgorithm: updateDimmedActivatedHideSensitive overlap:false
12-17 19:32:30.192  2852  2852 I ActivatableNotificationView: setOverlap mOverlap:false, mDimmed:false
12-17 19:32:30.192  1795 16498 I qti_sensors_hal: flush,395,handle 0
12-17 19:32:30.192  1795 16498 I qti_sensors_hal: flush,260 handle 0
12-17 19:32:30.193  1795  2734 D WifiProStatisticsManager: msg Loop is running.
12-17 19:32:30.198  1795 20747 I WindowManger_keyguard: Setting mDismissKeyguard true by win Window{e6a6b5e u0 com.android.incallui/com.android.incallui.InCallActivity}
12-17 19:32:30.200  1795  1795 I EyeProtectionControllerImpl: onReceive intent action = android.intent.action.SCREEN_ON
12-17 19:32:30.202  1795  2736 D HwInnerWifiManagerImpl: SupplicantState = COMPLETED
12-17 19:32:30.202  1795  2736 D HwInnerWifiManagerImpl: isPhoneAP = false
12-17 19:32:30.203  1795 16500 D PowerManagerService: ready=false,policy=3,wakefulness=1,wksummary=0x11,uasummary=0x1,bootcompleted=true,boostinprogress=false,waitmodeenable=false,mode=true,manual=33,auto=-1,adj=0.0userId=0
12-17 19:32:30.206  2883  2883 D HwKeyguardManagerImpl: isLockScreenDisabled HwKeyguardManagerImpl result = false
12-17 19:32:30.207  1795  3111 D PowerManagerService: acquire lock=184063844, flags=0x1, tag="NetworkStats", name=android, ws=null, uid=1000, pid=1795
12-17 19:32:30.207  1795  3111 D PowerManagerService: ready=false,policy=3,wakefulness=1,wksummary=0x11,uasummary=0x1,bootcompleted=true,boostinprogress=false,waitmodeenable=false,mode=true,manual=33,auto=-1,adj=0.0userId=0
12-17 19:32:30.208  3218  3422 W PhoneInterfaceManager: shouldBlockLocation running ...
12-17 19:32:30.208  3218  3422 I PhoneInterfaceManager: shouldBlockLocation  ret:false
12-17 19:32:30.210  1795  3111 D NetdConnector: SND -> {11618 bandwidth gettetherstats}
12-17 19:32:30.210  3218  3218 E HW-JPEG-DEC: [HME_JPEG_DEC_Delete](3298): HME_JPEG_DEC_Delete: decoder_ctx=null
12-17 19:32:30.211  1795  2665 D NetdConnector: RCV <- {200 11618 Tethering stats list completed}
12-17 19:32:30.212  1795  2665 D NetdConnector: RCV <- {200 11618 Tethering stats list completed}
12-17 19:32:30.213  1795  1821 I WindowManger_keyguard: Setting mDismissKeyguard true by win Window{e6a6b5e u0 com.android.incallui/com.android.incallui.InCallActivity}
12-17 19:32:30.213  3608  3608 D InCall  : CallCardFragment - onGlobalLayout
