12-17 19:40:29.244  4492  4492 V AudioManager: isBluetoothScoOn...
12-17 19:40:29.244  4492  4492 V AudioManager: isBluetoothScoOn...
12-17 19:40:29.245  4492  4492 V AudioManager: getMode...
12-17 19:40:29.245  4492  4492 V AudioManager: isSpeakerphoneOn...
12-17 19:40:29.245  4492  4492 V AudioManager: isBluetoothScoOn...
12-17 19:40:29.247  1795  3225 V SecInputMethodManagerService: Client requesting input be hidden, pid=4492
12-17 19:40:29.247  1795 16501 V InputMethodManagerService: Client requesting input be hidden, pid=4492
12-17 19:40:29.256  4492  4492 I SendBroadcastPermission: action:com.tencent.mm.ui.ACTION_ACTIVE, mPermissionType:0
12-17 19:40:29.257  1795 16498 I HwActivityManagerService: keyAppBroadcastQueueForIntent intent Intent { act=com.tencent.mm.ui.ACTION_ACTIVE flg=0x10 (has extras) } on bgkeyapp queue
12-17 19:40:29.258  4492  4492 I SendBroadcastPermission: action:com.tencent.mm.ui.ACTION_ACTIVE, mPermissionType:0
12-17 19:40:29.259  1795  3139 I HwActivityManagerService: keyAppBroadcastQueueForIntent intent Intent { act=com.tencent.mm.ui.ACTION_ACTIVE flg=0x10 (has extras) } on bgkeyapp queue
12-17 19:40:29.260  4492  4492 D KeyEvent: obtain, mHwFlags=3
12-17 19:40:29.261  4492  4492 I Choreographer: Skipped 32 frames!  The application may be doing too much work on its main thread.
12-17 19:40:29.263  4690  4690 D KeyEvent: obtain, mHwFlags=-1291845632
12-17 19:40:29.277  1795  3884 I ActivityManager: moveTaskToBack: TaskRecord{926b055 #383 A=com.tencent.mm U=0 StackId=1 sz=1}
12-17 19:40:29.277  1795  3884 I ActivityManager_activity: inValidate task: TaskRecord{35d0d96 #359 A=com.tencent.mm U=0 StackId=1 sz=0}
12-17 19:40:29.279  1795  3884 I WindowManger_windowChange: oldFocusWindow: Window{4e22340 u0 com.tencent.mm/com.tencent.mm.ui.LauncherUI}, currentFocusWindow: null, currentFocusApp: AppWindowToken{b6efcd1 token=Token{a978b5b ActivityRecord{5f12a6a u0 com.tencent.mm/.ui.LauncherUI t383}}}
12-17 19:40:29.282  1795  3884 I ActivityManager_activity: moveTaskToBack, setTaskToReturnTo: taskToReturnTo=1numTasks=7,isOnHomeDisplay=true,isOverHomeStack=true, prevIsHome=true
12-17 19:40:29.282  1795  3884 I ActivityManager_activity: moveTaskToBack, resuming home stack
12-17 19:40:29.282  1795  3884 I ActivityManager_activity: insertTaskAtTop, setTaskToReturnTo: fromHome=false,lastStackTop=TaskRecord{fcfa908 #384 A=com.android.browser U=0 StackId=1 sz=1}, isHomeStack=true, topTask=TaskRecord{37babfb #297 A=com.huawei.android.launcher U=0 StackId=0 sz=1}, task=TaskRecord{37babfb #297 A=com.huawei.android.launcher U=0 StackId=0 sz=1}
12-17 19:40:29.284  1795  3884 V HwWindowManagerService: moveTaskToTop mTaskChanged:true
12-17 19:40:29.284  1795  3884 V HwWindowManagerService: setFocusedApp update app ops, mTaskChanged set to:false
12-17 19:40:29.285  1795  3884 I FreezeScreenScene: scheduleCheckFreezeScreen sendMessageDelayed
12-17 19:40:29.285  1795  3884 I ActivityManager_activity: Start pausing: ActivityRecord{5f12a6a u0 com.tencent.mm/.ui.LauncherUI t383}
12-17 19:40:29.285  1795  3884 D PowerManagerService: acquire lock=230301592, flags=0x1, tag="*launch*", name=android, ws=WorkSource{10061}, uid=1000, pid=1795
12-17 19:40:29.285  1795  3884 D PowerManagerService: ready=true,policy=3,wakefulness=1,wksummary=0x1,uasummary=0x1,bootcompleted=true,boostinprogress=false,waitmodeenable=false,mode=true,manual=33,auto=-1,adj=0.0userId=0
12-17 19:40:29.285  1795  3884 D PowerManagerService: Acquiring suspend blocker "PowerManagerService.WakeLocks".
12-17 19:40:29.286  1795  3884 I ActivityManager_activity: resumeTopActivityLocked: Skip resume: need to start pausing
12-17 19:40:29.288  4492  4492 D KeyEvent: obtain, mHwFlags=3
12-17 19:40:29.288  4690  4690 D KeyEvent: obtain, mHwFlags=-1291845632
12-17 19:40:29.297  4492  4492 I 2DSDR   : APS: 2DSDR: AbsListView.FlingRunnable.endFling, we will clear SDR ratio
12-17 19:40:29.299  4492  4492 I 2DSDR   : APS: 2DSDR: AbsListView.FlingRunnable.endFling, we will clear SDR ratio
12-17 19:40:29.300  4492  4492 I SendBroadcastPermission: action:com.tencent.mm.ui.ACTION_DEACTIVE, mPermissionType:0
12-17 19:40:29.300  1795  2396 I HwActivityManagerService: keyAppBroadcastQueueForIntent intent Intent { act=com.tencent.mm.ui.ACTION_DEACTIVE flg=0x10 (has extras) } on bgkeyapp queue
12-17 19:40:29.301  4492  4492 I SendBroadcastPermission: action:com.tencent.mm.ui.ACTION_DEACTIVE, mPermissionType:0
12-17 19:40:29.302  1795  6986 I HwActivityManagerService: keyAppBroadcastQueueForIntent intent Intent { act=com.tencent.mm.ui.ACTION_DEACTIVE flg=0x10 (has extras) } on bgkeyapp queue
12-17 19:40:29.303  1795 16232 V SecInputMethodManagerService: Client requesting input be hidden, pid=4492
12-17 19:40:29.304  1795 17832 V InputMethodManagerService: Client requesting input be hidden, pid=4492
12-17 19:40:29.304  4492  4492 I SendBroadcastPermission: action:com.tencent.mm.ui.ACTION_DEACTIVE, mPermissionType:0
12-17 19:40:29.305  1795 20747 I HwActivityManagerService: keyAppBroadcastQueueForIntent intent Intent { act=com.tencent.mm.ui.ACTION_DEACTIVE flg=0x10 (has extras) } on bgkeyapp queue
12-17 19:40:29.305  4492  4492 I SendBroadcastPermission: action:com.tencent.mm.ui.ACTION_DEACTIVE, mPermissionType:0
12-17 19:40:29.306  1795  3238 I HwActivityManagerService: keyAppBroadcastQueueForIntent intent Intent { act=com.tencent.mm.ui.ACTION_DEACTIVE flg=0x10 (has extras) } on bgkeyapp queue
12-17 19:40:29.309  4492  4492 I SendBroadcastPermission: action:com.tencent.mm.ui.ACTION_DEACTIVE, mPermissionType:0
12-17 19:40:29.310  1795 16499 I HwActivityManagerService: keyAppBroadcastQueueForIntent intent Intent { act=com.tencent.mm.ui.ACTION_DEACTIVE flg=0x10 (has extras) } on bgkeyapp queue
12-17 19:40:29.312  1795  1805 I ActivityManager_activity: Moving to PAUSED: ActivityRecord{5f12a6a u0 com.tencent.mm/.ui.LauncherUI t383} (pause complete)
12-17 19:40:29.313   533  3739 E ANDR-PERF-MPCTL: Invalid profile no. 0, total profiles 0 only
12-17 19:40:29.325  1795  1805 I WindowManager: Taking screenshot from Surface with crop:[Rect(0, 72 - 1080, 1800)], width:[648], height:[1036], minLayer:[21005], maxLayer:[21005], inRotation:[false], rot:[0]
12-17 19:40:29.342  1795  1795 I MQoS    : onSignal: mSubId=0,currDataSubID=0
12-17 19:40:29.342  1795  1795 I MQoS    : received cell-signal:5
12-17 19:40:29.342  1795  3121 I SendBroadcastPermission: action:android.intent.action.SIG_STR, mPermissionType:0
12-17 19:40:29.342  2852  3556 I NetworkController.MobileSignalController(0): onSignalStrengthsChanged signalStrength=SignalStrength: -1 0 -1 255 -1 255 -1 255 255 27 -84 -7 296 2147483647 2147483647 false gw|lte level=5 isSuspend=false levelOld=5,mSignalStrength level=5
12-17 19:40:29.342  2852  2914 I HwMobileSignalController: updateSignalStrength: signalStrength=SignalStrength: -1 0 -1 255 -1 255 -1 255 255 27 -84 -7 296 2147483647 2147483647 false gw|lte
12-17 19:40:29.342  3858  4126 I amsnl   : csr
12-17 19:40:29.343  3858  4126 I amsnl   : t:false, fl: false, p: 2147483647000, ce: true, we: true
12-17 19:40:29.345  1795  3111 D wifiserviceimpl: netmask =16580607
12-17 19:40:29.345  3858  4126 I amsnl   : m1: false
12-17 19:40:29.346  2852  2914 I HwMobileSignalController: subId:0 phoneType:1 networktype:13 targetClass:3 masterLevel:5 slaveLevel:-1
12-17 19:40:29.348  1795 16498 W ActivityManager: getRunningAppProcesses: caller 10009 does not hold REAL_GET_TASKS; limiting output
12-17 19:40:29.353  1795  1805 I ActivityManager_activity: completedResumed: ActivityRecord{930e418 u0 com.huawei.android.launcher/.unihome.UniHomeLauncher t297}, launchTrack: activityPaused resumeTopComplete
12-17 19:40:29.355  3180  3578 D HwMultiWindowEx: isInMultiWindowMode ret: 0
12-17 19:40:29.355  3180  3578 I ash     : running package: com.tencent.mm, visible: false
12-17 19:40:29.356  3180  3593 I BacklightControl: Ratio: 100 Auto: false
12-17 19:40:29.356  1795  3884 I LightsService: setLcdRatio ratio:100 autoAdjust:false
12-17 19:40:29.357  1795  3884 D HW_DISPLAY_EFFECT: presently, hw_update_color_temp_for_rg_led interface not achieved.
12-17 19:40:29.359  3879  3879 I HwLauncher: Launcher onStart()
12-17 19:40:29.359  3879  3879 I HwLauncher: Launcher dynamicIconsRegister
12-17 19:40:29.359  3879  3879 I HwLauncher: DynamicUpdater registerReceiver
12-17 19:40:29.360  2883  2992 I HwSystemManager: NotificationGuideService:handle MSG_ACTIVIY_FOREGROUND, uid:10061
12-17 19:40:29.361  3879  3879 I HwLauncher: DynamicUpdater call updateFolder
12-17 19:40:29.361  3879  3879 I HwLauncher: DynamicIcon onResume  isvisible = false   mAttachedToWindow:true    mWindowVisible:falsecom.android.deskclock
12-17 19:40:29.361  3879  3879 I HwLauncher: DynamicUpdater registerReceiver
12-17 19:40:29.361  1795  1809 I MultiTaskManagerService: onForegroundActivitiesChanged pid = 3879, uid = 10061
12-17 19:40:29.361  3879  4071 E HwLauncher: SettingsEx , no such field.
12-17 19:40:29.361  3879  4071 W HwLauncher: Clock getDataFormat the getSystemString failed.
12-17 19:40:29.362  3879  3879 I HwLauncher: DynamicUpdater call updateFolder
12-17 19:40:29.362  3879  3879 I HwLauncher: DynamicIcon onResume  isvisible = false   mAttachedToWindow:true    mWindowVisible:falsecom.android.calendar
12-17 19:40:29.362  3879  3879 I HwLauncher: DynamicUpdater registerReceiver
12-17 19:40:29.362  3180  3578 I ThermalStateManager: handle action thermal policy:208
12-17 19:40:29.363  3858  4126 I amsnl   : m2: false, m3: false
12-17 19:40:29.364  1795 16499 I HwNetworkPolicy: onTransact, code = 203
12-17 19:40:29.364  3879  3879 I HwLauncher: DynamicUpdater call updateFolder
12-17 19:40:29.364  3879  4071 I HwLauncher: WeatherDynamicUpdater positiveUpdate at WeatherDynamicUpdater
12-17 19:40:29.364  3879  3879 I HwLauncher: DynamicIcon onResume  isvisible = true   mAttachedToWindow:false    mWindowVisible:falsecom.huawei.android.totemweather
12-17 19:40:29.364  3879  3879 I HwLauncher: Launcher  Launcher.onStart() cost 4 ms
12-17 19:40:29.364  2883  3258 I HwNetworkPolicyManager: getHwUidPolicy uid = 10061 policy = 0
12-17 19:40:29.365  3879  3879 I HwLauncher: Launcher onResume()
12-17 19:40:29.365  3858  4126 I amsnl   : c: true, w: true, t: false, l: false
12-17 19:40:29.365  3879  3879 I HwLauncher: Launcher doResumeWork()
12-17 19:40:29.370  3879  3879 I HwLauncher: Launcher  onResume mIsToUninstallApp = false
12-17 19:40:29.370  3879  3879 I HwLauncher: Launcher  Launcher hot start cost 10 ms
12-17 19:40:29.370  3879  3879 I ActivityManager_activity: Resuming ActivityRecord{4679a0a token=android.os.BinderProxy@5462fa {com.huawei.android.launcher/com.huawei.android.launcher.unihome.UniHomeLauncher}} with isForward=false,forwardBitChanged=true onlyLocalRequest=false
12-17 19:40:29.371 16628  1435 E HW-JPEG-DEC: [HME_JPEG_DEC_Delete](3298): HME_JPEG_DEC_Delete: decoder_ctx=null
12-17 19:40:29.372 16628  1435 I SendBroadcastPermission: action:com.huawei.android.action.launcher_weather_icon_change, mPermissionType:0
12-17 19:40:29.373  1795  1806 I HwActivityManagerService: Split enqueueing broadcast [callerApp]:ProcessRecord{fddc75d 16628:com.huawei.android.totemweather/u0a28}
12-17 19:40:29.375  1795  3884 D HW_DISPLAY_EFFECT: presently, hw_update_color_temp_for_rg_led interface not achieved.
12-17 19:40:29.376  1795 15987 I ActivityManager_service: retrieveServiceLocked, callerApp: ProcessRecord{c5c29c4 3879:com.huawei.android.launcher/u0a61}, flags: 10000400
12-17 19:40:29.377  1795 15987 I ActivityManager_service: bindServiceLocked, r: ServiceRecord{de9957 u0 euid: 0 com.huawei.android.totemweather/.service.WeatherService}, euid: 0
12-17 19:40:29.381 16628 16628 D HwCust  : Create obj success use class com.huawei.android.totemweather.utils.HwCustTotemLocationImpl
12-17 19:40:29.387  1795 16499 V HwPhoneWindowManager: updateSystemUiColorLw window=Window{773320 u0 com.huawei.android.launcher/com.huawei.android.launcher.unihome.UniHomeLauncher},EmuiStyle=-1,StatusBarColor=0xfffcfcfc,NavigationBarColor=0x0, mLastIsEmuiLightStyle=-1
12-17 19:40:29.387  1795 16499 I WindowManger_windowChange: oldFocusWindow: null, currentFocusWindow: Window{773320 u0 com.huawei.android.launcher/com.huawei.android.launcher.unihome.UniHomeLauncher}, currentFocusApp: AppWindowToken{dcf0cd7 token=Token{1e09e71 ActivityRecord{930e418 u0 com.huawei.android.launcher/.unihome.UniHomeLauncher t297}}}
