12-17 19:31:45.613  1795  1795 I Sensor  : updateLight --> mIsNotificationExisting: false ledOnMS: 0 ledOffMS :0
12-17 19:31:45.613  1795  1795 I Sensor  : updateLightsLocked --> level:78, status:3
12-17 19:31:45.613  1795  1795 I Sensor  : updateLightsLocked --> mBatteryLight.turnOff
12-17 19:31:45.615  1046  2703 V ThreadsEx: HDebug print the key screen_state
12-17 19:31:45.615  1046  2703 D audio_hw_primary: adev_set_parameters: enter: screen_state=on
12-17 19:31:45.615  1046  2703 I Huawei_audio_cust: huawei_audio huawei_choose_HandsFree_device_incall_forHWtest: test Type =4
12-17 19:31:45.615  1046  2703 I Huawei_audio_cust: huawei_audio huawei_choose_Handset_device_incall_forHWtest: test Type =4
12-17 19:31:45.615  1046  2703 I Huawei_audio_cust: get_spk_pa_type: pa is max98925
12-17 19:31:45.615  1046  2703 I Huawei_audio_cust: huawei_common_set_parameters: exit with code(0)
12-17 19:31:45.615  1046  2703 V Huawei_audio_cust: huawei_cust_set_parameters: exit with code(0)
12-17 19:31:45.615  1046  2703 V msm8916_platform: platform_set_parameters: enter: - screen_state=on
12-17 19:31:45.615  1046  2703 V msm8916_platform: platform_set_parameters: exit with code(0)
12-17 19:31:45.615  1046  2703 D audio_hw_extn: audio_extn_set_anc_parameters: anc_enabled:0
12-17 19:31:45.615  1046  2703 D audio_hw_spkr_prot: audio_extn_fbsp_set_parameters: Speaker protection disabled
12-17 19:31:45.615  1046  2703 V audio_hw_primary: adev_set_parameters: exit with code(0)
12-17 19:31:45.618  1795  1795 I AlarmManager: remove(PendingIntent{2f9e644: PendingIntentRecord{527f32d android broadcastIntent}}) changed bounds; rebatching
12-17 19:31:45.621  1795  1795 D HwPFWLogger: PFW.HwPFWService:mBroadcastReceiver action = android.intent.action.SCREEN_ON
12-17 19:31:45.621  1795  2708 D HwPFWLogger: PFW.HwPFWService:handle PFW_MSG_SYSTEM
12-17 19:31:45.621  1795  2708 D HwPFWLogger: PFW.HwPFWAppRestartPolicy:receive action = android.intent.action.SCREEN_ON
12-17 19:31:45.623  1795  1795 D WifiService: onReceive, action:android.intent.action.SCREEN_ON
12-17 19:31:45.623  1795  2670 D WifiController: DeviceActiveState{ when=0 what=155650 target=com.android.internal.util.StateMachine$SmHandler }
12-17 19:31:45.623  1795  2670 D WifiController: StaEnabledState what=155650
12-17 19:31:45.623  1795  2670 D WifiController: DefaultState what=155650
12-17 19:31:45.624  1795  2670 I AlarmManager: remove(PendingIntent{50e3a01: PendingIntentRecord{a8130a6 android broadcastIntent}}) changed bounds; rebatching
12-17 19:31:45.625  1795  1795 D HwArpVerifier: startWifiRouteCheck
12-17 19:31:45.625  1795 16499 I SendBroadcastPermission: action:android.intent.action.SIG_STR, mPermissionType:0
12-17 19:31:45.626  5215  5215 E wpa_supplicant: RSSI=-61;LINKSPEED=72;NOISE=9999;FREQUENCY=2452;
12-17 19:31:45.626  5215  5215 D wpa_supplicant: CTRL-DEBUG: global_ctrl_sock-sendto: sock=16 sndbuf=229376 outq=0 send_len=48
12-17 19:31:45.626  3858  4126 I amsnl   : csr
12-17 19:31:45.626  1795  2671 V HwWifiServiceFactory: get AllImpl object = com.android.server.wifi.HwWifiServiceFactoryImpl@c332618
12-17 19:31:45.626  2852  3556 I NetworkController.MobileSignalController(0): onSignalStrengthsChanged signalStrength=SignalStrength: -72 0 -1 255 -1 255 -1 255 255 99 2147483647 2147483647 2147483647 2147483647 2147483647 false gw|lte level=5 isSuspend=false levelOld=5,mSignalStrength level=5
12-17 19:31:45.626  3858  4126 I amsnl   : t:false, fl: false, p: 2147483647000, ce: true, we: true
12-17 19:31:45.626  1795  2671 E WifiConfigManager: updateConfiguration freq=2452 BSSID=80:38:bc:08:42:c1 RSSI=-58 "Huawei-Employee"WPA_EAP
12-17 19:31:45.626  2852  2914 I HwMobileSignalController: updateSignalStrength: signalStrength=SignalStrength: -72 0 -1 255 -1 255 -1 255 255 99 2147483647 2147483647 2147483647 2147483647 2147483647 false gw|lte
12-17 19:31:45.626  1795  2671 D WifiStateMachine:  ConnectedState !CMD_SET_SUSPEND_OPT_ENABLED  rt=123018798/442841990 0 0
12-17 19:31:45.626  1795  2671 D WifiStateMachine:  L2ConnectedState !CMD_SET_SUSPEND_OPT_ENABLED  rt=123018798/442841990 0 0
12-17 19:31:45.627  1795  2671 D WifiStateMachine:  ConnectModeState !CMD_SET_SUSPEND_OPT_ENABLED  rt=123018798/442841990 0 0
12-17 19:31:45.627  1795  2671 D WifiStateMachine:  DriverStartedState !CMD_SET_SUSPEND_OPT_ENABLED  rt=123018798/442841990 0 0
12-17 19:31:45.627  1795  2671 D WifiHW  : wifi_send_command: cmd:'IFNAME=wlan0 DRIVER SETSUSPENDMODE 0'
12-17 19:31:45.627  5215  5215 D wpa_supplicant: wlan0: Control interface command 'DRIVER SETSUSPENDMODE 0'
12-17 19:31:45.627  1795  1805 D wifiserviceimpl: netmask =16580607
12-17 19:31:45.627  3858  4126 I amsnl   : m1: false
12-17 19:31:45.628  1795  1795 I MQoS    : onSignal: mSubId=0,currDataSubID=0
12-17 19:31:45.628  1795  1795 I MQoS    : received cell-signal:5
12-17 19:31:45.628  1795  1795 D WifiProStatisticsManager: sendScreenOnEvent enter.
12-17 19:31:45.628  1795  2733 D WiFi_PRO_WifiProStateMachine: device screen on,but isScreenOffMonitor is false
12-17 19:31:45.628  1795  2734 D WifiProStatisticsManager: msg Loop is running.
12-17 19:31:45.628  3626  3753 I LogCollectService: msg = 103 received
12-17 19:31:45.629  1795 17832 W ActivityManager: getRunningAppProcesses: caller 10009 does not hold REAL_GET_TASKS; limiting output
12-17 19:31:45.629  2852  2914 I HwMobileSignalController: subId:0 phoneType:1 networktype:16 targetClass:1 masterLevel:5 slaveLevel:-1
12-17 19:31:45.631  3858  4126 I amsnl   : m2: false, m3: false
12-17 19:31:45.631  3858  4126 I amsnl   : c: true, w: true, t: false, l: false
12-17 19:31:45.633  1795  1795 I EyeProtectionControllerImpl: onReceive intent action = android.intent.action.SCREEN_ON
12-17 19:31:45.635  1795  2736 D HwInnerWifiManagerImpl: SupplicantState = COMPLETED
12-17 19:31:45.635  1795  2736 D HwInnerWifiManagerImpl: isPhoneAP = false
12-17 19:31:45.637  2883  2883 D HwKeyguardManagerImpl: isLockScreenDisabled HwKeyguardManagerImpl result = false
12-17 19:31:45.637  1795 15987 D PowerManagerService: acquire lock=184063844, flags=0x1, tag="NetworkStats", name=android, ws=null, uid=1000, pid=1795
12-17 19:31:45.638  1795 15987 D PowerManagerService: ready=true,policy=3,wakefulness=1,wksummary=0x11,uasummary=0x1,bootcompleted=true,boostinprogress=false,waitmodeenable=false,mode=true,manual=33,auto=-1,adj=0.0userId=0
12-17 19:31:45.638  1795 15987 D PowerManagerService: Acquiring suspend blocker "PowerManagerService.WakeLocks".
12-17 19:31:45.639  3218  4159 W PhoneInterfaceManager: shouldBlockLocation running ...
12-17 19:31:45.639  3218  4159 I PhoneInterfaceManager: shouldBlockLocation  ret:false
12-17 19:31:45.640  1795  2736 E hwintelligencewifi: getCurrentCellid type type = PHONE_TYPE_GSM
12-17 19:31:45.640  1795  2736 E hwintelligencewifi: getCurrentCellid type is PHONE_TYPE_GSM
12-17 19:31:45.640  1795 15987 D NetdConnector: SND -> {11600 bandwidth gettetherstats}
12-17 19:31:45.641  1795  2736 E hwintelligencewifi: getCurrentCellid PHONE_TYPE_GSM cellidString = 460003645
12-17 19:31:45.641  1795  2736 E hwintelligencewifi: updataApInfo cellid =460003645
12-17 19:31:45.641  1795  2736 E hwintelligencewifi: addCurrentApInfo cellid =460003645
12-17 19:31:45.641  2883  2883 I HwSystemManager: AutoCleanReceiveServer:receive action:android.intent.action.SCREEN_ON
12-17 19:31:45.641  1795  2665 D NetdConnector: RCV <- {200 11600 Tethering stats list completed}
12-17 19:31:45.642  1795  2665 D NetdConnector: RCV <- {200 11600 Tethering stats list completed}
12-17 19:31:45.644  1795 15987 W NetworkStatsFactory: mStatsXtProcUid: /proc/net/comm/stats does not exist!
12-17 19:31:45.644  1795 15987 D HwNetworkStatsService: mActiveIface: null
12-17 19:31:45.645  3168  3168 I CHR_ChrDataServiceTracker: handledataswitchchanged
12-17 19:31:45.645  1795 15987 I SendBroadcastPermission: action:com.android.server.action.NETWORK_STATS_UPDATED, mPermissionType:0
12-17 19:31:45.647  1795 15987 I HwActivityManagerService: Split enqueueing broadcast [callerApp]:ProcessRecord{34bf34f 0:system/1000}
12-17 19:31:45.647  1795 15987 D PowerManagerService: release:lock=184063844, flg=0x0, tag="NetworkStats", name=android", ws=null, uid=1000, pid=1795
12-17 19:31:45.647  1795 15987 D PowerManagerService: ready=true,policy=3,wakefulness=1,wksummary=0x10,uasummary=0x1,bootcompleted=true,boostinprogress=false,waitmodeenable=false,mode=true,manual=33,auto=-1,adj=0.0userId=0
12-17 19:31:45.647  1795 15987 D PowerManagerService: Releasing suspend blocker "PowerManagerService.WakeLocks".
12-17 19:31:45.647  1795  3077 D GnssLocationProvider: receive broadcast intent, action: android.intent.action.SCREEN_ON
12-17 19:31:45.647  1795  3077 I GnssLocationProvider: updateLowPowerMode,isPowerSaveMode:falseisInteractive:true
12-17 19:31:45.647  1795  3077 I GnssLocationProvider: disableGps:false  isEnabled()=true
12-17 19:31:45.649  2883  3040 E HwSystemManager: TrafficNotifyAfterLocked:screen notification will not notify
12-17 19:31:45.649  1795  2332 I qti_sensors_hal: [ACC]processReportInd: X: 7.898114 Y: 8.781988 Z: 1.747606  x_offset:0.160831 y_offset:0.184366 z_offset:0.985027
12-17 19:31:45.651  1795  2371 E LightSensor: read Events lux: 10.0
12-17 19:31:45.651  1795  1825 D AutomaticBrightnessController: ambient lux=10.0,timeStamp =442842014895000
12-17 19:31:45.654  2852  3556 I NetworkController.MobileSignalController(0): onDataActivity: direction=0
12-17 19:31:45.654  2852  3556 D NetworkController.MobileSignalController(0): mSimSubId:0 onDataActivity: direction=0
12-17 19:31:45.655  5215  5215 D wpa_supplicant: wpa_driver_nl80211_driver_cmd SETSUSPENDMODE 0 len = 0, 4096
12-17 19:31:45.655  5215  5215 D wpa_supplicant: CTRL-DEBUG: global_ctrl_sock-sendto: sock=16 sndbuf=229376 outq=0 send_len=3
12-17 19:31:45.655  2852  3556 I NetworkController.MobileSignalController(0): onDataActivity: direction=0
12-17 19:31:45.655  2852  3556 D NetworkController.MobileSignalController(0): mSimSubId:0 onDataActivity: direction=0
12-17 19:31:45.656  2852  2852 I PowerUI : onReceive intent:act:android.intent.action.SCREEN_ON  flag:1342177296 
12-17 19:31:45.656  1795  2736 E hwintelligencewifi: addCurrentApInfo info is already there
12-17 19:31:45.656  1795  2736 W hwintelligencewifi: updateBssidTimer time = 1481974305656
12-17 19:31:45.657  2883  2996 E HwSystemManager: SimCardMethod:/getSimCardInfo: imsi is null
12-17 19:31:45.662  3180  3332 I ScenarioAction: new ScenarioAction sPoolSize: 0
12-17 19:31:45.662  3180  3332 I BatteryMonitor: screen off: 0s, awake: 0s wakeups: 0, battery changed: 0
12-17 19:31:45.663  2883  2996 I HwSystemManager: NormalTrafficAnalysis:alert byte = 0 last alert byte = 0
12-17 19:31:45.663  2883  2996 E HwSystemManager: NormalTrafficAnalysis:alert byte = 0, so return
12-17 19:31:45.663  3180  3578 D HwMultiWindowEx: isInMultiWindowMode ret: 0
