12-17 19:33:13.723  3608  3608 I InCall  : VTCallButtonFragment - --- onResume ---
12-17 19:33:13.723  1795  1795 I WindowManger_windowChange: oldFocusWindow: Window{e71ca6c u0 com.android.phone}, currentFocusWindow: Window{f236b2e u0 android}, currentFocusApp: AppWindowToken{844a0b2 token=Token{2fd6a14 ActivityRecord{b46dc67 u0 com.android.incallui/.InCallActivity t310}}}
12-17 19:33:13.723  1795  3247 I HwActivityManagerService: Split enqueueing broadcast [callerApp]:ProcessRecord{34bf34f 0:system/1000}
12-17 19:33:13.724  3608  3608 I ActivityManager_activity: Resuming ActivityRecord{fd45985 token=android.os.BinderProxy@af8ea9b {com.android.incallui/com.android.incallui.InCallActivity}} with isForward=true,forwardBitChanged=true onlyLocalRequest=false
12-17 19:33:13.724  1795  3247 D PowerManagerService: release:lock=184063844, flg=0x0, tag="NetworkStats", name=android", ws=null, uid=1000, pid=1795
12-17 19:33:13.725  2883  2883 I HwSystemManager: AutoCleanReceiveServer:receive action:android.intent.action.SCREEN_ON
12-17 19:33:13.725  1795  1809 D HwPhoneWindowManager: Transact:setSystemUIColor to status bar service
12-17 19:33:13.726   832  1841 E Parcel  : Reading a NULL string not supported here.
12-17 19:33:13.726   832  1841 E Parcel  : Reading a NULL string not supported here.
12-17 19:33:13.726  2852  2866 I CommandQueue: updateBarBgColor
12-17 19:33:13.726  2852  2866 D CommandQueue: CommandQueue, setBarBackgroundColor
12-17 19:33:13.726  1795  3247 D PowerManagerService: ready=false,policy=3,wakefulness=3,wksummary=0x10,uasummary=0x1,bootcompleted=true,boostinprogress=false,waitmodeenable=false,mode=true,manual=33,auto=-1,adj=0.0userId=0
12-17 19:33:13.726  1795  3247 D PowerManagerService: Releasing suspend blocker "PowerManagerService.WakeLocks".
12-17 19:33:13.727  1795 11746 D PowerManagerService: ready=false,policy=3,wakefulness=3,wksummary=0x11,uasummary=0x1,bootcompleted=true,boostinprogress=false,waitmodeenable=false,mode=true,manual=33,auto=-1,adj=0.0userId=0
12-17 19:33:13.727  1795 11746 D PowerManagerService: Acquiring suspend blocker "PowerManagerService.WakeLocks".
12-17 19:33:13.729  1795  3253 D PowerManagerService: ready=false,policy=3,wakefulness=3,wksummary=0x11,uasummary=0x1,bootcompleted=true,boostinprogress=false,waitmodeenable=false,mode=true,manual=33,auto=-1,adj=0.0userId=0
12-17 19:33:13.730  1795  1821 I WindowManger_keyguard: Setting mDismissKeyguard true by win Window{e6a6b5e u0 com.android.incallui/com.android.incallui.InCallActivity}
12-17 19:33:13.730  1795 11745 D PowerManagerService: ready=false,policy=3,wakefulness=3,wksummary=0x11,uasummary=0x1,bootcompleted=true,boostinprogress=false,waitmodeenable=false,mode=true,manual=33,auto=-1,adj=0.0userId=0
12-17 19:33:13.731  1795 20747 D PowerManagerService: ready=false,policy=3,wakefulness=3,wksummary=0x10,uasummary=0x1,bootcompleted=true,boostinprogress=false,waitmodeenable=false,mode=true,manual=33,auto=-1,adj=0.0userId=0
12-17 19:33:13.731  1795 20747 D PowerManagerService: Releasing suspend blocker "PowerManagerService.WakeLocks".
12-17 19:33:13.731  2883  3040 E HwSystemManager: TrafficNotifyAfterLocked:screen notification will not notify
12-17 19:33:13.734  3168  3168 I CHR_ChrDataServiceTracker: handledataswitchchanged
12-17 19:33:13.736  1795  3077 D GnssLocationProvider: receive broadcast intent, action: android.intent.action.SCREEN_ON
12-17 19:33:13.736  1795  3077 I GnssLocationProvider: updateLowPowerMode,isPowerSaveMode:falseisInteractive:false
12-17 19:33:13.736  1795  3077 I GnssLocationProvider: disableGps:false  isEnabled()=true
12-17 19:33:13.741  2883  2996 E HwSystemManager: SimCardMethod:/getSimCardInfo: imsi is null
12-17 19:33:13.742  1795  3237 D PowerManagerService: acquire lock=247092602, flags=0x1, tag="RILJ_ACK_WL", name=com.android.phone, ws=null, uid=1001, pid=3218
12-17 19:33:13.742  1795  3237 D PowerManagerService: ready=false,policy=3,wakefulness=3,wksummary=0x11,uasummary=0x1,bootcompleted=true,boostinprogress=false,waitmodeenable=false,mode=true,manual=33,auto=-1,adj=0.0userId=0
12-17 19:33:13.742  1795  3237 D PowerManagerService: Acquiring suspend blocker "PowerManagerService.WakeLocks".
12-17 19:33:13.746  1795  3884 D PowerManagerService: ready=false,policy=3,wakefulness=3,wksummary=0x11,uasummary=0x1,bootcompleted=true,boostinprogress=false,waitmodeenable=false,mode=true,manual=33,auto=-1,adj=0.0userId=0
12-17 19:33:13.746  2852  2852 D UnderLayer: ondraw 0, Rect(0, 0 - 1080, 72)
12-17 19:33:13.748  1795  3225 D PowerManagerService: ready=false,policy=3,wakefulness=3,wksummary=0x11,uasummary=0x1,bootcompleted=true,boostinprogress=false,waitmodeenable=false,mode=true,manual=33,auto=-1,adj=0.0userId=0
12-17 19:33:13.749  1795  6986 I PowerManager_screenOn: PowerManagerService wakeUpNoUpdateLocked: eventTime=123077435, uid=1000
12-17 19:33:13.751  1795  3121 D PowerManagerService: ready=false,policy=3,wakefulness=3,wksummary=0x11,uasummary=0x1,bootcompleted=true,boostinprogress=false,waitmodeenable=false,mode=true,manual=33,auto=-1,adj=0.0userId=0
12-17 19:33:13.751  1795  6986 I WindowManger_keyguard: Setting mDismissKeyguard true by win Window{e6a6b5e u0 com.android.incallui/com.android.incallui.InCallActivity}
12-17 19:33:13.762  3608  3608 D InCall  : CallCardFragment - onGlobalLayout
12-17 19:33:13.762  2852  2852 I TintManager: updateBarBgColor:emuiStyle=0,statusBarColor=#00000000,navigationBarColor=#00000000, isEmuiLight=-1
12-17 19:33:13.762  2852  2852 I HwPhoneStatusBarTransitions: restoreBackgroundColor:new=0, old=0
12-17 19:33:13.763  2852  2852 I HwNavigationBarTransitions: restoreBackgroundColor:new=0, old=0
12-17 19:33:13.764  2852  2852 D TintManager: statusBarIconTint=#B3FFFFFF,navigationBarIconTint=#00000000
12-17 19:33:13.776   832   832 E Parcel  : Reading a NULL string not supported here.
12-17 19:33:13.776   832   832 E Parcel  : Reading a NULL string not supported here.
12-17 19:33:13.777  1795 17831 D PowerManagerService: ready=false,policy=3,wakefulness=3,wksummary=0x11,uasummary=0x1,bootcompleted=true,boostinprogress=false,waitmodeenable=false,mode=true,manual=33,auto=-1,adj=0.0userId=0
12-17 19:33:13.778  3608  3608 I InCall  : CallList - hasAnyLiveCall call = [Call_10, ACTIVE, [Capabilities: CAPABILITY_HOLD CAPABILITY_SUPPORT_HOLD CAPABILITY_MUTE CAPABILITY_CANNOT_DOWNGRADE_VIDEO_TO_AUDIO], children:[], parent:null, conferenceable:[], videoState:Audio Only, mSessionModificationState:0, VideoSettings:(CameraDir:-1)]
12-17 19:33:13.778  3608  3608 I InCall  : ProximitySensor - isDisplayOn: true
12-17 19:33:13.779  2883  2996 I HwSystemManager: NormalTrafficAnalysis:alert byte = 0 last alert byte = 0
12-17 19:33:13.779  2883  2996 E HwSystemManager: NormalTrafficAnalysis:alert byte = 0, so return
12-17 19:33:13.779  1795  6985 I qti_sensors_hal: flush,395,handle 0
12-17 19:33:13.779  1795  6985 I qti_sensors_hal: flush,260 handle 0
12-17 19:33:13.781  1795 16500 I SendBroadcastPermission: action:android.intent.action.SIG_STR, mPermissionType:0
12-17 19:33:13.781  1795 16498 D PowerManagerService: ready=false,policy=3,wakefulness=3,wksummary=0x11,uasummary=0x1,bootcompleted=true,boostinprogress=false,waitmodeenable=false,mode=true,manual=33,auto=-1,adj=0.0userId=0
12-17 19:33:13.784  2852  2925 I EventCenter: ContentChange for slot: 1
12-17 19:33:13.785  2852  2925 I EventCenter: ContentChange for slot: 1
12-17 19:33:13.787  2852  3556 I NetworkController.MobileSignalController(0): onSignalStrengthsChanged signalStrength=SignalStrength: -60 0 -1 255 -1 255 -1 255 255 99 2147483647 2147483647 2147483647 2147483647 2147483647 false gw|lte level=5 isSuspend=false levelOld=5,mSignalStrength level=5
12-17 19:33:13.787  2852  2914 I HwMobileSignalController: updateSignalStrength: signalStrength=SignalStrength: -60 0 -1 255 -1 255 -1 255 255 99 2147483647 2147483647 2147483647 2147483647 2147483647 false gw|lte
12-17 19:33:13.787  2852  2925 I EventCenter: ContentChange for slot: 1
12-17 19:33:13.787  2852  2925 I EventCenter: ContentChange for slot: 1
12-17 19:33:13.787  3858  4126 I amsnl   : csr
12-17 19:33:13.788  3858  4126 I amsnl   : t:false, fl: false, p: 2147483647000, ce: true, we: true
12-17 19:33:13.791  2852  3556 I NetworkController.MobileSignalController(0): onDataActivity: direction=0
12-17 19:33:13.791  1795  1821 I ActivityManager_activity: Incall is gone
12-17 19:33:13.791  2852  3556 I SystemUIIdleHandler: enter addToIdleMessage(type:1001), mainloop is busy, add to idleMessage
12-17 19:33:13.791  1795  1821 I ActivityManager_activity: windowsGone(): ActivityRecord{b46dc67 u0 com.android.incallui/.InCallActivity t310}
12-17 19:33:13.791  1795  1795 D DeviceIdleController: updateDisplayLocked: screenOn=true
12-17 19:33:13.791  1795  1795 I DeviceIdleController: becomeActiveLocked, reason = screen
12-17 19:33:13.791  1795  1795 I AlarmManager: remove(null) changed bounds; rebatching
12-17 19:33:13.792  1795  1807 D DeviceIdleController: handleMessage(5)
12-17 19:33:13.792  1795  3111 D wifiserviceimpl: netmask =16580607
12-17 19:33:13.792  2852  2914 I HwMobileSignalController: subId:0 phoneType:1 networktype:16 targetClass:1 masterLevel:5 slaveLevel:-1
12-17 19:33:13.792  3858  4126 I amsnl   : m1: false
12-17 19:33:13.793  1795  1795 D DeviceIdleController: stopMonitoringMotionLocked()
12-17 19:33:13.794  1795  1795 I AlarmManager: remove(null) changed bounds; rebatching
12-17 19:33:13.794  3218  3236 E HW-JPEG-DEC: [HME_JPEG_DEC_Delete](3298): HME_JPEG_DEC_Delete: decoder_ctx=null
12-17 19:33:13.796  1795  6985 W ActivityManager: getRunningAppProcesses: caller 10009 does not hold REAL_GET_TASKS; limiting output
12-17 19:33:13.797  3858  4126 I amsnl   : m2: false, m3: false
12-17 19:33:13.797  2852  3556 I NetworkController.MobileSignalController(0): onDataActivity: direction=0
12-17 19:33:13.797  2852  3556 I SystemUIIdleHandler: enter addToIdleMessage(type:1001), mainloop is busy, add to idleMessage
12-17 19:33:13.797  3858  4126 I amsnl   : c: true, w: true, t: false, l: false
12-17 19:33:13.800  1795  1795 I TrafficMonitor: expired arrive. level:-1
12-17 19:33:13.800  1795  1795 D DeviceIdleController: updateDisplayLocked: screenOn=true
12-17 19:33:13.800  1795  1795 I DeviceIdleController: becomeActiveLocked, reason = screen
12-17 19:33:13.802  1795  1795 I MQoS    : onSignal: mSubId=0,currDataSubID=0
12-17 19:33:13.802  1795  1795 I MQoS    : received cell-signal:5
12-17 19:33:13.806  3218  3218 E HW-JPEG-DEC: [HME_JPEG_DEC_Delete](3298): HME_JPEG_DEC_Delete: decoder_ctx=null
12-17 19:33:13.806  2883  2996 I HwSystemManager: TafficState:default sub id = 0slotIndex = 0 subscriptionId = 0
12-17 19:33:13.813  1795  1795 V SecInputMethodManagerService: Client requesting input be hidden, pid=1795
12-17 19:33:13.814  1795  1795 V InputMethodManagerService: Unspecified window will hide input
12-17 19:33:13.814  2883  2996 E HwSystemManager: LeisureTrafficSetting:result is empty
12-17 19:33:13.814  2852  2852 I PanelBar: collapsePanel:false
12-17 19:33:13.815  2852  2852 I PanelView: closeQs
12-17 19:33:13.815  2852  2852 I QSContainer: updateQsState:false
12-17 19:33:13.815  2852  2852 I QSContainer: updateQsState:false
12-17 19:33:13.815  2852  2852 I StackScroller: setScrollingEnabled: true
12-17 19:33:13.815  1795  1795 D HwInputMethodManagerService: ------------startInput--------------
12-17 19:33:13.815  1795  1795 V SecInputMethodManagerService: Client requesting input be hidden, pid=1795
12-17 19:33:13.815  1795  1795 D HwInputMethodManagerService: hideSecSoftInput = false
12-17 19:33:13.815  2852  2852 I PanelView: instantCollapse
12-17 19:33:13.815  2852  2852 I PanelBar: collapsePanel2
12-17 19:33:13.815  1795  1795 I TrafficMonitor: during_ms:2003,period_ms:2000
12-17 19:33:13.815  1795  1795 I TrafficMonitor: count:75,rx_sum:5,tx_sum:6,rxBytes:954,during_ms:2003,rx_speed:476.2855716425362,tx_speed:213.1802296555167,rto:0.8333333333333334
