12-17 19:35:21.370  1795  2748 D HwAmbientLuxFilterAlgo: t=123118987,BT=123119385,DT=123122987,BT1=123122385,DT1=123126987,Bn=false,Dn=false,lx=[129.0/123117483, 128.0/123117784, 156.0/123118085, 180.0/123118385, 217.0/123118686, 217.0/123118987],mLx=17.0,s=5.0,ss=27.347492,AuIntervened=false,mProximityState=false,bLux=176.0,dLux=3.5,bLux1=176.0,dLux1=3.5
12-17 19:35:21.399  1795  2728 D HwArpVerifier: performPollAndLog:
12-17 19:35:21.407  1795  2728 D hw_netstat: total/0/0
12-17 19:35:21.410  1795  2728 E HwCHRWebMonitor: WebMonitor [mNetWorkIsSuck=0 mUIDIsSuck=]  WebSpeed [WEBSENDSEGS=0  WEBRESENDSEGS=0  WEBRECVSEGS=0  WEBERRSEGS=0  WEBOUTRSTS=0  WEBESTABLISRST=0  WEBRTTDURATION=0  WEBRTTSEGS=0  WEBSRTT=830  WEBSNDDUPACKS=0  SENDSEGS=0  RESENDSEGS=0  RECVSEGS=0  ERRSEGS=0  OUTRSTS=0  ESTABLISRST=0  RTTDURATION=0  RTTSEGS=0  SNDDUPACKS=0  suckTimes=0 recovage_times=0]
12-17 19:35:21.411  1795  2728 E HwCHRWifiRSSIGroupSummery: updateTcpSummery mRSSI:-44  HwCHRWifiRSSIGroup [rssi_index=4, rtt_tcp_packets=94, rtt_tcp_duration=834, rtt_lan_duration=205, rtt_lan_failures=0, rtt_lan_succ=6, rtt_lan_max=124, rtt_lan_min=14,same_area_frequency=0,adjacent_area_frequency=0]
12-17 19:35:21.411  1795  2728 D WifiHW  : wifi_send_command: cmd:'IFNAME=wlan0 PKTCNT_POLL'
12-17 19:35:21.411  5215  5215 D wpa_supplicant: wlan0: Control interface command 'PKTCNT_POLL'
12-17 19:35:21.429  5215  5215 D wpa_supplicant: CTRL-DEBUG: global_ctrl_sock-sendto: sock=16 sndbuf=229376 outq=0 send_len=34
12-17 19:35:21.432  1795  2728 E HwCHRWebMonitor: HwCHRWifiPacketCnt [mTXGood=0, mTXbad=0, mRXGood=-12] rssi=-44
12-17 19:35:21.434  1795  2728 E HwCHRWebMonitor: running processName=com.tencent.mm
12-17 19:35:21.434  1795  2728 D HwArpVerifier: doCheckAccessInternet
12-17 19:35:21.435  1795  2728 D HwArpVerifier: mAccessWebStatus : rx = 0, tx = 0
12-17 19:35:21.436  1795  2728 D HwArpVerifier: getDNSFailedCntDiff  dnsNewFailCnt =  1001, aws.getOldDnsFailedCnt() = 0, dnsDiff = 1001
12-17 19:35:21.436  1795  2728 D HwArpVerifier: mAccessWebStatus : getNetDisableCnt = 1, rx = 0, tx = 0
12-17 19:35:21.436  1795  2728 D WifiHW  : wifi_send_command: cmd:'IFNAME=wlan0 PKTCNT_POLL'
12-17 19:35:21.436  5215  5215 D wpa_supplicant: wlan0: Control interface command 'PKTCNT_POLL'
12-17 19:35:21.447  5215  5215 D wpa_supplicant: CTRL-DEBUG: global_ctrl_sock-sendto: sock=16 sndbuf=229376 outq=0 send_len=34
12-17 19:35:21.450  1795  2728 E HwCHRWifiFile: getFileResult throw exceptionjava.io.FileNotFoundException: /sys/kernel/debug/bcmdhd/debug_wl_counters (No such file or directory)
12-17 19:35:21.451  1795  2728 E HwCHRWifiLinkMonitor: HwCHRWifiBcmIncrCounterLst [txbyte=0  txframe=0  txnoassoc=0  txphyerror=0  txctl=0  txfail=0  txphyerr=0  txfrmsnt=0  txnoack=0  txfrag=0  txnocts=0  txrts=0  txnobuf=0  txallfrm=0  txerror=0  txretrans=0  rxbyte=0  rxframe=0  rxbadfcs=0  rxbadplcp=0  rxmulti=0  rxfrag=0  rxctl=0  rxbadcm=0  rxnobuf=0  rxcrsglitch=0  rxbadds=0  rxnondata=0  rxmulti=0  reset=0  rxdfrmocast=0  rxmfrmocast=0  rxdfrmucastmbss=0  rxmfrmucastmbss=0  rxbeaconmbss=0  rxdfmucastobss=0  rxbeaconobss=0  rxstrt=0  rxcfrmocast=0  rxcfrmucast=0  rxdfrmmcast=0  rxmfrmmcast=0  rxcfrmmcast=0  ]
12-17 19:35:21.622  1795  1809 I WindowManager: onProposedRotationChanged, rotation=3
12-17 19:35:21.623  1795  1809 I WindowManager: MyOrientationListener: updateRotation.
12-17 19:35:21.623  1795  1809 I WindowManager: updateRotationUnchecked(alwaysSendConfiguration=false)
12-17 19:35:21.623  1795  1809 I WindowManager: rotationForOrientationLw(orient=1, last=0); user=0 
12-17 19:35:21.623  1795  1809 I WindowManager: Application requested orientation 1, got rotation 0 which has compatible metrics
12-17 19:35:21.865  1795  1795 I TrafficMonitor: expired arrive. level:-1
12-17 19:35:21.865  1795  1795 I TrafficMonitor: during_ms:2002,period_ms:2000
12-17 19:35:21.865  1795  1795 I TrafficMonitor: count:96,rx_sum:0,tx_sum:0,rxBytes:0,during_ms:2002,rx_speed:0.0,tx_speed:0.0,rto:0.0
12-17 19:35:21.865  1795  1795 D HuaweiWifiWatchdogStateMachine: speed: rxpkt:0, rxSpd:0B/s, txpkt:0, txSpd:0
12-17 19:35:21.989   802   802 E Thermal-daemon: [Thermal_Hw] temperature_valid, battery : temperature is invalid, invalid temperatrue is 26
12-17 19:35:21.989   802   802 E Thermal-daemon: [Thermal_Hw] temperature_filter: get invalid temperature, use old temp
12-17 19:35:22.212  1795 20747 W ActivityManager: getRunningAppProcesses: caller 10102 does not hold REAL_GET_TASKS; limiting output
12-17 19:35:22.337  1795  1795 I MQoS    : onSignal: mSubId=0,currDataSubID=0
12-17 19:35:22.337  2852  3556 I NetworkController.MobileSignalController(0): onSignalStrengthsChanged signalStrength=SignalStrength: -1 0 -1 255 -1 255 -1 255 255 30 -71 -7 300 2147483647 2147483647 false gw|lte level=5 isSuspend=false levelOld=5,mSignalStrength level=5
12-17 19:35:22.337  1795  1795 I MQoS    : received cell-signal:5
12-17 19:35:22.337  3858  4126 I amsnl   : csr
12-17 19:35:22.337  2852  2914 I HwMobileSignalController: updateSignalStrength: signalStrength=SignalStrength: -1 0 -1 255 -1 255 -1 255 255 30 -71 -7 300 2147483647 2147483647 false gw|lte
12-17 19:35:22.337  1795 16501 I SendBroadcastPermission: action:android.intent.action.SIG_STR, mPermissionType:0
12-17 19:35:22.338  3858  4126 I amsnl   : t:false, fl: false, p: 2147483647000, ce: true, we: true
12-17 19:35:22.341  1795  3247 D wifiserviceimpl: netmask =16580607
12-17 19:35:22.342  3858  4126 I amsnl   : m1: false
12-17 19:35:22.345  1795  3225 W ActivityManager: getRunningAppProcesses: caller 10009 does not hold REAL_GET_TASKS; limiting output
12-17 19:35:22.345  2852  2914 I HwMobileSignalController: subId:0 phoneType:1 networktype:13 targetClass:3 masterLevel:5 slaveLevel:-1
12-17 19:35:22.346  3858  4126 I amsnl   : m2: false, m3: false
12-17 19:35:22.347  3858  4126 I amsnl   : c: true, w: true, t: false, l: false
12-17 19:35:22.871  1795  1795 I TrafficMonitor: update:rxPkts:0,txPkts:0,rxBytes:0,txBytes:0
12-17 19:35:22.871  1795  1795 I TrafficMonitor: start expired. level:-1
12-17 19:35:22.871  1795  1795 I TrafficMonitor: gettimer:interval=2000
12-17 19:35:22.901   533  3739 E ANDR-PERF-MPCTL: Invalid profile no. 0, total profiles 0 only
12-17 19:35:23.301  1795  2671 D WifiHW  : wifi_send_command: cmd:'IFNAME=wlan0 SIGNAL_POLL'
12-17 19:35:23.302  5215  5215 D wpa_supplicant: wlan0: Control interface command 'SIGNAL_POLL'
12-17 19:35:23.320  5215  5215 E wpa_supplicant: RSSI=-40;LINKSPEED=72;NOISE=9999;FREQUENCY=2452;
12-17 19:35:23.321  5215  5215 D wpa_supplicant: CTRL-DEBUG: global_ctrl_sock-sendto: sock=16 sndbuf=229376 outq=0 send_len=48
12-17 19:35:23.321  1795  2671 V HwWifiServiceFactory: get AllImpl object = com.android.server.wifi.HwWifiServiceFactoryImpl@c332618
12-17 19:35:23.322  1795  2671 E WifiConfigManager: updateConfiguration freq=2452 BSSID=80:38:bc:08:42:c1 RSSI=-41 "Huawei-Employee"WPA_EAP
12-17 19:35:23.325  1795  2671 V HwWifiServiceFactory: get AllImpl object = com.android.server.wifi.HwWifiServiceFactoryImpl@c332618
12-17 19:35:23.477  1795  2748 D HwAmbientLuxFilterAlgo: t=123121093,BT=123122093,DT=123126401,BT1=123125093,DT1=123129093,Bn=false,Dn=false,lx=[148.0/123119589, 121.0/123119891, 52.0/123120192, 52.0/123120492, 135.0/123120792, 139.0/123121093],mLx=17.0,s=37.701553,ss=21.332952,AuIntervened=false,mProximityState=false,bLux=176.0,dLux=-0.9147091,bLux1=176.0,dLux1=3.5
12-17 19:35:23.932  1795  2377 I AwareLog: AwareMem_EventTracker: [POLLING_TIMEOUT_123121548] is abandoned for memory 868504
12-17 19:35:24.380  1795  2748 D lux trace:: [156.0/123117878, 180.0/123118255, 217.0/123118624, 192.0/123119000, 148.0/123119367, 121.0/123119742, 52.0/123120117, 135.0/123120493, 139.0/123120869, 146.0/123121246, 152.0/123121623, 164.0/123121995]
12-17 19:35:24.614  1795  2381 D libfingersense_wrapper: Calling fingersense_classify_touch()
12-17 19:35:24.623  1795  2381 D libfingersense_wrapper: fingersense_classify_touch() finished
12-17 19:35:24.625  2852  2852 I SlideTouchEvent: handleTouchEvent:MotionEvent { action=ACTION_DOWN, actionButton=0, id[0]=0, x[0]=308.0, y[0]=119.0, toolType[0]=TOOL_TYPE_FINGER, buttonState=0, metaState=0, flags=0x0, edgeFlags=0x0, pointerCount=1, historySize=0, eventTime=123122230, downTime=123122230, deviceId=10, source=0x1002 }
12-17 19:35:24.625  2852  2852 I PhoneStatusBar: suspendAutohide
12-17 19:35:24.625  2852  2852 I vol.VolumeDialogControl: C onDismissRequested reason = 2
12-17 19:35:24.625  2852  2852 I BarTransitions.HwPhoneStatusBarView: transitionTo: mode=MODE_TRANSPARENT, animate=false
12-17 19:35:24.625  2852  2852 I BarTransitions.HwNavigationBarView: transitionTo: mode=MODE_TRANSPARENT, animate=false
12-17 19:35:24.625  2852  2852 I HwNavigationBarTransitions: transitionTo:mode=4, isEmuiStyle=false
12-17 19:35:24.626  2852  2852 I TintImageView: onTouchEvent: code=4, action=0, event=MotionEvent { action=ACTION_DOWN, actionButton=0, id[0]=0, x[0]=98.0, y[0]=119.0, toolType[0]=TOOL_TYPE_FINGER, buttonState=0, metaState=0, flags=0x0, edgeFlags=0x0, pointerCount=1, historySize=0, eventTime=123122230, downTime=123122230, deviceId=10, source=0x1002 }
12-17 19:35:24.627  2852  2852 I TintImageView: sendEvent:action=0, flag=0
12-17 19:35:24.627  2852  2852 I vol.VolumeDialog: VolumeDialogController.Callbacks onDismissRequested reason = 2
12-17 19:35:24.628  1795 11747 D KeyEvent: obtain, mHwFlags=0
12-17 19:35:24.628  1795 11747 D HwCustPhoneWindowManager: answer call by keyCode = 4, down = true, isSupVolumnkeyAnswerCall = false
12-17 19:35:24.628  1795 11747 I PowerManager_screenOn: HwPhoneWindowManager has intercept Key : 4, isdown : true, flags : 72
12-17 19:35:24.628  1795  2380 D PowerManagerService: userActivityNoUpdateLocked: eventTime=123122230, event=2, flags=0x0, uid=1000
12-17 19:35:24.628  1795  2380 I PowerManager_screenOn: PowerManagerNotifier onUserActivity: event=2, uid=1000
12-17 19:35:24.628  1795 11747 D WindowManager: interceptKeyTq keycode=4 interactive=true keyguardActive=false policyFlags=2b000002 down true canceled false
12-17 19:35:24.629  1795 11747 D WindowManager: interceptKeyBeforeQueueing: key 4 , result : 1
12-17 19:35:24.629  1795  2380 D PowerManagerService: ready=true,policy=3,wakefulness=1,wksummary=0x0,uasummary=0x1,bootcompleted=true,boostinprogress=false,waitmodeenable=false,mode=true,manual=33,auto=-1,adj=0.0userId=0
12-17 19:35:24.629  1795  2380 D PowerManagerService: userActivityNoUpdateLocked: eventTime=123122243, event=1, flags=0x0, uid=1000
12-17 19:35:24.629  1795  2380 I PowerManager_screenOn: PowerManagerNotifier onUserActivity: event=1, uid=1000
12-17 19:35:24.630  1795  2380 D PowerManagerService: ready=true,policy=3,wakefulness=1,wksummary=0x0,uasummary=0x1,bootcompleted=true,boostinprogress=false,waitmodeenable=false,mode=true,manual=33,auto=-1,adj=0.0userId=0
12-17 19:35:24.630  1795  2380 D KeyEvent: obtain, mHwFlags=1874117200
12-17 19:35:24.630  1795  2380 I TransactionSponsor: Transact:getHwAdminCachedValue to device policy manager service.
12-17 19:35:24.631  1795  2380 I TransactionProcessor: HwDPMS received transaction_isHwFrameworkAdminAllowed, the ret: false
12-17 19:35:24.631  1795  1809 D KeyEvent: obtain, mHwFlags=0
12-17 19:35:24.632  4492  4492 D KeyEvent: obtain, mHwFlags=3
12-17 19:35:24.633  4690  4690 D KeyEvent: obtain, mHwFlags=-1291845632
12-17 19:35:24.664  1795  2381 D libfingersense_wrapper: Calling fingersense_touch_up()
12-17 19:35:24.664  1795  2381 D libfingersense_wrapper: fingersense_touch_up() finished
12-17 19:35:24.666  2852  2852 I SlideTouchEvent: handleTouchEvent:MotionEvent { action=ACTION_UP, actionButton=0, id[0]=0, x[0]=308.0, y[0]=119.0, toolType[0]=TOOL_TYPE_FINGER, buttonState=0, metaState=0, flags=0x0, edgeFlags=0x0, pointerCount=1, historySize=0, eventTime=123122281, downTime=123122230, deviceId=10, source=0x1002 }
12-17 19:35:24.666  2852  2852 I SlideTouchEvent: vel=0.0, MinimumFlingVelocity=150
12-17 19:35:24.666  2852  2852 I PhoneStatusBar: resumeSuspendedAutohide
12-17 19:35:24.666  2852  2852 I BarTransitions.HwPhoneStatusBarView: transitionTo: mode=MODE_TRANSPARENT, animate=false
12-17 19:35:24.666  2852  2852 I BarTransitions.HwNavigationBarView: transitionTo: mode=MODE_TRANSPARENT, animate=false
12-17 19:35:24.667  2852  2852 I HwNavigationBarTransitions: transitionTo:mode=4, isEmuiStyle=false
12-17 19:35:24.667  2852  2852 I TintImageView: onTouchEvent: code=4, action=1, event=MotionEvent { action=ACTION_UP, actionButton=0, id[0]=0, x[0]=98.0, y[0]=119.0, toolType[0]=TOOL_TYPE_FINGER, buttonState=0, metaState=0, flags=0x0, edgeFlags=0x0, pointerCount=1, historySize=0, eventTime=123122281, downTime=123122230, deviceId=10, source=0x1002 }
12-17 19:35:24.668  2852  2852 I TintImageView: sendEvent:action=1, flag=0
12-17 19:35:24.669  1795 11745 D KeyEvent: obtain, mHwFlags=0
12-17 19:35:24.669  1795 11745 D HwCustPhoneWindowManager: answer call by keyCode = 4, down = false, isSupVolumnkeyAnswerCall = false
12-17 19:35:24.669  1795 11745 I PowerManager_screenOn: HwPhoneWindowManager has intercept Key : 4, isdown : false, flags : 72
12-17 19:35:24.669  1795 11745 D WindowManager: interceptKeyTq keycode=4 interactive=true keyguardActive=false policyFlags=2b000002 down false canceled false
