12-17 19:35:16.497  5215  5215 D wpa_supplicant: wlan0: BSS: Remove id 503 BSSID 80:38:bc:08:43:00 SSID 'wlanaccessv2.0' due to no match in scan
12-17 19:35:16.497  5215  5215 D wpa_supplicant: CTRL-DEBUG: ctrl_sock-sendmsg: sock=16 sndbuf=229376 outq=0 send_len=44
12-17 19:35:16.497  5215  5215 D wpa_supplicant: CTRL_IFACE monitor sent successfully to /data/misc/wifi/sockets/wpa_ctrl_1795-194\x00
12-17 19:35:16.497  5215  5215 D wpa_supplicant: wlan0: BSS: Remove id 515 BSSID 80:38:bc:0a:f1:41 SSID 'Huawei-Employee' due to no match in scan
12-17 19:35:16.497  1795  5219 D WifiMonitor: Dispatching event to interface: wlan0
12-17 19:35:16.497  5215  5215 D wpa_supplicant: CTRL-DEBUG: ctrl_sock-sendmsg: sock=16 sndbuf=229376 outq=0 send_len=44
12-17 19:35:16.497  5215  5215 D wpa_supplicant: CTRL_IFACE monitor sent successfully to /data/misc/wifi/sockets/wpa_ctrl_1795-194\x00
12-17 19:35:16.498  1795  5219 D WifiMonitor: Dispatching event to interface: wlan0
12-17 19:35:16.498  5215  5215 D wpa_supplicant: wlan0: BSS: Remove id 516 BSSID 80:38:bc:0a:f2:01 SSID 'Huawei-Employee' due to no match in scan
12-17 19:35:16.498  5215  5215 D wpa_supplicant: CTRL-DEBUG: ctrl_sock-sendmsg: sock=16 sndbuf=229376 outq=0 send_len=44
12-17 19:35:16.498  5215  5215 D wpa_supplicant: CTRL_IFACE monitor sent successfully to /data/misc/wifi/sockets/wpa_ctrl_1795-194\x00
12-17 19:35:16.498  1795  5219 D WifiMonitor: Dispatching event to interface: wlan0
12-17 19:35:16.498  5215  5215 D wpa_supplicant: wlan0: BSS: Remove id 470 BSSID 80:38:bc:0b:1d:81 SSID 'Huawei-Employee' due to no match in scan
12-17 19:35:16.498  5215  5215 D wpa_supplicant: CTRL-DEBUG: ctrl_sock-sendmsg: sock=16 sndbuf=229376 outq=0 send_len=44
12-17 19:35:16.498  5215  5215 D wpa_supplicant: CTRL_IFACE monitor sent successfully to /data/misc/wifi/sockets/wpa_ctrl_1795-194\x00
12-17 19:35:16.498  1795  5219 D WifiMonitor: Dispatching event to interface: wlan0
12-17 19:35:16.498  5215  5215 D wpa_supplicant: wlan0: BSS: Remove id 497 BSSID 80:38:bc:0b:22:a0 SSID 'wlanaccessv2.0' due to no match in scan
12-17 19:35:16.498  5215  5215 D wpa_supplicant: CTRL-DEBUG: ctrl_sock-sendmsg: sock=16 sndbuf=229376 outq=0 send_len=44
12-17 19:35:16.498  5215  5215 D wpa_supplicant: CTRL_IFACE monitor sent successfully to /data/misc/wifi/sockets/wpa_ctrl_1795-194\x00
12-17 19:35:16.498  1795  5219 D WifiMonitor: Dispatching event to interface: wlan0
12-17 19:35:16.498  5215  5215 D wpa_supplicant: wlan0: BSS: Remove id 506 BSSID 80:38:bc:0a:f9:60 SSID 'wlanaccessv2.0' due to no match in scan
12-17 19:35:16.498  5215  5215 D wpa_supplicant: CTRL-DEBUG: ctrl_sock-sendmsg: sock=16 sndbuf=229376 outq=0 send_len=44
12-17 19:35:16.498  5215  5215 D wpa_supplicant: CTRL_IFACE monitor sent successfully to /data/misc/wifi/sockets/wpa_ctrl_1795-194\x00
12-17 19:35:16.498  1795  5219 D WifiMonitor: Dispatching event to interface: wlan0
12-17 19:35:16.498  5215  5215 D wpa_supplicant: wlan0: BSS: Remove id 504 BSSID 80:38:bc:0b:34:a1 SSID 'Huawei-Employee' due to no match in scan
12-17 19:35:16.498  5215  5215 D wpa_supplicant: CTRL-DEBUG: ctrl_sock-sendmsg: sock=16 sndbuf=229376 outq=0 send_len=44
12-17 19:35:16.499  5215  5215 D wpa_supplicant: CTRL_IFACE monitor sent successfully to /data/misc/wifi/sockets/wpa_ctrl_1795-194\x00
12-17 19:35:16.499  5215  5215 D wpa_supplicant: wlan0: BSS: Remove id 505 BSSID 80:38:bc:0b:22:a1 SSID 'Huawei-Employee' due to no match in scan
12-17 19:35:16.499  1795  5219 D WifiMonitor: Dispatching event to interface: wlan0
12-17 19:35:16.499  5215  5215 D wpa_supplicant: CTRL-DEBUG: ctrl_sock-sendmsg: sock=16 sndbuf=229376 outq=0 send_len=44
12-17 19:35:16.499  5215  5215 D wpa_supplicant: CTRL_IFACE monitor sent successfully to /data/misc/wifi/sockets/wpa_ctrl_1795-194\x00
12-17 19:35:16.499  1795  5219 D WifiMonitor: Dispatching event to interface: wlan0
12-17 19:35:16.499  5215  5215 D wpa_supplicant: wlan0: BSS: Remove id 507 BSSID 80:38:bc:0a:f9:41 SSID 'Huawei-Employee' due to no match in scan
12-17 19:35:16.499  5215  5215 D wpa_supplicant: CTRL-DEBUG: ctrl_sock-sendmsg: sock=16 sndbuf=229376 outq=0 send_len=44
12-17 19:35:16.499  5215  5215 D wpa_supplicant: CTRL_IFACE monitor sent successfully to /data/misc/wifi/sockets/wpa_ctrl_1795-194\x00
12-17 19:35:16.499  1795  5219 D WifiMonitor: Dispatching event to interface: wlan0
12-17 19:35:16.499  5215  5215 D wpa_supplicant: wlan0: BSS: Remove id 517 BSSID 80:38:bc:0b:04:41 SSID 'Huawei-Employee' due to no match in scan
12-17 19:35:16.499  5215  5215 D wpa_supplicant: CTRL-DEBUG: ctrl_sock-sendmsg: sock=16 sndbuf=229376 outq=0 send_len=44
12-17 19:35:16.499  5215  5215 D wpa_supplicant: CTRL_IFACE monitor sent successfully to /data/misc/wifi/sockets/wpa_ctrl_1795-194\x00
12-17 19:35:16.499  1795  5219 D WifiMonitor: Dispatching event to interface: wlan0
12-17 19:35:16.499  5215  5215 D wpa_supplicant: wlan0: BSS: Remove id 499 BSSID 80:38:bc:0a:f1:e0 SSID 'wlanaccessv2.0' due to no match in scan
12-17 19:35:16.499  5215  5215 D wpa_supplicant: CTRL-DEBUG: ctrl_sock-sendmsg: sock=16 sndbuf=229376 outq=0 send_len=44
12-17 19:35:16.499  5215  5215 D wpa_supplicant: CTRL_IFACE monitor sent successfully to /data/misc/wifi/sockets/wpa_ctrl_1795-194\x00
12-17 19:35:16.500  1795  5219 D WifiMonitor: Dispatching event to interface: wlan0
12-17 19:35:16.500  5215  5215 D wpa_supplicant: wlan0: BSS: Remove id 508 BSSID 80:38:bc:0a:ef:21 SSID 'Huawei-Employee' due to no match in scan
12-17 19:35:16.500  5215  5215 D wpa_supplicant: CTRL-DEBUG: ctrl_sock-sendmsg: sock=16 sndbuf=229376 outq=0 send_len=44
12-17 19:35:16.500  5215  5215 D wpa_supplicant: CTRL_IFACE monitor sent successfully to /data/misc/wifi/sockets/wpa_ctrl_1795-194\x00
12-17 19:35:16.500  1795  5219 D WifiMonitor: Dispatching event to interface: wlan0
12-17 19:35:16.500  5215  5215 D wpa_supplicant: wlan0: BSS: Remove id 482 BSSID 18:c5:8a:1a:4d:21 SSID 'Huawei-Employee' due to no match in scan
12-17 19:35:16.500  5215  5215 D wpa_supplicant: CTRL-DEBUG: ctrl_sock-sendmsg: sock=16 sndbuf=229376 outq=0 send_len=44
12-17 19:35:16.500  5215  5215 D wpa_supplicant: CTRL_IFACE monitor sent successfully to /data/misc/wifi/sockets/wpa_ctrl_1795-194\x00
12-17 19:35:16.500  5215  5215 D wpa_supplicant: wlan0: BSS: Remove id 518 BSSID 80:38:bc:0b:25:e1 SSID 'Huawei-Employee' due to no match in scan
12-17 19:35:16.500  1795  5219 D WifiMonitor: Dispatching event to interface: wlan0
12-17 19:35:16.500  5215  5215 D wpa_supplicant: CTRL-DEBUG: ctrl_sock-sendmsg: sock=16 sndbuf=229376 outq=0 send_len=44
12-17 19:35:16.500  5215  5215 D wpa_supplicant: CTRL_IFACE monitor sent successfully to /data/misc/wifi/sockets/wpa_ctrl_1795-194\x00
12-17 19:35:16.500  5215  5215 D wpa_supplicant: BSS: last_scan_res_used=16/64
12-17 19:35:16.500  1795  5219 D WifiMonitor: Dispatching event to interface: wlan0
12-17 19:35:16.500  5215  5215 D wpa_supplicant: Add randomness: count=890 entropy=493
12-17 19:35:16.500  5215  5215 D wpa_supplicant: random pool - hexdump(len=128): [REMOVED]
12-17 19:35:16.500  5215  5215 D wpa_supplicant: random_mix_pool - hexdump(len=16): [REMOVED]
12-17 19:35:16.500  5215  5215 D wpa_supplicant: random_mix_pool - hexdump(len=5): [REMOVED]
12-17 19:35:16.500  5215  5215 D wpa_supplicant: random pool - hexdump(len=128): [REMOVED]
12-17 19:35:16.500  5215  5215 D wpa_supplicant: Add randomness: count=891 entropy=494
12-17 19:35:16.500  5215  5215 D wpa_supplicant: random pool - hexdump(len=128): [REMOVED]
12-17 19:35:16.500  5215  5215 D wpa_supplicant: random_mix_pool - hexdump(len=16): [REMOVED]
12-17 19:35:16.500  5215  5215 D wpa_supplicant: random_mix_pool - hexdump(len=5): [REMOVED]
12-17 19:35:16.500  5215  5215 D wpa_supplicant: random pool - hexdump(len=128): [REMOVED]
12-17 19:35:16.500  5215  5215 D wpa_supplicant: Add randomness: count=892 entropy=495
12-17 19:35:16.500  5215  5215 D wpa_supplicant: random pool - hexdump(len=128): [REMOVED]
12-17 19:35:16.500  5215  5215 D wpa_supplicant: random_mix_pool - hexdump(len=16): [REMOVED]
12-17 19:35:16.501  5215  5215 D wpa_supplicant: random_mix_pool - hexdump(len=5): [REMOVED]
12-17 19:35:16.501  5215  5215 D wpa_supplicant: random pool - hexdump(len=128): [REMOVED]
12-17 19:35:16.501  5215  5215 D wpa_supplicant: Add randomness: count=893 entropy=496
12-17 19:35:16.501  5215  5215 D wpa_supplicant: random pool - hexdump(len=128): [REMOVED]
12-17 19:35:16.501  5215  5215 D wpa_supplicant: random_mix_pool - hexdump(len=16): [REMOVED]
12-17 19:35:16.501  5215  5215 D wpa_supplicant: random_mix_pool - hexdump(len=5): [REMOVED]
12-17 19:35:16.501  5215  5215 D wpa_supplicant: random pool - hexdump(len=128): [REMOVED]
12-17 19:35:16.501  5215  5215 D wpa_supplicant: Add randomness: count=894 entropy=497
12-17 19:35:16.501  5215  5215 D wpa_supplicant: random pool - hexdump(len=128): [REMOVED]
12-17 19:35:16.501  5215  5215 D wpa_supplicant: random_mix_pool - hexdump(len=16): [REMOVED]
12-17 19:35:16.501  5215  5215 D wpa_supplicant: random_mix_pool - hexdump(len=5): [REMOVED]
12-17 19:35:16.501  5215  5215 D wpa_supplicant: random pool - hexdump(len=128): [REMOVED]
12-17 19:35:16.501  5215  5215 D wpa_supplicant: Add randomness: count=895 entropy=498
12-17 19:35:16.501  5215  5215 D wpa_supplicant: random pool - hexdump(len=128): [REMOVED]
12-17 19:35:16.501  5215  5215 D wpa_supplicant: random_mix_pool - hexdump(len=16): [REMOVED]
12-17 19:35:16.501  5215  5215 D wpa_supplicant: random_mix_pool - hexdump(len=5): [REMOVED]
12-17 19:35:16.501  5215  5215 D wpa_supplicant: random pool - hexdump(len=128): [REMOVED]
12-17 19:35:16.501  5215  5215 D wpa_supplicant: Add randomness: count=896 entropy=499
12-17 19:35:16.501  5215  5215 D wpa_supplicant: random pool - hexdump(len=128): [REMOVED]
12-17 19:35:16.501  5215  5215 D wpa_supplicant: random_mix_pool - hexdump(len=16): [REMOVED]
12-17 19:35:16.501  5215  5215 D wpa_supplicant: random_mix_pool - hexdump(len=5): [REMOVED]
12-17 19:35:16.501  5215  5215 D wpa_supplicant: random pool - hexdump(len=128): [REMOVED]
12-17 19:35:16.501  5215  5215 D wpa_supplicant: Add randomness: count=897 entropy=500
12-17 19:35:16.501  5215  5215 D wpa_supplicant: random pool - hexdump(len=128): [REMOVED]
12-17 19:35:16.501  5215  5215 D wpa_supplicant: random_mix_pool - hexdump(len=16): [REMOVED]
12-17 19:35:16.501  5215  5215 D wpa_supplicant: random_mix_pool - hexdump(len=5): [REMOVED]
12-17 19:35:16.501  5215  5215 D wpa_supplicant: random pool - hexdump(len=128): [REMOVED]
12-17 19:35:16.501  5215  5215 D wpa_supplicant: Add randomness: count=898 entropy=501
12-17 19:35:16.501  5215  5215 D wpa_supplicant: random pool - hexdump(len=128): [REMOVED]
12-17 19:35:16.501  5215  5215 D wpa_supplicant: random_mix_pool - hexdump(len=16): [REMOVED]
