12-17 19:31:57.779   606  2379 E libteec : QSEECom_send_cmd return!
12-17 19:31:57.779   606  2379 E libteec : qsc_send_cmd finish
12-17 19:31:57.779   606  2379 E libteec : send data return = 1152
12-17 19:31:57.779   835  2385 E libteec : receive data len = 1152
12-17 19:31:57.779   835  2385 E libteec : begin
12-17 19:31:57.779   835  2385 E libteec : qsc_decode end
12-17 19:31:57.779   835  2385 E libteec : begin
12-17 19:31:57.779   606  2379 E libteec : receive data len = 128
12-17 19:31:57.780  1795  2671 D WifiStateMachine:  ConnectedState !CMD_SCREEN_STATE_CHANGED  rt=123030952/442854143 0 0
12-17 19:31:57.780  1795  2671 D WifiStateMachine:  L2ConnectedState !CMD_SCREEN_STATE_CHANGED  rt=123030952/442854144 0 0
12-17 19:31:57.780  1795  2671 D WifiStateMachine:  ConnectModeState !CMD_SCREEN_STATE_CHANGED  rt=123030952/442854144 0 0
12-17 19:31:57.780  1795  2671 D WifiStateMachine:  DriverStartedState !CMD_SCREEN_STATE_CHANGED  rt=123030952/442854144 0 0
12-17 19:31:57.780  1795  2671 D WifiStateMachine:  SupplicantStartedState !CMD_SCREEN_STATE_CHANGED  rt=123030952/442854144 0 0
12-17 19:31:57.780  1795  2671 D WifiStateMachine:  DefaultState !CMD_SCREEN_STATE_CHANGED  rt=123030952/442854144 0 0
12-17 19:31:57.780  1795  2671 D PowerManagerService: acquire lock=244575063, flags=0x1, tag="WifiSuspend", name=android, ws=null, uid=1000, pid=1795
12-17 19:31:57.780  1795  2671 D PowerManagerService: ready=false,policy=3,wakefulness=1,wksummary=0x11,uasummary=0x1,bootcompleted=true,boostinprogress=false,waitmodeenable=false,mode=true,manual=33,auto=-1,adj=0.0userId=0
12-17 19:31:57.780  1795  2671 D PowerManagerService: Acquiring suspend blocker "PowerManagerService.WakeLocks".
12-17 19:31:57.781  1795  1825 I PowerManager_screenOn: DisplayPowerController Blocking screen on until initial contents have been drawn.
12-17 19:31:57.781  1795  1795 D HwConnectivityService: mIntentReceiver begin
12-17 19:31:57.781  1795  1795 D HwKeyguardManagerImpl: isLockScreenDisabled HwKeyguardManagerImpl result = false
12-17 19:31:57.782  1795  1795 D HwConnectivityService: CtrlSocket Receiver,disable: false locked: true action: android.intent.action.SCREEN_OFF mSmartKeyguardLevel: normal_level mStartPowerSaving: false
12-17 19:31:57.782  1795  1795 D HwConnectivityService: receive screen off intent!
12-17 19:31:57.782  1795  1795 D HwConnectivityService: wifi tethering: false
12-17 19:31:57.782  1795  1795 D HwConnectivityService: Usb tethering: false
12-17 19:31:57.782  1795  1795 D HwConnectivityService: bt tethering: false
12-17 19:31:57.782  1795  1795 D HwConnectivityService: pluggedStatus: 0
12-17 19:31:57.782  1795  1795 D HwConnectivityService: is charging: false
12-17 19:31:57.782  1795  2671 I AlarmManager: remove(null) changed bounds; rebatching
12-17 19:31:57.782  2852  2852 I BadgedIconHelper: isCloneProcess = false
12-17 19:31:57.783   606  2379 E libteec : QSEECom_send_cmd return!
12-17 19:31:57.783   606  2379 E libteec : qsc_send_cmd finish
12-17 19:31:57.783   606  2379 E libteec : send data return = 128
12-17 19:31:57.783   835  2385 E libteec : receive data len = 128
12-17 19:31:57.783   835  2385 E libteec : begin
12-17 19:31:57.783   835  2385 E libteec : qsc_decode end
12-17 19:31:57.783   835  2385 I fpc_tac : fpc_tac_begin_identify---need_liveness_authentication: 0
12-17 19:31:57.783   835  2385 E libteec : begin
12-17 19:31:57.783  2852  2852 I BadgedIconHelper: isCloneProcess = false
12-17 19:31:57.783   606  2379 E libteec : receive data len = 192
12-17 19:31:57.783  3608  3608 D InCall  : InCallPresenter - notifyInCallScreenIsForeground: false
12-17 19:31:57.784  3608  3608 I SendBroadcastPermission: action:InCallScreenIsForegroundActivity, mPermissionType:0
12-17 19:31:57.784  1795  2671 E WifiScanner: listener cannot be found
12-17 19:31:57.784  1795  2671 D WifiStateMachine:  ConnectedState CMD_ENABLE_RSSI_POLL  rt=123030956/442854148 0 0
12-17 19:31:57.784  1795  2671 D WifiStateMachine:  L2ConnectedState CMD_ENABLE_RSSI_POLL  rt=123030956/442854148 0 0
12-17 19:31:57.784  1795  2671 D WifiStateMachine:  ConnectedState CMD_SET_SUSPEND_OPT_ENABLED  rt=123030956/442854148 1 0
12-17 19:31:57.784  1795  2671 D WifiStateMachine:  L2ConnectedState CMD_SET_SUSPEND_OPT_ENABLED  rt=123030956/442854148 1 0
12-17 19:31:57.784  1795  2671 D WifiStateMachine:  ConnectModeState CMD_SET_SUSPEND_OPT_ENABLED  rt=123030956/442854148 1 0
12-17 19:31:57.784  1795  2671 D WifiStateMachine:  DriverStartedState CMD_SET_SUSPEND_OPT_ENABLED  rt=123030956/442854148 1 0
12-17 19:31:57.784  1795  2671 D WifiHW  : wifi_send_command: cmd:'IFNAME=wlan0 DRIVER SETSUSPENDMODE 1'
12-17 19:31:57.785  5215  5215 D wpa_supplicant: wlan0: Control interface command 'DRIVER SETSUSPENDMODE 1'
12-17 19:31:57.785  1795  1821 I WindowManger_keyguard: Setting mDismissKeyguard true by win Window{e6a6b5e u0 com.android.incallui/com.android.incallui.InCallActivity}
12-17 19:31:57.787   606  2379 E libteec : QSEECom_send_cmd return!
12-17 19:31:57.787   606  2379 E libteec : qsc_send_cmd finish
12-17 19:31:57.787   606  2379 E libteec : send data return = 192
12-17 19:31:57.788   835  2385 E libteec : receive data len = 192
12-17 19:31:57.788   835  2385 E libteec : begin
12-17 19:31:57.788   835  2385 E libteec : qsc_decode end
12-17 19:31:57.788   835  2385 I fpc_tac : fpc_tac_send_set_arbitrary_data_cmd:ok, response:0
12-17 19:31:57.788   835  2385 D fingerprintd: onAcquired(2001)
12-17 19:31:57.788   835  2385 E libteec : begin
12-17 19:31:57.788   606  2379 E libteec : receive data len = 128
12-17 19:31:57.788  1795  3139 W FingerprintService: onAcquired 1
12-17 19:31:57.788  1795  2326 W FingerprintService: onAcquired 2
12-17 19:31:57.790  2852  2852 I NotificationContentView: transferRemoteInputFocus: 0
12-17 19:31:57.791  3218  3234 D PhoneInterfaceManager: [PhoneIntfMgr] getDataEnabled: subId=0 phoneId=0
12-17 19:31:57.791  3218  3234 D PhoneInterfaceManager: [PhoneIntfMgr] getDataEnabled: subId=0 retVal=false
12-17 19:31:57.791  1795  1795 D HwConnectivityService: CtrlSocket getMobileDataEnabled = false
12-17 19:31:57.792  2852  2852 I NotificationContentView: transferRemoteInputFocus: 0
12-17 19:31:57.793  2852  2852 I StackScrollAlgorithm: overlapAmount:763.6, previousNotificationEnd:607.0, newYTranslation:-156.59998, location:2, i:1, getTopPadding:499.0, getLocationOnScreen():-36
12-17 19:31:57.793  2852  2852 I StackScrollAlgorithm: updateClipping isOverlap:true
12-17 19:31:57.793  2852  2852 I StackScrollAlgorithm: updateDimmedActivatedHideSensitive overlap:true
12-17 19:31:57.794  2852  2852 I NotificationContentView: transferRemoteInputFocus: 1
12-17 19:31:57.795  2852  2852 I HwExpandableNotificationRowHelper: unclear notification ,notificationPkgName:com.android.incallui key:0|com.android.incallui|2|null|1001
12-17 19:31:57.795  2852  2852 I ActivatableNotificationView: setOverlap mOverlap:true, mDimmed:false
12-17 19:31:57.796  2852  2852 I ActivatableNotificationView: setOverlap mOverlap:true, mDimmed:false
12-17 19:31:57.796  1795  1821 I WindowManger_keyguard: Setting mDismissKeyguard true by win Window{e6a6b5e u0 com.android.incallui/com.android.incallui.InCallActivity}
12-17 19:31:57.797  2852  2852 D StatusBar: updateNotification(StatusBarNotification(pkg=com.huawei.health user=UserHandle{0} id=10010 tag=null key=0|com.huawei.health|10010|null|10099: Notification(pri=0 contentView=null vibrate=null sound=null defaults=0x0 flags=0x62 color=0x00000000 vis=PRIVATE)))
12-17 19:31:57.797  2852  2852 D HwCust  : Create obj success use class android.app.HwCustNotificationImpl
12-17 19:31:57.798  2852  2852 I StatusBarIconView: updateTint: tint=0
12-17 19:31:57.799  2852  2852 D StatusBar: No peeking: unimportant notification: 0|com.huawei.health|10010|null|10099
12-17 19:31:57.799  2852  2852 D StatusBar: applyInPlace=true shouldPeek=false alertAgain=true
12-17 19:31:57.799  2852  2852 I NotificationGroupManager: onEntryUpdated:0|com.huawei.health|10010|null|10099
12-17 19:31:57.799  2852  2852 I NotificationGroupManager: onEntryAdded:0|com.huawei.health|10010|null|10099, group=0|com.huawei.health|10010|null|10099
12-17 19:31:57.799  2852  2852 D StatusBar: reusing notification for key: 0|com.huawei.health|10010|null|10099
12-17 19:31:57.799  2852  2852 D HwCust  : Create obj success use class android.app.HwCustNotificationImpl
12-17 19:31:57.800  2852  2852 D HwCust  : Create obj success use class android.app.HwCustNotificationImpl
12-17 19:31:57.800  2852  2852 I StatusBarIconView: updateTint: tint=0
12-17 19:31:57.806  2852  2852 I HwPhoneStatusBar: updateNotificationShade
12-17 19:31:57.806  2852  2852 I PhoneStatusBar: updateNotificationShade
12-17 19:31:57.806  2852  2852 I PhoneStatusBar: removeNotificationChildren
12-17 19:31:57.806  2852  2852 I HwNotificationIconAreaController: showNotificationAll
12-17 19:31:57.807  5215  5215 D wpa_supplicant: wpa_driver_nl80211_driver_cmd SETSUSPENDMODE 1 len = 0, 4096
12-17 19:31:57.807  5215  5215 D wpa_supplicant: CTRL-DEBUG: global_ctrl_sock-sendto: sock=16 sndbuf=229376 outq=0 send_len=3
12-17 19:31:57.807   606  2379 E libteec : QSEECom_send_cmd return!
12-17 19:31:57.807   606  2379 E libteec : qsc_send_cmd finish
12-17 19:31:57.807   606  2379 E libteec : send data return = 128
12-17 19:31:57.807   835  2385 E libteec : receive data len = 128
12-17 19:31:57.807   835  2385 E libteec : begin
12-17 19:31:57.807   835  2385 E libteec : qsc_decode end
12-17 19:31:57.808  1795  2671 D PowerManagerService: release:lock=244575063, flg=0x0, tag="WifiSuspend", name=android", ws=null, uid=1000, pid=1795
