12-17 19:33:03.666  2883  2996 I HwSystemManager: TafficState:default sub id = 0slotIndex = 0 subscriptionId = 0
12-17 19:33:03.669  3626  3626 I iMonitor: send: 903001010
12-17 19:33:03.669  5224  5224 I Step_LSC: 20002302|logicalDealBroadcastEvent : Intent { act=android.intent.action.SCREEN_ON flg=0x50000010 }
12-17 19:33:03.669   818  1152 I logserver: handle_exception_events enter
12-17 19:33:03.670  5224  5283 I Step_LSC: 20002302| ## MSG_DEAL_SYSTEM_EVENT android.intent.action.SCREEN_ON
12-17 19:33:03.670  5224  5283 I Step_StandStepCounter: 20002302|flush sensor data
12-17 19:33:03.670  3626  3770 I LSC_903001010: process buffer and get message
12-17 19:33:03.671  1795 11747 I qti_sensors_hal: flush,395,handle 49
12-17 19:33:03.671  1795 11747 I qti_sensors_hal: flush:sensor(android.sensor.step_counter) handle:49
12-17 19:33:03.671  2883  2996 E HwSystemManager: LeisureTrafficSetting:result is empty
12-17 19:33:03.671  5224  5283 I Step_LSC: 20002302|REPORT : 4195 89805 2995 0
12-17 19:33:03.672  5224  5283 I SendBroadcastPermission: action:android.com.huawei.bone.NOTIFY_SPORT_DATA, mPermissionType:0
12-17 19:33:03.674  1795  2332 I qti_sensors_hal: [ACC]processReportInd: X: 7.446286 Y: 6.090949 Z: -0.386400  x_offset:0.160831 y_offset:0.184366 z_offset:0.985027
12-17 19:33:03.675  5224  5283 I SendBroadcastPermission: action:android.com.huawei.bone.NOTIFY_SPORT_DATA, mPermissionType:0
12-17 19:33:03.675  2883  2996 I HwSystemManager: NatTrafficNotifyService:delta byte = 0 no traffic delta = 0Traffic state is 301
12-17 19:33:03.679  1795 16500 I HwActivityManagerService: Split enqueueing broadcast [callerApp]:ProcessRecord{580cfb2 5224:com.huawei.health:DaemonService/u0a99}
12-17 19:33:03.680  2852  2852 I EventCenter: EventCenter Get :android.com.huawei.bone.NOTIFY_SPORT_DATA
12-17 19:33:03.681  5224  5283 I Step_HSNH: 20002302|upDateHealthNotification()|90|2.99|4195
12-17 19:33:03.682  2883  2996 I HwSystemManager: ExtraTrafficSetting:result is empty
12-17 19:33:03.682  5224  5283 I Step_HSNH: 20002302|rebuild notification
12-17 19:33:03.686  1795  3111 I NotificationManager: enqueueNotificationInternal: pkg=com.huawei.health id=10010 notification=Notification(pri=0 contentView=null vibrate=null sound=null defaults=0x0 flags=0x2 color=0x00000000 vis=PRIVATE)
12-17 19:33:03.687  7741  7741 D Mms_TX_NOTIFY: Get no-perm notification callback android.intent.action.SCREEN_ON
12-17 19:33:03.687  1795  1795 I NotificationManager: enqueueNotificationInternal: n.getKey = 0|com.huawei.health|10010|null|10099
12-17 19:33:03.687  7741  7741 D Mms_TX_NOTIFY: ScreenState present
12-17 19:33:03.687  1795  1795 V NotificationService: disableEffects=null canInterrupt=false once update: false
12-17 19:33:03.688  1795  2748 D HwAmbientLuxFilterAlgo: earliestValidTime + POWER_ON_BRIGHTENING_LIGHT_DEBOUNCE
12-17 19:33:03.688  1795  2748 D HwAmbientLuxFilterAlgo: earliestValidTime + POWER_ON_DARKENING_LIGHT_DEBOUNCE
12-17 19:33:03.689  2852  2852 I StatusBar: onNotificationPosted: StatusBarNotification(pkg=com.huawei.health user=UserHandle{0} id=10010 tag=null key=0|com.huawei.health|10010|null|10099: Notification(pri=0 contentView=null vibrate=null sound=null defaults=0x0 flags=0x62 color=0x00000000 vis=PRIVATE)) important=2, post=1481974383686, when=1481531589202, vis=0, userid=0
12-17 19:33:03.690  2852  2852 D StatusBar: updateNotification(StatusBarNotification(pkg=com.huawei.health user=UserHandle{0} id=10010 tag=null key=0|com.huawei.health|10010|null|10099: Notification(pri=0 contentView=null vibrate=null sound=null defaults=0x0 flags=0x62 color=0x00000000 vis=PRIVATE)))
12-17 19:33:03.690  2852  2852 D HwCust  : Create obj success use class android.app.HwCustNotificationImpl
12-17 19:33:03.691  2852  2852 I StatusBarIconView: updateTint: tint=0
12-17 19:33:03.692  2852  2852 D StatusBar: No peeking: unimportant notification: 0|com.huawei.health|10010|null|10099
12-17 19:33:03.692  2852  2852 D StatusBar: applyInPlace=true shouldPeek=false alertAgain=true
12-17 19:33:03.692  2852  2852 I NotificationGroupManager: onEntryUpdated:0|com.huawei.health|10010|null|10099
12-17 19:33:03.692  2852  2852 I NotificationGroupManager: onEntryAdded:0|com.huawei.health|10010|null|10099, group=0|com.huawei.health|10010|null|10099
12-17 19:33:03.692  2852  2852 D StatusBar: reusing notification for key: 0|com.huawei.health|10010|null|10099
12-17 19:33:03.692  2852  2852 D HwCust  : Create obj success use class android.app.HwCustNotificationImpl
12-17 19:33:03.692  2852  2852 D HwCust  : Create obj success use class android.app.HwCustNotificationImpl
12-17 19:33:03.693  2852  2852 I StatusBarIconView: updateTint: tint=0
12-17 19:33:03.695  3466  3466 I Contacts: DialpadFragment mBroadcastReceiver action:android.intent.action.SCREEN_ON
12-17 19:33:03.698  3608  3608 D InCall  : InCallActivity - mScreenOnReceiver mCallEndOptionsDialog = null
12-17 19:33:03.700  2883  2996 I HwSystemManager: ITrafficInfo:ITrafficInfo create 301updateBytes = 1769320345
12-17 19:33:03.701  2852  2852 I HwPhoneStatusBar: updateNotificationShade
12-17 19:33:03.701  2852  2852 I PhoneStatusBar: updateNotificationShade
12-17 19:33:03.701  2852  2852 I PhoneStatusBar: removeNotificationChildren
12-17 19:33:03.701  2852  2852 I HwNotificationIconAreaController: showNotificationAll
12-17 19:33:03.703  2852  2852 I NotificationContentView: transferRemoteInputFocus: 0
12-17 19:33:03.704  2852  2852 I NotificationContentView: transferRemoteInputFocus: 0
12-17 19:33:03.705  2852  2852 I StackScrollAlgorithm: updateClipping isOverlap:false
12-17 19:33:03.705  2852  2852 I StackScrollAlgorithm: updateDimmedActivatedHideSensitive overlap:false
12-17 19:33:03.713  1795 16498 D StubTelephonyRegistry: uid:10028 pid:16628 PhoneStateListener.LISTEN_CELL_LOCATION:16 events:16
12-17 19:33:03.713  1795 16498 D StubTelephonyRegistry: LISTEN_CELL_LOCATION uid:10028
12-17 19:33:03.714 16628 16628 I TotemWeather: RetryTaskController:mTaskList is null
12-17 19:33:03.714  3608  3608 I InCall  : ProximitySensor - ProximitySensor{keybrd=0, dpad=0, offhook=1, hor=0, ui=1, aud=EARPIECE}
12-17 19:33:03.714  3608  3608 D InCall  : ProximitySensor - Turning on proximity sensor
12-17 19:33:03.714  3608  3608 I InCall  : ProximitySensor - Proximity wake lock already acquired
12-17 19:33:03.722 31949 31967 I PushService: main{1} PushService.onStartCommand(PushService.java:87) Push Service Start by  userEvent
12-17 19:33:03.723 31949 31967 I eSpaceService: WatchThread{4786} TcpCirChannel.shutdown(TcpCirChannel.java:257) Login_By_Step-> shut down now connect
12-17 19:33:03.724 31949 31967 I ECS     : WatchThread{4786} TcpClient.clearAll(TcpClient.java:240) ==================== TCP CLIENT CLEAR ALL ====================
12-17 19:33:03.726 31949 31967 I ECS     : WatchThread{4786} TcpClient.disconnect_i(TcpClient.java:202) ==================== TCP CLIENT DISCONNECT ====================
12-17 19:33:03.727   816 20449 D DnsProxyListener: GetAddrInfoHandler addr: uc.huawei.com {304, 917808, 10102} 172.30.70.63
12-17 19:33:03.727 31949 31967 I TCP     : WatchThread{4786} TcpClientThread.disconnectSocket(TcpClientThread.java:369) disconnecting to uc.huawei.com:7801
12-17 19:33:03.729  1795  3249 I AlarmManager: remove(PendingIntent{5747a72: PendingIntentRecord{7f86237 com.huawei.espacev2 broadcastIntent}}) changed bounds; rebatching
12-17 19:33:03.733  1795  3884 I AlarmManager: set(PendingIntent{6130ec3: PendingIntentRecord{7f86237 com.huawei.espacev2 broadcastIntent}}) : type=0 triggerAtTime=1481974683731 win=0 tElapsed=443220095 maxElapsed=443220095 interval=300000 flags=0x1
12-17 19:33:03.733  3218  6115 W PhoneInterfaceManager: shouldBlockLocation running ...
12-17 19:33:03.733  3218  6115 I PhoneInterfaceManager: shouldBlockLocation  ret:false
12-17 19:33:03.734  1795  2332 I qti_sensors_hal: [ACC]processReportInd: X: 7.024716 Y: 6.624991 Z: -1.242046  x_offset:0.160831 y_offset:0.184366 z_offset:0.985027
12-17 19:33:03.736 31949 31967 I TCP     : WatchThread{4786} TcpSocket.close(TcpSocket.java:158) shutdown output: java.net.SocketException: Socket is closed
12-17 19:33:03.737 31949 31985 I PushService: connect :true
12-17 19:33:03.737 31949 31967 I TCP     : WatchThread{4786} TcpSocket.close(TcpSocket.java:170) shutdown input: java.net.SocketException: Socket is closed
12-17 19:33:03.738 31949 31967 W TCP     : tcp.recv{4790} TcpSocket.read(TcpSocket.java:242) <<< WARN(5) >>> java.net.SocketException: Socket closed
12-17 19:33:03.739 31949 31967 I TCP     : WatchThread{4786} TcpClientThread.closeSocket(TcpClientThread.java:396) closed socket.
12-17 19:33:03.740 31949 31967 E TCP     : tcp.recv{4790} TcpClientThread.readSocket(TcpClientThread.java:452) <<< ERROR(6) >>> socket read length failure -104
12-17 19:33:03.741 31949 31967 I eSpaceService: WatchThread{4786} TcpCirChannel.connect(TcpCirChannel.java:219) Connect to server  address = [uc.huawei.com,]  port = 7801
12-17 19:33:03.742 31949 31967 I TCP     : tcp.recv{4790} TcpClientThread.onReceiverWork(TcpClientThread.java:314) disconnected
12-17 19:33:03.743 31949 31967 I ECS     : WatchThread{4786} TcpClient.clearAll(TcpClient.java:240) ==================== TCP CLIENT CLEAR ALL ====================
12-17 19:33:03.743 31949 31967 I ECS     : WatchThread{4786} TcpClient.connect(TcpClient.java:162) ==================== TCP CLIENT CONNECT [2] ====================
12-17 19:33:03.744 31949 31967 I TCP     : WatchThread{4786} TcpClientThread.connect(TcpClientThread.java:52) will connect to uc.huawei.com:7801
12-17 19:33:03.745 31949 31967 I TCP     : tcp.conn{4787} TcpClientThread.connectSocket(TcpClientThread.java:349) connecting max 30000ms to uc.huawei.com:7801
12-17 19:33:03.746 10324 10324 D MagicLink: MagicLink2-BroadcastReceiver:====>ACTION_SCREEN_ON
12-17 19:33:03.746 31949 31967 I TCP     : tcp.conn{4787} TcpSocket.connect_i(TcpSocket.java:84) connecting to ip address uc.huawei.com/172.30.70.63
12-17 19:33:03.747 31949 31967 I TCP     : tcp.recv{4790} TcpClientThread.onReceiverWork(TcpClientThread.java:292) connected
12-17 19:33:03.748 31949 31967 I TCP     : tcp.conn{4787} TcpClientThread.connectSocket(TcpClientThread.java:360) notify user tcp connected successully at 36837 to uc.huawei.com:7801
12-17 19:33:03.751  1795  3111 D PowerManagerService: release:lock=5152000, flg=0x0, tag="RILJ_ACK_WL", name=com.android.phone", ws=null, uid=1001, pid=3218
12-17 19:33:03.751  1795  3111 D PowerManagerService: ready=true,policy=3,wakefulness=1,wksummary=0x10,uasummary=0x1,bootcompleted=true,boostinprogress=false,waitmodeenable=false,mode=true,manual=33,auto=-1,adj=0.0userId=0
12-17 19:33:03.751  1795  3111 D PowerManagerService: Releasing suspend blocker "PowerManagerService.WakeLocks".
12-17 19:33:03.754 31949 31967 I TCP     : tcp.conn{4787} TcpClientThread.onRecv(TcpClientThread.java:522) tcp connection event TCP_CONNECTED
12-17 19:33:03.757 16354 16354 E HwSystemManager: MemCPUMonitor:startTimerMonitor isCompleted = true
12-17 19:33:03.758 31949 31967 I PushService: tcp.conn{4787} ServiceC.connectedNotify(ServiceC.java:289) 172.30.70.63
12-17 19:33:03.760 31949 31967 I ECS     : tcp.conn{4787} XmlMsg.encodeBuf(XmlMsg.java:215) SEND 100 bytes [16]_00_00_00_60_00_03_01_05_01_04_81_BD_00_00_00_00 cmdCode(CC_PCheckVersion.0x0501)msgType(MT_ARG.1)msgClass(MC_Push.5)sender(ST_Mobile.0)crypted(false)zipped(false)nobase64(true)length(96)version(3)sno(81BD)
12-17 19:33:03.762 17238 17238 D Bth     : BtChrStatisticsManager:sendScreenOnEvent enter.
12-17 19:33:03.763 17238 17252 D Bth     : BtChrStatisticsManager:msg Loop is running.
12-17 19:33:03.765 31949 31967 I TCP     : tcp.recv{4790} TcpClientThread.onReceiverWork(TcpClientThread.java:307) get tcp message 659
12-17 19:33:03.785  1795  1795 D PowerManagerService: Releasing suspend blocker "PowerManagerService.Broadcasts".
12-17 19:33:03.790  1795 17831 W ActivityManager: getRunningAppProcesses: caller 10105 does not hold REAL_GET_TASKS; limiting output
12-17 19:33:03.795  1795  2332 I qti_sensors_hal: [ACC]processReportInd: X: 7.985074 Y: 5.453864 Z: -0.728099  x_offset:0.160831 y_offset:0.184366 z_offset:0.985027
12-17 19:33:03.837  3626  3753 I LogCollectService: msg = 103 received
12-17 19:33:03.856  1795  2332 I qti_sensors_hal: [ACC]processReportInd: X: 8.508725 Y: 5.560675 Z: -1.319317  x_offset:0.160831 y_offset:0.184366 z_offset:0.985027
12-17 19:33:03.903  1795  2371 E huawei_ProximitySensor_CPP_Test: ProximitySensor: 9 is far event,0 is close event,value = 0.000000
12-17 19:33:03.903  1795  2371 I huawei_ProximitySensor_CPP_Test: readEvents:345: ProximitySensor: getTimestamp,mPendingEvent.timestamp =1764285744 
