12-17 19:35:12.023  2852  2852 I HwBrightnessUtils: APS brightness=10.0,ConvertToPercentage=0.12564759
12-17 19:35:12.023  2852  2852 I HwBrightnessUtils:  getSeekBarProgress isAutoMode:true current brightness:10 percentage:0.12564759
12-17 19:35:12.023  2852  2852 I HwBrightnessController: updateSlider1 seekBarProgress:1256
12-17 19:35:12.023  2852  2852 I HwBrightnessController: updateSlider2 seekBarProgress:1256
12-17 19:35:12.024  2852  2852 I ToggleSlider:  mSeekListener onProgressChanged progress:1256 fromUser:false
12-17 19:35:12.024  2852  2852 I ToggleSlider:  mSeekListener onProgressChanged progress:1256 fromUser:false
12-17 19:35:12.035  1795  2750 D HW_DISPLAY_EFFECT: presently, hw_update_color_temp_for_rg_led interface not achieved.
12-17 19:35:12.052  1795  2750 D HW_DISPLAY_EFFECT: presently, hw_update_color_temp_for_rg_led interface not achieved.
12-17 19:35:12.068  1795  2750 I HwLightsService: back light level before map = 405
12-17 19:35:12.069  1795  2750 D HW_DISPLAY_EFFECT: presently, hw_update_color_temp_for_rg_led interface not achieved.
12-17 19:35:12.085  1795  2750 D HW_DISPLAY_EFFECT: presently, hw_update_color_temp_for_rg_led interface not achieved.
12-17 19:35:12.102  1795  2750 D HW_DISPLAY_EFFECT: presently, hw_update_color_temp_for_rg_led interface not achieved.
12-17 19:35:12.104  2852  2852 I HwBrightnessController: onChange selfChange:false uri.toString():content://settings/system/screen_auto_brightness mIsObserveAutoBrightnessChange:true
12-17 19:35:12.105  2852  2925 I EventCenter: ContentChange for slot: 1
12-17 19:35:12.107  2852  2852 I HwBrightnessUtils: APS brightness=9.0,ConvertToPercentage=0.11354411
12-17 19:35:12.107  2852  2852 I HwBrightnessUtils:  getSeekBarProgress isAutoMode:true current brightness:9 percentage:0.11354411
12-17 19:35:12.107  2852  2852 I HwBrightnessController: updateSlider1 seekBarProgress:1135
12-17 19:35:12.107  2852  2852 I HwBrightnessController: updateSlider2 seekBarProgress:1135
12-17 19:35:12.108  2852  2852 I ToggleSlider:  mSeekListener onProgressChanged progress:1135 fromUser:false
12-17 19:35:12.108  2852  2852 I ToggleSlider:  mSeekListener onProgressChanged progress:1135 fromUser:false
12-17 19:35:12.119  1795  2750 D HW_DISPLAY_EFFECT: presently, hw_update_color_temp_for_rg_led interface not achieved.
12-17 19:35:12.135  1795  2750 D HW_DISPLAY_EFFECT: presently, hw_update_color_temp_for_rg_led interface not achieved.
12-17 19:35:12.151  1795  2750 D HW_DISPLAY_EFFECT: presently, hw_update_color_temp_for_rg_led interface not achieved.
12-17 19:35:12.168  1795  2750 I HwLightsService: back light level before map = 357
12-17 19:35:12.169  1795  2750 D HW_DISPLAY_EFFECT: presently, hw_update_color_temp_for_rg_led interface not achieved.
12-17 19:35:12.185  1795  2750 D HW_DISPLAY_EFFECT: presently, hw_update_color_temp_for_rg_led interface not achieved.
12-17 19:35:12.187  2852  2925 I EventCenter: ContentChange for slot: 1
12-17 19:35:12.187  2852  2852 I HwBrightnessController: onChange selfChange:false uri.toString():content://settings/system/screen_auto_brightness mIsObserveAutoBrightnessChange:true
12-17 19:35:12.190  2852  2852 I HwBrightnessUtils: APS brightness=8.0,ConvertToPercentage=0.10030571
12-17 19:35:12.190  2852  2852 I HwBrightnessUtils:  getSeekBarProgress isAutoMode:true current brightness:8 percentage:0.10030571
12-17 19:35:12.190  2852  2852 I HwBrightnessController: updateSlider1 seekBarProgress:1003
12-17 19:35:12.190  2852  2852 I HwBrightnessController: updateSlider2 seekBarProgress:1003
12-17 19:35:12.190  2852  2852 I ToggleSlider:  mSeekListener onProgressChanged progress:1003 fromUser:false
12-17 19:35:12.191  2852  2852 I ToggleSlider:  mSeekListener onProgressChanged progress:1003 fromUser:false
12-17 19:35:12.202  1795  2750 D HW_DISPLAY_EFFECT: presently, hw_update_color_temp_for_rg_led interface not achieved.
12-17 19:35:12.208  1795 20747 W ActivityManager: getRunningAppProcesses: caller 10102 does not hold REAL_GET_TASKS; limiting output
12-17 19:35:12.218  1795  2750 D HW_DISPLAY_EFFECT: presently, hw_update_color_temp_for_rg_led interface not achieved.
12-17 19:35:12.249  1795  2750 D HW_DISPLAY_EFFECT: presently, hw_update_color_temp_for_rg_led interface not achieved.
12-17 19:35:12.251  1795  2750 I HwLightsService: back light level before map = 317
12-17 19:35:12.251  1795  2750 D HW_DISPLAY_EFFECT: presently, hw_update_color_temp_for_rg_led interface not achieved.
12-17 19:35:12.267  1795  2750 D HW_DISPLAY_EFFECT: presently, hw_update_color_temp_for_rg_led interface not achieved.
12-17 19:35:12.269  2852  2925 I EventCenter: ContentChange for slot: 1
12-17 19:35:12.269  2852  2852 I HwBrightnessController: onChange selfChange:false uri.toString():content://settings/system/screen_auto_brightness mIsObserveAutoBrightnessChange:true
12-17 19:35:12.270  2852  2852 I HwBrightnessUtils: APS brightness=7.0,ConvertToPercentage=0.08548999
12-17 19:35:12.271  2852  2852 I HwBrightnessUtils:  getSeekBarProgress isAutoMode:true current brightness:7 percentage:0.08548999
12-17 19:35:12.271  2852  2852 I HwBrightnessController: updateSlider1 seekBarProgress:855
12-17 19:35:12.271  2852  2852 I HwBrightnessController: updateSlider2 seekBarProgress:855
12-17 19:35:12.271  2852  2852 I ToggleSlider:  mSeekListener onProgressChanged progress:855 fromUser:false
12-17 19:35:12.271  2852  2852 I ToggleSlider:  mSeekListener onProgressChanged progress:855 fromUser:false
12-17 19:35:12.283  1795  2750 D HW_DISPLAY_EFFECT: presently, hw_update_color_temp_for_rg_led interface not achieved.
12-17 19:35:12.296  1795  2371 E LightSensor: read Events lux:  4.0
12-17 19:35:12.300  1795  2750 D HW_DISPLAY_EFFECT: presently, hw_update_color_temp_for_rg_led interface not achieved.
12-17 19:35:12.316  1795  2750 I HwLightsService: back light level before map = 285
12-17 19:35:12.317  1795  2750 D HW_DISPLAY_EFFECT: presently, hw_update_color_temp_for_rg_led interface not achieved.
12-17 19:35:12.333  1795  2750 D HW_DISPLAY_EFFECT: presently, hw_update_color_temp_for_rg_led interface not achieved.
12-17 19:35:12.350  1795  1825 I PowerManager_screenOn: DisplayPowerController updatePowerState mPendingRequestLocked=policy=BRIGHT, useProximitySensor=false, useProximitySensorbyPhone=true, screenBrightness=33, screenAutoBrightnessAdjustment=0.0, brightnessSetByUser=true, useAutoBrightness=true, blockScreenOn=false, lowPowerMode=false, boostScreenBrightness=false, dozeScreenBrightness=-1, dozeScreenState=UNKNOWN, useTwilight=false, useSmartBacklight=true, brightnessWaitMode=false, brightnessWaitRet=true, screenAutoBrightness=-1, userId=0
12-17 19:35:12.350  1795  2750 D HW_DISPLAY_EFFECT: presently, hw_update_color_temp_for_rg_led interface not achieved.
12-17 19:35:12.350  1795  1825 D DisplayPowerController: Animating brightness: target=7, rate=40
12-17 19:35:12.350  1795  1825 D DisplayPowerController: Finished business...
12-17 19:35:12.351  1795  1825 D FpDataCollector: case xxx, not a fingerprint unlock 
12-17 19:35:12.353  2852  2925 I EventCenter: ContentChange for slot: 1
12-17 19:35:12.353  2852  2852 I HwBrightnessController: onChange selfChange:false uri.toString():content://settings/system/screen_auto_brightness mIsObserveAutoBrightnessChange:true
12-17 19:35:12.355  2852  2852 I HwBrightnessUtils: APS brightness=6.0,ConvertToPercentage=0.068247505
12-17 19:35:12.355  2852  2852 I HwBrightnessUtils:  getSeekBarProgress isAutoMode:true current brightness:6 percentage:0.068247505
12-17 19:35:12.355  2852  2852 I HwBrightnessController: updateSlider1 seekBarProgress:682
12-17 19:35:12.355  2852  2852 I HwBrightnessController: updateSlider2 seekBarProgress:682
12-17 19:35:12.356  2852  2852 I ToggleSlider:  mSeekListener onProgressChanged progress:682 fromUser:false
12-17 19:35:12.356  2852  2852 I ToggleSlider:  mSeekListener onProgressChanged progress:682 fromUser:false
12-17 19:35:12.443  1795  2671 D WifiHW  : wifi_send_command: cmd:'IFNAME=wlan0 SIGNAL_POLL'
12-17 19:35:12.444  5215  5215 D wpa_supplicant: wlan0: Control interface command 'SIGNAL_POLL'
12-17 19:35:12.461  5215  5215 E wpa_supplicant: RSSI=-41;LINKSPEED=72;NOISE=9999;FREQUENCY=2452;
12-17 19:35:12.461  5215  5215 D wpa_supplicant: CTRL-DEBUG: global_ctrl_sock-sendto: sock=16 sndbuf=229376 outq=0 send_len=48
12-17 19:35:12.462  1795  2671 V HwWifiServiceFactory: get AllImpl object = com.android.server.wifi.HwWifiServiceFactoryImpl@c332618
12-17 19:35:12.463  1795  2671 E WifiConfigManager: updateConfiguration freq=2452 BSSID=80:38:bc:08:42:c1 RSSI=-41 "Huawei-Employee"WPA_EAP
12-17 19:35:12.463  1795  2671 D WifiHW  : wifi_send_command: cmd:'IFNAME=wlan0 PKTCNT_POLL'
12-17 19:35:12.463  5215  5215 D wpa_supplicant: wlan0: Control interface command 'PKTCNT_POLL'
12-17 19:35:12.479  5215  5215 D wpa_supplicant: CTRL-DEBUG: global_ctrl_sock-sendto: sock=16 sndbuf=229376 outq=0 send_len=34
12-17 19:35:12.481  1795  2739 D HuaweiWifiWatchdogStateMachine: LM mrssi=-41
12-17 19:35:12.481  1795  1795 D WiFi_PRO: MSG_RETURN_AP_CURRY_RSSI rssi = -41
12-17 19:35:12.481  1795  2739 D HuaweiWifiWatchdogStateMachine: 80:38:bc:08:42:c1 current loss[-45]=0%, volume=1
12-17 19:35:12.481  1795  2739 D HuaweiWifiWatchdogStateMachine: 80:38:bc:08:42:c1 history loss[-45]=0.02%, volume=189523
12-17 19:35:12.482  1795  1795 I QosMonitor: queryRtt: rtt_type = 3
12-17 19:35:12.482  1795  1795 I WifiProJNI: ######### GET RTT:3 ########
12-17 19:35:12.482  1795  1795 D WifiProJNI: send_cmd_kernel: cmd=7
12-17 19:35:12.482  1795  2739 I HuaweiWifiWatchdogStateMachine: spd good count:0, add sc:0.0, rate:1.0
12-17 19:35:12.482  1795  2739 I HuaweiWifiWatchdogStateMachine: current mHighDataFlowRate = 1.0
12-17 19:35:12.482  1795  2737 D WifiProJNI: Received kernel message payload: event 4
12-17 19:35:12.482  1795  2739 I HuaweiWifiWatchdogStateMachine: POta txb txg rxg:0, 1, 0. Lr =0% Totpkt=1
12-17 19:35:12.482  1795  2737 I QosMonitor: postEventFromNative: msg=100,arg1=4,arg2=9
12-17 19:35:12.482  1795  2737 W WifiProJNI: poll before: g_monitor_fd =310
12-17 19:35:12.482  1795  1795 I WifiProJNI: ######### CMD_QUERY_PKTS ########
12-17 19:35:12.482  1795  1795 D WifiProJNI: send_cmd_kernel: cmd=1
12-17 19:35:12.482  1795  1795 D HuaweiWifiWatchdogStateMachine: setSampleRtt: unvalid rtt
12-17 19:35:12.484  1795  2737 D WifiProJNI: Received kernel message payload: event 0
12-17 19:35:12.484  1795  2737 I QosMonitor: postEventFromNative: msg=100,arg1=0,arg2=9
12-17 19:35:12.484  1795  2737 W WifiProJNI: poll before: g_monitor_fd =310
12-17 19:35:12.484  1795  1795 I MQoS    : rtt=830,tcp_tx_pkts=1480350,tcp_rx_pkts=1768554
12-17 19:35:12.484  1795  2739 D HuaweiWifiWatchdogStateMachine: dumpTcpResult: len=9,rtt=830,rttPkt=29,rttWn=11,cgt=0,cgtWn=0
12-17 19:35:12.484  1795  2739 I HuaweiWifiWatchdogStateMachine: PTcp RTT:0, rtt pkt=0, tcp_rx=0, tcp_tx=0, tcp_reTran=0, rtRate=0
12-17 19:35:12.484  1795  2739 D HuaweiWifiWatchdogStateMachine: mRssiBadCount =0, RSSI not bad.
