12-17 19:31:57.752   606  2379 E libteec : send data return = 128
12-17 19:31:57.752   835  2385 E libteec : receive data len = 128
12-17 19:31:57.752   835  2385 E libteec : begin
12-17 19:31:57.752   835  2385 E libteec : qsc_decode end
12-17 19:31:57.752   835  2385 D fpc_fingerprint_hal: worker idle
12-17 19:31:57.752   835   835 E libteec : begin
12-17 19:31:57.753   606  2379 E libteec : receive data len = 128
12-17 19:31:57.754  1795 11746 I WindowManger_keyguard: Setting mDismissKeyguard true by win Window{e6a6b5e u0 com.android.incallui/com.android.incallui.InCallActivity}
12-17 19:31:57.757   606  2379 E libteec : QSEECom_send_cmd return!
12-17 19:31:57.757   606  2379 E libteec : qsc_send_cmd finish
12-17 19:31:57.757   606  2379 E libteec : send data return = 128
12-17 19:31:57.757   835   835 E libteec : receive data len = 128
12-17 19:31:57.757   835   835 E libteec : begin
12-17 19:31:57.757   835   835 E libteec : qsc_decode end
12-17 19:31:57.757   835   835 D fpc_fingerprint_hal: fpc_get_authenticator_id id 14657234628792947271
12-17 19:31:57.757   835  2385 E libteec : begin
12-17 19:31:57.757   606  2379 E libteec : receive data len = 128
12-17 19:31:57.757  1795  2326 V FingerprintService: startAuthentication(com.android.systemui)
12-17 19:31:57.757  1795  2326 V FingerprintService: starting client AuthenticationClient(com.android.systemui), initiatedByClient = true)
12-17 19:31:57.758   835   835 I fingerprintd: FingerprintDaemonProxyEx::onTransact, code:1
12-17 19:31:57.758   835   835 V fingerprintd: authenticate(sid=0, gid=0)
12-17 19:31:57.760  1795  1795 I PowerManager_screenOn: PowerManagerNotifier Sending go to sleep broadcast.
12-17 19:31:57.760  1795  1795 I SendBroadcastPermission: action:android.intent.action.SCREEN_OFF, mPermissionType:0
12-17 19:31:57.765  1795 20747 W ActivityManager: getRunningAppProcesses: caller 10105 does not hold REAL_GET_TASKS; limiting output
12-17 19:31:57.766   606  2379 E libteec : QSEECom_send_cmd return!
12-17 19:31:57.766   606  2379 E libteec : qsc_send_cmd finish
12-17 19:31:57.767   835  2385 E libteec : receive data len = 128
12-17 19:31:57.767   835  2385 E libteec : begin
12-17 19:31:57.767   835  2385 E libteec : qsc_decode end
12-17 19:31:57.767   835  2385 D fpc_fingerprint_hal: worker idle
12-17 19:31:57.767   835  2385 D fpc_fingerprint_hal: workerFunction STATE_AUTHENTICATE
12-17 19:31:57.767   835  2385 E libteec : begin
12-17 19:31:57.767   606  2379 E libteec : send data return = 128
12-17 19:31:57.767   606  2379 E libteec : receive data len = 128
12-17 19:31:57.767  1795  2326 W FingerprintService: client com.android.systemui is authenticating...
12-17 19:31:57.767  1795  1809 I HwPhoneWindowManager: OverscanTimeout run
12-17 19:31:57.769  1795  1795 I HwActivityManagerService: Split enqueueing broadcast [callerApp]:ProcessRecord{34bf34f 0:system/1000}
12-17 19:31:57.769  1795  1795 I ActivityManager_broadcast: Enqueueing ordered broadcast[foreground] BroadcastRecord{d253917 u-1 android.intent.action.SCREEN_OFF}: prev had 0
12-17 19:31:57.769  1795  1825 V KeyguardServiceDelegate: onScreenTurnedOff()
12-17 19:31:57.769  1795  1825 I WindowManger_keyguard: onScreenTurnedOff()
12-17 19:31:57.769  1795  1825 W HwScreenOnProximityLock: releaseLock: return because sensor listener is held = false
12-17 19:31:57.769  1795  1808 I ActivityManager_broadcast: dispatch ordered broadcast [foreground] BroadcastRecord{d253917 u-1 android.intent.action.SCREEN_OFF}, has 55 receivers
12-17 19:31:57.769  1795  1825 D HwNormalizedAutomaticBrightnessController: set power status:mPowerStatus=true,powerStatus=false
12-17 19:31:57.769  2852  2822 D KeyguardService: Caller checkPermission fail
12-17 19:31:57.769  2852  2822 D KeyguardService: KGSvcCall onScreenTurnedOff.
12-17 19:31:57.769  1795  1825 D DisplayPowerController: Animating brightness: target=0, rate=0
12-17 19:31:57.769  2852  2822 D KeyguardViewMediator: notifyScreenTurnedOff
12-17 19:31:57.769  1795  1825 I PowerManager_screenOn: PowerManagerServiceonProximityNegative -> updatePowerStateLocked
12-17 19:31:57.770  1795  1825 D PowerManagerService: userActivityNoUpdateLocked: eventTime=123030941, event=0, flags=0x0, uid=1000
12-17 19:31:57.770  2852  2852 D KeyguardViewMediator: handleNotifyScreenTurnedOff
12-17 19:31:57.770  1795  1825 I PowerManager_screenOn: PowerManagerNotifier onUserActivity: event=0, uid=1000
12-17 19:31:57.770  1795  1825 I PowerManager_screenOn: PowerManagerService wakeUpNoUpdateLocked: eventTime=123030941, uid=1000
12-17 19:31:57.770  1795  1825 I PowerManager_screenOn: PowerManagerService Waking up from sleep (uid 1000)...
12-17 19:31:57.770  1795  1825 I PowerManager_screenOn: PowerManagerNotifier onWakefulnessChangeStarted: wakefulness=1, reason=0, interactive=true, mInteractive=false, mInteractiveChanging=false
12-17 19:31:57.770  1795  1825 I PowerManager_screenOn: PowerManagerNotifier onWakeUp: event=android.server.power:POWER, reasonUid=1000 opPackageName=android opUid=1000
12-17 19:31:57.770  1795  1825 D PowerManagerService: userActivityNoUpdateLocked: eventTime=123030941, event=0, flags=0x0, uid=1000
12-17 19:31:57.770  1795  1825 I PowerManager_screenOn: PowerManagerNotifier onUserActivity: event=0, uid=1000
12-17 19:31:57.770  1795  1825 I PowerManager_screenOn: PowerManagerServiceonProximityNegative by Phone
12-17 19:31:57.770  1795  1825 D PowerManagerService: setColorTemperatureAccordingToSetting
12-17 19:31:57.770  1795  1825 D HwPowerManagerService: setColorTemperatureAccordingToSetting
12-17 19:31:57.770  1795  1825 D HwPowerManagerService: isDisplayFeatureSupported feature:1
12-17 19:31:57.770  1795  1825 D HW_DISPLAY_EFFECT: hw_get_smart_display_supported: start++
12-17 19:31:57.770  1795  1825 D HW_DISPLAY_EFFECT: hw_get_smart_display_supported: end--
12-17 19:31:57.770  1795  1825 D HWPowerManger_JNI: Surport 3 dimension color temperature.
12-17 19:31:57.770  1795  1825 D HwPowerManagerService: setColorTemperatureAccordingToSetting new.
12-17 19:31:57.770  1795  1825 D HwPowerManagerService: ColorTemperature read from old setting:128
12-17 19:31:57.770  1795  1825 D HwPowerManagerService: setColorTemperature:128
12-17 19:31:57.770  1795  1825 D HW_DISPLAY_EFFECT: hw_set_colortemperature: start++
12-17 19:31:57.770  1795  1825 W HW_DISPLAY_EFFECT: Warning: hw_set_colortemperature is COLOR_TEMP_2_DIMENSION interface, not supported presently.
12-17 19:31:57.770  1795  1825 D HW_DISPLAY_EFFECT: hw_set_colortemperature: end--
12-17 19:31:57.770  1795  1825 D PowerManagerService: ready=false,policy=3,wakefulness=1,wksummary=0x10,uasummary=0x1,bootcompleted=true,boostinprogress=false,waitmodeenable=false,mode=true,manual=33,auto=-1,adj=0.0userId=0
12-17 19:31:57.771  1795  1825 I PowerManager_screenOn: DisplayPowerController updatePowerState mPendingRequestLocked=policy=BRIGHT, useProximitySensor=true, useProximitySensorbyPhone=true, screenBrightness=33, screenAutoBrightnessAdjustment=0.0, brightnessSetByUser=true, useAutoBrightness=true, blockScreenOn=false, lowPowerMode=false, boostScreenBrightness=false, dozeScreenBrightness=-1, dozeScreenState=UNKNOWN, useTwilight=false, useSmartBacklight=true, brightnessWaitMode=false, brightnessWaitRet=true, screenAutoBrightness=-1, userId=0
12-17 19:31:57.771  1795  1825 I PowerManager_screenOn: DisplayPowerStatesetScreenState: state=2
12-17 19:31:57.771  1795  1825 D FpDataCollector: DisplayPowerState :ON
12-17 19:31:57.772  1795  1795 I WindowManger_keyguard: Started waking up...
12-17 19:31:57.772  1795  1795 I WindowManger_keyguard: onStartedWakingUp()
12-17 19:31:57.773  2852  2866 D KeyguardService: Caller checkPermission fail
12-17 19:31:57.773  2852  2866 D KeyguardService: KGSvcCall onStartedWakingUp.
12-17 19:31:57.773  2852  2866 W HwLockScreenReporter: report result = falsereport type:122 msg:
12-17 19:31:57.773  2852  2866 D KeyguardViewMediator: onStartedWakingUp, seq = 472
12-17 19:31:57.773  2852  2866 D KeyguardViewMediator: notifyStartedWakingUp
12-17 19:31:57.773  2852  2866 W AppHandler: sendMessage 14
12-17 19:31:57.773  2852  2852 D KeyguardViewMediator: handleNotifyWakingUp
12-17 19:31:57.773  2852  2852 I PhoneStatusBar: onStartedWakingUp
12-17 19:31:57.773  1795  2377 I AwareLog: AwareMem_DMEServer: stop
12-17 19:31:57.775   606  2379 E libteec : QSEECom_send_cmd return!
12-17 19:31:57.775   606  2379 E libteec : qsc_send_cmd finish
12-17 19:31:57.775   606  2379 E libteec : send data return = 128
12-17 19:31:57.776   835  2385 E libteec : receive data len = 128
12-17 19:31:57.776   835  2385 E libteec : begin
12-17 19:31:57.776   835  2385 E libteec : qsc_decode end
12-17 19:31:57.776   835  2385 I fpc_tac : fpc_tac_send_get_indices_cmd indices:0x7f9860c000, index_count:1
12-17 19:31:57.776   835  2385 E libteec : begin
12-17 19:31:57.776   606  2379 E libteec : receive data len = 1152
12-17 19:31:57.777  1795  1795 D HwWifiP2pService: onReceive, action:android.intent.action.SCREEN_OFF
12-17 19:31:57.778  1795  2668 D WifiP2pService: InactiveState143467
12-17 19:31:57.778  1795  2668 E HwWifiP2pService: Unhandled message when=123030949 what=143467 arg1=0 arg2=0
12-17 19:31:57.778  1795  2668 D WifiP2pService: P2pEnabledState when=123030949 what=143467 arg1=0 arg2=0
12-17 19:31:57.778  1795  2668 D WifiP2pService: DefaultState{ when=-1ms what=143467 target=com.android.internal.util.StateMachine$SmHandler }
12-17 19:31:57.778  1795  2668 D HwWifiP2pService: SleepPolicy:1
