12-17 19:33:13.367  1795  1825 I WindowManger_keyguard: Screen turned off...
12-17 19:33:13.368  1795  1825 V KeyguardServiceDelegate: onScreenTurnedOff()
12-17 19:33:13.368  1795  1825 I WindowManger_keyguard: onScreenTurnedOff()
12-17 19:33:13.369  1795  1795 E huawei_ProximitySensor_CPP_Test: write 20 failed
12-17 19:33:13.371  1795  1825 W HwScreenOnProximityLock: releaseLock: return because sensor listener is held = false
12-17 19:33:13.371  2852  2866 D KeyguardService: Caller checkPermission fail
12-17 19:33:13.372  2852  2866 D KeyguardService: KGSvcCall onScreenTurnedOff.
12-17 19:33:13.372  2852  2866 D KeyguardViewMediator: notifyScreenTurnedOff
12-17 19:33:13.372  1795  1825 D HwNormalizedAutomaticBrightnessController: set power status:mPowerStatus=true,powerStatus=false
12-17 19:33:13.373  2852  2852 D KeyguardViewMediator: handleNotifyScreenTurnedOff
12-17 19:33:13.374  1795  1825 D DisplayPowerController: Animating brightness: target=0, rate=0
12-17 19:33:13.375  1795  1825 I PowerManager_screenOn: PowerManagerServiceonProximityNegative -> updatePowerStateLocked
12-17 19:33:13.375  1795  1825 D PowerManagerService: userActivityNoUpdateLocked: eventTime=123077061, event=0, flags=0x0, uid=1000
12-17 19:33:13.375  1795  1825 I PowerManager_screenOn: PowerManagerNotifier onUserActivity: event=0, uid=1000
12-17 19:33:13.376  1795  1825 I PowerManager_screenOn: PowerManagerService wakeUpNoUpdateLocked: eventTime=123077062, uid=1000
12-17 19:33:13.376  1795  1825 I PowerManager_screenOn: PowerManagerService Waking up from sleep (uid 1000)...
12-17 19:33:13.376  1795  1825 I PowerManager_screenOn: PowerManagerNotifier onWakefulnessChangeStarted: wakefulness=1, reason=0, interactive=true, mInteractive=false, mInteractiveChanging=false
12-17 19:33:13.376  1795  1795 I WindowManager: Destroying surface Surface(name=) called by com.android.server.wm.WindowStateAnimator.destroySurface:2056 com.android.server.wm.WindowStateAnimator.destroySurfaceLocked:907 com.android.server.wm.WindowState.removeLocked:1527 com.android.server.wm.WindowManagerService.removeWindowInnerLocked:2723 com.android.server.wm.WindowManagerService.removeWindowInnerLocked:2688 com.android.server.wm.WindowManagerService.removeWindowLocked:2677 com.android.server.wm.WindowManagerService.removeWindowLocked:2546 com.android.server.wm.WindowManagerService.removeWindow:2541 
12-17 19:33:13.376  1795  1825 D PowerManagerService: Acquiring suspend blocker "PowerManagerService.Broadcasts".
12-17 19:33:13.377  1795  1825 I PowerManager_screenOn: PowerManagerNotifier onWakeUp: event=android.server.power:POWER, reasonUid=1000 opPackageName=android opUid=1000
12-17 19:33:13.378  1795  1825 D PowerManagerService: userActivityNoUpdateLocked: eventTime=123077062, event=0, flags=0x0, uid=1000
12-17 19:33:13.378  1795  1825 I PowerManager_screenOn: PowerManagerNotifier onUserActivity: event=0, uid=1000
12-17 19:33:13.378  1795  1825 I PowerManager_screenOn: PowerManagerServiceonProximityNegative by Phone
12-17 19:33:13.378  1795  1825 D PowerManagerService: setColorTemperatureAccordingToSetting
12-17 19:33:13.378  1795  1825 D HwPowerManagerService: setColorTemperatureAccordingToSetting
12-17 19:33:13.378  1795  1825 D HwPowerManagerService: isDisplayFeatureSupported feature:1
12-17 19:33:13.378  1795  1825 D HW_DISPLAY_EFFECT: hw_get_smart_display_supported: start++
12-17 19:33:13.378  1795  1825 D HW_DISPLAY_EFFECT: hw_get_smart_display_supported: end--
12-17 19:33:13.378  1795  1825 D HWPowerManger_JNI: Surport 3 dimension color temperature.
12-17 19:33:13.378  1795  1825 D HwPowerManagerService: setColorTemperatureAccordingToSetting new.
12-17 19:33:13.379  1795  1825 D HwPowerManagerService: ColorTemperature read from old setting:128
12-17 19:33:13.379  1795  1825 D HwPowerManagerService: setColorTemperature:128
12-17 19:33:13.379  1795  1825 D HW_DISPLAY_EFFECT: hw_set_colortemperature: start++
12-17 19:33:13.379  1795  1825 W HW_DISPLAY_EFFECT: Warning: hw_set_colortemperature is COLOR_TEMP_2_DIMENSION interface, not supported presently.
12-17 19:33:13.379  1795  1825 D HW_DISPLAY_EFFECT: hw_set_colortemperature: end--
12-17 19:33:13.379  1795  1825 D PowerManagerService: ready=false,policy=3,wakefulness=1,wksummary=0x10,uasummary=0x1,bootcompleted=true,boostinprogress=false,waitmodeenable=false,mode=true,manual=33,auto=-1,adj=0.0userId=0
12-17 19:33:13.379  1795  1825 I PowerManager_screenOn: DisplayPowerController updatePowerState mPendingRequestLocked=policy=BRIGHT, useProximitySensor=true, useProximitySensorbyPhone=true, screenBrightness=33, screenAutoBrightnessAdjustment=0.0, brightnessSetByUser=true, useAutoBrightness=true, blockScreenOn=false, lowPowerMode=false, boostScreenBrightness=false, dozeScreenBrightness=-1, dozeScreenState=UNKNOWN, useTwilight=false, useSmartBacklight=true, brightnessWaitMode=false, brightnessWaitRet=true, screenAutoBrightness=-1, userId=0
12-17 19:33:13.380  1795  1825 I PowerManager_screenOn: DisplayPowerStatesetScreenState: state=2
12-17 19:33:13.380  1795  1825 D FpDataCollector: DisplayPowerState :ON
12-17 19:33:13.381  1795  1795 I WindowManger_keyguard: Setting mDismissKeyguard true by win Window{e6a6b5e u0 com.android.incallui/com.android.incallui.InCallActivity}
12-17 19:33:13.381  1795  1795 I WindowManger_keyguard: Setting mDismissKeyguard true by win Window{e6a6b5e u0 com.android.incallui/com.android.incallui.InCallActivity}
12-17 19:33:13.394  1795  1795 I WindowManger_windowChange: oldFocusWindow: Window{2499c5d u0 android}, currentFocusWindow: Window{e71ca6c u0 com.android.phone}, currentFocusApp: AppWindowToken{844a0b2 token=Token{2fd6a14 ActivityRecord{b46dc67 u0 com.android.incallui/.InCallActivity t310}}}
12-17 19:33:13.395  1795  1795 I WindowManger_keyguard: Started waking up...
12-17 19:33:13.395  1795  1795 I WindowManger_keyguard: onStartedWakingUp()
12-17 19:33:13.396  1795  1795 I PowerManager_screenOn: PowerManagerNotifier Sending wake up broadcast.
12-17 19:33:13.396  2852  3328 D KeyguardService: Caller checkPermission fail
12-17 19:33:13.396  2852  3328 D KeyguardService: KGSvcCall onStartedWakingUp.
12-17 19:33:13.396  1795  1795 I SendBroadcastPermission: action:android.intent.action.SCREEN_ON, mPermissionType:0
12-17 19:33:13.396  2852  3328 W HwLockScreenReporter: report result = falsereport type:122 msg:
12-17 19:33:13.396  2852  3328 D KeyguardViewMediator: onStartedWakingUp, seq = 480
12-17 19:33:13.396  2852  3328 D KeyguardViewMediator: notifyStartedWakingUp
12-17 19:33:13.396  2852  3328 W AppHandler: sendMessage 14
12-17 19:33:13.397  1795 15988 I WindowManger_keyguard: Setting mDismissKeyguard true by win Window{e6a6b5e u0 com.android.incallui/com.android.incallui.InCallActivity}
12-17 19:33:13.398  1795  1795 I HwActivityManagerService: Split enqueueing broadcast [callerApp]:ProcessRecord{34bf34f 0:system/1000}
12-17 19:33:13.398  1795  1795 I ActivityManager_broadcast: Enqueueing ordered broadcast[foreground] BroadcastRecord{e013930 u-1 android.intent.action.SCREEN_ON}: prev had 0
12-17 19:33:13.398  1795  1808 I ActivityManager_broadcast: dispatch ordered broadcast [foreground] BroadcastRecord{e013930 u-1 android.intent.action.SCREEN_ON}, has 57 receivers
12-17 19:33:13.400  1795  1825 I PowerManager_screenOn: DisplayPowerController Blocking screen on until initial contents have been drawn.
12-17 19:33:13.404  2852  2852 D KeyguardViewMediator: handleNotifyWakingUp
12-17 19:33:13.404  2852  2852 I PhoneStatusBar: onStartedWakingUp
12-17 19:33:13.405  2852  2852 V KeyguardUpdateMonitor: FingerStat Visible: false; Interactive: true; Switching: false; Bouncer:false; GoingToSleep: false Occluded: false; dreaming: false; Authenticated: false
12-17 19:33:13.405  2852  2852 V KeyguardUpdateMonitor: KGSvcFp stopListeningForFingerprint(). 1
12-17 19:33:13.405  1795  3884 I Security_fingerprint: FingerprintService cancelAuthentication
12-17 19:33:13.405  2852  2852 W KeyguardUpdateMonitor: Fingerprint RunningStateChanged. 2
12-17 19:33:13.405  1795  2326 V FingerprintService: stop client com.android.systemui
12-17 19:33:13.405   835   835 I fingerprintd: FingerprintDaemonProxyEx::onTransact, code:2
12-17 19:33:13.405   835   835 V fingerprintd: stopAuthentication()
12-17 19:33:13.405   835   835 D fpc_fingerprint_hal: fpc_cancel
12-17 19:33:13.406   835  2385 D fpc_fingerprint_hal: fpc poll irq interupt
12-17 19:33:13.406   835  2385 D fpc_fingerprint_hal: wait_finger_down, took 2182 ms
12-17 19:33:13.406   835  2385 E fpc_fingerprint_hal: capture_image failed -4
12-17 19:33:13.406  2852  2852 D TimeKeeper: getTimeTickInfo:[mMillisUntilFinished:0, mHour:0, mMinute:0, mSecond:0]
12-17 19:33:13.406  2852  2852 E KeyguardUpdateMonitor: isSimPinSecure mSimDatas is null or empty 
12-17 19:33:13.406  2852  2852 E KeyguardUpdateMonitor: isSimPinSecure mSimDatas is null or empty 
12-17 19:33:13.406  2852  2852 W HwLockScreenPanel: createLockScreenView when reset
12-17 19:33:13.406  2852  2852 I HwLockScreenPanel: loadMagazine
12-17 19:33:13.406   835  2385 I fpc_fingerprint_hal: timeForContinueCapture id:2182
12-17 19:33:13.406   835  2385 E libteec : begin
12-17 19:33:13.406   606  2379 E libteec : receive data len = 128
12-17 19:33:13.406  2852  2852 V KeyguardStatusView: Enable transport text marquee
12-17 19:33:13.406  1795  1821 I WindowManger_keyguard: Setting mDismissKeyguard true by win Window{e6a6b5e u0 com.android.incallui/com.android.incallui.InCallActivity}
12-17 19:33:13.409  2852  2852 W HwLockScreenPanel: Handle message: 14
12-17 19:33:13.409  2852  2852 I PhoneStatusBar: setSystemUiVisibility vis=c0000300 mask=ffffffff oldVal=80000300 newVal=c0000300 diff=40000000
12-17 19:33:13.409  2852  2852 I BarTransitions.HwPhoneStatusBarView: transitionTo: mode=MODE_TRANSLUCENT, animate=false
12-17 19:33:13.409  2852  2852 D BarTransitions.HwPhoneStatusBarView: MODE_OPAQUE -> MODE_TRANSLUCENT animate=false
12-17 19:33:13.410  2852  2852 D BarTransitions.HwPhoneStatusBarView: applyModeBackground oldMode=MODE_OPAQUE newMode=MODE_TRANSLUCENT animate=false
12-17 19:33:13.410  2852  2852 I BarTransitions.HwNavigationBarView: transitionTo: mode=MODE_TRANSLUCENT, animate=false
12-17 19:33:13.410  2852  2852 I HwNavigationBarTransitions: transitionTo:mode=2, isEmuiStyle=false
12-17 19:33:13.410  2852  2852 I PhoneStatusBar: cancelAutohide
12-17 19:33:13.410  2852  2852 I PhoneStatusBar: notifyUiVisibilityChanged:vis=0xc0000300, SystemUiVisibility=0xc0000300
12-17 19:33:13.410  2852  2852 I PhoneStatusBar: setSystemUiVisibility vis=c0000600 mask=ffffffff oldVal=c0000300 newVal=c0000600 diff=500
12-17 19:33:13.410  2852  2852 I PhoneStatusBar: notifyUiVisibilityChanged:vis=0xc0000600, SystemUiVisibility=0xc0000600
12-17 19:33:13.411  2852  2852 W DisabledFeatureUtils: Dis-Feature : 0
12-17 19:33:13.411  2852  2852 W DisabledFeatureUtils: Dis-Feature : 0
12-17 19:33:13.415   606  2379 E libteec : QSEECom_send_cmd return!
12-17 19:33:13.415   606  2379 E libteec : qsc_send_cmd finish
12-17 19:33:13.415   606  2379 E libteec : send data return = 128
12-17 19:33:13.415   835  2385 E libteec : receive data len = 128
12-17 19:33:13.415   835  2385 E libteec : begin
12-17 19:33:13.415   835  2385 E libteec : qsc_decode end
12-17 19:33:13.415   835  2385 E fpc_fingerprint_hal: do_identify failed -4
