12-17 19:35:52.584  1795  2750 D HW_DISPLAY_EFFECT: presently, hw_update_color_temp_for_rg_led interface not achieved.
12-17 19:35:52.601  1795  2750 D HW_DISPLAY_EFFECT: presently, hw_update_color_temp_for_rg_led interface not achieved.
12-17 19:35:52.617  1795  2750 D HW_DISPLAY_EFFECT: presently, hw_update_color_temp_for_rg_led interface not achieved.
12-17 19:35:52.634  1795  2750 D HW_DISPLAY_EFFECT: presently, hw_update_color_temp_for_rg_led interface not achieved.
12-17 19:35:52.650  1795  2750 I HwLightsService: back light level before map = 247
12-17 19:35:52.651  1795  2750 D HW_DISPLAY_EFFECT: presently, hw_update_color_temp_for_rg_led interface not achieved.
12-17 19:35:52.667  1795  2750 D HW_DISPLAY_EFFECT: presently, hw_update_color_temp_for_rg_led interface not achieved.
12-17 19:35:52.683  1795  2750 D HW_DISPLAY_EFFECT: presently, hw_update_color_temp_for_rg_led interface not achieved.
12-17 19:35:52.700  1795  1825 I PowerManager_screenOn: DisplayPowerController updatePowerState mPendingRequestLocked=policy=DIM, useProximitySensor=false, useProximitySensorbyPhone=true, screenBrightness=33, screenAutoBrightnessAdjustment=0.0, brightnessSetByUser=true, useAutoBrightness=true, blockScreenOn=false, lowPowerMode=false, boostScreenBrightness=false, dozeScreenBrightness=-1, dozeScreenState=UNKNOWN, useTwilight=false, useSmartBacklight=true, brightnessWaitMode=false, brightnessWaitRet=true, screenAutoBrightness=-1, userId=0
12-17 19:35:52.700  1795  1825 D DisplayPowerController: Animating brightness: target=6, rate=40
12-17 19:35:52.700  1795  1825 D DisplayPowerController: Finished business...
12-17 19:35:52.701  1795  2750 D HW_DISPLAY_EFFECT: presently, hw_update_color_temp_for_rg_led interface not achieved.
12-17 19:35:52.702  1795  1825 D FpDataCollector: case xxx, not a fingerprint unlock 
12-17 19:35:52.916  1795  1795 I TrafficMonitor: update:rxPkts:0,txPkts:0,rxBytes:0,txBytes:0
12-17 19:35:52.916  1795  1795 I TrafficMonitor: start expired. level:-1
12-17 19:35:52.916  1795  1795 I TrafficMonitor: gettimer:interval=2000
12-17 19:35:52.952   533  3739 E ANDR-PERF-MPCTL: Invalid profile no. 0, total profiles 0 only
12-17 19:35:52.971  1795  2748 D HwAmbientLuxFilterAlgo: t=123150588,BT=123151588,DT=123154588,BT1=123154588,DT1=123158588,Bn=false,Dn=false,lx=[131.0/123149084, 131.0/123149385, 131.0/123149686, 119.0/123149987, 106.0/123150288, 110.0/123150588],mLx=17.0,s=5.0,ss=0.034267917,AuIntervened=false,mProximityState=false,bLux=176.0,dLux=3.5,bLux1=176.0,dLux1=3.5
12-17 19:35:53.419  2852  2852 I HeadsUpManager: removeHeadsUpEntry: 0|com.tencent.mm|4097|null|10105
12-17 19:35:53.419  2852  2852 I NotificationContentView: transferRemoteInputFocus: 0
12-17 19:35:53.421  2852  2852 W ScrimController: startScrimAnimation 0.0 @ com.android.systemui.statusbar.AlphaOptimizedView{d0b83cd V.ED..... ........ 0,0-1080,750 #7f1403fe app:id/heads_up_scrim}
12-17 19:35:53.422  2852  2852 I HwPhoneStatusBar: updateNotificationShade
12-17 19:35:53.422  2852  2852 I PhoneStatusBar: updateNotificationShade
12-17 19:35:53.422  2852  2852 I PhoneStatusBar: removeNotificationChildren
12-17 19:35:53.426  2852  2852 I StackScroller: generateAddAnimation:null, false
12-17 19:35:53.427  2852  2852 I HwNotificationIconAreaController: showNotificationAll
12-17 19:35:53.428  1795  3237 I NotificationManager: onNotificationExpansionChanged called
12-17 19:35:53.428  2852  2852 I NotificationGroupManager: onHeadsUpStateChanged:0|com.tencent.mm|4097|null|10105
12-17 19:35:53.428  2852  2852 I NotificationContentView: transferRemoteInputFocus: 0
12-17 19:35:53.429  1795 11745 I NotificationManager: onNotificationExpansionChanged called
12-17 19:35:53.441  2852  2852 I StackScrollAlgorithm: overlapAmount:323.0, previousNotificationEnd:0.0, newYTranslation:-323.0, location:4, i:0, getTopPadding:499.0, getLocationOnScreen():-822
12-17 19:35:53.441  2852  2852 I StackScrollAlgorithm: state.clipTopAmount:299, i:0
12-17 19:35:53.441  2852  2852 I StackScrollAlgorithm: overlapAmount:198.0, previousNotificationEnd:-84.0, newYTranslation:-282.0, location:8, i:1, getTopPadding:499.0, getLocationOnScreen():-822
12-17 19:35:53.441  2852  2852 I StackScrollAlgorithm: state.clipTopAmount:174, i:1
12-17 19:35:53.441  2852  2852 I StackScrollAlgorithm: updateClipping isOverlap:true
12-17 19:35:53.441  2852  2852 I StackScrollAlgorithm: updateDimmedActivatedHideSensitive overlap:true
12-17 19:35:53.497  1795  2671 D WifiHW  : wifi_send_command: cmd:'IFNAME=wlan0 SIGNAL_POLL'
12-17 19:35:53.498  5215  5215 D wpa_supplicant: wlan0: Control interface command 'SIGNAL_POLL'
12-17 19:35:53.514  5215  5215 E wpa_supplicant: RSSI=-45;LINKSPEED=72;NOISE=9999;FREQUENCY=2452;
12-17 19:35:53.514  5215  5215 D wpa_supplicant: CTRL-DEBUG: global_ctrl_sock-sendto: sock=16 sndbuf=229376 outq=0 send_len=48
12-17 19:35:53.514  1795  2671 V HwWifiServiceFactory: get AllImpl object = com.android.server.wifi.HwWifiServiceFactoryImpl@c332618
12-17 19:35:53.515  1795  2671 E WifiConfigManager: updateConfiguration freq=2452 BSSID=80:38:bc:08:42:c1 RSSI=-44 "Huawei-Employee"WPA_EAP
12-17 19:35:53.517  1795  2671 V HwWifiServiceFactory: get AllImpl object = com.android.server.wifi.HwWifiServiceFactoryImpl@c332618
12-17 19:35:53.676  2852  2852 I NotificationContentView: transferRemoteInputFocus: 0
12-17 19:35:53.677  2852  2852 W StatusBarWindowManager: Apply window Height MATCH_PARENT
12-17 19:35:53.678  2852  2852 I StatusBarWindowManager: apply mLp:0 -> 0; Height: -1; Flag: 81840048
12-17 19:35:53.679  2852  2852 I PanelBar: panelExpansionChanged 0.0, false
12-17 19:35:53.683  2852  2852 I HwPhoneStatusBarTransitions: setBackgroundAlpha:alpha=1.0
12-17 19:35:53.683  2852  2852 I HwPhoneStatusBar: updateNotificationShade
12-17 19:35:53.683  2852  2852 I PhoneStatusBar: updateNotificationShade
12-17 19:35:53.683  2852  2852 I PhoneStatusBar: removeNotificationChildren
12-17 19:35:53.684  2852  2852 I HwNotificationIconAreaController: showNotificationAll
12-17 19:35:53.684  2852  2852 I TrafficPanelManager: showTraffic
12-17 19:35:53.684  2852  2852 I TrafficPanelViewContent: onShowStatusChange show:false
12-17 19:35:53.684  2852  2852 I QSCustomizer: hide:x=0, y=0, isShown=false
12-17 19:35:53.685  2852  2852 I NotificationContentView: transferRemoteInputFocus: 0
12-17 19:35:53.685  2852  2914 I SendBroadcastPermission: action:com.android.systemui.statusbar.visible.change, mPermissionType:0
12-17 19:35:53.686  2852  2852 I NotificationContentView: transferRemoteInputFocus: 0
12-17 19:35:53.686  1795 11746 W ActivityManager: Sending non-protected broadcast com.android.systemui.statusbar.visible.change from system 2852:com.android.systemui/u0a33 pkg com.android.systemui
12-17 19:35:53.686  1795 11746 I ActivityManager_broadcast: collectReceiverComponents, callerApp: ProcessRecord{506ad58 2852:com.android.systemui/u0a33}, intent:com.android.systemui.statusbar.visible.change, receiver size:1, flags: 10000400
12-17 19:35:53.687  1795 11746 I HwActivityManagerService: Split enqueueing broadcast [callerApp]:ProcessRecord{506ad58 2852:com.android.systemui/u0a33}
12-17 19:35:53.687  1795 11746 I ActivityManager_broadcast: Enqueueing ordered broadcast[background] BroadcastRecord{c96206a u-1 com.android.systemui.statusbar.visible.change}: prev had 0
12-17 19:35:53.687  1795  1808 I ActivityManager_broadcast: dispatch ordered broadcast [background] BroadcastRecord{c96206a u-1 com.android.systemui.statusbar.visible.change}, has 1 receivers
12-17 19:35:53.687  2852  2914 I PanelBar: INTENT_STATUSBAR_VISIBLE_CHANGE sended, EXTRA_VISIBLE = false
12-17 19:35:53.696  2852  2852 I StackScrollAlgorithm: overlapAmount:323.0, previousNotificationEnd:0.0, newYTranslation:-323.0, location:4, i:0, getTopPadding:499.0, getLocationOnScreen():-822
12-17 19:35:53.696  2852  2852 I StackScrollAlgorithm: state.clipTopAmount:299, i:0
12-17 19:35:53.696  2852  2852 I StackScrollAlgorithm: overlapAmount:198.0, previousNotificationEnd:-84.0, newYTranslation:-282.0, location:8, i:1, getTopPadding:499.0, getLocationOnScreen():-822
12-17 19:35:53.696  2852  2852 I StackScrollAlgorithm: state.clipTopAmount:174, i:1
12-17 19:35:53.696  2852  2852 I StackScrollAlgorithm: updateClipping isOverlap:true
12-17 19:35:53.696  2852  2852 I StackScrollAlgorithm: updateDimmedActivatedHideSensitive overlap:true
12-17 19:35:53.697 17709 17709 D HwIntelligent3_IntelligentReceiver: onReceive ,intent:Intent { act=com.android.systemui.statusbar.visible.change flg=0x10 cmp=com.huawei.intelligent/.main.receiver.IntelligentReceiver (has extras) }
12-17 19:35:53.698  1795 17832 I ActivityManager_service: retrieveServiceLocked, callerApp: ProcessRecord{7e9b22a 17709:com.huawei.intelligent/u0a17}, flags: 10000400
12-17 19:35:53.698  1795 17832 I ActivityManager_service: bindServiceLocked, r: ServiceRecord{5c8495b u0 euid: 0 com.huawei.intelligent/.main.receiver.IntelligentIntentService}, euid: 0
12-17 19:35:53.702  1795 15982 I NotificationManager: onNotificationVisibilityChanged called
12-17 19:35:53.703  2852  2852 D PhoneStatusBar: makeExpandedInvisible: mExpandedVisible=true
12-17 19:35:53.703  2852  2852 I PanelBar: collapsePanel:false
12-17 19:35:53.703  2852  2852 I PanelView: closeQs
12-17 19:35:53.703  2852  2852 I QSContainer: updateQsState:false
12-17 19:35:53.703  2852  2852 I QSContainer: updateQsState:false
12-17 19:35:53.704  2852  2852 I StackScroller: setScrollingEnabled: true
12-17 19:35:53.704  2852  2852 I PanelView: instantCollapse
12-17 19:35:53.704  2852  2852 I PanelBar: collapsePanel2
12-17 19:35:53.704  2852  2852 I PanelView: closeQs
12-17 19:35:53.707  1795  3139 I NotificationManager: onNotificationVisibilityChanged called
12-17 19:35:53.707  2852  2852 W StatusBarWindowManager: Apply window Height 72
12-17 19:35:53.708  2852  2852 I StatusBarWindowManager: apply mLp:0 -> 0; Height: 72; Flag: 81840048
12-17 19:35:53.709  2852  2852 W StatusBarWindowManager: Apply window Height 72
12-17 19:35:53.709  2852  2852 I StatusBarWindowManager: apply mLp:0 -> 0; Height: 72; Flag: 81840048
12-17 19:35:53.712  2852  2852 I PhoneStatusBar: resumeSuspendedAutohide
12-17 19:35:53.712  2852  2852 I BarTransitions.HwPhoneStatusBarView: transitionTo: mode=MODE_TRANSLUCENT, animate=false
12-17 19:35:53.712  2852  2852 I BarTransitions.HwNavigationBarView: transitionTo: mode=MODE_TRANSLUCENT, animate=false
12-17 19:35:53.712  2852  2852 I HwNavigationBarTransitions: transitionTo:mode=2, isEmuiStyle=false
12-17 19:35:53.712  2852  2852 D PhoneStatusBar: disable: < expand icons* alerts system_info* back home recent clock navigationbar search quick_settings >
12-17 19:35:53.714  2852  2852 D TintTextView: #B3FFFFFF com.android.systemui.tint.TintTextView{3f96501 V.ED..... ........ 0,1-66,43 #7f1401be app:id/battery_outside_percent}
12-17 19:35:53.714  2852  2852 D TintTextView: #B3FFFFFF com.android.systemui.time.HwStatusBarClock{dbc7fa6 V.ED..... ........ 294,0-441,72 #7f1401c9 app:id/clock}
12-17 19:35:53.715  2852  2852 D TintTextView: #B3FFFFFF com.android.systemui.tint.TintTextView{29531d0 V.ED..... ........ 0,0-144,49 #7f14004e app:id/msim_status_bar_operators_card_one_id}
12-17 19:35:53.716 17709 20744 D IntelligentIntentService: eventAction :class com.huawei.intelligent.main.receiver.action.ActionBarPullDownAction
12-17 19:35:53.718 17709 20744 E HwIntelligent3_ActionBarPullDownAction: doAction not pull down return
12-17 19:35:53.760  2852  2852 I SignalClusterView: applyIconTint ignore
12-17 19:35:53.768  2852  2852 I StackScrollAlgorithm: overlapAmount:763.6, previousNotificationEnd:607.0, newYTranslation:-156.59998, location:2, i:1, getTopPadding:499.0, getLocationOnScreen():-36
