12-17 19:31:43.060  1795  1806 E qti_sensors_hal: read from oem info: data_valid_flag=0x55
12-17 19:31:43.060  1795  1806 E qti_sensors_hal: read from oem info: x_offset=0.160831, y_offset=0.184366, z_offset=0.985027
12-17 19:31:43.060  1795  1806 E qti_sensors_hal: Final value: x_offset=0.160831, y_offset=0.184366, z_offset=0.985027
12-17 19:31:43.060  1795  1806 I qti_sensors_hal: batch:load_acc_oeminf_data x_offset:0.160831 y_offset:0.184366 z_offset:0.985027
12-17 19:31:43.060  1795  1806 I qti_sensors_hal: batch:sensor(android.sensor.accelerometer) sample_rate=14.999925Hz report_rate_f=0.000000Hz curr sample rate:14.999925 cur rpt rate:0 max:400.000000 min:1.000000
12-17 19:31:43.060  1795  1806 I qti_sensors_hal: batch: current sample rate, report rate & buffering are equal to requested (14.999925,0.000000,0)
12-17 19:31:43.063  2852  2852 W HwPhoneLayoutInflater: onCreateView : ClassNotFoundException, In this case we want to let the base class take a crack at it
12-17 19:31:43.064  2852  2852 W HwPhoneLayoutInflater: onCreateView : ClassNotFoundException, In this case we want to let the base class take a crack at it
12-17 19:31:43.071  2852  2852 W HwPhoneLayoutInflater: onCreateView : ClassNotFoundException, In this case we want to let the base class take a crack at it
12-17 19:31:43.072  2852  2852 W HwPhoneLayoutInflater: onCreateView : ClassNotFoundException, In this case we want to let the base class take a crack at it
12-17 19:31:43.081  2852  2852 W HwPhoneLayoutInflater: onCreateView : ClassNotFoundException, In this case we want to let the base class take a crack at it
12-17 19:31:43.082  2852  2852 W HwPhoneLayoutInflater: onCreateView : ClassNotFoundException, In this case we want to let the base class take a crack at it
12-17 19:31:43.084  3180  3180 E libc    : Access denied finding property "persist.sys.smart_power"
12-17 19:31:43.085  3180  3180 E libc    : Access denied finding property "persist.sys.smart_power"
12-17 19:31:43.087  2852  2852 W HwPhoneLayoutInflater: onCreateView : ClassNotFoundException, In this case we want to let the base class take a crack at it
12-17 19:31:43.087  2852  2852 W HwPhoneLayoutInflater: onCreateView : ClassNotFoundException, In this case we want to let the base class take a crack at it
12-17 19:31:43.093  2852  2852 W HwPhoneLayoutInflater: onCreateView : ClassNotFoundException, In this case we want to let the base class take a crack at it
12-17 19:31:43.093  2852  2852 W HwPhoneLayoutInflater: onCreateView : ClassNotFoundException, In this case we want to let the base class take a crack at it
12-17 19:31:43.103  2852  2852 W HwPhoneLayoutInflater: onCreateView : ClassNotFoundException, In this case we want to let the base class take a crack at it
12-17 19:31:43.104  2852  2852 W HwPhoneLayoutInflater: onCreateView : ClassNotFoundException, In this case we want to let the base class take a crack at it
12-17 19:31:43.113  1795  2332 I qti_sensors_hal: [ACC]processReportInd: X: 6.107862 Y: 6.745032 Z: 2.866749  x_offset:0.160831 y_offset:0.184366 z_offset:0.985027
12-17 19:31:43.125  2852  2852 W HwPhoneLayoutInflater: onCreateView : ClassNotFoundException, In this case we want to let the base class take a crack at it
12-17 19:31:43.126  2852  2852 W HwPhoneLayoutInflater: onCreateView : ClassNotFoundException, In this case we want to let the base class take a crack at it
12-17 19:31:43.131  2852  2852 W HwPhoneLayoutInflater: onCreateView : ClassNotFoundException, In this case we want to let the base class take a crack at it
12-17 19:31:43.131  2852  2852 W HwPhoneLayoutInflater: onCreateView : ClassNotFoundException, In this case we want to let the base class take a crack at it
12-17 19:31:43.174  1795  2332 I qti_sensors_hal: [ACC]processReportInd: X: 6.526593 Y: 6.506842 Z: 2.532504  x_offset:0.160831 y_offset:0.184366 z_offset:0.985027
12-17 19:31:43.201  1795  1804 I art     : Background partial concurrent mark sweep GC freed 61692(4MB) AllocSpace objects, 30(632KB) LOS objects, 13% free, 51MB/59MB, paused 2.861ms total 188.596ms
12-17 19:31:43.235  1795  2332 I qti_sensors_hal: [ACC]processReportInd: X: 5.666455 Y: 6.749762 Z: 4.066905  x_offset:0.160831 y_offset:0.184366 z_offset:0.985027
12-17 19:31:43.238  3608  3608 D InCall  : InCallPresenter - notifyInCallScreenIsForeground: false
12-17 19:31:43.238  3608  3608 I SendBroadcastPermission: action:InCallScreenIsForegroundActivity, mPermissionType:0
12-17 19:31:43.248  1795  2750 D SurfaceControl: Excessive delay in setPowerMode(): 212ms
12-17 19:31:43.249  1795  2750 D PowerManagerService: Setting HAL interactive mode to false
12-17 19:31:43.249  1795  2750 I QTI PowerHAL: Got set_interactive hint
12-17 19:31:43.249   625   718 E libnav  : AbaSuspend skips CABL deactivate: state was 3
12-17 19:31:43.250   533  3739 E ANDR-PERF-MPCTL: Invalid profile no. 0, total profiles 0 only
12-17 19:31:43.250  1795  2750 D libfingersense_wrapper: Calling fingersense_on_pause()
12-17 19:31:43.250  1795  2750 D libfingersense_wrapper: fingersense_on_pause() finished
12-17 19:31:43.250  1795  2750 D PowerManagerService: Setting HAL auto-suspend mode to true
12-17 19:31:43.251   836  2387 I knuckle_sensor: Sending SAM_DISABLE to fs_data
12-17 19:31:43.251  1795  1825 I PowerManager_screenOn: DisplayPowerController updatePowerState mPendingRequestLocked=policy=OFF, useProximitySensor=true, useProximitySensorbyPhone=true, screenBrightness=33, screenAutoBrightnessAdjustment=0.0, brightnessSetByUser=true, useAutoBrightness=true, blockScreenOn=false, lowPowerMode=false, boostScreenBrightness=false, dozeScreenBrightness=-1, dozeScreenState=UNKNOWN, useTwilight=false, useSmartBacklight=true, brightnessWaitMode=false, brightnessWaitRet=true, screenAutoBrightness=-1, userId=0
12-17 19:31:43.251  1795  1825 D DisplayPowerController: Animating brightness: target=0, rate=0
12-17 19:31:43.251  1795  1825 D DisplayPowerController: Display ready!
12-17 19:31:43.251  1795  1825 D DisplayPowerController: Finished business...
12-17 19:31:43.251  1795  1825 D PowerManagerService: ready=true,policy=0,wakefulness=0,wksummary=0x10,uasummary=0x0,bootcompleted=true,boostinprogress=false,waitmodeenable=false,mode=true,manual=33,auto=-1,adj=0.0userId=0
12-17 19:31:43.251  1795  1825 I PowerManager_screenOn: PowerManagerNotifier onWakefulnessChangeFinished mInteractiveChanging=true, mInteractive=false
12-17 19:31:43.251  1795  1825 D PowerManagerService: Acquiring suspend blocker "PowerManagerService.Broadcasts".
12-17 19:31:43.251  1795  1825 D PowerManagerService: Releasing suspend blocker "PowerManagerService.Display".
12-17 19:31:43.252   836   928 I knuckle_sensor: Got DISABLE response, status = 0, id = 60
12-17 19:31:43.254  1795 20747 I HwActivityManagerService: Split enqueueing broadcast [callerApp]:ProcessRecord{ec55919 3608:com.android.incallui/1001}
12-17 19:31:43.255  1795  1795 D DeviceIdleController: Moved from LIGHT_STATE_ACTIVE to LIGHT_STATE_INACTIVE
12-17 19:31:43.255  1795  1795 D DeviceIdleController: scheduleLightAlarmLocked(300000)
12-17 19:31:43.256  1795  1795 I AlarmManager: set(null) : type=2 triggerAtTime=443139619 win=225000 tElapsed=443139619 maxElapsed=443364619 interval=0 flags=0x8
12-17 19:31:43.257  1795  1795 I WindowManger_keyguard: Finished going to sleep... (why=6)
12-17 19:31:43.257  1795  1795 I WindowOrientationListener: WindowOrientationListener disabled
12-17 19:31:43.257  1795  1795 I qti_sensors_hal: batch,376,handle 0, timeout:0 ,period_ns:200000000
12-17 19:31:43.257  1795  1795 I qti_sensors_hal: batch:sensor(android.sensor.accelerometer) handle:0 flags:0x0 period_ns 200000000
12-17 19:31:43.267  2852  2852 W HwPhoneLayoutInflater: onCreateView : ClassNotFoundException, In this case we want to let the base class take a crack at it
12-17 19:31:43.267  1795  1795 I qti_sensors_hal: read from oem info: data_readback
12-17 19:31:43.267  1795  1795 I qti_sensors_hal: 0xcd, 0xb0, 0x24, 0x3e
12-17 19:31:43.267  1795  1795 I qti_sensors_hal: 0x66, 0xca, 0x3c, 0x3e
12-17 19:31:43.267  1795  1795 I qti_sensors_hal: 0xc0, 0x2a, 0x7c, 0x3f
12-17 19:31:43.267  1795  1795 I qti_sensors_hal: 0x55, 0x0, 0x0, 0x0
12-17 19:31:43.267  1795  1795 I qti_sensors_hal: 0x0, 0x0, 0x0, 0x0
12-17 19:31:43.267  1795  1795 E qti_sensors_hal: read from oem info: data_valid_flag=0x55
12-17 19:31:43.267  1795  1795 E qti_sensors_hal: read from oem info: x_offset=0.160831, y_offset=0.184366, z_offset=0.985027
12-17 19:31:43.267  1795  1795 E qti_sensors_hal: Final value: x_offset=0.160831, y_offset=0.184366, z_offset=0.985027
12-17 19:31:43.267  1795  1795 I qti_sensors_hal: batch:load_acc_oeminf_data x_offset:0.160831 y_offset:0.184366 z_offset:0.985027
12-17 19:31:43.267  1795  1795 I qti_sensors_hal: batch:sensor(android.sensor.accelerometer) sample_rate=5.000000Hz report_rate_f=0.000000Hz curr sample rate:14.999925 cur rpt rate:0 max:400.000000 min:1.000000
12-17 19:31:43.267  2852  2852 W HwPhoneLayoutInflater: onCreateView : ClassNotFoundException, In this case we want to let the base class take a crack at it
12-17 19:31:43.270  1795  1795 I WindowManger_keyguard: onFinishedGoingToSleep(6)
12-17 19:31:43.270  1795  1795 I PowerManager_screenOn: PowerManagerNotifier Sending go to sleep broadcast.
12-17 19:31:43.270  1795  1795 I SendBroadcastPermission: action:android.intent.action.SCREEN_OFF, mPermissionType:0
12-17 19:31:43.271  2852  2866 D KeyguardService: Caller checkPermission fail
12-17 19:31:43.271  2852  2866 D KeyguardService: KGSvcCall onFinishedGoingToSleep.
12-17 19:31:43.271  2852  2866 D KeyguardViewMediator: onFinishedGoingToSleep(6)
12-17 19:31:43.271  2852  2866 D KeyguardViewMediator: notifyFinishedGoingToSleep
12-17 19:31:43.271  2852  2866 W AppHandler: sendMessage 15
12-17 19:31:43.273  1795  1795 I HwActivityManagerService: Split enqueueing broadcast [callerApp]:ProcessRecord{34bf34f 0:system/1000}
12-17 19:31:43.273  1795  1795 I ActivityManager_broadcast: Enqueueing ordered broadcast[foreground] BroadcastRecord{71e09e u-1 android.intent.action.SCREEN_OFF}: prev had 0
12-17 19:31:43.273  1795  1808 I ActivityManager_broadcast: dispatch ordered broadcast [foreground] BroadcastRecord{71e09e u-1 android.intent.action.SCREEN_OFF}, has 55 receivers
12-17 19:31:43.279  1795  2377 I AwareLog: AwareMem_DMEServer: stop
12-17 19:31:43.285  2852  2852 W HwPhoneLayoutInflater: onCreateView : ClassNotFoundException, In this case we want to let the base class take a crack at it
12-17 19:31:43.286  1795  1795 D HwWifiP2pService: onReceive, action:android.intent.action.SCREEN_OFF
12-17 19:31:43.286  1795  2668 D WifiP2pService: InactiveState143467
12-17 19:31:43.286  1795  2668 E HwWifiP2pService: Unhandled message when=123016458 what=143467 arg1=0 arg2=0
12-17 19:31:43.286  1795  2668 D WifiP2pService: P2pEnabledState when=123016458 what=143467 arg1=0 arg2=0
12-17 19:31:43.286  1795  2668 D WifiP2pService: DefaultState{ when=0 what=143467 target=com.android.internal.util.StateMachine$SmHandler }
12-17 19:31:43.286  1795  2668 D HwWifiP2pService: SleepPolicy:1
12-17 19:31:43.286  2852  2852 W HwPhoneLayoutInflater: onCreateView : ClassNotFoundException, In this case we want to let the base class take a crack at it
12-17 19:31:43.294  1795  2671 D WifiStateMachine:  ConnectedState !CMD_SCREEN_STATE_CHANGED  rt=123016466/442839657 0 0
12-17 19:31:43.294  1795  2671 D WifiStateMachine:  L2ConnectedState !CMD_SCREEN_STATE_CHANGED  rt=123016466/442839658 0 0
12-17 19:31:43.294  1795  2671 D WifiStateMachine:  ConnectModeState !CMD_SCREEN_STATE_CHANGED  rt=123016466/442839658 0 0
12-17 19:31:43.294  1795  2671 D WifiStateMachine:  DriverStartedState !CMD_SCREEN_STATE_CHANGED  rt=123016466/442839658 0 0
12-17 19:31:43.294  1795  2671 D WifiStateMachine:  SupplicantStartedState !CMD_SCREEN_STATE_CHANGED  rt=123016466/442839658 0 0
12-17 19:31:43.294  1795  2671 D WifiStateMachine:  DefaultState !CMD_SCREEN_STATE_CHANGED  rt=123016466/442839658 0 0
12-17 19:31:43.295  1795  2671 D PowerManagerService: acquire lock=244575063, flags=0x1, tag="WifiSuspend", name=android, ws=null, uid=1000, pid=1795
12-17 19:31:43.295  1795  2671 D PowerManagerService: ready=true,policy=0,wakefulness=0,wksummary=0x11,uasummary=0x0,bootcompleted=true,boostinprogress=false,waitmodeenable=false,mode=true,manual=33,auto=-1,adj=0.0userId=0
12-17 19:31:43.295  1795  2671 D PowerManagerService: Acquiring suspend blocker "PowerManagerService.WakeLocks".
12-17 19:31:43.298  1795  2671 I AlarmManager: remove(null) changed bounds; rebatching
12-17 19:31:43.299  1795  1795 D HwConnectivityService: mIntentReceiver begin
