12-17 19:55:49.365  2852  2852 D TintTextView: #B3FFFFFF com.android.systemui.tint.TintTextView{8a4a4ce V.ED..... ......ID 0,0-0,0 #7f14032f app:id/hw_notification_number}
12-17 19:55:49.366  2852  2852 D TintTextView: #B3FFFFFF com.android.systemui.tint.TintTextView{29531d0 V.ED..... ........ 0,0-144,49 #7f14004e app:id/msim_status_bar_operators_card_one_id}
12-17 19:55:49.366  2852  2852 I PhoneStatusBarPolicy: updateBluetooth:::setBluetoothBatteryEnable false.
12-17 19:55:49.366  2852  2852 I PhoneStatusBarPolicy: updateBluetooth::bluetoothEnabled:false, bluetoothConnected=false, bluetoothTransfering=false
12-17 19:55:49.366  2852  2852 I HwStatusBarIconController: applyIconTint
12-17 19:55:49.380  2852  2852 D HwRecentsLockUtils: search
12-17 19:55:49.382  1795  3253 E HsmCoreServiceImpl: onTransact in code is: 103
12-17 19:55:49.382  1795  3253 I MediaProcessHandler: playingUids: 
12-17 19:55:49.382  2852  2852 D HwRecentsLockUtils: search
12-17 19:55:49.385  1795 16498 D ActivityManager: Skipping, home stack task: TaskRecord{37babfb #297 A=com.huawei.android.launcher U=0 StackId=0 sz=1}
12-17 19:55:49.385  1795 16498 D ActivityManager: Skipping, withExcluded: false, tr.intent:Intent { act=android.intent.action.MAIN flg=0x10840000 cmp=com.android.incallui/.InCallActivity (has extras) }
12-17 19:55:49.385  1795 16498 D ActivityManager: Skipping, withExcluded: false, tr.intent:Intent { flg=0x10804000 cmp=com.android.systemui/.recents.RecentsActivity bnds=[48,1199][1032,2447] }
12-17 19:55:49.385  1795 16498 D ActivityManager: Skipping, withExcluded: false, tr.intent:Intent { act=android.intent.action.VIEW dat=file:///storage/emulated/0/Downloads/云播影视326.apk typ=application/vnd.android.package-archive flg=0x10800000 cmp=com.android.packageinstaller/.PackageInstallerActivity (has extras) }
12-17 19:55:49.385  1795 16498 D ActivityManager: Skipping, withExcluded: false, tr.intent:Intent { act=com.android.deskclock.ALARM_ALERT flg=0x10800004 cmp=com.android.deskclock/.alarmclock.LockAlarmFullActivity (has extras) }
12-17 19:55:49.385  1795 16498 D ActivityManager: Skipping, withExcluded: false, tr.intent:Intent { act=android.intent.action.VIEW dat=file:///storage/emulated/0/Downloads/106_4389c1ec4cb78314a457ce5927578bb4.apk typ=application/vnd.android.package-archive flg=0x10800000 cmp=com.android.packageinstaller/.PackageInstallerActivity (has extras) }
12-17 19:55:49.385  1795 16498 D ActivityManager: Skipping, withExcluded: false, tr.intent:Intent { act=android.intent.action.VIEW dat=file:///storage/emulated/0/tencent/TMAssistantSDK/Download/com.tencent.mm/1a41cb224d6d4b020176381a7c790891 typ=application/vnd.android.package-archive flg=0x10800000 cmp=com.android.packageinstaller/.PackageInstallerActivity (has extras) }
12-17 19:55:49.385  1795 16498 D ActivityManager: Skipping, withExcluded: false, tr.intent:Intent { act=android.intent.action.VIEW dat=https://service.10046.mi.com/... flg=0x10800000 cmp=com.android.browser/.BrowserActivity (has extras) }
12-17 19:55:49.385  1795 16498 D ActivityManager: Skipping, withExcluded: false, tr.intent:Intent { act=android.media.action.STILL_IMAGE_CAMERA_SECURE flg=0x34800000 pkg=com.huawei.camera cmp=com.huawei.camera/.controller.SecureCameraActivity (has extras) }
12-17 19:55:49.385  1795 16498 D ActivityManager: Skipping, withExcluded: false, tr.intent:Intent { flg=0x10800000 cmp=com.huawei.camera/com.huawei.rapidcapture.RapidPlaceHolderActivity }
12-17 19:55:49.386  1795 16498 D ActivityManager: Skipping, withExcluded: false, tr.intent:Intent { act=android.intent.action.VIEW dat=file:///storage/emulated/0/Downloads/12306zhixinghuochepiao_314.apk typ=application/vnd.android.package-archive flg=0x10800000 cmp=com.android.packageinstaller/.PackageInstallerActivity (has extras) }
12-17 19:55:49.386  1795 16498 D ActivityManager: Skipping, withExcluded: false, tr.intent:Intent { flg=0x34800000 cmp=com.huawei.systemmanager/com.huawei.harassmentinterception.ui.InterceptionActivity (has extras) }
12-17 19:55:49.386  1795 16498 D ActivityManager: getRecentTasks: num=20,flags=62,totalTasks=47
12-17 19:55:49.386  1795 16498 D ActivityManager: getRecentTasks: topActivity=ComponentInfo{com.tencent.mm/com.tencent.mm.ui.LauncherUI}
12-17 19:55:49.387  2852  2852 I SystemServicesProxy: get the task from ActivityManager size is 20 AMS:getRecentTasksForUser,args:numTasksToQuery=20,flags=62,userId=-2
12-17 19:55:49.391  1795 16499 I ActivityManager_service: retrieveServiceLocked, callerApp: ProcessRecord{c5c29c4 3879:com.huawei.android.launcher/u0a61}, flags: 10000400
12-17 19:55:49.391  1795 16499 I ActivityManager_service: bindServiceLocked, r: ServiceRecord{54b6a94 u0 euid: 0 com.huawei.android.totemweather/.service.WeatherService}, euid: 0
12-17 19:55:49.394  1795  3110 V SecInputMethodManagerService: Client requesting input be hidden, pid=4492
12-17 19:55:49.394  1795  3110 V InputMethodManagerService: Window asks to hide input going forward
12-17 19:55:49.396  2852  2852 I RecentsTaskLoadPlan: to show tasks size is 20
12-17 19:55:49.397 16628 16628 D HwCust  : Create obj success use class com.huawei.android.totemweather.utils.HwCustTotemLocationImpl
12-17 19:55:49.398  1795 15988 D ActivityManager: Skipping, home stack task: TaskRecord{37babfb #297 A=com.huawei.android.launcher U=0 StackId=0 sz=1}
12-17 19:55:49.398  1795 15988 D ActivityManager: Skipping, withExcluded: false, tr.intent:Intent { act=android.intent.action.MAIN flg=0x10840000 cmp=com.android.incallui/.InCallActivity (has extras) }
12-17 19:55:49.398  1795 15988 D ActivityManager: getRecentTasks: num=10,flags=62,totalTasks=47
12-17 19:55:49.398  1795 15988 D ActivityManager: getRecentTasks: topActivity=ComponentInfo{com.tencent.mm/com.tencent.mm.ui.LauncherUI}
12-17 19:55:49.399  2852  2852 I SystemServicesProxy: get the task from ActivityManager size is 10 AMS:getRecentTasksForUser,args:numTasksToQuery=10,flags=62,userId=0
12-17 19:55:49.399  2852  2852 I PhoneStatusBar: setSystemUiVisibility vis=8708 mask=ffffffff oldVal=80000708 newVal=8708 diff=80008000
12-17 19:55:49.399  2852  2852 I BarTransitions.HwPhoneStatusBarView: transitionTo: mode=MODE_TRANSPARENT, animate=false
12-17 19:55:49.399  2852  2852 I BarTransitions.HwNavigationBarView: transitionTo: mode=MODE_TRANSPARENT, animate=false
12-17 19:55:49.399  2852  2852 D BarTransitions.HwNavigationBarView: MODE_TRANSLUCENT -> MODE_TRANSPARENT animate=false
12-17 19:55:49.399  4690  4690 I SendBroadcastPermission: action:com.tencent.mm.plugin.openapi.Intent.ACTION_HANDLE_APP_REGISTER, mPermissionType:0
12-17 19:55:49.399  2852  2852 D BarTransitions.HwNavigationBarView: applyModeBackground oldMode=MODE_TRANSLUCENT newMode=MODE_TRANSPARENT animate=false
12-17 19:55:49.400  2852  2852 I HwNavigationBarTransitions: transitionTo:mode=4, isEmuiStyle=false
12-17 19:55:49.400  2852  2852 I PhoneStatusBar: cancelAutohide
12-17 19:55:49.400  2852  2852 I PhoneStatusBar: notifyUiVisibilityChanged:vis=0x8708, SystemUiVisibility=0x8708
12-17 19:55:49.401  1795 17831 I ActivityManager_broadcast: collectReceiverComponents, callerApp: ProcessRecord{5299443 4690:com.baidu.input_huawei/u0a74}, intent:com.tencent.mm.plugin.openapi.Intent.ACTION_HANDLE_APP_REGISTER, receiver size:1, flags: 10000400
12-17 19:55:49.401  1795 17831 I HwActivityManagerService: Split enqueueing broadcast [callerApp]:ProcessRecord{5299443 4690:com.baidu.input_huawei/u0a74}
12-17 19:55:49.401  1795 17831 I ActivityManager_broadcast: Enqueueing ordered broadcast[background] BroadcastRecord{e0da93d u0 com.tencent.mm.plugin.openapi.Intent.ACTION_HANDLE_APP_REGISTER}: prev had 0
12-17 19:55:49.401  1795  1808 I ActivityManager_broadcast: dispatch ordered broadcast [background] BroadcastRecord{e0da93d u0 com.tencent.mm.plugin.openapi.Intent.ACTION_HANDLE_APP_REGISTER}, has 1 receivers
12-17 19:55:49.414  1795  1821 I ActivityManager_activity: windowsGone(): ActivityRecord{930e418 u0 com.huawei.android.launcher/.unihome.UniHomeLauncher t297}
12-17 19:55:49.418  4492  4492 I HwResourcesImpl: load icon id : 7f02011e, pkgName : com.baidu.input_huawei
12-17 19:55:49.418  4492  4492 W CfgFilePolicy: No config file found for:/themes/diff/icons
12-17 19:55:49.418  4492  4492 W CfgFilePolicy: CFG_DIRS length : 9
12-17 19:55:49.418  4492  4492 I HwResourcesImpl: icon : com.baidu.input_huawei found in app
12-17 19:55:49.426  4492  4492 I ActivityManager_activity: Reporting idle of ActivityRecord{50977f4 token=android.os.BinderProxy@4e2962b {com.tencent.mm/com.tencent.mm.ui.LauncherUI}} finished=false
12-17 19:55:49.429  1795  3225 D PowerManagerService: release:lock=230301592, flg=0x0, tag="*launch*", name=android", ws=WorkSource{10105}, uid=1000, pid=1795
12-17 19:55:49.430  1795  3225 D PowerManagerService: ready=true,policy=3,wakefulness=1,wksummary=0x0,uasummary=0x1,bootcompleted=true,boostinprogress=false,waitmodeenable=false,mode=true,manual=33,auto=-1,adj=0.0userId=0
12-17 19:55:49.430  1795  3225 D PowerManagerService: Releasing suspend blocker "PowerManagerService.WakeLocks".
12-17 19:55:49.431  1795  2377 V HwPackageManagerService: Returning system default Launcher 
12-17 19:55:49.431  1795  2377 I AwareLog: AwareMem_EventTracker: [APP_ACTIVITY_FINISH_123203876] is abandoned for memory 838652
12-17 19:55:49.572  1795  1795 I MQoS    : onSignal: mSubId=0,currDataSubID=0
12-17 19:55:49.572  1795  1795 I MQoS    : received cell-signal:5
12-17 19:55:49.572  1795  3253 I SendBroadcastPermission: action:android.intent.action.SIG_STR, mPermissionType:0
12-17 19:55:49.572  2852  3556 I NetworkController.MobileSignalController(0): onSignalStrengthsChanged signalStrength=SignalStrength: -1 0 -1 255 -1 255 -1 255 255 22 -81 -8 300 2147483647 2147483647 false gw|lte level=5 isSuspend=false levelOld=5,mSignalStrength level=5
12-17 19:55:49.573  3858  4126 I amsnl   : csr
12-17 19:55:49.573  3858  4126 I amsnl   : t:false, fl: false, p: 2147483647000, ce: true, we: true
12-17 19:55:49.574  2852  2914 I HwMobileSignalController: updateSignalStrength: signalStrength=SignalStrength: -1 0 -1 255 -1 255 -1 255 255 22 -81 -8 300 2147483647 2147483647 false gw|lte
12-17 19:55:49.576  1795  2396 D wifiserviceimpl: netmask =16580607
12-17 19:55:49.576  3858  4126 I amsnl   : m1: false
12-17 19:55:49.577  1795  3247 W ActivityManager: getRunningAppProcesses: caller 10009 does not hold REAL_GET_TASKS; limiting output
12-17 19:55:49.578  3858  4126 I amsnl   : m2: false, m3: false
12-17 19:55:49.578  3858  4126 I amsnl   : c: true, w: true, t: false, l: false
12-17 19:55:49.579  2852  2914 I HwMobileSignalController: subId:0 phoneType:1 networktype:13 targetClass:3 masterLevel:5 slaveLevel:-1
12-17 19:55:49.594  1795  2748 D HwAmbientLuxFilterAlgo: earliestValidTime + POWER_ON_BRIGHTENING_LIGHT_DEBOUNCE
12-17 19:55:49.594  1795  2748 D HwAmbientLuxFilterAlgo: earliestValidTime + POWER_ON_DARKENING_LIGHT_DEBOUNCE
12-17 19:55:49.631   633   692 I ECS     : main{1} XmlMsg.encodeBuf(XmlMsg.java:215) SEND 128 bytes [16]_00_00_00_7C_00_03_01_06_0E_05_87_58_E8_59_D3_88 cmdCode(CC_ReqCircleState.0x060E)msgType(MT_ARG.1)msgClass(MC_FriendsCircle.6)sender(ST_Mobile.0)crypted(true)zipped(false)nobase64(true)length(124)version(3)sno(8758)
12-17 19:55:49.653   633   692 I TCP     : tcp.recv{4488} TcpClientThread.onReceiverWork(TcpClientThread.java:307) get tcp message 108
12-17 19:55:49.662  1795  1821 I ActivityManager_activity: windowsVisibleLocked(): ActivityRecord{5f12a6a u0 com.tencent.mm/.ui.LauncherUI t383} idle: true
12-17 19:55:49.665  3879  3879 I HwLauncher: Launcher onStop()
12-17 19:55:49.686 31949 31967 I TCP     : tcp.recv{4790} TcpClientThread.onReceiverWork(TcpClientThread.java:307) get tcp message 659
12-17 19:55:49.687 31949 31967 I TCP     : msg.recv{4791} TcpClientThread.onRecv(TcpClientThread.java:515) TCP Msg 659TCP_OK
12-17 19:55:49.688 31949 31967 I ECS     : msg.recv{4791} XmlMsg.decodeBuf(XmlMsg.java:237) RECV 663 bytes [12]_00_03_02_05_01_04_81_C7_06_0A_C2_FE cmdCode(CC_PCheckVersion.0x0501)msgType(MT_ACK.2)msgClass(MC_Push.5)sender(ST_Mobile.0)crypted(false)zipped(false)nobase64(true)length(659)version(3)sno(81C7)
12-17 19:55:49.692  1795  1805 I WindowManager: Destroying surface Surface(name=com.huawei.android.launcher/com.huawei.android.launcher.unihome.UniHomeLauncher) called by com.android.server.wm.WindowStateAnimator.destroySurface:2056 com.android.server.wm.WindowStateAnimator.destroySurfaceLocked:907 com.android.server.wm.WindowState.destroyOrSaveSurface:2174 com.android.server.wm.AppWindowToken.destroySurfaces:366 com.android.server.wm.AppWindowToken.notifyAppStopped:392 com.android.server.wm.WindowManagerService.notifyAppStopped:4822 com.android.server.am.ActivityStack.activityStoppedLocked:1393 com.android.server.am.ActivityManagerService.activityStopped:7645 
12-17 19:55:49.695  1795  1809 I MultiTaskManagerService: onForegroundActivitiesChanged pid = 3879, uid = 10061
12-17 19:55:49.713  1795  1825 D AutomaticBrightnessController: ambient lux=77.0,timeStamp =444286076514000
12-17 19:55:49.735   625   718 E libnav  : CablComputeBacklightLevel(): UpdateType = DifferentSceneUpdate
12-17 19:55:49.826  1795  3110 W ActivityManager: getRunningAppProcesses: caller 10105 does not hold REAL_GET_TASKS; limiting output
12-17 19:55:49.829  1795  3247 W ActivityManager: getRunningAppProcesses: caller 10105 does not hold REAL_GET_TASKS; limiting output
12-17 19:55:49.833  1795 11746 W ActivityManager: getRunningAppProcesses: caller 10105 does not hold REAL_GET_TASKS; limiting output
12-17 19:55:49.835  1795  3249 W ActivityManager: getRunningAppProcesses: caller 10105 does not hold REAL_GET_TASKS; limiting output
12-17 19:55:49.895  1795  2748 D HwAmbientLuxFilterAlgo: earliestValidTime + POWER_ON_BRIGHTENING_LIGHT_DEBOUNCE
12-17 19:55:49.895  1795  2748 D HwAmbientLuxFilterAlgo: earliestValidTime + POWER_ON_DARKENING_LIGHT_DEBOUNCE
12-17 19:55:50.145  1795  2671 D WifiHW  : wifi_send_command: cmd:'IFNAME=wlan0 SIGNAL_POLL'
12-17 19:55:50.145  5215  5215 D wpa_supplicant: wlan0: Control interface command 'SIGNAL_POLL'
12-17 19:55:50.163  5215  5215 E wpa_supplicant: RSSI=-45;LINKSPEED=72;NOISE=9999;FREQUENCY=2452;
12-17 19:55:50.163  5215  5215 D wpa_supplicant: CTRL-DEBUG: global_ctrl_sock-sendto: sock=16 sndbuf=229376 outq=0 send_len=48
12-17 19:55:50.164  1795  2671 V HwWifiServiceFactory: get AllImpl object = com.android.server.wifi.HwWifiServiceFactoryImpl@c332618
12-17 19:55:50.164  1795  2671 E WifiConfigManager: updateConfiguration freq=2452 BSSID=80:38:bc:08:42:c1 RSSI=-51 "Huawei-Employee"WPA_EAP
12-17 19:55:50.166  1795  2671 V HwWifiServiceFactory: get AllImpl object = com.android.server.wifi.HwWifiServiceFactoryImpl@c332618
12-17 19:55:50.179  1795 11745 W ActivityManager: getRunningAppProcesses: caller 10105 does not hold REAL_GET_TASKS; limiting output
12-17 19:55:50.186  1795 17832 I AlarmManager: remove(PendingIntent{78fd532: PendingIntentRecord{8c3471b com.tencent.mm broadcastIntent}}) changed bounds; rebatching
