12-17 19:31:57.154  2852  2852 I PanelBar: collapsePanel2
12-17 19:31:57.155  2852  2852 I PhoneStatusBar: setSystemUiVisibility vis=c0000000 mask=ffffffff oldVal=c0000600 newVal=c0000000 diff=600
12-17 19:31:57.155  2852  2852 I PhoneStatusBar: notifyUiVisibilityChanged:vis=0xc0000000, SystemUiVisibility=0xc0000000
12-17 19:31:57.158  1795 16498 W ActivityManager: getRunningAppProcesses: caller 10105 does not hold REAL_GET_TASKS; limiting output
12-17 19:31:57.160  1795  1821 I ActivityManager_activity: Incall is gone
12-17 19:31:57.160  1795  1821 I ActivityManager_activity: windowsGone(): ActivityRecord{b46dc67 u0 com.android.incallui/.InCallActivity t310}
12-17 19:31:57.161  1795  1795 I NotificationManager: updateLightsLocked,mInCall =true,mScreenOn = false,ledNotification == null?true
12-17 19:31:57.161  1795  1795 I NotificationManager: updateLightsLocked,turn off notificationLight
12-17 19:31:57.161  1795  1795 I Sensor  : turn off notificationLight due to incall or screenon
12-17 19:31:57.161  1795  1795 I Sensor  : updateLight --> mIsNotificationExisting: false ledOnMS: 0 ledOffMS :0
12-17 19:31:57.161  1795  1795 I Sensor  : updateLightsLocked --> level:78, status:3
12-17 19:31:57.161  1795  1795 I Sensor  : updateLightsLocked --> mBatteryLight.turnOff
12-17 19:31:57.162  2852  2852 I PhoneStatusBar: setSystemUiVisibility vis=80000300 mask=ffffffff oldVal=c0000000 newVal=80000300 diff=40000300
12-17 19:31:57.162  2852  2852 I BarTransitions.HwPhoneStatusBarView: transitionTo: mode=MODE_OPAQUE, animate=false
12-17 19:31:57.162  2852  2852 D BarTransitions.HwPhoneStatusBarView: MODE_TRANSLUCENT -> MODE_OPAQUE animate=false
12-17 19:31:57.162  2852  2852 D BarTransitions.HwPhoneStatusBarView: applyModeBackground oldMode=MODE_TRANSLUCENT newMode=MODE_OPAQUE animate=false
12-17 19:31:57.162  2852  2852 I BarTransitions.HwNavigationBarView: transitionTo: mode=MODE_TRANSLUCENT, animate=false
12-17 19:31:57.163  2852  2852 I HwNavigationBarTransitions: transitionTo:mode=2, isEmuiStyle=false
12-17 19:31:57.163  2852  2852 I PhoneStatusBar: cancelAutohide
12-17 19:31:57.163  2852  2852 I PhoneStatusBar: notifyUiVisibilityChanged:vis=0x80000300, SystemUiVisibility=0x80000300
12-17 19:31:57.166  2852  2852 I StackScrollAlgorithm: overlapAmount:763.6, previousNotificationEnd:607.0, newYTranslation:-156.59998, location:2, i:1, getTopPadding:499.0, getLocationOnScreen():-36
12-17 19:31:57.166  2852  2852 I StackScrollAlgorithm: updateClipping isOverlap:true
12-17 19:31:57.166  2852  2852 I StackScrollAlgorithm: updateDimmedActivatedHideSensitive overlap:true
12-17 19:31:57.166  3608  3608 D InCall  : CallCardFragment - onGlobalLayout
12-17 19:31:57.171  1795  1795 I TrafficMonitor: update:rxPkts:5,txPkts:6,rxBytes:954,txBytes:427
12-17 19:31:57.171  1795  1795 I TrafficMonitor: start expired. level:-1
12-17 19:31:57.171  1795  1795 I TrafficMonitor: gettimer:interval=2000
12-17 19:31:57.172  1795  1795 I PowerManager_screenOn: PowerManagerNotifier Sending wake up broadcast.
12-17 19:31:57.172  1795  1795 I SendBroadcastPermission: action:android.intent.action.SCREEN_ON, mPermissionType:0
12-17 19:31:57.173  1795  1795 I HwActivityManagerService: Split enqueueing broadcast [callerApp]:ProcessRecord{34bf34f 0:system/1000}
12-17 19:31:57.173  1795  1795 I ActivityManager_broadcast: Enqueueing ordered broadcast[foreground] BroadcastRecord{728e0be u-1 android.intent.action.SCREEN_ON}: prev had 0
12-17 19:31:57.173  1795  1808 I ActivityManager_broadcast: dispatch ordered broadcast [foreground] BroadcastRecord{728e0be u-1 android.intent.action.SCREEN_ON}, has 57 receivers
12-17 19:31:57.173  1795  1795 D DeviceIdleController: updateDisplayLocked: screenOn=true
12-17 19:31:57.173  1795  1795 I DeviceIdleController: becomeActiveLocked, reason = screen
12-17 19:31:57.173  1795  1795 D HwInputMethodManagerService: ------------startInput--------------
12-17 19:31:57.183  1795  2332 I qti_sensors_hal: [ACC]processReportInd: X: 6.017514 Y: 6.999747 Z: 3.494220  x_offset:0.160831 y_offset:0.184366 z_offset:0.985027
12-17 19:31:57.184  1795  1795 V SecInputMethodManagerService: Client requesting input be hidden, pid=1795
12-17 19:31:57.184  1795  1795 D HwInputMethodManagerService: hideSecSoftInput = false
12-17 19:31:57.234  3608  3608 I ActivityManager_activity: Reporting idle of ActivityRecord{fd45985 token=android.os.BinderProxy@af8ea9b {com.android.incallui/com.android.incallui.InCallActivity}} finished=false
12-17 19:31:57.234  1795  1821 I ActivityManager_activity: windowsVisibleLocked(): ActivityRecord{b46dc67 u0 com.android.incallui/.InCallActivity t310} idle: false
12-17 19:31:57.237  1795  2377 V HwPackageManagerService: Returning system default Launcher 
12-17 19:31:57.237  1795  2377 I AwareLog: AwareMem_DMEServer: executeMemoryRecover iaware not running
12-17 19:31:57.238  3180  3332 I ScenarioAction: new ScenarioAction sPoolSize: 0
12-17 19:31:57.238  2852  2852 I StatusBar: onNotificationRemoved: StatusBarNotification(pkg=com.android.incallui user=UserHandle{0} id=2 tag=null key=0|com.android.incallui|2|null|1001: Notification(pri=2 contentView=null vibrate=null sound=null defaults=0x0 flags=0x2 color=0x00000000 actions=3 vis=PRIVATE publicVersion=Notification(pri=0 contentView=null vibrate=null sound=null defaults=0x0 flags=0x0 color=0xff33b5e5 vis=PRIVATE)))
12-17 19:31:57.238  2852  2852 I PhoneStatusBar: removeNotification:0|com.android.incallui|2|null|1001
12-17 19:31:57.238  2852  2852 I StatusBar: removeNotificationViews:0|com.android.incallui|2|null|1001
12-17 19:31:57.238  1795  1821 I WindowManager: All windows ready for display!
12-17 19:31:57.238  2852  2852 I NotificationGroupManager: onEntryRemoved:0|com.android.incallui|2|null|1001
12-17 19:31:57.239  2852  2852 I NotificationGroupManager: onEntryRemovedInternal:0|com.android.incallui|2|null|1001, group=0|com.android.incallui|2|null|1001
12-17 19:31:57.239  2852  2852 I NotificationGroupManager: summary = null
12-17 19:31:57.239  2852  2852 I HwPhoneStatusBar: updateNotificationShade
12-17 19:31:57.239  2852  2852 I PhoneStatusBar: updateNotificationShade
12-17 19:31:57.240  1795  1809 I WindowOrientationListener: WindowOrientationListener enabled
12-17 19:31:57.240  2852  2852 I PhoneStatusBar: removeNotificationChildren
12-17 19:31:57.240  1795  1809 I qti_sensors_hal: batch,376,handle 0, timeout:0 ,period_ns:66667000
12-17 19:31:57.240  1795  1809 I qti_sensors_hal: batch:sensor(android.sensor.accelerometer) handle:0 flags:0x0 period_ns 66667000
12-17 19:31:57.241  2852  2852 I HwNotificationIconAreaController: showNotificationAll
12-17 19:31:57.241  1795  3237 I NotificationManager: onNotificationExpansionChanged called
12-17 19:31:57.243  1795  2377 I AwareLog: AwareMem_DMEServer: start
12-17 19:31:57.243  1795  2377 I AwareLog: AwareMem_EventTracker: [SCREEN_ON_1481974317242] is abandoned for memory 833596
12-17 19:31:57.245  1795  1795 D HwWifiP2pService: onReceive, action:android.intent.action.SCREEN_ON
12-17 19:31:57.245  1795  2668 D WifiP2pService: InactiveState143466
12-17 19:31:57.245  1795  2668 E HwWifiP2pService: Unhandled message when=123030417 what=143466 arg1=0 arg2=0
12-17 19:31:57.245  1795  2668 D WifiP2pService: P2pEnabledState when=123030417 what=143466 arg1=0 arg2=0
12-17 19:31:57.245  1795  2668 D WifiP2pService: DefaultState{ when=0 what=143466 target=com.android.internal.util.StateMachine$SmHandler }
12-17 19:31:57.245  1795  2668 D HwWifiP2pService: cancel alarm.
12-17 19:31:57.250  1795  2671 D WifiStateMachine:  ConnectedState CMD_SCREEN_STATE_CHANGED  rt=123030422/442853613 1 0
12-17 19:31:57.250  2852  2852 I StackScrollAlgorithm: updateClipping isOverlap:false
12-17 19:31:57.250  2852  2852 I StackScrollAlgorithm: updateDimmedActivatedHideSensitive overlap:false
12-17 19:31:57.250  1795  2671 D WifiStateMachine:  L2ConnectedState CMD_SCREEN_STATE_CHANGED  rt=123030422/442853614 1 0
12-17 19:31:57.250  1795  2671 D WifiStateMachine:  ConnectModeState CMD_SCREEN_STATE_CHANGED  rt=123030422/442853614 1 0
12-17 19:31:57.250  1795  2671 D WifiStateMachine:  DriverStartedState CMD_SCREEN_STATE_CHANGED  rt=123030422/442853614 1 0
12-17 19:31:57.250  1795  2671 D WifiStateMachine:  SupplicantStartedState CMD_SCREEN_STATE_CHANGED  rt=123030422/442853614 1 0
12-17 19:31:57.250  1795  2671 D WifiStateMachine:  DefaultState CMD_SCREEN_STATE_CHANGED  rt=123030422/442853614 1 0
12-17 19:31:57.251  2852  2852 I ActivatableNotificationView: setOverlap mOverlap:false, mDimmed:false
12-17 19:31:57.252  1795  2671 W AlarmManager: Unrecognized alarm listener com.android.server.wifi.WifiConnectivityManager$3@bdcaf7b
12-17 19:31:57.252  1795  2671 E WifiScanner: listener cannot be found
12-17 19:31:57.252  1795  2671 D HwWifiConnectivityManager: handleScanCounterChanged,reason: 2, mHwSingleScanCounter: 0
12-17 19:31:57.253  2852  2852 I SystemUIIdleHandler: enter addToIdleMessage(type:1002), mainloop is busy, add to idleMessage
12-17 19:31:57.253  1795  2671 I AlarmManager: set(null) : type=2 triggerAtTime=442862162 win=0 tElapsed=442862162 maxElapsed=442862162 interval=0 flags=0x9
12-17 19:31:57.254  1795  2671 D WifiStateMachine:  ConnectedState !CMD_ENABLE_RSSI_POLL  rt=123030425/442853617 1 0
12-17 19:31:57.254  1795  2671 D WifiStateMachine:  L2ConnectedState !CMD_ENABLE_RSSI_POLL  rt=123030425/442853617 1 0
12-17 19:31:57.254  1795  2671 D WifiHW  : wifi_send_command: cmd:'IFNAME=wlan0 SIGNAL_POLL'
12-17 19:31:57.254  1795  1809 I qti_sensors_hal: read from oem info: data_readback
12-17 19:31:57.254  1795  1809 I qti_sensors_hal: 0xcd, 0xb0, 0x24, 0x3e
12-17 19:31:57.254  1795  1809 I qti_sensors_hal: 0x66, 0xca, 0x3c, 0x3e
12-17 19:31:57.254  1795  1809 I qti_sensors_hal: 0xc0, 0x2a, 0x7c, 0x3f
12-17 19:31:57.254  1795  1809 I qti_sensors_hal: 0x55, 0x0, 0x0, 0x0
12-17 19:31:57.254  1795  1809 I qti_sensors_hal: 0x0, 0x0, 0x0, 0x0
12-17 19:31:57.254  1795  1809 E qti_sensors_hal: read from oem info: data_valid_flag=0x55
12-17 19:31:57.254  1795  1809 E qti_sensors_hal: read from oem info: x_offset=0.160831, y_offset=0.184366, z_offset=0.985027
12-17 19:31:57.254  1795  1809 E qti_sensors_hal: Final value: x_offset=0.160831, y_offset=0.184366, z_offset=0.985027
12-17 19:31:57.254  1795  1809 I qti_sensors_hal: batch:load_acc_oeminf_data x_offset:0.160831 y_offset:0.184366 z_offset:0.985027
12-17 19:31:57.254  1795  1809 I qti_sensors_hal: batch:sensor(android.sensor.accelerometer) sample_rate=14.999925Hz report_rate_f=0.000000Hz curr sample rate:5.000000 cur rpt rate:0 max:400.000000 min:1.000000
12-17 19:31:57.255  5215  5215 D wpa_supplicant: wlan0: Control interface command 'SIGNAL_POLL'
12-17 19:31:57.255  1795  1809 I qti_sensors_hal: flush,395,handle 0
12-17 19:31:57.255  1795  1809 I qti_sensors_hal: flush,260 handle 0
12-17 19:31:57.256  1795  1809 I WindowManager: Finished screen turning on...
12-17 19:31:57.256  1795  1825 I PowerManager_screenOn: DisplayPowerController Unblocked screen on after 562 ms
12-17 19:31:57.256  1795  1795 D HwConnectivityService: mIntentReceiver begin
