12-17 19:34:57.847  1795 16501 I HwNetworkPolicy: onTransact, code = 205
12-17 19:34:57.848  2852  2914 I SimCardMethod: isCardAbsent slot:0 slotState:5
12-17 19:34:57.848  2883  3256 I HwNetworkPolicyManager: forceUpdatePolicy isRoaming = false
12-17 19:34:57.849  2852  2852 D HwMobileSignalController: getTypeIcon type:3
12-17 19:34:57.849  2852  2852 D HwMobileSignalController:  4G, isCAState=false
12-17 19:34:57.849  2852  2852 I HwMobileSignalController: notifyListenerHuawei::origin typeIcon:2130839157 icons.mName:4G isSuspend:false, showDataIcon=false, dataConnected=false, isRoaming=false
12-17 19:34:57.849  2852  2852 I HwSignalClusterView: getOrInflateState subId:0
12-17 19:34:57.849  2852  2852 I HwSignalClusterView: getOrInflateState subId:0
12-17 19:34:57.849  2852  2852 I HwSignalClusterView: setMobileDataIndicatorsHuawei subId:0 visible:true strengthIcon:2130839311 typeIcon:2130839157 contentDescription:手机信号满格。 typeContentDescription:4G isTypeIconWide:true showActivity:false activityIn:false activityOut:false isRoaming:false
12-17 19:34:57.849  2852  2852 I HwSignalClusterView: getOrInflateState subId:0
12-17 19:34:57.849  3218  7071 E HW-JPEG-DEC: [HME_JPEG_DEC_Delete](3298): HME_JPEG_DEC_Delete: decoder_ctx=null
12-17 19:34:57.850  2852  2852 D NetWorkUtils: mVSimCurCardType is -1
12-17 19:34:57.850  2852  2852 I HwSignalClusterView: apply hwPhoneState.mSubId:0 anyMobileVisible:false mIsAirplaneMode:false, mobileGroupVisible=true
12-17 19:34:57.851  2852  2852 I HwSignalClusterView: setMobileDataIndicatorsHuawei subId:0 visible:true strengthIcon:2130839311 typeIcon:2130839157 contentDescription:手机信号满格。 typeContentDescription:4G isTypeIconWide:true showActivity:false activityIn:false activityOut:false isRoaming:false
12-17 19:34:57.851  2852  2852 I HwSignalClusterView: getOrInflateState subId:0
12-17 19:34:57.852  2852  2852 D NetWorkUtils: mVSimCurCardType is -1
12-17 19:34:57.852  2852  2852 I HwSignalClusterView: apply hwPhoneState.mSubId:0 anyMobileVisible:false mIsAirplaneMode:false, mobileGroupVisible=true
12-17 19:34:57.856   935   935 E Parcel  : Reading a NULL string not supported here.
12-17 19:34:57.857   935   935 E Parcel  : Reading a NULL string not supported here.
12-17 19:34:57.858  1795  2371 E LightSensor: read Events lux: 39.0
12-17 19:34:57.859  1795  1825 D AutomaticBrightnessController: ambient lux=39.0,timeStamp =443034222185000
12-17 19:34:57.859  3168  3168 I CHR_ChrNetworkTracker: Enter shouldIgnorePSLost ! radioOn= true simCardState=5 isSubActived=true, mSub = 0, mAirplaneMode = false, isDual4GSlotSwitch = false
12-17 19:34:57.861  3168  3168 I CHR_ChrNetworkTracker: Enter updateLostResumeNetTypeFlag !
12-17 19:34:57.861  3168  3168 I CHR_ChrNetworkTracker: Leaving updateLostResumeNetTypeFlag!mLostNetworkType=0 mResumeNetworkType=2 mCacheLostNetworkType=0
12-17 19:34:57.861  3168  3168 I CHR_ChrNetworkTracker: sendMsgToChrNetwork = 2
12-17 19:34:57.861  3168  3330 I CHR_QcomModemInfoCollector: triggerModemErrorReport: FaultID = 2, sub = 0
12-17 19:34:57.861  3218  3218 D HwCustPhoneGlobalsImpl: full network is true old serivce state is 0 new service state is 0 subid is 0 hasNotification is false
12-17 19:34:57.861  3168  3309 I CHR_QcomModemInfoCollector: handleMessage{ when=0 what=0 arg2=2 obj=2 target=com.huawei.android.chr.qcom.QcomModemInfoCollector$QcomModemInfoHandler }
12-17 19:34:57.861  3168  3309 I CHR_QcomModemInfoCollector: dispatchModemErrorReport: FaultID = 2, sub = 0
12-17 19:34:57.862  3168  3309 D QmiChr_Native: Enter GetAsdivWorkState()
12-17 19:34:57.862  3168  3309 E         : come into oem_qmi_common_stream_from_modem_len --->modem 
12-17 19:34:57.862  3218  3218 D HwChrManagerImpl: DcTrackerBse setAnyDataEnabledFalseReason,flag=true,false,true,true
12-17 19:34:57.862  3168  3309 D         : Lib:oem_qmi_cmd:Build socket connection success. And retry:0
12-17 19:34:57.862  3168  3309 E         : Lib:oem_qmi_cmd: Send to server  passed!!
12-17 19:34:57.862   800  1015 D         : oem-qmi: Connection accepted
12-17 19:34:57.862   800  1015 D         : oem-qmi: recv_id_l = 14 recv_id=14
12-17 19:34:57.862  3218  3218 I QImsService: ImsServiceSubHandler : Message received: what = 1001
12-17 19:34:57.862  3218  3218 I QImsService: ImsServiceSubHandler : EVENT_DATA_CONNECTION_DRS_OR_RAT_CHANGED, dataRegState=0, Ril RAT is 14
12-17 19:34:57.862   800  1015 D         : oem-qmi: Waiting to accept connection
12-17 19:34:57.862  3218  3218 I QImsService: ImsServiceSubHandler : enter detectImsRegisterState, dataRegState=0, rilRat=14
12-17 19:34:57.862  3218  3218 I QImsService: ImsServiceSubHandler : After detect, ims register state is 3
12-17 19:34:57.862  3218  3218 I QImsService: ImsServiceSubHandler : handleNetworkStateChanged: defualt4GSlotId=0
12-17 19:34:57.863   800 20585 D         : oem-qmi: request_handler recv_id = 14
12-17 19:34:57.867  3168  3309 E         : ######  output 0
12-17 19:34:57.867  3168  3309 E         : ---qmi : rapi_event_type=312, qmi_ret=0, return_status=0. 
12-17 19:34:57.867  3168  3309 I QmiChr_Native: GetAsdivWorkState() mResult = 0, output[0] =0, output[4] =0, output_len =0.
12-17 19:34:57.867  3168  3309 E QmiChr_Native: GetAsdivWorkState error
12-17 19:34:57.867  3168  3309 I CHR_HWASDiv: getAsdivWorkState: result = 0,buf[0]=0
12-17 19:34:57.867  3168  3309 E CHR_HWASDiv: getAsdivWorkState: error!
12-17 19:34:57.867  3168  3309 I CHR_HWASDiv: getAntPosition antWorkState is -1
12-17 19:34:57.867  3168  3309 I CHR_QcomModemInfoCollector: getAntPosition Phone success antPos=-1
12-17 19:34:57.867  3168  3309 I CHR_QcomModemInfoCollector: notify modem error report result,FaultID = 2, sub = 0,hasModemErrorDone = false
12-17 19:34:57.867  3168  3309 I CHR_ProtocolLogManager: notifyModemInfoRegistrants, faultID:2, modemId: 0, sub: 0
12-17 19:34:57.867  3168  3309 I CHR_ProtocolLogManager: notifyModemInfoRegistrants init info = ModemReportInfo: faultID = 2, sub = 0, mHasModemParam = false
12-17 19:34:57.870  3168  3330 I CHR_ChrNetwork: reportNetworkChr faultID = 2, domain = 2, mSub = 0
12-17 19:34:57.870  3168  3330 I CHR_ChrNetwork: setNetLostEvent
12-17 19:34:57.870  3168  3330 I CHR_ChrNetwork: net lostDuration : 257
12-17 19:34:57.870  3168  3330 I CHR_ChrNetwork: setNetLostEvent : faultID 2
12-17 19:34:57.870  3168  3330 I CHR_QcomModemInfoCollector: getErrType2Db: event = LOST_NETWORK, Cause = 0
12-17 19:34:57.870  3168  3307 I CHR_ProtocolLogManager: The event is: 3
12-17 19:34:57.870  3168  3307 I CHR_ChrUtil: is Beta User, userType = 3
12-17 19:34:57.871  3168  3307 I CHR_ProtocolLogManager: iMonitor version, packing logs call the same interface
12-17 19:34:57.871  3168  3307 I CHR_IMonitorLogManager: uploadIMonitorEvent, faultID = 2, iMonitorID = 904000000, logRequest =0, eventID = 0, eventScenario = 1, eventFailCause = 0
12-17 19:34:57.871  3168  3330 I CHR_ProtocolLogManager: setChrInfo2Db begin
12-17 19:34:57.871  3168  3307 I iMonitor: create: 904000000
12-17 19:34:57.871  3168  3330 W ContextImpl: Calling a method in the system process without a qualified user: android.app.ContextImpl.sendBroadcast:996 com.huawei.android.chr.ProtocolLogManager.setChrInfo2DbEx:1213 com.huawei.android.chr.ProtocolLogManager.setChrInfo2Db:1118 com.huawei.android.chr.network.ChrNetwork.setNetLostEvent:1730 com.huawei.android.chr.network.ChrNetwork.reportNetworkChr:554 
12-17 19:34:57.871  3168  3330 I SendBroadcastPermission: action:com.android.huawei.broadcast.HwRepairHelper, mPermissionType:0
12-17 19:34:57.872  3168  3168 I CHR_ChrDataService: psFaultID= 2
12-17 19:34:57.872  3168  3168 I CHR_ChrMessage: handleMessage msg.what = 10000
12-17 19:34:57.872  3168  3168 I CHR_ChrMessage: get modem info done not report faultId = 2
12-17 19:34:57.872  3168  3168 I CHR_ChrCallService: CHR Info, EVENT_GET_MODEM_INFO_DONE, iFaultID:2147483647, iNewFaultID:2, subId:0
12-17 19:34:57.872  3168  3168 I CHR_ChrCallService: CHR Info, handleMessage, Error, INVALID FaultID.
12-17 19:34:57.872  3168  3168 I CHR_ChrVolte: message EVENT_GET_MODEM_INFO_DONE: fault id = 2
12-17 19:34:57.872  3168  3168 I CHR_ChrHifi: chrHifiHandleMessage faultID = 2, sub = 0
12-17 19:34:57.872  3168  3168 I CHR_ChrSimState: get modem info done
12-17 19:34:57.872  1795 16498 I ActivityManager_broadcast: collectReceiverComponents, callerApp: ProcessRecord{74fae8e 3168:com.huawei.android.chr/1000}, intent:com.android.huawei.broadcast.HwRepairHelper, receiver size:1, flags: 10000400
12-17 19:34:57.872  1795 16498 I HwActivityManagerService: Split enqueueing broadcast [callerApp]:ProcessRecord{74fae8e 3168:com.huawei.android.chr/1000}
12-17 19:34:57.872  1795 16498 I ActivityManager_broadcast: Enqueueing ordered broadcast[background] BroadcastRecord{7875c6f u0 com.android.huawei.broadcast.HwRepairHelper}: prev had 1
12-17 19:34:57.874  3168  3307 I iMonitor: send: 904000000
12-17 19:34:57.874   818  1152 I logserver: handle_exception_events enter
12-17 19:34:57.874  3626  3770 I LSC_904000000: process buffer and get message
12-17 19:34:57.874  3218  3218 I QImsService: ImsSenderRxr : [0037]> REQUEST_IMS_REG_STATE_CHANGE[SUB0]
12-17 19:34:57.874  3218  3218 I QImsService: ImsSenderRxr : Message data: [0, 0, 0, 14, 11, 13, 37, 0, 0, 0, 16, 1, 24, 26, 32, 0, 8, 2][SUB0]
12-17 19:34:57.875  1795  3884 D PowerManagerService: acquire lock=262561148, flags=0x1, tag="ImsSenderRxr", name=org.codeaurora.ims, ws=null, uid=1001, pid=3218
12-17 19:34:57.875  1795  3884 D PowerManagerService: ready=true,policy=3,wakefulness=1,wksummary=0x1,uasummary=0x1,bootcompleted=true,boostinprogress=false,waitmodeenable=false,mode=true,manual=33,auto=-1,adj=0.0userId=0
12-17 19:34:57.877  3168  3307 I CHR_ChrCommonInfo: getChrComHead default4GSlotId = 0
12-17 19:34:57.880  3218  3218 D ConnectivityManager: getMobileDataEnabled()+ subId=0
12-17 19:34:57.881  3168  3307 I CHR_ChrUtil: is Beta User, userType = 3
12-17 19:34:57.881  3218  3218 D PhoneInterfaceManager: [PhoneIntfMgr] getDataEnabled: subId=0 phoneId=0
12-17 19:34:57.881  3218  3218 D PhoneInterfaceManager: [PhoneIntfMgr] getDataEnabled: subId=0 retVal=false
12-17 19:34:57.881  3218  3218 D ConnectivityManager: getMobileDataEnabled()- subId=0 retVal=false
12-17 19:34:57.881  3218  3218 D PhoneApp: - bRoaming:false; dataEnabled: false
12-17 19:34:57.881  3218 13114 W PhoneInterfaceManager: shouldBlockLocation running ...
12-17 19:34:57.881  3218 13114 I PhoneInterfaceManager: shouldBlockLocation  ret:false
12-17 19:34:57.883  1795 11746 I NotificationManager: cancelNotificationWithTag pid 3218,uid = 1001,tag = null,pkg =com.android.phone,id =5
12-17 19:34:57.883  3218  3517 I QImsService: ImsSenderRxr : Response data: [11, 13, 37, 0, 0, 0, 16, 2, 24, 26, 32, 0][SUB0]
12-17 19:34:57.883  3218  3517 I QImsService: ImsSenderRxr :  Tag 37 2 26 0[SUB0]
12-17 19:34:57.883  3218  3517 I QImsService: ImsSenderRxr : [0037]< REQUEST_IMS_REG_STATE_CHANGE [SUB0]
12-17 19:34:57.883  1795  1795 I NotificationManager: cancelNotification,index:-1
12-17 19:34:57.883  3218  3218 I QImsService: ImsServiceSubHandler : Message received: what = 9
