12-17 19:31:50.448   835  2385 D fpc_fingerprint_hal: fpc poll irq interupt
12-17 19:31:50.448   835  2385 D fpc_fingerprint_hal: wait_finger_down, took 4314 ms
12-17 19:31:50.448   835  2385 E fpc_fingerprint_hal: capture_image failed -4
12-17 19:31:50.449   835  2385 I fpc_fingerprint_hal: timeForContinueCapture id:4315
12-17 19:31:50.449  1795  1795 I HwActivityManagerService: Split enqueueing broadcast [callerApp]:ProcessRecord{34bf34f 0:system/1000}
12-17 19:31:50.449   835  2385 E libteec : begin
12-17 19:31:50.449   606  2379 E libteec : receive data len = 128
12-17 19:31:50.449  1795  1795 I ActivityManager_broadcast: Enqueueing ordered broadcast[foreground] BroadcastRecord{1c61826 u-1 android.intent.action.SCREEN_ON}: prev had 0
12-17 19:31:50.449  2852  2852 D TimeKeeper: getTimeTickInfo:[mMillisUntilFinished:0, mHour:0, mMinute:0, mSecond:0]
12-17 19:31:50.449  2852  2852 E KeyguardUpdateMonitor: isSimPinSecure mSimDatas is null or empty 
12-17 19:31:50.449  2852  2852 E KeyguardUpdateMonitor: isSimPinSecure mSimDatas is null or empty 
12-17 19:31:50.449  2852  2852 W HwLockScreenPanel: createLockScreenView when reset
12-17 19:31:50.449  1795  1808 I ActivityManager_broadcast: dispatch ordered broadcast [foreground] BroadcastRecord{1c61826 u-1 android.intent.action.SCREEN_ON}, has 57 receivers
12-17 19:31:50.449  2852  2852 I HwLockScreenPanel: loadMagazine
12-17 19:31:50.451  2852  2852 V KeyguardStatusView: Enable transport text marquee
12-17 19:31:50.458  1795  2377 I AwareLog: AwareMem_DMEServer: start
12-17 19:31:50.460  1795  2377 I AwareLog: AwareMem_EventTracker: [SCREEN_ON_1481974310458] is abandoned for memory 827812
12-17 19:31:50.460  2852  2852 W HwLockScreenPanel: Handle message: 14
12-17 19:31:50.461   606  2379 E libteec : QSEECom_send_cmd return!
12-17 19:31:50.461   606  2379 E libteec : qsc_send_cmd finish
12-17 19:31:50.461  2852  2852 W DisabledFeatureUtils: Dis-Feature : 0
12-17 19:31:50.461   835  2385 E libteec : receive data len = 128
12-17 19:31:50.461   835  2385 E libteec : begin
12-17 19:31:50.461   835  2385 E libteec : qsc_decode end
12-17 19:31:50.461   835  2385 E fpc_fingerprint_hal: do_identify failed -4
12-17 19:31:50.462   835  2385 D fingerprintd: onError(5)
12-17 19:31:50.462   606  2379 E libteec : send data return = 128
12-17 19:31:50.462   835  2385 I fpc_fingerprint_hal: do_identify operation CANCELED
12-17 19:31:50.462  1795 15987 W FingerprintService: onError 1
12-17 19:31:50.462   835  2385 D fpc_fingerprint_hal: do_identify took 29 ms, total:4343 wait:4314
12-17 19:31:50.462   835  2385 E libteec : begin
12-17 19:31:50.462  2852  2852 W DisabledFeatureUtils: Dis-Feature : 0
12-17 19:31:50.462   606  2379 E libteec : receive data len = 128
12-17 19:31:50.463  1795  1795 D HwWifiP2pService: onReceive, action:android.intent.action.SCREEN_ON
12-17 19:31:50.464  1795  2668 D WifiP2pService: InactiveState143466
12-17 19:31:50.464  1795  2668 E HwWifiP2pService: Unhandled message when=123023635 what=143466 arg1=0 arg2=0
12-17 19:31:50.464  1795  2668 D WifiP2pService: P2pEnabledState when=123023635 what=143466 arg1=0 arg2=0
12-17 19:31:50.464  1795  2668 D WifiP2pService: DefaultState{ when=-1ms what=143466 target=com.android.internal.util.StateMachine$SmHandler }
12-17 19:31:50.464  1795  2668 D HwWifiP2pService: cancel alarm.
12-17 19:31:50.470  1795  1825 I PowerManager_screenOn: DisplayPowerController Blocking screen on until initial contents have been drawn.
12-17 19:31:50.472   606  2379 E libteec : QSEECom_send_cmd return!
12-17 19:31:50.472   606  2379 E libteec : qsc_send_cmd finish
12-17 19:31:50.472   606  2379 E libteec : send data return = 128
12-17 19:31:50.472   835  2385 E libteec : receive data len = 128
12-17 19:31:50.472   835  2385 E libteec : begin
12-17 19:31:50.472   835  2385 E libteec : qsc_decode end
12-17 19:31:50.472   835  2385 D fpc_fingerprint_hal: worker idle
12-17 19:31:50.472  1795  2326 W FingerprintService: client com.android.systemui is no longer authenticating
12-17 19:31:50.472  1795  2326 W FingerprintService: onError 2
12-17 19:31:50.473  1795  2326 V FingerprintService: ClientMonitor destroy
12-17 19:31:50.473  1795  2326 V FingerprintService: Done with client: com.android.systemui
12-17 19:31:50.473  1795  2326 V FingerprintService: handleError(client=com.android.systemui, error = 5)
12-17 19:31:50.472   835  2385 D fpc_fingerprint_hal: workerFunction STATE_CANCEL
12-17 19:31:50.473   835  2385 E libteec : begin
12-17 19:31:50.473   606  2379 E libteec : receive data len = 128
12-17 19:31:50.473  2852  2852 V KeyguardUpdateMonitor: KGSvcFp onAuthenticationError.5
12-17 19:31:50.473  2852  2852 W KeyguardUpdateMonitor: Fingerprint RunningStateChanged. 10
12-17 19:31:50.473  2852  2852 W StatusBarWindowManager: Apply window Height 72
12-17 19:31:50.473  2852  2852 I StatusBarWindowManager: apply skiped :0
12-17 19:31:50.474  1795  2671 D WifiStateMachine:  ConnectedState CMD_SCREEN_STATE_CHANGED  rt=123023645/442846837 1 0
12-17 19:31:50.474  1795  2671 D WifiStateMachine:  L2ConnectedState CMD_SCREEN_STATE_CHANGED  rt=123023645/442846837 1 0
12-17 19:31:50.474  1795  2671 D WifiStateMachine:  ConnectModeState CMD_SCREEN_STATE_CHANGED  rt=123023645/442846837 1 0
12-17 19:31:50.474  1795  2671 D WifiStateMachine:  DriverStartedState CMD_SCREEN_STATE_CHANGED  rt=123023646/442846837 1 0
12-17 19:31:50.474  1795  2671 D WifiStateMachine:  SupplicantStartedState CMD_SCREEN_STATE_CHANGED  rt=123023646/442846837 1 0
12-17 19:31:50.474  1795  2671 D WifiStateMachine:  DefaultState CMD_SCREEN_STATE_CHANGED  rt=123023646/442846837 1 0
12-17 19:31:50.474  1795  2671 D WifiStateMachine: handleScreenStateChanged: allow send scan results broadcast.
12-17 19:31:50.475  1795  2671 W AlarmManager: Unrecognized alarm listener com.android.server.wifi.WifiConnectivityManager$3@bdcaf7b
12-17 19:31:50.475  1795  2671 E WifiScanner: listener cannot be found
12-17 19:31:50.475  1795  2671 D HwWifiConnectivityManager: handleScanCounterChanged,reason: 2, mHwSingleScanCounter: 0
12-17 19:31:50.476  1795  1821 I WindowManger_keyguard: Setting mDismissKeyguard true by win Window{e6a6b5e u0 com.android.incallui/com.android.incallui.InCallActivity}
12-17 19:31:50.476  1795  2671 I AlarmManager: set(null) : type=2 triggerAtTime=442852153 win=0 tElapsed=442852153 maxElapsed=442852153 interval=0 flags=0x9
12-17 19:31:50.482   606  2379 E libteec : QSEECom_send_cmd return!
12-17 19:31:50.482   606  2379 E libteec : qsc_send_cmd finish
12-17 19:31:50.482   606  2379 E libteec : send data return = 128
12-17 19:31:50.482   835  2385 E libteec : receive data len = 128
12-17 19:31:50.482   835  2385 E libteec : begin
12-17 19:31:50.482   835  2385 E libteec : qsc_decode end
12-17 19:31:50.482   835  2385 D fpc_fingerprint_hal: workerFunction STATE_NAVIGATION
12-17 19:31:50.482   835  2385 E libteec : begin
12-17 19:31:50.482   606  2379 E libteec : receive data len = 128
12-17 19:31:50.488  1795  1821 I WindowManger_keyguard: Setting mDismissKeyguard true by win Window{e6a6b5e u0 com.android.incallui/com.android.incallui.InCallActivity}
12-17 19:31:50.494   606  2379 E libteec : QSEECom_send_cmd return!
12-17 19:31:50.494   606  2379 E libteec : qsc_send_cmd finish
12-17 19:31:50.494   606  2379 E libteec : send data return = 128
12-17 19:31:50.494   835  2385 E libteec : receive data len = 128
12-17 19:31:50.494   835  2385 E libteec : begin
12-17 19:31:50.494   835  2385 E libteec : qsc_decode end
12-17 19:31:50.505  1795  1825 I WindowManger_keyguard: Setting mDismissKeyguard true by win Window{e6a6b5e u0 com.android.incallui/com.android.incallui.InCallActivity}
12-17 19:31:50.521  1795  1825 I WindowManger_keyguard: Setting mDismissKeyguard true by win Window{e6a6b5e u0 com.android.incallui/com.android.incallui.InCallActivity}
12-17 19:31:50.537  1795  1825 V HwPhoneWindowManager: updateSystemUiColorLw window=Window{e6a6b5e u0 com.android.incallui/com.android.incallui.InCallActivity},EmuiStyle=1,StatusBarColor=0x0,NavigationBarColor=0x0, mLastIsEmuiLightStyle=1
12-17 19:31:50.538  1795  1825 I WindowManger_keyguard: Setting mDismissKeyguard true by win Window{e6a6b5e u0 com.android.incallui/com.android.incallui.InCallActivity}
12-17 19:31:50.555  1795  1825 I ActivityManager_activity: completedResumed: ActivityRecord{b46dc67 u0 com.android.incallui/.InCallActivity t310}, launchTrack: outofsleep resumeTopComplete
12-17 19:31:50.562  1795  1825 I WindowManger_keyguard: Screen turned on for keyguard
12-17 19:31:50.562  1795  1825 I PowerManager_screenOn: KeyguardServiceDelegate  onScreenTurnedOn(showListener = com.android.server.policy.PhoneWindowManager$3@bf53b21)
12-17 19:31:50.563  2852  2867 D KeyguardService: Caller checkPermission fail
12-17 19:31:50.563  2852  2867 D KeyguardService: KGSvcCall onScreenTurningOn.
12-17 19:31:50.563  2852  2867 D KeyguardViewMediator: notifyScreenOn
12-17 19:31:50.563  2852  2852 D KeyguardViewMediator: handleNotifyScreenTurningOn
12-17 19:31:50.563  2852  2852 I PhoneStatusBar: onScreenTurningOn
12-17 19:31:50.563  2852  2852 D KeyguardViewMediator: handleNotifyScreenTurnedOn End with : 118
