12-17 19:31:57.286  1795  1825 I PowerManager_screenOn: DisplayPowerController updatePowerState mPendingRequestLocked=policy=OFF, useProximitySensor=true, useProximitySensorbyPhone=true, screenBrightness=33, screenAutoBrightnessAdjustment=0.0, brightnessSetByUser=true, useAutoBrightness=true, blockScreenOn=false, lowPowerMode=false, boostScreenBrightness=false, dozeScreenBrightness=-1, dozeScreenState=UNKNOWN, useTwilight=false, useSmartBacklight=true, brightnessWaitMode=false, brightnessWaitRet=true, screenAutoBrightness=-1, userId=0
12-17 19:31:57.286  1795  1825 I PowerManager_screenOn: DisplayPowerStatesetScreenState: state=1
12-17 19:31:57.286  1795  2750 I PowerManager_screenOn: DisplayPowerState Updating screen state: state=ON, backlight=0
12-17 19:31:57.286  1795  1825 D FpDataCollector: DisplayPowerState :OFF
12-17 19:31:57.286  1795  2750 I HwLightsService: back light level before map = 0
12-17 19:31:57.286  2852  2852 I HwBrightnessUtils: APS brightness=23.0,ConvertToPercentage=0.23837823
12-17 19:31:57.286  2852  2852 I HwBrightnessUtils:  getSeekBarProgress isAutoMode:true current brightness:23 percentage:0.23837823
12-17 19:31:57.286  2852  2852 I HwBrightnessController: updateSlider1 seekBarProgress:2384
12-17 19:31:57.286  2852  2852 I HwBrightnessController: updateSlider2 seekBarProgress:2384
12-17 19:31:57.287  1795  2750 D HW_DISPLAY_EFFECT: presently, hw_update_color_temp_for_rg_led interface not achieved.
12-17 19:31:57.287  3608  3608 D HwCust  : Create obj success use class android.app.HwCustNotificationImpl
12-17 19:31:57.287  2852  2852 I ToggleSlider:  mSeekListener onProgressChanged progress:2384 fromUser:false
12-17 19:31:57.287  2852  2852 I ToggleSlider:  mSeekListener onProgressChanged progress:2384 fromUser:false
12-17 19:31:57.287  3608  3608 D HwCust  : Create obj success use class android.app.HwCustNotificationImpl
12-17 19:31:57.287  3608  3608 E InCall  : StatusBarNotifier - getNotificationBuilder
12-17 19:31:57.291  1795  1795 D HwPFWLogger: PFW.HwPFWService:mBroadcastReceiver action = android.intent.action.SCREEN_ON
12-17 19:31:57.294 31949 31967 I TCP     : msg.recv{4791} TcpClientThread.onRecv(TcpClientThread.java:515) TCP Msg 659TCP_OK
12-17 19:31:57.294  2852  2925 I EventCenter: ContentChange for slot: 1
12-17 19:31:57.294  1795  1795 D WifiService: onReceive, action:android.intent.action.SCREEN_ON
12-17 19:31:57.295  2852  2852 I HwBrightnessController: onChange selfChange:false uri.toString():content://settings/system/screen_auto_brightness mIsObserveAutoBrightnessChange:true
12-17 19:31:57.295  1795  2670 D WifiController: DeviceActiveState{ when=0 what=155650 target=com.android.internal.util.StateMachine$SmHandler }
12-17 19:31:57.295  1795  2670 D WifiController: StaEnabledState what=155650
12-17 19:31:57.295  1795  2670 D WifiController: DefaultState what=155650
12-17 19:31:57.295  1795  2670 I AlarmManager: remove(PendingIntent{50e3a01: PendingIntentRecord{a8130a6 android broadcastIntent}}) changed bounds; rebatching
12-17 19:31:57.297  1795  1795 D HwArpVerifier: startWifiRouteCheck
12-17 19:31:57.298  3608  3608 D InCall  : StatusBarNotifier - Will show "hang-up" action in the ongoing active call Notification
12-17 19:31:57.298 31949 31967 I ECS     : msg.recv{4791} XmlMsg.decodeBuf(XmlMsg.java:237) RECV 663 bytes [12]_00_03_02_05_01_04_81_B6_4C_D8_C9_5B cmdCode(CC_PCheckVersion.0x0501)msgType(MT_ACK.2)msgClass(MC_Push.5)sender(ST_Mobile.0)crypted(false)zipped(false)nobase64(true)length(659)version(3)sno(81B6)
12-17 19:31:57.299  1795  1795 D WifiProStatisticsManager: sendScreenOnEvent enter.
12-17 19:31:57.299  1795  2733 D WiFi_PRO_WifiProStateMachine: device screen on,but isScreenOffMonitor is false
12-17 19:31:57.299  1795  2734 D WifiProStatisticsManager: msg Loop is running.
12-17 19:31:57.300  5215  5215 D wpa_supplicant: wpa_driver_nl80211_driver_cmd SETSUSPENDMODE 0 len = 0, 4096
12-17 19:31:57.300  5215  5215 D wpa_supplicant: CTRL-DEBUG: global_ctrl_sock-sendto: sock=16 sndbuf=229376 outq=0 send_len=3
12-17 19:31:57.302  1795  2708 D HwPFWLogger: PFW.HwPFWService:handle PFW_MSG_SYSTEM
12-17 19:31:57.302  1795  2708 D HwPFWLogger: PFW.HwPFWAppRestartPolicy:receive action = android.intent.action.SCREEN_ON
12-17 19:31:57.302  2852  2852 I HwBrightnessUtils: APS brightness=0.0,ConvertToPercentage=NaN
12-17 19:31:57.303  2852  2852 I HwBrightnessUtils:  getSeekBarProgress isAutoMode:true current brightness:0 percentage:NaN
12-17 19:31:57.303  2852  2852 I HwBrightnessController: updateSlider1 seekBarProgress:0
12-17 19:31:57.303  2852  2852 I HwBrightnessController: updateSlider2 seekBarProgress:0
12-17 19:31:57.303  2852  2852 I ToggleSlider:  mSeekListener onProgressChanged progress:0 fromUser:false
12-17 19:31:57.303  2852  2852 I ToggleSlider:  mSeekListener onProgressChanged progress:0 fromUser:false
12-17 19:31:57.306  1795  1795 I EyeProtectionControllerImpl: onReceive intent action = android.intent.action.SCREEN_ON
12-17 19:31:57.306  3782 20266 V AudioManager: isMusicActive...
12-17 19:31:57.307  3782 20266 V AudioManager: isWiredHeadsetOn...
12-17 19:31:57.308  1795  2736 D HwInnerWifiManagerImpl: SupplicantState = COMPLETED
12-17 19:31:57.308  1795  2736 D HwInnerWifiManagerImpl: isPhoneAP = false
12-17 19:31:57.310  2883  2883 D HwKeyguardManagerImpl: isLockScreenDisabled HwKeyguardManagerImpl result = false
12-17 19:31:57.311  1795  3238 D PowerManagerService: acquire lock=184063844, flags=0x1, tag="NetworkStats", name=android, ws=null, uid=1000, pid=1795
12-17 19:31:57.311  1795  3238 D PowerManagerService: ready=false,policy=0,wakefulness=0,wksummary=0x11,uasummary=0x0,bootcompleted=true,boostinprogress=false,waitmodeenable=false,mode=true,manual=33,auto=-1,adj=0.0userId=0
12-17 19:31:57.313  1795  2332 I qti_sensors_hal: [ACC]processReportInd: X: 7.897153 Y: 7.186453 Z: 0.423630  x_offset:0.160831 y_offset:0.184366 z_offset:0.985027
12-17 19:31:57.313  3218 13036 W PhoneInterfaceManager: shouldBlockLocation running ...
12-17 19:31:57.313  3218 13036 I PhoneInterfaceManager: shouldBlockLocation  ret:false
12-17 19:31:57.313  1795  1825 D HwAmbientLuxFilterAlgo: clear buffer data and algo flags
12-17 19:31:57.313  1795  1825 D lux trace:: []
12-17 19:31:57.314  1795  1825 D Sensors : activate called handle:3 enable:0
12-17 19:31:57.314  1795  1825 D Sensors : bh1745-light calling driver disable
12-17 19:31:57.314  1795  1825 W LightSensor: LightSensor, enable, 283: en=0
12-17 19:31:57.314  1795  1825 W LightSensor: LightSensor, enable, 284: flags=0
12-17 19:31:57.314  1795  1825 W LightSensor: LightSensor, enable, 285: mEnabled=1
12-17 19:31:57.314  1795  1825 E LightSensor: LightSensor disable, event occur num: 0
12-17 19:31:57.316  1795  3238 D NetdConnector: SND -> {11608 bandwidth gettetherstats}
12-17 19:31:57.316  3608  3608 E WindowManagerEx: ret: 1
12-17 19:31:57.316  1795  3121 D HwWindowManagerService: imeVis=false
12-17 19:31:57.316  5215  5215 D wpa_supplicant: nl80211: Event message available
12-17 19:31:57.316  5215  5215 D wpa_supplicant: nl80211: Drv Event 79 (NL80211_CMD_SET_REKEY_OFFLOAD) received for wlan0
12-17 19:31:57.316  5215  5215 D wpa_supplicant: nl80211: Rekey offload event for BSSID 80:38:bc:08:42:c1
12-17 19:31:57.316  5215  5215 D wpa_supplicant: nl80211: Rekey offload - Replay Counter - hexdump(len=8): 00 00 00 00 00 00 00 02
12-17 19:31:57.316  5215  5215 D wpa_supplicant: wlan0: Event DRIVER_GTK_REKEY (35) received
12-17 19:31:57.317  1795  2736 E hwintelligencewifi: getCurrentCellid type type = PHONE_TYPE_GSM
12-17 19:31:57.317  1795  2736 E hwintelligencewifi: getCurrentCellid type is PHONE_TYPE_GSM
12-17 19:31:57.317  3608  3608 E WindowManagerEx: ret: 0
12-17 19:31:57.317  3608  3608 I InCall  : StatusBarNotifier - isTopIsFullscreen = true--isTopIsFullscreenInput()--false
12-17 19:31:57.317  3608  3608 E InCall  : StatusBarNotifier - buildAndSendNotification state=3 showHeadUpNotification=false mHeadupViewShow=false
12-17 19:31:57.317  3608  3608 D InCall  : StatusBarNotifier - isDreaming = false
12-17 19:31:57.318  1795  2665 D NetdConnector: RCV <- {200 11608 Tethering stats list completed}
12-17 19:31:57.318  3608  3608 D InCall  : StatusBarNotifier - Notifying IN_CALL_NOTIFICATION: Notification(pri=2 contentView=null vibrate=null sound=null defaults=0x0 flags=0x2 color=0x00000000 actions=3 vis=PRIVATE publicVersion=Notification(pri=0 contentView=null vibrate=null sound=null defaults=0x0 flags=0x0 color=0xff33b5e5 vis=PRIVATE))
12-17 19:31:57.318  2883  2883 I HwSystemManager: AutoCleanReceiveServer:receive action:android.intent.action.SCREEN_ON
12-17 19:31:57.319  1795  2665 D NetdConnector: RCV <- {200 11608 Tethering stats list completed}
12-17 19:31:57.320  1795  1825 D AutomaticBrightnessController: Disable LightSensor at time:123030492
12-17 19:31:57.320  1795  1825 D DisplayPowerController: mode change : autoBrightnessEnabled=false,adjustment=0.0,state=1
12-17 19:31:57.320  1795  1825 D DisplayPowerController: Animating brightness: target=0, rate=0
12-17 19:31:57.320  1795  1825 I PowerManager_screenOn: DisplayPowerController updatePowerState mPendingRequestLocked=policy=OFF, useProximitySensor=true, useProximitySensorbyPhone=true, screenBrightness=33, screenAutoBrightnessAdjustment=0.0, brightnessSetByUser=true, useAutoBrightness=true, blockScreenOn=false, lowPowerMode=false, boostScreenBrightness=false, dozeScreenBrightness=-1, dozeScreenState=UNKNOWN, useTwilight=false, useSmartBacklight=true, brightnessWaitMode=false, brightnessWaitRet=true, screenAutoBrightness=-1, userId=0
12-17 19:31:57.321  1795  1825 D DisplayPowerController: Animating brightness: target=0, rate=0
12-17 19:31:57.321  1795  2736 E hwintelligencewifi: getCurrentCellid PHONE_TYPE_GSM cellidString = 460003645
12-17 19:31:57.321  1795  2736 E hwintelligencewifi: updataApInfo cellid =460003645
12-17 19:31:57.321  1795  2736 E hwintelligencewifi: addCurrentApInfo cellid =460003645
12-17 19:31:57.322  1795  3238 W NetworkStatsFactory: mStatsXtProcUid: /proc/net/comm/stats does not exist!
12-17 19:31:57.322  1795  3238 D HwNetworkStatsService: mActiveIface: null
12-17 19:31:57.322  1795  2736 E hwintelligencewifi: addCurrentApInfo info is already there
12-17 19:31:57.322  1795  2736 W hwintelligencewifi: updateBssidTimer time = 1481974317322
12-17 19:31:57.322  1795  2750 I PowerManager_screenOn: DisplayPowerState Updating screen state: state=OFF, backlight=0
12-17 19:31:57.323  1795  1821 I DisplayManagerService: Display device changed state: "内置屏幕", OFF
12-17 19:31:57.324  3168  3168 I CHR_ChrDataServiceTracker: handledataswitchchanged
12-17 19:31:57.324   612   612 D SurfaceFlinger: Set power mode=0, type=0 flinger=0x7f9a25b400
12-17 19:31:57.324   612   612 I SDM     : HWCDisplay::SetPowerMode: display = 0, mode = 0
12-17 19:31:57.324   612   612 I SDM     : DisplayBase::SetDisplayState: Set state = 0, display 0
12-17 19:31:57.325   832  1841 E Parcel  : Reading a NULL string not supported here.
12-17 19:31:57.325   832  1841 E Parcel  : Reading a NULL string not supported here.
12-17 19:31:57.325  1795  3237 I NotificationManager: enqueueNotificationInternal: pkg=com.android.incallui id=2 notification=Notification(pri=2 contentView=null vibrate=null sound=null defaults=0x0 flags=0x2 color=0x00000000 actions=3 vis=PRIVATE publicVersion=Notification(pri=0 contentView=null vibrate=null sound=null defaults=0x0 flags=0x0 color=0xff33b5e5 vis=PRIVATE))
12-17 19:31:57.326  1795 15987 D PowerManagerService: ready=false,policy=0,wakefulness=0,wksummary=0x11,uasummary=0x0,bootcompleted=true,boostinprogress=false,waitmodeenable=false,mode=true,manual=33,auto=-1,adj=0.0userId=0
12-17 19:31:57.327  1795  1795 D DeviceIdleController: updateDisplayLocked: screenOn=false
