12-17 19:31:56.262  5215  5215 E wpa_supplicant: bssid=80:38:bc:08:42:c0;freq=2452;level=-48;flags=11;ssid=wlanaccessv2.0;
12-17 19:31:56.262  5215  5215 E wpa_supplicant: bssid=80:38:bc:08:43:00;freq=2472;level=-62;flags=11;ssid=wlanaccessv2.0;
12-17 19:31:56.262 31949 31985 I PushService: connect :true
12-17 19:31:56.262  5215  5215 E wpa_supplicant: bssid=80:38:bc:0b:16:21;freq=2452;level=-70;flags=11;ssid=Huawei-Employee;
12-17 19:31:56.262  5215  5215 D wpa_supplicant: CTRL-DEBUG: global_ctrl_sock-sendto: sock=16 sndbuf=229376 outq=0 send_len=3676
12-17 19:31:56.263  5215  5215 D wpa_supplicant: wlan0: Control interface command 'BSS RANGE=453- MASK=0x3029d87'
12-17 19:31:56.263  5215  5215 E wpa_supplicant: bssid=80:38:bc:0a:f9:41;freq=2452;level=-72;flags=11;ssid=Huawei-Employee;
12-17 19:31:56.263  5215  5215 E wpa_supplicant: bssid=80:38:bc:0b:22:a1;freq=2452;level=-73;flags=11;ssid=Huawei-Employee;
12-17 19:31:56.263  5215  5215 E wpa_supplicant: bssid=80:38:bc:0a:ef:41;freq=2452;level=-75;flags=11;ssid=Huawei-Employee;
12-17 19:31:56.263  5215  5215 E wpa_supplicant: bssid=68:8f:84:ef:3f:01;freq=2412;level=-81;flags=11;ssid=Huawei-Employee;
12-17 19:31:56.263  5215  5215 E wpa_supplicant: bssid=80:38:bc:0a:f4:61;freq=2472;level=-84;flags=11;ssid=Huawei-Employee;
12-17 19:31:56.264  5215  5215 E wpa_supplicant: bssid=80:38:bc:0a:f0:c1;freq=2452;level=-86;flags=11;ssid=Huawei-Employee;
12-17 19:31:56.264  5215  5215 E wpa_supplicant: bssid=80:38:bc:0b:21:a0;freq=2472;level=-90;flags=11;ssid=wlanaccessv2.0;
12-17 19:31:56.264  5215  5215 D wpa_supplicant: CTRL-DEBUG: global_ctrl_sock-sendto: sock=16 sndbuf=229376 outq=0 send_len=3679
12-17 19:31:56.265  5215  5215 D wpa_supplicant: wlan0: Control interface command 'BSS RANGE=453- MASK=0x3029d87'
12-17 19:31:56.265  5215  5215 E wpa_supplicant: bssid=80:38:bc:0a:f9:41;freq=2452;level=-72;flags=11;ssid=Huawei-Employee;
12-17 19:31:56.265  5215  5215 E wpa_supplicant: bssid=80:38:bc:0b:22:a1;freq=2452;level=-73;flags=11;ssid=Huawei-Employee;
12-17 19:31:56.265  5215  5215 E wpa_supplicant: bssid=80:38:bc:0a:ef:41;freq=2452;level=-75;flags=11;ssid=Huawei-Employee;
12-17 19:31:56.265  5215  5215 E wpa_supplicant: bssid=68:8f:84:ef:3f:01;freq=2412;level=-81;flags=11;ssid=Huawei-Employee;
12-17 19:31:56.266  5215  5215 E wpa_supplicant: bssid=80:38:bc:0a:f4:61;freq=2472;level=-84;flags=11;ssid=Huawei-Employee;
12-17 19:31:56.266  5215  5215 E wpa_supplicant: bssid=80:38:bc:0a:f0:c1;freq=2452;level=-86;flags=11;ssid=Huawei-Employee;
12-17 19:31:56.266  5215  5215 E wpa_supplicant: bssid=80:38:bc:0b:21:a0;freq=2472;level=-90;flags=11;ssid=wlanaccessv2.0;
12-17 19:31:56.266  5215  5215 D wpa_supplicant: CTRL-DEBUG: global_ctrl_sock-sendto: sock=16 sndbuf=229376 outq=0 send_len=3679
12-17 19:31:56.267 31949 31967 I ECS     : WatchThread{4786} TcpClient.connect(TcpClient.java:162) ==================== TCP CLIENT CONNECT [2] ====================
12-17 19:31:56.268 31949 31967 I TCP     : WatchThread{4786} TcpClientThread.connect(TcpClientThread.java:52) will connect to uc.huawei.com:7801
12-17 19:31:56.269  5215  5215 D wpa_supplicant: wlan0: Control interface command 'BSS RANGE=460- MASK=0x3029d87'
12-17 19:31:56.269  5215  5215 E wpa_supplicant: bssid=ac:85:3d:be:20:21;freq=2412;level=-89;flags=11;ssid=Huawei-Employee;
12-17 19:31:56.269  5215  5215 E wpa_supplicant: bssid=80:38:bc:0a:ef:61;freq=2472;level=-93;flags=11;ssid=Huawei-Employee;
12-17 19:31:56.269  5215  5215 E wpa_supplicant: bssid=80:38:bc:0a:f2:01;freq=2452;level=-65;flags=11;ssid=Huawei-Employee;
12-17 19:31:56.269 31949 31967 I TCP     : tcp.conn{4787} TcpClientThread.connectSocket(TcpClientThread.java:349) connecting max 30000ms to uc.huawei.com:7801
12-17 19:31:56.270  5215  5215 E wpa_supplicant: bssid=80:38:bc:0a:f4:c0;freq=2412;level=-93;flags=11;ssid=wlanaccessv2.0;
12-17 19:31:56.270  5215  5215 E wpa_supplicant: bssid=80:38:bc:0a:f0:21;freq=2472;level=-91;flags=11;ssid=Huawei-Employee;
12-17 19:31:56.270  5215  5215 E wpa_supplicant: bssid=80:38:bc:0a:f9:61;freq=2472;level=-91;flags=11;ssid=Huawei-Employee;
12-17 19:31:56.270  5215  5215 E wpa_supplicant: bssid=80:38:bc:0b:04:41;freq=2472;level=-88;flags=11;ssid=Huawei-Employee;
12-17 19:31:56.270  5215  5215 D wpa_supplicant: CTRL-DEBUG: global_ctrl_sock-sendto: sock=16 sndbuf=229376 outq=0 send_len=3679
12-17 19:31:56.271 31949 31967 I TCP     : tcp.conn{4787} TcpSocket.connect_i(TcpSocket.java:84) connecting to ip address uc.huawei.com/172.30.70.63
12-17 19:31:56.271  5215  5215 D wpa_supplicant: wlan0: Control interface command 'BSS RANGE=460- MASK=0x3029d87'
12-17 19:31:56.271  5215  5215 E wpa_supplicant: bssid=ac:85:3d:be:20:21;freq=2412;level=-89;flags=11;ssid=Huawei-Employee;
12-17 19:31:56.272  5215  5215 E wpa_supplicant: bssid=80:38:bc:0a:ef:61;freq=2472;level=-93;flags=11;ssid=Huawei-Employee;
12-17 19:31:56.272  5215  5215 E wpa_supplicant: bssid=80:38:bc:0a:f2:01;freq=2452;level=-65;flags=11;ssid=Huawei-Employee;
12-17 19:31:56.272  5215  5215 E wpa_supplicant: bssid=80:38:bc:0a:f4:c0;freq=2412;level=-93;flags=11;ssid=wlanaccessv2.0;
12-17 19:31:56.272  5215  5215 E wpa_supplicant: bssid=80:38:bc:0a:f0:21;freq=2472;level=-91;flags=11;ssid=Huawei-Employee;
12-17 19:31:56.272  5215  5215 E wpa_supplicant: bssid=80:38:bc:0a:f9:61;freq=2472;level=-91;flags=11;ssid=Huawei-Employee;
12-17 19:31:56.272  5215  5215 E wpa_supplicant: bssid=80:38:bc:0b:04:41;freq=2472;level=-88;flags=11;ssid=Huawei-Employee;
12-17 19:31:56.273  5215  5215 D wpa_supplicant: CTRL-DEBUG: global_ctrl_sock-sendto: sock=16 sndbuf=229376 outq=0 send_len=3679
12-17 19:31:56.273  5215  5215 D wpa_supplicant: wlan0: Control interface command 'BSS RANGE=467- MASK=0x3029d87'
12-17 19:31:56.273  5215  5215 E wpa_supplicant: bssid=80:38:bc:0a:f4:60;freq=2472;level=-95;flags=11;ssid=wlanaccessv2.0;
12-17 19:31:56.273  5215  5215 E wpa_supplicant: bssid=80:38:bc:0b:19:61;freq=2432;level=-73;flags=11;ssid=Huawei-Employee;
12-17 19:31:56.274  5215  5215 E wpa_supplicant: bssid=80:38:bc:0b:36:e1;freq=2452;level=-88;flags=11;ssid=Huawei-Employee;
12-17 19:31:56.274  5215  5215 E wpa_supplicant: bssid=80:38:bc:0b:1d:81;freq=2472;level=-88;flags=11;ssid=Huawei-Employee;
12-17 19:31:56.274  5215  5215 E wpa_supplicant: bssid=80:38:bc:0b:22:20;freq=2432;level=-89;flags=11;ssid=wlanaccessv2.0;
12-17 19:31:56.274  5215  5215 E wpa_supplicant: bssid=80:38:bc:0b:36:80;freq=2472;level=-91;flags=11;ssid=wlanaccessv2.0;
12-17 19:31:56.274  5215  5215 E wpa_supplicant: bssid=80:38:bc:0b:37:20;freq=2412;level=-92;flags=11;ssid=wlanaccessv2.0;
12-17 19:31:56.274  5215  5215 D wpa_supplicant: CTRL-DEBUG: global_ctrl_sock-sendto: sock=16 sndbuf=229376 outq=0 send_len=3670
12-17 19:31:56.275  5215  5215 D wpa_supplicant: wlan0: Control interface command 'BSS RANGE=467- MASK=0x3029d87'
12-17 19:31:56.275  5215  5215 E wpa_supplicant: bssid=80:38:bc:0a:f4:60;freq=2472;level=-95;flags=11;ssid=wlanaccessv2.0;
12-17 19:31:56.275 31949 31967 I TCP     : tcp.conn{4787} TcpClientThread.connectSocket(TcpClientThread.java:360) notify user tcp connected successully at 36830 to uc.huawei.com:7801
12-17 19:31:56.276  5215  5215 E wpa_supplicant: bssid=80:38:bc:0b:19:61;freq=2432;level=-73;flags=11;ssid=Huawei-Employee;
12-17 19:31:56.276  5215  5215 E wpa_supplicant: bssid=80:38:bc:0b:36:e1;freq=2452;level=-88;flags=11;ssid=Huawei-Employee;
12-17 19:31:56.276  5215  5215 E wpa_supplicant: bssid=80:38:bc:0b:1d:81;freq=2472;level=-88;flags=11;ssid=Huawei-Employee;
12-17 19:31:56.276  5215  5215 E wpa_supplicant: bssid=80:38:bc:0b:22:20;freq=2432;level=-89;flags=11;ssid=wlanaccessv2.0;
12-17 19:31:56.276  5215  5215 E wpa_supplicant: bssid=80:38:bc:0b:36:80;freq=2472;level=-91;flags=11;ssid=wlanaccessv2.0;
12-17 19:31:56.276  5215  5215 E wpa_supplicant: bssid=80:38:bc:0b:37:20;freq=2412;level=-92;flags=11;ssid=wlanaccessv2.0;
12-17 19:31:56.276 31949 31967 I TCP     : tcp.conn{4787} TcpClientThread.onRecv(TcpClientThread.java:522) tcp connection event TCP_CONNECTED
12-17 19:31:56.276  5215  5215 D wpa_supplicant: CTRL-DEBUG: global_ctrl_sock-sendto: sock=16 sndbuf=229376 outq=0 send_len=3670
12-17 19:31:56.277  5215  5215 D wpa_supplicant: wlan0: Control interface command 'BSS RANGE=474- MASK=0x3029d87'
12-17 19:31:56.277  5215  5215 D wpa_supplicant: CTRL-DEBUG: global_ctrl_sock-sendto: sock=16 sndbuf=229376 outq=0 send_len=0
12-17 19:31:56.279  5215  5215 D wpa_supplicant: wlan0: Control interface command 'BSS RANGE=474- MASK=0x3029d87'
12-17 19:31:56.279  5215  5215 D wpa_supplicant: CTRL-DEBUG: global_ctrl_sock-sendto: sock=16 sndbuf=229376 outq=0 send_len=0
12-17 19:31:56.283 31949 31967 I PushService: tcp.conn{4787} ServiceC.connectedNotify(ServiceC.java:289) 172.30.70.63
12-17 19:31:56.285 31949 31967 I ECS     : tcp.conn{4787} XmlMsg.encodeBuf(XmlMsg.java:215) SEND 100 bytes [16]_00_00_00_60_00_03_01_05_01_04_81_B6_00_00_00_00 cmdCode(CC_PCheckVersion.0x0501)msgType(MT_ARG.1)msgClass(MC_Push.5)sender(ST_Mobile.0)crypted(false)zipped(false)nobase64(true)length(96)version(3)sno(81B6)
12-17 19:31:56.290 31949 31967 I TCP     : tcp.recv{4790} TcpClientThread.onReceiverWork(TcpClientThread.java:292) connected
12-17 19:31:56.292 31949 31967 I TCP     : tcp.recv{4790} TcpClientThread.onReceiverWork(TcpClientThread.java:307) get tcp message 659
12-17 19:31:56.316  1795  2332 I qti_sensors_hal: [ACC]processReportInd: X: 4.310056 Y: 8.583487 Z: 0.725303  x_offset:0.160831 y_offset:0.184366 z_offset:0.985027
12-17 19:31:56.316  3180  3180 E libc    : Access denied finding property "persist.sys.smart_power"
12-17 19:31:56.316  3180  3180 E libc    : Access denied finding property "persist.sys.smart_power"
12-17 19:31:56.338   802   802 E Thermal-daemon: [Thermal_Hw] temperature_valid, battery : temperature is invalid, invalid temperatrue is 27
12-17 19:31:56.338   802   802 E Thermal-daemon: [Thermal_Hw] temperature_filter: get invalid temperature, use old temp
12-17 19:31:56.365  1795  3249 W ActivityManager: getRunningAppProcesses: caller 10102 does not hold REAL_GET_TASKS; limiting output
12-17 19:31:56.377  1795  2332 I qti_sensors_hal: [ACC]processReportInd: X: 4.969831 Y: 9.085409 Z: 1.530673  x_offset:0.160831 y_offset:0.184366 z_offset:0.985027
12-17 19:31:56.391  1795  2750 D SurfaceControl: Excessive delay in setPowerMode(): 225ms
12-17 19:31:56.391  1795  2750 D PowerManagerService: Setting HAL interactive mode to false
12-17 19:31:56.391  1795  2750 I QTI PowerHAL: Got set_interactive hint
12-17 19:31:56.391   625   718 E libnav  : AbaSuspend skips CABL deactivate: state was 3
12-17 19:31:56.392   533  3739 E ANDR-PERF-MPCTL: Invalid profile no. 0, total profiles 0 only
12-17 19:31:56.392  1795  2750 D libfingersense_wrapper: Calling fingersense_on_pause()
12-17 19:31:56.392  1795  2750 D libfingersense_wrapper: fingersense_on_pause() finished
12-17 19:31:56.393  1795  2750 D PowerManagerService: Setting HAL auto-suspend mode to true
12-17 19:31:56.393  1795  1825 I PowerManager_screenOn: DisplayPowerController updatePowerState mPendingRequestLocked=policy=OFF, useProximitySensor=true, useProximitySensorbyPhone=true, screenBrightness=33, screenAutoBrightnessAdjustment=0.0, brightnessSetByUser=true, useAutoBrightness=true, blockScreenOn=false, lowPowerMode=false, boostScreenBrightness=false, dozeScreenBrightness=-1, dozeScreenState=UNKNOWN, useTwilight=false, useSmartBacklight=true, brightnessWaitMode=false, brightnessWaitRet=true, screenAutoBrightness=-1, userId=0
12-17 19:31:56.393  1795  1825 D DisplayPowerController: Animating brightness: target=0, rate=0
12-17 19:31:56.393  1795  1825 D DisplayPowerController: Display ready!
12-17 19:31:56.393  1795  1825 D DisplayPowerController: Finished business...
12-17 19:31:56.394  1795  1825 D PowerManagerService: ready=true,policy=0,wakefulness=0,wksummary=0x11,uasummary=0x0,bootcompleted=true,boostinprogress=false,waitmodeenable=false,mode=true,manual=33,auto=-1,adj=0.0userId=0
12-17 19:31:56.394   836  2387 I knuckle_sensor: Sending SAM_DISABLE to fs_data
12-17 19:31:56.394  1795  1825 I PowerManager_screenOn: PowerManagerNotifier onWakefulnessChangeFinished mInteractiveChanging=true, mInteractive=false
12-17 19:31:56.394  1795  1825 D PowerManagerService: Acquiring suspend blocker "PowerManagerService.Broadcasts".
12-17 19:31:56.394  1795  1825 D PowerManagerService: Releasing suspend blocker "PowerManagerService.Display".
12-17 19:31:56.396   836   928 I knuckle_sensor: Got DISABLE response, status = 0, id = 63
12-17 19:31:56.416  3608  3608 I InCall  : VideoCallFragment - onStop:
12-17 19:31:56.416  1795  2671 I SendBroadcastPermission: action:android.net.wifi.SCAN_RESULTS, mPermissionType:0
