12-17 19:31:41.114  1795  1825 D HwNormalizedAutomaticBrightnessController: mWakeupFromSleep= true,currentTime=123014286,mLightSensorEnableTime=123014278
12-17 19:31:41.114  1795  2691 D HwConnectivityService: handleFilterMsg action: 3mFilterMsgFlag3
12-17 19:31:41.114  1795  1825 D DisplayPowerController: Animating brightness: target=-1, rate=0
12-17 19:31:41.114  1795  1825 D DisplayPowerController: Unfinished business...
12-17 19:31:41.114  1795  2691 D HwConnectivityService: [tiger]setBastetFilterInfo action 3pid 1000
12-17 19:31:41.114  1795  2691 D HwConnectivityService: stopFilter m_filterIsStarted:false
12-17 19:31:41.114  1795  1795 D HwConnectivityService: CtrlSocket processCtrlSocket pid = 1000 cmd = 100 param = 0 ret = 0
12-17 19:31:41.114  1795  2750 I PowerManager_screenOn: DisplayPowerState Updating screen state: state=ON, backlight=0
12-17 19:31:41.114  1795  1795 D HwConnectivityService: CtrlSocket restoreScrOnStatus reset
12-17 19:31:41.114  1795  2750 D PowerManagerService: Setting HAL auto-suspend mode to false
12-17 19:31:41.114  1795  2750 D PowerManagerService: Setting HAL interactive mode to true
12-17 19:31:41.114  1795  2750 I QTI PowerHAL: Got set_interactive hint
12-17 19:31:41.115  1795  2671 D WifiStateMachine:  ConnectedState !CMD_ENABLE_RSSI_POLL  rt=123014286/442837478 1 0
12-17 19:31:41.115  1795  2671 D WifiStateMachine:  L2ConnectedState !CMD_ENABLE_RSSI_POLL  rt=123014287/442837478 1 0
12-17 19:31:41.115  1795  2671 D WifiHW  : wifi_send_command: cmd:'IFNAME=wlan0 SIGNAL_POLL'
12-17 19:31:41.115  1795  2750 D libfingersense_wrapper: Calling fingersense_on_resume()
12-17 19:31:41.115  5215  5215 D wpa_supplicant: wlan0: Control interface command 'SIGNAL_POLL'
12-17 19:31:41.115  1795  2750 D libfingersense_wrapper: fingersense_on_resume() finished
12-17 19:31:41.115   836  2387 I knuckle_sensor: Sending SAM_ENABLE to fs_data
12-17 19:31:41.116   612   612 D SurfaceFlinger: Set power mode=2, type=0 flinger=0x7f9a25b400
12-17 19:31:41.116   612   612 I SDM     : HWCDisplay::SetPowerMode: display = 0, mode = 2
12-17 19:31:41.116   612   612 I SDM     : DisplayBase::SetDisplayState: Set state = 1, display 0
12-17 19:31:41.118   836   928 I knuckle_sensor: Got ENABLE response, status = 0, id = 59
12-17 19:31:41.120  1795  1795 D DeviceIdleController: updateDisplayLocked: screenOn=false
12-17 19:31:41.120  1795  1795 I NotificationManager: mIntentReceiver-ACTION_SCREEN_ON
12-17 19:31:41.120  1795  1795 I NotificationManager: updateLightsLocked,mInCall =true,mScreenOn = true,ledNotification == null?true
12-17 19:31:41.120  1795  1795 I NotificationManager: updateLightsLocked,turn off notificationLight
12-17 19:31:41.120  1795  1795 I Sensor  : turn off notificationLight due to incall or screenon
12-17 19:31:41.120  1795  1795 I Sensor  : updateLight --> mIsNotificationExisting: false ledOnMS: 0 ledOffMS :0
12-17 19:31:41.120  1795  1795 I Sensor  : updateLightsLocked --> level:78, status:3
12-17 19:31:41.121  1795  1795 I Sensor  : updateLightsLocked --> mBatteryLight.turnOff
12-17 19:31:41.123  1795  1821 I WindowManger_keyguard: Setting mDismissKeyguard true by win Window{e6a6b5e u0 com.android.incallui/com.android.incallui.InCallActivity}
12-17 19:31:41.126  1795  3111 D ActivityManager: setExcludeFromRecents:pkgName=null
12-17 19:31:41.127  1795  1809 I PowerManager_screenOn: finishKeyguardDrawn -> waitForAllWindowsDrawn
12-17 19:31:41.127  1046  9752 V ThreadsEx: HDebug print the key screen_state
12-17 19:31:41.128  1046  9752 D audio_hw_primary: adev_set_parameters: enter: screen_state=on
12-17 19:31:41.128  1046  9752 I Huawei_audio_cust: huawei_audio huawei_choose_HandsFree_device_incall_forHWtest: test Type =4
12-17 19:31:41.128  1046  9752 I Huawei_audio_cust: huawei_audio huawei_choose_Handset_device_incall_forHWtest: test Type =4
12-17 19:31:41.128  1046  9752 I Huawei_audio_cust: get_spk_pa_type: pa is max98925
12-17 19:31:41.128  1046  9752 I Huawei_audio_cust: huawei_common_set_parameters: exit with code(0)
12-17 19:31:41.128  1046  9752 V Huawei_audio_cust: huawei_cust_set_parameters: exit with code(0)
12-17 19:31:41.128  1046  9752 V msm8916_platform: platform_set_parameters: enter: - screen_state=on
12-17 19:31:41.128  1046  9752 V msm8916_platform: platform_set_parameters: exit with code(0)
12-17 19:31:41.128  1046  9752 D audio_hw_extn: audio_extn_set_anc_parameters: anc_enabled:0
12-17 19:31:41.128  1046  9752 D audio_hw_spkr_prot: audio_extn_fbsp_set_parameters: Speaker protection disabled
12-17 19:31:41.129  1046  9752 V audio_hw_primary: adev_set_parameters: exit with code(0)
12-17 19:31:41.129  5215  5215 E wpa_supplicant: RSSI=-55;LINKSPEED=72;NOISE=9999;FREQUENCY=2452;
12-17 19:31:41.129  5215  5215 D wpa_supplicant: CTRL-DEBUG: global_ctrl_sock-sendto: sock=16 sndbuf=229376 outq=0 send_len=48
12-17 19:31:41.130  1795  2671 V HwWifiServiceFactory: get AllImpl object = com.android.server.wifi.HwWifiServiceFactoryImpl@c332618
12-17 19:31:41.130  1795  2671 E WifiConfigManager: updateConfiguration freq=2452 BSSID=80:38:bc:08:42:c1 RSSI=-54 "Huawei-Employee"WPA_EAP
12-17 19:31:41.131  1795  2671 D WifiStateMachine:  ConnectedState !CMD_SET_SUSPEND_OPT_ENABLED  rt=123014302/442837494 0 0
12-17 19:31:41.131  1795  2671 D WifiStateMachine:  L2ConnectedState !CMD_SET_SUSPEND_OPT_ENABLED  rt=123014303/442837494 0 0
12-17 19:31:41.131  1795  2671 D WifiStateMachine:  ConnectModeState !CMD_SET_SUSPEND_OPT_ENABLED  rt=123014303/442837494 0 0
12-17 19:31:41.131  1795  2671 D WifiStateMachine:  DriverStartedState !CMD_SET_SUSPEND_OPT_ENABLED  rt=123014303/442837495 0 0
12-17 19:31:41.131  1795  2671 D WifiHW  : wifi_send_command: cmd:'IFNAME=wlan0 DRIVER SETSUSPENDMODE 0'
12-17 19:31:41.132  5215  5215 D wpa_supplicant: wlan0: Control interface command 'DRIVER SETSUSPENDMODE 0'
12-17 19:31:41.161  5215  5215 D wpa_supplicant: wpa_driver_nl80211_driver_cmd SETSUSPENDMODE 0 len = 0, 4096
12-17 19:31:41.161  5215  5215 D wpa_supplicant: CTRL-DEBUG: global_ctrl_sock-sendto: sock=16 sndbuf=229376 outq=0 send_len=3
12-17 19:31:41.176  5215  5215 D wpa_supplicant: nl80211: Event message available
12-17 19:31:41.176  5215  5215 D wpa_supplicant: nl80211: Drv Event 79 (NL80211_CMD_SET_REKEY_OFFLOAD) received for wlan0
12-17 19:31:41.177  5215  5215 D wpa_supplicant: nl80211: Rekey offload event for BSSID 80:38:bc:08:42:c1
12-17 19:31:41.177  5215  5215 D wpa_supplicant: nl80211: Rekey offload - Replay Counter - hexdump(len=8): 00 00 00 00 00 00 00 02
12-17 19:31:41.177  5215  5215 D wpa_supplicant: wlan0: Event DRIVER_GTK_REKEY (35) received
12-17 19:31:41.236  1795  2778 W ActivityManager: getRunningAppProcesses: caller 10102 does not hold REAL_GET_TASKS; limiting output
12-17 19:31:41.284  1795  2371 E LightSensor: read Events lux: 25.0
12-17 19:31:41.284  1795  1825 D AutomaticBrightnessController: ambient lux=25.0,timeStamp =442837645687000
12-17 19:31:41.285  1795  1825 D HwNormalizedAutomaticBrightnessController: mAmbientLuxValid=true,mWakeupFromSleep= false
12-17 19:31:41.285  1795  1825 D HwAmbientLuxFilterAlgo: updateAmbientLux: Initializing: mAmbientLightRingBuffer=[25.0 / 0ms], mAmbientLux=25.0
12-17 19:31:41.285  1795  1825 D HwAmbientLuxFilterAlgo: earliestValidTime + POWER_ON_BRIGHTENING_LIGHT_DEBOUNCE
12-17 19:31:41.285  1795  1825 D HwAmbientLuxFilterAlgo: earliestValidTime + POWER_ON_DARKENING_LIGHT_DEBOUNCE
12-17 19:31:41.285  1795  1825 D HwAmbientLuxFilterAlgo: t=123014456,BT=123014956,DT=123015456,BT1=123018456,DT1=123022456,Bn=false,Dn=false,lx=[25.0/123014456],mLx=25.0,s=5.0,ss=0.0,AuIntervened=false,mProximityState=false,bLux=264.0,dLux=7.5,bLux1=264.0,dLux1=7.5
12-17 19:31:41.285  1795  1825 D HwNormalizedAutomaticBrightnessController: need to update brightness: mAmbientLux=25.0
12-17 19:31:41.285  1795  1825 D HwNormalizedSpline: interpolate:mPosBrightness=0.0lux=25.0,mIsReboot=true,mIsUserChange=false,mDelta=0.0
12-17 19:31:41.285  1795  1825 D HwNormalizedSpline: offsetBrightness=42.0,mOffsetBrightness_last42.0,lux=25.0,mPosBrightness=0.0,mIsUserChange=false,mDelta=0.0,defaultBrightness=42.0,mStartLuxDefaultBrightness=42.0mLastLuxDefaultBrightness=42.0
12-17 19:31:41.286  1795  1825 D HwNormalizedSpline: write:userId=0,mPosBrightness =0.0,mOffsetBrightness_last=42.0,mIsUserChange=false,mDeltaNew=0.0,mStartLuxDefaultBrightness=42.0mLastLuxDefaultBrightness=42.0,mAmLux=25.0
12-17 19:31:41.286  1795  1825 D AutomaticBrightnessController: updateAutoBrightness: mScreenAutoBrightness=16, newScreenAutoBrightness=42
12-17 19:31:41.287  1795  1825 I PowerManager_screenOn: DisplayPowerController updatePowerState mPendingRequestLocked=policy=BRIGHT, useProximitySensor=true, useProximitySensorbyPhone=true, screenBrightness=33, screenAutoBrightnessAdjustment=0.0, brightnessSetByUser=true, useAutoBrightness=true, blockScreenOn=false, lowPowerMode=false, boostScreenBrightness=false, dozeScreenBrightness=-1, dozeScreenState=UNKNOWN, useTwilight=false, useSmartBacklight=true, brightnessWaitMode=false, brightnessWaitRet=true, screenAutoBrightness=-1, userId=0
12-17 19:31:41.287  1795  1825 D DisplayPowerController: Animating brightness: target=42, rate=0
12-17 19:31:41.287  1795  1825 I PowerManager_screenOn: DisplayPowerController updatePowerState mPendingRequestLocked=policy=BRIGHT, useProximitySensor=true, useProximitySensorbyPhone=true, screenBrightness=33, screenAutoBrightnessAdjustment=0.0, brightnessSetByUser=true, useAutoBrightness=true, blockScreenOn=false, lowPowerMode=false, boostScreenBrightness=false, dozeScreenBrightness=-1, dozeScreenState=UNKNOWN, useTwilight=false, useSmartBacklight=true, brightnessWaitMode=false, brightnessWaitRet=true, screenAutoBrightness=-1, userId=0
12-17 19:31:41.288  1795  1825 D DisplayPowerController: Animating brightness: target=42, rate=40
12-17 19:31:41.324   802   802 E Thermal-daemon: [Thermal_Hw] temperature_valid, battery : temperature is invalid, invalid temperatrue is 27
12-17 19:31:41.324   802   802 E Thermal-daemon: [Thermal_Hw] temperature_filter: get invalid temperature, use old temp
12-17 19:31:41.325   802   802 E Thermal-daemon: [pa_0] temp_new :28  temp_old :27
12-17 19:31:41.326   802   802 E ThermalBinder: mThermalService is NULL!
12-17 19:31:41.326   802   802 E Thermal-daemon: Report temperature: [pa_0] temp :28  report_threshold:1
12-17 19:31:41.332  1795  2750 D SurfaceControl: Excessive delay in setPowerMode(): 216ms
12-17 19:31:41.334  1795  1809 I PowerManager_screenOn: waitForAllWindowsDrawn  cover is open or null
12-17 19:31:41.334  1795  1821 I DisplayManagerService: Display device changed state: "内置屏幕", ON
12-17 19:31:41.335  3608  3608 D InCall  : InCallPresenter - onActivityStarted
12-17 19:31:41.335  3608  3608 D InCall  : InCallPresenter - notifyVideoPauseController
12-17 19:31:41.335  3608  3608 D InCall  : VideoPauseController: - VideoPauseController:onResume
12-17 19:31:41.335  3608  3608 D InCall  : VideoPauseController: - VideoPauseController:onResume. Ignoring...
12-17 19:31:41.335  3608  3608 D InCall  : InCallActivity - doOrientationChanged prevOrientation=1 newOrientation=1
12-17 19:31:41.335  3608  3608 D InCall  : InCallActivity - onStart()... end
12-17 19:31:41.335  1795  1821 I WindowManger_keyguard: Setting mDismissKeyguard true by win Window{e6a6b5e u0 com.android.incallui/com.android.incallui.InCallActivity}
12-17 19:31:41.342  3608  3608 I InCall  : InCallActivity - onResume()...
12-17 19:31:41.346   832  1841 E Parcel  : Reading a NULL string not supported here.
12-17 19:31:41.346   832  1841 E Parcel  : Reading a NULL string not supported here.
12-17 19:31:41.346  2852  2925 I EventCenter: ContentChange for slot: 1
12-17 19:31:41.349  3608  3608 I InCall  : InCallActivity - bgCallTwinkingSwitch is truemIsForegroundActivity is true
