12-17 19:36:01.846  2852  2852 I StackScrollAlgorithm: updateDimmedActivatedHideSensitive overlap:true
12-17 19:36:01.846  2852  2852 I EventCenter: EventCenter Get :android.intent.action.TIME_TICK
12-17 19:36:01.847  2852  2852 W ResourceType: Failure getting entry for 0xffffffff (t=254 e=65535) (error -2147483647)
12-17 19:36:01.847  2852  2852 E DateLunarView: mDateString is: 12月17日星期六
12-17 19:36:01.852  2852  2852 W ResourceType: Failure getting entry for 0xffffffff (t=254 e=65535) (error -2147483647)
12-17 19:36:01.853  2852  2852 E DateLunarView: mDateString is: 12月17日星期六
12-17 19:36:01.853  2852  2852 D KeyguardUpdateMonitor: received broadcast android.intent.action.TIME_TICK
12-17 19:36:01.853  2852  2852 D KeyguardUpdateMonitor: handleTimeUpdate
12-17 19:36:01.857  3879  3879 I HwLauncher: Model  onReceive intent=Intent { act=android.intent.action.TIME_TICK flg=0x50000014 (has extras) }
12-17 19:36:01.857  3879  3879 I HwLauncher: Model  onReceive user=UserHandle{0}
12-17 19:36:01.863  5224  5224 I Step_LSC: 20002302|logicalDealBroadcastEvent : Intent { act=android.intent.action.TIME_TICK flg=0x50000014 (has extras) }
12-17 19:36:01.864  5224  5283 I Step_LSC: 20002302| ## MSG_DEAL_SYSTEM_EVENT android.intent.action.TIME_TICK
12-17 19:36:01.868  7741  7758 D TmoMonitor: Cache monitor msg as screen_off
12-17 19:36:01.879  1795  6985 W ActivityManager: getRunningAppProcesses: caller 10105 does not hold REAL_GET_TASKS; limiting output
12-17 19:36:01.879  1795 17831 I ActivityManager_broadcast: dispatch ordered broadcast [foreground] BroadcastRecord{8bbe6c5 u0 com.android.internal.policy.impl.PhoneWindowManager.DELAYED_KEYGUARD}, has 1 receivers
12-17 19:36:01.880  1795  1795 D PowerManagerNotifier: onWakeLockChanging: flags=1073741825, tag="*alarm*", packageName=android, ownerUid=1000, ownerPid=1795, workSource=WorkSource{10033}
12-17 19:36:01.892  2852  2852 I StackScrollAlgorithm: overlapAmount:763.6, previousNotificationEnd:607.0, newYTranslation:-156.59998, location:2, i:1, getTopPadding:499.0, getLocationOnScreen():-36
12-17 19:36:01.892  2852  2852 I StackScrollAlgorithm: updateClipping isOverlap:true
12-17 19:36:01.892  2852  2852 I StackScrollAlgorithm: updateDimmedActivatedHideSensitive overlap:true
12-17 19:36:01.892  2852  2852 D KeyguardViewMediator: received DELAYED_KEYGUARD_ACTION with seq = 482, mDelayedShowingSequence = 482
12-17 19:36:01.892  2852  2852 E KeyguardUpdateMonitor: isSimPinSecure mSimDatas is null or empty 
12-17 19:36:01.895  2852  2852 D KeyguardViewMediator: doKeyguard: showing the lock screen
12-17 19:36:01.895  2852  2852 D KeyguardViewMediator: showLocked
12-17 19:36:01.896  1795  1806 D PowerManagerService: acquire lock=162494490, flags=0x1, tag="show keyguard", name=com.android.systemui, ws=null, uid=10033, pid=2852
12-17 19:36:01.896  1795  1806 D PowerManagerService: ready=true,policy=0,wakefulness=0,wksummary=0x1,uasummary=0x0,bootcompleted=true,boostinprogress=false,waitmodeenable=false,mode=true,manual=33,auto=-1,adj=0.0userId=0
12-17 19:36:01.899  1795  1795 D PowerManagerService: ready=true,policy=0,wakefulness=0,wksummary=0x1,uasummary=0x0,bootcompleted=true,boostinprogress=false,waitmodeenable=false,mode=true,manual=33,auto=-1,adj=0.0userId=0
12-17 19:36:01.901  2852  2852 D KeyguardViewMediator: handleShow
12-17 19:36:01.904  2852  2852 I StatusBarKeyguardViewManager: show
12-17 19:36:01.904  2852  2852 W StatusBarWindowManager: Apply window without WALLPAPER
12-17 19:36:01.904  2852  2852 W StatusBarWindowManager: Apply window Height MATCH_PARENT
12-17 19:36:01.904  2852  2852 I StatusBarWindowManager: apply mLp:0 -> 0; Height: -1; Flag: 81860040
12-17 19:36:01.907  2852  2852 V KeyguardUpdateMonitor: *** register callback for com.android.keyguard.KeyguardHostView$1@691a5f5
12-17 19:36:01.907  2852  2852 V KeyguardUpdateMonitor: *** unregister callback for null
12-17 19:36:01.909  2852  2852 V KeyguardSecurityView: showPrimarySecurityScreen(turningOff=false)
12-17 19:36:01.909  2852  2852 D KeyguardSecurityView: showSecurityScreen(PIN)
12-17 19:36:01.913  2852  2852 V KeyguardUpdateMonitor: *** register callback for com.android.keyguard.KeyguardMessageArea$2@b210a56
12-17 19:36:01.913  2852  2852 V KeyguardUpdateMonitor: *** unregister callback for null
12-17 19:36:01.952  1795  6985 D Telecom : TelecomServiceImpl: isInCall callState is 0: TSI.iIC@Etc
12-17 19:36:01.952  2852  2852 E KeyguardUpdateMonitor: isSimPinSecure mSimDatas is null or empty 
12-17 19:36:01.964  1795  3111 D Telecom : TelecomServiceImpl: isInCall callState is 0: TSI.iIC@Etg
12-17 19:36:01.973  2852  2852 V KeyguardSecurityView: Container inflating id = 2130968798 : view Id 2132017669
12-17 19:36:01.975  2852  2852 W HwKeyguardAbsKeyInputView: Reset
12-17 19:36:01.975  2852  2852 D TimeKeeper: getTimeTickInfo:[mMillisUntilFinished:0, mHour:0, mMinute:0, mSecond:0]
12-17 19:36:01.975  2852  2852 W KG_Policy: RetryPolicy unregisterObserver invalide observer
12-17 19:36:01.977  2852  2852 W StatusBarWindowManager: Apply window without WALLPAPER
12-17 19:36:01.978  2852  2852 W StatusBarWindowManager: Apply window Height MATCH_PARENT
12-17 19:36:01.978  2852  2852 I StatusBarWindowManager: apply skiped :0
12-17 19:36:01.982  2852  2852 V KeyguardUpdateMonitor: *** register callback for com.android.keyguard.EmergencyButton$1@9bb75e2
12-17 19:36:01.982  2852  2852 V KeyguardUpdateMonitor: *** unregister callback for null
12-17 19:36:01.986  1795  1795 I TrafficMonitor: expired arrive. level:-1
12-17 19:36:01.987  1795  1795 I TrafficMonitor: during_ms:2003,period_ms:2000
12-17 19:36:01.987  1795  1795 I TrafficMonitor: count:114,rx_sum:0,tx_sum:0,rxBytes:0,during_ms:2003,rx_speed:0.0,tx_speed:0.0,rto:0.0
12-17 19:36:01.987  1795  1795 D HuaweiWifiWatchdogStateMachine: speed: rxpkt:0, rxSpd:0B/s, txpkt:0, txSpd:0
12-17 19:36:01.989  1795 17832 D Telecom : TelecomServiceImpl: isInCall callState is 0: TSI.iIC@Etk
12-17 19:36:01.990  2852  2852 E KeyguardUpdateMonitor: isSimPinSecure mSimDatas is null or empty 
12-17 19:36:02.001  1795  6988 D Telecom : TelecomServiceImpl: isInCall callState is 0: TSI.iIC@Eto
12-17 19:36:02.008  1795 15987 D Telecom : TelecomServiceImpl: isInCall callState is 0: TSI.iIC@Ets
12-17 19:36:02.008  2852  2852 E KeyguardUpdateMonitor: isSimPinSecure mSimDatas is null or empty 
12-17 19:36:02.026  1795 16500 D Telecom : TelecomServiceImpl: isInCall callState is 0: TSI.iIC@Etw
12-17 19:36:02.037  1795 16499 D Telecom : TelecomServiceImpl: isInCall callState is 0: TSI.iIC@Et0
12-17 19:36:02.038  2852  2852 E KeyguardUpdateMonitor: isSimPinSecure mSimDatas is null or empty 
12-17 19:36:02.044  7741  7758 D TmoMonitor: Cache monitor msg as screen_off
12-17 19:36:02.057  1795  3225 D Telecom : TelecomServiceImpl: isInCall callState is 0: TSI.iIC@Et4
12-17 19:36:02.058  2852  2852 W AppHandler: addListener com.android.keyguard.EmergencyButton{1883d73 VFED..C.. ......I. 0,0-0,0 #7f140200 app:id/emergency_call_button_pin_view}
12-17 19:36:02.062  2852  2852 I HwPhoneStatusBar: showKeyguard:false
12-17 19:36:02.063  2852  2852 I HwPhoneStatusBar: setBarState:1
12-17 19:36:02.063  2852  2852 I HwPhoneStatusBar: change state: 0 --> 1, StartLockTime=9223372036854775807
12-17 19:36:02.063  2852  2852 I HwPhoneStatusBar: enter lock mode:1481974562063
12-17 19:36:02.063  2852  2852 I TrafficPanelManager: hideTraffic
12-17 19:36:02.063  2852  2852 I TrafficPanelViewContent: onShowStatusChange show:false
12-17 19:36:02.064  2852  2852 I HwPhoneStatusBar: updateNotificationShade
12-17 19:36:02.064  2852  2852 I PhoneStatusBar: updateNotificationShade
12-17 19:36:02.064  2852  2852 I PhoneStatusBar: removeNotificationChildren
12-17 19:36:02.065  2852  2852 I HwNotificationIconAreaController: showNotificationAll
12-17 19:36:02.065  2852  2852 I HwPhoneStatusBarTransitions: setBackgroundColor:new=0, old=0
12-17 19:36:02.065  2852  2852 I NotificationGroupManager: collapseAllGroups:
12-17 19:36:02.065  2852  2852 W StatusBarWindowManager: Apply window without WALLPAPER
12-17 19:36:02.065  2852  2852 W StatusBarWindowManager: Apply window Height MATCH_PARENT
12-17 19:36:02.065  2852  2852 I StatusBarWindowManager: apply mLp:0 -> 0; Height: -1; Flag: 81860040
12-17 19:36:02.067  2852  2852 D TintTextView: #B3FFFFFF com.android.systemui.tint.TintTextView{88b1de7 V.ED..... ......I. 0,11-144,60 #7f14004e app:id/msim_status_bar_operators_card_one_id}
12-17 19:36:02.068  2852  2852 D TintTextView: #B3FFFFFF com.android.systemui.tint.TintTextView{f83e2df V.ED..... ......ID 0,1-66,43 #7f1401be app:id/battery_outside_percent}
12-17 19:36:02.069  2852  2852 I PanelView: closeQs
12-17 19:36:02.069  2852  2852 I TrafficPanelManager: hideTraffic
12-17 19:36:02.069  2852  2852 I TrafficPanelViewContent: onShowStatusChange show:false
12-17 19:36:02.070  2852  2852 I QSContainer: updateQsState:false
12-17 19:36:02.070  2852  2852 I QSContainer: updateQsState:false
12-17 19:36:02.070  2852  2852 I StackScroller: setScrollingEnabled: true
12-17 19:36:02.070  2852  2852 I TrafficPanelManager: hideTraffic
12-17 19:36:02.070  2852  2852 I TrafficPanelViewContent: onShowStatusChange show:false
12-17 19:36:02.070  2852  2852 I HwKeyguardBottomArea: HwKeyguardBottom setVisibility with error state
12-17 19:36:02.070  2852  2852 I QSContainer: updateQsState:false
12-17 19:36:02.071  2852  2852 I HwKeyguardBottomArea: HwKeyguardBottom setVisibility with error state
12-17 19:36:02.071  2852  2852 I QSContainer: updateQsState:false
12-17 19:36:02.071  2852  2852 I StackScroller: setScrollingEnabled: false
12-17 19:36:02.074  2852  2852 I HwPhoneStatusBar: updateNotificationShade
12-17 19:36:02.074  2852  2852 I PhoneStatusBar: updateNotificationShade
12-17 19:36:02.077  2852  2852 I PhoneStatusBar: removeNotificationChildren
12-17 19:36:02.078  2852  2852 I HwNotificationIconAreaController: showNotificationAll
12-17 19:36:02.078  2852  2852 W AppHandler: sendMessage 4
12-17 19:36:02.078  2852  2852 I BarTransitions.HwPhoneStatusBarView: transitionTo: mode=MODE_TRANSLUCENT, animate=false
