12-17 19:32:26.839  1795  2671 D WifiStateMachine:  ConnectModeState CMD_SET_SUSPEND_OPT_ENABLED  rt=123052555/442883203 1 0
12-17 19:32:26.840  1795  2671 D WifiStateMachine:  DriverStartedState CMD_SET_SUSPEND_OPT_ENABLED  rt=123052556/442883203 1 0
12-17 19:32:26.840  1795  2671 D WifiHW  : wifi_send_command: cmd:'IFNAME=wlan0 DRIVER SETSUSPENDMODE 1'
12-17 19:32:26.840  5215  5215 D wpa_supplicant: wlan0: Control interface command 'DRIVER SETSUSPENDMODE 1'
12-17 19:32:26.842  2852  2852 W HwPhoneLayoutInflater: onCreateView : ClassNotFoundException, In this case we want to let the base class take a crack at it
12-17 19:32:26.844  2852  2852 W HwPhoneLayoutInflater: onCreateView : ClassNotFoundException, In this case we want to let the base class take a crack at it
12-17 19:32:26.845  3218 13036 D PhoneInterfaceManager: [PhoneIntfMgr] getDataEnabled: subId=0 phoneId=0
12-17 19:32:26.846  3218 13036 D PhoneInterfaceManager: [PhoneIntfMgr] getDataEnabled: subId=0 retVal=false
12-17 19:32:26.846  1795  1795 D HwConnectivityService: CtrlSocket getMobileDataEnabled = false
12-17 19:32:26.849  1795  1795 I NotificationManager: mIntentReceiver-ACTION_SCREEN_OFF
12-17 19:32:26.849  1795  1795 I NotificationManager: updateLightsLocked,mInCall =true,mScreenOn = false,ledNotification == null?true
12-17 19:32:26.849  1795  1795 I NotificationManager: updateLightsLocked,turn off notificationLight
12-17 19:32:26.849  1795  1795 I Sensor  : turn off notificationLight due to incall or screenon
12-17 19:32:26.849  1795  1795 I Sensor  : updateLight --> mIsNotificationExisting: false ledOnMS: 0 ledOffMS :0
12-17 19:32:26.849  1795  1795 I Sensor  : updateLightsLocked --> level:78, status:3
12-17 19:32:26.849  1795  1795 I Sensor  : updateLightsLocked --> mBatteryLight.turnOff
12-17 19:32:26.852  1046  9752 V ThreadsEx: HDebug print the key screen_state
12-17 19:32:26.852  1046  9752 D audio_hw_primary: adev_set_parameters: enter: screen_state=off
12-17 19:32:26.852  1046  9752 I Huawei_audio_cust: huawei_audio huawei_choose_HandsFree_device_incall_forHWtest: test Type =4
12-17 19:32:26.852  1046  9752 I Huawei_audio_cust: huawei_audio huawei_choose_Handset_device_incall_forHWtest: test Type =4
12-17 19:32:26.852  1046  9752 I Huawei_audio_cust: get_spk_pa_type: pa is max98925
12-17 19:32:26.852  1046  9752 I Huawei_audio_cust: huawei_common_set_parameters: exit with code(0)
12-17 19:32:26.852  1046  9752 V Huawei_audio_cust: huawei_cust_set_parameters: exit with code(0)
12-17 19:32:26.852  1046  9752 V msm8916_platform: platform_set_parameters: enter: - screen_state=off
12-17 19:32:26.852  1046  9752 V msm8916_platform: platform_set_parameters: exit with code(0)
12-17 19:32:26.852  1046  9752 D audio_hw_extn: audio_extn_set_anc_parameters: anc_enabled:0
12-17 19:32:26.852  1046  9752 D audio_hw_spkr_prot: audio_extn_fbsp_set_parameters: Speaker protection disabled
12-17 19:32:26.852  1046  9752 V audio_hw_primary: adev_set_parameters: exit with code(0)
12-17 19:32:26.856  1795  1795 I AlarmManager: set(PendingIntent{2f9e644: PendingIntentRecord{527f32d android broadcastIntent}}) : type=2 triggerAtTime=447143219 win=300000 tElapsed=447143219 maxElapsed=447443219 interval=0 flags=0x8
12-17 19:32:26.858  2852  2852 W HwPhoneLayoutInflater: onCreateView : ClassNotFoundException, In this case we want to let the base class take a crack at it
12-17 19:32:26.858  1795  1795 D HwPFWLogger: PFW.HwPFWService:mBroadcastReceiver action = android.intent.action.SCREEN_OFF
12-17 19:32:26.859  1795  2708 D HwPFWLogger: PFW.HwPFWService:handle PFW_MSG_SYSTEM
12-17 19:32:26.859  1795  2708 D HwPFWLogger: PFW.HwPFWAppRestartPolicy:receive action = android.intent.action.SCREEN_OFF
12-17 19:32:26.859  2852  2852 W HwPhoneLayoutInflater: onCreateView : ClassNotFoundException, In this case we want to let the base class take a crack at it
12-17 19:32:26.862  1795  1795 D WifiService: onReceive, action:android.intent.action.SCREEN_OFF
12-17 19:32:26.862  1795  2670 D WifiController: DeviceActiveState{ when=0 what=155651 target=com.android.internal.util.StateMachine$SmHandler }
12-17 19:32:26.862  1795  2670 D WifiController: StaEnabledState what=155651
12-17 19:32:26.862  1795  2670 D WifiController: DefaultState what=155651
12-17 19:32:26.862  1795  2670 D WifiController: wifiSleepPolicy:1
12-17 19:32:26.862  1795  2670 D WifiController: set idle timer: 1800000 ms
12-17 19:32:26.862  1795  1819 I EventHub: monitor check touch devices
12-17 19:32:26.862  1795  1819 I EventHub: EventHub monitor: no key events in the past 755s, no motion events in the past 94s
12-17 19:32:26.863  1795  1819 I InputDispatcher: InputDispatcher::monitor frozen check!
12-17 19:32:26.863  1795  1819 I InputDispatcher: frozenCheckLocked mDispatchFrozen=0 mNextUnblockedEvent=0
12-17 19:32:26.863  1795  2670 I AlarmManager: set(PendingIntent{50e3a01: PendingIntentRecord{a8130a6 android broadcastIntent}}) : type=0 triggerAtTime=1481976146862 win=0 tElapsed=444683226 maxElapsed=444683226 interval=0 flags=0x9
12-17 19:32:26.866  2852  2852 I HwExpandableNotificationRowHelper: unclear notification ,notificationPkgName:com.android.incallui key:0|com.android.incallui|2|null|1001
12-17 19:32:26.867  2852  2852 D StatusBar: No peeking: unimportant notification: 0|com.android.incallui|2|null|1001
12-17 19:32:26.867  2852  2852 I NotificationGroupManager: onEntryAdded:0|com.android.incallui|2|null|1001, group=0|com.android.incallui|2|null|1001
12-17 19:32:26.867  2852  2852 I HwPhoneStatusBar: updateNotificationShade
12-17 19:32:26.867  2852  2852 I PhoneStatusBar: updateNotificationShade
12-17 19:32:26.867  2852  2852 I PhoneStatusBar: removeNotificationChildren
12-17 19:32:26.870  2852  2852 I StackScroller: generateAddAnimation:null, false
12-17 19:32:26.870  1795  2736 E hwintelligencewifi:  DefaultState MSG_SCREEN_OFF mIsAutoOpenSearch = false
12-17 19:32:26.871  1795  2377 I IO.IOStatsService: onReceive:screen off
12-17 19:32:26.872  2852  2852 I StackScroller: generateAddAnimation:null, false
12-17 19:32:26.873  1795  3111 I NotificationManager: onNotificationExpansionChanged called
12-17 19:32:26.873  2852  2852 I HwNotificationIconAreaController: showNotificationAll
12-17 19:32:26.873  1795 16501 I NotificationManager: onNotificationExpansionChanged called
12-17 19:32:26.874  2852  2852 D ReporterUtil:  e id:344 type:{pkg:com.android.incallui}
12-17 19:32:26.874  5215  5215 D wpa_supplicant: wpa_driver_nl80211_driver_cmd SETSUSPENDMODE 1 len = 0, 4096
12-17 19:32:26.875  5215  5215 D wpa_supplicant: CTRL-DEBUG: global_ctrl_sock-sendto: sock=16 sndbuf=229376 outq=0 send_len=3
12-17 19:32:26.875  1795  2671 D PowerManagerService: release:lock=244575063, flg=0x0, tag="WifiSuspend", name=android", ws=null, uid=1000, pid=1795
12-17 19:32:26.876  1795  2671 D PowerManagerService: ready=true,policy=0,wakefulness=0,wksummary=0x10,uasummary=0x0,bootcompleted=true,boostinprogress=false,waitmodeenable=false,mode=true,manual=33,auto=-1,adj=0.0userId=0
12-17 19:32:26.876  1795  2377 I IO.IOStatsService: saveIOStatsAndLatestUids,the time interval is too shorter than the last screen off
12-17 19:32:26.876  1795  2671 D PowerManagerService: Releasing suspend blocker "PowerManagerService.WakeLocks".
12-17 19:32:26.878  2883  2883 D HwKeyguardManagerImpl: isLockScreenDisabled HwKeyguardManagerImpl result = false
12-17 19:32:26.878  1795  3110 D PowerManagerService: acquire lock=184063844, flags=0x1, tag="NetworkStats", name=android, ws=null, uid=1000, pid=1795
12-17 19:32:26.879  2852  2852 I BackgrounCallingLayout: simCount:2 phoneState:2
12-17 19:32:26.879  2852  2852 I BackgrounCallingLayout: mCallingStatusReceiver:onReceive::action=InCallScreenIsForegroundActivity, isForegroundActivity=false, mPhoneState=2
12-17 19:32:26.879  1795  3110 D PowerManagerService: ready=true,policy=0,wakefulness=0,wksummary=0x11,uasummary=0x0,bootcompleted=true,boostinprogress=false,waitmodeenable=false,mode=true,manual=33,auto=-1,adj=0.0userId=0
12-17 19:32:26.879  1795  3110 D PowerManagerService: Acquiring suspend blocker "PowerManagerService.WakeLocks".
12-17 19:32:26.880  2852  2852 I BackgrounCallingLayout: simCount:2 phoneState:2
12-17 19:32:26.881  2852  2852 I BackgrounCallingLayout: updateCallLayout:isBackground=false, isInteractive=false
12-17 19:32:26.882  2852  2852 W HwPhoneStatusBar: mNotifyStateChangedReceiver do nothing
12-17 19:32:26.882  2852  2852 I HwPhoneStatusBar: mNotifyStateChangedReceiver::onReceive:action=InCallScreenIsForegroundActivity, mBackgroundState=false
12-17 19:32:26.882  2852  2852 D KeyguardViewMediator: handleNotifyFinishedGoingToSleep
12-17 19:32:26.882  1795  3110 D NetdConnector: SND -> {11616 bandwidth gettetherstats}
12-17 19:32:26.882  2852  2852 I PhoneStatusBar: onFinishedGoingToSleep
12-17 19:32:26.882  2852  2852 V KeyguardStatusView: Disable transport text marquee
12-17 19:32:26.882  2852  2852 V KeyguardUpdateMonitor: FingerStat Visible: false; Interactive: false; Switching: false; Bouncer:false; GoingToSleep: false Occluded: false; dreaming: false; Authenticated: false
12-17 19:32:26.883  2852  2852 W DisabledFeatureUtils: Dis-Feature : 0
12-17 19:32:26.883  2852  2852 E KeyguardUpdateMonitor: isSimPinSecure mSimDatas is null or empty 
12-17 19:32:26.883  1795  2665 D NetdConnector: RCV <- {200 11616 Tethering stats list completed}
12-17 19:32:26.884  2852  2852 W DisabledFeatureUtils: Dis-Feature : 0
12-17 19:32:26.884  2852  2852 E KeyguardUpdateMonitor: isSimPinSecure mSimDatas is null or empty 
12-17 19:32:26.884  1795  1806 I Security_fingerprint: FingerprintService getEnrolledFingerprints
12-17 19:32:26.884  1795  2665 D NetdConnector: RCV <- {200 11616 Tethering stats list completed}
12-17 19:32:26.884  2852  2852 V KeyguardUpdateMonitor: KGSvcFp startListeningForFingerprint()
12-17 19:32:26.884  2852  2852 I KeyguardUpdateMonitor: authenticate by 0 mode!
12-17 19:32:26.885  1795  3121 I Security_fingerprint: FingerprintService authenticate
12-17 19:32:26.886  1795  2326 W HwFingerprintService: setLivenessSwitch:start
12-17 19:32:26.886  1795  2326 W HwFingerprintService: checkNeedLivenessList:start
12-17 19:32:26.886  1795  2326 W HwFingerprintService: NEED_LIVENESS_AUTHENTICATION = 0
12-17 19:32:26.886  2852  2852 W KeyguardUpdateMonitor: Fingerprint RunningStateChanged. 1
12-17 19:32:26.886  2852  2852 W HwLockScreenPanel: Handle message: 15
12-17 19:32:26.886   835   835 I fingerprintd: FingerprintDaemonProxyEx::onTransact, code:1002
12-17 19:32:26.887   835   835 I fingerprintd: fingerprintd
12-17 19:32:26.887   835   835 I fingerprintd: FingerprintDaemonProxyEx::setLivenessSwitch
12-17 19:32:26.887   835   835 I fingerprintd: fingerprintdex--dev->need_liveness_authentication = false;
12-17 19:32:26.887  1795  2326 W HwFingerprintService: framework setLivenessSwitch is ok ---end
