12-17 19:32:01.448  1795  1795 E qti_sensors_hal: read from oem info: data_valid_flag=0x55
12-17 19:32:01.448  1795  1795 E qti_sensors_hal: read from oem info: x_offset=0.160831, y_offset=0.184366, z_offset=0.985027
12-17 19:32:01.448  1795  1795 E qti_sensors_hal: Final value: x_offset=0.160831, y_offset=0.184366, z_offset=0.985027
12-17 19:32:01.448  1795  1795 I qti_sensors_hal: batch:load_acc_oeminf_data x_offset:0.160831 y_offset:0.184366 z_offset:0.985027
12-17 19:32:01.448  1795  1795 I qti_sensors_hal: batch:sensor(android.sensor.accelerometer) sample_rate=5.000000Hz report_rate_f=0.000000Hz curr sample rate:14.999925 cur rpt rate:0 max:400.000000 min:1.000000
12-17 19:32:01.450  1795  1795 I WindowManger_keyguard: onFinishedGoingToSleep(6)
12-17 19:32:01.450  1795  1795 I PowerManager_screenOn: PowerManagerNotifier Sending go to sleep broadcast.
12-17 19:32:01.451  1795  1795 I SendBroadcastPermission: action:android.intent.action.SCREEN_OFF, mPermissionType:0
12-17 19:32:01.451  2852  2866 D KeyguardService: Caller checkPermission fail
12-17 19:32:01.451  2852  2866 D KeyguardService: KGSvcCall onFinishedGoingToSleep.
12-17 19:32:01.451  2852  2866 D KeyguardViewMediator: onFinishedGoingToSleep(6)
12-17 19:32:01.451  2852  2866 D KeyguardViewMediator: notifyFinishedGoingToSleep
12-17 19:32:01.451  2852  2866 W AppHandler: sendMessage 15
12-17 19:32:01.451  2852  2852 D KeyguardViewMediator: handleNotifyFinishedGoingToSleep
12-17 19:32:01.451  2852  2852 I PhoneStatusBar: onFinishedGoingToSleep
12-17 19:32:01.452  2852  2852 V KeyguardStatusView: Disable transport text marquee
12-17 19:32:01.452  2852  2852 V KeyguardUpdateMonitor: FingerStat Visible: false; Interactive: false; Switching: false; Bouncer:false; GoingToSleep: false Occluded: false; dreaming: false; Authenticated: false
12-17 19:32:01.454  2852  2852 W DisabledFeatureUtils: Dis-Feature : 0
12-17 19:32:01.454  2852  2852 E KeyguardUpdateMonitor: isSimPinSecure mSimDatas is null or empty 
12-17 19:32:01.454  1795  1795 I HwActivityManagerService: Split enqueueing broadcast [callerApp]:ProcessRecord{34bf34f 0:system/1000}
12-17 19:32:01.454  1795  1795 I ActivityManager_broadcast: Enqueueing ordered broadcast[foreground] BroadcastRecord{c4076a5 u-1 android.intent.action.SCREEN_OFF}: prev had 0
12-17 19:32:01.455  1795  1808 I ActivityManager_broadcast: dispatch ordered broadcast [foreground] BroadcastRecord{c4076a5 u-1 android.intent.action.SCREEN_OFF}, has 55 receivers
12-17 19:32:01.456  2852  2852 W DisabledFeatureUtils: Dis-Feature : 0
12-17 19:32:01.456  2852  2852 E KeyguardUpdateMonitor: isSimPinSecure mSimDatas is null or empty 
12-17 19:32:01.457  1795 15988 I Security_fingerprint: FingerprintService getEnrolledFingerprints
12-17 19:32:01.458  2852  2852 V KeyguardUpdateMonitor: KGSvcFp startListeningForFingerprint()
12-17 19:32:01.458  2852  2852 I KeyguardUpdateMonitor: authenticate by 0 mode!
12-17 19:32:01.459  1795  6985 I Security_fingerprint: FingerprintService authenticate
12-17 19:32:01.460  1795  2326 W HwFingerprintService: setLivenessSwitch:start
12-17 19:32:01.460  1795  2326 W HwFingerprintService: checkNeedLivenessList:start
12-17 19:32:01.460  1795  2326 W HwFingerprintService: NEED_LIVENESS_AUTHENTICATION = 0
12-17 19:32:01.460  2852  2852 W KeyguardUpdateMonitor: Fingerprint RunningStateChanged. 1
12-17 19:32:01.460  2852  2852 W HwLockScreenPanel: Handle message: 15
12-17 19:32:01.462   835   835 I fingerprintd: FingerprintDaemonProxyEx::onTransact, code:1002
12-17 19:32:01.462   835   835 I fingerprintd: fingerprintd
12-17 19:32:01.462   835   835 I fingerprintd: FingerprintDaemonProxyEx::setLivenessSwitch
12-17 19:32:01.462   835   835 I fingerprintd: fingerprintdex--dev->need_liveness_authentication = false;
12-17 19:32:01.462  2852  2852 W CameraLayout: Cameralayout setVisibility. true false  2
12-17 19:32:01.462  2852  2852 D MagazineDetailView: resetPagerState
12-17 19:32:01.462  1795  2326 W HwFingerprintService: framework setLivenessSwitch is ok ---end
12-17 19:32:01.463   835   835 I fingerprintd: FingerprintDaemonProxyEx::onTransact, code:7
12-17 19:32:01.463   835   835 D fpc_fingerprint_hal: fpc_get_authenticator_id
12-17 19:32:01.463   835  2385 D fpc_fingerprint_hal: fpc poll irq interupt
12-17 19:32:01.463   835  2385 D fpc_fingerprint_hal: wait_finger_down, took 3624 ms
12-17 19:32:01.463   835  2385 E libteec : begin
12-17 19:32:01.464   606  2379 E libteec : receive data len = 128
12-17 19:32:01.464  1795  2377 I AwareLog: AwareMem_DMEServer: stop
12-17 19:32:01.474  1795  1795 D HwWifiP2pService: onReceive, action:android.intent.action.SCREEN_OFF
12-17 19:32:01.475  1795  2668 D WifiP2pService: InactiveState143467
12-17 19:32:01.475  1795  2668 E HwWifiP2pService: Unhandled message when=123034646 what=143467 arg1=0 arg2=0
12-17 19:32:01.475  1795  2668 D WifiP2pService: P2pEnabledState when=123034646 what=143467 arg1=0 arg2=0
12-17 19:32:01.475  1795  2668 D WifiP2pService: DefaultState{ when=-1ms what=143467 target=com.android.internal.util.StateMachine$SmHandler }
12-17 19:32:01.475  1795  2668 D HwWifiP2pService: SleepPolicy:1
12-17 19:32:01.483   606  2379 E libteec : QSEECom_send_cmd return!
12-17 19:32:01.483   606  2379 E libteec : qsc_send_cmd finish
12-17 19:32:01.483   606  2379 E libteec : send data return = 128
12-17 19:32:01.483   835  2385 E libteec : receive data len = 128
12-17 19:32:01.483   835  2385 E libteec : begin
12-17 19:32:01.483   835  2385 E libteec : qsc_decode end
12-17 19:32:01.484   835  2385 D fpc_fingerprint_hal: worker idle
12-17 19:32:01.484   835   835 E libteec : begin
12-17 19:32:01.484   606  2379 E libteec : receive data len = 128
12-17 19:32:01.487  1795  2671 D WifiStateMachine:  ConnectedState !CMD_SCREEN_STATE_CHANGED  rt=123034659/442857850 0 0
12-17 19:32:01.487  1795  2671 D WifiStateMachine:  L2ConnectedState !CMD_SCREEN_STATE_CHANGED  rt=123034659/442857850 0 0
12-17 19:32:01.487  1795  2671 D WifiStateMachine:  ConnectModeState !CMD_SCREEN_STATE_CHANGED  rt=123034659/442857851 0 0
12-17 19:32:01.487  1795  2671 D WifiStateMachine:  DriverStartedState !CMD_SCREEN_STATE_CHANGED  rt=123034659/442857851 0 0
12-17 19:32:01.487  1795  2671 D WifiStateMachine:  SupplicantStartedState !CMD_SCREEN_STATE_CHANGED  rt=123034659/442857851 0 0
12-17 19:32:01.487  1795  2671 D WifiStateMachine:  DefaultState !CMD_SCREEN_STATE_CHANGED  rt=123034659/442857851 0 0
12-17 19:32:01.488  1795  2671 D PowerManagerService: acquire lock=244575063, flags=0x1, tag="WifiSuspend", name=android, ws=null, uid=1000, pid=1795
12-17 19:32:01.488  1795  2671 D PowerManagerService: ready=true,policy=0,wakefulness=0,wksummary=0x11,uasummary=0x0,bootcompleted=true,boostinprogress=false,waitmodeenable=false,mode=true,manual=33,auto=-1,adj=0.0userId=0
12-17 19:32:01.488  1795  2671 D PowerManagerService: Acquiring suspend blocker "PowerManagerService.WakeLocks".
12-17 19:32:01.489   606  2379 E libteec : QSEECom_send_cmd return!
12-17 19:32:01.490   606  2379 E libteec : qsc_send_cmd finish
12-17 19:32:01.490   606  2379 E libteec : send data return = 128
12-17 19:32:01.490   835   835 E libteec : receive data len = 128
12-17 19:32:01.490   835   835 E libteec : begin
12-17 19:32:01.490   835   835 E libteec : qsc_decode end
12-17 19:32:01.490   835   835 D fpc_fingerprint_hal: fpc_get_authenticator_id id 14657234628792947271
12-17 19:32:01.490   835  2385 E libteec : begin
12-17 19:32:01.490   606  2379 E libteec : receive data len = 128
12-17 19:32:01.490  1795  2326 V FingerprintService: startAuthentication(com.android.systemui)
12-17 19:32:01.491  1795  2326 V FingerprintService: starting client AuthenticationClient(com.android.systemui), initiatedByClient = true)
12-17 19:32:01.491   835   835 I fingerprintd: FingerprintDaemonProxyEx::onTransact, code:1
12-17 19:32:01.491   835   835 V fingerprintd: authenticate(sid=0, gid=0)
12-17 19:32:01.492  1795  2671 I AlarmManager: remove(null) changed bounds; rebatching
12-17 19:32:01.492  1795  1795 D HwConnectivityService: mIntentReceiver begin
12-17 19:32:01.492  1795  1795 D HwKeyguardManagerImpl: isLockScreenDisabled HwKeyguardManagerImpl result = false
12-17 19:32:01.492  1795  1795 D HwConnectivityService: CtrlSocket Receiver,disable: false locked: true action: android.intent.action.SCREEN_OFF mSmartKeyguardLevel: normal_level mStartPowerSaving: false
12-17 19:32:01.493  1795  1795 D HwConnectivityService: receive screen off intent!
12-17 19:32:01.493  1795  1795 D HwConnectivityService: wifi tethering: false
12-17 19:32:01.493  1795  1795 D HwConnectivityService: Usb tethering: false
12-17 19:32:01.493  1795  1795 D HwConnectivityService: bt tethering: false
12-17 19:32:01.493  1795  1795 D HwConnectivityService: pluggedStatus: 0
12-17 19:32:01.493  1795  1795 D HwConnectivityService: is charging: false
12-17 19:32:01.497  1795  2671 E WifiScanner: listener cannot be found
12-17 19:32:01.498  1795  2671 D WifiStateMachine:  ConnectedState CMD_ENABLE_RSSI_POLL  rt=123034670/442857861 0 0
12-17 19:32:01.498  1795  2671 D WifiStateMachine:  L2ConnectedState CMD_ENABLE_RSSI_POLL  rt=123034670/442857862 0 0
12-17 19:32:01.498  1795  2671 D WifiStateMachine:  ConnectedState CMD_SET_SUSPEND_OPT_ENABLED  rt=123034670/442857862 1 0
12-17 19:32:01.498  1795  2671 D WifiStateMachine:  L2ConnectedState CMD_SET_SUSPEND_OPT_ENABLED  rt=123034670/442857862 1 0
12-17 19:32:01.499  1795  2671 D WifiStateMachine:  ConnectModeState CMD_SET_SUSPEND_OPT_ENABLED  rt=123034670/442857862 1 0
