12-17 19:35:15.880  2852  2852 I ToggleSlider:  mSeekListener onProgressChanged progress:2586 fromUser:false
12-17 19:35:15.880  2852  2852 I ToggleSlider:  mSeekListener onProgressChanged progress:2586 fromUser:false
12-17 19:35:15.893  1795  2750 D HW_DISPLAY_EFFECT: presently, hw_update_color_temp_for_rg_led interface not achieved.
12-17 19:35:15.909  1795  2750 D HW_DISPLAY_EFFECT: presently, hw_update_color_temp_for_rg_led interface not achieved.
12-17 19:35:15.921  5224  5283 I Step_LSC: 20002302|REPORT : 4255 90725 3025 0
12-17 19:35:15.922  5224  5283 I SendBroadcastPermission: action:android.com.huawei.bone.NOTIFY_SPORT_DATA, mPermissionType:0
12-17 19:35:15.926  1795  2750 I HwLightsService: back light level before map = 1065
12-17 19:35:15.926  1795  2750 D HW_DISPLAY_EFFECT: presently, hw_update_color_temp_for_rg_led interface not achieved.
12-17 19:35:15.928  2852  2925 I EventCenter: ContentChange for slot: 1
12-17 19:35:15.929  2852  2852 I HwBrightnessController: onChange selfChange:false uri.toString():content://settings/system/screen_auto_brightness mIsObserveAutoBrightnessChange:true
12-17 19:35:15.931  1795  2376 W AlarmManager: mIsScreenOn is: true, WAKEUP alarm talarm.operation == null,package name is: android listenerTag is: WifiConnectivityManager Schedule Periodic Scan Timer creator uid is: 1000
12-17 19:35:15.932  5224  5283 I SendBroadcastPermission: action:android.com.huawei.bone.NOTIFY_SPORT_DATA, mPermissionType:0
12-17 19:35:15.932  1795  2376 I AlarmManager: Alarm triggering (type 0 or 2): [Alarm{1b9d568 type 2 when 443052295 android}]
12-17 19:35:15.932  1795  2376 I AlarmManager: sending alarm Alarm{1b9d568 type 2 when 443052295 android},repeatInterval = 0,listenerTag =WifiConnectivityManager Schedule Periodic Scan Timer
12-17 19:35:15.932  3879 11576 I HwLauncher: Launcher.LauncherProvider  launcher call - method:setAppBadgeCount arg:null extras:[app_shortcut_custom_id=null][app_shortcut_class_name=com.tencent.mm.ui.LauncherUI][app_badge_count=0] uid =10105 pid =4492
12-17 19:35:15.932  1795  2671 I WifiConnectivityManager: periodicScanTimerHandler mScreenOn true
12-17 19:35:15.933  1795  2376 D PowerManagerService: ready=true,policy=3,wakefulness=1,wksummary=0x1,uasummary=0x1,bootcompleted=true,boostinprogress=false,waitmodeenable=false,mode=true,manual=33,auto=-1,adj=0.0userId=0
12-17 19:35:15.933  1795  2376 D PowerManagerService: Acquiring suspend blocker "PowerManagerService.WakeLocks".
12-17 19:35:15.933  2852  2852 I HwBrightnessUtils: APS brightness=27.0,ConvertToPercentage=0.26507172
12-17 19:35:15.933  2852  2852 I HwBrightnessUtils:  getSeekBarProgress isAutoMode:true current brightness:27 percentage:0.26507172
12-17 19:35:15.933  2852  2852 I HwBrightnessController: updateSlider1 seekBarProgress:2651
12-17 19:35:15.933  2852  2852 I HwBrightnessController: updateSlider2 seekBarProgress:2651
12-17 19:35:15.934  2852  2852 I ToggleSlider:  mSeekListener onProgressChanged progress:2651 fromUser:false
12-17 19:35:15.934  1795 20747 I HwActivityManagerService: Split enqueueing broadcast [callerApp]:ProcessRecord{580cfb2 5224:com.huawei.health:DaemonService/u0a99}
12-17 19:35:15.934  1795  2671 D HwWifiConnectivityManager: handleScanCounterChanged,reason: 0, mHwSingleScanCounter: 2
12-17 19:35:15.934  2852  2852 I ToggleSlider:  mSeekListener onProgressChanged progress:2651 fromUser:false
12-17 19:35:15.934  1795  2671 E WifiConnectivityManager: isWifiScanSpecialChannels is false,mWifiState : 1
12-17 19:35:15.935  3879 11576 I HwLauncher: ProviderCallUtils callBadge isCloned = false
12-17 19:35:15.935  1795  2671 I AlarmManager: set(null) : type=2 triggerAtTime=443092298 win=0 tElapsed=443092298 maxElapsed=443092298 interval=0 flags=0x9
12-17 19:35:15.936  5224  5283 I Step_HSNH: 20002302|upDateHealthNotification()|91|3.03|4255
12-17 19:35:15.936  2852  2852 I EventCenter: EventCenter Get :android.com.huawei.bone.NOTIFY_SPORT_DATA
12-17 19:35:15.937  2852  2852 D StepCounterView: onStepCounterChange stepsNum:4255
12-17 19:35:15.937  1795  2680 D WifiHW  : wifi_send_command: cmd:'IFNAME=wlan0 SCAN TYPE=ONLY'
12-17 19:35:15.937  5215  5215 D wpa_supplicant: wlan0: Control interface command 'SCAN TYPE=ONLY'
12-17 19:35:15.938  5215  5215 D wpa_supplicant: wlan0: Setting scan request: 0.000000 sec
12-17 19:35:15.938  5215  5215 D wpa_supplicant: CTRL-DEBUG: global_ctrl_sock-sendto: sock=16 sndbuf=229376 outq=0 send_len=3
12-17 19:35:15.938  5215  5215 D wpa_supplicant: wlan0: Starting AP scan for wildcard SSID
12-17 19:35:15.938  5215  5215 D wpa_supplicant: OKC-Native: Append OKC IE!
12-17 19:35:15.938  5215  5215 D wpa_supplicant: OKC-Native: Append done!
12-17 19:35:15.938  5224  5283 I Step_HSNH: 20002302|rebuild notification
12-17 19:35:15.938  5215  5215 D wpa_supplicant: wlan0: Add radio work 'scan'@0x7fb502f3c0
12-17 19:35:15.938  5215  5215 D wpa_supplicant: wlan0: First radio work item in the queue - schedule start immediately
12-17 19:35:15.938  5215  5215 D wpa_supplicant: wlan0: Starting radio work 'scan'@0x7fb502f3c0 after 0.000109 second wait
12-17 19:35:15.938  5215  5215 D wpa_supplicant: wlan0: nl80211: scan request
12-17 19:35:15.939  1795  2671 D PowerManagerService: ready=true,policy=3,wakefulness=1,wksummary=0x0,uasummary=0x1,bootcompleted=true,boostinprogress=false,waitmodeenable=false,mode=true,manual=33,auto=-1,adj=0.0userId=0
12-17 19:35:15.939  5215  5215 D wpa_supplicant: nl80211: Scan SSID - hexdump(len=0): [NULL]
12-17 19:35:15.939  1795  2671 D PowerManagerService: Releasing suspend blocker "PowerManagerService.WakeLocks".
12-17 19:35:15.939  5215  5215 D wpa_supplicant: nl80211: Scan extra IEs - hexdump(len=67): 7f 05 00 00 0a 02 01 dd 0f 00 e0 fc 80 00 00 00 01 00 00 00 00 00 00 00 dd 29 00 e0 fc 80 00 00 ...
12-17 19:35:15.940  5215  5215 D wpa_supplicant: Scan requested (ret=0) - scan timeout 30 seconds
12-17 19:35:15.940  5215  5215 D wpa_supplicant: nl80211: Event message available
12-17 19:35:15.940  5215  5215 D wpa_supplicant: nl80211: Drv Event 33 (NL80211_CMD_TRIGGER_SCAN) received for wlan0
12-17 19:35:15.940  5215  5215 D wpa_supplicant: wlan0: nl80211: Scan trigger
12-17 19:35:15.940  5215  5215 D wpa_supplicant: wlan0: Event SCAN_STARTED (47) received
12-17 19:35:15.940  5215  5215 D wpa_supplicant: wlan0: Own scan request started a scan in 0.000261 seconds
12-17 19:35:15.940  5215  5215 D wpa_supplicant: CTRL-DEBUG: ctrl_sock-sendmsg: sock=16 sndbuf=229376 outq=0 send_len=24
12-17 19:35:15.940  1795  2680 I AlarmManager: set(null) : type=2 triggerAtTime=443067303 win=11250 tElapsed=443067303 maxElapsed=443078553 interval=0 flags=0x8
12-17 19:35:15.940  5215  5215 D wpa_supplicant: CTRL_IFACE monitor sent successfully to /data/misc/wifi/sockets/wpa_ctrl_1795-194\x00
12-17 19:35:15.941  1795  5219 D WifiMonitor: Dispatching event to interface: wlan0
12-17 19:35:15.941  1795  5219 E WifiMonitor: WifiMonitor:wlan0 cnt=31082 dispatchEvent: CTRL-EVENT-SCAN-STARTED 
12-17 19:35:15.943  1795  2750 D HW_DISPLAY_EFFECT: presently, hw_update_color_temp_for_rg_led interface not achieved.
12-17 19:35:15.946  1795 16499 I NotificationManager: enqueueNotificationInternal: pkg=com.huawei.health id=10010 notification=Notification(pri=0 contentView=null vibrate=null sound=null defaults=0x0 flags=0x2 color=0x00000000 vis=PRIVATE)
12-17 19:35:15.947  1795  1795 I NotificationManager: enqueueNotificationInternal: n.getKey = 0|com.huawei.health|10010|null|10099
12-17 19:35:15.948  1795  1795 V NotificationService: disableEffects=null canInterrupt=false once update: false
12-17 19:35:15.950  2852  2852 I StatusBar: onNotificationPosted: StatusBarNotification(pkg=com.huawei.health user=UserHandle{0} id=10010 tag=null key=0|com.huawei.health|10010|null|10099: Notification(pri=0 contentView=null vibrate=null sound=null defaults=0x0 flags=0x62 color=0x00000000 vis=PRIVATE)) important=2, post=1481974515946, when=1481531589202, vis=0, userid=0
12-17 19:35:15.951  2852  2852 D StatusBar: updateNotification(StatusBarNotification(pkg=com.huawei.health user=UserHandle{0} id=10010 tag=null key=0|com.huawei.health|10010|null|10099: Notification(pri=0 contentView=null vibrate=null sound=null defaults=0x0 flags=0x62 color=0x00000000 vis=PRIVATE)))
12-17 19:35:15.951  2852  2852 D HwCust  : Create obj success use class android.app.HwCustNotificationImpl
12-17 19:35:15.952  2852  2852 I StatusBarIconView: updateTint: tint=0
12-17 19:35:15.953  2852  2852 D StatusBar: No peeking: unimportant notification: 0|com.huawei.health|10010|null|10099
12-17 19:35:15.954  2852  2852 D StatusBar: applyInPlace=true shouldPeek=false alertAgain=true
12-17 19:35:15.954  2852  2852 I NotificationGroupManager: onEntryUpdated:0|com.huawei.health|10010|null|10099
12-17 19:35:15.954  2852  2852 I NotificationGroupManager: onEntryAdded:0|com.huawei.health|10010|null|10099, group=0|com.huawei.health|10010|null|10099
12-17 19:35:15.954  2852  2852 D StatusBar: reusing notification for key: 0|com.huawei.health|10010|null|10099
12-17 19:35:15.954  2852  2852 D HwCust  : Create obj success use class android.app.HwCustNotificationImpl
12-17 19:35:15.954  1795 16498 W ActivityManager: getRunningAppProcesses: caller 10105 does not hold REAL_GET_TASKS; limiting output
12-17 19:35:15.955  2852  2852 D HwCust  : Create obj success use class android.app.HwCustNotificationImpl
12-17 19:35:15.955  2852  2852 I StatusBarIconView: updateTint: tint=0
12-17 19:35:15.957  3879  3892 I HwLauncher: Launcher.LauncherProvider  launcher call - method:setAppBadgeCount arg:null extras:[app_shortcut_custom_id=[shortcut_c2a51ac39f4ec2a0c386c385c2b37ac2a040c3a7c289c3bec28b547dc2b0c2a6]][app_shortcut_class_name=com.tencent.mm.ui.LauncherUI][app_badge_count=0] uid =10105 pid =4492
12-17 19:35:15.959  1795  2750 D HW_DISPLAY_EFFECT: presently, hw_update_color_temp_for_rg_led interface not achieved.
12-17 19:35:15.965  2852  2852 I HwPhoneStatusBar: updateNotificationShade
12-17 19:35:15.965  2852  2852 I PhoneStatusBar: updateNotificationShade
12-17 19:35:15.965  2852  2852 I PhoneStatusBar: removeNotificationChildren
12-17 19:35:15.966  2852  2852 I HwNotificationIconAreaController: showNotificationAll
12-17 19:35:15.968  2852  2852 I NotificationContentView: transferRemoteInputFocus: 0
12-17 19:35:15.968  2852  2852 I NotificationContentView: transferRemoteInputFocus: 0
12-17 19:35:15.969  2852  2852 I StackScrollAlgorithm: updateClipping isOverlap:false
12-17 19:35:15.969  2852  2852 I StackScrollAlgorithm: updateDimmedActivatedHideSensitive overlap:false
12-17 19:35:15.971  2852  2852 I NetworkController.WifiSignalController: Change in state from: connected=true,enabled=true,level=4,inetCondition=1,iconGroup=IconGroup(Wi-Fi Icons),activityIn=true,activityOut=true,rssi=-48,lastModified=12-17 07:35:14,isChaged:false,wifiNoInternet=false,ssid="Huawei-Employee"
12-17 19:35:15.971  2852  2852 I NetworkController.WifiSignalController: 	to: connected=true,enabled=true,level=4,inetCondition=1,iconGroup=IconGroup(Wi-Fi Icons),activityIn=false,activityOut=false,rssi=-48,lastModified=12-17 07:35:14,isChaged:false,wifiNoInternet=false,ssid="Huawei-Employee"
12-17 19:35:15.971  2852  2852 I SignalClusterView: mWifiVisible is:truemWifiStrengthId is:2130839427mWifiDescription is:WLAN 信号强度满格。
12-17 19:35:15.972  2852  2852 D NetWorkUtils: mVSimCurCardType is -1
12-17 19:35:15.973  2852  2852 I HwSignalClusterView: apply hwPhoneState.mSubId:0 anyMobileVisible:false mIsAirplaneMode:false, mobileGroupVisible=true
12-17 19:35:15.973  2852  2852 I SignalClusterView: mWifiVisible is:truemWifiStrengthId is:2130839427mWifiDescription is:WLAN 信号强度满格。
12-17 19:35:15.973  2852  2852 D NetWorkUtils: mVSimCurCardType is -1
12-17 19:35:15.974  2852  2852 I HwSignalClusterView: apply hwPhoneState.mSubId:0 anyMobileVisible:false mIsAirplaneMode:false, mobileGroupVisible=true
12-17 19:35:15.975  1795  2750 D HW_DISPLAY_EFFECT: presently, hw_update_color_temp_for_rg_led interface not achieved.
12-17 19:35:15.976  2852  2925 I EventCenter: ContentChange for slot: 1
12-17 19:35:15.978  2852  2852 I HwBrightnessController: onChange selfChange:false uri.toString():content://settings/system/screen_auto_brightness mIsObserveAutoBrightnessChange:true
12-17 19:35:15.979  1795  1809 I WindowManager: onProposedRotationChanged, rotation=0
12-17 19:35:15.979  1795  1809 I WindowManager: MyOrientationListener: updateRotation.
12-17 19:35:15.979  1795  1809 I WindowManager: updateRotationUnchecked(alwaysSendConfiguration=false)
