12-17 19:36:03.662  1795 15988 I ActivityManager_service: retrieveServiceLocked, callerApp: ProcessRecord{2b38b6e 2883:com.huawei.systemmanager:service/1000}, flags: 10000400
12-17 19:36:03.663  1795 15988 I ActivityManager_service: bindServiceLocked, r: ServiceRecord{de664cd u0 euid: 0 com.huawei.systemmanager/.util.content.HsmIntentService_bg}, euid: 0
12-17 19:36:03.670  1795  2376 I HwActivityManagerService: keyAppBroadcastQueueForIntent intent Intent { act=com.tencent.mm.TrafficStatsReceiver flg=0x14 (has extras) } on bgkeyapp queue
12-17 19:36:03.671  1795  2376 I ActivityManager_broadcast: Enqueueing ordered broadcast[bgkeyapp] BroadcastRecord{15d9182 u0 com.tencent.mm.TrafficStatsReceiver}: prev had 1
12-17 19:36:03.671  1795  2376 I AlarmManager: sending alarm Alarm{1359b08 type 1 when 1481974200664 com.huawei.bd},repeatInterval = 1800000,listenerTag =null
12-17 19:36:03.672  1795 16500 I ActivityManager_broadcast: dispatch ordered broadcast [bgkeyapp] BroadcastRecord{15d9182 u0 com.tencent.mm.TrafficStatsReceiver}, has 1 receivers
12-17 19:36:03.672  2883  3311 I HwSystemManager: ScheduleRecordPowerConsumeReceiver:onReceive: Action = com.huawei.hwsystemmanager.power.SCHEDULE_RECORD_REMAING_TIME_SCENE
12-17 19:36:03.672  2883  3311 I HwSystemManager: ChangeMode:readSaveMode, old function, it does not work from 5.0
12-17 19:36:03.675  2883  3311 I HwSystemManager: RemainingTimeSceneHelper:updateTimeSceneData ,deltaRmCapacity= 33.0 deltaTimeStamp=761708 timestamp_temp= 1481973801967
12-17 19:36:03.675  2883  3311 I HwSystemManager: RemainingTimeSceneHelper:updateTimeSceneData, beforeTimeStamp= 1481973801967, currentTimeStamp= 1481974563675, tempCurrentValue= 155.97
12-17 19:36:03.679  1795 16500 I ActivityManager_broadcast: dispatch ordered broadcast [background] BroadcastRecord{fa45bf7 u0 com.huawei.hwsystemmanager.power.SCHEDULE_RECORD_POWER_CONSUME}, has 1 receivers
12-17 19:36:03.680  2883  3311 I HwSystemManager: RemainingTimeSceneHelper:updateTimeSceneData,temp_date= 1481904000 temp_number= 116 temp_recordtype= one_holiday
12-17 19:36:03.685  2883  2883 I HwSystemManager: ScheduleRecordPowerConsumeReceiver:onReceive: Action = com.huawei.hwsystemmanager.power.SCHEDULE_RECORD_POWER_CONSUME
12-17 19:36:03.688  1795  2376 W ActivityManager: Sending non-protected broadcast com.huawei.bd.action.heartbeat_hour from system uid 1000 pkg com.huawei.bd
12-17 19:36:03.689  1795  2376 I ActivityManager_broadcast: Enqueueing ordered broadcast[background] BroadcastRecord{3b8c093 u0 com.huawei.bd.action.heartbeat_hour}: prev had 2
12-17 19:36:03.689  1795  2376 I AlarmManager: sending alarm Alarm{d3daafa type 3 when 442903611 android},repeatInterval = 1800000,listenerTag =null
12-17 19:36:03.692  1795  2376 I ActivityManager_broadcast: Enqueueing ordered broadcast[background] BroadcastRecord{508f8d0 u0 com.android.server.action.NETWORK_STATS_POLL}: prev had 3
12-17 19:36:03.692  1795  2376 I AlarmManager: sending alarm Alarm{4c66e14 type 3 when 442926666 com.huawei.android.hwouc},repeatInterval = 10800000,listenerTag =null
12-17 19:36:03.692  2883  3311 I HwSystemManager: RemainingTimeSceneHelper:updateTimeSceneData,temp_date= 1481904000 temp_number= 117 temp_recordtype= one_holiday
12-17 19:36:03.693  1795  2376 I ActivityManager_broadcast: collectReceiverComponents, callerApp: null, intent:START_UP_HIWIBD_BI, receiver size:1, flags: 10000400
12-17 19:36:03.693  1795  2376 I ActivityManager_broadcast: Enqueueing ordered broadcast[background] BroadcastRecord{18180c9 u0 START_UP_HIWIBD_BI}: prev had 4
12-17 19:36:03.694  1795  2376 I AlarmManager: sending alarm Alarm{373091c type 3 when 442934629 android},repeatInterval = 0,listenerTag =null
12-17 19:36:03.694  1795 16500 I ActivityManager_broadcast: dispatch ordered broadcast [background] BroadcastRecord{50a9a64 u0 remain_connect_action}, has 1 receivers
12-17 19:36:03.709  1795  2376 W ActivityManager: Sending non-protected broadcast action.pfw.wakeup.timer from system uid 1000 pkg android
12-17 19:36:03.709  1795  2376 I ActivityManager_broadcast: Enqueueing ordered broadcast[background] BroadcastRecord{dd743ce u0 action.pfw.wakeup.timer}: prev had 4
12-17 19:36:03.710  1795  1795 D PowerManagerNotifier: onWakeLockChanging: flags=1, tag="*alarm*", packageName=android, ownerUid=1000, ownerPid=1795, workSource=WorkSource{1000}
12-17 19:36:03.712  2883  3311 I HwSystemManager: RemainingTimeSceneHelper:updateTimeSceneData,temp_date= 1481904000 temp_number= 117 temp_recordtype= one_holiday
12-17 19:36:03.713   816  1562 W SocketListener: sending broadcast to Pid = 1795, Uid = 1000 
12-17 19:36:03.714  1795  2665 D NetdConnector: RCV <- {613 IfaceClass active 1 443100076963954 1000}
12-17 19:36:03.715  1795  2665 D NetdConnector: RCV <- {613 IfaceClass active 1 443100076963954 1000}
12-17 19:36:03.716  1795  1819 D NetdConnector: RCV unsolicited event from native daemon, event = 613 IfaceClass active 1 443100076963954 1000
12-17 19:36:03.717  2883  3311 I HwSystemManager: RemainingTimeSceneHelper:updateTimeSceneData during time(ms)= 45
12-17 19:36:03.717  1795  1819 D NetworkManagement: notifyInterfaceClassActivity: client is com.android.server.net.NetworkStatsService$6@5d6efc
12-17 19:36:03.717  1795  1819 D NetworkManagement: notifyInterfaceClassActivity: client is android.net.ip.IpManager$2@4c99c84
12-17 19:36:03.717  1795  1819 D NetworkManagement: notifyInterfaceClassActivity: client is com.android.server.net.NetworkPolicyManagerService$13@4df0feb
12-17 19:36:03.717  1795  1819 D NetworkManagement: notifyInterfaceClassActivity: client is android.net.INetworkManagementEventObserver$Stub$Proxy@af226
12-17 19:36:03.717  1795 16500 I ActivityManager_broadcast: dispatch ordered broadcast [background] BroadcastRecord{3b8c093 u0 com.huawei.bd.action.heartbeat_hour}, has 1 receivers
12-17 19:36:03.718  1795  1813 E BatteryStatsService: no controller energy info supplied
12-17 19:36:03.719  1795  1819 D NetworkManagement: notifyInterfaceClassActivity: client is android.net.INetworkManagementEventObserver$Stub$Proxy@c0acf8b
12-17 19:36:03.720 10400 10400 I BDLog   : BD.Scheduler:Hour task coming
12-17 19:36:03.720  1795  1819 D NetworkManagement: notifyInterfaceClassActivity: client is com.android.server.ConnectivityService$1@e0f099c
12-17 19:36:03.720  1795  1819 I SendBroadcastPermission: action:android.net.conn.DATA_ACTIVITY_CHANGE, mPermissionType:0
12-17 19:36:03.721  1795  1819 D NetworkManagement: notifyInterfaceClassActivity: client is com.android.server.connectivity.Vpn$2@e40aefb
12-17 19:36:03.721  1795  1819 D NetworkManagement: notifyInterfaceClassActivity: client is com.android.server.ethernet.EthernetNetworkFactory$InterfaceObserver@fccfd35
12-17 19:36:03.721  1795  1819 D NetworkManagement: notifyInterfaceClassActivity: client is com.android.server.connectivity.Tethering@ff4a50f
12-17 19:36:03.721  1795 16500 I ActivityManager_broadcast: dispatch ordered broadcast [background] BroadcastRecord{508f8d0 u0 com.android.server.action.NETWORK_STATS_POLL}, has 1 receivers
12-17 19:36:03.722  1795  2666 D PowerManagerService: acquire lock=184063844, flags=0x1, tag="NetworkStats", name=android, ws=null, uid=1000, pid=1795
12-17 19:36:03.722  1795  2666 D PowerManagerService: ready=true,policy=0,wakefulness=0,wksummary=0x1,uasummary=0x0,bootcompleted=true,boostinprogress=false,waitmodeenable=false,mode=true,manual=33,auto=-1,adj=0.0userId=0
12-17 19:36:03.730  1795  2666 D NetdConnector: SND -> {11637 bandwidth gettetherstats}
12-17 19:36:03.732  1795  2665 D NetdConnector: RCV <- {200 11637 Tethering stats list completed}
12-17 19:36:03.733  1795  2665 D NetdConnector: RCV <- {200 11637 Tethering stats list completed}
12-17 19:36:03.735  1795  2666 W NetworkStatsFactory: mStatsXtProcUid: /proc/net/comm/stats does not exist!
12-17 19:36:03.735  1795  2666 D HwNetworkStatsService: mActiveIface: null
12-17 19:36:03.737  1795  2666 I SendBroadcastPermission: action:com.android.server.action.NETWORK_STATS_UPDATED, mPermissionType:0
12-17 19:36:03.737  1795  2666 I HwActivityManagerService: Split enqueueing broadcast [callerApp]:ProcessRecord{34bf34f 0:system/1000}
12-17 19:36:03.737  1795  2666 D PowerManagerService: release:lock=184063844, flg=0x0, tag="NetworkStats", name=android", ws=null, uid=1000, pid=1795
12-17 19:36:03.738  1795  2666 D PowerManagerService: ready=true,policy=0,wakefulness=0,wksummary=0x1,uasummary=0x0,bootcompleted=true,boostinprogress=false,waitmodeenable=false,mode=true,manual=33,auto=-1,adj=0.0userId=0
12-17 19:36:03.738  1795  2666 D NetdConnector: SND -> {11638 bandwidth setglobalalert 2097152}
12-17 19:36:03.740  1795  2665 D NetdConnector: RCV <- {200 11638 Bandwidth command succeeeded}
12-17 19:36:03.741  1795  2665 D NetdConnector: RCV <- {200 11638 Bandwidth command succeeeded}
12-17 19:36:03.741  1795  2666 I ActivityManager_broadcast: dispatch ordered broadcast [background] BroadcastRecord{18180c9 u0 START_UP_HIWIBD_BI}, has 1 receivers
12-17 19:36:03.741  1795  1795 D PowerManagerNotifier: onWakeLockChanging: flags=1, tag="*alarm*", packageName=android, ownerUid=1000, ownerPid=1795, workSource=WorkSource{10053}
12-17 19:36:03.745 18128 18128 I HiWiServiceBD: Trigger action: START_UP_HIWIBD_BI
12-17 19:36:03.746 18128 18128 I HiWiServiceBD: hour = 19
12-17 19:36:03.747  1795  6985 I ActivityManager_service: retrieveServiceLocked, callerApp: ProcessRecord{311a45 18128:com.huawei.android.hwouc:hwbd/u0a53}, flags: 10000400
12-17 19:36:03.747  1795  6985 I ActivityManager_service: bindServiceLocked, r: ServiceRecord{aa4d2ef u0 euid: 0 com.huawei.android.hwouc/com.huawei.hiwibd.android.HiWiService}, euid: 0
12-17 19:36:03.751 16375 16375 I HiWiServiceBD: HiWiService onCreate
12-17 19:36:03.751  1795  3110 I ActivityManager_broadcast: dispatch ordered broadcast [background] BroadcastRecord{dd743ce u0 action.pfw.wakeup.timer}, has 1 receivers
12-17 19:36:03.751  1795  1795 D PowerManagerNotifier: onWakeLockChanging: flags=1, tag="*alarm*", packageName=android, ownerUid=1000, ownerPid=1795, workSource=WorkSource{1000}
12-17 19:36:03.751  1795  1795 D HwPFWLogger: PFW.HwPFWService:mBroadcastReceiver action = action.pfw.wakeup.timer
12-17 19:36:03.751  1795  1795 D HwPFWLogger: PFW.HwPFWService:alarm trigger
12-17 19:36:03.751  1795  1795 D HwPFWLogger: PFW.HwPFWService:setCollectorAlarm mPfwTimerInterval = 1800000
12-17 19:36:03.755 16375 20785 I HiWiServiceBD: User Involved=1
12-17 19:36:03.756  1795  2708 D HwPFWLogger: PFW.HwPFWService:handle PFW_MSG_WAKEUP_TIMER
12-17 19:36:03.756  1795  2708 D HwPFWLogger: PFW.HwPFWAppRestartPolicy:receive action = action.pfw.wakeup.timer
12-17 19:36:03.756  1795  2708 D PFW.HwPFWAppRestartPolicy: ACTION_PFW_WAKEUP_TIMER
12-17 19:36:03.757  1795  2708 D PFW.HwPFWAppWakeLockPolicy: ACTION_PFW_WAKEUP_TIMER
12-17 19:36:03.757  2883  2996 E HwSystemManager: SimCardMethod:/getSimCardInfo: imsi is null
12-17 19:36:03.759 16375 20785 D HiWiServiceBD: lastReportTime = 1481966459853
12-17 19:36:03.759 16375 20785 I HiWiServiceBD: do nothing for not over 180
12-17 19:36:03.762  1795  1795 D PowerManagerService: ready=true,policy=0,wakefulness=0,wksummary=0x0,uasummary=0x0,bootcompleted=true,boostinprogress=false,waitmodeenable=false,mode=true,manual=33,auto=-1,adj=0.0userId=0
12-17 19:36:03.762  1795  1795 D PowerManagerService: Releasing suspend blocker "PowerManagerService.WakeLocks".
12-17 19:36:03.762  1795  1795 D PFW.HwPFWAppRestartPolicy: process launch counts runnable
12-17 19:36:03.762 16375 16375 D HiWiServiceBD: HiWiService stopself
12-17 19:36:03.763 16375 16375 D HiWiServiceBD: HiWiService onDestroy -- hiWiHandler clear
12-17 19:36:03.764  1795  1795 D PFW.HwPFWAppWakeLockPolicy: scroff wakelock runnable
12-17 19:36:03.772  2883  2996 I HwSystemManager: NormalTrafficAnalysis:alert byte = 0 last alert byte = 0
12-17 19:36:03.773  2883  2996 E HwSystemManager: NormalTrafficAnalysis:alert byte = 0, so return
12-17 19:36:03.773  1795 20786 E BatteryStatsService: no controller energy info supplied
12-17 19:36:03.775  1795  3253 D PowerManagerService: ready=true,policy=0,wakefulness=0,wksummary=0x1,uasummary=0x0,bootcompleted=true,boostinprogress=false,waitmodeenable=false,mode=true,manual=33,auto=-1,adj=0.0userId=0
12-17 19:36:03.775  1795  3253 D PowerManagerService: Acquiring suspend blocker "PowerManagerService.WakeLocks".
12-17 19:36:03.775  1795 20786 E BatteryStatsService: no controller energy info supplied
12-17 19:36:03.781  1795  1805 D PowerManagerService: ready=true,policy=0,wakefulness=0,wksummary=0x0,uasummary=0x0,bootcompleted=true,boostinprogress=false,waitmodeenable=false,mode=true,manual=33,auto=-1,adj=0.0userId=0
12-17 19:36:03.781  1795  1805 D PowerManagerService: Releasing suspend blocker "PowerManagerService.WakeLocks".
12-17 19:36:03.781  3218 13114 E HW-JPEG-DEC: [HME_JPEG_DEC_Delete](3298): HME_JPEG_DEC_Delete: decoder_ctx=null
12-17 19:36:03.788  2883  2996 I HwSystemManager: TafficState:default sub id = 0slotIndex = 0 subscriptionId = 0
12-17 19:36:03.795  2883  2996 E HwSystemManager: LeisureTrafficSetting:result is empty
12-17 19:36:03.800  2883  2996 I HwSystemManager: NatTrafficNotifyService:delta byte = 0 no traffic delta = 0Traffic state is 301
12-17 19:36:03.808  2883  2996 I HwSystemManager: ExtraTrafficSetting:result is empty
12-17 19:36:03.815  1795 20786 D PFW.HwPFWAppRestartPolicy: curDefault IMs = com.baidu.input_huawei
