12-17 19:45:27.765  3626  3626 D PTM.ThermalAlarmInfo: TempThreshold: 35, Shell: 0
12-17 19:45:27.765  3626  3626 E PTM.FileNodeInfo: getTempInfo error: null, 0
12-17 19:45:27.765  3626  3626 E PTM.FileNodeInfo: getTempInfo error: null, 0
12-17 19:45:27.765  3626  3626 E PTM.FileNodeInfo: getTempInfo error: null, 0
12-17 19:45:27.765  3626  3626 E PTM.FileNodeInfo: getTempInfo error: null, 0
12-17 19:45:27.765  3626  3626 E PTM.FileNodeInfo: getTempInfo error: null, 0
12-17 19:45:27.765  3626  3626 E PTM.FileNodeInfo: getTempInfo error: null, 0
12-17 19:45:27.765  3626  3626 E PTM.FileNodeInfo: getTempInfo error: null, 0
12-17 19:45:27.765  3626  3626 E PTM.FileNodeInfo: getTempInfo error: null, 0
12-17 19:45:27.765  3626  3626 E PTM.FileNodeInfo: getTempInfo error: null, 0
12-17 19:45:27.765  3626  3626 E PTM.FileNodeInfo: getTempInfo error: null, 0
12-17 19:45:27.765  3626  3626 E PTM.FileNodeInfo: getTempInfo error: null, 0
12-17 19:45:27.765  3626  3626 E PTM.FileNodeInfo: getTempInfo error: null, 0
12-17 19:45:27.765  3626  3626 E PTM.FileNodeInfo: getTempInfo error: null, 0
12-17 19:45:27.765  3626  3626 E PTM.FileNodeInfo: getTempInfo error: null, 0
12-17 19:45:27.765  3626  3626 E PTM.FileNodeInfo: getTempInfo error: null, 0
12-17 19:45:27.765  3626  3626 E PTM.FileNodeInfo: getTempInfo error: null, 0
12-17 19:45:27.765  3626  3626 E PTM.FileNodeInfo: getTempInfo error: null, 0
12-17 19:45:27.765  3626  3626 E PTM.FileNodeInfo: getTempInfo error: null, 0
12-17 19:45:27.765  3626  3626 E PTM.FileNodeInfo: getTempInfo error: null, 0
12-17 19:45:27.765  3626  3626 E PTM.FileNodeInfo: getTempInfo error: null, 0
12-17 19:45:27.765  3626  3626 E PTM.FileNodeInfo: getTempInfo error: null, 0
12-17 19:45:27.765  3626  3626 E PTM.FileNodeInfo: getTempInfo error: null, 0
12-17 19:45:27.765  3626  3626 E PTM.FileNodeInfo: getTempInfo error: null, 0
12-17 19:45:27.765  3626  3626 E PTM.FileNodeInfo: getTempInfo error: null, 0
12-17 19:45:27.765  3626  3626 E PTM.FileNodeInfo: getTempInfo error: null, 0
12-17 19:45:27.765  1795  2665 D NetdConnector: RCV <- {613 IfaceClass idle 1 443664127465864}
12-17 19:45:27.763  3180  3578 I ash     : com.android.browser goes to hibernation overtime: 172276
12-17 19:45:27.766  1795  1819 D NetdConnector: RCV unsolicited event from native daemon, event = 613 IfaceClass idle 1 443664127465864
12-17 19:45:27.767  1795  1819 D NetworkManagement: notifyInterfaceClassActivity: client is com.android.server.net.NetworkStatsService$6@5d6efc
12-17 19:45:27.767  1795  1819 D NetworkManagement: notifyInterfaceClassActivity: client is android.net.ip.IpManager$2@4c99c84
12-17 19:45:27.767  1795  1819 D NetworkManagement: notifyInterfaceClassActivity: client is com.android.server.net.NetworkPolicyManagerService$13@4df0feb
12-17 19:45:27.767  1795  1819 D NetworkManagement: notifyInterfaceClassActivity: client is android.net.INetworkManagementEventObserver$Stub$Proxy@af226
12-17 19:45:27.768  1795  1819 D NetworkManagement: notifyInterfaceClassActivity: client is android.net.INetworkManagementEventObserver$Stub$Proxy@c0acf8b
12-17 19:45:27.768  1795  1819 D NetworkManagement: notifyInterfaceClassActivity: client is com.android.server.ConnectivityService$1@e0f099c
12-17 19:45:27.768  1795  1819 I SendBroadcastPermission: action:android.net.conn.DATA_ACTIVITY_CHANGE, mPermissionType:0
12-17 19:45:27.769  1795  1813 E BatteryStatsService: no controller energy info supplied
12-17 19:45:27.769  1795  1819 D NetworkManagement: notifyInterfaceClassActivity: client is com.android.server.connectivity.Vpn$2@e40aefb
12-17 19:45:27.769  1795  1819 D NetworkManagement: notifyInterfaceClassActivity: client is com.android.server.ethernet.EthernetNetworkFactory$InterfaceObserver@fccfd35
12-17 19:45:27.769  1795  1819 D NetworkManagement: notifyInterfaceClassActivity: client is com.android.server.connectivity.Tethering@ff4a50f
12-17 19:45:27.770  3180  3578 I ash     : com.tencent.mm goes to hibernation overtime: 172283
12-17 19:45:27.770  3626  3626 E PTM.FileNodeInfo: getTempInfo error: null, 0
12-17 19:45:27.770  3626  3626 E PTM.FileNodeInfo: getTempInfo error: null, 0
12-17 19:45:27.770  3626  3626 E PTM.FileNodeInfo: getTempInfo error: null, 0
12-17 19:45:27.770  3626  3626 E PTM.FileNodeInfo: getTempInfo error: null, 0
12-17 19:45:27.770  3626  3626 E PTM.FileNodeInfo: getTempInfo error: null, 0
12-17 19:45:27.771 31949 31967 I PushService: main{1} PushService.onStartCommand(PushService.java:87) Push Service Start by  alarmCheck
12-17 19:45:27.773 31949 31967 I eSpaceService: WatchThread{4786} TcpCirChannel.shutdown(TcpCirChannel.java:257) Login_By_Step-> shut down now connect
12-17 19:45:27.773  1795  3225 I AlarmManager: remove(PendingIntent{6f51dcb: PendingIntentRecord{7f86237 com.huawei.espacev2 broadcastIntent}}) changed bounds; rebatching
12-17 19:45:27.774 31949 31967 I ECS     : WatchThread{4786} TcpClient.clearAll(TcpClient.java:240) ==================== TCP CLIENT CLEAR ALL ====================
12-17 19:45:27.774  3626  3753 I LogCollectService: msg = 103 received
12-17 19:45:27.775  3180  3578 I AppManager: check dependency pid: 4690 is depended by pid: 1795
12-17 19:45:27.775  3180  3578 I ash     : Application com.baidu.input_huawei is depended by other app, delay to H!
12-17 19:45:27.775 31949 31967 I ECS     : WatchThread{4786} TcpClient.disconnect_i(TcpClient.java:202) ==================== TCP CLIENT DISCONNECT ====================
12-17 19:45:27.775  3180  3578 I ash     :  ignore audio app: com.android.browser stop delta time:37871507
12-17 19:45:27.776 31949 31967 I TCP     : WatchThread{4786} TcpClientThread.disconnectSocket(TcpClientThread.java:369) disconnecting to uc.huawei.com:7801
12-17 19:45:27.776  1795 16501 I AlarmManager: set(PendingIntent{b73b9a8: PendingIntentRecord{7f86237 com.huawei.espacev2 broadcastIntent}}) : type=0 triggerAtTime=1481975427776 win=0 tElapsed=443964140 maxElapsed=443964140 interval=300000 flags=0x1
12-17 19:45:27.778  2852  2852 I TimeManager: act:android.intent.action.TIME_TICK  flag:1342177300 FLAG_IS_FIRST_POWER_OFF_ALARM=false android.intent.extra.ALARM_COUNT=1 
12-17 19:45:27.779  2852  2852 I HwDateUtils:  formatChinaDateTime equals.
12-17 19:45:27.779  2852  2852 I HwDateUtils: formatChinaDateTime, change to China normalTime:晚上7:45
12-17 19:45:27.779  2852  2852 I HwDateUtils: begin of formatChinaDateRange chinaDate:晚上7:45
12-17 19:45:27.779  2852  2852 I TimeManager: chinaDateTime:晚上7:45
12-17 19:45:27.780  2852  2852 I HwDateUtils:  formatChinaDateTime equals.
12-17 19:45:27.780  2852  2852 I HwDateUtils: formatChinaDateTime, change to China normalTime:晚上7:45
12-17 19:45:27.780  2852  2852 I HwDateUtils: begin of formatChinaDateRange chinaDate:晚上7:45
12-17 19:45:27.780  2852  2852 I TimeManager: chinaDateTime:晚上7:45
12-17 19:45:27.781  2852  2852 I HwDateUtils:  formatChinaDateTime equals.
12-17 19:45:27.781  2852  2852 I HwDateUtils: formatChinaDateTime, change to China normalTime:晚上7:45
12-17 19:45:27.781  2852  2852 I HwDateUtils: begin of formatChinaDateRange chinaDate:晚上7:45
12-17 19:45:27.781  2852  2852 I TimeManager: chinaDateTime:晚上7:45
12-17 19:45:27.781  3180  3578 D ApplicationPackageManager: queryIntentActivitiesAsUser size results:1, for package:com.android.browser
12-17 19:45:27.781  3180  3578 I ash     : com.android.browser { doze duration=202295 } transition to: hibernation reason:
12-17 19:45:27.781  3180  3578 I ash     : perform hibernation actions!
12-17 19:45:27.781  2852  2852 I HwDateUtils:  formatChinaDateTime equals.
12-17 19:45:27.781  2852  2852 I HwDateUtils: formatChinaDateTime, change to China normalTime:晚上7:45
12-17 19:45:27.781  2852  2852 I HwDateUtils: begin of formatChinaDateRange chinaDate:晚上7:45
12-17 19:45:27.781  2852  2852 I TimeManager: chinaDateTime:晚上7:45
12-17 19:45:27.782   816 21002 D libc    : GetAddrInfoHandler addr: 10.72.11.102
12-17 19:45:27.782  1795  2778 D SmartHeartBeat: setAlarmsPending ...
12-17 19:45:27.782   816  1562 W SocketListener: sending broadcast to Pid = 1795, Uid = 1000 
12-17 19:45:27.783  1795  2665 D NetdConnector: RCV <- {613 IfaceClass active 1 443664146058051 0}
12-17 19:45:27.783 31949 31967 I eSpaceService: WatchThread{4786} TcpCirChannel.connect(TcpCirChannel.java:219) Connect to server  address = [uc.huawei.com,]  port = 7801
12-17 19:45:27.784  1795  2665 D NetdConnector: RCV <- {613 IfaceClass active 1 443664146058051 0}
12-17 19:45:27.784 31949 31967 I ECS     : WatchThread{4786} TcpClient.clearAll(TcpClient.java:240) ==================== TCP CLIENT CLEAR ALL ====================
12-17 19:45:27.785  3180  3578 I ash     : Pending com.android.browser alarm OK !
12-17 19:45:27.785  1795  1819 D NetdConnector: RCV unsolicited event from native daemon, event = 613 IfaceClass active 1 443664146058051 0
12-17 19:45:27.785  1795 16500 I PGManagerService: proxyBroadcast:[com.android.browser] proxy:true
12-17 19:45:27.785  3180  3578 I ash     : proxy com.android.browser broadcast OK !
12-17 19:45:27.786  1795  1819 D NetworkManagement: notifyInterfaceClassActivity: client is com.android.server.net.NetworkStatsService$6@5d6efc
12-17 19:45:27.786   816 21002 D DnsProxyListener: GetAddrInfoHandler addr: uc.huawei.com {304, 917808, 10102} 172.30.70.63
12-17 19:45:27.786  1795  1819 D NetworkManagement: notifyInterfaceClassActivity: client is android.net.ip.IpManager$2@4c99c84
12-17 19:45:27.786  1795  1819 D NetworkManagement: notifyInterfaceClassActivity: client is com.android.server.net.NetworkPolicyManagerService$13@4df0feb
12-17 19:45:27.786  1795  1819 D NetworkManagement: notifyInterfaceClassActivity: client is android.net.INetworkManagementEventObserver$Stub$Proxy@af226
12-17 19:45:27.786  1795  3249 D PowerManagerService: acquire lock=46623937, flags=0x1, tag="hibernation", name=com.huawei.powergenie, ws=null, uid=1000, pid=3180
12-17 19:45:27.786  1795  3249 D PowerManagerService: ready=true,policy=0,wakefulness=0,wksummary=0x1,uasummary=0x0,bootcompleted=true,boostinprogress=false,waitmodeenable=false,mode=true,manual=33,auto=-1,adj=0.0userId=0
12-17 19:45:27.787  1795  1819 D NetworkManagement: notifyInterfaceClassActivity: client is android.net.INetworkManagementEventObserver$Stub$Proxy@c0acf8b
12-17 19:45:27.787  1795  1813 E BatteryStatsService: no controller energy info supplied
12-17 19:45:27.787  1795  1819 D NetworkManagement: notifyInterfaceClassActivity: client is com.android.server.ConnectivityService$1@e0f099c
12-17 19:45:27.787  1795  1819 I SendBroadcastPermission: action:android.net.conn.DATA_ACTIVITY_CHANGE, mPermissionType:0
12-17 19:45:27.788  1795  1819 D NetworkManagement: notifyInterfaceClassActivity: client is com.android.server.connectivity.Vpn$2@e40aefb
