12-17 19:35:24.669  1795 11745 D WindowManager: interceptKeyBeforeQueueing: key 4 , result : 1
12-17 19:35:24.670  1795  2380 D KeyEvent: obtain, mHwFlags=1874117200
12-17 19:35:24.670  2852  2914 V AudioManager: querySoundEffectsEnabled...
12-17 19:35:24.671  1795  2380 I TransactionSponsor: Transact:getHwAdminCachedValue to device policy manager service.
12-17 19:35:24.671  1795  2380 I TransactionProcessor: HwDPMS received transaction_isHwFrameworkAdminAllowed, the ret: false
12-17 19:35:24.671  4492  4492 D KeyEvent: obtain, mHwFlags=3
12-17 19:35:24.671  1795  1809 D KeyEvent: obtain, mHwFlags=0
12-17 19:35:24.672  4690  4690 D KeyEvent: obtain, mHwFlags=-1291845632
12-17 19:35:24.676  1795  3238 V SecInputMethodManagerService: Client requesting input be hidden, pid=4492
12-17 19:35:24.677  1795  1805 V InputMethodManagerService: Client requesting input be hidden, pid=4492
12-17 19:35:24.873  1795  1795 I TrafficMonitor: update:rxPkts:0,txPkts:0,rxBytes:0,txBytes:0
12-17 19:35:24.873  1795  1795 I TrafficMonitor: start expired. level:-1
12-17 19:35:24.873  1795  1795 I TrafficMonitor: gettimer:interval=2000
12-17 19:35:25.103  4492  4492 I SendBroadcastPermission: action:com.tencent.mm.ui.ACTION_DEACTIVE, mPermissionType:0
12-17 19:35:25.104  1795  3884 I HwActivityManagerService: keyAppBroadcastQueueForIntent intent Intent { act=com.tencent.mm.ui.ACTION_DEACTIVE flg=0x10 (has extras) } on bgkeyapp queue
12-17 19:35:25.143  4492  4492 V AudioManager: getMode...
12-17 19:35:25.144  4492  4492 V AudioManager: isSpeakerphoneOn...
12-17 19:35:25.144  4492  4492 V AudioManager: isBluetoothScoOn...
12-17 19:35:25.145  4492  4492 V AudioManager: isBluetoothScoOn...
12-17 19:35:25.145  4492  4492 V AudioManager: getMode...
12-17 19:35:25.146  4492  4492 V AudioManager: isSpeakerphoneOn...
12-17 19:35:25.146  4492  4492 V AudioManager: isBluetoothScoOn...
12-17 19:35:25.150  1795 16501 V SecInputMethodManagerService: Client requesting input be hidden, pid=4492
12-17 19:35:25.150  1795 15987 V InputMethodManagerService: Client requesting input be hidden, pid=4492
12-17 19:35:25.160  4492  4492 I SendBroadcastPermission: action:com.tencent.mm.ui.ACTION_ACTIVE, mPermissionType:0
12-17 19:35:25.161  1795  6985 I HwActivityManagerService: keyAppBroadcastQueueForIntent intent Intent { act=com.tencent.mm.ui.ACTION_ACTIVE flg=0x10 (has extras) } on bgkeyapp queue
12-17 19:35:25.164  4492  4492 I SendBroadcastPermission: action:com.tencent.mm.ui.ACTION_ACTIVE, mPermissionType:0
12-17 19:35:25.165  1795 11746 I HwActivityManagerService: keyAppBroadcastQueueForIntent intent Intent { act=com.tencent.mm.ui.ACTION_ACTIVE flg=0x10 (has extras) } on bgkeyapp queue
12-17 19:35:25.354   633 31867 I SDK     : <2016-12-17 19:35:25> [NOTICE] SDK: UE-SeC 2016-12-17 19:35:25:353 Level[NOTICE] magic[3368294688 1013]:s(0, 0),r(0, 0)in 20s;vsock(135716B, 10762B, 0, 0), sock(846, 897, 0, 0), times(34, 0, 194, 57), delay(0, 0)ms, m(0, 6144)KB, p:38898, s:38898, t(148, 1, 32198B, 50795B), u(0, 0, 176580B, 47974B), c(2247, 2363, 0, 0), e(68072, 1639)/(1330, 1639), k:73, d(589, 677), de(0), s(online, 2, 1), SSL(0), UDP(0), r_d(0), s_d(0), c_d(0), dur(1386 m), vs(0, 0, 0), sysFM(0 KB), ls(1779, 1779),bypass[0]:[0]
12-17 19:35:25.354   633 31867 I SDK     : 
12-17 19:35:25.467   633   692 I eSpaceService: Watch Thread{4481} WatchThread.onLoop(WatchThread.java:94) watch thread onLoop... 
12-17 19:35:25.584  1795  2748 D HwAmbientLuxFilterAlgo: t=123123201,BT=123124201,DT=123127802,BT1=123127201,DT1=123131201,Bn=false,Dn=false,lx=[152.0/123121696, 164.0/123121998, 164.0/123122299, 158.0/123122599, 153.0/123122900, 153.0/123123201],mLx=17.0,s=20.04115,ss=5.375546,AuIntervened=false,mProximityState=false,bLux=176.0,dLux=1.4694452,bLux1=176.0,dLux1=3.5
12-17 19:35:25.676  1795  2381 D libfingersense_wrapper: Calling fingersense_classify_touch()
12-17 19:35:25.683  1795  2381 D libfingersense_wrapper: fingersense_classify_touch() finished
12-17 19:35:25.684  1795  2380 D PowerManagerService: userActivityNoUpdateLocked: eventTime=123123292, event=2, flags=0x0, uid=1000
12-17 19:35:25.685  1795  2380 I PowerManager_screenOn: PowerManagerNotifier onUserActivity: event=2, uid=1000
12-17 19:35:25.685  1795  2380 D PowerManagerService: ready=true,policy=3,wakefulness=1,wksummary=0x0,uasummary=0x1,bootcompleted=true,boostinprogress=false,waitmodeenable=false,mode=true,manual=33,auto=-1,adj=0.0userId=0
12-17 19:35:25.686  2852  2852 I SlideTouchEvent: handleTouchEvent:MotionEvent { action=ACTION_DOWN, actionButton=0, id[0]=0, x[0]=319.0, y[0]=79.0, toolType[0]=TOOL_TYPE_FINGER, buttonState=0, metaState=0, flags=0x0, edgeFlags=0x0, pointerCount=1, historySize=0, eventTime=123123292, downTime=123123292, deviceId=10, source=0x1002 }
12-17 19:35:25.686  2852  2852 I PhoneStatusBar: suspendAutohide
12-17 19:35:25.686  2852  2852 I vol.VolumeDialogControl: C onDismissRequested reason = 2
12-17 19:35:25.686  2852  2852 I BarTransitions.HwPhoneStatusBarView: transitionTo: mode=MODE_TRANSPARENT, animate=false
12-17 19:35:25.687  2852  2852 I BarTransitions.HwNavigationBarView: transitionTo: mode=MODE_TRANSPARENT, animate=false
12-17 19:35:25.687  2852  2852 I HwNavigationBarTransitions: transitionTo:mode=4, isEmuiStyle=false
12-17 19:35:25.687  2852  2852 I TintImageView: onTouchEvent: code=4, action=0, event=MotionEvent { action=ACTION_DOWN, actionButton=0, id[0]=0, x[0]=109.0, y[0]=79.0, toolType[0]=TOOL_TYPE_FINGER, buttonState=0, metaState=0, flags=0x0, edgeFlags=0x0, pointerCount=1, historySize=0, eventTime=123123292, downTime=123123292, deviceId=10, source=0x1002 }
12-17 19:35:25.688  2852  2852 I TintImageView: sendEvent:action=0, flag=0
12-17 19:35:25.689  2852  2852 I vol.VolumeDialog: VolumeDialogController.Callbacks onDismissRequested reason = 2
12-17 19:35:25.689  1795 16498 D KeyEvent: obtain, mHwFlags=0
12-17 19:35:25.689  1795 16498 D HwCustPhoneWindowManager: answer call by keyCode = 4, down = true, isSupVolumnkeyAnswerCall = false
12-17 19:35:25.689  1795 16498 I PowerManager_screenOn: HwPhoneWindowManager has intercept Key : 4, isdown : true, flags : 72
12-17 19:35:25.690  1795 16498 D WindowManager: interceptKeyTq keycode=4 interactive=true keyguardActive=false policyFlags=2b000002 down true canceled false
12-17 19:35:25.690  1795 16498 D WindowManager: interceptKeyBeforeQueueing: key 4 , result : 1
12-17 19:35:25.691  1795  2380 D PowerManagerService: userActivityNoUpdateLocked: eventTime=123123305, event=1, flags=0x0, uid=1000
12-17 19:35:25.691  1795  2380 I PowerManager_screenOn: PowerManagerNotifier onUserActivity: event=1, uid=1000
12-17 19:35:25.691  1795  2380 D PowerManagerService: ready=true,policy=3,wakefulness=1,wksummary=0x0,uasummary=0x1,bootcompleted=true,boostinprogress=false,waitmodeenable=false,mode=true,manual=33,auto=-1,adj=0.0userId=0
12-17 19:35:25.691  1795  2380 D KeyEvent: obtain, mHwFlags=1874117200
12-17 19:35:25.692  1795  2380 I TransactionSponsor: Transact:getHwAdminCachedValue to device policy manager service.
12-17 19:35:25.692  1795  2380 I TransactionProcessor: HwDPMS received transaction_isHwFrameworkAdminAllowed, the ret: false
12-17 19:35:25.693  1795  1809 D KeyEvent: obtain, mHwFlags=0
12-17 19:35:25.693  4492  4492 D KeyEvent: obtain, mHwFlags=3
12-17 19:35:25.693  4690  4690 D KeyEvent: obtain, mHwFlags=-1291845632
12-17 19:35:25.717  1795 17832 I ActivityManager: moveTaskToBack: TaskRecord{926b055 #383 A=com.tencent.mm U=0 StackId=1 sz=1}
12-17 19:35:25.717  1795 17832 I ActivityManager_activity: inValidate task: TaskRecord{35d0d96 #359 A=com.tencent.mm U=0 StackId=1 sz=0}
12-17 19:35:25.719  1795 17832 I WindowManger_windowChange: oldFocusWindow: Window{4e22340 u0 com.tencent.mm/com.tencent.mm.ui.LauncherUI}, currentFocusWindow: null, currentFocusApp: AppWindowToken{b6efcd1 token=Token{a978b5b ActivityRecord{5f12a6a u0 com.tencent.mm/.ui.LauncherUI t383}}}
12-17 19:35:25.725  1795 17832 I ActivityManager_activity: moveTaskToBack, setTaskToReturnTo: taskToReturnTo=1numTasks=7,isOnHomeDisplay=true,isOverHomeStack=true, prevIsHome=true
12-17 19:35:25.726  1795 17832 I ActivityManager_activity: moveTaskToBack, resuming home stack
12-17 19:35:25.726  1795 17832 I ActivityManager_activity: insertTaskAtTop, setTaskToReturnTo: fromHome=false,lastStackTop=TaskRecord{fcfa908 #384 A=com.android.browser U=0 StackId=1 sz=1}, isHomeStack=true, topTask=TaskRecord{37babfb #297 A=com.huawei.android.launcher U=0 StackId=0 sz=1}, task=TaskRecord{37babfb #297 A=com.huawei.android.launcher U=0 StackId=0 sz=1}
12-17 19:35:25.731  1795 17832 V HwWindowManagerService: moveTaskToTop mTaskChanged:true
12-17 19:35:25.732  1795 17832 V HwWindowManagerService: setFocusedApp update app ops, mTaskChanged set to:false
12-17 19:35:25.733  1795 17832 I FreezeScreenScene: scheduleCheckFreezeScreen sendMessageDelayed
12-17 19:35:25.733  1795 17832 I ActivityManager_activity: Start pausing: ActivityRecord{5f12a6a u0 com.tencent.mm/.ui.LauncherUI t383}
12-17 19:35:25.734  1795 17832 D PowerManagerService: acquire lock=230301592, flags=0x1, tag="*launch*", name=android, ws=WorkSource{10061}, uid=1000, pid=1795
12-17 19:35:25.734  1795 17832 D PowerManagerService: ready=true,policy=3,wakefulness=1,wksummary=0x1,uasummary=0x1,bootcompleted=true,boostinprogress=false,waitmodeenable=false,mode=true,manual=33,auto=-1,adj=0.0userId=0
12-17 19:35:25.734  1795 17832 D PowerManagerService: Acquiring suspend blocker "PowerManagerService.WakeLocks".
12-17 19:35:25.735  1795 17832 I ActivityManager_activity: resumeTopActivityLocked: Skip resume: need to start pausing
12-17 19:35:25.738  4492  4492 I 2DSDR   : APS: 2DSDR: AbsListView.FlingRunnable.endFling, we will clear SDR ratio
12-17 19:35:25.742  4492  4492 I 2DSDR   : APS: 2DSDR: AbsListView.FlingRunnable.endFling, we will clear SDR ratio
12-17 19:35:25.744  4492  4492 D KeyEvent: obtain, mHwFlags=3
12-17 19:35:25.744  4492  4492 W ViewRootImpl[LauncherUI]: Cancelling event due to no window focus: KeyEvent { action=ACTION_UP, keyCode=KEYCODE_BACK, scanCode=0, metaState=0, flags=0x68, hwFlags=0x3, repeatCount=0, eventTime=123123342, downTime=123123305, deviceId=-1, source=0x101 }
12-17 19:35:25.744  4492  4492 W ViewRootImpl[LauncherUI]: Cancelling event due to no window focus: KeyEvent { action=ACTION_UP, keyCode=KEYCODE_BACK, scanCode=0, metaState=0, flags=0x68, hwFlags=0x3, repeatCount=0, eventTime=123123342, downTime=123123305, deviceId=-1, source=0x101 }
12-17 19:35:25.745  4492  4492 W ViewRootImpl[LauncherUI]: Cancelling event due to no window focus: KeyEvent { action=ACTION_UP, keyCode=KEYCODE_BACK, scanCode=0, metaState=0, flags=0x68, hwFlags=0x3, repeatCount=0, eventTime=123123342, downTime=123123305, deviceId=-1, source=0x101 }
12-17 19:35:25.745  4690  4690 D KeyEvent: obtain, mHwFlags=-1291845632
12-17 19:35:25.746  4492  4492 I SendBroadcastPermission: action:com.tencent.mm.ui.ACTION_DEACTIVE, mPermissionType:0
12-17 19:35:25.747  1795  6986 I HwActivityManagerService: keyAppBroadcastQueueForIntent intent Intent { act=com.tencent.mm.ui.ACTION_DEACTIVE flg=0x10 (has extras) } on bgkeyapp queue
12-17 19:35:25.748  4492  4492 I SendBroadcastPermission: action:com.tencent.mm.ui.ACTION_DEACTIVE, mPermissionType:0
12-17 19:35:25.750  1795  3139 I HwActivityManagerService: keyAppBroadcastQueueForIntent intent Intent { act=com.tencent.mm.ui.ACTION_DEACTIVE flg=0x10 (has extras) } on bgkeyapp queue
12-17 19:35:25.753  1795  3884 V SecInputMethodManagerService: Client requesting input be hidden, pid=4492
12-17 19:35:25.754  1795 17831 V InputMethodManagerService: Client requesting input be hidden, pid=4492
12-17 19:35:25.756  4492  4492 I SendBroadcastPermission: action:com.tencent.mm.ui.ACTION_DEACTIVE, mPermissionType:0
12-17 19:35:25.757  1795  6988 I HwActivityManagerService: keyAppBroadcastQueueForIntent intent Intent { act=com.tencent.mm.ui.ACTION_DEACTIVE flg=0x10 (has extras) } on bgkeyapp queue
12-17 19:35:25.758  4492  4492 I SendBroadcastPermission: action:com.tencent.mm.ui.ACTION_DEACTIVE, mPermissionType:0
12-17 19:35:25.759  1795  3253 I HwActivityManagerService: keyAppBroadcastQueueForIntent intent Intent { act=com.tencent.mm.ui.ACTION_DEACTIVE flg=0x10 (has extras) } on bgkeyapp queue
12-17 19:35:25.767  4492  4492 I SendBroadcastPermission: action:com.tencent.mm.ui.ACTION_DEACTIVE, mPermissionType:0
12-17 19:35:25.768  1795  2778 I HwActivityManagerService: keyAppBroadcastQueueForIntent intent Intent { act=com.tencent.mm.ui.ACTION_DEACTIVE flg=0x10 (has extras) } on bgkeyapp queue
12-17 19:35:25.773  1795 15982 I ActivityManager_activity: Moving to PAUSED: ActivityRecord{5f12a6a u0 com.tencent.mm/.ui.LauncherUI t383} (pause complete)
12-17 19:35:25.775   533  3739 E ANDR-PERF-MPCTL: Invalid profile no. 0, total profiles 0 only
12-17 19:35:25.778  3180  3332 I ScenarioAction: new ScenarioAction sPoolSize: 0
12-17 19:35:25.787  1795 15982 I WindowManager: Taking screenshot from Surface with crop:[Rect(0, 72 - 1080, 1800)], width:[648], height:[1036], minLayer:[21005], maxLayer:[21005], inRotation:[false], rot:[0]
12-17 19:35:25.809  1795 15982 I ActivityManager_activity: completedResumed: ActivityRecord{930e418 u0 com.huawei.android.launcher/.unihome.UniHomeLauncher t297}, launchTrack: activityPaused resumeTopComplete
12-17 19:35:25.811  4492  4492 W ViewRootImpl[LauncherUI]: Cancelling event due to no window focus: KeyEvent { action=ACTION_UP, keyCode=KEYCODE_BACK, scanCode=0, metaState=0, flags=0x68, hwFlags=0x3, repeatCount=0, eventTime=123123342, downTime=123123305, deviceId=-1, source=0x101 }
12-17 19:35:25.811  4492  4492 W ViewRootImpl[LauncherUI]: Cancelling event due to no window focus: KeyEvent { action=ACTION_UP, keyCode=KEYCODE_BACK, scanCode=0, metaState=0, flags=0x68, hwFlags=0x3, repeatCount=0, eventTime=123123342, downTime=123123305, deviceId=-1, source=0x101 }
