12-17 19:33:42.520  1046  1046 I Huawei_audio_cust: huawei_audio huawei_choose_HandsFree_device_incall_forHWtest: test Type =4
12-17 19:33:42.520  1046  1046 I Huawei_audio_cust: huawei_audio huawei_choose_Handset_device_incall_forHWtest: test Type =4
12-17 19:33:42.520  1046  1046 I Huawei_audio_cust: get_spk_pa_type: pa is max98925
12-17 19:33:42.520  1046  1046 I Huawei_audio_cust: huawei_common_set_parameters: exit with code(0)
12-17 19:33:42.520  1046  1046 V Huawei_audio_cust: huawei_cust_set_parameters: exit with code(0)
12-17 19:33:42.520  1046  1046 V msm8916_platform: platform_set_parameters: enter: - screen_state=on
12-17 19:33:42.520  1046  1046 V msm8916_platform: platform_set_parameters: exit with code(0)
12-17 19:33:42.520  1795 11747 D PowerManagerService: ready=false,policy=3,wakefulness=1,wksummary=0x11,uasummary=0x1,bootcompleted=true,boostinprogress=false,waitmodeenable=false,mode=true,manual=33,auto=-1,adj=0.0userId=0
12-17 19:33:42.520  1046  1046 D audio_hw_extn: audio_extn_set_anc_parameters: anc_enabled:0
12-17 19:33:42.521  1046  1046 D audio_hw_spkr_prot: audio_extn_fbsp_set_parameters: Speaker protection disabled
12-17 19:33:42.521  1046  1046 V audio_hw_primary: adev_set_parameters: exit with code(0)
12-17 19:33:42.521  1795  3884 D PowerManagerService: ready=false,policy=3,wakefulness=1,wksummary=0x11,uasummary=0x1,bootcompleted=true,boostinprogress=false,waitmodeenable=false,mode=true,manual=33,auto=-1,adj=0.0userId=0
12-17 19:33:42.522  1795  3139 D PowerManagerService: ready=false,policy=3,wakefulness=1,wksummary=0x11,uasummary=0x1,bootcompleted=true,boostinprogress=false,waitmodeenable=false,mode=true,manual=33,auto=-1,adj=0.0userId=0
12-17 19:33:42.522  1795  3253 D PowerManagerService: ready=false,policy=3,wakefulness=1,wksummary=0x11,uasummary=0x1,bootcompleted=true,boostinprogress=false,waitmodeenable=false,mode=true,manual=33,auto=-1,adj=0.0userId=0
12-17 19:33:42.523  1795  1795 I AlarmManager: remove(PendingIntent{2f9e644: PendingIntentRecord{527f32d android broadcastIntent}}) changed bounds; rebatching
12-17 19:33:42.526  2852  2852 I StatusBar: onNotificationPosted: StatusBarNotification(pkg=com.huawei.health user=UserHandle{0} id=10010 tag=null key=0|com.huawei.health|10010|null|10099: Notification(pri=0 contentView=null vibrate=null sound=null defaults=0x0 flags=0x62 color=0x00000000 vis=PRIVATE)) important=2, post=1481974422511, when=1481531589202, vis=0, userid=0
12-17 19:33:42.527  2852  3556 I NetworkController.MobileSignalController(0): onSignalStrengthsChanged signalStrength=SignalStrength: -60 0 -1 255 -1 255 -1 255 255 99 2147483647 2147483647 2147483647 2147483647 2147483647 false gw|lte level=5 isSuspend=false levelOld=5,mSignalStrength level=5
12-17 19:33:42.527  1795  3110 I SendBroadcastPermission: action:android.intent.action.SIG_STR, mPermissionType:0
12-17 19:33:42.527  2852  2852 D StatusBar: updateNotification(StatusBarNotification(pkg=com.huawei.health user=UserHandle{0} id=10010 tag=null key=0|com.huawei.health|10010|null|10099: Notification(pri=0 contentView=null vibrate=null sound=null defaults=0x0 flags=0x62 color=0x00000000 vis=PRIVATE)))
12-17 19:33:42.527  2852  2852 D HwCust  : Create obj success use class android.app.HwCustNotificationImpl
12-17 19:33:42.528  2852  2914 I HwMobileSignalController: updateSignalStrength: signalStrength=SignalStrength: -60 0 -1 255 -1 255 -1 255 255 99 2147483647 2147483647 2147483647 2147483647 2147483647 false gw|lte
12-17 19:33:42.528  1795 16498 I WindowManger_keyguard: Setting mDismissKeyguard true by win Window{e6a6b5e u0 com.android.incallui/com.android.incallui.InCallActivity}
12-17 19:33:42.528  2852  2852 I StatusBarIconView: updateTint: tint=0
12-17 19:33:42.529  1795  1795 D HwPFWLogger: PFW.HwPFWService:mBroadcastReceiver action = android.intent.action.SCREEN_ON
12-17 19:33:42.529  3858  4126 I amsnl   : csr
12-17 19:33:42.529  3858  4126 I amsnl   : t:false, fl: false, p: 2147483647000, ce: true, we: true
12-17 19:33:42.530  1795  2708 D HwPFWLogger: PFW.HwPFWService:handle PFW_MSG_SYSTEM
12-17 19:33:42.530  1795  2708 D HwPFWLogger: PFW.HwPFWAppRestartPolicy:receive action = android.intent.action.SCREEN_ON
12-17 19:33:42.531  2852  2852 D StatusBar: No peeking: unimportant notification: 0|com.huawei.health|10010|null|10099
12-17 19:33:42.531  2852  2852 D StatusBar: applyInPlace=true shouldPeek=false alertAgain=true
12-17 19:33:42.531  2852  2852 I NotificationGroupManager: onEntryUpdated:0|com.huawei.health|10010|null|10099
12-17 19:33:42.531  2852  2852 I NotificationGroupManager: onEntryAdded:0|com.huawei.health|10010|null|10099, group=0|com.huawei.health|10010|null|10099
12-17 19:33:42.531  2852  2852 D StatusBar: reusing notification for key: 0|com.huawei.health|10010|null|10099
12-17 19:33:42.532  2852  2852 D HwCust  : Create obj success use class android.app.HwCustNotificationImpl
12-17 19:33:42.532  1795 17831 D wifiserviceimpl: netmask =16580607
12-17 19:33:42.532  1795  1795 I MQoS    : onSignal: mSubId=0,currDataSubID=0
12-17 19:33:42.532  1795  1795 I MQoS    : received cell-signal:5
12-17 19:33:42.532  2852  2852 D HwCust  : Create obj success use class android.app.HwCustNotificationImpl
12-17 19:33:42.532  3858  4126 I amsnl   : m1: false
12-17 19:33:42.533  2852  2852 I StatusBarIconView: updateTint: tint=0
12-17 19:33:42.533  1795  1795 D WifiService: onReceive, action:android.intent.action.SCREEN_ON
12-17 19:33:42.533  1795  2396 W ActivityManager: getRunningAppProcesses: caller 10009 does not hold REAL_GET_TASKS; limiting output
12-17 19:33:42.534  2852  2914 I HwMobileSignalController: subId:0 phoneType:1 networktype:16 targetClass:1 masterLevel:5 slaveLevel:-1
12-17 19:33:42.534  1795  2670 D WifiController: DeviceActiveState{ when=-2ms what=155650 target=com.android.internal.util.StateMachine$SmHandler }
12-17 19:33:42.534  1795  2670 D WifiController: StaEnabledState what=155650
12-17 19:33:42.534  1795  2670 D WifiController: DefaultState what=155650
12-17 19:33:42.535  1795  2670 I AlarmManager: remove(PendingIntent{50e3a01: PendingIntentRecord{a8130a6 android broadcastIntent}}) changed bounds; rebatching
12-17 19:33:42.535  1795  1795 D HwArpVerifier: startWifiRouteCheck
12-17 19:33:42.538  3858  4126 I amsnl   : m2: false, m3: false
12-17 19:33:42.539  1795  1795 D WifiProStatisticsManager: sendScreenOnEvent enter.
12-17 19:33:42.539  1795  2733 D WiFi_PRO_WifiProStateMachine: device screen on,but isScreenOffMonitor is false
12-17 19:33:42.539  1795  2734 D WifiProStatisticsManager: msg Loop is running.
12-17 19:33:42.539  3858  4126 I amsnl   : c: true, w: true, t: false, l: false
12-17 19:33:42.541  2852  2852 I HwPhoneStatusBar: updateNotificationShade
12-17 19:33:42.541  2852  2852 I PhoneStatusBar: updateNotificationShade
12-17 19:33:42.541  2852  2852 I PhoneStatusBar: removeNotificationChildren
12-17 19:33:42.541  2852  2852 I HwNotificationIconAreaController: showNotificationAll
12-17 19:33:42.542  3608  3608 D InCall  : CallCardFragment - onGlobalLayout
12-17 19:33:42.544  2852  2852 I NotificationContentView: transferRemoteInputFocus: 0
12-17 19:33:42.544  3608  3608 I InCall  : CallList - hasAnyLiveCall call = [Call_10, ACTIVE, [Capabilities: CAPABILITY_HOLD CAPABILITY_SUPPORT_HOLD CAPABILITY_MUTE CAPABILITY_CANNOT_DOWNGRADE_VIDEO_TO_AUDIO], children:[], parent:null, conferenceable:[], videoState:Audio Only, mSessionModificationState:0, VideoSettings:(CameraDir:-1)]
12-17 19:33:42.544  3608  3608 I InCall  : ProximitySensor - isDisplayOn: true
12-17 19:33:42.544  2852  2852 I NotificationContentView: transferRemoteInputFocus: 0
12-17 19:33:42.545  2852  2852 I StackScrollAlgorithm: overlapAmount:763.6, previousNotificationEnd:607.0, newYTranslation:-156.59998, location:2, i:1, getTopPadding:499.0, getLocationOnScreen():-36
12-17 19:33:42.545  2852  2852 I StackScrollAlgorithm: updateClipping isOverlap:true
12-17 19:33:42.545  2852  2852 I StackScrollAlgorithm: updateDimmedActivatedHideSensitive overlap:true
12-17 19:33:42.546  1795 11747 D PowerManagerService: ready=false,policy=3,wakefulness=1,wksummary=0x11,uasummary=0x1,bootcompleted=true,boostinprogress=false,waitmodeenable=false,mode=true,manual=33,auto=-1,adj=0.0userId=0
12-17 19:33:42.546  1795  3139 I qti_sensors_hal: flush,395,handle 0
12-17 19:33:42.546  1795  3139 I qti_sensors_hal: flush,260 handle 0
12-17 19:33:42.547  1795  1795 I EyeProtectionControllerImpl: onReceive intent action = android.intent.action.SCREEN_ON
12-17 19:33:42.547  1795  1821 I ActivityManager_activity: Incall is gone
12-17 19:33:42.547  1795  1821 I ActivityManager_activity: windowsGone(): ActivityRecord{b46dc67 u0 com.android.incallui/.InCallActivity t310}
12-17 19:33:42.547  1795  1821 I WindowManger_keyguard: Setting mDismissKeyguard true by win Window{e6a6b5e u0 com.android.incallui/com.android.incallui.InCallActivity}
12-17 19:33:42.550  1795  2736 D HwInnerWifiManagerImpl: SupplicantState = COMPLETED
12-17 19:33:42.550  1795  2736 D HwInnerWifiManagerImpl: isPhoneAP = false
12-17 19:33:42.553  3218  3218 E HW-JPEG-DEC: [HME_JPEG_DEC_Delete](3298): HME_JPEG_DEC_Delete: decoder_ctx=null
12-17 19:33:42.553  2883  2883 D HwKeyguardManagerImpl: isLockScreenDisabled HwKeyguardManagerImpl result = false
12-17 19:33:42.554  1795 17831 D PowerManagerService: acquire lock=184063844, flags=0x1, tag="NetworkStats", name=android, ws=null, uid=1000, pid=1795
12-17 19:33:42.554  1795 17831 D PowerManagerService: ready=false,policy=3,wakefulness=1,wksummary=0x11,uasummary=0x1,bootcompleted=true,boostinprogress=false,waitmodeenable=false,mode=true,manual=33,auto=-1,adj=0.0userId=0
12-17 19:33:42.555  3218  7071 W PhoneInterfaceManager: shouldBlockLocation running ...
12-17 19:33:42.555  3218  7071 I PhoneInterfaceManager: shouldBlockLocation  ret:false
12-17 19:33:42.557  1795 17831 D NetdConnector: SND -> {11630 bandwidth gettetherstats}
12-17 19:33:42.559  1795  2665 D NetdConnector: RCV <- {200 11630 Tethering stats list completed}
12-17 19:33:42.560  1795  2665 D NetdConnector: RCV <- {200 11630 Tethering stats list completed}
12-17 19:33:42.561  2883  2883 I HwSystemManager: AutoCleanReceiveServer:receive action:android.intent.action.SCREEN_ON
12-17 19:33:42.561  1795  2736 E hwintelligencewifi: getCurrentCellid type type = PHONE_TYPE_GSM
12-17 19:33:42.561  1795  2736 E hwintelligencewifi: getCurrentCellid type is PHONE_TYPE_GSM
12-17 19:33:42.562  1795 17831 W NetworkStatsFactory: mStatsXtProcUid: /proc/net/comm/stats does not exist!
12-17 19:33:42.563  1795 17831 D HwNetworkStatsService: mActiveIface: null
12-17 19:33:42.564  1795 17831 I SendBroadcastPermission: action:com.android.server.action.NETWORK_STATS_UPDATED, mPermissionType:0
12-17 19:33:42.565  3168  3168 I CHR_ChrDataServiceTracker: handledataswitchchanged
12-17 19:33:42.566  1795  2736 E hwintelligencewifi: getCurrentCellid PHONE_TYPE_GSM cellidString = 460003645
12-17 19:33:42.566  1795  2736 E hwintelligencewifi: updataApInfo cellid =460003645
12-17 19:33:42.566  1795  2736 E hwintelligencewifi: addCurrentApInfo cellid =460003645
12-17 19:33:42.566  1795 17831 I HwActivityManagerService: Split enqueueing broadcast [callerApp]:ProcessRecord{34bf34f 0:system/1000}
12-17 19:33:42.566  1795 17831 D PowerManagerService: release:lock=184063844, flg=0x0, tag="NetworkStats", name=android", ws=null, uid=1000, pid=1795
12-17 19:33:42.567  1795 17831 D PowerManagerService: ready=false,policy=3,wakefulness=1,wksummary=0x11,uasummary=0x1,bootcompleted=true,boostinprogress=false,waitmodeenable=false,mode=true,manual=33,auto=-1,adj=0.0userId=0
12-17 19:33:42.567  1795  3077 D GnssLocationProvider: receive broadcast intent, action: android.intent.action.SCREEN_ON
12-17 19:33:42.567  1795  3077 I GnssLocationProvider: updateLowPowerMode,isPowerSaveMode:falseisInteractive:true
12-17 19:33:42.567  1795  3077 I GnssLocationProvider: disableGps:false  isEnabled()=true
12-17 19:33:42.574  2852  3556 I NetworkController.MobileSignalController(0): onDataActivity: direction=0
