12-17 19:32:06.725  1795  2750 D HW_DISPLAY_EFFECT: presently, hw_update_color_temp_for_rg_led interface not achieved.
12-17 19:32:06.775  1795  2750 D HW_DISPLAY_EFFECT: presently, hw_update_color_temp_for_rg_led interface not achieved.
12-17 19:32:06.778  1795  2332 I qti_sensors_hal: [ACC]processReportInd: X: 9.492703 Y: 5.375418 Z: 1.274632  x_offset:0.160831 y_offset:0.184366 z_offset:0.985027
12-17 19:32:06.780  1795  2748 D HwAmbientLuxFilterAlgo: earliestValidTime + POWER_ON_BRIGHTENING_LIGHT_DEBOUNCE
12-17 19:32:06.780  1795  2748 D HwAmbientLuxFilterAlgo: earliestValidTime + POWER_ON_DARKENING_LIGHT_DEBOUNCE
12-17 19:32:06.792  1795  2750 D HW_DISPLAY_EFFECT: presently, hw_update_color_temp_for_rg_led interface not achieved.
12-17 19:32:06.801  3180  3180 E libc    : Access denied finding property "persist.sys.smart_power"
12-17 19:32:06.801  3180  3180 E libc    : Access denied finding property "persist.sys.smart_power"
12-17 19:32:06.825  1795  2750 D HW_DISPLAY_EFFECT: presently, hw_update_color_temp_for_rg_led interface not achieved.
12-17 19:32:06.839  1795  2332 I qti_sensors_hal: [ACC]processReportInd: X: 8.810254 Y: 5.389594 Z: -0.503711  x_offset:0.160831 y_offset:0.184366 z_offset:0.985027
12-17 19:32:06.852  2852  2852 I NetworkController.WifiSignalController: Change in state from: connected=true,enabled=true,level=4,inetCondition=1,iconGroup=IconGroup(Wi-Fi Icons),activityIn=false,activityOut=false,rssi=-48,lastModified=12-17 07:32:00,isChaged:false,wifiNoInternet=false,ssid="Huawei-Employee"
12-17 19:32:06.852  2852  2852 I NetworkController.WifiSignalController: 	to: connected=true,enabled=true,level=4,inetCondition=1,iconGroup=IconGroup(Wi-Fi Icons),activityIn=true,activityOut=true,rssi=-48,lastModified=12-17 07:32:00,isChaged:false,wifiNoInternet=false,ssid="Huawei-Employee"
12-17 19:32:06.852  2852  2852 I SignalClusterView: mWifiVisible is:truemWifiStrengthId is:2130839427mWifiDescription is:WLAN 信号强度满格。
12-17 19:32:06.854  2852  2852 D NetWorkUtils: mVSimCurCardType is -1
12-17 19:32:06.855  2852  2852 I HwSignalClusterView: apply hwPhoneState.mSubId:0 anyMobileVisible:false mIsAirplaneMode:false, mobileGroupVisible=true
12-17 19:32:06.857  2852  2852 I SignalClusterView: mWifiVisible is:truemWifiStrengthId is:2130839427mWifiDescription is:WLAN 信号强度满格。
12-17 19:32:06.857  2852  2852 D NetWorkUtils: mVSimCurCardType is -1
12-17 19:32:06.858  2852  2852 I HwSignalClusterView: apply hwPhoneState.mSubId:0 anyMobileVisible:false mIsAirplaneMode:false, mobileGroupVisible=true
12-17 19:32:06.859  2852  2852 I SignalClusterView: applyIconTint ignore
12-17 19:32:06.874  1795  2750 D HW_DISPLAY_EFFECT: presently, hw_update_color_temp_for_rg_led interface not achieved.
12-17 19:32:06.891  1795  2750 D HW_DISPLAY_EFFECT: presently, hw_update_color_temp_for_rg_led interface not achieved.
12-17 19:32:06.899  1795  2332 I qti_sensors_hal: [ACC]processReportInd: X: 7.282773 Y: 4.878226 Z: -0.632190  x_offset:0.160831 y_offset:0.184366 z_offset:0.985027
12-17 19:32:06.924  1795  2750 D HW_DISPLAY_EFFECT: presently, hw_update_color_temp_for_rg_led interface not achieved.
12-17 19:32:06.951  1795  1795 D Sensors : batch called handle:2 sample_ns:20000000 latency_ns:0
12-17 19:32:06.951  1795  1795 D Sensors : pa2240-proximity calling driver setDelay 20 ms
12-17 19:32:06.951  1795  1795 E huawei_ProximitySensor_CPP_Test: write 20 failed
12-17 19:32:06.960  1795  2332 I qti_sensors_hal: [ACC]processReportInd: X: 7.187299 Y: 5.133444 Z: 0.238351  x_offset:0.160831 y_offset:0.184366 z_offset:0.985027
12-17 19:32:06.973  1795  1825 I PowerManager_screenOn: DisplayPowerController updatePowerState mPendingRequestLocked=policy=BRIGHT, useProximitySensor=true, useProximitySensorbyPhone=true, screenBrightness=33, screenAutoBrightnessAdjustment=0.0, brightnessSetByUser=true, useAutoBrightness=true, blockScreenOn=false, lowPowerMode=false, boostScreenBrightness=false, dozeScreenBrightness=-1, dozeScreenState=UNKNOWN, useTwilight=false, useSmartBacklight=true, brightnessWaitMode=false, brightnessWaitRet=true, screenAutoBrightness=-1, userId=0
12-17 19:32:06.974  1795  1825 D DisplayPowerController: Animating brightness: target=28, rate=40
12-17 19:32:06.974  1795  1825 D DisplayPowerController: Finished business...
12-17 19:32:06.974  1795  2750 D HW_DISPLAY_EFFECT: presently, hw_update_color_temp_for_rg_led interface not achieved.
12-17 19:32:06.974  1795  1825 D FpDataCollector: case xxx, not a fingerprint unlock 
12-17 19:32:07.081  1795  2748 D HwAmbientLuxFilterAlgo: earliestValidTime + POWER_ON_BRIGHTENING_LIGHT_DEBOUNCE
12-17 19:32:07.081  1795  2748 D HwAmbientLuxFilterAlgo: earliestValidTime + POWER_ON_DARKENING_LIGHT_DEBOUNCE
12-17 19:32:07.096  2852  2852 D DateTimeView: Change to single clock mode!
12-17 19:32:07.100  2852  2852 D DateTimeView: Change to single clock mode!
12-17 19:32:07.186  1795  2371 E LightSensor: read Events lux: 14.0
12-17 19:32:07.187  1795  1825 D AutomaticBrightnessController: ambient lux=14.0,timeStamp =442863549325000
12-17 19:32:07.196  1795  1795 I TrafficMonitor: update:rxPkts:2,txPkts:2,rxBytes:127,txBytes:111
12-17 19:32:07.196  1795  1795 I TrafficMonitor: start expired. level:-1
12-17 19:32:07.196  1795  1795 I TrafficMonitor: gettimer:interval=2000
12-17 19:32:07.382  1795  2748 D HwAmbientLuxFilterAlgo: earliestValidTime + POWER_ON_BRIGHTENING_LIGHT_DEBOUNCE
12-17 19:32:07.382  1795  2748 D HwAmbientLuxFilterAlgo: earliestValidTime + POWER_ON_DARKENING_LIGHT_DEBOUNCE
12-17 19:32:07.427 31949 31967 W TCP     : tcp.conn{4787} TcpSocket.connect(TcpSocket.java:59) <<< WARN(5) >>> java.net.UnknownHostException: Unable to resolve host "uc.huawei.com": No address associated with hostname
12-17 19:32:07.430 31949 31967 E TCP     : tcp.conn{4787} TcpClientThread.connectSocket(TcpClientThread.java:353) <<< ERROR(6) >>> connect fail to uc.huawei.com:7801
12-17 19:32:07.432 31949 31967 I TCP     : tcp.conn{4787} TcpClientThread.onSocketUnreachable(TcpClientThread.java:386) unreachable to uc.huawei.com:7801
12-17 19:32:07.433 31949 31967 I TCP     : tcp.conn{4787} TcpClientThread.onRecv(TcpClientThread.java:522) tcp connection event TCP_UNREACHABLE
12-17 19:32:07.539  1795  2371 E LightSensor: read Events lux: 12.0
12-17 19:32:07.540  1795  1825 D AutomaticBrightnessController: ambient lux=12.0,timeStamp =442863902880000
12-17 19:32:07.578  1795  2728 D HwArpVerifier: performPollAndLog:
12-17 19:32:07.585  1795  2728 D hw_netstat: total/127/111,unknown:0/127/59,com.huawei.espacev2/0/52
12-17 19:32:07.587  1795  2728 E HwCHRWebMonitor: WebMonitor [mNetWorkIsSuck=0 mUIDIsSuck=]  WebSpeed [WEBSENDSEGS=0  WEBRESENDSEGS=0  WEBRECVSEGS=0  WEBERRSEGS=0  WEBOUTRSTS=0  WEBESTABLISRST=0  WEBRTTDURATION=0  WEBRTTSEGS=0  WEBSRTT=250  WEBSNDDUPACKS=0  SENDSEGS=1  RESENDSEGS=0  RECVSEGS=1  ERRSEGS=0  OUTRSTS=0  ESTABLISRST=0  RTTDURATION=0  RTTSEGS=0  SNDDUPACKS=0  suckTimes=0 recovage_times=0]
12-17 19:32:07.587  1795  2728 E HwCHRWifiRSSIGroupSummery: updateTcpSummery mRSSI:-57  HwCHRWifiRSSIGroup [rssi_index=4, rtt_tcp_packets=64, rtt_tcp_duration=525, rtt_lan_duration=154, rtt_lan_failures=0, rtt_lan_succ=3, rtt_lan_max=124, rtt_lan_min=14,same_area_frequency=0,adjacent_area_frequency=0]
12-17 19:32:07.587  1795  2728 D WifiHW  : wifi_send_command: cmd:'IFNAME=wlan0 PKTCNT_POLL'
12-17 19:32:07.588  5215  5215 D wpa_supplicant: wlan0: Control interface command 'PKTCNT_POLL'
12-17 19:32:07.602  5215  5215 D wpa_supplicant: CTRL-DEBUG: global_ctrl_sock-sendto: sock=16 sndbuf=229376 outq=0 send_len=34
12-17 19:32:07.603  1795  2728 E HwCHRWebMonitor: HwCHRWifiPacketCnt [mTXGood=2, mTXbad=0, mRXGood=2] rssi=-57
12-17 19:32:07.605  1795  2728 E HwCHRWebMonitor: running processName=com.android.incallui
12-17 19:32:07.605  1795  2728 D HwArpVerifier: doCheckAccessInternet
12-17 19:32:07.606  1795  2728 D HwArpVerifier: mAccessWebStatus : rx = 0, tx = 0
12-17 19:32:07.606  1795  2728 D HwArpVerifier: getDNSFailedCntDiff  dnsNewFailCnt =  1001, aws.getOldDnsFailedCnt() = 1001, dnsDiff = 0
12-17 19:32:07.679   633   692 I eSpaceService: Watch Thread{4481} WatchThread.onLoop(WatchThread.java:94) watch thread onLoop... 
12-17 19:32:07.682   633   692 I eSpaceService: Watch Thread{4481} WatchThread.onLoop(WatchThread.java:98) watch thread onLoop...--》 iWatched.doWatch() 
12-17 19:32:07.683  1795  2748 D HwAmbientLuxFilterAlgo: earliestValidTime + POWER_ON_BRIGHTENING_LIGHT_DEBOUNCE
12-17 19:32:07.683  1795  2748 D HwAmbientLuxFilterAlgo: earliestValidTime + POWER_ON_DARKENING_LIGHT_DEBOUNCE
12-17 19:32:07.708  5224  5283 I Step_LSC: 20002302|MSG_RECORD_DATA_TO_FILE_DELAY,mCache com.huawei.health.manager.a.c@d8a737
12-17 19:32:07.709  5224  5283 I Step_LSC: 20002302|MSG_RECORD_DATA_TO_FILE_DELAY datas.size()=8372
12-17 19:32:07.746  1795  1795 I MQoS    : onSignal: mSubId=0,currDataSubID=0
12-17 19:32:07.746  1795  1795 I MQoS    : received cell-signal:5
12-17 19:32:07.746  3858  4126 I amsnl   : csr
12-17 19:32:07.746  1795  3110 I SendBroadcastPermission: action:android.intent.action.SIG_STR, mPermissionType:0
12-17 19:32:07.746  2852  3556 I NetworkController.MobileSignalController(0): onSignalStrengthsChanged signalStrength=SignalStrength: -65 0 -1 255 -1 255 -1 255 255 99 2147483647 2147483647 2147483647 2147483647 2147483647 false gw|lte level=5 isSuspend=false levelOld=5,mSignalStrength level=5
12-17 19:32:07.747  3858  4126 I amsnl   : t:false, fl: false, p: 2147483647000, ce: true, we: true
12-17 19:32:07.747  2852  2914 I HwMobileSignalController: updateSignalStrength: signalStrength=SignalStrength: -65 0 -1 255 -1 255 -1 255 255 99 2147483647 2147483647 2147483647 2147483647 2147483647 false gw|lte
12-17 19:32:07.748  1795  6988 D wifiserviceimpl: netmask =16580607
12-17 19:32:07.748  3858  4126 I amsnl   : m1: false
12-17 19:32:07.750  1795  2396 W ActivityManager: getRunningAppProcesses: caller 10009 does not hold REAL_GET_TASKS; limiting output
12-17 19:32:07.750  3858  4126 I amsnl   : m2: false, m3: false
12-17 19:32:07.750  2852  2914 I HwMobileSignalController: subId:0 phoneType:1 networktype:16 targetClass:1 masterLevel:5 slaveLevel:-1
12-17 19:32:07.751  3858  4126 I amsnl   : c: true, w: true, t: false, l: false
12-17 19:32:07.787  1795  2371 E huawei_ProximitySensor_CPP_Test: ProximitySensor: 9 is far event,0 is close event,value = 0.000000
12-17 19:32:07.787  1795  2371 I huawei_ProximitySensor_CPP_Test: readEvents:345: ProximitySensor: getTimestamp,mPendingEvent.timestamp =1482899520 
12-17 19:32:07.787  1795  1825 D DisplayPowerController: handleProximitySensorEvent positive:true
12-17 19:32:07.787  1795  1825 I PowerManager_screenOn: DisplayPowerController updatePowerState mPendingRequestLocked=policy=BRIGHT, useProximitySensor=true, useProximitySensorbyPhone=true, screenBrightness=33, screenAutoBrightnessAdjustment=0.0, brightnessSetByUser=true, useAutoBrightness=true, blockScreenOn=false, lowPowerMode=false, boostScreenBrightness=false, dozeScreenBrightness=-1, dozeScreenState=UNKNOWN, useTwilight=false, useSmartBacklight=true, brightnessWaitMode=false, brightnessWaitRet=true, screenAutoBrightness=-1, userId=0
12-17 19:32:07.788  1795  1825 D DisplayPowerController: Animating brightness: target=28, rate=40
12-17 19:32:07.788  1795  1825 I PowerManager_screenOn: PowerManagerService goToSleepNoUpdateLocked: eventTime=123040960, reason=7, flags=0, uid=1000
12-17 19:32:07.788  1795  1825 I PowerManagerService: Going to sleep due to proximity...
12-17 19:32:07.788  1795  1825 I PowerManager_screenOn: PowerManagerNotifier onWakefulnessChangeStarted: wakefulness=3, reason=7, interactive=false, mInteractive=true, mInteractiveChanging=false
12-17 19:32:07.788  1795  1825 I PowerManager_screenOn: PowerManagerServiceonProximityPositivebyPhone -> updatePowerStateLocked
12-17 19:32:07.788  1795  1825 D PowerManagerService: ready=true,policy=3,wakefulness=3,wksummary=0x10,uasummary=0x1,bootcompleted=true,boostinprogress=false,waitmodeenable=false,mode=true,manual=33,auto=-1,adj=0.0userId=0
12-17 19:32:07.788  1795  1825 E PowerManagerService: startDreaming = true
12-17 19:32:07.789  1795  1825 D PowerManagerService: reallyGoToSleepNoUpdateLocked: eventTime=123040960, uid=1000
12-17 19:32:07.789  1795  1825 I PowerManagerService: Sleeping (uid 1000)...
12-17 19:32:07.789  1795  1825 I PowerManager_screenOn: PowerManagerNotifier onWakefulnessChangeStarted: wakefulness=0, reason=2, interactive=false, mInteractive=false, mInteractiveChanging=true
12-17 19:32:07.789  1795  1825 D PowerManagerService: ready=false,policy=0,wakefulness=0,wksummary=0x10,uasummary=0x0,bootcompleted=true,boostinprogress=false,waitmodeenable=false,mode=true,manual=33,auto=-1,adj=0.0userId=0
12-17 19:32:07.789  1795  1825 I PowerManager_screenOn: DisplayPowerController updatePowerState mPendingRequestLocked=policy=OFF, useProximitySensor=true, useProximitySensorbyPhone=true, screenBrightness=33, screenAutoBrightnessAdjustment=0.0, brightnessSetByUser=true, useAutoBrightness=true, blockScreenOn=false, lowPowerMode=false, boostScreenBrightness=false, dozeScreenBrightness=-1, dozeScreenState=UNKNOWN, useTwilight=false, useSmartBacklight=true, brightnessWaitMode=false, brightnessWaitRet=true, screenAutoBrightness=-1, userId=0
12-17 19:32:07.791  1795  1795 D PowerManagerService: acquire lock=228612087, flags=0x1, tag="ActivityManager-Sleep", name=android, ws=null, uid=1000, pid=1795
12-17 19:32:07.791  1795  1795 D PowerManagerService: ready=false,policy=0,wakefulness=0,wksummary=0x11,uasummary=0x0,bootcompleted=true,boostinprogress=false,waitmodeenable=false,mode=true,manual=33,auto=-1,adj=0.0userId=0
12-17 19:32:07.791  1795  1795 D PowerManagerService: Acquiring suspend blocker "PowerManagerService.WakeLocks".
12-17 19:32:07.792  1795  1795 I ActivityManager_activity: Start pausing: ActivityRecord{b46dc67 u0 com.android.incallui/.InCallActivity t310}
