12-17 19:31:51.007  2852  2852 I PhoneStatusBar: setSystemUiVisibility vis=80000300 mask=ffffffff oldVal=c0000000 newVal=80000300 diff=40000300
12-17 19:31:51.007  2852  2852 I BarTransitions.HwPhoneStatusBarView: transitionTo: mode=MODE_OPAQUE, animate=false
12-17 19:31:51.007  2852  2852 D BarTransitions.HwPhoneStatusBarView: MODE_TRANSLUCENT -> MODE_OPAQUE animate=false
12-17 19:31:51.007  2852  2852 D BarTransitions.HwPhoneStatusBarView: applyModeBackground oldMode=MODE_TRANSLUCENT newMode=MODE_OPAQUE animate=false
12-17 19:31:51.008  2852  2852 I BarTransitions.HwNavigationBarView: transitionTo: mode=MODE_TRANSLUCENT, animate=false
12-17 19:31:51.008  2852  2852 I HwNavigationBarTransitions: transitionTo:mode=2, isEmuiStyle=false
12-17 19:31:51.008  2852  2852 I PhoneStatusBar: cancelAutohide
12-17 19:31:51.008  2852  2852 I PhoneStatusBar: notifyUiVisibilityChanged:vis=0x80000300, SystemUiVisibility=0x80000300
12-17 19:31:51.008 31949 31967 I TCP     : tcp.conn{4787} TcpClientThread.connectSocket(TcpClientThread.java:360) notify user tcp connected successully at 36828 to uc.huawei.com:7801
12-17 19:31:51.008  2852  2852 I PanelBar: collapsePanel:false
12-17 19:31:51.008  2852  2852 I PanelView: closeQs
12-17 19:31:51.008  2852  2852 I QSContainer: updateQsState:false
12-17 19:31:51.008  2852  2852 I QSContainer: updateQsState:false
12-17 19:31:51.008  2852  2852 I StackScroller: setScrollingEnabled: true
12-17 19:31:51.008  2852  2852 I PanelView: instantCollapse
12-17 19:31:51.008  2852  2852 I PanelBar: collapsePanel2
12-17 19:31:51.009 17238 17238 D Bth     : BtChrStatisticsManager:sendScreenOnEvent enter.
12-17 19:31:51.009 31949 31967 I TCP     : tcp.conn{4787} TcpClientThread.onRecv(TcpClientThread.java:522) tcp connection event TCP_CONNECTED
12-17 19:31:51.009 17238 17252 D Bth     : BtChrStatisticsManager:msg Loop is running.
12-17 19:31:51.014 31949 31967 I PushService: tcp.conn{4787} ServiceC.connectedNotify(ServiceC.java:289) 172.30.70.63
12-17 19:31:51.015 31949 31967 I ECS     : tcp.conn{4787} XmlMsg.encodeBuf(XmlMsg.java:215) SEND 100 bytes [16]_00_00_00_60_00_03_01_05_01_04_81_B4_00_00_00_00 cmdCode(CC_PCheckVersion.0x0501)msgType(MT_ARG.1)msgClass(MC_Push.5)sender(ST_Mobile.0)crypted(false)zipped(false)nobase64(true)length(96)version(3)sno(81B4)
12-17 19:31:51.018  2852  2852 I StackScrollAlgorithm: updateClipping isOverlap:false
12-17 19:31:51.018  2852  2852 I StackScrollAlgorithm: updateDimmedActivatedHideSensitive overlap:false
12-17 19:31:51.024 31949 31967 I TCP     : tcp.recv{4790} TcpClientThread.onReceiverWork(TcpClientThread.java:307) get tcp message 659
12-17 19:31:51.038  1795  3225 W ActivityManager: getRunningAppProcesses: caller 10105 does not hold REAL_GET_TASKS; limiting output
12-17 19:31:51.040  1795  1795 I WindowManger_keyguard: Finished going to sleep... (why=6)
12-17 19:31:51.040  1795  1809 I WindowManager: Finished screen turning on...
12-17 19:31:51.040  1795  1795 I WindowManger_keyguard: onFinishedGoingToSleep(6)
12-17 19:31:51.040  1795  1795 I WindowManger_keyguard: Started waking up...
12-17 19:31:51.040  1795  1795 I WindowOrientationListener: WindowOrientationListener enabled
12-17 19:31:51.040  1795  1825 I PowerManager_screenOn: DisplayPowerController Unblocked screen on after 569 ms
12-17 19:31:51.040  1795  1825 I PowerManager_screenOn: DisplayPowerController updatePowerState mPendingRequestLocked=policy=BRIGHT, useProximitySensor=true, useProximitySensorbyPhone=true, screenBrightness=33, screenAutoBrightnessAdjustment=0.0, brightnessSetByUser=true, useAutoBrightness=true, blockScreenOn=false, lowPowerMode=false, boostScreenBrightness=false, dozeScreenBrightness=-1, dozeScreenState=UNKNOWN, useTwilight=false, useSmartBacklight=true, brightnessWaitMode=false, brightnessWaitRet=true, screenAutoBrightness=-1, userId=0
12-17 19:31:51.040  2852  3344 D KeyguardService: Caller checkPermission fail
12-17 19:31:51.040  2852  3344 D KeyguardService: KGSvcCall onFinishedGoingToSleep.
12-17 19:31:51.040  1795  1825 I PowerManager_screenOn: DisplayPowerStatesetColorFadeLevel: level=1.0
12-17 19:31:51.040  2852  3344 D KeyguardViewMediator: onFinishedGoingToSleep(6)
12-17 19:31:51.040  2852  3344 D KeyguardViewMediator: notifyFinishedGoingToSleep
12-17 19:31:51.040  2852  3344 W AppHandler: sendMessage 15
12-17 19:31:51.040  1795  1795 I qti_sensors_hal: batch,376,handle 0, timeout:0 ,period_ns:66667000
12-17 19:31:51.040  1795  1795 I qti_sensors_hal: batch:sensor(android.sensor.accelerometer) handle:0 flags:0x0 period_ns 66667000
12-17 19:31:51.041  1795  1825 D DisplayPowerController: Animating brightness: target=15, rate=40
12-17 19:31:51.041  1795  2750 I PowerManager_screenOn: DisplayPowerState Updating screen state: state=ON, backlight=588
12-17 19:31:51.041  2852  2852 D KeyguardViewMediator: handleNotifyFinishedGoingToSleep
12-17 19:31:51.041  1795  1825 I PowerManager_screenOn: DisplayPowerController updatePowerState mPendingRequestLocked=policy=BRIGHT, useProximitySensor=true, useProximitySensorbyPhone=true, screenBrightness=33, screenAutoBrightnessAdjustment=0.0, brightnessSetByUser=true, useAutoBrightness=true, blockScreenOn=false, lowPowerMode=false, boostScreenBrightness=false, dozeScreenBrightness=-1, dozeScreenState=UNKNOWN, useTwilight=false, useSmartBacklight=true, brightnessWaitMode=false, brightnessWaitRet=true, screenAutoBrightness=-1, userId=0
12-17 19:31:51.041  2852  2852 I PhoneStatusBar: onFinishedGoingToSleep
12-17 19:31:51.041  1795  2750 I HwLightsService: back light level before map = 588
12-17 19:31:51.041  1795  1825 D DisplayPowerController: Animating brightness: target=15, rate=40
12-17 19:31:51.041  2852  2852 V KeyguardStatusView: Disable transport text marquee
12-17 19:31:51.041  2852  2852 V KeyguardUpdateMonitor: FingerStat Visible: false; Interactive: false; Switching: false; Bouncer:false; GoingToSleep: false Occluded: false; dreaming: false; Authenticated: false
12-17 19:31:51.042  2852  2852 W DisabledFeatureUtils: Dis-Feature : 0
12-17 19:31:51.042  2852  2852 E KeyguardUpdateMonitor: isSimPinSecure mSimDatas is null or empty 
12-17 19:31:51.043  2852  2852 W DisabledFeatureUtils: Dis-Feature : 0
12-17 19:31:51.043  2852  2852 E KeyguardUpdateMonitor: isSimPinSecure mSimDatas is null or empty 
12-17 19:31:51.043  1795  1806 I Security_fingerprint: FingerprintService getEnrolledFingerprints
12-17 19:31:51.043  2852  2852 V KeyguardUpdateMonitor: KGSvcFp startListeningForFingerprint()
12-17 19:31:51.043  2852  2852 I KeyguardUpdateMonitor: authenticate by 0 mode!
12-17 19:31:51.044  1795  3237 I Security_fingerprint: FingerprintService authenticate
12-17 19:31:51.044  1795  2326 W HwFingerprintService: setLivenessSwitch:start
12-17 19:31:51.044  1795  2326 W HwFingerprintService: checkNeedLivenessList:start
12-17 19:31:51.044  1795  2326 W HwFingerprintService: NEED_LIVENESS_AUTHENTICATION = 0
12-17 19:31:51.044  2852  2852 W KeyguardUpdateMonitor: Fingerprint RunningStateChanged. 1
12-17 19:31:51.044  2852  2852 W HwLockScreenPanel: Handle message: 15
12-17 19:31:51.045   835   835 I fingerprintd: FingerprintDaemonProxyEx::onTransact, code:1002
12-17 19:31:51.045   835   835 I fingerprintd: fingerprintd
12-17 19:31:51.045   835   835 I fingerprintd: FingerprintDaemonProxyEx::setLivenessSwitch
12-17 19:31:51.045   835   835 I fingerprintd: fingerprintdex--dev->need_liveness_authentication = false;
12-17 19:31:51.045  1795  2326 W HwFingerprintService: framework setLivenessSwitch is ok ---end
12-17 19:31:51.045  2852  2852 W CameraLayout: Cameralayout setVisibility. true false  2
12-17 19:31:51.045   835   835 I fingerprintd: FingerprintDaemonProxyEx::onTransact, code:7
12-17 19:31:51.045  2852  2852 D MagazineDetailView: resetPagerState
12-17 19:31:51.045   835   835 D fpc_fingerprint_hal: fpc_get_authenticator_id
12-17 19:31:51.045   835  2385 D fpc_fingerprint_hal: fpc poll irq interupt
12-17 19:31:51.045   835  2385 D fpc_fingerprint_hal: wait_finger_down, took 563 ms
12-17 19:31:51.045   835  2385 E libteec : begin
12-17 19:31:51.046   606  2379 E libteec : receive data len = 128
12-17 19:31:51.046   533  3739 E ANDR-PERF-MPCTL: Invalid profile no. 0, total profiles 0 only
12-17 19:31:51.050  1795  1795 I qti_sensors_hal: read from oem info: data_readback
12-17 19:31:51.050  1795  1795 I qti_sensors_hal: 0xcd, 0xb0, 0x24, 0x3e
12-17 19:31:51.050  1795  1795 I qti_sensors_hal: 0x66, 0xca, 0x3c, 0x3e
12-17 19:31:51.050  1795  1795 I qti_sensors_hal: 0xc0, 0x2a, 0x7c, 0x3f
12-17 19:31:51.050  1795  1795 I qti_sensors_hal: 0x55, 0x0, 0x0, 0x0
12-17 19:31:51.050  1795  1795 I qti_sensors_hal: 0x0, 0x0, 0x0, 0x0
12-17 19:31:51.050  1795  1795 E qti_sensors_hal: read from oem info: data_valid_flag=0x55
12-17 19:31:51.050  1795  1795 E qti_sensors_hal: read from oem info: x_offset=0.160831, y_offset=0.184366, z_offset=0.985027
12-17 19:31:51.050  1795  1795 E qti_sensors_hal: Final value: x_offset=0.160831, y_offset=0.184366, z_offset=0.985027
12-17 19:31:51.050  1795  1795 I qti_sensors_hal: batch:load_acc_oeminf_data x_offset:0.160831 y_offset:0.184366 z_offset:0.985027
12-17 19:31:51.050  1795  1795 I qti_sensors_hal: batch:sensor(android.sensor.accelerometer) sample_rate=14.999925Hz report_rate_f=0.000000Hz curr sample rate:5.000000 cur rpt rate:0 max:400.000000 min:1.000000
12-17 19:31:51.050  1795  2748 D HwAmbientLuxFilterAlgo: earliestValidTime + POWER_ON_BRIGHTENING_LIGHT_DEBOUNCE
12-17 19:31:51.050  1795  2748 D HwAmbientLuxFilterAlgo: earliestValidTime + POWER_ON_DARKENING_LIGHT_DEBOUNCE
12-17 19:31:51.052  3608  3608 I InCall  : ProximitySensor - ProximitySensor{keybrd=0, dpad=0, offhook=1, hor=0, ui=1, aud=EARPIECE}
12-17 19:31:51.052  3608  3608 D InCall  : ProximitySensor - Turning on proximity sensor
12-17 19:31:51.052  3608  3608 I InCall  : ProximitySensor - Proximity wake lock already acquired
12-17 19:31:51.054  1795  1795 I qti_sensors_hal: flush,395,handle 0
12-17 19:31:51.054  1795  1795 I qti_sensors_hal: flush,260 handle 0
12-17 19:31:51.054   606  2379 E libteec : QSEECom_send_cmd return!
12-17 19:31:51.054   606  2379 E libteec : qsc_send_cmd finish
12-17 19:31:51.054   606  2379 E libteec : send data return = 128
12-17 19:31:51.054  1795  1795 I WindowManger_keyguard: onStartedWakingUp()
12-17 19:31:51.054  1795  1825 V KeyguardServiceDelegate: onScreenTurnedOn()
12-17 19:31:51.055  1795  1825 I WindowManger_keyguard: onScreenTurnedOn()
