12-17 19:32:23.490  1795  2670 D WifiController: DefaultState what=155650
12-17 19:32:23.490  1795  2670 I AlarmManager: remove(PendingIntent{50e3a01: PendingIntentRecord{a8130a6 android broadcastIntent}}) changed bounds; rebatching
12-17 19:32:23.491  2852  2852 I StatusBar: onNotificationRemoved: StatusBarNotification(pkg=com.android.incallui user=UserHandle{0} id=2 tag=null key=0|com.android.incallui|2|null|1001: Notification(pri=2 contentView=null vibrate=null sound=null defaults=0x0 flags=0x2 color=0x00000000 actions=3 vis=PRIVATE publicVersion=Notification(pri=0 contentView=null vibrate=null sound=null defaults=0x0 flags=0x0 color=0xff33b5e5 vis=PRIVATE)))
12-17 19:32:23.491  2852  2852 I PhoneStatusBar: removeNotification:0|com.android.incallui|2|null|1001
12-17 19:32:23.491  2852  2852 I StatusBar: removeNotificationViews:0|com.android.incallui|2|null|1001
12-17 19:32:23.491  2852  2852 I NotificationGroupManager: onEntryRemoved:0|com.android.incallui|2|null|1001
12-17 19:32:23.491  2852  2852 I NotificationGroupManager: onEntryRemovedInternal:0|com.android.incallui|2|null|1001, group=0|com.android.incallui|2|null|1001
12-17 19:32:23.491  2852  2852 I NotificationGroupManager: summary = null
12-17 19:32:23.491  2852  2852 I HwPhoneStatusBar: updateNotificationShade
12-17 19:32:23.491  2852  2852 I PhoneStatusBar: updateNotificationShade
12-17 19:32:23.492  2852  2852 I PhoneStatusBar: removeNotificationChildren
12-17 19:32:23.492  3180  3332 I ScenarioAction: new ScenarioAction sPoolSize: 0
12-17 19:32:23.492  1795  1795 D HwArpVerifier: startWifiRouteCheck
12-17 19:32:23.492  2852  2852 I HwNotificationIconAreaController: showNotificationAll
12-17 19:32:23.492  1795 11747 I NotificationManager: onNotificationExpansionChanged called
12-17 19:32:23.496  5224  5224 I Step_LSC: 20002302|onStandStepChanged 65561
12-17 19:32:23.497  5224  5224 I Step_LSC: 20002302|standStepCounter report 100 steps,write fe
12-17 19:32:23.497  5224  5224 I Step_LSC: 20002302|compensate received
12-17 19:32:23.497  5224  5283 I Step_LSC: 20002302|MSG_RECORD_DATA_TO_FILE 
12-17 19:32:23.497  5224  5283 I Step_LSC: 20002302|MSG_RECORD_DATA_TO_FILE datas.size()=8372
12-17 19:32:23.510  2852  2852 I StackScrollAlgorithm: updateClipping isOverlap:false
12-17 19:32:23.510  2852  2852 I StackScrollAlgorithm: updateDimmedActivatedHideSensitive overlap:false
12-17 19:32:23.511  2852  2852 I ActivatableNotificationView: setOverlap mOverlap:false, mDimmed:false
12-17 19:32:23.604  5224  5283 I Step_DataCache: 20002302|getTodayTotalSteps 4181
12-17 19:32:23.604  5224  5283 I Step_ExtendStepDataManager: 20002302|before compensate: cache step_4181
12-17 19:32:23.605  5224  5283 I Step_DataCache: 20002302|getTodayTotalSteps 4181
12-17 19:32:23.606  5224  5283 I Step_DataCache: 20002302|getTodayTotalSteps 4186
12-17 19:32:23.606  5224  5283 I Step_ExtendStepDataManager: 20002302|after compensate: cache step_4186
12-17 19:32:23.606  5224  5283 I Step_LSC: 20002302|REPORT : 4186 89506 2985 0
12-17 19:32:23.606  5224  5283 I SendBroadcastPermission: action:android.com.huawei.bone.NOTIFY_SPORT_DATA, mPermissionType:0
12-17 19:32:23.618  1795  2371 E LightSensor: read Events lux: 13.0
12-17 19:32:23.618  1795  1825 D AutomaticBrightnessController: ambient lux=13.0,timeStamp =442879981541000
12-17 19:32:23.618  1795  1825 D HwNormalizedAutomaticBrightnessController: mAmbientLuxValid=true,mWakeupFromSleep= false
12-17 19:32:23.618  1795  1825 D HwAmbientLuxFilterAlgo: updateAmbientLux: Initializing: mAmbientLightRingBuffer=[13.0 / 0ms], mAmbientLux=13.0
12-17 19:32:23.618  1795  1825 D HwAmbientLuxFilterAlgo: earliestValidTime + POWER_ON_BRIGHTENING_LIGHT_DEBOUNCE
12-17 19:32:23.618  1795  1825 D HwAmbientLuxFilterAlgo: earliestValidTime + POWER_ON_DARKENING_LIGHT_DEBOUNCE
12-17 19:32:23.618  1795  1825 D HwAmbientLuxFilterAlgo: t=123049334,BT=123049834,DT=123050334,BT1=123053334,DT1=123057334,Bn=false,Dn=false,lx=[13.0/123049334],mLx=13.0,s=5.0,ss=0.0,AuIntervened=false,mProximityState=false,bLux=92.0,dLux=1.5,bLux1=92.0,dLux1=1.5
12-17 19:32:23.618  1795  1825 D HwNormalizedAutomaticBrightnessController: need to update brightness: mAmbientLux=13.0
12-17 19:32:23.618  1795  1825 D HwNormalizedSpline: interpolate:mPosBrightness=0.0lux=13.0,mIsReboot=true,mIsUserChange=false,mDelta=0.0
12-17 19:32:23.618  1795  1825 D HwNormalizedSpline: offsetBrightness=23.76,mOffsetBrightness_last23.76,lux=13.0,mPosBrightness=0.0,mIsUserChange=false,mDelta=0.0,defaultBrightness=23.76,mStartLuxDefaultBrightness=23.76mLastLuxDefaultBrightness=23.76
12-17 19:32:23.619  1795  1825 D HwNormalizedSpline: write:userId=0,mPosBrightness =0.0,mOffsetBrightness_last=23.76,mIsUserChange=false,mDeltaNew=0.0,mStartLuxDefaultBrightness=23.76mLastLuxDefaultBrightness=23.76,mAmLux=13.0
12-17 19:32:23.619  1795  1825 D AutomaticBrightnessController: updateAutoBrightness: mScreenAutoBrightness=28, newScreenAutoBrightness=24
12-17 19:32:23.619  1795  1825 I PowerManager_screenOn: DisplayPowerController updatePowerState mPendingRequestLocked=policy=BRIGHT, useProximitySensor=true, useProximitySensorbyPhone=true, screenBrightness=33, screenAutoBrightnessAdjustment=0.0, brightnessSetByUser=true, useAutoBrightness=true, blockScreenOn=false, lowPowerMode=false, boostScreenBrightness=false, dozeScreenBrightness=-1, dozeScreenState=UNKNOWN, useTwilight=false, useSmartBacklight=true, brightnessWaitMode=false, brightnessWaitRet=true, screenAutoBrightness=-1, userId=0
12-17 19:32:23.619  1795  1825 D DisplayPowerController: Animating brightness: target=24, rate=0
12-17 19:32:23.620  1795  1825 I PowerManager_screenOn: DisplayPowerController updatePowerState mPendingRequestLocked=policy=BRIGHT, useProximitySensor=true, useProximitySensorbyPhone=true, screenBrightness=33, screenAutoBrightnessAdjustment=0.0, brightnessSetByUser=true, useAutoBrightness=true, blockScreenOn=false, lowPowerMode=false, boostScreenBrightness=false, dozeScreenBrightness=-1, dozeScreenState=UNKNOWN, useTwilight=false, useSmartBacklight=true, brightnessWaitMode=false, brightnessWaitRet=true, screenAutoBrightness=-1, userId=0
12-17 19:32:23.620  1795  1825 D DisplayPowerController: Animating brightness: target=24, rate=40
12-17 19:32:23.671  1795  2750 D SurfaceControl: Excessive delay in setPowerMode(): 215ms
12-17 19:32:23.674  1795  1821 I DisplayManagerService: Display device changed state: "内置屏幕", ON
12-17 19:32:23.676  3608  3608 D InCall  : InCallActivity - onResume()... end
12-17 19:32:23.676  3608  3608 I InCall  : VideoCallFragment - onResume
12-17 19:32:23.676  3608  3608 I InCall  : VideoCallPresenter - isVideoCallWorking, state is: 3
12-17 19:32:23.676  3608  3608 I InCall  : VideoCallFragment - onResume: Surface exist, resume videos
12-17 19:32:23.677  3608  3608 D InCall  : VideoCallPresenter - resumeVideo: Error bad state mPrimaryCall=[Call_10, ACTIVE, [Capabilities: CAPABILITY_HOLD CAPABILITY_SUPPORT_HOLD CAPABILITY_MUTE CAPABILITY_CANNOT_DOWNGRADE_VIDEO_TO_AUDIO], children:[], parent:null, conferenceable:[], videoState:Audio Only, mSessionModificationState:0, VideoSettings:(CameraDir:-1)] mVideoCall=null
12-17 19:32:23.677  3608  3608 I InCall  : VTCallButtonFragment - --- onResume ---
12-17 19:32:23.678  3608  3608 I ActivityManager_activity: Resuming ActivityRecord{fd45985 token=android.os.BinderProxy@af8ea9b {com.android.incallui/com.android.incallui.InCallActivity}} with isForward=true,forwardBitChanged=true onlyLocalRequest=false
12-17 19:32:23.678   832   832 E Parcel  : Reading a NULL string not supported here.
12-17 19:32:23.678   832   832 E Parcel  : Reading a NULL string not supported here.
12-17 19:32:23.682  1795  6985 D PowerManagerService: ready=false,policy=3,wakefulness=1,wksummary=0x11,uasummary=0x1,bootcompleted=true,boostinprogress=false,waitmodeenable=false,mode=true,manual=33,auto=-1,adj=0.0userId=0
12-17 19:32:23.682  1795  6985 D PowerManagerService: Acquiring suspend blocker "PowerManagerService.WakeLocks".
12-17 19:32:23.684  2852  2925 I EventCenter: ContentChange for slot: 1
12-17 19:32:23.687  1795  1821 I WindowManger_keyguard: Setting mDismissKeyguard true by win Window{e6a6b5e u0 com.android.incallui/com.android.incallui.InCallActivity}
12-17 19:32:23.687  2852  2925 I EventCenter: ContentChange for slot: 1
12-17 19:32:23.687  5224  5283 I SendBroadcastPermission: action:android.com.huawei.bone.NOTIFY_SPORT_DATA, mPermissionType:0
12-17 19:32:23.688  2852  2925 I EventCenter: ContentChange for slot: 1
12-17 19:32:23.690  1795  3238 I HwActivityManagerService: Split enqueueing broadcast [callerApp]:ProcessRecord{580cfb2 5224:com.huawei.health:DaemonService/u0a99}
12-17 19:32:23.690  3608  3608 I InCall  : CallList - hasAnyLiveCall call = [Call_10, ACTIVE, [Capabilities: CAPABILITY_HOLD CAPABILITY_SUPPORT_HOLD CAPABILITY_MUTE CAPABILITY_CANNOT_DOWNGRADE_VIDEO_TO_AUDIO], children:[], parent:null, conferenceable:[], videoState:Audio Only, mSessionModificationState:0, VideoSettings:(CameraDir:-1)]
12-17 19:32:23.690  3608  3608 I InCall  : ProximitySensor - isDisplayOn: true
12-17 19:32:23.690  1795 16500 D PowerManagerService: ready=false,policy=3,wakefulness=1,wksummary=0x11,uasummary=0x1,bootcompleted=true,boostinprogress=false,waitmodeenable=false,mode=true,manual=33,auto=-1,adj=0.0userId=0
12-17 19:32:23.692  2852  2925 I EventCenter: ContentChange for slot: 1
12-17 19:32:23.693  1795  3111 D PowerManagerService: ready=false,policy=3,wakefulness=1,wksummary=0x11,uasummary=0x1,bootcompleted=true,boostinprogress=false,waitmodeenable=false,mode=true,manual=33,auto=-1,adj=0.0userId=0
12-17 19:32:23.693  1795  1795 D WifiProStatisticsManager: sendScreenOnEvent enter.
12-17 19:32:23.694  1795  2734 D WifiProStatisticsManager: msg Loop is running.
12-17 19:32:23.694  1795  2733 D WiFi_PRO_WifiProStateMachine: device screen on,but isScreenOffMonitor is false
12-17 19:32:23.694  1795  3238 I qti_sensors_hal: flush,395,handle 0
12-17 19:32:23.695  1795  3238 I qti_sensors_hal: flush,260 handle 0
12-17 19:32:23.700  5224  5283 I Step_HSNH: 20002302|upDateHealthNotification()|90|2.98|4186
12-17 19:32:23.700  1795  1795 D DeviceIdleController: updateDisplayLocked: screenOn=true
12-17 19:32:23.700  1795  1795 I DeviceIdleController: becomeActiveLocked, reason = screen
12-17 19:32:23.701  1795  1795 I AlarmManager: remove(null) changed bounds; rebatching
12-17 19:32:23.702  1795  1807 D DeviceIdleController: handleMessage(5)
12-17 19:32:23.702  1795 16499 I WindowManger_keyguard: Setting mDismissKeyguard true by win Window{e6a6b5e u0 com.android.incallui/com.android.incallui.InCallActivity}
12-17 19:32:23.704  1795 11745 D PowerManagerService: ready=false,policy=3,wakefulness=1,wksummary=0x10,uasummary=0x1,bootcompleted=true,boostinprogress=false,waitmodeenable=false,mode=true,manual=33,auto=-1,adj=0.0userId=0
12-17 19:32:23.704  1795 11745 D PowerManagerService: Releasing suspend blocker "PowerManagerService.WakeLocks".
12-17 19:32:23.706  5224  5283 I Step_HSNH: 20002302|rebuild notification
12-17 19:32:23.707  1795  1795 D DeviceIdleController: stopMonitoringMotionLocked()
12-17 19:32:23.707  1795  1795 I AlarmManager: remove(null) changed bounds; rebatching
12-17 19:32:23.709  1795  6986 I NotificationManager: enqueueNotificationInternal: pkg=com.huawei.health id=10010 notification=Notification(pri=0 contentView=null vibrate=null sound=null defaults=0x0 flags=0x2 color=0x00000000 vis=PRIVATE)
12-17 19:32:23.710  2852  2852 I EventCenter: EventCenter Get :android.com.huawei.bone.NOTIFY_SPORT_DATA
12-17 19:32:23.710  1795 20747 D PowerManagerService: acquire lock=5152000, flags=0x1, tag="RILJ_ACK_WL", name=com.android.phone, ws=null, uid=1001, pid=3218
12-17 19:32:23.710  2852  2852 D StepCounterView: onStepCounterChange stepsNum:4186
12-17 19:32:23.710  1795 20747 D PowerManagerService: ready=false,policy=3,wakefulness=1,wksummary=0x11,uasummary=0x1,bootcompleted=true,boostinprogress=false,waitmodeenable=false,mode=true,manual=33,auto=-1,adj=0.0userId=0
12-17 19:32:23.710  1795 20747 D PowerManagerService: Acquiring suspend blocker "PowerManagerService.WakeLocks".
12-17 19:32:23.712  1795  2396 D PowerManagerService: ready=false,policy=3,wakefulness=1,wksummary=0x11,uasummary=0x1,bootcompleted=true,boostinprogress=false,waitmodeenable=false,mode=true,manual=33,auto=-1,adj=0.0userId=0
12-17 19:32:23.713  1795 15988 D PowerManagerService: ready=false,policy=3,wakefulness=1,wksummary=0x11,uasummary=0x1,bootcompleted=true,boostinprogress=false,waitmodeenable=false,mode=true,manual=33,auto=-1,adj=0.0userId=0
12-17 19:32:23.713  3608  3608 D InCall  : CallCardFragment - onGlobalLayout
12-17 19:32:23.715  1795  3253 D PowerManagerService: ready=false,policy=3,wakefulness=1,wksummary=0x11,uasummary=0x1,bootcompleted=true,boostinprogress=false,waitmodeenable=false,mode=true,manual=33,auto=-1,adj=0.0userId=0
12-17 19:32:23.715  1795  1821 I ActivityManager_activity: Incall is gone
12-17 19:32:23.715  1795  1821 I ActivityManager_activity: windowsGone(): ActivityRecord{b46dc67 u0 com.android.incallui/.InCallActivity t310}
12-17 19:32:23.715  1795  1795 I NotificationManager: enqueueNotificationInternal: n.getKey = 0|com.huawei.health|10010|null|10099
12-17 19:32:23.715  1795  1821 I WindowManger_keyguard: Setting mDismissKeyguard true by win Window{e6a6b5e u0 com.android.incallui/com.android.incallui.InCallActivity}
