12-17 19:33:00.527  1795  1825 I DisplayPowerController: set brightness to DIM brightness:6
12-17 19:33:00.527  1795  1825 D DisplayPowerController: Unfinished business...
12-17 19:33:00.527  1795  1825 I PowerManager_screenOn: DisplayPowerController updatePowerState mPendingRequestLocked=policy=OFF, useProximitySensor=true, useProximitySensorbyPhone=true, screenBrightness=33, screenAutoBrightnessAdjustment=0.0, brightnessSetByUser=true, useAutoBrightness=true, blockScreenOn=false, lowPowerMode=false, boostScreenBrightness=false, dozeScreenBrightness=-1, dozeScreenState=UNKNOWN, useTwilight=false, useSmartBacklight=true, brightnessWaitMode=false, brightnessWaitRet=true, screenAutoBrightness=-1, userId=0
12-17 19:33:00.527  1795  2750 I PowerManager_screenOn: DisplayPowerState Updating screen state: state=ON, backlight=0
12-17 19:33:00.527  1795  1825 I PowerManager_screenOn: DisplayPowerStatesetScreenState: state=1
12-17 19:33:00.527  1795  1825 D FpDataCollector: DisplayPowerState :OFF
12-17 19:33:00.527  1795  2750 I HwLightsService: back light level before map = 0
12-17 19:33:00.528  1795  2750 D HW_DISPLAY_EFFECT: presently, hw_update_color_temp_for_rg_led interface not achieved.
12-17 19:33:00.528  2852  2925 I EventCenter: ContentChange for slot: 1
12-17 19:33:00.529  2852  2852 I HwBrightnessController: onChange selfChange:false uri.toString():content://settings/system/screen_auto_brightness mIsObserveAutoBrightnessChange:true
12-17 19:33:00.530  2852  2852 I HwBrightnessUtils: APS brightness=0.0,ConvertToPercentage=NaN
12-17 19:33:00.530  2852  2852 I HwBrightnessUtils:  getSeekBarProgress isAutoMode:true current brightness:0 percentage:NaN
12-17 19:33:00.530  2852  2852 I HwBrightnessController: updateSlider1 seekBarProgress:0
12-17 19:33:00.530  2852  2852 I HwBrightnessController: updateSlider2 seekBarProgress:0
12-17 19:33:00.531  2852  2852 I ToggleSlider:  mSeekListener onProgressChanged progress:0 fromUser:false
12-17 19:33:00.531  2883  2996 I HwSystemManager: TafficState:default sub id = 0slotIndex = 0 subscriptionId = 0
12-17 19:33:00.531  2852  2852 I ToggleSlider:  mSeekListener onProgressChanged progress:0 fromUser:false
12-17 19:33:00.531  3180  3332 I BatteryMonitor: screen off: 29s, awake: 7s wakeups: 0, battery changed: 0
12-17 19:33:00.533  3180  3578 D HwMultiWindowEx: isInMultiWindowMode ret: 0
12-17 19:33:00.533  3180  3578 I BacklightControl: can't adjust backlight when app launch from other scene.
12-17 19:33:00.534  3180  3578 I ThermalStateManager: handle action thermal policy:208
12-17 19:33:00.535  2883  2996 E HwSystemManager: LeisureTrafficSetting:result is empty
12-17 19:33:00.536  1795  2332 I qti_sensors_hal: [ACC]processReportInd: X: 4.182446 Y: 8.692190 Z: 0.225320  x_offset:0.160831 y_offset:0.184366 z_offset:0.985027
12-17 19:33:00.536  3180  3578 I ash     : ash->screen on
12-17 19:33:00.538  3608  3608 E WindowManagerEx: ret: 1
12-17 19:33:00.538  1795  3139 D HwWindowManagerService: imeVis=false
12-17 19:33:00.538  3608  3608 E WindowManagerEx: ret: 0
12-17 19:33:00.538  3608  3608 I InCall  : StatusBarNotifier - isTopIsFullscreen = true--isTopIsFullscreenInput()--false
12-17 19:33:00.539  3608  3608 E InCall  : StatusBarNotifier - buildAndSendNotification state=3 showHeadUpNotification=false mHeadupViewShow=false
12-17 19:33:00.539  3608  3608 D InCall  : StatusBarNotifier - isDreaming = false
12-17 19:33:00.539  3608  3608 D InCall  : StatusBarNotifier - Notifying IN_CALL_NOTIFICATION: Notification(pri=2 contentView=null vibrate=null sound=null defaults=0x0 flags=0x2 color=0x00000000 actions=3 vis=PRIVATE publicVersion=Notification(pri=0 contentView=null vibrate=null sound=null defaults=0x0 flags=0x0 color=0xff33b5e5 vis=PRIVATE))
12-17 19:33:00.539  1795  1825 D HwAmbientLuxFilterAlgo: clear buffer data and algo flags
12-17 19:33:00.539  1795  1825 D lux trace:: [33.0/123064145]
12-17 19:33:00.540  1795  1825 D Sensors : activate called handle:3 enable:0
12-17 19:33:00.540  1795  1825 D Sensors : bh1745-light calling driver disable
12-17 19:33:00.540  1795  1825 W LightSensor: LightSensor, enable, 283: en=0
12-17 19:33:00.540  1795  1825 W LightSensor: LightSensor, enable, 284: flags=0
12-17 19:33:00.540  1795  1825 W LightSensor: LightSensor, enable, 285: mEnabled=1
12-17 19:33:00.540  1795  1825 E LightSensor: LightSensor disable, event occur num: 2
12-17 19:33:00.540  3180  3578 I ash     : com.tencent.mm { hibernation duration=26328 } transition to: running reason:scron_im
12-17 19:33:00.540  3180  3578 I ash     : clear hibernation actions!
12-17 19:33:00.541  2883  2996 I HwSystemManager: NatTrafficNotifyService:delta byte = 0 no traffic delta = 0Traffic state is 301
12-17 19:33:00.541  1795 16499 I PGManagerService: proxyWakeLockByPidUid, pid: 4492, uid: 10105, proxy: false
12-17 19:33:00.541  1795 16499 D HwPowerManagerService: remove pxy wl, pid: 4492, uid: 10105 from pxy process list.
12-17 19:33:00.541  3180  3578 I ash     : Unproxy wakelock uid = 10105 pid = 4492
12-17 19:33:00.543  1795 11745 I PGManagerService: proxyWakeLockByPidUid, pid: 4634, uid: 10105, proxy: false
12-17 19:33:00.543  1795 11745 D HwPowerManagerService: remove pxy wl, pid: 4634, uid: 10105 from pxy process list.
12-17 19:33:00.543  3180  3578 I ash     : Unproxy wakelock uid = 10105 pid = 4634
12-17 19:33:00.544  1795 11746 I PGManagerService: proxyWakeLockByPidUid, pid: 18589, uid: 10105, proxy: false
12-17 19:33:00.544  1795 11746 D HwPowerManagerService: remove pxy wl, pid: 18589, uid: 10105 from pxy process list.
12-17 19:33:00.544  3180  3578 I ash     : Unproxy wakelock uid = 10105 pid = 18589
12-17 19:33:00.545  1795  1825 D AutomaticBrightnessController: Disable LightSensor at time:123064231
12-17 19:33:00.545  1795 16501 D PowerManagerService: acquire lock=123756293, flags=0x1, tag="hibernation", name=com.huawei.powergenie, ws=null, uid=1000, pid=3180
12-17 19:33:00.545  1795  1825 D DisplayPowerController: mode change : autoBrightnessEnabled=false,adjustment=0.0,state=1
12-17 19:33:00.545  1795  1825 D DisplayPowerController: Animating brightness: target=0, rate=0
12-17 19:33:00.545  1795 16501 D PowerManagerService: ready=false,policy=0,wakefulness=0,wksummary=0x11,uasummary=0x0,bootcompleted=true,boostinprogress=false,waitmodeenable=false,mode=true,manual=33,auto=-1,adj=0.0userId=0
12-17 19:33:00.547  1795  1825 I PowerManager_screenOn: DisplayPowerController updatePowerState mPendingRequestLocked=policy=OFF, useProximitySensor=true, useProximitySensorbyPhone=true, screenBrightness=33, screenAutoBrightnessAdjustment=0.0, brightnessSetByUser=true, useAutoBrightness=true, blockScreenOn=false, lowPowerMode=false, boostScreenBrightness=false, dozeScreenBrightness=-1, dozeScreenState=UNKNOWN, useTwilight=false, useSmartBacklight=true, brightnessWaitMode=false, brightnessWaitRet=true, screenAutoBrightness=-1, userId=0
12-17 19:33:00.547  1795  1825 D DisplayPowerController: Animating brightness: target=0, rate=0
12-17 19:33:00.547  1795  2750 I PowerManager_screenOn: DisplayPowerState Updating screen state: state=OFF, backlight=0
12-17 19:33:00.549   612   612 D SurfaceFlinger: Set power mode=0, type=0 flinger=0x7f9a25b400
12-17 19:33:00.549   612   612 I SDM     : HWCDisplay::SetPowerMode: display = 0, mode = 0
12-17 19:33:00.549   612   612 I SDM     : DisplayBase::SetDisplayState: Set state = 0, display 0
12-17 19:33:00.554  1795  1821 I DisplayManagerService: Display device changed state: "内置屏幕", OFF
12-17 19:33:00.555   832   832 E Parcel  : Reading a NULL string not supported here.
12-17 19:33:00.555   832   832 E Parcel  : Reading a NULL string not supported here.
12-17 19:33:00.556  1795  1795 D DeviceIdleController: updateDisplayLocked: screenOn=false
12-17 19:33:00.556  1795  1795 D DeviceIdleController: becomeInactiveIfAppropriateLocked()
12-17 19:33:00.556  1795  1795 D DeviceIdleController: Moved from STATE_ACTIVE to STATE_INACTIVE
12-17 19:33:00.556  1795  1795 D DeviceIdleController: stopMonitoringMotionLocked()
12-17 19:33:00.556  1795  1795 D DeviceIdleController: scheduleAlarmLocked(1800000, false)
12-17 19:33:00.556  1795  1795 I AlarmManager: set(null) : type=2 triggerAtTime=444716919 win=1350000 tElapsed=444716919 maxElapsed=446066919 interval=0 flags=0x8
12-17 19:33:00.556  1795  1795 D DeviceIdleController: Moved from LIGHT_STATE_ACTIVE to LIGHT_STATE_INACTIVE
12-17 19:33:00.556  1795  1795 D DeviceIdleController: scheduleLightAlarmLocked(300000)
12-17 19:33:00.557  1795  1795 I AlarmManager: set(null) : type=2 triggerAtTime=443216920 win=225000 tElapsed=443216920 maxElapsed=443441920 interval=0 flags=0x8
12-17 19:33:00.559  1795 16500 D PowerManagerService: ready=false,policy=0,wakefulness=0,wksummary=0x11,uasummary=0x0,bootcompleted=true,boostinprogress=false,waitmodeenable=false,mode=true,manual=33,auto=-1,adj=0.0userId=0
12-17 19:33:00.560  1795  3237 I NotificationManager: enqueueNotificationInternal: pkg=com.android.incallui id=2 notification=Notification(pri=2 contentView=null vibrate=null sound=null defaults=0x0 flags=0x2 color=0x00000000 actions=3 vis=PRIVATE publicVersion=Notification(pri=0 contentView=null vibrate=null sound=null defaults=0x0 flags=0x0 color=0xff33b5e5 vis=PRIVATE))
12-17 19:33:00.561  3180  3578 D PgedBinderAdapter: unfrz ok, pid: [4492, 4634, 18589]
12-17 19:33:00.561  1795  1795 I NotificationManager: enqueueNotificationInternal: n.getKey = 0|com.android.incallui|2|null|1001
12-17 19:33:00.561  2883  2996 I HwSystemManager: ExtraTrafficSetting:result is empty
12-17 19:33:00.561  3608  3608 I InCall  : ProximitySensor - ProximitySensor{keybrd=0, dpad=0, offhook=1, hor=0, ui=1, aud=EARPIECE}
12-17 19:33:00.561  3608  3608 D InCall  : ProximitySensor - Turning on proximity sensor
12-17 19:33:00.561  3608  3608 I InCall  : ProximitySensor - Proximity wake lock already acquired
12-17 19:33:00.562  3608  3608 D InCall  : AnswerPresenter - onUiShowingfalse
12-17 19:33:00.562  3608  3608 D InCall  : GlowPadAnswerFragment - Show answer UI: false
12-17 19:33:00.562  1795 11745 D PowerManagerService: ready=false,policy=0,wakefulness=0,wksummary=0x11,uasummary=0x0,bootcompleted=true,boostinprogress=false,waitmodeenable=false,mode=true,manual=33,auto=-1,adj=0.0userId=0
12-17 19:33:00.562  1795  1795 V NotificationService: disableEffects=null canInterrupt=false once update: false
12-17 19:33:00.563  3180  3578 I PGServer: report state:6 event type:2 pid:0 uid:10105 pkg:com.tencent.mm to pid: 1795
12-17 19:33:00.563  3608  3608 D InCall  : GlowPadWrapper - stopPing
12-17 19:33:00.563  3608  3608 I InCall  : GlowPadAnswerFragment - showVideoAnswerButtonfalsefalse
12-17 19:33:00.563  1795 11745 D PowerManagerService: ready=false,policy=0,wakefulness=0,wksummary=0x11,uasummary=0x0,bootcompleted=true,boostinprogress=false,waitmodeenable=false,mode=true,manual=33,auto=-1,adj=0.0userId=0
12-17 19:33:00.564  1795  2778 I ActivityManager_activity: Moving to PAUSED: ActivityRecord{b46dc67 u0 com.android.incallui/.InCallActivity t310} (pause complete)
12-17 19:33:00.565  1795  3237 D PowerManagerService: ready=false,policy=0,wakefulness=0,wksummary=0x11,uasummary=0x0,bootcompleted=true,boostinprogress=false,waitmodeenable=false,mode=true,manual=33,auto=-1,adj=0.0userId=0
12-17 19:33:00.566  3180  3578 I ash     : Unfreeze com.tencent.mm OK !
12-17 19:33:00.566  1795 17832 D PowerManagerService: release:lock=123756293, flg=0x0, tag="hibernation", name=com.huawei.powergenie", ws=null, uid=1000, pid=3180
12-17 19:33:00.567  1795 17832 D PowerManagerService: ready=false,policy=0,wakefulness=0,wksummary=0x11,uasummary=0x0,bootcompleted=true,boostinprogress=false,waitmodeenable=false,mode=true,manual=33,auto=-1,adj=0.0userId=0
12-17 19:33:00.572  1795  3238 I PGManagerService: proxyBroadcast:[com.tencent.mm] proxy:false
12-17 19:33:00.585  2852  2852 I StatusBar: onNotificationPosted: StatusBarNotification(pkg=com.android.incallui user=UserHandle{0} id=2 tag=null key=0|com.android.incallui|2|null|1001: Notification(pri=2 contentView=null vibrate=null sound=null defaults=0x0 flags=0x2 color=0x00000000 actions=3 vis=PRIVATE publicVersion=Notification(pri=0 contentView=null vibrate=null sound=null defaults=0x0 flags=0x0 color=0xff33b5e5 vis=PRIVATE))) important=2, post=1481974380560, when=1481974245374, vis=0, userid=0
12-17 19:33:00.585  2852  2852 I PhoneStatusBar: addNotification key=0|com.android.incallui|2|null|1001
12-17 19:33:00.585  2852  2852 D HwCust  : Create obj success use class android.app.HwCustNotificationImpl
12-17 19:33:00.586  2852  2852 I StatusBarIconView: updateTint: tint=0
