12-17 19:31:58.508  1795  2750 D HW_DISPLAY_EFFECT: presently, hw_update_color_temp_for_rg_led interface not achieved.
12-17 19:31:58.517  1795  1795 D PowerManagerService: Releasing suspend blocker "PowerManagerService.Broadcasts".
12-17 19:31:58.521  1795  6986 W ActivityManager: getRunningAppProcesses: caller 10105 does not hold REAL_GET_TASKS; limiting output
12-17 19:31:58.525  1795  2750 D HW_DISPLAY_EFFECT: presently, hw_update_color_temp_for_rg_led interface not achieved.
12-17 19:31:58.534  1795  2332 I qti_sensors_hal: [ACC]processReportInd: X: 7.828168 Y: 5.956717 Z: 2.999902  x_offset:0.160831 y_offset:0.184366 z_offset:0.985027
12-17 19:31:58.541  1795  2750 D HW_DISPLAY_EFFECT: presently, hw_update_color_temp_for_rg_led interface not achieved.
12-17 19:31:58.559  1795  2750 D HW_DISPLAY_EFFECT: presently, hw_update_color_temp_for_rg_led interface not achieved.
12-17 19:31:58.575  1795  2750 D HW_DISPLAY_EFFECT: presently, hw_update_color_temp_for_rg_led interface not achieved.
12-17 19:31:58.577  2852  2925 I EventCenter: ContentChange for slot: 1
12-17 19:31:58.578  2852  2852 I HwBrightnessController: onChange selfChange:false uri.toString():content://settings/system/screen_auto_brightness mIsObserveAutoBrightnessChange:true
12-17 19:31:58.580  2852  2852 I HwBrightnessUtils: APS brightness=25.0,ConvertToPercentage=0.25200793
12-17 19:31:58.580  2852  2852 I HwBrightnessUtils:  getSeekBarProgress isAutoMode:true current brightness:25 percentage:0.25200793
12-17 19:31:58.580  2852  2852 I HwBrightnessController: updateSlider1 seekBarProgress:2520
12-17 19:31:58.580  2852  2852 I HwBrightnessController: updateSlider2 seekBarProgress:2520
12-17 19:31:58.581  2852  2852 I ToggleSlider:  mSeekListener onProgressChanged progress:2520 fromUser:false
12-17 19:31:58.581  2852  2852 I ToggleSlider:  mSeekListener onProgressChanged progress:2520 fromUser:false
12-17 19:31:58.591  1795  2332 I qti_sensors_hal: [ACC]processReportInd: X: 7.605084 Y: 6.282828 Z: 2.816472  x_offset:0.160831 y_offset:0.184366 z_offset:0.985027
12-17 19:31:58.592  1795  2750 D HW_DISPLAY_EFFECT: presently, hw_update_color_temp_for_rg_led interface not achieved.
12-17 19:31:58.609  1795  2750 D HW_DISPLAY_EFFECT: presently, hw_update_color_temp_for_rg_led interface not achieved.
12-17 19:31:58.625  1795  2750 D HW_DISPLAY_EFFECT: presently, hw_update_color_temp_for_rg_led interface not achieved.
12-17 19:31:58.642  1795  2750 D HW_DISPLAY_EFFECT: presently, hw_update_color_temp_for_rg_led interface not achieved.
12-17 19:31:58.652  1795  2332 I qti_sensors_hal: [ACC]processReportInd: X: 6.466107 Y: 6.814978 Z: 3.316456  x_offset:0.160831 y_offset:0.184366 z_offset:0.985027
12-17 19:31:58.658  1795  2750 D HW_DISPLAY_EFFECT: presently, hw_update_color_temp_for_rg_led interface not achieved.
12-17 19:31:58.675  1795  2750 D HW_DISPLAY_EFFECT: presently, hw_update_color_temp_for_rg_led interface not achieved.
12-17 19:31:58.691  1795  2750 D HW_DISPLAY_EFFECT: presently, hw_update_color_temp_for_rg_led interface not achieved.
12-17 19:31:58.698  1795  2748 D HwAmbientLuxFilterAlgo: earliestValidTime + POWER_ON_BRIGHTENING_LIGHT_DEBOUNCE
12-17 19:31:58.698  1795  2748 D HwAmbientLuxFilterAlgo: earliestValidTime + POWER_ON_DARKENING_LIGHT_DEBOUNCE
12-17 19:31:58.708  1795  2750 D HW_DISPLAY_EFFECT: presently, hw_update_color_temp_for_rg_led interface not achieved.
12-17 19:31:58.713  1795  2332 I qti_sensors_hal: [ACC]processReportInd: X: 7.220380 Y: 6.538031 Z: 3.124654  x_offset:0.160831 y_offset:0.184366 z_offset:0.985027
12-17 19:31:58.725  1795  2750 D HW_DISPLAY_EFFECT: presently, hw_update_color_temp_for_rg_led interface not achieved.
12-17 19:31:58.741  1795  2750 D HW_DISPLAY_EFFECT: presently, hw_update_color_temp_for_rg_led interface not achieved.
12-17 19:31:58.743  2852  2852 I HwBrightnessController: onChange selfChange:false uri.toString():content://settings/system/screen_auto_brightness mIsObserveAutoBrightnessChange:true
12-17 19:31:58.744  2852  2925 I EventCenter: ContentChange for slot: 1
12-17 19:31:58.747  2852  2852 I HwBrightnessUtils: APS brightness=26.0,ConvertToPercentage=0.25860584
12-17 19:31:58.747  2852  2852 I HwBrightnessUtils:  getSeekBarProgress isAutoMode:true current brightness:26 percentage:0.25860584
12-17 19:31:58.747  2852  2852 I HwBrightnessController: updateSlider1 seekBarProgress:2586
12-17 19:31:58.747  2852  2852 I HwBrightnessController: updateSlider2 seekBarProgress:2586
12-17 19:31:58.748  1795  2371 E LightSensor: read Events lux: 14.0
12-17 19:31:58.748  2852  2852 I ToggleSlider:  mSeekListener onProgressChanged progress:2586 fromUser:false
12-17 19:31:58.748  1795  1825 D AutomaticBrightnessController: ambient lux=14.0,timeStamp =442855111263000
12-17 19:31:58.748  2852  2852 I ToggleSlider:  mSeekListener onProgressChanged progress:2586 fromUser:false
12-17 19:31:58.758  1795  2750 D HW_DISPLAY_EFFECT: presently, hw_update_color_temp_for_rg_led interface not achieved.
12-17 19:31:58.773  1795  2332 I qti_sensors_hal: [ACC]processReportInd: X: 7.470868 Y: 6.508734 Z: 2.394706  x_offset:0.160831 y_offset:0.184366 z_offset:0.985027
12-17 19:31:58.774  1795  2750 D HW_DISPLAY_EFFECT: presently, hw_update_color_temp_for_rg_led interface not achieved.
12-17 19:31:58.791  1795  2750 D HW_DISPLAY_EFFECT: presently, hw_update_color_temp_for_rg_led interface not achieved.
12-17 19:31:58.807  1795  2750 I HwLightsService: back light level before map = 1038
12-17 19:31:58.807  1795  2750 D HW_DISPLAY_EFFECT: presently, hw_update_color_temp_for_rg_led interface not achieved.
12-17 19:31:58.824  1795  2750 D HW_DISPLAY_EFFECT: presently, hw_update_color_temp_for_rg_led interface not achieved.
12-17 19:31:58.834  1795  2332 I qti_sensors_hal: [ACC]processReportInd: X: 7.247800 Y: 6.177908 Z: 2.738270  x_offset:0.160831 y_offset:0.184366 z_offset:0.985027
12-17 19:31:58.840  1795  2750 D HW_DISPLAY_EFFECT: presently, hw_update_color_temp_for_rg_led interface not achieved.
12-17 19:31:58.857  1795  2750 D HW_DISPLAY_EFFECT: presently, hw_update_color_temp_for_rg_led interface not achieved.
12-17 19:31:58.870  1795  1795 D Sensors : batch called handle:2 sample_ns:20000000 latency_ns:0
12-17 19:31:58.870  1795  1795 D Sensors : pa2240-proximity calling driver setDelay 20 ms
12-17 19:31:58.870  1795  1795 E huawei_ProximitySensor_CPP_Test: write 20 failed
12-17 19:31:58.873  1795  2750 D HW_DISPLAY_EFFECT: presently, hw_update_color_temp_for_rg_led interface not achieved.
12-17 19:31:58.879  3180  3180 E libc    : Access denied finding property "persist.sys.smart_power"
12-17 19:31:58.879  3180  3180 E libc    : Access denied finding property "persist.sys.smart_power"
12-17 19:31:58.890  1795  2750 D HW_DISPLAY_EFFECT: presently, hw_update_color_temp_for_rg_led interface not achieved.
12-17 19:31:58.906  1795  1825 I PowerManager_screenOn: DisplayPowerController updatePowerState mPendingRequestLocked=policy=BRIGHT, useProximitySensor=true, useProximitySensorbyPhone=true, screenBrightness=33, screenAutoBrightnessAdjustment=0.0, brightnessSetByUser=true, useAutoBrightness=true, blockScreenOn=false, lowPowerMode=false, boostScreenBrightness=false, dozeScreenBrightness=-1, dozeScreenState=UNKNOWN, useTwilight=false, useSmartBacklight=true, brightnessWaitMode=false, brightnessWaitRet=true, screenAutoBrightness=-1, userId=0
12-17 19:31:58.907  1795  1825 D DisplayPowerController: Animating brightness: target=27, rate=40
12-17 19:31:58.907  1795  1825 D DisplayPowerController: Finished business...
12-17 19:31:58.908  1795  1825 D FpDataCollector: case xxx, not a fingerprint unlock 
12-17 19:31:58.999  1795  2748 D HwAmbientLuxFilterAlgo: earliestValidTime + POWER_ON_BRIGHTENING_LIGHT_DEBOUNCE
12-17 19:31:58.999  1795  2748 D HwAmbientLuxFilterAlgo: earliestValidTime + POWER_ON_DARKENING_LIGHT_DEBOUNCE
12-17 19:31:59.101  1795  2371 E LightSensor: read Events lux: 13.0
12-17 19:31:59.102  1795  1825 D AutomaticBrightnessController: ambient lux=13.0,timeStamp =442855464205000
12-17 19:31:59.174  1795  1795 I TrafficMonitor: update:rxPkts:8,txPkts:10,rxBytes:1758,txBytes:736
12-17 19:31:59.174  1795  1795 I TrafficMonitor: start expired. level:-1
12-17 19:31:59.174  1795  1795 I TrafficMonitor: gettimer:interval=2000
12-17 19:31:59.300  1795  2748 D HwAmbientLuxFilterAlgo: earliestValidTime + POWER_ON_BRIGHTENING_LIGHT_DEBOUNCE
12-17 19:31:59.300  1795  2748 D HwAmbientLuxFilterAlgo: earliestValidTime + POWER_ON_DARKENING_LIGHT_DEBOUNCE
12-17 19:31:59.346  2852  2852 D DateTimeView: Change to single clock mode!
12-17 19:31:59.350  2852  2852 D DateTimeView: Change to single clock mode!
12-17 19:31:59.454  1795  2371 E LightSensor: read Events lux: 11.0
12-17 19:31:59.455  1795  1825 D AutomaticBrightnessController: ambient lux=11.0,timeStamp =442855817422000
12-17 19:31:59.501 31949 31967 I ECS     : msg.recv{4791} XmlMsg.decodeBuf(XmlMsg.java:237) RECV 663 bytes [12]_00_03_02_05_01_04_81_B8_98_A3_C1_15 cmdCode(CC_PCheckVersion.0x0501)msgType(MT_ACK.2)msgClass(MC_Push.5)sender(ST_Mobile.0)crypted(false)zipped(false)nobase64(true)length(659)version(3)sno(81B8)
12-17 19:31:59.601  1795  2748 D HwAmbientLuxFilterAlgo: earliestValidTime + POWER_ON_BRIGHTENING_LIGHT_DEBOUNCE
12-17 19:31:59.601  1795  2748 D HwAmbientLuxFilterAlgo: earliestValidTime + POWER_ON_DARKENING_LIGHT_DEBOUNCE
12-17 19:31:59.807  1795  2371 E LightSensor: read Events lux:  9.0
12-17 19:31:59.808  1795  1825 D AutomaticBrightnessController: ambient lux=9.0,timeStamp =442856170455000
12-17 19:31:59.902  1795  2748 D HwAmbientLuxFilterAlgo: earliestValidTime + POWER_ON_BRIGHTENING_LIGHT_DEBOUNCE
12-17 19:31:59.902  1795  2748 D HwAmbientLuxFilterAlgo: earliestValidTime + POWER_ON_DARKENING_LIGHT_DEBOUNCE
12-17 19:32:00.000  1795  2376 I AlarmManager: sending alarm Alarm{a7bb1f5 type 3 when 442856363 android},repeatInterval = 0,listenerTag =time_tick
12-17 19:32:00.003  1795  2376 I ActivityManager_broadcast: Enqueueing ordered broadcast[foreground] BroadcastRecord{67e74e9 u-1 android.intent.action.TIME_TICK}: prev had 0
12-17 19:32:00.004  1795  1808 I ActivityManager_broadcast: dispatch ordered broadcast [foreground] BroadcastRecord{67e74e9 u-1 android.intent.action.TIME_TICK}, has 11 receivers
12-17 19:32:00.005  1795  2376 D PowerManagerService: ready=true,policy=3,wakefulness=1,wksummary=0x11,uasummary=0x1,bootcompleted=true,boostinprogress=false,waitmodeenable=false,mode=true,manual=33,auto=-1,adj=0.0userId=0
12-17 19:32:00.005  1795  2376 D PowerManagerService: Acquiring suspend blocker "PowerManagerService.WakeLocks".
12-17 19:32:00.006  1795  1795 V AlarmManager: Received TIME_TICK alarm; rescheduling
12-17 19:32:00.007  1795  1795 I AlarmManager: scheduleTimeTickEvent triggerAtTime = 442916364
12-17 19:32:00.014  2852  2852 I TimeManager: act:android.intent.action.TIME_TICK  flag:1342177300 FLAG_IS_FIRST_POWER_OFF_ALARM=false android.intent.extra.ALARM_COUNT=1 
12-17 19:32:00.016  2852  2852 I HwDateUtils:  formatChinaDateTime equals.
12-17 19:32:00.016  2852  2852 I HwDateUtils: formatChinaDateTime, change to China normalTime:晚上7:32
12-17 19:32:00.016  2852  2852 I HwDateUtils: begin of formatChinaDateRange chinaDate:晚上7:32
12-17 19:32:00.016  2852  2852 I TimeManager: chinaDateTime:晚上7:32
12-17 19:32:00.022  2852  2852 I HwDateUtils:  formatChinaDateTime equals.
12-17 19:32:00.022  2852  2852 I HwDateUtils: formatChinaDateTime, change to China normalTime:晚上7:32
12-17 19:32:00.022  2852  2852 I HwDateUtils: begin of formatChinaDateRange chinaDate:晚上7:32
12-17 19:32:00.022  2852  2852 I TimeManager: chinaDateTime:晚上7:32
12-17 19:32:00.024  2852  2852 I HwDateUtils:  formatChinaDateTime equals.
12-17 19:32:00.024  2852  2852 I HwDateUtils: formatChinaDateTime, change to China normalTime:晚上7:32
