12-17 19:32:23.296  3626  3626 E PTM.FileNodeInfo: getTempInfo error: null, 0
12-17 19:32:23.296  3626  3626 E PTM.FileNodeInfo: getTempInfo error: null, 0
12-17 19:32:23.296  3626  3626 E PTM.FileNodeInfo: getTempInfo error: null, 0
12-17 19:32:23.296  3626  3626 E PTM.FileNodeInfo: getTempInfo error: null, 0
12-17 19:32:23.296  3626  3626 E PTM.FileNodeInfo: getTempInfo error: null, 0
12-17 19:32:23.296  3626  3626 E PTM.FileNodeInfo: getTempInfo error: null, 0
12-17 19:32:23.297  3626  3626 E PTM.FileNodeInfo: getTempInfo error: null, 0
12-17 19:32:23.297  3626  3626 E PTM.FileNodeInfo: getTempInfo error: null, 0
12-17 19:32:23.297  3626  3626 E PTM.FileNodeInfo: getTempInfo error: null, 0
12-17 19:32:23.297  3626  3626 E PTM.FileNodeInfo: getTempInfo error: null, 0
12-17 19:32:23.297  3626  3626 E PTM.FileNodeInfo: getTempInfo error: null, 0
12-17 19:32:23.297  1795  1825 V KeyguardServiceDelegate: onScreenTurnedOff()
12-17 19:32:23.297  3626  3626 E PTM.FileNodeInfo: getTempInfo error: null, 0
12-17 19:32:23.297  3626  3626 E PTM.FileNodeInfo: getTempInfo error: null, 0
12-17 19:32:23.297  3626  3626 E PTM.FileNodeInfo: getTempInfo error: null, 0
12-17 19:32:23.297  1795  1825 I WindowManger_keyguard: onScreenTurnedOff()
12-17 19:32:23.297  3626  3626 E PTM.FileNodeInfo: getTempInfo error: null, 0
12-17 19:32:23.297  3626  3626 E PTM.FileNodeInfo: getTempInfo error: null, 0
12-17 19:32:23.297  3626  3626 E PTM.FileNodeInfo: getTempInfo error: null, 0
12-17 19:32:23.297  3626  3626 E PTM.FileNodeInfo: getTempInfo error: null, 0
12-17 19:32:23.297  3626  3626 E PTM.FileNodeInfo: getTempInfo error: null, 0
12-17 19:32:23.297  3626  3626 E PTM.FileNodeInfo: getTempInfo error: null, 0
12-17 19:32:23.297  3626  3626 E PTM.FileNodeInfo: getTempInfo error: null, 0
12-17 19:32:23.297  3626  3626 E PTM.FileNodeInfo: getTempInfo error: null, 0
12-17 19:32:23.297  3626  3626 E PTM.FileNodeInfo: getTempInfo error: null, 0
12-17 19:32:23.297  3626  3626 E PTM.FileNodeInfo: getTempInfo error: null, 0
12-17 19:32:23.297  1795  1825 W HwScreenOnProximityLock: releaseLock: return because sensor listener is held = false
12-17 19:32:23.297  3626  3626 E PTM.FileNodeInfo: getTempInfo error: null, 0
12-17 19:32:23.297  3626  3626 E PTM.FileNodeInfo: getTempInfo error: null, 0
12-17 19:32:23.297  3626  3626 E PTM.FileNodeInfo: getTempInfo error: null, 0
12-17 19:32:23.297  3626  3626 E PTM.FileNodeInfo: getTempInfo error: null, 0
12-17 19:32:23.297  2852  2866 D KeyguardService: Caller checkPermission fail
12-17 19:32:23.297  1795  1825 D HwNormalizedAutomaticBrightnessController: set power status:mPowerStatus=true,powerStatus=false
12-17 19:32:23.297  3626  3626 E PTM.FileNodeInfo: getTempInfo error: null, 0
12-17 19:32:23.297  2852  2866 D KeyguardService: KGSvcCall onScreenTurnedOff.
12-17 19:32:23.297  3626  3626 E PTM.FileNodeInfo: getTempInfo error: null, 0
12-17 19:32:23.297  2852  2866 D KeyguardViewMediator: notifyScreenTurnedOff
12-17 19:32:23.297  3626  3626 E PTM.FileNodeInfo: getTempInfo error: null, 0
12-17 19:32:23.297  3626  3626 E PTM.FileNodeInfo: getTempInfo error: null, 0
12-17 19:32:23.297  3626  3626 E PTM.FileNodeInfo: getTempInfo error: null, 0
12-17 19:32:23.297  3626  3626 E PTM.FileNodeInfo: getTempInfo error: null, 0
12-17 19:32:23.297  3626  3626 E PTM.FileNodeInfo: getTempInfo error: null, 0
12-17 19:32:23.297  3626  3626 E PTM.FileNodeInfo: getTempInfo error: null, 0
12-17 19:32:23.297  1795  3884 I NotificationManager: cancelNotificationWithTag pid 2852,uid = 10033,tag = low_battery,pkg =com.android.systemui,id =2132017204
12-17 19:32:23.297  1795  1825 D DisplayPowerController: Animating brightness: target=0, rate=0
12-17 19:32:23.298  1795  1825 I PowerManager_screenOn: PowerManagerServiceonProximityNegative -> updatePowerStateLocked
12-17 19:32:23.298  1795  1825 D PowerManagerService: userActivityNoUpdateLocked: eventTime=123049014, event=0, flags=0x0, uid=1000
12-17 19:32:23.298  1795  1795 I NotificationManager: cancelNotification,index:-1
12-17 19:32:23.298  1795  1825 I PowerManager_screenOn: PowerManagerNotifier onUserActivity: event=0, uid=1000
12-17 19:32:23.298  1795  1825 I PowerManager_screenOn: PowerManagerService wakeUpNoUpdateLocked: eventTime=123049014, uid=1000
12-17 19:32:23.298  1795  1825 I PowerManager_screenOn: PowerManagerService Waking up from sleep (uid 1000)...
12-17 19:32:23.298  1795  1825 I PowerManager_screenOn: PowerManagerNotifier onWakefulnessChangeStarted: wakefulness=1, reason=0, interactive=true, mInteractive=false, mInteractiveChanging=false
12-17 19:32:23.298  2852  2852 I HwPowerUI: processLowerBatteryLevel plugged:false batteryLevel:78 intent:act:android.intent.action.BATTERY_CHANGED  flag:1610612752 technology=Li-ion icon-small=17303220 max_charging_voltage=0 health=2 max_charging_current=0 status=3 plugged=0 present=true charge_counter=0 level=78 scale=100 temperature=272 voltage=4057 invalid_charger=0 
12-17 19:32:23.298  2852  2852 I HwPowerUI: doTemperatueWarning, health:2
12-17 19:32:23.298  2852  2852 I HwBatteryManager: onBatteryLevelChanged: level=78, pluggedIn=false, charging=false, PercentColor=-1275068417
12-17 19:32:23.298  1795  1825 D PowerManagerService: Acquiring suspend blocker "PowerManagerService.Broadcasts".
12-17 19:32:23.299  1795  1825 I PowerManager_screenOn: PowerManagerNotifier onWakeUp: event=android.server.power:POWER, reasonUid=1000 opPackageName=android opUid=1000
12-17 19:32:23.299  3626  3626 I iMonitor: create: 903001012
12-17 19:32:23.299  1795  1825 D PowerManagerService: userActivityNoUpdateLocked: eventTime=123049014, event=0, flags=0x0, uid=1000
12-17 19:32:23.299  1795  1825 I PowerManager_screenOn: PowerManagerNotifier onUserActivity: event=0, uid=1000
12-17 19:32:23.299  1795  1825 I PowerManager_screenOn: PowerManagerServiceonProximityNegative by Phone
12-17 19:32:23.299  1795  1825 D PowerManagerService: setColorTemperatureAccordingToSetting
12-17 19:32:23.299  1795  1825 D HwPowerManagerService: setColorTemperatureAccordingToSetting
12-17 19:32:23.299  1795  1825 D HwPowerManagerService: isDisplayFeatureSupported feature:1
12-17 19:32:23.299  1795  1825 D HW_DISPLAY_EFFECT: hw_get_smart_display_supported: start++
12-17 19:32:23.299  1795  1825 D HW_DISPLAY_EFFECT: hw_get_smart_display_supported: end--
12-17 19:32:23.299  1795  1825 D HWPowerManger_JNI: Surport 3 dimension color temperature.
12-17 19:32:23.299  1795  1825 D HwPowerManagerService: setColorTemperatureAccordingToSetting new.
12-17 19:32:23.299  1795  1825 D HwPowerManagerService: ColorTemperature read from old setting:128
12-17 19:32:23.299  1795  1825 D HwPowerManagerService: setColorTemperature:128
12-17 19:32:23.300  1795  1825 D HW_DISPLAY_EFFECT: hw_set_colortemperature: start++
12-17 19:32:23.300  1795  1825 W HW_DISPLAY_EFFECT: Warning: hw_set_colortemperature is COLOR_TEMP_2_DIMENSION interface, not supported presently.
12-17 19:32:23.300  1795  1825 D HW_DISPLAY_EFFECT: hw_set_colortemperature: end--
12-17 19:32:23.300  1795  1825 D PowerManagerService: ready=false,policy=3,wakefulness=1,wksummary=0x10,uasummary=0x1,bootcompleted=true,boostinprogress=false,waitmodeenable=false,mode=true,manual=33,auto=-1,adj=0.0userId=0
12-17 19:32:23.300  1795  1825 I PowerManager_screenOn: DisplayPowerController updatePowerState mPendingRequestLocked=policy=BRIGHT, useProximitySensor=true, useProximitySensorbyPhone=true, screenBrightness=33, screenAutoBrightnessAdjustment=0.0, brightnessSetByUser=true, useAutoBrightness=true, blockScreenOn=false, lowPowerMode=false, boostScreenBrightness=false, dozeScreenBrightness=-1, dozeScreenState=UNKNOWN, useTwilight=false, useSmartBacklight=true, brightnessWaitMode=false, brightnessWaitRet=true, screenAutoBrightness=-1, userId=0
12-17 19:32:23.300  1795  1825 I PowerManager_screenOn: DisplayPowerStatesetScreenState: state=2
12-17 19:32:23.300  1795  1825 D FpDataCollector: DisplayPowerState :ON
12-17 19:32:23.300  3180  3578 I ash     : 1795 binder call 2852
12-17 19:32:23.300  1795  1795 I WindowManger_keyguard: Started waking up...
12-17 19:32:23.300  1795  1795 I WindowManger_keyguard: onStartedWakingUp()
12-17 19:32:23.301  7741  7758 D TmoMonitor: Cache monitor msg as screen_off
12-17 19:32:23.301  1795  1795 I PowerManager_screenOn: PowerManagerNotifier Sending wake up broadcast.
12-17 19:32:23.301  2852  3344 D KeyguardService: Caller checkPermission fail
12-17 19:32:23.301  2852  3344 D KeyguardService: KGSvcCall onStartedWakingUp.
12-17 19:32:23.301  1795  1795 I SendBroadcastPermission: action:android.intent.action.SCREEN_ON, mPermissionType:0
12-17 19:32:23.301  2852  3344 W HwLockScreenReporter: report result = falsereport type:122 msg:
12-17 19:32:23.301  2852  3344 D KeyguardViewMediator: onStartedWakingUp, seq = 474
12-17 19:32:23.301  2852  3344 D KeyguardViewMediator: notifyStartedWakingUp
12-17 19:32:23.301  2852  3344 W AppHandler: sendMessage 14
12-17 19:32:23.304  1795  1795 I HwActivityManagerService: Split enqueueing broadcast [callerApp]:ProcessRecord{34bf34f 0:system/1000}
12-17 19:32:23.304  1795  1795 I ActivityManager_broadcast: Enqueueing ordered broadcast[foreground] BroadcastRecord{f0d99af u-1 android.intent.action.SCREEN_ON}: prev had 0
12-17 19:32:23.305  1795  1808 I ActivityManager_broadcast: dispatch ordered broadcast [foreground] BroadcastRecord{f0d99af u-1 android.intent.action.SCREEN_ON}, has 57 receivers
12-17 19:32:23.311  1795  2377 I AwareLog: AwareMem_DMEServer: start
12-17 19:32:23.311  3626  3626 I iMonitor: send: 903001012
12-17 19:32:23.312   818  1152 I logserver: handle_exception_events enter
12-17 19:32:23.314  3626  3770 I LSC_903001012: process buffer and get message
12-17 19:32:23.314  1795  2377 I AwareLog: AwareMem_EventTracker: [SCREEN_ON_1481974343311] is abandoned for memory 828460
12-17 19:32:23.316  1795  1795 D HwWifiP2pService: onReceive, action:android.intent.action.SCREEN_ON
12-17 19:32:23.316  1795  2668 D WifiP2pService: InactiveState143466
12-17 19:32:23.316  1795  2668 E HwWifiP2pService: Unhandled message when=123049032 what=143466 arg1=0 arg2=0
