12-17 19:40:23.630  1795  1825 D DisplayPowerController: Animating brightness: target=46, rate=0
12-17 19:40:23.630  1795  1825 D DisplayPowerController: Unfinished business...
12-17 19:40:23.631  1795  1825 I PowerManager_screenOn: DisplayPowerController updatePowerState mPendingRequestLocked=policy=BRIGHT, useProximitySensor=false, useProximitySensorbyPhone=true, screenBrightness=33, screenAutoBrightnessAdjustment=0.0, brightnessSetByUser=true, useAutoBrightness=true, blockScreenOn=false, lowPowerMode=false, boostScreenBrightness=false, dozeScreenBrightness=-1, dozeScreenState=UNKNOWN, useTwilight=false, useSmartBacklight=true, brightnessWaitMode=false, brightnessWaitRet=true, screenAutoBrightness=-1, userId=0
12-17 19:40:23.631 32607 32607 W ContextImpl: Calling a method in the system process without a qualified user: android.app.ContextImpl.startService:1527 android.content.ContextWrapper.startService:613 android.content.ContextWrapper.startService:613 com.huawei.betaclub.receiver.RouteSystemReceiver.onReceive:17 android.app.ActivityThread.handleReceiver:3177 
12-17 19:40:23.631  1795  1825 D DisplayPowerController: Animating brightness: target=46, rate=40
12-17 19:40:23.631  1795  1825 D DisplayPowerController: Finished business...
12-17 19:40:23.631  1795 20747 I ActivityManager_service: retrieveServiceLocked, callerApp: ProcessRecord{e68e93f 32607:com.huawei.betaclub/1000}, flags: 10000400
12-17 19:40:23.631  1795  1825 D FpDataCollector: case 011, screen on after unlock succ
12-17 19:40:23.632  1795 20747 I ActivityManager_service: bindServiceLocked, r: ServiceRecord{67f7651 u0 euid: 0 com.huawei.betaclub/.receiver.RouteService}, euid: 0
12-17 19:40:23.632  1795  2750 I PowerManager_screenOn: DisplayPowerState Updating screen state: state=ON, backlight=1803
12-17 19:40:23.632  1795 16232 D NetdConnector: SND -> {11640 bandwidth gettetherstats}
12-17 19:40:23.632  1795  2750 I HwLightsService: back light level before map = 1803
12-17 19:40:23.633  1795 20814 E FpDataCollector: STATS_UNLOCK_FILE doesn't exist!
12-17 19:40:23.633  1795 20814 E FpDataCollector: /data/log/fingerprint/fpc_unlock.json doesn't exist!
12-17 19:40:23.633  1795  2665 D NetdConnector: RCV <- {200 11640 Tethering stats list completed}
12-17 19:40:23.635  2852  2852 I HwNavigationBarTransitions: setBackgroundColor:new=0, old=0
12-17 19:40:23.635  2852  2852 D KeyguardViewMediator: handleNotifyWakingUp
12-17 19:40:23.635  2852  2852 I PhoneStatusBar: onStartedWakingUp
12-17 19:40:23.635  1795  2665 D NetdConnector: RCV <- {200 11640 Tethering stats list completed}
12-17 19:40:23.635  1795  3253 I NotificationManager: onNotificationVisibilityChanged called
12-17 19:40:23.636  2852  2852 V KeyguardUpdateMonitor: FingerStat Visible: false; Interactive: true; Switching: false; Bouncer:false; GoingToSleep: false Occluded: false; dreaming: false; Authenticated: false
12-17 19:40:23.636  2852  2852 I KeyguardUpdateMonitor: Ignore update FP: 0 false
12-17 19:40:23.636 16628  1435 E HW-JPEG-DEC: [HME_JPEG_DEC_Delete](3298): HME_JPEG_DEC_Delete: decoder_ctx=null
12-17 19:40:23.637  2852  2852 D TimeKeeper: getTimeTickInfo:[mMillisUntilFinished:0, mHour:0, mMinute:0, mSecond:0]
12-17 19:40:23.637  2852  2852 E KeyguardUpdateMonitor: isSimPinSecure mSimDatas is null or empty 
12-17 19:40:23.637  2852  2852 E KeyguardUpdateMonitor: isSimPinSecure mSimDatas is null or empty 
12-17 19:40:23.637  2852  2852 W HwLockScreenPanel: createLockScreenView when reset
12-17 19:40:23.637  2852  2852 I HwLockScreenPanel: loadMagazine
12-17 19:40:23.637  2852  2852 V KeyguardStatusView: Enable transport text marquee
12-17 19:40:23.637  1795  1795 I HwActivityManagerService: Split enqueueing broadcast [callerApp]:ProcessRecord{34bf34f 0:system/1000}
12-17 19:40:23.638  1795  1795 I ActivityManager_broadcast: Enqueueing ordered broadcast[foreground] BroadcastRecord{df83eb6 u-1 android.intent.action.SCREEN_ON}: prev had 0
12-17 19:40:23.638  1795  1808 I ActivityManager_broadcast: dispatch ordered broadcast [foreground] BroadcastRecord{df83eb6 u-1 android.intent.action.SCREEN_ON}, has 58 receivers
12-17 19:40:23.638  1795  2709 I ActivityManager_service: retrieveServiceLocked, callerApp: ProcessRecord{34bf34f 0:system/1000}, flags: 10000400
12-17 19:40:23.639  3180  3578 I ash     : com.tencent.mm { hibernation duration=387 } transition to: running reason:unlock_notfication
12-17 19:40:23.639  3180  3578 I ash     : clear hibernation actions!
12-17 19:40:23.639  1795 16232 W NetworkStatsFactory: mStatsXtProcUid: /proc/net/comm/stats does not exist!
12-17 19:40:23.639  1795 16232 D HwNetworkStatsService: mActiveIface: null
12-17 19:40:23.639  1795  2709 I ActivityManager_service: retrieveServiceLocked, callerApp: ProcessRecord{34bf34f 0:system/1000}, flags: 10000400
12-17 19:40:23.640  1795  3110 I PGManagerService: proxyWakeLockByPidUid, pid: 4492, uid: 10105, proxy: false
12-17 19:40:23.640 16628  1435 I SendBroadcastPermission: action:com.huawei.android.action.launcher_weather_icon_change, mPermissionType:0
12-17 19:40:23.641  2883  3125 I HwSystemManager: StartupResidentService:InnerHandler Message:7
12-17 19:40:23.641  1795 16232 I SendBroadcastPermission: action:com.android.server.action.NETWORK_STATS_UPDATED, mPermissionType:0
12-17 19:40:23.642  2852  2852 W HwLockScreenPanel: Handle message: 14
12-17 19:40:23.642  2852  2852 D PhoneStatusBar: makeExpandedInvisible: mExpandedVisible=true
12-17 19:40:23.642  2852  2852 I PanelBar: collapsePanel:false
12-17 19:40:23.642  2852  2852 I PanelView: closeQs
12-17 19:40:23.642  2852  2852 I QSContainer: updateQsState:false
12-17 19:40:23.642  2852  2852 I QSContainer: updateQsState:false
12-17 19:40:23.642  2852  2852 I StackScroller: setScrollingEnabled: true
12-17 19:40:23.642  2852  2852 I PanelView: instantCollapse
12-17 19:40:23.642  2852  2852 I PanelBar: collapsePanel2
12-17 19:40:23.642  2852  2852 I PanelView: closeQs
12-17 19:40:23.642 32607 32607 I BetaClub: [RouteService.onStartCommand]
12-17 19:40:23.643  1795 17832 I NotificationManager: onNotificationVisibilityChanged called
12-17 19:40:23.643  2852  2852 W StatusBarWindowManager: Apply window Height 72
12-17 19:40:23.643  2852  2852 I StatusBarWindowManager: apply mLp:0 -> 0; Height: 72; Flag: 81840048
12-17 19:40:23.643 32607 20815 I BetaClub: [UserPresentReceiver.onReceive]Start!
12-17 19:40:23.644  2852  2852 W StatusBarWindowManager: Apply window Height 72
12-17 19:40:23.644  2852  2852 I StatusBarWindowManager: apply skiped :0
12-17 19:40:23.644  2852  2852 I PhoneStatusBar: resumeSuspendedAutohide
12-17 19:40:23.644  2852  2852 I BarTransitions.HwPhoneStatusBarView: transitionTo: mode=MODE_TRANSLUCENT, animate=false
12-17 19:40:23.644  2852  2852 I BarTransitions.HwNavigationBarView: transitionTo: mode=MODE_TRANSLUCENT, animate=false
12-17 19:40:23.644  2852  2852 I HwNavigationBarTransitions: transitionTo:mode=2, isEmuiStyle=false
12-17 19:40:23.644  2852  2852 D PhoneStatusBar: disable: < expand icons* alerts system_info* back home recent clock navigationbar search quick_settings >
12-17 19:40:23.645  2852  2852 W HwLockScreenPanel: Handle message: 10
12-17 19:40:23.645 32607 20815 I BetaClub: [ReceiverUtils.reportVersionInfo]
12-17 19:40:23.646  1795  2709 I ActivityManager_service: retrieveServiceLocked, callerApp: ProcessRecord{34bf34f 0:system/1000}, flags: 10000400
12-17 19:40:23.646 32607 32622 D AndroidCommon: [SdcardManager.isMounted]Path:/storage/emulated/0
12-17 19:40:23.646  3180  3578 I ash     : Unproxy wakelock uid = 10105 pid = 4492
12-17 19:40:23.647 32607 20815 D BetaClub: [LoginActivity.isLoggedIn]isLoggedIn:true
12-17 19:40:23.647 32607 20815 I BetaClub: [ReceiverUtils.launchNotificationPollService]Start
12-17 19:40:23.647  2883  3125 I HwSystemManager: StartupResidentService:InnerHandler Message:7
12-17 19:40:23.647  1795 11747 I PGManagerService: proxyWakeLockByPidUid, pid: 4634, uid: 10105, proxy: false
12-17 19:40:23.647  1795  3238 I HwActivityManagerService: Split enqueueing broadcast [callerApp]:ProcessRecord{fddc75d 16628:com.huawei.android.totemweather/u0a28}
12-17 19:40:23.647  3180  3578 I ash     : Unproxy wakelock uid = 10105 pid = 4634
12-17 19:40:23.648  1795  1805 I PGManagerService: proxyWakeLockByPidUid, pid: 18589, uid: 10105, proxy: false
12-17 19:40:23.648  1795 16232 I HwActivityManagerService: Split enqueueing broadcast [callerApp]:ProcessRecord{34bf34f 0:system/1000}
12-17 19:40:23.648  1795 16232 D PowerManagerService: release:lock=184063844, flg=0x0, tag="NetworkStats", name=android", ws=null, uid=1000, pid=1795
12-17 19:40:23.648  3879  3879 I HwLauncher: Launcher onResume()
12-17 19:40:23.648  1795 16232 D PowerManagerService: ready=true,policy=3,wakefulness=1,wksummary=0x0,uasummary=0x1,bootcompleted=true,boostinprogress=false,waitmodeenable=false,mode=true,manual=33,auto=-1,adj=0.0userId=0
12-17 19:40:23.648  3180  3578 I ash     : Unproxy wakelock uid = 10105 pid = 18589
12-17 19:40:23.648  1795 16232 D PowerManagerService: Releasing suspend blocker "PowerManagerService.WakeLocks".
12-17 19:40:23.648  3879  3879 I HwLauncher: Launcher doResumeWork()
12-17 19:40:23.648  1795  6985 D ActivityManager: getRecentTasks: num=1,flags=5,totalTasks=47
12-17 19:40:23.648  1795  6985 D ActivityManager: getRecentTasks: topActivity=ComponentInfo{com.huawei.android.launcher/com.huawei.android.launcher.unihome.UniHomeLauncher}
12-17 19:40:23.648 32607 32607 I UX      : CollectorManager--isCollectorEnabled--getBoolean: false
12-17 19:40:23.649  1795 11745 D PowerManagerService: acquire lock=60141323, flags=0x1, tag="hibernation", name=com.huawei.powergenie, ws=null, uid=1000, pid=3180
12-17 19:40:23.649  1795 11745 D PowerManagerService: ready=true,policy=3,wakefulness=1,wksummary=0x1,uasummary=0x1,bootcompleted=true,boostinprogress=false,waitmodeenable=false,mode=true,manual=33,auto=-1,adj=0.0userId=0
12-17 19:40:23.649  1795 11745 D PowerManagerService: Acquiring suspend blocker "PowerManagerService.WakeLocks".
12-17 19:40:23.650 32607 32622 D AndroidCommon: [SdcardManager.isMounted]Mounted:/storage/emulated/0:true
12-17 19:40:23.651  2852  2852 W CameraLayout: Cameralayout setVisibility. true false  2
12-17 19:40:23.651  2852  2852 D MagazineDetailView: resetPagerState
12-17 19:40:23.651  2852  2852 I HwBackDropView: checkVisibility : false; false
12-17 19:40:23.652  2852  2852 W DisabledFeatureUtils: Dis-Feature : 0
12-17 19:40:23.653  2852  2852 W DisabledFeatureUtils: Dis-Feature : 0
12-17 19:40:23.653  3879  3879 I HwLauncher: Launcher  onResume mIsToUninstallApp = false
12-17 19:40:23.653  3879  3879 I HwLauncher: Launcher  Launcher hot start cost 41 ms
12-17 19:40:23.653  2883  3125 I HwSystemManager: StartupResidentService:InnerHandler Message:7
12-17 19:40:23.653  2883  3040 E HwSystemManager: TrafficNotifyAfterLocked:screen notification will not notify
12-17 19:40:23.653 32607 20815 W ContextImpl: Calling a method in the system process without a qualified user: android.app.ContextImpl.startService:1527 android.content.ContextWrapper.startService:613 com.huawei.androidcommon.utils.ComponentUtils.startOrStopService:28 com.huawei.betaclub.receiver.utils.ReceiverUtils.launchNotificationPollService:129 com.huawei.betaclub.receiver.receiver.UserPresentReceiver.onReceive:23 
