12-17 19:31:51.055  1795  1825 D DisplayPowerController: Display ready!
12-17 19:31:51.055  2852  2866 D KeyguardService: Caller checkPermission fail
12-17 19:31:51.055  1795  1825 D DisplayPowerController: Finished business...
12-17 19:31:51.055  2852  2866 D KeyguardService: KGSvcCall onStartedWakingUp.
12-17 19:31:51.055  2852  2866 W HwLockScreenReporter: report result = falsereport type:122 msg:
12-17 19:31:51.055  2852  2866 D KeyguardViewMediator: onStartedWakingUp, seq = 469
12-17 19:31:51.055  2852  2866 D KeyguardViewMediator: notifyStartedWakingUp
12-17 19:31:51.055   835  2385 E libteec : receive data len = 128
12-17 19:31:51.055   835  2385 E libteec : begin
12-17 19:31:51.055   835  2385 E libteec : qsc_decode end
12-17 19:31:51.055  2852  2866 W AppHandler: sendMessage 14
12-17 19:31:51.055   835  2385 D fpc_fingerprint_hal: worker idle
12-17 19:31:51.055  2852  2852 D KeyguardViewMediator: handleNotifyWakingUp
12-17 19:31:51.055   835   835 E libteec : begin
12-17 19:31:51.055  2852  2852 I PhoneStatusBar: onStartedWakingUp
12-17 19:31:51.055  2852  2852 V KeyguardUpdateMonitor: FingerStat Visible: false; Interactive: true; Switching: false; Bouncer:false; GoingToSleep: false Occluded: false; dreaming: false; Authenticated: false
12-17 19:31:51.055  2852  2852 V KeyguardUpdateMonitor: KGSvcFp stopListeningForFingerprint(). 1
12-17 19:31:51.055  1795  3121 I Security_fingerprint: FingerprintService cancelAuthentication
12-17 19:31:51.055  2852  2852 W KeyguardUpdateMonitor: Fingerprint RunningStateChanged. 2
12-17 19:31:51.055  2852  2866 D KeyguardService: Caller checkPermission fail
12-17 19:31:51.055  2852  2866 D KeyguardService: KGSvcCall onScreenTurnedOn.
12-17 19:31:51.055  2852  2866 D KeyguardViewMediator: notifyScreenTurnedOn
12-17 19:31:51.056  1795  1825 D FpDataCollector: case xxx, not a fingerprint unlock 
12-17 19:31:51.056   606  2379 E libteec : receive data len = 128
12-17 19:31:51.056  1795  1825 D PowerManagerService: ready=true,policy=3,wakefulness=1,wksummary=0x10,uasummary=0x1,bootcompleted=true,boostinprogress=false,waitmodeenable=false,mode=true,manual=33,auto=-1,adj=0.0userId=0
12-17 19:31:51.056  1795  1825 I PowerManager_screenOn: PowerManagerNotifier onWakefulnessChangeFinished mInteractiveChanging=true, mInteractive=true
12-17 19:31:51.056  1795  1825 E PowerManagerService: startDreaming = false
12-17 19:31:51.056  2852  2852 D TimeKeeper: getTimeTickInfo:[mMillisUntilFinished:0, mHour:0, mMinute:0, mSecond:0]
12-17 19:31:51.056  2852  2852 E KeyguardUpdateMonitor: isSimPinSecure mSimDatas is null or empty 
12-17 19:31:51.056  2852  2852 E KeyguardUpdateMonitor: isSimPinSecure mSimDatas is null or empty 
12-17 19:31:51.056  2852  2852 W HwLockScreenPanel: createLockScreenView when reset
12-17 19:31:51.056  2852  2852 I HwLockScreenPanel: loadMagazine
12-17 19:31:51.057  2852  2852 V KeyguardStatusView: Enable transport text marquee
12-17 19:31:51.060   606  2379 E libteec : QSEECom_send_cmd return!
12-17 19:31:51.060   606  2379 E libteec : qsc_send_cmd finish
12-17 19:31:51.060   835   835 E libteec : receive data len = 128
12-17 19:31:51.060   835   835 E libteec : begin
12-17 19:31:51.060   835   835 E libteec : qsc_decode end
12-17 19:31:51.060   835   835 D fpc_fingerprint_hal: fpc_get_authenticator_id id 14657234628792947271
12-17 19:31:51.060   835  2385 E libteec : begin
12-17 19:31:51.060  1795  2326 V FingerprintService: startAuthentication(com.android.systemui)
12-17 19:31:51.060   606  2379 E libteec : send data return = 128
12-17 19:31:51.060   606  2379 E libteec : receive data len = 128
12-17 19:31:51.061  1795  2326 V FingerprintService: starting client AuthenticationClient(com.android.systemui), initiatedByClient = true)
12-17 19:31:51.061   835   835 I fingerprintd: FingerprintDaemonProxyEx::onTransact, code:1
12-17 19:31:51.061   835   835 V fingerprintd: authenticate(sid=0, gid=0)
12-17 19:31:51.061  2852  2852 W HwLockScreenPanel: Handle message: 14
12-17 19:31:51.061  2852  2852 D KeyguardViewMediator: handleNotifyScreenTurnedOn
12-17 19:31:51.061  2852  2852 I PhoneStatusBar: onScreenTurnedOn
12-17 19:31:51.061  2852  2852 D KGWallpaper_Magazine: getNextIndex: 0; from 5 to 5; size: 44
12-17 19:31:51.061  2852  2852 I HwLockScreenReporter: report msg is :{picture: Deepwater-05-2.3.001-bigpicture_05_8.jpg}
12-17 19:31:51.061  2852  2852 W HwLockScreenReporter: report result = falsereport type:162 msg:{picture: Deepwater-05-2.3.001-bigpicture_05_8.jpg, channelId: 05}
12-17 19:31:51.061  2852  2852 I OucScreenOnCounter: Screen already turned on at: 1481974212
12-17 19:31:51.062  1795  2750 D HW_DISPLAY_EFFECT: presently, hw_update_color_temp_for_rg_led interface not achieved.
12-17 19:31:51.062  2852  2852 W DisabledFeatureUtils: Dis-Feature : 0
12-17 19:31:51.062  2852  2852 W DisabledFeatureUtils: Dis-Feature : 0
12-17 19:31:51.071   606  2379 E libteec : QSEECom_send_cmd return!
12-17 19:31:51.071   606  2379 E libteec : qsc_send_cmd finish
12-17 19:31:51.071   606  2379 E libteec : send data return = 128
12-17 19:31:51.071   835  2385 E libteec : receive data len = 128
12-17 19:31:51.071   835  2385 E libteec : begin
12-17 19:31:51.071   835  2385 E libteec : qsc_decode end
12-17 19:31:51.071   835  2385 D fpc_fingerprint_hal: worker idle
12-17 19:31:51.071   835  2385 D fpc_fingerprint_hal: workerFunction STATE_AUTHENTICATE
12-17 19:31:51.071   835  2385 E libteec : begin
12-17 19:31:51.071   606  2379 E libteec : receive data len = 128
12-17 19:31:51.071  1795  2326 W FingerprintService: client com.android.systemui is authenticating...
12-17 19:31:51.071  1795  2326 V FingerprintService: stop client com.android.systemui
12-17 19:31:51.072   835   835 I fingerprintd: FingerprintDaemonProxyEx::onTransact, code:2
12-17 19:31:51.072   835   835 V fingerprintd: stopAuthentication()
12-17 19:31:51.072   835   835 D fpc_fingerprint_hal: fpc_cancel
12-17 19:31:51.072  2852  2852 I StatusBar: onNotificationPosted: StatusBarNotification(pkg=com.huawei.health user=UserHandle{0} id=10010 tag=null key=0|com.huawei.health|10010|null|10099: Notification(pri=0 contentView=null vibrate=null sound=null defaults=0x0 flags=0x62 color=0x00000000 vis=PRIVATE)) important=2, post=1481974310925, when=1481531589202, vis=0, userid=0
12-17 19:31:51.072  2852  2852 D StatusBar: updateNotification(StatusBarNotification(pkg=com.huawei.health user=UserHandle{0} id=10010 tag=null key=0|com.huawei.health|10010|null|10099: Notification(pri=0 contentView=null vibrate=null sound=null defaults=0x0 flags=0x62 color=0x00000000 vis=PRIVATE)))
12-17 19:31:51.072  2852  2852 D HwCust  : Create obj success use class android.app.HwCustNotificationImpl
12-17 19:31:51.073  2852  2852 I StatusBarIconView: updateTint: tint=0
12-17 19:31:51.074  2852  2852 D StatusBar: No peeking: unimportant notification: 0|com.huawei.health|10010|null|10099
12-17 19:31:51.074  2852  2852 D StatusBar: applyInPlace=true shouldPeek=false alertAgain=true
12-17 19:31:51.074  2852  2852 I NotificationGroupManager: onEntryUpdated:0|com.huawei.health|10010|null|10099
12-17 19:31:51.074  2852  2852 I NotificationGroupManager: onEntryAdded:0|com.huawei.health|10010|null|10099, group=0|com.huawei.health|10010|null|10099
12-17 19:31:51.074  2852  2852 D StatusBar: reusing notification for key: 0|com.huawei.health|10010|null|10099
12-17 19:31:51.074  2852  2852 D HwCust  : Create obj success use class android.app.HwCustNotificationImpl
12-17 19:31:51.074  2852  2852 D HwCust  : Create obj success use class android.app.HwCustNotificationImpl
12-17 19:31:51.075   606  2379 E libteec : QSEECom_send_cmd return!
12-17 19:31:51.075   606  2379 E libteec : qsc_send_cmd finish
12-17 19:31:51.075   606  2379 E libteec : send data return = 128
12-17 19:31:51.075  2852  2852 I StatusBarIconView: updateTint: tint=0
12-17 19:31:51.075   835  2385 E libteec : receive data len = 128
12-17 19:31:51.075   835  2385 E libteec : begin
12-17 19:31:51.075   835  2385 E libteec : qsc_decode end
12-17 19:31:51.075   835  2385 I fpc_tac : fpc_tac_send_get_indices_cmd indices:0x7f9860c000, index_count:1
12-17 19:31:51.075   835  2385 E libteec : begin
12-17 19:31:51.075   606  2379 E libteec : receive data len = 1152
12-17 19:31:51.079   606  2379 E libteec : QSEECom_send_cmd return!
12-17 19:31:51.079   606  2379 E libteec : qsc_send_cmd finish
12-17 19:31:51.079   606  2379 E libteec : send data return = 1152
12-17 19:31:51.079   835  2385 E libteec : receive data len = 1152
12-17 19:31:51.079   835  2385 E libteec : begin
12-17 19:31:51.079   835  2385 E libteec : qsc_decode end
12-17 19:31:51.079   835  2385 E libteec : begin
12-17 19:31:51.079   606  2379 E libteec : receive data len = 128
