12-17 19:31:46.120  1795  1795 I Sensor  : updateLightsLocked --> level:78, status:3
12-17 19:31:46.120  1795  1795 I Sensor  : updateLightsLocked --> mBatteryLight.turnOff
12-17 19:31:46.121   606  2379 E libteec : QSEECom_send_cmd return!
12-17 19:31:46.121   606  2379 E libteec : qsc_send_cmd finish
12-17 19:31:46.121   606  2379 E libteec : send data return = 128
12-17 19:31:46.122   835  2385 E libteec : receive data len = 128
12-17 19:31:46.122   835  2385 E libteec : begin
12-17 19:31:46.122   835  2385 E libteec : qsc_decode end
12-17 19:31:46.122   835  2385 I fpc_tac : fpc_tac_send_get_indices_cmd indices:0x7f9860c000, index_count:1
12-17 19:31:46.122   835  2385 E libteec : begin
12-17 19:31:46.122   606  2379 E libteec : receive data len = 1152
12-17 19:31:46.122  1046 26554 V ThreadsEx: HDebug print the key screen_state
12-17 19:31:46.123  1046 26554 D audio_hw_primary: adev_set_parameters: enter: screen_state=off
12-17 19:31:46.123  1046 26554 I Huawei_audio_cust: huawei_audio huawei_choose_HandsFree_device_incall_forHWtest: test Type =4
12-17 19:31:46.123  1046 26554 I Huawei_audio_cust: huawei_audio huawei_choose_Handset_device_incall_forHWtest: test Type =4
12-17 19:31:46.123  1046 26554 I Huawei_audio_cust: get_spk_pa_type: pa is max98925
12-17 19:31:46.123  1046 26554 I Huawei_audio_cust: huawei_common_set_parameters: exit with code(0)
12-17 19:31:46.123  1046 26554 V Huawei_audio_cust: huawei_cust_set_parameters: exit with code(0)
12-17 19:31:46.123  1046 26554 V msm8916_platform: platform_set_parameters: enter: - screen_state=off
12-17 19:31:46.123  1046 26554 V msm8916_platform: platform_set_parameters: exit with code(0)
12-17 19:31:46.123  1046 26554 D audio_hw_extn: audio_extn_set_anc_parameters: anc_enabled:0
12-17 19:31:46.123  1046 26554 D audio_hw_spkr_prot: audio_extn_fbsp_set_parameters: Speaker protection disabled
12-17 19:31:46.123  1046 26554 V audio_hw_primary: adev_set_parameters: exit with code(0)
12-17 19:31:46.125   606  2379 E libteec : QSEECom_send_cmd return!
12-17 19:31:46.125   606  2379 E libteec : qsc_send_cmd finish
12-17 19:31:46.125   606  2379 E libteec : send data return = 1152
12-17 19:31:46.125   835  2385 E libteec : receive data len = 1152
12-17 19:31:46.125   835  2385 E libteec : begin
12-17 19:31:46.125   835  2385 E libteec : qsc_decode end
12-17 19:31:46.126   835  2385 E libteec : begin
12-17 19:31:46.126   606  2379 E libteec : receive data len = 128
12-17 19:31:46.126  1795  1795 I AlarmManager: set(PendingIntent{2f9e644: PendingIntentRecord{527f32d android broadcastIntent}}) : type=2 triggerAtTime=447102489 win=300000 tElapsed=447102489 maxElapsed=447402489 interval=0 flags=0x8
12-17 19:31:46.129  1795  1795 D HwPFWLogger: PFW.HwPFWService:mBroadcastReceiver action = android.intent.action.SCREEN_OFF
12-17 19:31:46.129   606  2379 E libteec : QSEECom_send_cmd return!
12-17 19:31:46.129   606  2379 E libteec : qsc_send_cmd finish
12-17 19:31:46.129   606  2379 E libteec : send data return = 128
12-17 19:31:46.129  1795  2708 D HwPFWLogger: PFW.HwPFWService:handle PFW_MSG_SYSTEM
12-17 19:31:46.129   835  2385 E libteec : receive data len = 128
12-17 19:31:46.129  1795  2708 D HwPFWLogger: PFW.HwPFWAppRestartPolicy:receive action = android.intent.action.SCREEN_OFF
12-17 19:31:46.129   835  2385 E libteec : begin
12-17 19:31:46.129   835  2385 E libteec : qsc_decode end
12-17 19:31:46.129   835  2385 I fpc_tac : fpc_tac_begin_identify---need_liveness_authentication: 0
12-17 19:31:46.129   835  2385 E libteec : begin
12-17 19:31:46.129   606  2379 E libteec : receive data len = 192
12-17 19:31:46.131  1795  1795 D WifiService: onReceive, action:android.intent.action.SCREEN_OFF
12-17 19:31:46.132  1795  2670 D WifiController: DeviceActiveState{ when=-1ms what=155651 target=com.android.internal.util.StateMachine$SmHandler }
12-17 19:31:46.132  1795  2670 D WifiController: StaEnabledState what=155651
12-17 19:31:46.132  1795  2670 D WifiController: DefaultState what=155651
12-17 19:31:46.132  1795  2670 D WifiController: wifiSleepPolicy:1
12-17 19:31:46.132  1795  2670 D WifiController: set idle timer: 1800000 ms
12-17 19:31:46.132  1795  2670 I AlarmManager: set(PendingIntent{50e3a01: PendingIntentRecord{a8130a6 android broadcastIntent}}) : type=0 triggerAtTime=1481976106132 win=0 tElapsed=444642496 maxElapsed=444642496 interval=0 flags=0x9
12-17 19:31:46.133   606  2379 E libteec : QSEECom_send_cmd return!
12-17 19:31:46.133   606  2379 E libteec : qsc_send_cmd finish
12-17 19:31:46.133   606  2379 E libteec : send data return = 192
12-17 19:31:46.133   835  2385 E libteec : receive data len = 192
12-17 19:31:46.133   835  2385 E libteec : begin
12-17 19:31:46.133   835  2385 E libteec : qsc_decode end
12-17 19:31:46.133   835  2385 I fpc_tac : fpc_tac_send_set_arbitrary_data_cmd:ok, response:0
12-17 19:31:46.133   835  2385 D fingerprintd: onAcquired(2001)
12-17 19:31:46.133   835  2385 E libteec : begin
12-17 19:31:46.134   606  2379 E libteec : receive data len = 128
12-17 19:31:46.134  1795 15987 W FingerprintService: onAcquired 1
12-17 19:31:46.134  1795  2326 W FingerprintService: onAcquired 2
12-17 19:31:46.135  2852  2852 V KeyguardUpdateMonitor: KGSvcFp onAuthenticationAcquired.2001
12-17 19:31:46.139  1795  2736 E hwintelligencewifi:  DefaultState MSG_SCREEN_OFF mIsAutoOpenSearch = false
12-17 19:31:46.140  1795  2377 I IO.IOStatsService: onReceive:screen off
12-17 19:31:46.144  1795  2377 I IO.IOStatsService: saveIOStatsAndLatestUids,the time interval is too shorter than the last screen off
12-17 19:31:46.146  2883  2883 D HwKeyguardManagerImpl: isLockScreenDisabled HwKeyguardManagerImpl result = false
12-17 19:31:46.147  1795 16500 D PowerManagerService: acquire lock=184063844, flags=0x1, tag="NetworkStats", name=android, ws=null, uid=1000, pid=1795
12-17 19:31:46.147  1795 16500 D PowerManagerService: ready=true,policy=0,wakefulness=0,wksummary=0x11,uasummary=0x0,bootcompleted=true,boostinprogress=false,waitmodeenable=false,mode=true,manual=33,auto=-1,adj=0.0userId=0
12-17 19:31:46.150  1795 16500 D NetdConnector: SND -> {11601 bandwidth gettetherstats}
12-17 19:31:46.152  1795  2665 D NetdConnector: RCV <- {200 11601 Tethering stats list completed}
12-17 19:31:46.152  1795  2665 D NetdConnector: RCV <- {200 11601 Tethering stats list completed}
12-17 19:31:46.153  2883  2883 I HwSystemManager: AntiMalManager:receive Broadcast ACTION_SCREEN_OFF mOnTimeSum:260909299 onTime:540316 isPowerConnected:false
12-17 19:31:46.153   606  2379 E libteec : QSEECom_send_cmd return!
12-17 19:31:46.153   606  2379 E libteec : qsc_send_cmd finish
12-17 19:31:46.153   606  2379 E libteec : send data return = 128
12-17 19:31:46.153   835  2385 E libteec : receive data len = 128
12-17 19:31:46.154   835  2385 E libteec : begin
12-17 19:31:46.154   835  2385 E libteec : qsc_decode end
12-17 19:31:46.154  2883  2883 I HwSystemManager: AutoCleanReceiveServer:receive action:android.intent.action.SCREEN_OFF
12-17 19:31:46.155  2883  2883 I HwSystemManager: AutoCleanReceiveServer:telemamanger state isIdle:true
12-17 19:31:46.155  2883  2883 I HwSystemManager: AutoCleanReceiveServer:checkToStartCleanService,phone is use state,phone is use,need not start clean service
12-17 19:31:46.159  1795 16500 W NetworkStatsFactory: mStatsXtProcUid: /proc/net/comm/stats does not exist!
12-17 19:31:46.159  1795 16500 D HwNetworkStatsService: mActiveIface: null
12-17 19:31:46.160  1795  3077 D GnssLocationProvider: receive broadcast intent, action: android.intent.action.SCREEN_OFF
12-17 19:31:46.160  1795  3077 I GnssLocationProvider: updateLowPowerMode,isPowerSaveMode:falseisInteractive:false
12-17 19:31:46.160  1795  3077 I GnssLocationProvider: disableGps:false  isEnabled()=true
12-17 19:31:46.161  1795 16500 I SendBroadcastPermission: action:com.android.server.action.NETWORK_STATS_UPDATED, mPermissionType:0
12-17 19:31:46.163  2852  3361 I vol.VolumeDialogControl: C onScreenOff 
12-17 19:31:46.163  2852  2852 I vol.VolumeDialog: VolumeDialogController.Callbacks onScreenOff
12-17 19:31:46.165  1795 16500 I HwActivityManagerService: Split enqueueing broadcast [callerApp]:ProcessRecord{34bf34f 0:system/1000}
12-17 19:31:46.165  1795 16500 D PowerManagerService: release:lock=184063844, flg=0x0, tag="NetworkStats", name=android", ws=null, uid=1000, pid=1795
12-17 19:31:46.165  1795 16500 D PowerManagerService: ready=true,policy=0,wakefulness=0,wksummary=0x11,uasummary=0x0,bootcompleted=true,boostinprogress=false,waitmodeenable=false,mode=true,manual=33,auto=-1,adj=0.0userId=0
12-17 19:31:46.165  3168  3168 I CHR_TelStatusListenr0: [Timer rat:0 level:5] suspend
12-17 19:31:46.165  3168  3168 I CHR_TelStatusListenr0: [Timer serviceState:0 simReady:true] suspend
12-17 19:31:46.165  3168  3168 I CHR_TelStatusListenr1: [Timer serviceState:1 simReady:false] suspend
12-17 19:31:46.166  3168  3168 I CHR_TelphonyStatusService: duration: 505165 STATUS_REPORT_TIMESPAN: 86400000 / (1000 * 60 * 60 * 24) day STATUS_REPORT_TIMESPAN_FOR_BETA: 21600000 / (1000 * 60 * 60 * 24) day
12-17 19:31:46.166  3168  3168 I CHR_ChrUtil: is Beta User, userType = 3
12-17 19:31:46.170  2852  3556 I NetworkController.MobileSignalController(0): onDataActivity: direction=0
