12-17 19:31:42.546  1795 15988 I SendBroadcastPermission: action:com.android.server.action.NETWORK_STATS_UPDATED, mPermissionType:0
12-17 19:31:42.546  1795  3077 D GnssLocationProvider: receive broadcast intent, action: android.intent.action.SCREEN_ON
12-17 19:31:42.546  1795  3077 I GnssLocationProvider: updateLowPowerMode,isPowerSaveMode:falseisInteractive:true
12-17 19:31:42.546  1795  3077 I GnssLocationProvider: disableGps:false  isEnabled()=true
12-17 19:31:42.548  1795 15988 I HwActivityManagerService: Split enqueueing broadcast [callerApp]:ProcessRecord{34bf34f 0:system/1000}
12-17 19:31:42.549  1795 15988 D PowerManagerService: release:lock=184063844, flg=0x0, tag="NetworkStats", name=android", ws=null, uid=1000, pid=1795
12-17 19:31:42.549  1795 15988 D PowerManagerService: ready=true,policy=3,wakefulness=1,wksummary=0x10,uasummary=0x1,bootcompleted=true,boostinprogress=false,waitmodeenable=false,mode=true,manual=33,auto=-1,adj=0.0userId=0
12-17 19:31:42.549  1795 15988 D PowerManagerService: Releasing suspend blocker "PowerManagerService.WakeLocks".
12-17 19:31:42.554  2883  3040 E HwSystemManager: TrafficNotifyAfterLocked:screen notification will not notify
12-17 19:31:42.554  2852  3556 I NetworkController.MobileSignalController(0): onDataActivity: direction=0
12-17 19:31:42.554  2852  3556 D NetworkController.MobileSignalController(0): mSimSubId:0 onDataActivity: direction=0
12-17 19:31:42.555  2852  3556 I NetworkController.MobileSignalController(0): onDataActivity: direction=0
12-17 19:31:42.555  2852  3556 D NetworkController.MobileSignalController(0): mSimSubId:0 onDataActivity: direction=0
12-17 19:31:42.555  3608  3608 I InCall  : ProximitySensor - ProximitySensor{keybrd=0, dpad=0, offhook=1, hor=0, ui=1, aud=EARPIECE}
12-17 19:31:42.555  3608  3608 D InCall  : ProximitySensor - Turning on proximity sensor
12-17 19:31:42.555  3608  3608 I InCall  : ProximitySensor - Proximity wake lock already acquired
12-17 19:31:42.556  2852  2852 I PowerUI : onReceive intent:act:android.intent.action.SCREEN_ON  flag:1342177296 
12-17 19:31:42.561  5215  5215 D wpa_supplicant: wpa_driver_nl80211_driver_cmd SETSUSPENDMODE 0 len = 0, 4096
12-17 19:31:42.561  5215  5215 D wpa_supplicant: CTRL-DEBUG: global_ctrl_sock-sendto: sock=16 sndbuf=229376 outq=0 send_len=3
12-17 19:31:42.562  1795  2728 D WifiHW  : wifi_send_command: cmd:'IFNAME=wlan0 PKTCNT_POLL'
12-17 19:31:42.562  5215  5215 D wpa_supplicant: wlan0: Control interface command 'PKTCNT_POLL'
12-17 19:31:42.562  1795  2736 E hwintelligencewifi: addCurrentApInfo info is already there
12-17 19:31:42.562  1795  2736 W hwintelligencewifi: updateBssidTimer time = 1481974302562
12-17 19:31:42.564  3180  3332 I BatteryMonitor: screen off: 0s, awake: 0s wakeups: 0, battery changed: 0
12-17 19:31:42.567  2883  2996 E HwSystemManager: SimCardMethod:/getSimCardInfo: imsi is null
12-17 19:31:42.567  3180  3578 D HwMultiWindowEx: isInMultiWindowMode ret: 0
12-17 19:31:42.567  3180  3578 I BacklightControl: can't adjust backlight when app launch from other scene.
12-17 19:31:42.567  1795  2736 E hwintelligencewifi: inlineAddCurrentApInfo mInfos.size()=132
12-17 19:31:42.568  3180  3578 I ThermalStateManager: handle action thermal policy:208
12-17 19:31:42.569  1795  3957 E IzatSvc_OSObserver: I/LocTech-Label :: OSOBSERVER :: Data Items In
12-17 19:31:42.570  1795  3957 E IzatSvc_OSObserver: I/LocTech-Value :: Data Item Value: IS_SCREEN_ON: true
12-17 19:31:42.570  3180  3578 I ash     : ash->screen on
12-17 19:31:42.570  1795  3975 E LocSvc_libulp: I/int ulp_msg_process_system_update(const UlpSystemEvent): systemEvent:0 
12-17 19:31:42.573  3180  3578 I ash     : ash->screen unlock
12-17 19:31:42.575  2883  2996 I HwSystemManager: NormalTrafficAnalysis:alert byte = 0 last alert byte = 0
12-17 19:31:42.575  2883  2996 E HwSystemManager: NormalTrafficAnalysis:alert byte = 0, so return
12-17 19:31:42.577  1795  2332 I qti_sensors_hal: [ACC]processReportInd: X: 5.916928 Y: 7.130682 Z: 0.102417  x_offset:0.160831 y_offset:0.184366 z_offset:0.985027
12-17 19:31:42.577  1795  6985 I AlarmManager: remove(PendingIntent{d1071b4: PendingIntentRecord{601e5f3 com.huawei.indexsearch.observer broadcastIntent}}) changed bounds; rebatching
12-17 19:31:42.581  3180  4303 I AwareLog: MemoryRecoveryDMEPlugin: reportScene typeId = 2002
12-17 19:31:42.582  3180  4303 I AwareLog: MemoryRecoveryDMEPlugin: receive sceen on event
12-17 19:31:42.582  3180  4303 I AwareLog: MemoryRecoveryDMEPlugin: the message is still in the messagequeue, remove it
12-17 19:31:42.582  3218 13114 E HW-JPEG-DEC: [HME_JPEG_DEC_Delete](3298): HME_JPEG_DEC_Delete: decoder_ctx=null
12-17 19:31:42.587  3626  3626 I HourObserver: enter into handleScrnOnOffTimeStats, scrnOn = true, mIsPreScrnOn = false, mScrnSwitchTime = 1481974302408, occurTime = 1481974302586, delta = 178, mScrnOffAccTime = 1730041, mScrnOnAccTime = 107950
12-17 19:31:42.587  3626  3626 I HourObserver: left handleScrnOnOffTimeStats, mScrnOffAccTime = 1730219, mScrnOffAccTime = 1730219, mScrnOnAccTime = 107950
12-17 19:31:42.588  2883  2996 I HwSystemManager: TafficState:default sub id = 0slotIndex = 0 subscriptionId = 0
12-17 19:31:42.592  5224  5224 I Step_LSC: 20002302|logicalDealBroadcastEvent : Intent { act=android.intent.action.SCREEN_ON flg=0x50000010 }
12-17 19:31:42.593  5224  5283 I Step_LSC: 20002302| ## MSG_DEAL_SYSTEM_EVENT android.intent.action.SCREEN_ON
12-17 19:31:42.593  2883  2996 E HwSystemManager: LeisureTrafficSetting:result is empty
12-17 19:31:42.593  5224  5283 I Step_StandStepCounter: 20002302|flush sensor data
12-17 19:31:42.594  3626  3626 I iMonitor: create: 903001010
12-17 19:31:42.594  1795 16501 I qti_sensors_hal: flush,395,handle 49
12-17 19:31:42.594  1795 16501 I qti_sensors_hal: flush:sensor(android.sensor.step_counter) handle:49
12-17 19:31:42.595  5224  5283 I Step_LSC: 20002302|REPORT : 4181 89378 2980 0
12-17 19:31:42.596  5224  5283 I SendBroadcastPermission: action:android.com.huawei.bone.NOTIFY_SPORT_DATA, mPermissionType:0
12-17 19:31:42.597  3626  3626 I iMonitor: send: 903001010
12-17 19:31:42.597   818  1152 I logserver: handle_exception_events enter
12-17 19:31:42.597  2883  2996 I HwSystemManager: NatTrafficNotifyService:delta byte = 0 no traffic delta = 0Traffic state is 301
12-17 19:31:42.598  3626  3770 I LSC_903001010: process buffer and get message
12-17 19:31:42.604  2883  2996 I HwSystemManager: ExtraTrafficSetting:result is empty
12-17 19:31:42.606  5224  5283 I SendBroadcastPermission: action:android.com.huawei.bone.NOTIFY_SPORT_DATA, mPermissionType:0
12-17 19:31:42.606  7741  7741 D Mms_TX_NOTIFY: Get no-perm notification callback android.intent.action.SCREEN_ON
12-17 19:31:42.606  7741  7741 D Mms_TX_NOTIFY: ScreenState present
12-17 19:31:42.615  3466  3466 I Contacts: DialpadFragment mBroadcastReceiver action:android.intent.action.SCREEN_ON
12-17 19:31:42.617  3608  3608 D InCall  : InCallActivity - mScreenOnReceiver mCallEndOptionsDialog = null
12-17 19:31:42.620  2883  2996 I HwSystemManager: ITrafficInfo:ITrafficInfo create 301updateBytes = 1769320345
12-17 19:31:42.624  1795 15982 I HwActivityManagerService: Split enqueueing broadcast [callerApp]:ProcessRecord{580cfb2 5224:com.huawei.health:DaemonService/u0a99}
12-17 19:31:42.625  2852  2852 I EventCenter: EventCenter Get :android.com.huawei.bone.NOTIFY_SPORT_DATA
12-17 19:31:42.626  5224  5283 I Step_HSNH: 20002302|upDateHealthNotification()|89|2.98|4181
12-17 19:31:42.627  5224  5283 I Step_HSNH: 20002302|rebuild notification
12-17 19:31:42.630  1795  3110 I NotificationManager: enqueueNotificationInternal: pkg=com.huawei.health id=10010 notification=Notification(pri=0 contentView=null vibrate=null sound=null defaults=0x0 flags=0x2 color=0x00000000 vis=PRIVATE)
12-17 19:31:42.631  1795  1795 I NotificationManager: enqueueNotificationInternal: n.getKey = 0|com.huawei.health|10010|null|10099
12-17 19:31:42.633  1795  3225 D StubTelephonyRegistry: uid:10028 pid:16628 PhoneStateListener.LISTEN_CELL_LOCATION:16 events:16
12-17 19:31:42.633  1795  3225 D StubTelephonyRegistry: LISTEN_CELL_LOCATION uid:10028
12-17 19:31:42.634  1795  1795 V NotificationService: disableEffects=null canInterrupt=false once update: false
12-17 19:31:42.635 16628 16628 I TotemWeather: RetryTaskController:mTaskList is null
12-17 19:31:42.635  2852  2852 I StatusBar: onNotificationPosted: StatusBarNotification(pkg=com.huawei.health user=UserHandle{0} id=10010 tag=null key=0|com.huawei.health|10010|null|10099: Notification(pri=0 contentView=null vibrate=null sound=null defaults=0x0 flags=0x62 color=0x00000000 vis=PRIVATE)) important=2, post=1481974302630, when=1481531589202, vis=0, userid=0
12-17 19:31:42.636  1795  2332 I qti_sensors_hal: [ACC]processReportInd: X: 5.445264 Y: 8.126944 Z: 0.167588  x_offset:0.160831 y_offset:0.184366 z_offset:0.985027
12-17 19:31:42.636  2852  2852 D StatusBar: updateNotification(StatusBarNotification(pkg=com.huawei.health user=UserHandle{0} id=10010 tag=null key=0|com.huawei.health|10010|null|10099: Notification(pri=0 contentView=null vibrate=null sound=null defaults=0x0 flags=0x62 color=0x00000000 vis=PRIVATE)))
12-17 19:31:42.636  2852  2852 D HwCust  : Create obj success use class android.app.HwCustNotificationImpl
12-17 19:31:42.637  2852  2852 I StatusBarIconView: updateTint: tint=0
12-17 19:31:42.638  2852  2852 D StatusBar: No peeking: unimportant notification: 0|com.huawei.health|10010|null|10099
12-17 19:31:42.638  2852  2852 D StatusBar: applyInPlace=true shouldPeek=false alertAgain=true
12-17 19:31:42.638  2852  2852 I NotificationGroupManager: onEntryUpdated:0|com.huawei.health|10010|null|10099
12-17 19:31:42.638  2852  2852 I NotificationGroupManager: onEntryAdded:0|com.huawei.health|10010|null|10099, group=0|com.huawei.health|10010|null|10099
12-17 19:31:42.638  2852  2852 D StatusBar: reusing notification for key: 0|com.huawei.health|10010|null|10099
12-17 19:31:42.638  2852  2852 D HwCust  : Create obj success use class android.app.HwCustNotificationImpl
12-17 19:31:42.639  2852  2852 D HwCust  : Create obj success use class android.app.HwCustNotificationImpl
12-17 19:31:42.639  2852  2852 I StatusBarIconView: updateTint: tint=0
12-17 19:31:42.640  3626  3753 I LogCollectService: msg = 103 received
12-17 19:31:42.641  3218  7071 W PhoneInterfaceManager: shouldBlockLocation running ...
12-17 19:31:42.642  3218  7071 I PhoneInterfaceManager: shouldBlockLocation  ret:false
12-17 19:31:42.643 31949 31967 I TCP     : msg.recv{4791} TcpClientThread.onRecv(TcpClientThread.java:515) TCP Msg 659TCP_OK
12-17 19:31:42.645 31949 31967 I ECS     : msg.recv{4791} XmlMsg.decodeBuf(XmlMsg.java:237) RECV 663 bytes [12]_00_03_02_05_01_04_81_B0_51_ED_D0_9F cmdCode(CC_PCheckVersion.0x0501)msgType(MT_ACK.2)msgClass(MC_Push.5)sender(ST_Mobile.0)crypted(false)zipped(false)nobase64(true)length(659)version(3)sno(81B0)
12-17 19:31:42.646  2852  2852 I HwPhoneStatusBar: updateNotificationShade
12-17 19:31:42.646  2852  2852 I PhoneStatusBar: updateNotificationShade
12-17 19:31:42.646  2852  2852 I PhoneStatusBar: removeNotificationChildren
12-17 19:31:42.647  2852  2852 I HwNotificationIconAreaController: showNotificationAll
12-17 19:31:42.652 31949 31967 I PushService: main{1} PushService.onStartCommand(PushService.java:87) Push Service Start by  userEvent
12-17 19:31:42.653  1795 15982 I AlarmManager: remove(PendingIntent{7dd71dd: PendingIntentRecord{7f86237 com.huawei.espacev2 broadcastIntent}}) changed bounds; rebatching
12-17 19:31:42.655  2852  2852 I NotificationContentView: transferRemoteInputFocus: 0
