12-17 19:55:48.628   633   692 I TCP     : tcp.recv{4488} TcpClientThread.onReceiverWork(TcpClientThread.java:307) get tcp message 92
12-17 19:55:48.629   633   692 I eSpaceService: msg.recv{4490} CallManager.register(CallManager.java:450) not supportRegister
12-17 19:55:48.632 31949 31967 I TCP     : msg.recv{4791} TcpClientThread.onRecv(TcpClientThread.java:515) TCP Msg 659TCP_OK
12-17 19:55:48.633 31949 31967 I ECS     : msg.recv{4791} XmlMsg.decodeBuf(XmlMsg.java:237) RECV 663 bytes [12]_00_03_02_05_01_04_81_C6_1C_42_59_03 cmdCode(CC_PCheckVersion.0x0501)msgType(MT_ACK.2)msgClass(MC_Push.5)sender(ST_Mobile.0)crypted(false)zipped(false)nobase64(true)length(659)version(3)sno(81C6)
12-17 19:55:48.635   633   692 I eSpaceService: msg.recv{4490} EspaceService.beginPushProcess(EspaceService.java:1106)  Begin Push Process
12-17 19:55:48.636   633   692 I ECS     : Heartbeat timer.timers{6139} SimpleThread.onBirth_i(SimpleThread.java:113) thread begin
12-17 19:55:48.637   633   692 I TCP     : tcp.recv{4488} TcpClientThread.onReceiverWork(TcpClientThread.java:307) get tcp message 44
12-17 19:55:48.638  1795  3110 I AlarmManager: remove(PendingIntent{d4eb7e8: PendingIntentRecord{7f86237 com.huawei.espacev2 broadcastIntent}}) changed bounds; rebatching
12-17 19:55:48.641   633   692 I TCP     : tcp.recv{4488} TcpClientThread.onReceiverWork(TcpClientThread.java:307) get tcp message 108
12-17 19:55:48.641  1795 16499 I AlarmManager: set(PendingIntent{bfd2e01: PendingIntentRecord{7f86237 com.huawei.espacev2 broadcastIntent}}) : type=0 triggerAtTime=1481976048641 win=0 tElapsed=444585004 maxElapsed=444585004 interval=300000 flags=0x1
12-17 19:55:48.641 31949 31967 I PushService: main{1} PushService.onStartCommand(PushService.java:108) Push Service Start by UI Session
12-17 19:55:48.648 31949 31985 I PushService: connect :true
12-17 19:55:48.650 31949 31967 I eSpaceService: WatchThread{4786} TcpCirChannel.shutdown(TcpCirChannel.java:257) Login_By_Step-> shut down now connect
12-17 19:55:48.652 31949 31967 I ECS     : WatchThread{4786} TcpClient.clearAll(TcpClient.java:240) ==================== TCP CLIENT CLEAR ALL ====================
12-17 19:55:48.653 31949 31967 I ECS     : WatchThread{4786} TcpClient.disconnect_i(TcpClient.java:202) ==================== TCP CLIENT DISCONNECT ====================
12-17 19:55:48.653  1795  1825 D AutomaticBrightnessController: ambient lux=73.0,timeStamp =444285016695000
12-17 19:55:48.654 31949 31967 I TCP     : WatchThread{4786} TcpClientThread.disconnectSocket(TcpClientThread.java:369) disconnecting to uc.huawei.com:7801
12-17 19:55:48.655 31949 31967 I TCP     : WatchThread{4786} TcpSocket.close(TcpSocket.java:158) shutdown output: java.net.SocketException: Socket is closed
12-17 19:55:48.656 31949 31967 I TCP     : WatchThread{4786} TcpSocket.close(TcpSocket.java:170) shutdown input: java.net.SocketException: Socket is closed
12-17 19:55:48.656 31949 31967 I TCP     : WatchThread{4786} TcpClientThread.closeSocket(TcpClientThread.java:396) closed socket.
12-17 19:55:48.657 31949 31967 W TCP     : tcp.recv{4790} TcpSocket.read(TcpSocket.java:242) <<< WARN(5) >>> java.net.SocketException: Socket closed
12-17 19:55:48.658 31949 31967 E TCP     : tcp.recv{4790} TcpClientThread.readSocket(TcpClientThread.java:452) <<< ERROR(6) >>> socket read length failure -104
12-17 19:55:48.658 31949 31967 I TCP     : tcp.recv{4790} TcpClientThread.onReceiverWork(TcpClientThread.java:314) disconnected
12-17 19:55:48.659 31949 31967 I eSpaceService: WatchThread{4786} TcpCirChannel.connect(TcpCirChannel.java:219) Connect to server  address = [uc.huawei.com,]  port = 7801
12-17 19:55:48.660   816 21111 D DnsProxyListener: GetAddrInfoHandler addr: app-inter.huawei.com {304, 917808, 10102} 45.249.212.91
12-17 19:55:48.645   633   692 W eSpaceService: msg.recv{4490} PublicAccountCache.reloadFromDataBase(PublicAccountCache.java:264) <<< WARN(5) >>> has database
12-17 19:55:48.661   633   692 I ECS     : msg.recv{4490} XmlMsg.encodeBuf(XmlMsg.java:215) SEND 288 bytes [16]_00_00_01_1C_00_03_01_07_01_05_87_56_E8_59_D3_88 cmdCode(CC_ExtendRequest.0x0701)msgType(MT_ARG.1)msgClass(MC_JsonExtend.7)sender(ST_Mobile.0)crypted(true)zipped(false)nobase64(true)length(284)version(3)sno(8756)
12-17 19:55:48.662 31949 31967 I ECS     : WatchThread{4786} TcpClient.clearAll(TcpClient.java:240) ==================== TCP CLIENT CLEAR ALL ====================
12-17 19:55:48.663 31949 31967 I ECS     : WatchThread{4786} TcpClient.connect(TcpClient.java:162) ==================== TCP CLIENT CONNECT [2] ====================
12-17 19:55:48.666 31949 31967 I TCP     : WatchThread{4786} TcpClientThread.connect(TcpClientThread.java:52) will connect to uc.huawei.com:7801
12-17 19:55:48.667 31949 31967 I TCP     : tcp.conn{4787} TcpClientThread.connectSocket(TcpClientThread.java:349) connecting max 30000ms to uc.huawei.com:7801
12-17 19:55:48.668 31949 31967 I TCP     : tcp.conn{4787} TcpSocket.connect_i(TcpSocket.java:84) connecting to ip address uc.huawei.com/172.30.70.63
12-17 19:55:48.668   633   692 W eSpaceService: msg.recv{4490} LightAppCache.reloadLappFromDB(LightAppCache.java:126) <<< WARN(5) >>> Have data in light app cache!
12-17 19:55:48.669   633   692 I ECS     : msg.recv{4490} XmlMsg.encodeBuf(XmlMsg.java:215) SEND 288 bytes [16]_00_00_01_1C_00_03_01_07_01_05_87_57_E8_59_D3_88 cmdCode(CC_ExtendRequest.0x0701)msgType(MT_ARG.1)msgClass(MC_JsonExtend.7)sender(ST_Mobile.0)crypted(true)zipped(false)nobase64(true)length(284)version(3)sno(8757)
12-17 19:55:48.669   633   692 I TCP     : msg.recv{4490} TcpClientThread.onRecv(TcpClientThread.java:515) TCP Msg 92TCP_OK
12-17 19:55:48.670   633   692 I ECS     : msg.recv{4490} XmlMsg.decodeBuf(XmlMsg.java:237) RECV 96 bytes [12]_00_03_02_02_06_05_87_54_E8_59_D3_88 cmdCode(CC_GetConferenceList.0x0206)msgType(MT_ACK.2)msgClass(MC_Conference.2)sender(ST_Mobile.0)crypted(true)zipped(false)nobase64(true)length(92)version(3)sno(8754)
12-17 19:55:48.671   633   692 I TCP     : msg.recv{4490} TcpClientThread.onRecv(TcpClientThread.java:515) TCP Msg 44TCP_OK
12-17 19:55:48.672   633   692 I ECS     : msg.recv{4490} XmlMsg.decodeBuf(XmlMsg.java:237) RECV 48 bytes [12]_00_03_02_03_13_05_87_53_E8_59_D3_88 cmdCode(CC_SetPersonalState.0x0313)msgType(MT_ACK.2)msgClass(MC_InstanceMessage.3)sender(ST_Mobile.0)crypted(true)zipped(false)nobase64(true)length(44)version(3)sno(8753)
12-17 19:55:48.673   633   692 I TCP     : msg.recv{4490} TcpClientThread.onRecv(TcpClientThread.java:515) TCP Msg 108TCP_OK
12-17 19:55:48.674   633   692 I ECS     : msg.recv{4490} XmlMsg.decodeBuf(XmlMsg.java:237) RECV 112 bytes [12]_00_03_02_08_01_05_87_55_E8_59_D3_88 cmdCode(CC_QueryRecentSessions.0x0801)msgType(MT_ACK.2)msgClass(MC_RecentSessions.8)sender(ST_Mobile.0)crypted(true)zipped(false)nobase64(true)length(108)version(3)sno(8755)
12-17 19:55:48.675   633   692 I eSpaceService: pool-1-thread-1{4483} BaseBroadcast.sendBroadcast(BaseBroadcast.java:131) no receiver for action#com.huawei.espace.service.setstatus
12-17 19:55:48.675 31949 31967 I TCP     : tcp.conn{4787} TcpClientThread.connectSocket(TcpClientThread.java:360) notify user tcp connected successully at 36871 to uc.huawei.com:7801
12-17 19:55:48.676 31949 31967 I TCP     : tcp.recv{4790} TcpClientThread.onReceiverWork(TcpClientThread.java:292) connected
12-17 19:55:48.677 31949 31967 I TCP     : tcp.conn{4787} TcpClientThread.onRecv(TcpClientThread.java:522) tcp connection event TCP_CONNECTED
12-17 19:55:48.680 31949 31967 I PushService: tcp.conn{4787} ServiceC.connectedNotify(ServiceC.java:289) 172.30.70.63
12-17 19:55:48.680   633   692 I eSpaceService: main{1} BaseBroadcast.sendBroadcast(BaseBroadcast.java:131) no receiver for action#local_conference_conflist
12-17 19:55:48.681 31949 31967 I ECS     : tcp.conn{4787} XmlMsg.encodeBuf(XmlMsg.java:215) SEND 100 bytes [16]_00_00_00_60_00_03_01_05_01_04_81_C7_00_00_00_00 cmdCode(CC_PCheckVersion.0x0501)msgType(MT_ARG.1)msgClass(MC_Push.5)sender(ST_Mobile.0)crypted(false)zipped(false)nobase64(true)length(96)version(3)sno(81C7)
12-17 19:55:48.681   633   692 I Contact : pool-1-thread-1{4483} Helper.onSaveTimestamp(MainActivity.java:2193) set timestamp = 20161217155855
12-17 19:55:48.692  1795  2748 D HwAmbientLuxFilterAlgo: earliestValidTime + POWER_ON_BRIGHTENING_LIGHT_DEBOUNCE
12-17 19:55:48.692  1795  2748 D HwAmbientLuxFilterAlgo: earliestValidTime + POWER_ON_DARKENING_LIGHT_DEBOUNCE
12-17 19:55:48.704   633 21110 W imssdk_CloudRecord: CloudRecordGetCfgInfoRspNotify GetEnv enter
12-17 19:55:48.705   633 21110 W imssdk_CloudRecord: CloudRecordGetCfgInfoRspNotify, handle: 37
12-17 19:55:48.705   633 21110 V imssdk_CloudRecord: =============================  CloudRecordGetCfgInfoRspNotify  ===================================
12-17 19:55:48.705   633 21110 E imssdk_CloudRecord: CallObjectMethod strat 
12-17 19:55:48.705   633 21110 E imssdk_CloudRecord: CallObjectMethod end 
12-17 19:55:48.705   633 21110 V imssdk_CloudRecord: AFTER CALLBACK
12-17 19:55:48.705   633 21110 W imssdk_CloudRecord: CloudRecordGetCfgInfoRspNotify leave
12-17 19:55:48.733   633 21104 E SDK     : connect return 0,connect ok
12-17 19:55:48.733   633 21104 E SDK     : svnConnect to 10.3.42.38,80
12-17 19:55:48.748   633 31870 I SDK     : <2016-12-17 19:55:48> [NOTICE] SDK: UE-SeC 2016-12-17 19:55:48:748 Level[NOTICE] magic[3362781472 1950]:VSOCK changes state from idle to busy
12-17 19:55:48.748   633 31870 I SDK     : 
12-17 19:55:48.749   633 21104 E SDK     : <2016-12-17 19:55:48> [ERR] SDK: UE-SeC 2016-12-17 19:55:48:749 Level[ERR] magic[2517518624 1011]:SvnPlainSocketImpl:socket write bytes:299
12-17 19:55:48.749   633 21104 E SDK     : 
12-17 19:55:48.853   633   692 I eSpaceService: pool-3-thread-1{4478} BaseBroadcast.sendBroadcast(BaseBroadcast.java:131) no receiver for action#local_voicemessage_updatestatus
12-17 19:55:48.855   633   692 I eSpaceApp: main{1} MultipleGroupAdapter.setDataSource(MultipleGroupAdapter.java:146) [groupmemlist] --> setDataSource
12-17 19:55:48.858   633   692 I TCP     : tcp.recv{4488} TcpClientThread.onReceiverWork(TcpClientThread.java:307) get tcp message 332
12-17 19:55:48.864   633   692 I TCP     : msg.recv{4490} TcpClientThread.onRecv(TcpClientThread.java:515) TCP Msg 332TCP_OK
12-17 19:55:48.866   633   692 I ECS     : msg.recv{4490} XmlMsg.decodeBuf(XmlMsg.java:237) RECV 336 bytes [12]_00_03_02_07_01_05_87_56_E8_59_D3_88 cmdCode(CC_ExtendRequest.0x0701)msgType(MT_ACK.2)msgClass(MC_JsonExtend.7)sender(ST_Mobile.0)crypted(true)zipped(false)nobase64(true)length(332)version(3)sno(8756)
12-17 19:55:48.868   633   692 I Hw_Fluent: RecentLogic{4456} RecentLogic.addConversationEntity(RecentLogic.java:906) add chat recent!
12-17 19:55:48.893   633   692 I TCP     : tcp.recv{4488} TcpClientThread.onReceiverWork(TcpClientThread.java:307) get tcp message 732
12-17 19:55:48.897   633   692 I TCP     : msg.recv{4490} TcpClientThread.onRecv(TcpClientThread.java:515) TCP Msg 732TCP_OK
12-17 19:55:48.898   633   692 I ECS     : msg.recv{4490} XmlMsg.decodeBuf(XmlMsg.java:237) RECV 736 bytes [12]_00_03_02_07_01_05_87_57_E8_59_D3_88 cmdCode(CC_ExtendRequest.0x0701)msgType(MT_ACK.2)msgClass(MC_JsonExtend.7)sender(ST_Mobile.0)crypted(true)zipped(false)nobase64(true)length(732)version(3)sno(8757)
12-17 19:55:48.903   633   692 I Hw_Fluent: RecentLogic{4456} RecentLogic.addConversationEntity(RecentLogic.java:906) add chat recent!
12-17 19:55:48.992  1795  2748 D HwAmbientLuxFilterAlgo: earliestValidTime + POWER_ON_BRIGHTENING_LIGHT_DEBOUNCE
12-17 19:55:48.993  1795  2748 D HwAmbientLuxFilterAlgo: earliestValidTime + POWER_ON_DARKENING_LIGHT_DEBOUNCE
12-17 19:55:48.993  1795  2748 D HwAmbientLuxFilterAlgo: t=123203439,BT=123203939,DT=123204439,BT1=123207439,DT1=123211439,Bn=false,Dn=false,lx=[97.0/123201935, 88.0/123202236, 78.0/123202537, 70.0/123202838, 73.0/123203138, 73.0/123203439],mLx=108.0,s=5.0,ss=14.696246,AuIntervened=false,mProximityState=false,bLux=651.0,dLux=21.279999,bLux1=651.0,dLux1=21.279999
12-17 19:55:49.008  1795  1825 D AutomaticBrightnessController: ambient lux=79.0,timeStamp =444285371083000
12-17 19:55:49.093   633   692 I eSpaceService: Thread-1503{6134} IDeskSSOUtils.getW3Cookies(IDeskSSOUtils.java:295) get w3 cookies success!!
12-17 19:55:49.100   633 21104 D SvnSocket: SvnSocket close, ThreadId = 6134,TreadName = Thread-1503
12-17 19:55:49.101   633 21104 D SvnSocket: SvnSocket close, closed = false
12-17 19:55:49.102   633 21104 D SvnSocket: closed = true
12-17 19:55:49.104  1795  2377 I AwareLog: AwareMem_EventTracker: [POLLING_TIMEOUT_123203550] is abandoned for memory 840988
12-17 19:55:49.104  1795  1795 I TrafficMonitor: update:rxPkts:64,txPkts:70,rxBytes:22093,txBytes:11280
12-17 19:55:49.104  1795  1795 I TrafficMonitor: no expired. level:2
12-17 19:55:49.104  1795  1795 I TrafficMonitor: gettimer:interval=2000
12-17 19:55:49.104  1795  1795 I TrafficMonitor: during_ms:2003,period_ms:2000
12-17 19:55:49.105  1795  1795 I TrafficMonitor: count:138,rx_sum:64,tx_sum:70,rxBytes:22093,during_ms:2003,rx_speed:11029.955067398902,tx_speed:5631.552670993509,rto:0.9142857142857143
12-17 19:55:49.105  1795  1795 D HuaweiWifiWatchdogStateMachine: speed: rxpkt:64, rxSpd:11029B/s, txpkt:70, txSpd:5631
12-17 19:55:49.119   633 21103 I SDK     : <2016-12-17 19:55:49> [NOTICE] SDK: UE-SeC 2016-12-17 19:55:49:119 Level[NOTICE] magic[2531146016 830]:End to proc tunnel status change: result=0
12-17 19:55:49.119   633 21103 I SDK     : 
12-17 19:55:49.183  1795  2381 D libfingersense_wrapper: Calling fingersense_classify_touch()
12-17 19:55:49.189  1795  2381 D libfingersense_wrapper: fingersense_classify_touch() finished
12-17 19:55:49.191  1795  2380 D PowerManagerService: userActivityNoUpdateLocked: eventTime=123203629, event=2, flags=0x0, uid=1000
12-17 19:55:49.191  1795  2380 I PowerManager_screenOn: PowerManagerNotifier onUserActivity: event=2, uid=1000
12-17 19:55:49.192  1795  2380 D PowerManagerService: ready=true,policy=3,wakefulness=1,wksummary=0x0,uasummary=0x1,bootcompleted=true,boostinprogress=false,waitmodeenable=false,mode=true,manual=33,auto=-1,adj=0.0userId=0
12-17 19:55:49.193  3879  3879 I HwLauncher: FPSMonitor  [Launcher , dispatchTouchEvent begin, false, true] down event  x = 444 y = 777
12-17 19:55:49.193  3879  3879 I HwLauncher: Launcher workspaceTranslationX = 0.0
12-17 19:55:49.193  3879  3879 I HwLauncher: FPSMonitor  [PagedView , onIntercept] down event  x = 444 y = 777
12-17 19:55:49.195  3879  3879 I HwLauncher: FPSMonitor  [Launcher , dispatchTouchEvent end, false, true] down event  x = 444 y = 777
12-17 19:55:49.232  1795  2381 D libfingersense_wrapper: Calling fingersense_touch_up()
