12-17 19:33:04.301   835  2385 E libteec : receive data len = 1152
12-17 19:33:04.301   835  2385 E libteec : begin
12-17 19:33:04.301   835  2385 E libteec : qsc_decode end
12-17 19:33:04.301   835  2385 E libteec : begin
12-17 19:33:04.301   606  2379 E libteec : receive data len = 128
12-17 19:33:04.304   606  2379 E libteec : QSEECom_send_cmd return!
12-17 19:33:04.304   606  2379 E libteec : qsc_send_cmd finish
12-17 19:33:04.304   835  2385 E libteec : receive data len = 128
12-17 19:33:04.304   835  2385 E libteec : begin
12-17 19:33:04.304   835  2385 E libteec : qsc_decode end
12-17 19:33:04.304   835  2385 I fpc_tac : fpc_tac_begin_identify---need_liveness_authentication: 0
12-17 19:33:04.304   835  2385 E libteec : begin
12-17 19:33:04.304   606  2379 E libteec : send data return = 128
12-17 19:33:04.304   606  2379 E libteec : receive data len = 192
12-17 19:33:04.305  2852  2852 W HwPhoneLayoutInflater: onCreateView : ClassNotFoundException, In this case we want to let the base class take a crack at it
12-17 19:33:04.306  2852  2852 W HwPhoneLayoutInflater: onCreateView : ClassNotFoundException, In this case we want to let the base class take a crack at it
12-17 19:33:04.308  1795  2377 I AwareLog: AwareMem_DMEServer: stop
12-17 19:33:04.311   606  2379 E libteec : QSEECom_send_cmd return!
12-17 19:33:04.311   606  2379 E libteec : qsc_send_cmd finish
12-17 19:33:04.311   835  2385 E libteec : receive data len = 192
12-17 19:33:04.311   835  2385 E libteec : begin
12-17 19:33:04.311   835  2385 E libteec : qsc_decode end
12-17 19:33:04.311   835  2385 I fpc_tac : fpc_tac_send_set_arbitrary_data_cmd:ok, response:0
12-17 19:33:04.311   835  2385 D fingerprintd: onAcquired(2001)
12-17 19:33:04.311   835  2385 E libteec : begin
12-17 19:33:04.311  1795  6988 W FingerprintService: onAcquired 1
12-17 19:33:04.311   606  2379 E libteec : send data return = 192
12-17 19:33:04.311   606  2379 E libteec : receive data len = 128
12-17 19:33:04.311  1795  2326 W FingerprintService: onAcquired 2
12-17 19:33:04.312  1795 15987 I qti_sensors_hal: read from oem info: data_readback
12-17 19:33:04.312  1795 15987 I qti_sensors_hal: 0xcd, 0xb0, 0x24, 0x3e
12-17 19:33:04.312  1795 15987 I qti_sensors_hal: 0x66, 0xca, 0x3c, 0x3e
12-17 19:33:04.312  1795 15987 I qti_sensors_hal: 0xc0, 0x2a, 0x7c, 0x3f
12-17 19:33:04.312  1795 15987 I qti_sensors_hal: 0x55, 0x0, 0x0, 0x0
12-17 19:33:04.312  1795 15987 I qti_sensors_hal: 0x0, 0x0, 0x0, 0x0
12-17 19:33:04.312  1795 15987 E qti_sensors_hal: read from oem info: data_valid_flag=0x55
12-17 19:33:04.312  1795 15987 E qti_sensors_hal: read from oem info: x_offset=0.160831, y_offset=0.184366, z_offset=0.985027
12-17 19:33:04.312  1795 15987 E qti_sensors_hal: Final value: x_offset=0.160831, y_offset=0.184366, z_offset=0.985027
12-17 19:33:04.312  1795 15987 I qti_sensors_hal: batch:load_acc_oeminf_data x_offset:0.160831 y_offset:0.184366 z_offset:0.985027
12-17 19:33:04.312  1795 15987 I qti_sensors_hal: batch:sensor(android.sensor.accelerometer) sample_rate=5.000000Hz report_rate_f=0.000000Hz curr sample rate:5.000000 cur rpt rate:0 max:400.000000 min:1.000000
12-17 19:33:04.312  1795 15987 I qti_sensors_hal: batch: current sample rate, report rate & buffering are equal to requested (5.000000,0.000000,0)
12-17 19:33:04.313  2852  2852 W HwPhoneLayoutInflater: onCreateView : ClassNotFoundException, In this case we want to let the base class take a crack at it
12-17 19:33:04.313  1795  1795 D HwWifiP2pService: onReceive, action:android.intent.action.SCREEN_OFF
12-17 19:33:04.313  2852  2852 W HwPhoneLayoutInflater: onCreateView : ClassNotFoundException, In this case we want to let the base class take a crack at it
12-17 19:33:04.314  1795  2668 D WifiP2pService: InactiveState143467
12-17 19:33:04.314  1795  2668 E HwWifiP2pService: Unhandled message when=123067999 what=143467 arg1=0 arg2=0
12-17 19:33:04.314  1795  2668 D WifiP2pService: P2pEnabledState when=123067999 what=143467 arg1=0 arg2=0
12-17 19:33:04.314  1795  2668 D WifiP2pService: DefaultState{ when=-1ms what=143467 target=com.android.internal.util.StateMachine$SmHandler }
12-17 19:33:04.314  1795  2668 D HwWifiP2pService: SleepPolicy:1
12-17 19:33:04.319  1795  2671 D WifiStateMachine:  ConnectedState !CMD_SCREEN_STATE_CHANGED  rt=123068005/442920683 0 0
12-17 19:33:04.319  1795  2671 D WifiStateMachine:  L2ConnectedState !CMD_SCREEN_STATE_CHANGED  rt=123068005/442920683 0 0
12-17 19:33:04.319  1795  2671 D WifiStateMachine:  ConnectModeState !CMD_SCREEN_STATE_CHANGED  rt=123068005/442920683 0 0
12-17 19:33:04.319  1795  2671 D WifiStateMachine:  DriverStartedState !CMD_SCREEN_STATE_CHANGED  rt=123068005/442920683 0 0
12-17 19:33:04.319  1795  2671 D WifiStateMachine:  SupplicantStartedState !CMD_SCREEN_STATE_CHANGED  rt=123068005/442920683 0 0
12-17 19:33:04.319  1795  2671 D WifiStateMachine:  DefaultState !CMD_SCREEN_STATE_CHANGED  rt=123068005/442920683 0 0
12-17 19:33:04.320  1795  2671 D PowerManagerService: acquire lock=244575063, flags=0x1, tag="WifiSuspend", name=android, ws=null, uid=1000, pid=1795
12-17 19:33:04.320  2852  2852 W HwPhoneLayoutInflater: onCreateView : ClassNotFoundException, In this case we want to let the base class take a crack at it
12-17 19:33:04.320  1795  2671 D PowerManagerService: ready=true,policy=0,wakefulness=0,wksummary=0x11,uasummary=0x0,bootcompleted=true,boostinprogress=false,waitmodeenable=false,mode=true,manual=33,auto=-1,adj=0.0userId=0
12-17 19:33:04.320  1795  2671 D PowerManagerService: Acquiring suspend blocker "PowerManagerService.WakeLocks".
12-17 19:33:04.320  2852  2852 W HwPhoneLayoutInflater: onCreateView : ClassNotFoundException, In this case we want to let the base class take a crack at it
12-17 19:33:04.321  1795  2671 I AlarmManager: remove(null) changed bounds; rebatching
12-17 19:33:04.323  1795  2671 E WifiScanner: listener cannot be found
12-17 19:33:04.324  2852  2852 W HwPhoneLayoutInflater: onCreateView : ClassNotFoundException, In this case we want to let the base class take a crack at it
12-17 19:33:04.324  1795  2671 D WifiStateMachine:  ConnectedState CMD_ENABLE_RSSI_POLL  rt=123068010/442920687 0 0
12-17 19:33:04.324  1795  2671 D WifiStateMachine:  L2ConnectedState CMD_ENABLE_RSSI_POLL  rt=123068010/442920687 0 0
12-17 19:33:04.324  1795  2671 D WifiStateMachine:  ConnectedState CMD_SET_SUSPEND_OPT_ENABLED  rt=123068010/442920687 1 0
12-17 19:33:04.324  1795  2671 D WifiStateMachine:  L2ConnectedState CMD_SET_SUSPEND_OPT_ENABLED  rt=123068010/442920687 1 0
12-17 19:33:04.324  1795  2671 D WifiStateMachine:  ConnectModeState CMD_SET_SUSPEND_OPT_ENABLED  rt=123068010/442920687 1 0
12-17 19:33:04.324  1795  2671 D WifiStateMachine:  DriverStartedState CMD_SET_SUSPEND_OPT_ENABLED  rt=123068010/442920687 1 0
12-17 19:33:04.324  1795  2671 D WifiHW  : wifi_send_command: cmd:'IFNAME=wlan0 DRIVER SETSUSPENDMODE 1'
12-17 19:33:04.324  2852  2852 W HwPhoneLayoutInflater: onCreateView : ClassNotFoundException, In this case we want to let the base class take a crack at it
12-17 19:33:04.324  5215  5215 D wpa_supplicant: wlan0: Control interface command 'DRIVER SETSUSPENDMODE 1'
12-17 19:33:04.327  1795  1795 D HwConnectivityService: mIntentReceiver begin
12-17 19:33:04.327  1795  1795 D HwKeyguardManagerImpl: isLockScreenDisabled HwKeyguardManagerImpl result = false
12-17 19:33:04.327  1795  1795 D HwConnectivityService: CtrlSocket Receiver,disable: false locked: true action: android.intent.action.SCREEN_OFF mSmartKeyguardLevel: normal_level mStartPowerSaving: false
12-17 19:33:04.327  1795  1795 D HwConnectivityService: receive screen off intent!
12-17 19:33:04.327  1795  1795 D HwConnectivityService: wifi tethering: false
12-17 19:33:04.327  1795  1795 D HwConnectivityService: Usb tethering: false
12-17 19:33:04.327  1795  1795 D HwConnectivityService: bt tethering: false
12-17 19:33:04.327  1795  1795 D HwConnectivityService: pluggedStatus: 0
12-17 19:33:04.327  1795  1795 D HwConnectivityService: is charging: false
12-17 19:33:04.329  2852  2852 W HwPhoneLayoutInflater: onCreateView : ClassNotFoundException, In this case we want to let the base class take a crack at it
12-17 19:33:04.330  2852  2852 W HwPhoneLayoutInflater: onCreateView : ClassNotFoundException, In this case we want to let the base class take a crack at it
12-17 19:33:04.331   606  2379 E libteec : QSEECom_send_cmd return!
12-17 19:33:04.331   606  2379 E libteec : qsc_send_cmd finish
12-17 19:33:04.331   606  2379 E libteec : send data return = 128
12-17 19:33:04.332   835  2385 E libteec : receive data len = 128
12-17 19:33:04.332   835  2385 E libteec : begin
12-17 19:33:04.332   835  2385 E libteec : qsc_decode end
12-17 19:33:04.332  3218 13036 D PhoneInterfaceManager: [PhoneIntfMgr] getDataEnabled: subId=0 phoneId=0
12-17 19:33:04.332  3218 13036 D PhoneInterfaceManager: [PhoneIntfMgr] getDataEnabled: subId=0 retVal=false
12-17 19:33:04.332  1795  1795 D HwConnectivityService: CtrlSocket getMobileDataEnabled = false
12-17 19:33:04.334  1795  1795 I NotificationManager: mIntentReceiver-ACTION_SCREEN_OFF
12-17 19:33:04.334  1795  1795 I NotificationManager: updateLightsLocked,mInCall =true,mScreenOn = false,ledNotification == null?true
12-17 19:33:04.334  1795  1795 I NotificationManager: updateLightsLocked,turn off notificationLight
12-17 19:33:04.335  1795  1795 I Sensor  : turn off notificationLight due to incall or screenon
12-17 19:33:04.335  1795  1795 I Sensor  : updateLight --> mIsNotificationExisting: false ledOnMS: 0 ledOffMS :0
12-17 19:33:04.335  1795  1795 I Sensor  : updateLightsLocked --> level:78, status:3
12-17 19:33:04.335  1795  1795 I Sensor  : updateLightsLocked --> mBatteryLight.turnOff
12-17 19:33:04.336  2852  2852 W HwPhoneLayoutInflater: onCreateView : ClassNotFoundException, In this case we want to let the base class take a crack at it
