12-17 19:42:27.921   633 31875 I SDK     : <2016-12-17 19:42:27> [NOTICE] SDK: UE-SeC 2016-12-17 19:42:27:921 Level[NOTICE] magic[3359111456 2421]:FileSec: have right to open file due to cur app sec level = 0 is higher than file app() sec level = 0.
12-17 19:42:27.921   633 31875 I SDK     : 
12-17 19:42:27.922   633 31875 I SDK     : <2016-12-17 19:42:27> [NOTICE] SDK: UE-SeC 2016-12-17 19:42:27:922 Level[NOTICE] magic[3359111456 5452]:FSM_Tool_ParseFile => [END] apply cycle<-1>
12-17 19:42:27.922   633 31875 I SDK     : 
12-17 19:42:27.922   633 31875 I SDK     : <2016-12-17 19:42:27> [NOTICE] SDK: UE-SeC 2016-12-17 19:42:27:922 Level[NOTICE] magic[3359111456 2487]:FSM_OpenFile => [END]
12-17 19:42:27.922   633 31875 I SDK     : 
12-17 19:42:27.922   633 20919 I SDK     : <2016-12-17 19:42:27> [NOTICE] SDK: UE-SeC 2016-12-17 19:42:27:922 Level[NOTICE] magic[2520676640 1022]:Create udp was done! udp sock:152
12-17 19:42:27.922   633 20919 I SDK     : 
12-17 19:42:27.922   633 20919 I SDK     : <2016-12-17 19:42:27> [NOTICE] SDK: UE-SeC 2016-12-17 19:42:27:922 Level[NOTICE] magic[2520676640 166]:Detect id is [1] when login ,this time!
12-17 19:42:27.922   633 20919 I SDK     : 
12-17 19:42:27.922   633 20919 I SDK     : <2016-12-17 19:42:27> [NOTICE] SDK: UE-SeC 2016-12-17 19:42:27:922 Level[NOTICE] magic[2520676640 247]:Send udp detect packet ok when login,id:[1];count:[0]!
12-17 19:42:27.922   633 20919 I SDK     : 
12-17 19:42:27.922   633 31875 I SDK     : <2016-12-17 19:42:27> [NOTICE] SDK: UE-SeC 2016-12-17 19:42:27:922 Level[NOTICE] magic[3359111456 2623]:FileSec: write app bundle id  = &5ߢ[@ñ?z]I= to file tail.
12-17 19:42:27.922   633 31875 I SDK     : 
12-17 19:42:27.922   633 31868 I SDK     : <2016-12-17 19:42:27> [NOTICE] SDK: UE-SeC 2016-12-17 19:42:27:922 Level[NOTICE] magic[3365677344 340]:Switch tunnel mode to UDPS when udp resume detect sucessfully!
12-17 19:42:27.922   633 31868 I SDK     : 
12-17 19:42:27.922   633 20919 I SDK     : <2016-12-17 19:42:27> [NOTICE] SDK: UE-SeC 2016-12-17 19:42:27:922 Level[NOTICE] magic[2520676640 247]:Send udp detect packet ok when login,id:[1];count:[1]!
12-17 19:42:27.922   633 20919 I SDK     : 
12-17 19:42:27.922   633 31875 E SDK     : <2016-12-17 19:42:27> [ERR] SDK: UE-SeC 2016-12-17 19:42:27:922 Level[ERR] magic[3359111456 820]:Tracker: save log,/data/user/0/com.huawei.espacev2/AnyOfficeSDKWorkPath/Tracker/20161217_192748.log
12-17 19:42:27.922   633 31875 E SDK     : 
12-17 19:42:27.922   633 31868 I SDK     : <2016-12-17 19:42:27> [NOTICE] SDK: UE-SeC 2016-12-17 19:42:27:922 Level[NOTICE] magic[3365677344 8933]:Set local private port is:[41534]
12-17 19:42:27.922   633 31868 I SDK     : 
12-17 19:42:27.923   633 20920 I SDK     : <2016-12-17 19:42:27> [NOTICE] SDK: UE-SeC 2016-12-17 19:42:27:923 Level[NOTICE] magic[2519632160 1019]:SDK:net change notify: old=2, new=1, errCode=0
12-17 19:42:27.923   633 20920 I SDK     : 
12-17 19:42:27.924   633 20919 I SDK     : <2016-12-17 19:42:27> [NOTICE] SDK: UE-SeC 2016-12-17 19:42:27:924 Level[NOTICE] magic[2520676640 247]:Send udp detect packet ok when login,id:[1];count:[2]!
12-17 19:42:27.924   633 20919 I SDK     : 
12-17 19:42:27.924   633 20919 I SDK     : <2016-12-17 19:42:27> [NOTICE] SDK: UE-SeC 2016-12-17 19:42:27:924 Level[NOTICE] magic[2520676640 247]:Send udp detect packet ok when login,id:[1];count:[3]!
12-17 19:42:27.924   633 20919 I SDK     : 
12-17 19:42:27.924   633 20919 I SDK     : <2016-12-17 19:42:27> [NOTICE] SDK: UE-SeC 2016-12-17 19:42:27:924 Level[NOTICE] magic[2520676640 247]:Send udp detect packet ok when login,id:[1];count:[4]!
12-17 19:42:27.924   633 20919 I SDK     : 
12-17 19:42:27.924   633 20919 I SDK     : <2016-12-17 19:42:27> [NOTICE] SDK: UE-SeC 2016-12-17 19:42:27:924 Level[NOTICE] magic[2520676640 247]:Send udp detect packet ok when login,id:[1];count:[5]!
12-17 19:42:27.924   633 20919 I SDK     : 
12-17 19:42:27.924   633   692 I eSpaceService: Thread-1497{6128} VPNWork.onNetChanged(VPNWork.java:324) SVN login success notify 
12-17 19:42:27.925   633 20920 I SDK     : <2016-12-17 19:42:27> [NOTICE] SDK: UE-SeC 2016-12-17 19:42:27:924 Level[NOTICE] magic[2519632160 830]:End to proc tunnel status change: result=0
12-17 19:42:27.925   633 20920 I SDK     : 
12-17 19:42:27.938  1795  2666 I SendBroadcastPermission: action:com.android.server.action.NETWORK_STATS_UPDATED, mPermissionType:0
12-17 19:42:27.938  1795  2666 I HwActivityManagerService: Split enqueueing broadcast [callerApp]:ProcessRecord{34bf34f 0:system/1000}
12-17 19:42:27.941   633 31868 I SDK     : <2016-12-17 19:42:27> [NOTICE] SDK: UE-SeC 2016-12-17 19:42:27:941 Level[NOTICE] magic[3365677344 7476]:Currently process detect response packet when login,detect id is [1],ack id is [1]!
12-17 19:42:27.941   633 31868 I SDK     : 
12-17 19:42:27.941   633 20919 I SDK     : <2016-12-17 19:42:27> [NOTICE] SDK: UE-SeC 2016-12-17 19:42:27:941 Level[NOTICE] magic[2520676640 193]:Recv detect response when login,detect id is [1]!
12-17 19:42:27.941   633 20919 I SDK     : 
12-17 19:42:27.941   633 20919 I SDK     : <2016-12-17 19:42:27> [WARN] SDK: UE-SeC 2016-12-17 19:42:27:941 Level[WARN] magic[2520676640 115]:Switch tunnel mode to UDPS when udp detect successfully!
12-17 19:42:27.941   633 20919 I SDK     : 
12-17 19:42:27.941   633 31868 I SDK     : <2016-12-17 19:42:27> [NOTICE] SDK: UE-SeC 2016-12-17 19:42:27:941 Level[NOTICE] magic[3365677344 7509]:Currently udp detect response ok,detect id is [1],ack id is [1]!
12-17 19:42:27.941   633 31868 I SDK     : 
12-17 19:42:27.941   633 31868 I SDK     : <2016-12-17 19:42:27> [NOTICE] SDK: UE-SeC 2016-12-17 19:42:27:941 Level[NOTICE] magic[3365677344 5250]:Switch tunnel mode to [3]!
12-17 19:42:27.941   633 31868 I SDK     : 
12-17 19:42:27.942   633 31868 I SDK     : <2016-12-17 19:42:27> [NOTICE] SDK: UE-SeC 2016-12-17 19:42:27:941 Level[NOTICE] magic[3365677344 2549]:Send switch tunnel msg ok,mode is [3],now mode is[3]!
12-17 19:42:27.942   633 31868 I SDK     : 
12-17 19:42:27.942   633 31868 I SDK     : <2016-12-17 19:42:27> [NOTICE] SDK: UE-SeC 2016-12-17 19:42:27:942 Level[NOTICE] magic[3365677344 7509]:Currently udp detect response ok,detect id is [1],ack id is [1]!
12-17 19:42:27.942   633 31868 I SDK     : 
12-17 19:42:27.942   633 31868 I SDK     : <2016-12-17 19:42:27> [NOTICE] SDK: UE-SeC 2016-12-17 19:42:27:942 Level[NOTICE] magic[3365677344 5250]:Switch tunnel mode to [3]!
12-17 19:42:27.942   633 31868 I SDK     : 
12-17 19:42:27.942   633 31868 I SDK     : <2016-12-17 19:42:27> [NOTICE] SDK: UE-SeC 2016-12-17 19:42:27:942 Level[NOTICE] magic[3365677344 2549]:Send switch tunnel msg ok,mode is [3],now mode is[3]!
12-17 19:42:27.942   633 31868 I SDK     : 
12-17 19:42:27.945  1795  2666 D PowerManagerService: release:lock=184063844, flg=0x0, tag="NetworkStats", name=android", ws=null, uid=1000, pid=1795
12-17 19:42:27.945  1795  2666 D PowerManagerService: ready=true,policy=0,wakefulness=0,wksummary=0x1,uasummary=0x0,bootcompleted=true,boostinprogress=false,waitmodeenable=false,mode=true,manual=33,auto=-1,adj=0.0userId=0
12-17 19:42:27.946  1795  2666 D NetdConnector: SND -> {11647 bandwidth setglobalalert 2097152}
12-17 19:42:27.948  1795  2665 D NetdConnector: RCV <- {200 11647 Bandwidth command succeeeded}
12-17 19:42:27.949  1795  2665 D NetdConnector: RCV <- {200 11647 Bandwidth command succeeeded}
12-17 19:42:27.973  2883  2996 E HwSystemManager: SimCardMethod:/getSimCardInfo: imsi is null
12-17 19:42:27.983  2883  2996 I HwSystemManager: NormalTrafficAnalysis:alert byte = 0 last alert byte = 0
12-17 19:42:27.983  2883  2996 E HwSystemManager: NormalTrafficAnalysis:alert byte = 0, so return
12-17 19:42:27.991  3218  6115 E HW-JPEG-DEC: [HME_JPEG_DEC_Delete](3298): HME_JPEG_DEC_Delete: decoder_ctx=null
12-17 19:42:27.992 20894 20910 I ChinaUploader: statusLineopenresty
12-17 19:42:27.992 20894 20910 I ChinaUploader: statusLinekeyServer
12-17 19:42:27.992 20894 20910 I ChinaUploader: statusLine2openresty
12-17 19:42:27.992 20894 20910 I ChinaUploader: response code: 201
12-17 19:42:27.992 20894 20910 I ChinaUploader: read: {"upload_status":1,"completed_range":[[0,4095999]]}
12-17 19:42:27.992 20894 20910 I ChinaUploader: read completed, {"upload_status":1,"completed_range":[[0,4095999]]}
12-17 19:42:27.992 20894 20910 I ChinaUploader: parserContentRange
12-17 19:42:27.993 20894 20910 I ChinaUploader: rsp = {"upload_status":1,"completed_range":[[0,4095999]]}
12-17 19:42:27.993 20894 20910 I ChinaUploader: rangeArray.length()1
12-17 19:42:27.993 20894 20910 I ChinaUploader: rangeArray :[0,4095999]
12-17 19:42:27.993 20894 20910 I ChinaUploader: contentRanger[0,4095999]
12-17 19:42:27.999  2883  2996 I HwSystemManager: TafficState:default sub id = 0slotIndex = 0 subscriptionId = 0
12-17 19:42:28.003 20894 20910 I ChinaUploadStateMachine: result = 201
12-17 19:42:28.003 20894 20910 I ChinaUploadStateMachine: dealWithLargeFileResult201
12-17 19:42:28.003 20894 20910 I ChinaUploadStateMachine: breakpoint uploading result
12-17 19:42:28.004  2883  2996 E HwSystemManager: LeisureTrafficSetting:result is empty
12-17 19:42:28.008  2883  2996 I HwSystemManager: NatTrafficNotifyService:delta byte = 0 no traffic delta = 0Traffic state is 301
12-17 19:42:28.012  1795 11747 D PowerManagerService: release:lock=873242, flg=0x0, tag="dispatcher", name=android", ws=null, uid=1000, pid=7194
12-17 19:42:28.012  1795 11747 D PowerManagerService: ready=true,policy=0,wakefulness=0,wksummary=0x0,uasummary=0x0,bootcompleted=true,boostinprogress=false,waitmodeenable=false,mode=true,manual=33,auto=-1,adj=0.0userId=0
12-17 19:42:28.012  1795 11747 D PowerManagerService: Releasing suspend blocker "PowerManagerService.WakeLocks".
12-17 19:42:28.016  2883  2996 I HwSystemManager: ExtraTrafficSetting:result is empty
12-17 19:42:28.034 20894 20910 I ChinaUploadStateMachine: ID: 6036151123030598854 not pause
12-17 19:42:28.034 20894 20910 I ChinaUploadStateMachine: range:[0,4095999]
12-17 19:42:28.034  2883  2996 I HwSystemManager: ITrafficInfo:ITrafficInfo create 301updateBytes = 1769320345
12-17 19:42:28.080 20894 20910 I ChinaUploader: Uploader
12-17 19:42:28.080 20894 20910 I ChinaUploader: not encrypt
12-17 19:42:28.080 20894 20910 I ChinaUploader: upload unencrypted file
12-17 19:42:28.081 20894 20910 I ChinaUploader: /storage/emulated/0/log/LogService/uploading/MLA-AL00_MLA-AL00C00B318-log_D470C2EF_20161217194207137_ALL.zip
12-17 19:42:28.081 20894 20910 I ChinaUploader: nspFileSize6476143
12-17 19:42:28.081 20894 20910 I ChinaUploader: actionUrl:http://118.194.62.168/dlv2/psrv01/hwdevlogbeta/1/2016/12/17/19/311c0568-9640-4e62-aa1d-e128f37cfb3d.zip
12-17 19:42:28.081 20894 20910 I ChinaUploader: nspCallbackhttp://logservice.vmall.com/osg/logServerAction!uf.htm?lsId=1481974942524130501&st=8wYDXBHvqwtRIMPzaak0xm8vajH2LtMrgAgGZBSx8Uw%3D&dsKey=3&tblName=17
12-17 19:42:28.081 20894 20910 I ChinaUploader: nspTs1481974942
12-17 19:42:28.081 20894 20910 I ChinaUploader: type1
12-17 19:42:28.081 20894 20910 I ChinaUploader: endPos6476142
12-17 19:42:28.081 20894 20910 I ChinaUploader: completeRange[0,4095999]
12-17 19:42:28.082 20894 20910 I ChinaUploader: startPos4096000
