12-17 19:35:17.268  5215  5215 D wpa_supplicant: CTRL-DEBUG: global_ctrl_sock-sendto: sock=16 sndbuf=229376 outq=0 send_len=48
12-17 19:35:17.269  1795  2671 V HwWifiServiceFactory: get AllImpl object = com.android.server.wifi.HwWifiServiceFactoryImpl@c332618
12-17 19:35:17.269  1795  2671 E WifiConfigManager: updateConfiguration freq=2452 BSSID=80:38:bc:08:42:c1 RSSI=-43 "Huawei-Employee"WPA_EAP
12-17 19:35:17.271  1795  2671 V HwWifiServiceFactory: get AllImpl object = com.android.server.wifi.HwWifiServiceFactoryImpl@c332618
12-17 19:35:17.285  1795  3110 V SecInputMethodManagerService: Client requesting input be hidden, pid=4492
12-17 19:35:17.285  1795 11747 V InputMethodManagerService: Client requesting input be hidden, pid=4492
12-17 19:35:17.302  1795 16232 V SecInputMethodManagerService: Client requesting input be hidden, pid=4492
12-17 19:35:17.303  1795 17832 V InputMethodManagerService: Client requesting input be hidden, pid=4492
12-17 19:35:17.318  1795  1805 V SecInputMethodManagerService: Client requesting input be hidden, pid=4492
12-17 19:35:17.319  1795  3884 V InputMethodManagerService: Client requesting input be hidden, pid=4492
12-17 19:35:17.335  1795  3253 V SecInputMethodManagerService: Client requesting input be hidden, pid=4492
12-17 19:35:17.336  1795  2778 V InputMethodManagerService: Client requesting input be hidden, pid=4492
12-17 19:35:17.350  1795 16500 V SecInputMethodManagerService: Client requesting input be hidden, pid=4492
12-17 19:35:17.351  1795  3249 V InputMethodManagerService: Client requesting input be hidden, pid=4492
12-17 19:35:17.367  1795 16499 V SecInputMethodManagerService: Client requesting input be hidden, pid=4492
12-17 19:35:17.368  1795 15987 V InputMethodManagerService: Client requesting input be hidden, pid=4492
12-17 19:35:17.384  1795  3247 V SecInputMethodManagerService: Client requesting input be hidden, pid=4492
12-17 19:35:17.385  1795 11746 V InputMethodManagerService: Client requesting input be hidden, pid=4492
12-17 19:35:17.400  1795  3111 V SecInputMethodManagerService: Client requesting input be hidden, pid=4492
12-17 19:35:17.401  1795  3237 V InputMethodManagerService: Client requesting input be hidden, pid=4492
12-17 19:35:17.417  1795 11747 V SecInputMethodManagerService: Client requesting input be hidden, pid=4492
12-17 19:35:17.417  1795  3121 V InputMethodManagerService: Client requesting input be hidden, pid=4492
12-17 19:35:17.434  1795 17832 V SecInputMethodManagerService: Client requesting input be hidden, pid=4492
12-17 19:35:17.434  1795  6986 V InputMethodManagerService: Client requesting input be hidden, pid=4492
12-17 19:35:17.450  1795  1805 V SecInputMethodManagerService: Client requesting input be hidden, pid=4492
12-17 19:35:17.451  1795  3884 V InputMethodManagerService: Client requesting input be hidden, pid=4492
12-17 19:35:17.466  1795  3253 V SecInputMethodManagerService: Client requesting input be hidden, pid=4492
12-17 19:35:17.467  1795  2778 V InputMethodManagerService: Client requesting input be hidden, pid=4492
12-17 19:35:17.483  1795 16500 V SecInputMethodManagerService: Client requesting input be hidden, pid=4492
12-17 19:35:17.483  1795  3249 V InputMethodManagerService: Client requesting input be hidden, pid=4492
12-17 19:35:17.495  1795  2381 D libfingersense_wrapper: Calling fingersense_touch_up()
12-17 19:35:17.495  1795  2381 D libfingersense_wrapper: fingersense_touch_up() finished
12-17 19:35:17.498   533  3739 E ANDR-PERF-MPCTL: Invalid profile no. 0, total profiles 0 only
12-17 19:35:17.500  1795 16499 V SecInputMethodManagerService: Client requesting input be hidden, pid=4492
12-17 19:35:17.500  1795 15987 V InputMethodManagerService: Client requesting input be hidden, pid=4492
12-17 19:35:17.501  1795  1809 D NavigationBarPolicy: onFling::not valid gesture or touch plus on, false, return!
12-17 19:35:17.506  1795  3247 V SecInputMethodManagerService: Client requesting input be hidden, pid=4492
12-17 19:35:17.507  1795 11746 V InputMethodManagerService: Client requesting input be hidden, pid=4492
12-17 19:35:17.512  4492  4492 I 2DSDR   : APS: 2DSDR: AbsListView.FlingRunnable.run(), SDR ratio = 1.0, layer height = 1920, scroll view height = 1440
12-17 19:35:17.517  4492  4544 D 2DSDR   : APS: 2DSDR: CanvasContext::setSDRZoomout(), the SDR ratio from ViewRootImpl is 1.000000, native window width = 1080, height = 1920
12-17 19:35:18.001  3180  3332 I ScenarioAction: new ScenarioAction sPoolSize: 0
12-17 19:35:18.194  4492  4492 I 2DSDR   : APS: 2DSDR: AbsListView.FlingRunnable.endFling, we will clear SDR ratio
12-17 19:35:18.206  4492  4544 D 2DSDR   : APS: 2DSDR: CanvasContext::setSDRZoomout(), the SDR ratio from ViewRootImpl is -1.000000, native window width = 1080, height = 1920
12-17 19:35:18.865  1795  1795 I TrafficMonitor: update:rxPkts:0,txPkts:0,rxBytes:0,txBytes:0
12-17 19:35:18.865  1795  1795 I TrafficMonitor: start expired. level:-1
12-17 19:35:18.865  1795  1795 I TrafficMonitor: gettimer:interval=2000
12-17 19:35:19.266  1795  2748 D HwAmbientLuxFilterAlgo: t=123116883,BT=123117883,DT=123120883,BT1=123120883,DT1=123124883,Bn=false,Dn=false,lx=[79.0/123115379, 93.0/123115680, 93.0/123115980, 108.0/123116281, 126.0/123116582, 132.0/123116883],mLx=17.0,s=5.0,ss=0.46938774,AuIntervened=false,mProximityState=false,bLux=176.0,dLux=3.5,bLux1=176.0,dLux1=3.5
12-17 19:35:19.897   533  3739 E ANDR-PERF-MPCTL: Invalid profile no. 0, total profiles 0 only
12-17 19:35:20.167  1795  2748 D lux trace:: [81.0/123113496, 66.0/123113854, 82.0/123114208, 85.0/123114575, 79.0/123115281, 93.0/123115636, 108.0/123116012, 126.0/123116368, 132.0/123116742, 129.0/123117127, 128.0/123117503]
12-17 19:35:20.177  1795  1807 D FreezeScreenScene: handleMessage CHECK_FREEZE_SCREEN_MSG
12-17 19:35:20.274  1795  2671 D WifiHW  : wifi_send_command: cmd:'IFNAME=wlan0 SIGNAL_POLL'
12-17 19:35:20.275  5215  5215 D wpa_supplicant: wlan0: Control interface command 'SIGNAL_POLL'
12-17 19:35:20.293  5215  5215 E wpa_supplicant: RSSI=-44;LINKSPEED=72;NOISE=9999;FREQUENCY=2452;
12-17 19:35:20.293  5215  5215 D wpa_supplicant: CTRL-DEBUG: global_ctrl_sock-sendto: sock=16 sndbuf=229376 outq=0 send_len=48
12-17 19:35:20.294  1795  2671 V HwWifiServiceFactory: get AllImpl object = com.android.server.wifi.HwWifiServiceFactoryImpl@c332618
12-17 19:35:20.295  1795  2671 E WifiConfigManager: updateConfiguration freq=2452 BSSID=80:38:bc:08:42:c1 RSSI=-43 "Huawei-Employee"WPA_EAP
12-17 19:35:20.298  1795  2671 V HwWifiServiceFactory: get AllImpl object = com.android.server.wifi.HwWifiServiceFactoryImpl@c332618
12-17 19:35:20.452  1795  2671 D WifiHW  : wifi_send_command: cmd:'IFNAME=wlan0 SIGNAL_POLL'
12-17 19:35:20.453  5215  5215 D wpa_supplicant: wlan0: Control interface command 'SIGNAL_POLL'
12-17 19:35:20.470  5215  5215 E wpa_supplicant: RSSI=-44;LINKSPEED=72;NOISE=9999;FREQUENCY=2452;
12-17 19:35:20.470  5215  5215 D wpa_supplicant: CTRL-DEBUG: global_ctrl_sock-sendto: sock=16 sndbuf=229376 outq=0 send_len=48
12-17 19:35:20.471  1795  2671 V HwWifiServiceFactory: get AllImpl object = com.android.server.wifi.HwWifiServiceFactoryImpl@c332618
12-17 19:35:20.472  1795  2671 E WifiConfigManager: updateConfiguration freq=2452 BSSID=80:38:bc:08:42:c1 RSSI=-43 "Huawei-Employee"WPA_EAP
12-17 19:35:20.472  1795  2671 D WifiHW  : wifi_send_command: cmd:'IFNAME=wlan0 PKTCNT_POLL'
12-17 19:35:20.473  5215  5215 D wpa_supplicant: wlan0: Control interface command 'PKTCNT_POLL'
12-17 19:35:20.488  5215  5215 D wpa_supplicant: CTRL-DEBUG: global_ctrl_sock-sendto: sock=16 sndbuf=229376 outq=0 send_len=34
12-17 19:35:20.491  1795  2739 D HuaweiWifiWatchdogStateMachine: LM mrssi=-44
12-17 19:35:20.491  1795  2739 D HuaweiWifiWatchdogStateMachine: 80:38:bc:08:42:c1 current loss[-45]=0%, volume=1
12-17 19:35:20.491  1795  2739 D HuaweiWifiWatchdogStateMachine: 80:38:bc:08:42:c1 history loss[-45]=0.02%, volume=189524
12-17 19:35:20.491  1795  2739 I HuaweiWifiWatchdogStateMachine: spd good count:0, add sc:0.0, rate:1.0
12-17 19:35:20.492  1795  2739 I HuaweiWifiWatchdogStateMachine: current mHighDataFlowRate = 1.0
12-17 19:35:20.492  1795  2739 I HuaweiWifiWatchdogStateMachine: POta txb txg rxg:0, 1, 0. Lr =0% Totpkt=1
12-17 19:35:20.492  1795  1795 D WiFi_PRO: MSG_RETURN_AP_CURRY_RSSI rssi = -44
12-17 19:35:20.493  1795  1795 I QosMonitor: queryRtt: rtt_type = 3
12-17 19:35:20.493  1795  1795 I WifiProJNI: ######### GET RTT:3 ########
12-17 19:35:20.493  1795  1795 D WifiProJNI: send_cmd_kernel: cmd=7
12-17 19:35:20.493  1795  1795 I WifiProJNI: ######### CMD_QUERY_PKTS ########
12-17 19:35:20.493  1795  1795 D WifiProJNI: send_cmd_kernel: cmd=1
12-17 19:35:20.493  1795  2737 D WifiProJNI: Received kernel message payload: event 4
12-17 19:35:20.494  1795  2737 I QosMonitor: postEventFromNative: msg=100,arg1=4,arg2=9
12-17 19:35:20.494  1795  2737 W WifiProJNI: poll before: g_monitor_fd =310
12-17 19:35:20.494  1795  2737 D WifiProJNI: Received kernel message payload: event 0
12-17 19:35:20.494  1795  2737 I QosMonitor: postEventFromNative: msg=100,arg1=0,arg2=9
12-17 19:35:20.494  1795  2737 W WifiProJNI: poll before: g_monitor_fd =310
12-17 19:35:20.494  1795  1795 D HuaweiWifiWatchdogStateMachine: setSampleRtt: unvalid rtt
12-17 19:35:20.495  1795  1795 I MQoS    : rtt=830,tcp_tx_pkts=1480351,tcp_rx_pkts=1768556
12-17 19:35:20.495  1795  2739 D HuaweiWifiWatchdogStateMachine: dumpTcpResult: len=9,rtt=830,rttPkt=29,rttWn=19,cgt=0,cgtWn=0
12-17 19:35:20.495  1795  2739 I HuaweiWifiWatchdogStateMachine: PTcp RTT:0, rtt pkt=0, tcp_rx=2, tcp_tx=1, tcp_reTran=0, rtRate=0
12-17 19:35:20.495  1795  2739 D HuaweiWifiWatchdogStateMachine: mRssiBadCount =0, RSSI not bad.
12-17 19:35:20.495  1795  2739 D HuaweiWifiWatchdogStateMachine: detectNetworkAvailable:hw.wifipro.dns_fail_count = 1001
12-17 19:35:20.495  1795  2739 D HuaweiWifiWatchdogStateMachine: detectNetworkAvailable: tcpRxPkts != 0, reset
12-17 19:35:20.495  1795  2739 I HuaweiWifiWatchdogStateMachine: rs ota tcp lr rttvb bad: false, false, false, false, false; rsth:-75
12-17 19:35:20.495  1795  2739 D HuaweiWifiWatchdogStateMachine: GSC:0, GSR:1.0, RSR:1.0, RTH:-75
12-17 19:35:20.495  1795  2739 D HuaweiWifiWatchdogStateMachine: bqeLevel = 0 rtt=0,rtt_pkts=0 speed=39 rssi=-44
12-17 19:35:20.495  1795  2739 I HuaweiWifiWatchdogStateMachine:  pkt chk not bad, reset sc to 0.
12-17 19:35:20.495  1795  2739 D HuaweiWifiWatchdogStateMachine: ### mPktChkBadCnt=0
12-17 19:35:20.496  1795  5350 I MQoS    : QOS_level:0(0),DataDisable;use level-0
12-17 19:35:20.867  1795  1795 I TrafficMonitor: update:rxPkts:0,txPkts:0,rxBytes:0,txBytes:0
12-17 19:35:20.867  1795  1795 I TrafficMonitor: start expired. level:-1
12-17 19:35:20.868  1795  1795 I TrafficMonitor: gettimer:interval=2000
