12-17 19:33:10.606  2852  2852 I BackgrounCallingLayout: mCallingStatusReceiver:onReceive::action=InCallScreenIsForegroundActivity, isForegroundActivity=true, mPhoneState=2
12-17 19:33:10.606  2852  2852 I BackgrounCallingLayout: updateCallLayout:isBackground=false, isInteractive=true
12-17 19:33:10.606  2852  2852 I HwPhoneStatusBar: mNotifyStateChangedReceiver::onReceive:action=InCallScreenIsForegroundActivity, mBackgroundState=false
12-17 19:33:10.606  1795  1795 D WifiService: onReceive, action:android.intent.action.SCREEN_ON
12-17 19:33:10.607  1795  2670 D WifiController: DeviceActiveState{ when=0 what=155650 target=com.android.internal.util.StateMachine$SmHandler }
12-17 19:33:10.607  1795  2670 D WifiController: StaEnabledState what=155650
12-17 19:33:10.607  1795  2670 D WifiController: DefaultState what=155650
12-17 19:33:10.607  2852  2852 I StatusBar: onNotificationRemoved: StatusBarNotification(pkg=com.android.incallui user=UserHandle{0} id=2 tag=null key=0|com.android.incallui|2|null|1001: Notification(pri=2 contentView=null vibrate=null sound=null defaults=0x0 flags=0x2 color=0x00000000 actions=3 vis=PRIVATE publicVersion=Notification(pri=0 contentView=null vibrate=null sound=null defaults=0x0 flags=0x0 color=0xff33b5e5 vis=PRIVATE)))
12-17 19:33:10.607  2852  2852 I PhoneStatusBar: removeNotification:0|com.android.incallui|2|null|1001
12-17 19:33:10.607  2852  2852 I StatusBar: removeNotificationViews:0|com.android.incallui|2|null|1001
12-17 19:33:10.607  2852  2852 I NotificationGroupManager: onEntryRemoved:0|com.android.incallui|2|null|1001
12-17 19:33:10.607  2852  2852 I NotificationGroupManager: onEntryRemovedInternal:0|com.android.incallui|2|null|1001, group=0|com.android.incallui|2|null|1001
12-17 19:33:10.607  2852  2852 I NotificationGroupManager: summary = null
12-17 19:33:10.608  2852  2852 I HwPhoneStatusBar: updateNotificationShade
12-17 19:33:10.608  2852  2852 I PhoneStatusBar: updateNotificationShade
12-17 19:33:10.608  3180  3332 I ScenarioAction: new ScenarioAction sPoolSize: 0
12-17 19:33:10.608  1795  2670 I AlarmManager: remove(PendingIntent{50e3a01: PendingIntentRecord{a8130a6 android broadcastIntent}}) changed bounds; rebatching
12-17 19:33:10.609  2852  2852 I PhoneStatusBar: removeNotificationChildren
12-17 19:33:10.610  2852  2852 I HwNotificationIconAreaController: showNotificationAll
12-17 19:33:10.610  1795  1795 D HwArpVerifier: startWifiRouteCheck
12-17 19:33:10.611  1795  3253 D wifiserviceimpl: netmask =16580607
12-17 19:33:10.612  3858  4126 I amsnl   : m1: false
12-17 19:33:10.613  1795  1795 D WifiProStatisticsManager: sendScreenOnEvent enter.
12-17 19:33:10.613  1795  2733 D WiFi_PRO_WifiProStateMachine: device screen on,but isScreenOffMonitor is false
12-17 19:33:10.613  1795 16499 W ActivityManager: getRunningAppProcesses: caller 10009 does not hold REAL_GET_TASKS; limiting output
12-17 19:33:10.613  1795  2734 D WifiProStatisticsManager: msg Loop is running.
12-17 19:33:10.616  3608  3608 E HW-JPEG-DEC: [HME_JPEG_DEC_Delete](3298): HME_JPEG_DEC_Delete: decoder_ctx=null
12-17 19:33:10.616  3858  4126 I amsnl   : m2: false, m3: false
12-17 19:33:10.617  1795  6988 D PowerManagerService: ready=false,policy=3,wakefulness=1,wksummary=0x11,uasummary=0x1,bootcompleted=true,boostinprogress=false,waitmodeenable=false,mode=true,manual=33,auto=-1,adj=0.0userId=0
12-17 19:33:10.617  3858  4126 I amsnl   : c: true, w: true, t: false, l: false
12-17 19:33:10.618  3608  3608 E HW-JPEG-DEC: [HME_JPEG_DEC_Delete](3298): HME_JPEG_DEC_Delete: decoder_ctx=null
12-17 19:33:10.618  3608  3608 E HW-JPEG-DEC: [HME_JPEG_DEC_Delete](3298): HME_JPEG_DEC_Delete: decoder_ctx=null
12-17 19:33:10.620  3608  3608 E HW-JPEG-DEC: [HME_JPEG_DEC_Delete](3298): HME_JPEG_DEC_Delete: decoder_ctx=null
12-17 19:33:10.622  1795  1795 I EyeProtectionControllerImpl: onReceive intent action = android.intent.action.SCREEN_ON
12-17 19:33:10.624  2852  2852 I StackScrollAlgorithm: overlapAmount:525.3814, previousNotificationEnd:258.0, newYTranslation:-267.3814, location:8, i:1, getTopPadding:499.0, getLocationOnScreen():-745
12-17 19:33:10.624  2852  2852 I StackScrollAlgorithm: state.clipTopAmount:501, i:1
12-17 19:33:10.624  2852  2852 I StackScrollAlgorithm: updateClipping isOverlap:true
12-17 19:33:10.624  2852  2852 I StackScrollAlgorithm: updateDimmedActivatedHideSensitive overlap:true
12-17 19:33:10.624  1795  2736 D HwInnerWifiManagerImpl: SupplicantState = COMPLETED
12-17 19:33:10.624  1795  2736 D HwInnerWifiManagerImpl: isPhoneAP = false
12-17 19:33:10.626  3218  3218 E HW-JPEG-DEC: [HME_JPEG_DEC_Delete](3298): HME_JPEG_DEC_Delete: decoder_ctx=null
12-17 19:33:10.628  2883  2883 D HwKeyguardManagerImpl: isLockScreenDisabled HwKeyguardManagerImpl result = false
12-17 19:33:10.629  1795 17831 D PowerManagerService: acquire lock=184063844, flags=0x1, tag="NetworkStats", name=android, ws=null, uid=1000, pid=1795
12-17 19:33:10.629  1795 17831 D PowerManagerService: ready=false,policy=3,wakefulness=1,wksummary=0x11,uasummary=0x1,bootcompleted=true,boostinprogress=false,waitmodeenable=false,mode=true,manual=33,auto=-1,adj=0.0userId=0
12-17 19:33:10.632  1795 17831 D NetdConnector: SND -> {11626 bandwidth gettetherstats}
12-17 19:33:10.632  1795  1795 D DeviceIdleController: updateDisplayLocked: screenOn=true
12-17 19:33:10.632  1795  1795 I DeviceIdleController: becomeActiveLocked, reason = screen
12-17 19:33:10.633  3608  3608 D InCall  : InCallActivity - onResume()... end
12-17 19:33:10.633  3608  3608 I InCall  : VideoCallFragment - onResume
12-17 19:33:10.633  3608  3608 I InCall  : VideoCallPresenter - isVideoCallWorking, state is: 3
12-17 19:33:10.633  3608  3608 I InCall  : VideoCallFragment - onResume: Surface exist, resume videos
12-17 19:33:10.633   832  1841 E Parcel  : Reading a NULL string not supported here.
12-17 19:33:10.633  3608  3608 D InCall  : VideoCallPresenter - resumeVideo: Error bad state mPrimaryCall=[Call_10, ACTIVE, [Capabilities: CAPABILITY_HOLD CAPABILITY_SUPPORT_HOLD CAPABILITY_MUTE CAPABILITY_CANNOT_DOWNGRADE_VIDEO_TO_AUDIO], children:[], parent:null, conferenceable:[], videoState:Audio Only, mSessionModificationState:0, VideoSettings:(CameraDir:-1)] mVideoCall=null
12-17 19:33:10.633   832  1841 E Parcel  : Reading a NULL string not supported here.
12-17 19:33:10.633  3608  3608 I InCall  : VTCallButtonFragment - --- onResume ---
12-17 19:33:10.633  3608  3608 I ActivityManager_activity: Resuming ActivityRecord{fd45985 token=android.os.BinderProxy@af8ea9b {com.android.incallui/com.android.incallui.InCallActivity}} with isForward=true,forwardBitChanged=true onlyLocalRequest=false
12-17 19:33:10.636  1795  1821 I WindowManger_keyguard: Setting mDismissKeyguard true by win Window{e6a6b5e u0 com.android.incallui/com.android.incallui.InCallActivity}
12-17 19:33:10.636  2883  2883 I HwSystemManager: AutoCleanReceiveServer:receive action:android.intent.action.SCREEN_ON
12-17 19:33:10.636  1795  2665 D NetdConnector: RCV <- {200 11626 Tethering stats list completed}
12-17 19:33:10.637  1795  2665 D NetdConnector: RCV <- {200 11626 Tethering stats list completed}
12-17 19:33:10.637  3218  3234 W PhoneInterfaceManager: shouldBlockLocation running ...
12-17 19:33:10.638  3218  3234 I PhoneInterfaceManager: shouldBlockLocation  ret:false
12-17 19:33:10.641  1795 17831 W NetworkStatsFactory: mStatsXtProcUid: /proc/net/comm/stats does not exist!
12-17 19:33:10.641  1795 17831 D HwNetworkStatsService: mActiveIface: null
12-17 19:33:10.642  3168  3168 I CHR_ChrDataServiceTracker: handledataswitchchanged
12-17 19:33:10.642  1795 17831 I SendBroadcastPermission: action:com.android.server.action.NETWORK_STATS_UPDATED, mPermissionType:0
12-17 19:33:10.644  1795 17831 I HwActivityManagerService: Split enqueueing broadcast [callerApp]:ProcessRecord{34bf34f 0:system/1000}
12-17 19:33:10.644  1795 17831 D PowerManagerService: release:lock=184063844, flg=0x0, tag="NetworkStats", name=android", ws=null, uid=1000, pid=1795
12-17 19:33:10.644  1795  3077 D GnssLocationProvider: receive broadcast intent, action: android.intent.action.SCREEN_ON
12-17 19:33:10.645  1795 17831 D PowerManagerService: ready=false,policy=3,wakefulness=1,wksummary=0x11,uasummary=0x1,bootcompleted=true,boostinprogress=false,waitmodeenable=false,mode=true,manual=33,auto=-1,adj=0.0userId=0
12-17 19:33:10.645  1795  3077 I GnssLocationProvider: updateLowPowerMode,isPowerSaveMode:falseisInteractive:true
12-17 19:33:10.645  1795  3077 I GnssLocationProvider: disableGps:false  isEnabled()=true
12-17 19:33:10.646  1795  2736 E hwintelligencewifi: getCurrentCellid type type = PHONE_TYPE_GSM
12-17 19:33:10.646  1795  2736 E hwintelligencewifi: getCurrentCellid type is PHONE_TYPE_GSM
12-17 19:33:10.648  2883  3040 E HwSystemManager: TrafficNotifyAfterLocked:screen notification will not notify
12-17 19:33:10.650  1795  2736 E hwintelligencewifi: getCurrentCellid PHONE_TYPE_GSM cellidString = 460003645
12-17 19:33:10.650  1795  2736 E hwintelligencewifi: updataApInfo cellid =460003645
12-17 19:33:10.650  1795  2736 E hwintelligencewifi: addCurrentApInfo cellid =460003645
12-17 19:33:10.654  2852  3556 I NetworkController.MobileSignalController(0): onDataActivity: direction=0
12-17 19:33:10.655  2852  3556 D NetworkController.MobileSignalController(0): mSimSubId:0 onDataActivity: direction=0
12-17 19:33:10.655  2852  3556 I NetworkController.MobileSignalController(0): onDataActivity: direction=0
12-17 19:33:10.655  2852  3556 D NetworkController.MobileSignalController(0): mSimSubId:0 onDataActivity: direction=0
12-17 19:33:10.655  2852  2852 I PowerUI : onReceive intent:act:android.intent.action.SCREEN_ON  flag:1342177296 
12-17 19:33:10.657  1795  3110 I WindowManger_keyguard: Setting mDismissKeyguard true by win Window{e6a6b5e u0 com.android.incallui/com.android.incallui.InCallActivity}
12-17 19:33:10.660  2883  2996 E HwSystemManager: SimCardMethod:/getSimCardInfo: imsi is null
12-17 19:33:10.667  3180  3332 I BatteryMonitor: screen off: 6s, awake: 6s wakeups: 0, battery changed: 0
12-17 19:33:10.668  3180  3578 D HwMultiWindowEx: isInMultiWindowMode ret: 0
12-17 19:33:10.668  3180  3578 I BacklightControl: can't adjust backlight when app launch from other scene.
12-17 19:33:10.669  3180  3578 I ThermalStateManager: handle action thermal policy:208
12-17 19:33:10.672  3180  3578 I ash     : ash->screen on
12-17 19:33:10.672  2883  2996 I HwSystemManager: NormalTrafficAnalysis:alert byte = 0 last alert byte = 0
12-17 19:33:10.672  2883  2996 E HwSystemManager: NormalTrafficAnalysis:alert byte = 0, so return
12-17 19:33:10.673  3608  3608 D InCall  : CallCardFragment - onGlobalLayout
12-17 19:33:10.675  1795  3253 I WindowManger_keyguard: Setting mDismissKeyguard true by win Window{e6a6b5e u0 com.android.incallui/com.android.incallui.InCallActivity}
12-17 19:33:10.677  3608  3608 I ActivityManager_activity: Reporting idle of ActivityRecord{fd45985 token=android.os.BinderProxy@af8ea9b {com.android.incallui/com.android.incallui.InCallActivity}} finished=false
12-17 19:33:10.681  3180  3578 I ash     : ash->screen unlock
12-17 19:33:10.682  1795  2377 V HwPackageManagerService: Returning system default Launcher 
12-17 19:33:10.682  3218 13114 E HW-JPEG-DEC: [HME_JPEG_DEC_Delete](3298): HME_JPEG_DEC_Delete: decoder_ctx=null
12-17 19:33:10.682  1795  2377 I AwareLog: AwareMem_EventTracker: [APP_ACTIVITY_FINISH_123074366] is abandoned for memory 832152
12-17 19:33:10.683  1795  3957 E IzatSvc_OSObserver: I/LocTech-Label :: OSOBSERVER :: Data Items In
