12-17 19:31:38.235   835  2385 D fingerprintd: onError(5)
12-17 19:31:38.235  2852  2925 I EventCenter: ContentChange for slot: 1
12-17 19:31:38.235   835  2385 I fpc_fingerprint_hal: do_identify operation CANCELED
12-17 19:31:38.235  1795 17832 W FingerprintService: onError 1
12-17 19:31:38.235   835  2385 D fpc_fingerprint_hal: do_identify took 23 ms, total:1412 wait:1389
12-17 19:31:38.235   835  2385 E libteec : begin
12-17 19:31:38.235  2852  2925 I EventCenter: ContentChange for slot: 1
12-17 19:31:38.235   606  2379 E libteec : receive data len = 128
12-17 19:31:38.236  2852  2852 W HwLockScreenPanel: Handle message: 14
12-17 19:31:38.236  2852  2925 I EventCenter: ContentChange for slot: 1
12-17 19:31:38.237  2852  2852 W DisabledFeatureUtils: Dis-Feature : 0
12-17 19:31:38.237  2852  2852 W DisabledFeatureUtils: Dis-Feature : 0
12-17 19:31:38.238  2852  2852 I PhoneStatusBar: setSystemUiVisibility vis=c0000300 mask=ffffffff oldVal=80000300 newVal=c0000300 diff=40000000
12-17 19:31:38.238  2852  2852 I BarTransitions.HwPhoneStatusBarView: transitionTo: mode=MODE_TRANSLUCENT, animate=false
12-17 19:31:38.238  2852  2925 I EventCenter: ContentChange for slot: 1
12-17 19:31:38.238  2852  2852 D BarTransitions.HwPhoneStatusBarView: MODE_OPAQUE -> MODE_TRANSLUCENT animate=false
12-17 19:31:38.238  2852  2852 D BarTransitions.HwPhoneStatusBarView: applyModeBackground oldMode=MODE_OPAQUE newMode=MODE_TRANSLUCENT animate=false
12-17 19:31:38.239  2852  2852 I BarTransitions.HwNavigationBarView: transitionTo: mode=MODE_TRANSLUCENT, animate=false
12-17 19:31:38.239  3608  3608 D InCall  : InCallPresenter - onActivityStarted
12-17 19:31:38.239  3608  3608 D InCall  : InCallPresenter - notifyVideoPauseController
12-17 19:31:38.239  2852  2852 I HwNavigationBarTransitions: transitionTo:mode=2, isEmuiStyle=false
12-17 19:31:38.239  3608  3608 D InCall  : VideoPauseController: - VideoPauseController:onResume
12-17 19:31:38.239  2852  2852 I PhoneStatusBar: cancelAutohide
12-17 19:31:38.239  3608  3608 D InCall  : VideoPauseController: - VideoPauseController:onResume. Ignoring...
12-17 19:31:38.239  2852  2852 I PhoneStatusBar: notifyUiVisibilityChanged:vis=0xc0000300, SystemUiVisibility=0xc0000300
12-17 19:31:38.239  3608  3608 D InCall  : InCallActivity - doOrientationChanged prevOrientation=1 newOrientation=1
12-17 19:31:38.239  3608  3608 D InCall  : InCallActivity - onStart()... end
12-17 19:31:38.240   832   832 E Parcel  : Reading a NULL string not supported here.
12-17 19:31:38.240   832   832 E Parcel  : Reading a NULL string not supported here.
12-17 19:31:38.240  2852  2852 I TintManager: updateBarBgColor:emuiStyle=1,statusBarColor=#00000000,navigationBarColor=#00000000, isEmuiLight=1
12-17 19:31:38.240  2852  2852 I HwPhoneStatusBarTransitions: setBackgroundColor:new=0, old=1711276032
12-17 19:31:38.240  3608  3608 I InCall  : InCallActivity - onResume()...
12-17 19:31:38.240  2852  2852 I HwNavigationBarTransitions: setBackgroundColor:new=0, old=0
12-17 19:31:38.241  2852  2852 D TintManager: statusBarIconTint=#B3FFFFFF,navigationBarIconTint=#00000000
12-17 19:31:38.242  3608  3608 I InCall  : InCallActivity - bgCallTwinkingSwitch is truemIsForegroundActivity is true
12-17 19:31:38.242  3608  3608 D InCall  : InCallPresenter - notifyInCallScreenIsForeground: true
12-17 19:31:38.242  2852  2852 I PhoneStatusBar: setSystemUiVisibility vis=c0000600 mask=ffffffff oldVal=c0000300 newVal=c0000600 diff=500
12-17 19:31:38.242  2852  2852 I BarTransitions.HwPhoneStatusBarView: transitionTo: mode=MODE_TRANSLUCENT, animate=false
12-17 19:31:38.242  3608  3608 I SendBroadcastPermission: action:InCallScreenIsForegroundActivity, mPermissionType:0
12-17 19:31:38.242  2852  2852 D BarTransitions.HwPhoneStatusBarView: MODE_TRANSLUCENT -> MODE_TRANSPARENT animate=false
12-17 19:31:38.242  2852  2852 D BarTransitions.HwPhoneStatusBarView: applyModeBackground oldMode=MODE_TRANSLUCENT newMode=MODE_TRANSPARENT animate=false
12-17 19:31:38.242  2852  2852 I BarTransitions.HwNavigationBarView: transitionTo: mode=MODE_TRANSLUCENT, animate=false
12-17 19:31:38.242  2852  2852 I HwNavigationBarTransitions: transitionTo:mode=2, isEmuiStyle=true
12-17 19:31:38.242  2852  2852 I PhoneStatusBar: notifyUiVisibilityChanged:vis=0xc0000600, SystemUiVisibility=0xc0000600
12-17 19:31:38.243  1795  6986 I HwActivityManagerService: Split enqueueing broadcast [callerApp]:ProcessRecord{ec55919 3608:com.android.incallui/1001}
12-17 19:31:38.243  1795 15982 D PowerManagerService: ready=false,policy=3,wakefulness=1,wksummary=0x11,uasummary=0x1,bootcompleted=true,boostinprogress=false,waitmodeenable=false,mode=true,manual=33,auto=-1,adj=0.0userId=0
12-17 19:31:38.243  1795 15982 D PowerManagerService: Acquiring suspend blocker "PowerManagerService.WakeLocks".
12-17 19:31:38.244  3608  3608 D InCall  : StatusBarNotifier - cancelInCall()...
12-17 19:31:38.245  1795 11746 I NotificationManager: cancelNotificationWithTag pid 3608,uid = 1001,tag = null,pkg =com.android.incallui,id =2
12-17 19:31:38.245  3608  3608 D InCall  : StatusBarNotifier - updateInCallNotification: timer cleared
12-17 19:31:38.245   606  2379 E libteec : QSEECom_send_cmd return!
12-17 19:31:38.245   606  2379 E libteec : qsc_send_cmd finish
12-17 19:31:38.245   606  2379 E libteec : send data return = 128
12-17 19:31:38.245  1795 16500 D PowerManagerService: ready=false,policy=3,wakefulness=1,wksummary=0x11,uasummary=0x1,bootcompleted=true,boostinprogress=false,waitmodeenable=false,mode=true,manual=33,auto=-1,adj=0.0userId=0
12-17 19:31:38.245   835  2385 E libteec : receive data len = 128
12-17 19:31:38.245   835  2385 E libteec : begin
12-17 19:31:38.245   835  2385 E libteec : qsc_decode end
12-17 19:31:38.245   835  2385 D fpc_fingerprint_hal: worker idle
12-17 19:31:38.246   835  2385 D fpc_fingerprint_hal: workerFunction STATE_CANCEL
12-17 19:31:38.246   835  2385 E libteec : begin
12-17 19:31:38.246   606  2379 E libteec : receive data len = 128
12-17 19:31:38.246  1795  3249 D PowerManagerService: ready=false,policy=3,wakefulness=1,wksummary=0x11,uasummary=0x1,bootcompleted=true,boostinprogress=false,waitmodeenable=false,mode=true,manual=33,auto=-1,adj=0.0userId=0
12-17 19:31:38.246  1795  2326 W FingerprintService: client com.android.systemui is no longer authenticating
12-17 19:31:38.246  1795  2326 W FingerprintService: onError 2
12-17 19:31:38.246  1795  2326 V FingerprintService: ClientMonitor destroy
12-17 19:31:38.246  1795  2326 V FingerprintService: Done with client: com.android.systemui
12-17 19:31:38.246  1795  2326 V FingerprintService: handleError(client=com.android.systemui, error = 5)
12-17 19:31:38.247  1795  1795 I TrafficMonitor: during_ms:2000,period_ms:2000
12-17 19:31:38.247  1795  1795 I TrafficMonitor: count:42,rx_sum:5,tx_sum:6,rxBytes:954,during_ms:2000,rx_speed:477.0,tx_speed:213.5,rto:0.8333333333333334
12-17 19:31:38.247  1795  1795 D HuaweiWifiWatchdogStateMachine: speed: rxpkt:5, rxSpd:477B/s, txpkt:6, txSpd:213
12-17 19:31:38.247  1795  1795 D DeviceIdleController: updateDisplayLocked: screenOn=true
12-17 19:31:38.247  1795  1795 I DeviceIdleController: becomeActiveLocked, reason = screen
12-17 19:31:38.247  1795  1807 D DeviceIdleController: handleMessage(5)
12-17 19:31:38.247  1795  1795 I AlarmManager: remove(null) changed bounds; rebatching
12-17 19:31:38.247  3608  3608 I InCall  : ProximitySensor - ProximitySensor{keybrd=0, dpad=0, offhook=1, hor=0, ui=1, aud=EARPIECE}
12-17 19:31:38.247  3608  3608 D InCall  : ProximitySensor - Turning on proximity sensor
12-17 19:31:38.248  3608  3608 I InCall  : ProximitySensor - Proximity wake lock already acquired
12-17 19:31:38.248  3608  3608 D InCall  : AnswerPresenter - onUiShowingtrue
12-17 19:31:38.248  3608  3608 D InCall  : AnswerPresenter - onCallListChange callList=com.android.incallui.CallList@86c7f97
12-17 19:31:38.248  3608  3608 D HwCust  : Create obj success use class com.android.incallui.HwCustAnswerPresenterImpl
12-17 19:31:38.249   832  1840 E Parcel  : Reading a NULL string not supported here.
12-17 19:31:38.250  1795  1795 D DeviceIdleController: stopMonitoringMotionLocked()
12-17 19:31:38.250   832  1840 E Parcel  : Reading a NULL string not supported here.
12-17 19:31:38.250  1795 17831 D PowerManagerService: ready=false,policy=3,wakefulness=1,wksummary=0x10,uasummary=0x1,bootcompleted=true,boostinprogress=false,waitmodeenable=false,mode=true,manual=33,auto=-1,adj=0.0userId=0
12-17 19:31:38.250  1795  1795 I AlarmManager: remove(null) changed bounds; rebatching
12-17 19:31:38.250  1795 17831 D PowerManagerService: Releasing suspend blocker "PowerManagerService.WakeLocks".
12-17 19:31:38.251  3608  3608 D InCall  : AnswerPresenter - onCallListChange callList=com.android.incallui.CallList@86c7f97
12-17 19:31:38.255  1795  2377 I AwareLog: AwareMem_DMEServer: start
12-17 19:31:38.255  1795  1795 I NotificationManager: cancelNotification,index:0
12-17 19:31:38.255  1795  1795 I NotificationManager: cancelNotification,cancelNotificationLocked,callingUid = 1001,callingPid = 3608
12-17 19:31:38.255  1795  1795 I NotificationManager: cancelNotificationLocked called,tell the app,reason = 8
12-17 19:31:38.255  1795  1795 I NotificationManager: cancelNotificationLocked:0|com.android.incallui|2|null|1001
12-17 19:31:38.255  1795  1795 I NotificationManager: cancelNotificationLocked,remove =com.android.incallui
12-17 19:31:38.255  1795  2377 I AwareLog: AwareMem_EventTracker: [SCREEN_ON_1481974298252] is abandoned for memory 833668
12-17 19:31:38.256  1795  1795 I NotificationManager: updateLightsLocked,mInCall =true,mScreenOn = false,ledNotification == null?true
12-17 19:31:38.256  1795  1795 I NotificationManager: updateLightsLocked,turn off notificationLight
12-17 19:31:38.256  1795  1795 I Sensor  : turn off notificationLight due to incall or screenon
12-17 19:31:38.256  1795  1795 I Sensor  : updateLight --> mIsNotificationExisting: false ledOnMS: 0 ledOffMS :0
12-17 19:31:38.256  1795  1795 I Sensor  : updateLightsLocked --> level:78, status:3
12-17 19:31:38.256  1795  1795 I Sensor  : updateLightsLocked --> mBatteryLight.turnOff
