12-17 19:35:10.086  2852  2852 I HwBrightnessUtils: APS brightness=34.0,ConvertToPercentage=0.30723512
12-17 19:35:10.086  2852  2852 I HwBrightnessUtils:  getSeekBarProgress isAutoMode:true current brightness:34 percentage:0.30723512
12-17 19:35:10.086  2852  2852 I HwBrightnessController: updateSlider1 seekBarProgress:3072
12-17 19:35:10.086  2852  2852 I HwBrightnessController: updateSlider2 seekBarProgress:3072
12-17 19:35:10.087  2852  2852 I ToggleSlider:  mSeekListener onProgressChanged progress:3072 fromUser:false
12-17 19:35:10.087  2852  2852 I ToggleSlider:  mSeekListener onProgressChanged progress:3072 fromUser:false
12-17 19:35:10.098  1795  2750 D HW_DISPLAY_EFFECT: presently, hw_update_color_temp_for_rg_led interface not achieved.
12-17 19:35:10.114  1795  2750 D HW_DISPLAY_EFFECT: presently, hw_update_color_temp_for_rg_led interface not achieved.
12-17 19:35:10.131  1795  2750 D HW_DISPLAY_EFFECT: presently, hw_update_color_temp_for_rg_led interface not achieved.
12-17 19:35:10.148  1795  2750 D HW_DISPLAY_EFFECT: presently, hw_update_color_temp_for_rg_led interface not achieved.
12-17 19:35:10.150  2852  2925 I EventCenter: ContentChange for slot: 1
12-17 19:35:10.151  2852  2852 I HwBrightnessController: onChange selfChange:false uri.toString():content://settings/system/screen_auto_brightness mIsObserveAutoBrightnessChange:true
12-17 19:35:10.153  2852  2852 I HwBrightnessUtils: APS brightness=33.0,ConvertToPercentage=0.30150273
12-17 19:35:10.153  2852  2852 I HwBrightnessUtils:  getSeekBarProgress isAutoMode:true current brightness:33 percentage:0.30150273
12-17 19:35:10.153  2852  2852 I HwBrightnessController: updateSlider1 seekBarProgress:3015
12-17 19:35:10.153  2852  2852 I HwBrightnessController: updateSlider2 seekBarProgress:3015
12-17 19:35:10.154  2852  2852 I ToggleSlider:  mSeekListener onProgressChanged progress:3015 fromUser:false
12-17 19:35:10.154  2852  2852 I ToggleSlider:  mSeekListener onProgressChanged progress:3015 fromUser:false
12-17 19:35:10.164  1795  2750 D HW_DISPLAY_EFFECT: presently, hw_update_color_temp_for_rg_led interface not achieved.
12-17 19:35:10.181  1795  2750 D HW_DISPLAY_EFFECT: presently, hw_update_color_temp_for_rg_led interface not achieved.
12-17 19:35:10.197  1795  2750 D HW_DISPLAY_EFFECT: presently, hw_update_color_temp_for_rg_led interface not achieved.
12-17 19:35:10.214  1795  2750 D HW_DISPLAY_EFFECT: presently, hw_update_color_temp_for_rg_led interface not achieved.
12-17 19:35:10.231  1795  2750 D HW_DISPLAY_EFFECT: presently, hw_update_color_temp_for_rg_led interface not achieved.
12-17 19:35:10.233  2852  2925 I EventCenter: ContentChange for slot: 1
12-17 19:35:10.234  2852  2852 I HwBrightnessController: onChange selfChange:false uri.toString():content://settings/system/screen_auto_brightness mIsObserveAutoBrightnessChange:true
12-17 19:35:10.237  2852  2852 I HwBrightnessUtils: APS brightness=32.0,ConvertToPercentage=0.2956818
12-17 19:35:10.237  2852  2852 I HwBrightnessUtils:  getSeekBarProgress isAutoMode:true current brightness:32 percentage:0.2956818
12-17 19:35:10.237  2852  2852 I HwBrightnessController: updateSlider1 seekBarProgress:2957
12-17 19:35:10.237  2852  2852 I HwBrightnessController: updateSlider2 seekBarProgress:2957
12-17 19:35:10.238  2852  2852 I ToggleSlider:  mSeekListener onProgressChanged progress:2957 fromUser:false
12-17 19:35:10.238  2852  2852 I ToggleSlider:  mSeekListener onProgressChanged progress:2957 fromUser:false
12-17 19:35:10.247  1795  2750 D HW_DISPLAY_EFFECT: presently, hw_update_color_temp_for_rg_led interface not achieved.
12-17 19:35:10.254  1795  2728 D HwArpVerifier: check_wifi_state_mode = 0 mCheckStateToken=1008 token1008
12-17 19:35:10.255  1795  2728 D HwArpVerifier: reportArpDetail: 10.33.8.1  00:00:5e:00:01:09   2   wlan0
12-17 19:35:10.255  1795  2728 D wifiserviceimpl: netmask =16580607
12-17 19:35:10.264  1795  2750 D HW_DISPLAY_EFFECT: presently, hw_update_color_temp_for_rg_led interface not achieved.
12-17 19:35:10.280  1795  2750 D HW_DISPLAY_EFFECT: presently, hw_update_color_temp_for_rg_led interface not achieved.
12-17 19:35:10.297  1795  2750 D HW_DISPLAY_EFFECT: presently, hw_update_color_temp_for_rg_led interface not achieved.
12-17 19:35:10.313  1795  2750 D HW_DISPLAY_EFFECT: presently, hw_update_color_temp_for_rg_led interface not achieved.
12-17 19:35:10.315  2852  2925 I EventCenter: ContentChange for slot: 1
12-17 19:35:10.315  2852  2852 I HwBrightnessController: onChange selfChange:false uri.toString():content://settings/system/screen_auto_brightness mIsObserveAutoBrightnessChange:true
12-17 19:35:10.316  2852  2852 I HwBrightnessUtils: APS brightness=31.0,ConvertToPercentage=0.28976774
12-17 19:35:10.316  2852  2852 I HwBrightnessUtils:  getSeekBarProgress isAutoMode:true current brightness:31 percentage:0.28976774
12-17 19:35:10.317  2852  2852 I HwBrightnessController: updateSlider1 seekBarProgress:2898
12-17 19:35:10.317  2852  2852 I HwBrightnessController: updateSlider2 seekBarProgress:2898
12-17 19:35:10.317  2852  2852 I ToggleSlider:  mSeekListener onProgressChanged progress:2898 fromUser:false
12-17 19:35:10.317  2852  2852 I ToggleSlider:  mSeekListener onProgressChanged progress:2898 fromUser:false
12-17 19:35:10.323  1795  2728 D HWMultiGW: setGateWay 10.33.8.1
12-17 19:35:10.329  1795  2750 I HwLightsService: back light level before map = 1245
12-17 19:35:10.329  1795  2750 D HW_DISPLAY_EFFECT: presently, hw_update_color_temp_for_rg_led interface not achieved.
12-17 19:35:10.346  1795  2750 D HW_DISPLAY_EFFECT: presently, hw_update_color_temp_for_rg_led interface not achieved.
12-17 19:35:10.363  1795  2750 D HW_DISPLAY_EFFECT: presently, hw_update_color_temp_for_rg_led interface not achieved.
12-17 19:35:10.380  1795  2750 D HW_DISPLAY_EFFECT: presently, hw_update_color_temp_for_rg_led interface not achieved.
12-17 19:35:10.396  1795  2750 D HW_DISPLAY_EFFECT: presently, hw_update_color_temp_for_rg_led interface not achieved.
12-17 19:35:10.398  2852  2925 I EventCenter: ContentChange for slot: 1
12-17 19:35:10.399  2852  2852 I HwBrightnessController: onChange selfChange:false uri.toString():content://settings/system/screen_auto_brightness mIsObserveAutoBrightnessChange:true
12-17 19:35:10.401  2852  2852 I HwBrightnessUtils: APS brightness=30.0,ConvertToPercentage=0.28375545
12-17 19:35:10.401  2852  2852 I HwBrightnessUtils:  getSeekBarProgress isAutoMode:true current brightness:30 percentage:0.28375545
12-17 19:35:10.401  2852  2852 I HwBrightnessController: updateSlider1 seekBarProgress:2838
12-17 19:35:10.401  2852  2852 I HwBrightnessController: updateSlider2 seekBarProgress:2838
12-17 19:35:10.401  2852  2852 I ToggleSlider:  mSeekListener onProgressChanged progress:2838 fromUser:false
12-17 19:35:10.402  2852  2852 I ToggleSlider:  mSeekListener onProgressChanged progress:2838 fromUser:false
12-17 19:35:10.413  1795  2750 D HW_DISPLAY_EFFECT: presently, hw_update_color_temp_for_rg_led interface not achieved.
12-17 19:35:10.429  1795  2750 D HW_DISPLAY_EFFECT: presently, hw_update_color_temp_for_rg_led interface not achieved.
12-17 19:35:10.446  1795  2750 D HW_DISPLAY_EFFECT: presently, hw_update_color_temp_for_rg_led interface not achieved.
12-17 19:35:10.454   633   692 I eSpaceService: Watch Thread{4481} WatchThread.onLoop(WatchThread.java:94) watch thread onLoop... 
12-17 19:35:10.462  1795  2750 D HW_DISPLAY_EFFECT: presently, hw_update_color_temp_for_rg_led interface not achieved.
12-17 19:35:10.479  1795  2750 D HW_DISPLAY_EFFECT: presently, hw_update_color_temp_for_rg_led interface not achieved.
12-17 19:35:10.481  2852  2925 I EventCenter: ContentChange for slot: 1
12-17 19:35:10.482  2852  2852 I HwBrightnessController: onChange selfChange:false uri.toString():content://settings/system/screen_auto_brightness mIsObserveAutoBrightnessChange:true
12-17 19:35:10.485  2852  2852 I HwBrightnessUtils: APS brightness=29.0,ConvertToPercentage=0.2776395
12-17 19:35:10.485  2852  2852 I HwBrightnessUtils:  getSeekBarProgress isAutoMode:true current brightness:29 percentage:0.2776395
12-17 19:35:10.485  2852  2852 I HwBrightnessController: updateSlider1 seekBarProgress:2776
12-17 19:35:10.485  2852  2852 I HwBrightnessController: updateSlider2 seekBarProgress:2776
12-17 19:35:10.486  2852  2852 I ToggleSlider:  mSeekListener onProgressChanged progress:2776 fromUser:false
12-17 19:35:10.486  2852  2852 I ToggleSlider:  mSeekListener onProgressChanged progress:2776 fromUser:false
12-17 19:35:10.496  1795  2750 D HW_DISPLAY_EFFECT: presently, hw_update_color_temp_for_rg_led interface not achieved.
12-17 19:35:10.512  1795  2750 D HW_DISPLAY_EFFECT: presently, hw_update_color_temp_for_rg_led interface not achieved.
12-17 19:35:10.528  1795  2750 D HW_DISPLAY_EFFECT: presently, hw_update_color_temp_for_rg_led interface not achieved.
12-17 19:35:10.545  1795  2750 D HW_DISPLAY_EFFECT: presently, hw_update_color_temp_for_rg_led interface not achieved.
12-17 19:35:10.565  1795  2750 D HW_DISPLAY_EFFECT: presently, hw_update_color_temp_for_rg_led interface not achieved.
12-17 19:35:10.567  2852  2925 I EventCenter: ContentChange for slot: 1
12-17 19:35:10.567  2852  2852 I HwBrightnessController: onChange selfChange:false uri.toString():content://settings/system/screen_auto_brightness mIsObserveAutoBrightnessChange:true
12-17 19:35:10.567  2852  2852 I HwBrightnessUtils: APS brightness=28.0,ConvertToPercentage=0.2714138
12-17 19:35:10.568  2852  2852 I HwBrightnessUtils:  getSeekBarProgress isAutoMode:true current brightness:28 percentage:0.2714138
12-17 19:35:10.568  2852  2852 I HwBrightnessController: updateSlider1 seekBarProgress:2714
12-17 19:35:10.568  2852  2852 I HwBrightnessController: updateSlider2 seekBarProgress:2714
12-17 19:35:10.568  2852  2852 I ToggleSlider:  mSeekListener onProgressChanged progress:2714 fromUser:false
12-17 19:35:10.568  2852  2852 I ToggleSlider:  mSeekListener onProgressChanged progress:2714 fromUser:false
12-17 19:35:10.577  1795  2750 D HW_DISPLAY_EFFECT: presently, hw_update_color_temp_for_rg_led interface not achieved.
12-17 19:35:10.594  1795  2750 I HwLightsService: back light level before map = 1117
12-17 19:35:10.594  1795  2750 D HW_DISPLAY_EFFECT: presently, hw_update_color_temp_for_rg_led interface not achieved.
12-17 19:35:10.611  1795  2750 D HW_DISPLAY_EFFECT: presently, hw_update_color_temp_for_rg_led interface not achieved.
12-17 19:35:10.627  1795  2750 D HW_DISPLAY_EFFECT: presently, hw_update_color_temp_for_rg_led interface not achieved.
12-17 19:35:10.644  1795  2750 D HW_DISPLAY_EFFECT: presently, hw_update_color_temp_for_rg_led interface not achieved.
12-17 19:35:10.646  2852  2925 I EventCenter: ContentChange for slot: 1
12-17 19:35:10.646  2852  2852 I HwBrightnessController: onChange selfChange:false uri.toString():content://settings/system/screen_auto_brightness mIsObserveAutoBrightnessChange:true
12-17 19:35:10.649  2852  2852 I HwBrightnessUtils: APS brightness=27.0,ConvertToPercentage=0.26507172
12-17 19:35:10.649  2852  2852 I HwBrightnessUtils:  getSeekBarProgress isAutoMode:true current brightness:27 percentage:0.26507172
12-17 19:35:10.649  2852  2852 I HwBrightnessController: updateSlider1 seekBarProgress:2651
