12-17 19:32:24.327  2852  2852 I HwSignalClusterView: apply hwPhoneState.mSubId:0 anyMobileVisible:false mIsAirplaneMode:false, mobileGroupVisible=true
12-17 19:32:24.328  2852  2852 I SignalClusterView: mWifiVisible is:truemWifiStrengthId is:2130839427mWifiDescription is:WLAN 信号强度满格。
12-17 19:32:24.328  2852  2852 D NetWorkUtils: mVSimCurCardType is -1
12-17 19:32:24.329  2852  2852 I HwSignalClusterView: apply hwPhoneState.mSubId:0 anyMobileVisible:false mIsAirplaneMode:false, mobileGroupVisible=true
12-17 19:32:24.340  2852  2852 I SignalClusterView: applyIconTint ignore
12-17 19:32:24.350  1795  2332 I qti_sensors_hal: [ACC]processReportInd: X: 6.462323 Y: 5.508688 Z: -0.274664  x_offset:0.160831 y_offset:0.184366 z_offset:0.985027
12-17 19:32:24.411  1795  2332 I qti_sensors_hal: [ACC]processReportInd: X: 7.475598 Y: 6.019110 Z: -1.101452  x_offset:0.160831 y_offset:0.184366 z_offset:0.985027
12-17 19:32:24.416  2852  2852 D DateTimeView: Change to single clock mode!
12-17 19:32:24.417  2852  2852 D DateTimeView: Change to single clock mode!
12-17 19:32:24.443  1795  1795 D Sensors : batch called handle:2 sample_ns:20000000 latency_ns:0
12-17 19:32:24.443  1795  1795 D Sensors : pa2240-proximity calling driver setDelay 20 ms
12-17 19:32:24.443  1795  1795 E huawei_ProximitySensor_CPP_Test: write 20 failed
12-17 19:32:24.462  5224  5224 I Step_LSC: 20002302|onStandStepChanged 65562
12-17 19:32:24.463  5224  5224 I Step_LSC: 20002302|compensate received
12-17 19:32:24.464  5224  5283 I Step_DataCache: 20002302|getTodayTotalSteps 4186
12-17 19:32:24.465  5224  5283 I Step_ExtendStepDataManager: 20002302|before compensate: cache step_4186
12-17 19:32:24.466  5224  5283 I Step_DataCache: 20002302|getTodayTotalSteps 4186
12-17 19:32:24.467  5224  5283 I Step_ExtendStepDataManager: 20002302|compensate 24699572 6
12-17 19:32:24.468  5224  5283 I Step_DataCache: 20002302|getTodayTotalSteps 4187
12-17 19:32:24.468  5224  5283 I Step_ExtendStepDataManager: 20002302|after compensate: cache step_4187
12-17 19:32:24.521  1795  2748 D HwAmbientLuxFilterAlgo: earliestValidTime + POWER_ON_BRIGHTENING_LIGHT_DEBOUNCE
12-17 19:32:24.521  1795  2748 D HwAmbientLuxFilterAlgo: earliestValidTime + POWER_ON_DARKENING_LIGHT_DEBOUNCE
12-17 19:32:24.563  5224  5283 I Step_LSC: 20002302|REPORT : 4187 89506 2985 0
12-17 19:32:24.565  5224  5283 I SendBroadcastPermission: action:android.com.huawei.bone.NOTIFY_SPORT_DATA, mPermissionType:0
12-17 19:32:24.567  5224  5283 I SendBroadcastPermission: action:android.com.huawei.bone.NOTIFY_SPORT_DATA, mPermissionType:0
12-17 19:32:24.569  1795  3110 I HwActivityManagerService: Split enqueueing broadcast [callerApp]:ProcessRecord{580cfb2 5224:com.huawei.health:DaemonService/u0a99}
12-17 19:32:24.570  2852  2852 I EventCenter: EventCenter Get :android.com.huawei.bone.NOTIFY_SPORT_DATA
12-17 19:32:24.570  2852  2852 D StepCounterView: onStepCounterChange stepsNum:4187
12-17 19:32:24.573  5224  5283 I Step_HSNH: 20002302|upDateHealthNotification()|90|2.98|4187
12-17 19:32:24.575  5224  5283 I Step_HSNH: 20002302|rebuild notification
12-17 19:32:24.581  1795  3121 I NotificationManager: enqueueNotificationInternal: pkg=com.huawei.health id=10010 notification=Notification(pri=0 contentView=null vibrate=null sound=null defaults=0x0 flags=0x2 color=0x00000000 vis=PRIVATE)
12-17 19:32:24.583  1795  1795 I NotificationManager: enqueueNotificationInternal: n.getKey = 0|com.huawei.health|10010|null|10099
12-17 19:32:24.585  1795  1795 V NotificationService: disableEffects=null canInterrupt=false once update: false
12-17 19:32:24.589  2852  2852 I StatusBar: onNotificationPosted: StatusBarNotification(pkg=com.huawei.health user=UserHandle{0} id=10010 tag=null key=0|com.huawei.health|10010|null|10099: Notification(pri=0 contentView=null vibrate=null sound=null defaults=0x0 flags=0x62 color=0x00000000 vis=PRIVATE)) important=2, post=1481974344581, when=1481531589202, vis=0, userid=0
12-17 19:32:24.590  2852  2852 D StatusBar: updateNotification(StatusBarNotification(pkg=com.huawei.health user=UserHandle{0} id=10010 tag=null key=0|com.huawei.health|10010|null|10099: Notification(pri=0 contentView=null vibrate=null sound=null defaults=0x0 flags=0x62 color=0x00000000 vis=PRIVATE)))
12-17 19:32:24.591  2852  2852 D HwCust  : Create obj success use class android.app.HwCustNotificationImpl
12-17 19:32:24.592  2852  2852 I StatusBarIconView: updateTint: tint=0
12-17 19:32:24.594  2852  2852 D StatusBar: No peeking: unimportant notification: 0|com.huawei.health|10010|null|10099
12-17 19:32:24.594  2852  2852 D StatusBar: applyInPlace=true shouldPeek=false alertAgain=true
12-17 19:32:24.594  2852  2852 I NotificationGroupManager: onEntryUpdated:0|com.huawei.health|10010|null|10099
12-17 19:32:24.594  2852  2852 I NotificationGroupManager: onEntryAdded:0|com.huawei.health|10010|null|10099, group=0|com.huawei.health|10010|null|10099
12-17 19:32:24.594  2852  2852 D StatusBar: reusing notification for key: 0|com.huawei.health|10010|null|10099
12-17 19:32:24.595  2852  2852 D HwCust  : Create obj success use class android.app.HwCustNotificationImpl
12-17 19:32:24.596  2852  2852 D HwCust  : Create obj success use class android.app.HwCustNotificationImpl
12-17 19:32:24.596  2852  2852 I StatusBarIconView: updateTint: tint=0
12-17 19:32:24.608  2852  2852 I HwPhoneStatusBar: updateNotificationShade
12-17 19:32:24.608  2852  2852 I PhoneStatusBar: updateNotificationShade
12-17 19:32:24.608  2852  2852 I PhoneStatusBar: removeNotificationChildren
12-17 19:32:24.609  2852  2852 I HwNotificationIconAreaController: showNotificationAll
12-17 19:32:24.614  2852  2852 I NotificationContentView: transferRemoteInputFocus: 0
12-17 19:32:24.615  2852  2852 I NotificationContentView: transferRemoteInputFocus: 0
12-17 19:32:24.616  2852  2852 I StackScrollAlgorithm: updateClipping isOverlap:false
12-17 19:32:24.616  2852  2852 I StackScrollAlgorithm: updateDimmedActivatedHideSensitive overlap:false
12-17 19:32:24.665  1795  1795 I TrafficMonitor: update:rxPkts:4,txPkts:5,rxBytes:902,txBytes:375
12-17 19:32:24.665  1795  1795 I TrafficMonitor: start expired. level:-1
12-17 19:32:24.665  1795  1795 I TrafficMonitor: gettimer:interval=2000
12-17 19:32:24.674  1795  2371 E LightSensor: read Events lux: 12.0
12-17 19:32:24.675  1795  1825 D AutomaticBrightnessController: ambient lux=12.0,timeStamp =442881037997000
12-17 19:32:24.822  1795  2748 D HwAmbientLuxFilterAlgo: earliestValidTime + POWER_ON_BRIGHTENING_LIGHT_DEBOUNCE
12-17 19:32:24.822  1795  2748 D HwAmbientLuxFilterAlgo: earliestValidTime + POWER_ON_DARKENING_LIGHT_DEBOUNCE
12-17 19:32:24.942 31949 31967 I TCP     : tcp.recv{4790} TcpClientThread.onReceiverWork(TcpClientThread.java:307) get tcp message 659
12-17 19:32:24.944 31949 31967 I TCP     : msg.recv{4791} TcpClientThread.onRecv(TcpClientThread.java:515) TCP Msg 659TCP_OK
12-17 19:32:24.946 31949 31967 I ECS     : msg.recv{4791} XmlMsg.decodeBuf(XmlMsg.java:237) RECV 663 bytes [12]_00_03_02_05_01_04_81_B9_03_C9_21_E6 cmdCode(CC_PCheckVersion.0x0501)msgType(MT_ACK.2)msgClass(MC_Push.5)sender(ST_Mobile.0)crypted(false)zipped(false)nobase64(true)length(659)version(3)sno(81B9)
12-17 19:32:25.123  1795  2748 D HwAmbientLuxFilterAlgo: earliestValidTime + POWER_ON_BRIGHTENING_LIGHT_DEBOUNCE
12-17 19:32:25.123  1795  2748 D HwAmbientLuxFilterAlgo: earliestValidTime + POWER_ON_DARKENING_LIGHT_DEBOUNCE
12-17 19:32:25.313  1795  2377 I AwareLog: AwareMem_EventTracker: [POLLING_TIMEOUT_123051028] is abandoned for memory 829644
12-17 19:32:25.329  2852  2852 I NetworkController.WifiSignalController: Change in state from: connected=true,enabled=true,level=4,inetCondition=1,iconGroup=IconGroup(Wi-Fi Icons),activityIn=true,activityOut=true,rssi=-48,lastModified=12-17 07:32:24,isChaged:false,wifiNoInternet=false,ssid="Huawei-Employee"
12-17 19:32:25.329  2852  2852 I NetworkController.WifiSignalController: 	to: connected=true,enabled=true,level=4,inetCondition=1,iconGroup=IconGroup(Wi-Fi Icons),activityIn=false,activityOut=false,rssi=-48,lastModified=12-17 07:32:24,isChaged:false,wifiNoInternet=false,ssid="Huawei-Employee"
12-17 19:32:25.329  2852  2852 I SignalClusterView: mWifiVisible is:truemWifiStrengthId is:2130839427mWifiDescription is:WLAN 信号强度满格。
12-17 19:32:25.331  2852  2852 D NetWorkUtils: mVSimCurCardType is -1
12-17 19:32:25.332  2852  2852 I HwSignalClusterView: apply hwPhoneState.mSubId:0 anyMobileVisible:false mIsAirplaneMode:false, mobileGroupVisible=true
12-17 19:32:25.332  2852  2852 I SignalClusterView: mWifiVisible is:truemWifiStrengthId is:2130839427mWifiDescription is:WLAN 信号强度满格。
12-17 19:32:25.332  2852  2852 D NetWorkUtils: mVSimCurCardType is -1
12-17 19:32:25.333  2852  2852 I HwSignalClusterView: apply hwPhoneState.mSubId:0 anyMobileVisible:false mIsAirplaneMode:false, mobileGroupVisible=true
12-17 19:32:25.334  2852  2852 I SignalClusterView: applyIconTint ignore
12-17 19:32:25.424  1795  2748 D HwAmbientLuxFilterAlgo: earliestValidTime + POWER_ON_BRIGHTENING_LIGHT_DEBOUNCE
12-17 19:32:25.424  1795  2748 D HwAmbientLuxFilterAlgo: earliestValidTime + POWER_ON_DARKENING_LIGHT_DEBOUNCE
12-17 19:32:25.459  5224  5224 I Step_LSC: 20002302|onStandStepChanged 65563
12-17 19:32:25.461  5224  5224 I Step_LSC: 20002302|compensate received
12-17 19:32:25.466  5224  5283 I Step_DataCache: 20002302|getTodayTotalSteps 4187
12-17 19:32:25.468  5224  5283 I Step_ExtendStepDataManager: 20002302|before compensate: cache step_4187
12-17 19:32:25.473  5224  5283 I Step_DataCache: 20002302|getTodayTotalSteps 4187
12-17 19:32:25.476  5224  5283 I Step_ExtendStepDataManager: 20002302|compensate 24699572 7
12-17 19:32:25.481  5224  5283 I Step_DataCache: 20002302|getTodayTotalSteps 4188
12-17 19:32:25.483  5224  5283 I Step_ExtendStepDataManager: 20002302|after compensate: cache step_4188
12-17 19:32:25.556   533  3739 E ANDR-PERF-MPCTL: Invalid profile no. 0, total profiles 0 only
12-17 19:32:25.562  5224  5283 I Step_LSC: 20002302|REPORT : 4188 89506 2985 0
12-17 19:32:25.562  5224  5283 I SendBroadcastPermission: action:android.com.huawei.bone.NOTIFY_SPORT_DATA, mPermissionType:0
12-17 19:32:25.564  5224  5283 I SendBroadcastPermission: action:android.com.huawei.bone.NOTIFY_SPORT_DATA, mPermissionType:0
12-17 19:32:25.565  1795  6985 I HwActivityManagerService: Split enqueueing broadcast [callerApp]:ProcessRecord{580cfb2 5224:com.huawei.health:DaemonService/u0a99}
12-17 19:32:25.566  2852  2852 I EventCenter: EventCenter Get :android.com.huawei.bone.NOTIFY_SPORT_DATA
12-17 19:32:25.566  2852  2852 D StepCounterView: onStepCounterChange stepsNum:4188
12-17 19:32:25.567  5224  5283 I Step_HSNH: 20002302|upDateHealthNotification()|90|2.98|4188
12-17 19:32:25.568  5224  5283 I Step_HSNH: 20002302|rebuild notification
12-17 19:32:25.572  1795  2396 I NotificationManager: enqueueNotificationInternal: pkg=com.huawei.health id=10010 notification=Notification(pri=0 contentView=null vibrate=null sound=null defaults=0x0 flags=0x2 color=0x00000000 vis=PRIVATE)
12-17 19:32:25.573  1795  1795 I NotificationManager: enqueueNotificationInternal: n.getKey = 0|com.huawei.health|10010|null|10099
12-17 19:32:25.573  1795  1795 V NotificationService: disableEffects=null canInterrupt=false once update: false
12-17 19:32:25.575  2852  2852 I StatusBar: onNotificationPosted: StatusBarNotification(pkg=com.huawei.health user=UserHandle{0} id=10010 tag=null key=0|com.huawei.health|10010|null|10099: Notification(pri=0 contentView=null vibrate=null sound=null defaults=0x0 flags=0x62 color=0x00000000 vis=PRIVATE)) important=2, post=1481974345572, when=1481531589202, vis=0, userid=0
12-17 19:32:25.576  2852  2852 D StatusBar: updateNotification(StatusBarNotification(pkg=com.huawei.health user=UserHandle{0} id=10010 tag=null key=0|com.huawei.health|10010|null|10099: Notification(pri=0 contentView=null vibrate=null sound=null defaults=0x0 flags=0x62 color=0x00000000 vis=PRIVATE)))
12-17 19:32:25.576  2852  2852 D HwCust  : Create obj success use class android.app.HwCustNotificationImpl
