12-17 19:33:10.428  1795  1825 D HwNormalizedAutomaticBrightnessController: mAmbientLuxValid=true,mWakeupFromSleep= false
12-17 19:33:10.428  1795  1825 D HwAmbientLuxFilterAlgo: updateAmbientLux: Initializing: mAmbientLightRingBuffer=[16.0 / 2ms], mAmbientLux=16.0
12-17 19:33:10.428  1795  1825 D HwAmbientLuxFilterAlgo: earliestValidTime + POWER_ON_BRIGHTENING_LIGHT_DEBOUNCE
12-17 19:33:10.428  1795  1825 D HwAmbientLuxFilterAlgo: earliestValidTime + POWER_ON_DARKENING_LIGHT_DEBOUNCE
12-17 19:33:10.428  1795  1825 D HwAmbientLuxFilterAlgo: t=123074112,BT=123074612,DT=123075112,BT1=123078112,DT1=123082112,Bn=false,Dn=false,lx=[16.0/123074112],mLx=16.0,s=5.0,ss=0.0,AuIntervened=false,mProximityState=false,bLux=155.0,dLux=3.0,bLux1=155.0,dLux1=3.0
12-17 19:33:10.428  1795  1825 D HwNormalizedAutomaticBrightnessController: need to update brightness: mAmbientLux=16.0
12-17 19:33:10.428  1795  1825 D HwNormalizedSpline: interpolate:mPosBrightness=0.0lux=16.0,mIsReboot=true,mIsUserChange=false,mDelta=0.0
12-17 19:33:10.429  1795  1825 D HwNormalizedSpline: offsetBrightness=28.32,mOffsetBrightness_last28.32,lux=16.0,mPosBrightness=0.0,mIsUserChange=false,mDelta=0.0,defaultBrightness=28.32,mStartLuxDefaultBrightness=28.32mLastLuxDefaultBrightness=28.32
12-17 19:33:10.431  1795  1825 D HwNormalizedSpline: write:userId=0,mPosBrightness =0.0,mOffsetBrightness_last=28.32,mIsUserChange=false,mDeltaNew=0.0,mStartLuxDefaultBrightness=28.32mLastLuxDefaultBrightness=28.32,mAmLux=16.0
12-17 19:33:10.431  1795  1825 D AutomaticBrightnessController: updateAutoBrightness: mScreenAutoBrightness=21, newScreenAutoBrightness=28
12-17 19:33:10.432  1795  1825 I PowerManager_screenOn: DisplayPowerController updatePowerState mPendingRequestLocked=policy=BRIGHT, useProximitySensor=true, useProximitySensorbyPhone=true, screenBrightness=33, screenAutoBrightnessAdjustment=0.0, brightnessSetByUser=true, useAutoBrightness=true, blockScreenOn=false, lowPowerMode=false, boostScreenBrightness=false, dozeScreenBrightness=-1, dozeScreenState=UNKNOWN, useTwilight=false, useSmartBacklight=true, brightnessWaitMode=false, brightnessWaitRet=true, screenAutoBrightness=-1, userId=0
12-17 19:33:10.433  1795  1825 D DisplayPowerController: Animating brightness: target=28, rate=0
12-17 19:33:10.434  1795  1825 I PowerManager_screenOn: DisplayPowerController updatePowerState mPendingRequestLocked=policy=BRIGHT, useProximitySensor=true, useProximitySensorbyPhone=true, screenBrightness=33, screenAutoBrightnessAdjustment=0.0, brightnessSetByUser=true, useAutoBrightness=true, blockScreenOn=false, lowPowerMode=false, boostScreenBrightness=false, dozeScreenBrightness=-1, dozeScreenState=UNKNOWN, useTwilight=false, useSmartBacklight=true, brightnessWaitMode=false, brightnessWaitRet=true, screenAutoBrightness=-1, userId=0
12-17 19:33:10.435  1795  1825 D DisplayPowerController: Animating brightness: target=28, rate=40
12-17 19:33:10.485  1795  2750 D SurfaceControl: Excessive delay in setPowerMode(): 220ms
12-17 19:33:10.505  1795  1795 I WindowManger_keyguard: Setting mDismissKeyguard true by win Window{e6a6b5e u0 com.android.incallui/com.android.incallui.InCallActivity}
12-17 19:33:10.506  1795  1821 I DisplayManagerService: Display device changed state: "内置屏幕", ON
12-17 19:33:10.523  1795  1795 V HwPhoneWindowManager: updateSystemUiColorLw window=Window{e6a6b5e u0 com.android.incallui/com.android.incallui.InCallActivity},EmuiStyle=1,StatusBarColor=0x0,NavigationBarColor=0x0, mLastIsEmuiLightStyle=1
12-17 19:33:10.525  1795  1795 I WindowManger_keyguard: Setting mDismissKeyguard true by win Window{e6a6b5e u0 com.android.incallui/com.android.incallui.InCallActivity}
12-17 19:33:10.540  1795  1821 I WindowManger_keyguard: Setting mDismissKeyguard true by win Window{e6a6b5e u0 com.android.incallui/com.android.incallui.InCallActivity}
12-17 19:33:10.540  1795  1795 I ActivityManager_activity: completedResumed: ActivityRecord{b46dc67 u0 com.android.incallui/.InCallActivity t310}, launchTrack: outofsleep resumeTopComplete
12-17 19:33:10.543  1795  1795 I WindowManger_keyguard: Started waking up...
12-17 19:33:10.543  1795  1795 I WindowManger_keyguard: onStartedWakingUp()
12-17 19:33:10.544  2852  2822 D KeyguardService: Caller checkPermission fail
12-17 19:33:10.544  2852  2822 D KeyguardService: KGSvcCall onStartedWakingUp.
12-17 19:33:10.544  2852  2822 W HwLockScreenReporter: report result = falsereport type:122 msg:
12-17 19:33:10.544  2852  2822 D KeyguardViewMediator: onStartedWakingUp, seq = 479
12-17 19:33:10.544  2852  2822 D KeyguardViewMediator: notifyStartedWakingUp
12-17 19:33:10.544  3608  3608 D InCall  : InCallActivity - onStart()...
12-17 19:33:10.544  2852  2822 W AppHandler: sendMessage 14
12-17 19:33:10.544  2852  2852 D KeyguardViewMediator: handleNotifyWakingUp
12-17 19:33:10.545  2852  2852 I PhoneStatusBar: onStartedWakingUp
12-17 19:33:10.545  1795  3237 I NotificationManager: onNotificationVisibilityChanged called
12-17 19:33:10.546  2852  2852 V KeyguardUpdateMonitor: FingerStat Visible: false; Interactive: true; Switching: false; Bouncer:false; GoingToSleep: false Occluded: false; dreaming: false; Authenticated: false
12-17 19:33:10.546  2852  2852 V KeyguardUpdateMonitor: KGSvcFp stopListeningForFingerprint(). 1
12-17 19:33:10.546  1795  1795 I PowerManager_screenOn: PowerManagerNotifier Sending wake up broadcast.
12-17 19:33:10.546  1795  1795 I SendBroadcastPermission: action:android.intent.action.SCREEN_ON, mPermissionType:0
12-17 19:33:10.546  1795 20747 I Security_fingerprint: FingerprintService cancelAuthentication
12-17 19:33:10.546  1795  2326 V FingerprintService: stop client com.android.systemui
12-17 19:33:10.547  2852  2852 W KeyguardUpdateMonitor: Fingerprint RunningStateChanged. 2
12-17 19:33:10.547  1795  1809 D HwPhoneWindowManager: Transact:setSystemUIColor to status bar service
12-17 19:33:10.547  2852  2866 I CommandQueue: updateBarBgColor
12-17 19:33:10.547  2852  2866 D CommandQueue: CommandQueue, setBarBackgroundColor
12-17 19:33:10.547  1795  1795 I HwActivityManagerService: Split enqueueing broadcast [callerApp]:ProcessRecord{34bf34f 0:system/1000}
12-17 19:33:10.547  1795  1795 I ActivityManager_broadcast: Enqueueing ordered broadcast[foreground] BroadcastRecord{99c5da5 u-1 android.intent.action.SCREEN_ON}: prev had 0
12-17 19:33:10.547   835   835 I fingerprintd: FingerprintDaemonProxyEx::onTransact, code:2
12-17 19:33:10.547   835   835 V fingerprintd: stopAuthentication()
12-17 19:33:10.547   835   835 D fpc_fingerprint_hal: fpc_cancel
12-17 19:33:10.548   835  2385 D fpc_fingerprint_hal: fpc poll irq interupt
12-17 19:33:10.548   835  2385 D fpc_fingerprint_hal: wait_finger_down, took 6236 ms
12-17 19:33:10.548   835  2385 E fpc_fingerprint_hal: capture_image failed -4
12-17 19:33:10.548  2852  2852 D TimeKeeper: getTimeTickInfo:[mMillisUntilFinished:0, mHour:0, mMinute:0, mSecond:0]
12-17 19:33:10.548  2852  2852 E KeyguardUpdateMonitor: isSimPinSecure mSimDatas is null or empty 
12-17 19:33:10.548  2852  2852 E KeyguardUpdateMonitor: isSimPinSecure mSimDatas is null or empty 
12-17 19:33:10.548  2852  2852 W HwLockScreenPanel: createLockScreenView when reset
12-17 19:33:10.548  1795  1808 I ActivityManager_broadcast: dispatch ordered broadcast [foreground] BroadcastRecord{99c5da5 u-1 android.intent.action.SCREEN_ON}, has 57 receivers
12-17 19:33:10.548   835  2385 I fpc_fingerprint_hal: timeForContinueCapture id:6236
12-17 19:33:10.548  2852  2852 I HwLockScreenPanel: loadMagazine
12-17 19:33:10.548   835  2385 E libteec : begin
12-17 19:33:10.548   606  2379 E libteec : receive data len = 128
12-17 19:33:10.549  2852  2852 V KeyguardStatusView: Enable transport text marquee
12-17 19:33:10.549  1795 17831 D ActivityManager: setExcludeFromRecents:pkgName=null
12-17 19:33:10.549  1795  1795 D DeviceIdleController: updateDisplayLocked: screenOn=true
12-17 19:33:10.549  1795  1795 I DeviceIdleController: becomeActiveLocked, reason = screen
12-17 19:33:10.549  1795  1807 D DeviceIdleController: handleMessage(5)
12-17 19:33:10.549  1795  1795 I AlarmManager: remove(null) changed bounds; rebatching
12-17 19:33:10.552  1795  1795 D DeviceIdleController: stopMonitoringMotionLocked()
12-17 19:33:10.552  2852  2852 W HwLockScreenPanel: Handle message: 14
12-17 19:33:10.552  1795  1795 I AlarmManager: remove(null) changed bounds; rebatching
12-17 19:33:10.552  2852  2852 I TintManager: updateBarBgColor:emuiStyle=1,statusBarColor=#00000000,navigationBarColor=#00000000, isEmuiLight=1
12-17 19:33:10.552  2852  2852 I HwPhoneStatusBarTransitions: setBackgroundColor:new=0, old=-16777216
12-17 19:33:10.553  2852  2852 I HwNavigationBarTransitions: setBackgroundColor:new=0, old=0
12-17 19:33:10.553  2852  2852 D TintManager: statusBarIconTint=#B3FFFFFF,navigationBarIconTint=#00000000
12-17 19:33:10.553  2852  2852 I PhoneStatusBar: setSystemUiVisibility vis=c0000300 mask=ffffffff oldVal=80000300 newVal=c0000300 diff=40000000
12-17 19:33:10.553  2852  2852 I BarTransitions.HwPhoneStatusBarView: transitionTo: mode=MODE_TRANSLUCENT, animate=false
12-17 19:33:10.553  2852  2852 D BarTransitions.HwPhoneStatusBarView: MODE_OPAQUE -> MODE_TRANSPARENT animate=false
12-17 19:33:10.553  2852  2852 D BarTransitions.HwPhoneStatusBarView: applyModeBackground oldMode=MODE_OPAQUE newMode=MODE_TRANSPARENT animate=false
12-17 19:33:10.553  2852  2852 I BarTransitions.HwNavigationBarView: transitionTo: mode=MODE_TRANSLUCENT, animate=false
12-17 19:33:10.553  2852  2852 I HwNavigationBarTransitions: transitionTo:mode=2, isEmuiStyle=true
12-17 19:33:10.553  2852  2852 I PhoneStatusBar: cancelAutohide
12-17 19:33:10.553  2852  2852 I PhoneStatusBar: notifyUiVisibilityChanged:vis=0xc0000300, SystemUiVisibility=0xc0000300
12-17 19:33:10.555  2852  2852 W DisabledFeatureUtils: Dis-Feature : 0
12-17 19:33:10.556  2852  2925 I EventCenter: ContentChange for slot: 1
12-17 19:33:10.556  2852  2852 W DisabledFeatureUtils: Dis-Feature : 0
12-17 19:33:10.556  2852  2852 I PhoneStatusBar: setSystemUiVisibility vis=c0000600 mask=ffffffff oldVal=c0000300 newVal=c0000600 diff=500
12-17 19:33:10.556  2852  2852 I PhoneStatusBar: notifyUiVisibilityChanged:vis=0xc0000600, SystemUiVisibility=0xc0000600
12-17 19:33:10.557  2852  2925 I EventCenter: ContentChange for slot: 1
12-17 19:33:10.557  2852  2925 I EventCenter: ContentChange for slot: 1
12-17 19:33:10.557   606  2379 E libteec : QSEECom_send_cmd return!
12-17 19:33:10.557   606  2379 E libteec : qsc_send_cmd finish
12-17 19:33:10.558   606  2379 E libteec : send data return = 128
12-17 19:33:10.558  3608  3608 D InCall  : InCallPresenter - onActivityStarted
12-17 19:33:10.558   835  2385 E libteec : receive data len = 128
12-17 19:33:10.558  3608  3608 D InCall  : InCallPresenter - notifyVideoPauseController
12-17 19:33:10.558   835  2385 E libteec : begin
12-17 19:33:10.558   835  2385 E libteec : qsc_decode end
12-17 19:33:10.558  3608  3608 D InCall  : VideoPauseController: - VideoPauseController:onResume
12-17 19:33:10.558  3608  3608 D InCall  : VideoPauseController: - VideoPauseController:onResume. Ignoring...
12-17 19:33:10.558   835  2385 E fpc_fingerprint_hal: do_identify failed -4
12-17 19:33:10.558   835  2385 D fingerprintd: onError(5)
