12-17 19:31:40.288   606  2379 E libteec : send data return = 128
12-17 19:31:40.288   606  2379 E libteec : receive data len = 128
12-17 19:31:40.288   835   835 E libteec : begin
12-17 19:31:40.290  1795  2736 E hwintelligencewifi:  DefaultState MSG_SCREEN_OFF mIsAutoOpenSearch = false
12-17 19:31:40.291  1795  2377 I IO.IOStatsService: onReceive:screen off
12-17 19:31:40.292   606  2379 E libteec : QSEECom_send_cmd return!
12-17 19:31:40.292   606  2379 E libteec : qsc_send_cmd finish
12-17 19:31:40.292   606  2379 E libteec : send data return = 128
12-17 19:31:40.292   835   835 E libteec : receive data len = 128
12-17 19:31:40.292   835   835 E libteec : begin
12-17 19:31:40.292   835   835 E libteec : qsc_decode end
12-17 19:31:40.292   835   835 D fpc_fingerprint_hal: fpc_get_authenticator_id id 14657234628792947271
12-17 19:31:40.292   835  2385 E libteec : begin
12-17 19:31:40.292   606  2379 E libteec : receive data len = 128
12-17 19:31:40.292  1795  2326 V FingerprintService: startAuthentication(com.android.systemui)
12-17 19:31:40.293  1795  2326 V FingerprintService: starting client AuthenticationClient(com.android.systemui), initiatedByClient = true)
12-17 19:31:40.293   835   835 I fingerprintd: FingerprintDaemonProxyEx::onTransact, code:1
12-17 19:31:40.293   835   835 V fingerprintd: authenticate(sid=0, gid=0)
12-17 19:31:40.295  1795  2377 I IO.IOStatsService: saveIOStatsAndLatestUids,the time interval is too shorter than the last screen off
12-17 19:31:40.297  2883  2883 D HwKeyguardManagerImpl: isLockScreenDisabled HwKeyguardManagerImpl result = false
12-17 19:31:40.298  1795  3225 D PowerManagerService: acquire lock=184063844, flags=0x1, tag="NetworkStats", name=android, ws=null, uid=1000, pid=1795
12-17 19:31:40.298  1795  3225 D PowerManagerService: ready=true,policy=0,wakefulness=0,wksummary=0x11,uasummary=0x0,bootcompleted=true,boostinprogress=false,waitmodeenable=false,mode=true,manual=33,auto=-1,adj=0.0userId=0
12-17 19:31:40.298  1795  3225 D PowerManagerService: Acquiring suspend blocker "PowerManagerService.WakeLocks".
12-17 19:31:40.301  1795  3225 D NetdConnector: SND -> {11593 bandwidth gettetherstats}
12-17 19:31:40.302  1795  2665 D NetdConnector: RCV <- {200 11593 Tethering stats list completed}
12-17 19:31:40.302   606  2379 E libteec : QSEECom_send_cmd return!
12-17 19:31:40.302   606  2379 E libteec : qsc_send_cmd finish
12-17 19:31:40.303   606  2379 E libteec : send data return = 128
12-17 19:31:40.303  1795  2665 D NetdConnector: RCV <- {200 11593 Tethering stats list completed}
12-17 19:31:40.303   835  2385 E libteec : receive data len = 128
12-17 19:31:40.303   835  2385 E libteec : begin
12-17 19:31:40.303   835  2385 E libteec : qsc_decode end
12-17 19:31:40.303   835  2385 D fpc_fingerprint_hal: worker idle
12-17 19:31:40.303  2883  2883 I HwSystemManager: AntiMalManager:receive Broadcast ACTION_SCREEN_OFF mOnTimeSum:260909299 onTime:537936 isPowerConnected:false
12-17 19:31:40.303  1795  2326 W FingerprintService: client com.android.systemui is authenticating...
12-17 19:31:40.304   835  2385 D fpc_fingerprint_hal: workerFunction STATE_AUTHENTICATE
12-17 19:31:40.304   835  2385 E libteec : begin
12-17 19:31:40.304   606  2379 E libteec : receive data len = 128
12-17 19:31:40.305  2883  2883 I HwSystemManager: AutoCleanReceiveServer:receive action:android.intent.action.SCREEN_OFF
12-17 19:31:40.305  1795  3225 W NetworkStatsFactory: mStatsXtProcUid: /proc/net/comm/stats does not exist!
12-17 19:31:40.305  1795  3225 D HwNetworkStatsService: mActiveIface: null
12-17 19:31:40.306  2883  2883 I HwSystemManager: AutoCleanReceiveServer:telemamanger state isIdle:true
12-17 19:31:40.306  2883  2883 I HwSystemManager: AutoCleanReceiveServer:checkToStartCleanService,phone is use state,phone is use,need not start clean service
12-17 19:31:40.307  1795  3225 I SendBroadcastPermission: action:com.android.server.action.NETWORK_STATS_UPDATED, mPermissionType:0
12-17 19:31:40.307   606  2379 E libteec : QSEECom_send_cmd return!
12-17 19:31:40.307   606  2379 E libteec : qsc_send_cmd finish
12-17 19:31:40.307   606  2379 E libteec : send data return = 128
12-17 19:31:40.308   835  2385 E libteec : receive data len = 128
12-17 19:31:40.308   835  2385 E libteec : begin
12-17 19:31:40.308   835  2385 E libteec : qsc_decode end
12-17 19:31:40.308   835  2385 I fpc_tac : fpc_tac_send_get_indices_cmd indices:0x7f9860c000, index_count:1
12-17 19:31:40.308   835  2385 E libteec : begin
12-17 19:31:40.308   606  2379 E libteec : receive data len = 1152
12-17 19:31:40.309  1795  3225 I HwActivityManagerService: Split enqueueing broadcast [callerApp]:ProcessRecord{34bf34f 0:system/1000}
12-17 19:31:40.310  1795  3225 D PowerManagerService: release:lock=184063844, flg=0x0, tag="NetworkStats", name=android", ws=null, uid=1000, pid=1795
12-17 19:31:40.310  1795  3225 D PowerManagerService: ready=true,policy=0,wakefulness=0,wksummary=0x10,uasummary=0x0,bootcompleted=true,boostinprogress=false,waitmodeenable=false,mode=true,manual=33,auto=-1,adj=0.0userId=0
12-17 19:31:40.310  1795  3225 D PowerManagerService: Releasing suspend blocker "PowerManagerService.WakeLocks".
12-17 19:31:40.312   606  2379 E libteec : QSEECom_send_cmd return!
12-17 19:31:40.313   606  2379 E libteec : qsc_send_cmd finish
12-17 19:31:40.313   606  2379 E libteec : send data return = 1152
12-17 19:31:40.313   835  2385 E libteec : receive data len = 1152
12-17 19:31:40.313   835  2385 E libteec : begin
12-17 19:31:40.313   835  2385 E libteec : qsc_decode end
12-17 19:31:40.313   835  2385 E libteec : begin
12-17 19:31:40.313   606  2379 E libteec : receive data len = 128
12-17 19:31:40.314  1795  3077 D GnssLocationProvider: receive broadcast intent, action: android.intent.action.SCREEN_OFF
12-17 19:31:40.314  1795  3077 I GnssLocationProvider: updateLowPowerMode,isPowerSaveMode:falseisInteractive:false
12-17 19:31:40.314  1795  3077 I GnssLocationProvider: disableGps:false  isEnabled()=true
12-17 19:31:40.317  2852  3361 I vol.VolumeDialogControl: C onScreenOff 
12-17 19:31:40.317   606  2379 E libteec : QSEECom_send_cmd return!
12-17 19:31:40.317   606  2379 E libteec : qsc_send_cmd finish
12-17 19:31:40.317   606  2379 E libteec : send data return = 128
12-17 19:31:40.317   835  2385 E libteec : receive data len = 128
12-17 19:31:40.318   835  2385 E libteec : begin
12-17 19:31:40.318   835  2385 E libteec : qsc_decode end
12-17 19:31:40.318   835  2385 I fpc_tac : fpc_tac_begin_identify---need_liveness_authentication: 0
12-17 19:31:40.318   835  2385 E libteec : begin
12-17 19:31:40.318   606  2379 E libteec : receive data len = 192
12-17 19:31:40.318  2852  2852 I vol.VolumeDialog: VolumeDialogController.Callbacks onScreenOff
12-17 19:31:40.321  3168  3168 I CHR_TelStatusListenr0: [Timer rat:0 level:5] suspend
12-17 19:31:40.321  3168  3168 I CHR_TelStatusListenr0: [Timer serviceState:0 simReady:true] suspend
12-17 19:31:40.321  3168  3168 I CHR_TelStatusListenr1: [Timer serviceState:1 simReady:false] suspend
12-17 19:31:40.322  3168  3168 I CHR_TelphonyStatusService: duration: 499321 STATUS_REPORT_TIMESPAN: 86400000 / (1000 * 60 * 60 * 24) day STATUS_REPORT_TIMESPAN_FOR_BETA: 21600000 / (1000 * 60 * 60 * 24) day
12-17 19:31:40.322  3168  3168 I CHR_ChrUtil: is Beta User, userType = 3
12-17 19:31:40.322   606  2379 E libteec : QSEECom_send_cmd return!
12-17 19:31:40.322  2883  3040 I HwSystemManager: TrafficNotifyAfterLocked:mLockStartTraffic = 0;mLockStartTrafficList = {}
12-17 19:31:40.322   606  2379 E libteec : qsc_send_cmd finish
12-17 19:31:40.322   606  2379 E libteec : send data return = 192
12-17 19:31:40.322   835  2385 E libteec : receive data len = 192
12-17 19:31:40.322   835  2385 E libteec : begin
12-17 19:31:40.322   835  2385 E libteec : qsc_decode end
12-17 19:31:40.322   835  2385 I fpc_tac : fpc_tac_send_set_arbitrary_data_cmd:ok, response:0
12-17 19:31:40.322   835  2385 D fingerprintd: onAcquired(2001)
12-17 19:31:40.322   835  2385 E libteec : begin
12-17 19:31:40.322   606  2379 E libteec : receive data len = 128
12-17 19:31:40.322  1795  1806 W FingerprintService: onAcquired 1
12-17 19:31:40.322  1795  2326 W FingerprintService: onAcquired 2
12-17 19:31:40.323  2852  2852 V KeyguardUpdateMonitor: KGSvcFp onAuthenticationAcquired.2001
12-17 19:31:40.325  2852  3556 I NetworkController.MobileSignalController(0): onDataActivity: direction=0
12-17 19:31:40.325  2852  3556 D NetworkController.MobileSignalController(0): mSimSubId:0 onDataActivity: direction=0
