12-17 19:32:06.438  5215  5215 D wpa_supplicant: CTRL-DEBUG: global_ctrl_sock-sendto: sock=16 sndbuf=229376 outq=0 send_len=3679
12-17 19:32:06.439  5215  5215 D wpa_supplicant: wlan0: Control interface command 'BSS RANGE=471- MASK=0x3029d87'
12-17 19:32:06.439  5215  5215 E wpa_supplicant: bssid=80:38:bc:0b:22:20;freq=2432;level=-89;flags=11;ssid=wlanaccessv2.0;
12-17 19:32:06.439  5215  5215 E wpa_supplicant: bssid=80:38:bc:0b:36:80;freq=2472;level=-91;flags=11;ssid=wlanaccessv2.0;
12-17 19:32:06.439  5215  5215 E wpa_supplicant: bssid=80:38:bc:0b:37:20;freq=2412;level=-92;flags=11;ssid=wlanaccessv2.0;
12-17 19:32:06.439  5215  5215 E wpa_supplicant: bssid=80:38:bc:0b:29:e0;freq=2452;level=-73;flags=11;ssid=wlanaccessv2.0;
12-17 19:32:06.440  5215  5215 E wpa_supplicant: bssid=80:38:bc:0a:fa:e1;freq=2412;level=-79;flags=11;ssid=Huawei-Employee;
12-17 19:32:06.440  5215  5215 E wpa_supplicant: bssid=80:38:bc:0b:34:a0;freq=2472;level=-81;flags=11;ssid=wlanaccessv2.0;
12-17 19:32:06.440  5215  5215 E wpa_supplicant: bssid=80:38:bc:0b:36:e0;freq=2452;level=-82;flags=11;ssid=wlanaccessv2.0;
12-17 19:32:06.440  5215  5215 D wpa_supplicant: CTRL-DEBUG: global_ctrl_sock-sendto: sock=16 sndbuf=229376 outq=0 send_len=3664
12-17 19:32:06.440  5215  5215 D wpa_supplicant: wlan0: Control interface command 'BSS RANGE=471- MASK=0x3029d87'
12-17 19:32:06.441  5215  5215 E wpa_supplicant: bssid=80:38:bc:0b:22:20;freq=2432;level=-89;flags=11;ssid=wlanaccessv2.0;
12-17 19:32:06.441  5215  5215 E wpa_supplicant: bssid=80:38:bc:0b:36:80;freq=2472;level=-91;flags=11;ssid=wlanaccessv2.0;
12-17 19:32:06.441  5215  5215 E wpa_supplicant: bssid=80:38:bc:0b:37:20;freq=2412;level=-92;flags=11;ssid=wlanaccessv2.0;
12-17 19:32:06.441  5215  5215 E wpa_supplicant: bssid=80:38:bc:0b:29:e0;freq=2452;level=-73;flags=11;ssid=wlanaccessv2.0;
12-17 19:32:06.441  5215  5215 E wpa_supplicant: bssid=80:38:bc:0a:fa:e1;freq=2412;level=-79;flags=11;ssid=Huawei-Employee;
12-17 19:32:06.441  5215  5215 E wpa_supplicant: bssid=80:38:bc:0b:34:a0;freq=2472;level=-81;flags=11;ssid=wlanaccessv2.0;
12-17 19:32:06.441  5215  5215 E wpa_supplicant: bssid=80:38:bc:0b:36:e0;freq=2452;level=-82;flags=11;ssid=wlanaccessv2.0;
12-17 19:32:06.442  5215  5215 D wpa_supplicant: CTRL-DEBUG: global_ctrl_sock-sendto: sock=16 sndbuf=229376 outq=0 send_len=3664
12-17 19:32:06.442  5215  5215 D wpa_supplicant: wlan0: Control interface command 'BSS RANGE=478- MASK=0x3029d87'
12-17 19:32:06.442  5215  5215 E wpa_supplicant: bssid=80:38:bc:06:d2:ab;freq=2412;level=-85;flags=11;ssid=;
12-17 19:32:06.442  5215  5215 E wpa_supplicant: bssid=80:38:bc:0a:f2:00;freq=2452;level=-85;flags=11;ssid=wlanaccessv2.0;
12-17 19:32:06.442  5215  5215 E wpa_supplicant: bssid=80:38:bc:0b:31:e1;freq=2412;level=-87;flags=11;ssid=Huawei-Employee;
12-17 19:32:06.442  5215  5215 E wpa_supplicant: bssid=80:38:bc:0a:f9:81;freq=2412;level=-88;flags=11;ssid=Huawei-Employee;
12-17 19:32:06.443  5215  5215 E wpa_supplicant: bssid=18:c5:8a:1a:4d:21;freq=2472;level=-91;flags=11;ssid=Huawei-Employee;
12-17 19:32:06.443  5215  5215 E wpa_supplicant: bssid=8c:a6:df:4a:8c:e2;freq=2462;level=-93;flags=11;ssid=IOT-HUAWEI;
12-17 19:32:06.443  5215  5215 E wpa_supplicant: bssid=80:38:bc:0a:ef:c0;freq=2412;level=-93;flags=11;ssid=wlanaccessv2.0;
12-17 19:32:06.443  5215  5215 D wpa_supplicant: CTRL-DEBUG: global_ctrl_sock-sendto: sock=16 sndbuf=229376 outq=0 send_len=3594
12-17 19:32:06.443  5215  5215 D wpa_supplicant: wlan0: Control interface command 'BSS RANGE=478- MASK=0x3029d87'
12-17 19:32:06.443  5215  5215 E wpa_supplicant: bssid=80:38:bc:06:d2:ab;freq=2412;level=-85;flags=11;ssid=;
12-17 19:32:06.443  5215  5215 E wpa_supplicant: bssid=80:38:bc:0a:f2:00;freq=2452;level=-85;flags=11;ssid=wlanaccessv2.0;
12-17 19:32:06.444  5215  5215 E wpa_supplicant: bssid=80:38:bc:0b:31:e1;freq=2412;level=-87;flags=11;ssid=Huawei-Employee;
12-17 19:32:06.444  5215  5215 E wpa_supplicant: bssid=80:38:bc:0a:f9:81;freq=2412;level=-88;flags=11;ssid=Huawei-Employee;
12-17 19:32:06.444  5215  5215 E wpa_supplicant: bssid=18:c5:8a:1a:4d:21;freq=2472;level=-91;flags=11;ssid=Huawei-Employee;
12-17 19:32:06.444  5215  5215 E wpa_supplicant: bssid=8c:a6:df:4a:8c:e2;freq=2462;level=-93;flags=11;ssid=IOT-HUAWEI;
12-17 19:32:06.444  5215  5215 E wpa_supplicant: bssid=80:38:bc:0a:ef:c0;freq=2412;level=-93;flags=11;ssid=wlanaccessv2.0;
12-17 19:32:06.444  5215  5215 D wpa_supplicant: CTRL-DEBUG: global_ctrl_sock-sendto: sock=16 sndbuf=229376 outq=0 send_len=3594
12-17 19:32:06.445  5215  5215 D wpa_supplicant: wlan0: Control interface command 'BSS RANGE=485- MASK=0x3029d87'
12-17 19:32:06.445  5215  5215 D wpa_supplicant: CTRL-DEBUG: global_ctrl_sock-sendto: sock=16 sndbuf=229376 outq=0 send_len=0
12-17 19:32:06.445  1795  2671 D WifiNative-HAL: New scan result: + IOT-HUAWEI + 
12-17 19:32:06.446  1795  2671 I SendBroadcastPermission: action:android.net.wifi.SCAN_RESULTS, mPermissionType:0
12-17 19:32:06.446  5215  5215 D wpa_supplicant: wlan0: Control interface command 'BSS RANGE=485- MASK=0x3029d87'
12-17 19:32:06.446  5215  5215 D wpa_supplicant: CTRL-DEBUG: global_ctrl_sock-sendto: sock=16 sndbuf=229376 outq=0 send_len=0
12-17 19:32:06.446  1795  2671 I ActivityManager_broadcast: collectReceiverComponents, callerApp: ProcessRecord{34bf34f 0:system/1000}, intent:android.net.wifi.SCAN_RESULTS, receiver size:1, flags: 10000400
12-17 19:32:06.447  1795  2671 I HwActivityManagerService: Split enqueueing broadcast [callerApp]:ProcessRecord{34bf34f 0:system/1000}
12-17 19:32:06.447  1795  2671 I HwActivityManagerService: Split enqueueing broadcast [callerApp]:ProcessRecord{34bf34f 0:system/1000}
12-17 19:32:06.447  1795  2671 I ActivityManager_broadcast: Enqueueing ordered broadcast[background] BroadcastRecord{980892c u-1 android.net.wifi.SCAN_RESULTS}: prev had 0
12-17 19:32:06.448  1795  1808 I ActivityManager_broadcast: dispatch ordered broadcast [background] BroadcastRecord{980892c u-1 android.net.wifi.SCAN_RESULTS}, has 1 receivers
12-17 19:32:06.451  1795  2671 W WifiStateMachine: attemptAutoConnect: false
12-17 19:32:06.453  1795  2736 E hwintelligencewifi:  DefaultState message.what = 7
12-17 19:32:06.455  3858  4126 I amsnl   : wsr
12-17 19:32:06.458  3858  4126 I amsnl   : t:false, fl: false, p: 2147483647000, ce: true, we: true
12-17 19:32:06.460  1795 16498 D wifiserviceimpl: netmask =16580607
12-17 19:32:06.460  3858  4126 I amsnl   : m1: false
12-17 19:32:06.461  1795 20747 W ActivityManager: getRunningAppProcesses: caller 10009 does not hold REAL_GET_TASKS; limiting output
12-17 19:32:06.462  3858  4126 I amsnl   : m2: false, m3: false
12-17 19:32:06.462  3858  4126 I amsnl   : c: true, w: true, t: false, l: false
12-17 19:32:06.477  1795  2371 E LightSensor: read Events lux: 16.0
12-17 19:32:06.478  1795  1825 D AutomaticBrightnessController: ambient lux=16.0,timeStamp =442862841099000
12-17 19:32:06.478  1795  1825 D HwNormalizedAutomaticBrightnessController: mAmbientLuxValid=true,mWakeupFromSleep= false
12-17 19:32:06.478  1795  1825 D HwAmbientLuxFilterAlgo: updateAmbientLux: Initializing: mAmbientLightRingBuffer=[16.0 / 0ms], mAmbientLux=16.0
12-17 19:32:06.478  1795  2332 I qti_sensors_hal: [ACC]processReportInd: X: 7.621152 Y: 5.392432 Z: 2.210359  x_offset:0.160831 y_offset:0.184366 z_offset:0.985027
12-17 19:32:06.478  1795  1825 D HwAmbientLuxFilterAlgo: earliestValidTime + POWER_ON_BRIGHTENING_LIGHT_DEBOUNCE
12-17 19:32:06.478  1795  1825 D HwAmbientLuxFilterAlgo: earliestValidTime + POWER_ON_DARKENING_LIGHT_DEBOUNCE
12-17 19:32:06.478  1795  1825 D HwAmbientLuxFilterAlgo: t=123039650,BT=123040150,DT=123040650,BT1=123043650,DT1=123047650,Bn=false,Dn=false,lx=[16.0/123039650],mLx=16.0,s=5.0,ss=0.0,AuIntervened=false,mProximityState=false,bLux=155.0,dLux=3.0,bLux1=155.0,dLux1=3.0
12-17 19:32:06.478  1795  1825 D HwNormalizedAutomaticBrightnessController: need to update brightness: mAmbientLux=16.0
12-17 19:32:06.478  1795  1825 D HwNormalizedSpline: interpolate:mPosBrightness=0.0lux=16.0,mIsReboot=true,mIsUserChange=false,mDelta=0.0
12-17 19:32:06.478  1795  1825 D HwNormalizedSpline: offsetBrightness=28.32,mOffsetBrightness_last28.32,lux=16.0,mPosBrightness=0.0,mIsUserChange=false,mDelta=0.0,defaultBrightness=28.32,mStartLuxDefaultBrightness=28.32mLastLuxDefaultBrightness=28.32
12-17 19:32:06.479  1795  1825 D HwNormalizedSpline: write:userId=0,mPosBrightness =0.0,mOffsetBrightness_last=28.32,mIsUserChange=false,mDeltaNew=0.0,mStartLuxDefaultBrightness=28.32mLastLuxDefaultBrightness=28.32,mAmLux=16.0
12-17 19:32:06.479  1795  1825 D AutomaticBrightnessController: updateAutoBrightness: mScreenAutoBrightness=27, newScreenAutoBrightness=28
12-17 19:32:06.479  1795  1825 I PowerManager_screenOn: DisplayPowerController updatePowerState mPendingRequestLocked=policy=BRIGHT, useProximitySensor=true, useProximitySensorbyPhone=true, screenBrightness=33, screenAutoBrightnessAdjustment=0.0, brightnessSetByUser=true, useAutoBrightness=true, blockScreenOn=false, lowPowerMode=false, boostScreenBrightness=false, dozeScreenBrightness=-1, dozeScreenState=UNKNOWN, useTwilight=false, useSmartBacklight=true, brightnessWaitMode=false, brightnessWaitRet=true, screenAutoBrightness=-1, userId=0
12-17 19:32:06.479  2852  2925 I EventCenter: ContentChange for slot: 1
12-17 19:32:06.479  1795  1825 D DisplayPowerController: Animating brightness: target=28, rate=40
12-17 19:32:06.479  1795  1825 D DisplayPowerController: Unfinished business...
12-17 19:32:06.480  2852  2925 I EventCenter: ContentChange for slot: 1
12-17 19:32:06.481  2852  2925 I EventCenter: ContentChange for slot: 1
12-17 19:32:06.482  2852  2925 I EventCenter: ContentChange for slot: 1
12-17 19:32:06.493  1795  1825 I HwGradualBrightnessAlgo: mFirstValidAuto=false,mAutoIntervened=falsemfastAnimtionFlag=true
12-17 19:32:06.493  1795  1825 D HwGradualBrightnessAlgo: AutoMode=true,Target=1098,Current=1058,amount=1.3232596,duration=0.5
12-17 19:32:06.495  2852  2925 I EventCenter: ContentChange for slot: 1
12-17 19:32:06.495  2852  2852 I HwBrightnessController: onChange selfChange:false uri.toString():content://settings/system/screen_auto_brightness mIsObserveAutoBrightnessChange:true
12-17 19:32:06.496  2852  2852 I HwBrightnessUtils: APS brightness=27.0,ConvertToPercentage=0.26507172
12-17 19:32:06.496  2852  2852 I HwBrightnessUtils:  getSeekBarProgress isAutoMode:true current brightness:27 percentage:0.26507172
12-17 19:32:06.496  2852  2852 I HwBrightnessController: updateSlider1 seekBarProgress:2651
12-17 19:32:06.496  2852  2852 I HwBrightnessController: updateSlider2 seekBarProgress:2651
12-17 19:32:06.496  2852  2852 I ToggleSlider:  mSeekListener onProgressChanged progress:2651 fromUser:false
12-17 19:32:06.496  2852  2852 I ToggleSlider:  mSeekListener onProgressChanged progress:2651 fromUser:false
12-17 19:32:06.510  1795  2750 D HW_DISPLAY_EFFECT: presently, hw_update_color_temp_for_rg_led interface not achieved.
12-17 19:32:06.539  1795  2332 I qti_sensors_hal: [ACC]processReportInd: X: 7.475583 Y: 5.906622 Z: 2.266212  x_offset:0.160831 y_offset:0.184366 z_offset:0.985027
12-17 19:32:06.546  1795  2750 D HW_DISPLAY_EFFECT: presently, hw_update_color_temp_for_rg_led interface not achieved.
12-17 19:32:06.562  1795  2750 D HW_DISPLAY_EFFECT: presently, hw_update_color_temp_for_rg_led interface not achieved.
12-17 19:32:06.597  3180  3578 I AppManager: check dependency pid: 4690 is depended by pid: 1795
12-17 19:32:06.597  3180  3578 I ash     : Application com.baidu.input_huawei is depended by other app, delay to H!
12-17 19:32:06.600  1795  2332 I qti_sensors_hal: [ACC]processReportInd: X: 7.417935 Y: 5.944434 Z: 2.754097  x_offset:0.160831 y_offset:0.184366 z_offset:0.985027
12-17 19:32:06.610  1795  2750 D HW_DISPLAY_EFFECT: presently, hw_update_color_temp_for_rg_led interface not achieved.
12-17 19:32:06.626  1795  2750 D HW_DISPLAY_EFFECT: presently, hw_update_color_temp_for_rg_led interface not achieved.
12-17 19:32:06.659  1795  2750 D HW_DISPLAY_EFFECT: presently, hw_update_color_temp_for_rg_led interface not achieved.
12-17 19:32:06.661  1795  2332 I qti_sensors_hal: [ACC]processReportInd: X: 7.815869 Y: 5.781867 Z: 1.837923  x_offset:0.160831 y_offset:0.184366 z_offset:0.985027
12-17 19:32:06.709  1795  2750 D HW_DISPLAY_EFFECT: presently, hw_update_color_temp_for_rg_led interface not achieved.
12-17 19:32:06.717  1795  2332 I qti_sensors_hal: [ACC]processReportInd: X: 8.884931 Y: 5.389594 Z: 1.717816  x_offset:0.160831 y_offset:0.184366 z_offset:0.985027
