12-17 19:31:55.530  1795  1795 I Sensor  : updateLightsLocked --> mBatteryLight.turnOff
12-17 19:31:55.530  1795  1795 D HwPFWLogger: PFW.HwPFWService:mBroadcastReceiver action = android.intent.action.SCREEN_ON
12-17 19:31:55.530  1795  2708 D HwPFWLogger: PFW.HwPFWService:handle PFW_MSG_SYSTEM
12-17 19:31:55.531  1795  2708 D HwPFWLogger: PFW.HwPFWAppRestartPolicy:receive action = android.intent.action.SCREEN_ON
12-17 19:31:55.532  2852  2852 I BackgrounCallingLayout: simCount:2 phoneState:2
12-17 19:31:55.532  2852  2852 I BackgrounCallingLayout: mCallingStatusReceiver:onReceive::action=InCallScreenIsForegroundActivity, isForegroundActivity=true, mPhoneState=2
12-17 19:31:55.533  2852  2852 I BackgrounCallingLayout: updateCallLayout:isBackground=false, isInteractive=true
12-17 19:31:55.533  2852  2852 I HwPhoneStatusBar: mNotifyStateChangedReceiver::onReceive:action=InCallScreenIsForegroundActivity, mBackgroundState=false
12-17 19:31:55.533  1795  1795 D WifiService: onReceive, action:android.intent.action.SCREEN_ON
12-17 19:31:55.534  1795  2670 D WifiController: DeviceActiveState{ when=0 what=155650 target=com.android.internal.util.StateMachine$SmHandler }
12-17 19:31:55.534  1795  2670 D WifiController: StaEnabledState what=155650
12-17 19:31:55.534  1795  2670 D WifiController: DefaultState what=155650
12-17 19:31:55.534  1795  2670 I AlarmManager: remove(PendingIntent{50e3a01: PendingIntentRecord{a8130a6 android broadcastIntent}}) changed bounds; rebatching
12-17 19:31:55.535  3180  3332 I ScenarioAction: new ScenarioAction sPoolSize: 0
12-17 19:31:55.535  2852  2852 I StatusBar: onNotificationRemoved: StatusBarNotification(pkg=com.android.incallui user=UserHandle{0} id=2 tag=null key=0|com.android.incallui|2|null|1001: Notification(pri=2 contentView=null vibrate=null sound=null defaults=0x0 flags=0x2 color=0x00000000 actions=3 vis=PRIVATE publicVersion=Notification(pri=0 contentView=null vibrate=null sound=null defaults=0x0 flags=0x0 color=0xff33b5e5 vis=PRIVATE)))
12-17 19:31:55.535  2852  2852 I PhoneStatusBar: removeNotification:0|com.android.incallui|2|null|1001
12-17 19:31:55.535  2852  2852 I StatusBar: removeNotificationViews:0|com.android.incallui|2|null|1001
12-17 19:31:55.535  2852  2852 I NotificationGroupManager: onEntryRemoved:0|com.android.incallui|2|null|1001
12-17 19:31:55.535  2852  2852 I NotificationGroupManager: onEntryRemovedInternal:0|com.android.incallui|2|null|1001, group=0|com.android.incallui|2|null|1001
12-17 19:31:55.535  2852  2852 I NotificationGroupManager: summary = null
12-17 19:31:55.535  2852  2852 I HwPhoneStatusBar: updateNotificationShade
12-17 19:31:55.535  2852  2852 I PhoneStatusBar: updateNotificationShade
12-17 19:31:55.535  5215  5215 D wpa_supplicant: wpa_driver_nl80211_driver_cmd SETSUSPENDMODE 0 len = 0, 4096
12-17 19:31:55.535  5215  5215 D wpa_supplicant: CTRL-DEBUG: global_ctrl_sock-sendto: sock=16 sndbuf=229376 outq=0 send_len=3
12-17 19:31:55.536  2852  2852 I PhoneStatusBar: removeNotificationChildren
12-17 19:31:55.536  1795  1795 D HwArpVerifier: startWifiRouteCheck
12-17 19:31:55.537  2852  2852 I HwNotificationIconAreaController: showNotificationAll
12-17 19:31:55.537  1795  1806 I NotificationManager: onNotificationExpansionChanged called
12-17 19:31:55.551  5215  5215 D wpa_supplicant: nl80211: Event message available
12-17 19:31:55.551  5215  5215 D wpa_supplicant: nl80211: Drv Event 79 (NL80211_CMD_SET_REKEY_OFFLOAD) received for wlan0
12-17 19:31:55.551  5215  5215 D wpa_supplicant: nl80211: Rekey offload event for BSSID 80:38:bc:08:42:c1
12-17 19:31:55.551  5215  5215 D wpa_supplicant: nl80211: Rekey offload - Replay Counter - hexdump(len=8): 00 00 00 00 00 00 00 02
12-17 19:31:55.551  5215  5215 D wpa_supplicant: wlan0: Event DRIVER_GTK_REKEY (35) received
12-17 19:31:55.554  2852  2852 I StackScrollAlgorithm: updateClipping isOverlap:false
12-17 19:31:55.554  2852  2852 I StackScrollAlgorithm: updateDimmedActivatedHideSensitive overlap:false
12-17 19:31:55.554  2852  2852 I ActivatableNotificationView: setOverlap mOverlap:false, mDimmed:false
12-17 19:31:55.684  1795  1825 D HwNormalizedAutomaticBrightnessController: sensor doesn't report lux in 200ms
12-17 19:31:55.684  1795  1825 I PowerManager_screenOn: DisplayPowerController updatePowerState mPendingRequestLocked=policy=BRIGHT, useProximitySensor=true, useProximitySensorbyPhone=true, screenBrightness=33, screenAutoBrightnessAdjustment=0.0, brightnessSetByUser=true, useAutoBrightness=true, blockScreenOn=false, lowPowerMode=false, boostScreenBrightness=false, dozeScreenBrightness=-1, dozeScreenState=UNKNOWN, useTwilight=false, useSmartBacklight=true, brightnessWaitMode=false, brightnessWaitRet=true, screenAutoBrightness=-1, userId=0
12-17 19:31:55.684  1795  1825 D DisplayPowerController: Animating brightness: target=15, rate=0
12-17 19:31:55.685  1795  1825 I PowerManager_screenOn: DisplayPowerController updatePowerState mPendingRequestLocked=policy=BRIGHT, useProximitySensor=true, useProximitySensorbyPhone=true, screenBrightness=33, screenAutoBrightnessAdjustment=0.0, brightnessSetByUser=true, useAutoBrightness=true, blockScreenOn=false, lowPowerMode=false, boostScreenBrightness=false, dozeScreenBrightness=-1, dozeScreenState=UNKNOWN, useTwilight=false, useSmartBacklight=true, brightnessWaitMode=false, brightnessWaitRet=true, screenAutoBrightness=-1, userId=0
12-17 19:31:55.685  1795  1825 D DisplayPowerController: Animating brightness: target=15, rate=40
12-17 19:31:55.708  1795  2750 D SurfaceControl: Excessive delay in setPowerMode(): 215ms
12-17 19:31:55.711  1795  1821 I DisplayManagerService: Display device changed state: "内置屏幕", ON
12-17 19:31:55.712  3608  3608 D InCall  : InCallActivity - onResume()... end
12-17 19:31:55.713  3608  3608 I InCall  : VideoCallFragment - onResume
12-17 19:31:55.713  3608  3608 I InCall  : VideoCallPresenter - isVideoCallWorking, state is: 3
12-17 19:31:55.713  3608  3608 I InCall  : VideoCallFragment - onResume: Surface exist, resume videos
12-17 19:31:55.713  3608  3608 D InCall  : VideoCallPresenter - resumeVideo: Error bad state mPrimaryCall=[Call_10, ACTIVE, [Capabilities: CAPABILITY_HOLD CAPABILITY_SUPPORT_HOLD CAPABILITY_MUTE CAPABILITY_CANNOT_DOWNGRADE_VIDEO_TO_AUDIO], children:[], parent:null, conferenceable:[], videoState:Audio Only, mSessionModificationState:0, VideoSettings:(CameraDir:-1)] mVideoCall=null
12-17 19:31:55.713  3608  3608 I InCall  : VTCallButtonFragment - --- onResume ---
12-17 19:31:55.713   832  1840 E Parcel  : Reading a NULL string not supported here.
12-17 19:31:55.714   832  1840 E Parcel  : Reading a NULL string not supported here.
12-17 19:31:55.714  3608  3608 I ActivityManager_activity: Resuming ActivityRecord{fd45985 token=android.os.BinderProxy@af8ea9b {com.android.incallui/com.android.incallui.InCallActivity}} with isForward=true,forwardBitChanged=true onlyLocalRequest=false
12-17 19:31:55.718  1795 11745 D PowerManagerService: ready=false,policy=3,wakefulness=1,wksummary=0x11,uasummary=0x1,bootcompleted=true,boostinprogress=false,waitmodeenable=false,mode=true,manual=33,auto=-1,adj=0.0userId=0
12-17 19:31:55.718  1795 11745 D PowerManagerService: Acquiring suspend blocker "PowerManagerService.WakeLocks".
12-17 19:31:55.719  1795  1795 D WifiProStatisticsManager: sendScreenOnEvent enter.
12-17 19:31:55.719  1795  2733 D WiFi_PRO_WifiProStateMachine: device screen on,but isScreenOffMonitor is false
12-17 19:31:55.719  1795  2734 D WifiProStatisticsManager: msg Loop is running.
12-17 19:31:55.722  1795  1821 I WindowManger_keyguard: Setting mDismissKeyguard true by win Window{e6a6b5e u0 com.android.incallui/com.android.incallui.InCallActivity}
12-17 19:31:55.722  1795  6988 D PowerManagerService: ready=false,policy=3,wakefulness=1,wksummary=0x11,uasummary=0x1,bootcompleted=true,boostinprogress=false,waitmodeenable=false,mode=true,manual=33,auto=-1,adj=0.0userId=0
12-17 19:31:55.724  1795  1795 D DeviceIdleController: updateDisplayLocked: screenOn=true
12-17 19:31:55.724  1795  1795 I DeviceIdleController: becomeActiveLocked, reason = screen
12-17 19:31:55.725  1795  1807 D DeviceIdleController: handleMessage(5)
12-17 19:31:55.725  1795  1795 I AlarmManager: remove(null) changed bounds; rebatching
12-17 19:31:55.725  1795 11747 D PowerManagerService: ready=false,policy=3,wakefulness=1,wksummary=0x11,uasummary=0x1,bootcompleted=true,boostinprogress=false,waitmodeenable=false,mode=true,manual=33,auto=-1,adj=0.0userId=0
12-17 19:31:55.727  1795  3111 D PowerManagerService: ready=false,policy=3,wakefulness=1,wksummary=0x10,uasummary=0x1,bootcompleted=true,boostinprogress=false,waitmodeenable=false,mode=true,manual=33,auto=-1,adj=0.0userId=0
12-17 19:31:55.727  1795  3111 D PowerManagerService: Releasing suspend blocker "PowerManagerService.WakeLocks".
12-17 19:31:55.727  3608  3608 I InCall  : CallList - hasAnyLiveCall call = [Call_10, ACTIVE, [Capabilities: CAPABILITY_HOLD CAPABILITY_SUPPORT_HOLD CAPABILITY_MUTE CAPABILITY_CANNOT_DOWNGRADE_VIDEO_TO_AUDIO], children:[], parent:null, conferenceable:[], videoState:Audio Only, mSessionModificationState:0, VideoSettings:(CameraDir:-1)]
12-17 19:31:55.728  3608  3608 I InCall  : ProximitySensor - isDisplayOn: true
12-17 19:31:55.729  1795 15982 I qti_sensors_hal: flush,395,handle 0
12-17 19:31:55.729  1795 15982 I qti_sensors_hal: flush,260 handle 0
12-17 19:31:55.730  1795  1795 D DeviceIdleController: stopMonitoringMotionLocked()
12-17 19:31:55.730  1795  1795 I AlarmManager: remove(null) changed bounds; rebatching
12-17 19:31:55.735  1795  3110 I WindowManger_keyguard: Setting mDismissKeyguard true by win Window{e6a6b5e u0 com.android.incallui/com.android.incallui.InCallActivity}
12-17 19:31:55.737  1795  1795 I EyeProtectionControllerImpl: onReceive intent action = android.intent.action.SCREEN_ON
12-17 19:31:55.738  1795  3225 D PowerManagerService: acquire lock=152331024, flags=0x1, tag="RILJ_ACK_WL", name=com.android.phone, ws=null, uid=1001, pid=3218
12-17 19:31:55.738  1795  3225 D PowerManagerService: ready=false,policy=3,wakefulness=1,wksummary=0x11,uasummary=0x1,bootcompleted=true,boostinprogress=false,waitmodeenable=false,mode=true,manual=33,auto=-1,adj=0.0userId=0
12-17 19:31:55.738  1795  3225 D PowerManagerService: Acquiring suspend blocker "PowerManagerService.WakeLocks".
12-17 19:31:55.739  1795 16499 D PowerManagerService: ready=false,policy=3,wakefulness=1,wksummary=0x11,uasummary=0x1,bootcompleted=true,boostinprogress=false,waitmodeenable=false,mode=true,manual=33,auto=-1,adj=0.0userId=0
12-17 19:31:55.740  1795  2396 D PowerManagerService: ready=false,policy=3,wakefulness=1,wksummary=0x11,uasummary=0x1,bootcompleted=true,boostinprogress=false,waitmodeenable=false,mode=true,manual=33,auto=-1,adj=0.0userId=0
12-17 19:31:55.741  1795  2778 D PowerManagerService: ready=false,policy=3,wakefulness=1,wksummary=0x11,uasummary=0x1,bootcompleted=true,boostinprogress=false,waitmodeenable=false,mode=true,manual=33,auto=-1,adj=0.0userId=0
12-17 19:31:55.741  1795  2736 D HwInnerWifiManagerImpl: SupplicantState = COMPLETED
12-17 19:31:55.741  1795  2736 D HwInnerWifiManagerImpl: isPhoneAP = false
12-17 19:31:55.742  1795  3121 D PowerManagerService: ready=false,policy=3,wakefulness=1,wksummary=0x11,uasummary=0x1,bootcompleted=true,boostinprogress=false,waitmodeenable=false,mode=true,manual=33,auto=-1,adj=0.0userId=0
12-17 19:31:55.744  2883  2883 D HwKeyguardManagerImpl: isLockScreenDisabled HwKeyguardManagerImpl result = false
12-17 19:31:55.744  1795  3884 I SendBroadcastPermission: action:android.intent.action.SIG_STR, mPermissionType:0
12-17 19:31:55.745  3858  4126 I amsnl   : csr
12-17 19:31:55.745  1795 16500 D PowerManagerService: acquire lock=184063844, flags=0x1, tag="NetworkStats", name=android, ws=null, uid=1000, pid=1795
12-17 19:31:55.745  1795 16500 D PowerManagerService: ready=false,policy=3,wakefulness=1,wksummary=0x11,uasummary=0x1,bootcompleted=true,boostinprogress=false,waitmodeenable=false,mode=true,manual=33,auto=-1,adj=0.0userId=0
12-17 19:31:55.745  3858  4126 I amsnl   : t:false, fl: false, p: 2147483647000, ce: true, we: true
12-17 19:31:55.745  2852  3556 I NetworkController.MobileSignalController(0): onSignalStrengthsChanged signalStrength=SignalStrength: -67 0 -1 255 -1 255 -1 255 255 99 2147483647 2147483647 2147483647 2147483647 2147483647 false gw|lte level=5 isSuspend=false levelOld=5,mSignalStrength level=5
12-17 19:31:55.746  1795  1795 I MQoS    : onSignal: mSubId=0,currDataSubID=0
12-17 19:31:55.746  3218  3422 W PhoneInterfaceManager: shouldBlockLocation running ...
12-17 19:31:55.746  1795 16498 D wifiserviceimpl: netmask =16580607
12-17 19:31:55.746  3218  3422 I PhoneInterfaceManager: shouldBlockLocation  ret:false
12-17 19:31:55.747  3858  4126 I amsnl   : m1: false
12-17 19:31:55.747  1795  1795 I MQoS    : received cell-signal:5
12-17 19:31:55.748  1795 16500 D NetdConnector: SND -> {11606 bandwidth gettetherstats}
12-17 19:31:55.748  1795  6986 W ActivityManager: getRunningAppProcesses: caller 10009 does not hold REAL_GET_TASKS; limiting output
12-17 19:31:55.749  2852  2914 I HwMobileSignalController: updateSignalStrength: signalStrength=SignalStrength: -67 0 -1 255 -1 255 -1 255 255 99 2147483647 2147483647 2147483647 2147483647 2147483647 false gw|lte
12-17 19:31:55.749  1795  2665 D NetdConnector: RCV <- {200 11606 Tethering stats list completed}
