12-17 19:33:02.629  1795  3111 I HwActivityManagerService: Split enqueueing broadcast [callerApp]:ProcessRecord{34bf34f 0:system/1000}
12-17 19:33:02.629  1795  3111 D PowerManagerService: release:lock=184063844, flg=0x0, tag="NetworkStats", name=android", ws=null, uid=1000, pid=1795
12-17 19:33:02.630  1795  3111 D PowerManagerService: ready=true,policy=0,wakefulness=0,wksummary=0x10,uasummary=0x0,bootcompleted=true,boostinprogress=false,waitmodeenable=false,mode=true,manual=33,auto=-1,adj=0.0userId=0
12-17 19:33:02.630  1795  3111 D PowerManagerService: Releasing suspend blocker "PowerManagerService.WakeLocks".
12-17 19:33:02.633  1795  3077 D GnssLocationProvider: receive broadcast intent, action: android.intent.action.SCREEN_OFF
12-17 19:33:02.633  1795  3077 I GnssLocationProvider: updateLowPowerMode,isPowerSaveMode:falseisInteractive:false
12-17 19:33:02.633  1795  3077 I GnssLocationProvider: disableGps:false  isEnabled()=true
12-17 19:33:02.636  2852  3361 I vol.VolumeDialogControl: C onScreenOff 
12-17 19:33:02.636  2852  2852 I vol.VolumeDialog: VolumeDialogController.Callbacks onScreenOff
12-17 19:33:02.638  3168  3168 I CHR_TelStatusListenr0: [Timer rat:0 level:5] suspend
12-17 19:33:02.639  3168  3168 I CHR_TelStatusListenr0: [Timer serviceState:0 simReady:true] suspend
12-17 19:33:02.639  3168  3168 I CHR_TelStatusListenr1: [Timer serviceState:1 simReady:false] suspend
12-17 19:33:02.639  3168  3168 I CHR_TelphonyStatusService: duration: 581639 STATUS_REPORT_TIMESPAN: 86400000 / (1000 * 60 * 60 * 24) day STATUS_REPORT_TIMESPAN_FOR_BETA: 21600000 / (1000 * 60 * 60 * 24) day
12-17 19:33:02.639  3168  3168 I CHR_ChrUtil: is Beta User, userType = 3
12-17 19:33:02.640  2883  3040 I HwSystemManager: TrafficNotifyAfterLocked:mLockStartTraffic = 0;mLockStartTrafficList = {}
12-17 19:33:02.642  2852  3556 I NetworkController.MobileSignalController(0): onDataActivity: direction=0
12-17 19:33:02.642  2852  3556 D NetworkController.MobileSignalController(0): mSimSubId:0 onDataActivity: direction=0
12-17 19:33:02.643  2852  3556 I NetworkController.MobileSignalController(0): onDataActivity: direction=0
12-17 19:33:02.643  2852  3556 D NetworkController.MobileSignalController(0): mSimSubId:0 onDataActivity: direction=0
12-17 19:33:02.644  2883  2996 E HwSystemManager: SimCardMethod:/getSimCardInfo: imsi is null
12-17 19:33:02.644  2852  2852 I PowerUI : onReceive intent:act:android.intent.action.SCREEN_OFF  flag:1342177296 
12-17 19:33:02.652  2883  2996 I HwSystemManager: NormalTrafficAnalysis:alert byte = 0 last alert byte = 0
12-17 19:33:02.652  2883  2996 E HwSystemManager: NormalTrafficAnalysis:alert byte = 0, so return
12-17 19:33:02.655  3180  3332 I WakelockMonitor: start wakelock monitor.
12-17 19:33:02.655  3180  3578 I ScreenLockClean: call busy and not start clean apps.
12-17 19:33:02.655  3180  3578 I ash     : ash->screen off
12-17 19:33:02.657  3180  3578 I ash     : Default InputMethod : com.baidu.input_huawei
12-17 19:33:02.657  3180  3578 I ash     : screen off inputmethod, delay to hibernation
12-17 19:33:02.658  1795  3957 E IzatSvc_OSObserver: I/LocTech-Label :: OSOBSERVER :: Data Items In
12-17 19:33:02.659  1795  3957 E IzatSvc_OSObserver: I/LocTech-Value :: Data Item Value: IS_SCREEN_ON: false
12-17 19:33:02.659  3218  3422 E HW-JPEG-DEC: [HME_JPEG_DEC_Delete](3298): HME_JPEG_DEC_Delete: decoder_ctx=null
12-17 19:33:02.669  2883  2996 I HwSystemManager: TafficState:default sub id = 0slotIndex = 0 subscriptionId = 0
12-17 19:33:02.669  3879  3879 I HwLauncher: Launcher receiver screen off broadcast sendmessage true
12-17 19:33:02.677  2883  2996 E HwSystemManager: LeisureTrafficSetting:result is empty
12-17 19:33:02.677  1795 15987 I AlarmManager: set(PendingIntent{ccd7c41: PendingIntentRecord{601e5f3 com.huawei.indexsearch.observer broadcastIntent}}) : type=2 triggerAtTime=443519040 win=60000 tElapsed=443519040 maxElapsed=443579040 interval=0 flags=0x8
12-17 19:33:02.680  2883  2996 I HwSystemManager: NatTrafficNotifyService:delta byte = 0 no traffic delta = 0Traffic state is 301
12-17 19:33:02.686  3180  4303 I AwareLog: MemoryRecoveryDMEPlugin: reportScene typeId = 2002
12-17 19:33:02.686  3180  4303 I AwareLog: MemoryRecoveryDMEPlugin: receive sceen off event
12-17 19:33:02.686  2883  2996 I HwSystemManager: ExtraTrafficSetting:result is empty
12-17 19:33:02.691  3626  3626 I HourObserver: enter into handleScrnOnOffTimeStats, scrnOn = false, mIsPreScrnOn = true, mScrnSwitchTime = 1481974382430, occurTime = 1481974382690, delta = 260, mScrnOffAccTime = 1796592, mScrnOnAccTime = 121421
12-17 19:33:02.692  3626  3626 I HourObserver: left handleScrnOnOffTimeStats, mScrnOffAccTime = 1796592, mScrnOffAccTime = 1796592, mScrnOnAccTime = 121681
12-17 19:33:02.696  3626  3626 I iMonitor: create: 903001010
12-17 19:33:02.698  3626  3626 I iMonitor: send: 903001010
12-17 19:33:02.698   818  1152 I logserver: handle_exception_events enter
12-17 19:33:02.699  3626  3770 I LSC_903001010: process buffer and get message
12-17 19:33:02.703  2883  2996 I HwSystemManager: ITrafficInfo:ITrafficInfo create 301updateBytes = 1769320345
12-17 19:33:02.705  7741  7741 D Mms_TX_NOTIFY: Get no-perm notification callback android.intent.action.SCREEN_OFF
12-17 19:33:02.713  3466  3466 I Contacts: DialpadFragment mBroadcastReceiver action:android.intent.action.SCREEN_OFF
12-17 19:33:02.723  1795  3111 D StubTelephonyRegistry: uid:10028 pid:16628 PhoneStateListener.LISTEN_CELL_LOCATION:16 events:0
12-17 19:33:02.734  1795  1795 I TrafficMonitor: update:rxPkts:9,txPkts:11,rxBytes:1833,txBytes:795
12-17 19:33:02.734  1795  1795 I TrafficMonitor: start expired. level:-1
12-17 19:33:02.734  1795  1795 I TrafficMonitor: gettimer:interval=2000
12-17 19:33:02.748  3626  3753 I LogCollectService: msg = 103 received
12-17 19:33:02.749 10324 10324 D MagicLink: MagicLink2-BroadcastReceiver:====>ACTION_SCREEN_OFF
12-17 19:33:02.749  2852  2852 D DateTimeView: Change to single clock mode!
12-17 19:33:02.751  2852  2852 D DateTimeView: Change to single clock mode!
12-17 19:33:02.783  1795  1795 D PowerManagerService: Releasing suspend blocker "PowerManagerService.Broadcasts".
12-17 19:33:02.788  1795  2396 W ActivityManager: getRunningAppProcesses: caller 10105 does not hold REAL_GET_TASKS; limiting output
12-17 19:33:02.789  1795  2332 I qti_sensors_hal: [ACC]processReportInd: X: 7.880628 Y: 5.103384 Z: 3.253419  x_offset:0.160831 y_offset:0.184366 z_offset:0.985027
12-17 19:33:02.896  7741  7758 D TmoMonitor: Cache monitor msg as screen_off
12-17 19:33:02.928  3180  3180 E libc    : Access denied finding property "persist.sys.smart_power"
12-17 19:33:02.928  3180  3180 E libc    : Access denied finding property "persist.sys.smart_power"
12-17 19:33:02.985  1795  2332 I qti_sensors_hal: [ACC]processReportInd: X: 7.912000 Y: 5.095541 Z: 3.261159  x_offset:0.160831 y_offset:0.184366 z_offset:0.985027
12-17 19:33:03.131  1795  2728 D HwArpVerifier: performPollAndLog:
12-17 19:33:03.134  1795  2728 D hw_netstat: total/1833/795,com.huawei.espacev2/1654/736,unknown:0/179/59
12-17 19:33:03.135  1795  2728 E HwCHRWebMonitor: WebMonitor [mNetWorkIsSuck=0 mUIDIsSuck=]  WebSpeed [WEBSENDSEGS=0  WEBRESENDSEGS=0  WEBRECVSEGS=0  WEBERRSEGS=0  WEBOUTRSTS=0  WEBESTABLISRST=0  WEBRTTDURATION=0  WEBRTTSEGS=0  WEBSRTT=250  WEBSNDDUPACKS=0  SENDSEGS=10  RESENDSEGS=0  RECVSEGS=8  ERRSEGS=0  OUTRSTS=0  ESTABLISRST=0  RTTDURATION=6  RTTSEGS=4  SNDDUPACKS=0  suckTimes=0 recovage_times=0]
12-17 19:33:03.135  1795  2728 E HwCHRWifiRSSIGroupSummery: updateTcpSummery mRSSI:-57  HwCHRWifiRSSIGroup [rssi_index=4, rtt_tcp_packets=64, rtt_tcp_duration=525, rtt_lan_duration=172, rtt_lan_failures=0, rtt_lan_succ=4, rtt_lan_max=124, rtt_lan_min=14,same_area_frequency=0,adjacent_area_frequency=0]
12-17 19:33:03.135  1795  2728 D WifiHW  : wifi_send_command: cmd:'IFNAME=wlan0 PKTCNT_POLL'
12-17 19:33:03.136  5215  5215 D wpa_supplicant: wlan0: Control interface command 'PKTCNT_POLL'
12-17 19:33:03.149  5215  5215 D wpa_supplicant: CTRL-DEBUG: global_ctrl_sock-sendto: sock=16 sndbuf=229376 outq=0 send_len=34
12-17 19:33:03.149  1795  2728 E HwCHRWebMonitor: HwCHRWifiPacketCnt [mTXGood=11, mTXbad=0, mRXGood=9] rssi=-57
12-17 19:33:03.150  1795  2728 E HwCHRWebMonitor: running processName=com.android.incallui
12-17 19:33:03.151  1795  2728 E HwCHRWebMonitor: HwCHRWifiUIDWebSpeed [appName=com.huawei.espacev2 UID=10102  WEBSENDSEGS=0  WEBRESENDSEGS=0  WEBRECVSEGS=0  WEBERRSEGS=0  WEBOUTRSTS=0  WEBESTABLISRST=0  WEBRTTDURATION=0  WEBRTTSEGS=0  WEBSNDDUPACKS=0  suckTimes=0 recovage_times=0]
12-17 19:33:03.151  1795  2728 D HwArpVerifier: doCheckAccessInternet
12-17 19:33:03.151  1795  2728 D HwArpVerifier: mAccessWebStatus : rx = 0, tx = 0
12-17 19:33:03.151  1795  2728 D HwArpVerifier: getDNSFailedCntDiff  dnsNewFailCnt =  1001, aws.getOldDnsFailedCnt() = 1001, dnsDiff = 0
12-17 19:33:03.182  1795  2332 I qti_sensors_hal: [ACC]processReportInd: X: 8.076749 Y: 5.024924 Z: 3.346156  x_offset:0.160831 y_offset:0.184366 z_offset:0.985027
12-17 19:33:03.195  1795  2371 E huawei_ProximitySensor_CPP_Test: ProximitySensor: 9 is far event,0 is close event,value = 9.000000
12-17 19:33:03.195  1795  2371 I huawei_ProximitySensor_CPP_Test: readEvents:345: ProximitySensor: getTimestamp,mPendingEvent.timestamp =1056205275 
12-17 19:33:03.195  1795  1825 D DisplayPowerController: handleProximitySensorEvent positive:false
12-17 19:33:03.195  1795  1825 D PowerManagerService: Acquiring suspend blocker "PowerManagerService.Display".
12-17 19:33:03.195  1795  1825 I PowerManager_screenOn: DisplayPowerController updatePowerState mPendingRequestLocked=policy=OFF, useProximitySensor=true, useProximitySensorbyPhone=true, screenBrightness=33, screenAutoBrightnessAdjustment=0.0, brightnessSetByUser=true, useAutoBrightness=true, blockScreenOn=false, lowPowerMode=false, boostScreenBrightness=false, dozeScreenBrightness=-1, dozeScreenState=UNKNOWN, useTwilight=false, useSmartBacklight=true, brightnessWaitMode=false, brightnessWaitRet=true, screenAutoBrightness=-1, userId=0
12-17 19:33:03.195  1795  1825 I WindowManger_keyguard: Screen turned off...
12-17 19:33:03.196  1795  1825 V KeyguardServiceDelegate: onScreenTurnedOff()
12-17 19:33:03.196  1795  1825 I WindowManger_keyguard: onScreenTurnedOff()
12-17 19:33:03.196  1795  1825 I HwScreenOnProximityLock: removeProximityView success vp android.view.ViewRootImpl@a9fe5e6
12-17 19:33:03.196  2852  2866 D KeyguardService: Caller checkPermission fail
12-17 19:33:03.196  2852  2866 D KeyguardService: KGSvcCall onScreenTurnedOff.
12-17 19:33:03.196  2852  2866 D KeyguardViewMediator: notifyScreenTurnedOff
12-17 19:33:03.196  1795  1825 D Sensors : batch called handle:2 sample_ns:20000000 latency_ns:0
12-17 19:33:03.196  1795  1825 D Sensors : pa2240-proximity calling driver setDelay 20 ms
12-17 19:33:03.196  1795  1825 E huawei_ProximitySensor_CPP_Test: write 20 failed
12-17 19:33:03.197  1795  1825 D HwNormalizedAutomaticBrightnessController: set power status:mPowerStatus=true,powerStatus=false
12-17 19:33:03.197  1795  1825 D DisplayPowerController: Animating brightness: target=0, rate=0
12-17 19:33:03.197  1795  1825 I PowerManager_screenOn: PowerManagerServiceonProximityNegative -> updatePowerStateLocked
12-17 19:33:03.197  1795  1825 D PowerManagerService: userActivityNoUpdateLocked: eventTime=123066883, event=0, flags=0x0, uid=1000
12-17 19:33:03.197  1795  1825 I PowerManager_screenOn: PowerManagerNotifier onUserActivity: event=0, uid=1000
12-17 19:33:03.197  1795  1825 I PowerManager_screenOn: PowerManagerService wakeUpNoUpdateLocked: eventTime=123066883, uid=1000
12-17 19:33:03.197  1795  1825 I PowerManager_screenOn: PowerManagerService Waking up from sleep (uid 1000)...
12-17 19:33:03.197  1795  1825 I PowerManager_screenOn: PowerManagerNotifier onWakefulnessChangeStarted: wakefulness=1, reason=0, interactive=true, mInteractive=false, mInteractiveChanging=false
