12-17 19:31:41.890  1795  2750 D libfingersense_wrapper: Calling fingersense_on_resume()
12-17 19:31:41.890  1795  2750 D libfingersense_wrapper: fingersense_on_resume() finished
12-17 19:31:41.890   836  2387 I knuckle_sensor: Sending SAM_ENABLE to fs_data
12-17 19:31:41.890  2852  2852 W HwPhoneLayoutInflater: onCreateView : ClassNotFoundException, In this case we want to let the base class take a crack at it
12-17 19:31:41.891   612   612 D SurfaceFlinger: Set power mode=2, type=0 flinger=0x7f9a25b400
12-17 19:31:41.891   612   612 I SDM     : HWCDisplay::SetPowerMode: display = 0, mode = 2
12-17 19:31:41.891   612   612 I SDM     : DisplayBase::SetDisplayState: Set state = 1, display 0
12-17 19:31:41.891  2852  2852 W HwPhoneLayoutInflater: onCreateView : ClassNotFoundException, In this case we want to let the base class take a crack at it
12-17 19:31:41.892  1795  1821 I DisplayManagerService: Display device changed state: "内置屏幕", ON
12-17 19:31:41.893   836   928 I knuckle_sensor: Got ENABLE response, status = 0, id = 60
12-17 19:31:41.894  1795  1821 I WindowManger_keyguard: Setting mDismissKeyguard true by win Window{e6a6b5e u0 com.android.incallui/com.android.incallui.InCallActivity}
12-17 19:31:41.902  2852  2852 W HwPhoneLayoutInflater: onCreateView : ClassNotFoundException, In this case we want to let the base class take a crack at it
12-17 19:31:41.903  2852  2852 W HwPhoneLayoutInflater: onCreateView : ClassNotFoundException, In this case we want to let the base class take a crack at it
12-17 19:31:41.920  2852  2852 W HwPhoneLayoutInflater: onCreateView : ClassNotFoundException, In this case we want to let the base class take a crack at it
12-17 19:31:41.921  2852  2852 W HwPhoneLayoutInflater: onCreateView : ClassNotFoundException, In this case we want to let the base class take a crack at it
12-17 19:31:41.928  2852  2852 W HwPhoneLayoutInflater: onCreateView : ClassNotFoundException, In this case we want to let the base class take a crack at it
12-17 19:31:41.929  2852  2852 W HwPhoneLayoutInflater: onCreateView : ClassNotFoundException, In this case we want to let the base class take a crack at it
12-17 19:31:41.969  3180  3180 E libc    : Access denied finding property "persist.sys.smart_power"
12-17 19:31:41.970  3180  3180 E libc    : Access denied finding property "persist.sys.smart_power"
12-17 19:31:42.027   533  3739 E ANDR-PERF-MPCTL: Invalid profile no. 0, total profiles 0 only
12-17 19:31:42.059  1795  2371 E LightSensor: read Events lux: 15.0
12-17 19:31:42.060  1795  1825 D AutomaticBrightnessController: ambient lux=15.0,timeStamp =442838423364000
12-17 19:31:42.060  1795  1825 D HwNormalizedAutomaticBrightnessController: mAmbientLuxValid=true,mWakeupFromSleep= false
12-17 19:31:42.060  1795  1825 D HwAmbientLuxFilterAlgo: updateAmbientLux: Initializing: mAmbientLightRingBuffer=[15.0 / 0ms], mAmbientLux=15.0
12-17 19:31:42.060  1795  1825 D HwAmbientLuxFilterAlgo: earliestValidTime + POWER_ON_BRIGHTENING_LIGHT_DEBOUNCE
12-17 19:31:42.060  1795  1825 D HwAmbientLuxFilterAlgo: earliestValidTime + POWER_ON_DARKENING_LIGHT_DEBOUNCE
12-17 19:31:42.060  1795  1825 D HwNormalizedAutomaticBrightnessController: need to update brightness: mAmbientLux=15.0
12-17 19:31:42.060  1795  1825 D HwNormalizedSpline: interpolate:mPosBrightness=0.0lux=15.0,mIsReboot=true,mIsUserChange=false,mDelta=0.0
12-17 19:31:42.060  1795  1825 D HwNormalizedSpline: offsetBrightness=26.8,mOffsetBrightness_last26.8,lux=15.0,mPosBrightness=0.0,mIsUserChange=false,mDelta=0.0,defaultBrightness=26.8,mStartLuxDefaultBrightness=26.8mLastLuxDefaultBrightness=26.8
12-17 19:31:42.061  1795  1825 D HwNormalizedSpline: write:userId=0,mPosBrightness =0.0,mOffsetBrightness_last=26.8,mIsUserChange=false,mDeltaNew=0.0,mStartLuxDefaultBrightness=26.8mLastLuxDefaultBrightness=26.8,mAmLux=15.0
12-17 19:31:42.061  1795  1825 D AutomaticBrightnessController: updateAutoBrightness: mScreenAutoBrightness=42, newScreenAutoBrightness=27
12-17 19:31:42.061  1795  1825 I PowerManager_screenOn: DisplayPowerController updatePowerState mPendingRequestLocked=policy=BRIGHT, useProximitySensor=true, useProximitySensorbyPhone=true, screenBrightness=33, screenAutoBrightnessAdjustment=0.0, brightnessSetByUser=true, useAutoBrightness=true, blockScreenOn=false, lowPowerMode=false, boostScreenBrightness=false, dozeScreenBrightness=-1, dozeScreenState=UNKNOWN, useTwilight=false, useSmartBacklight=true, brightnessWaitMode=false, brightnessWaitRet=true, screenAutoBrightness=-1, userId=0
12-17 19:31:42.061  1795  1825 D DisplayPowerController: Animating brightness: target=27, rate=0
12-17 19:31:42.061  1795  1825 I PowerManager_screenOn: DisplayPowerController updatePowerState mPendingRequestLocked=policy=BRIGHT, useProximitySensor=true, useProximitySensorbyPhone=true, screenBrightness=33, screenAutoBrightnessAdjustment=0.0, brightnessSetByUser=true, useAutoBrightness=true, blockScreenOn=false, lowPowerMode=false, boostScreenBrightness=false, dozeScreenBrightness=-1, dozeScreenState=UNKNOWN, useTwilight=false, useSmartBacklight=true, brightnessWaitMode=false, brightnessWaitRet=true, screenAutoBrightness=-1, userId=0
12-17 19:31:42.061  1795  1825 D DisplayPowerController: Animating brightness: target=27, rate=40
12-17 19:31:42.085  1795  2332 I qti_sensors_hal: [ACC]processReportInd: X: 6.742108 Y: 5.913657 Z: -0.367221  x_offset:0.160831 y_offset:0.184366 z_offset:0.985027
12-17 19:31:42.101  1795  2750 D SurfaceControl: Excessive delay in setPowerMode(): 211ms
12-17 19:31:42.103  1795  1795 I WindowManger_keyguard: Setting mDismissKeyguard true by win Window{e6a6b5e u0 com.android.incallui/com.android.incallui.InCallActivity}
12-17 19:31:42.109  1795  1795 I WindowManger_keyguard: Setting mDismissKeyguard true by win Window{e6a6b5e u0 com.android.incallui/com.android.incallui.InCallActivity}
12-17 19:31:42.127  1795  1795 I WindowManger_keyguard: Setting mDismissKeyguard true by win Window{e6a6b5e u0 com.android.incallui/com.android.incallui.InCallActivity}
12-17 19:31:42.143  1795  1795 I WindowManger_keyguard: Setting mDismissKeyguard true by win Window{e6a6b5e u0 com.android.incallui/com.android.incallui.InCallActivity}
12-17 19:31:42.160  1795  1795 I ActivityManager_activity: completedResumed: ActivityRecord{b46dc67 u0 com.android.incallui/.InCallActivity t310}, launchTrack: outofsleep resumeTopComplete
12-17 19:31:42.162  1795  1795 I WindowManger_keyguard: Started waking up...
12-17 19:31:42.162  1795  1795 I WindowManger_keyguard: onStartedWakingUp()
12-17 19:31:42.162  2852  3344 D KeyguardService: Caller checkPermission fail
12-17 19:31:42.162  2852  3344 D KeyguardService: KGSvcCall onStartedWakingUp.
12-17 19:31:42.163  2852  3344 W HwLockScreenReporter: report result = falsereport type:122 msg:
12-17 19:31:42.163  2852  3344 D KeyguardViewMediator: onStartedWakingUp, seq = 465
12-17 19:31:42.163  2852  3344 D KeyguardViewMediator: notifyStartedWakingUp
12-17 19:31:42.163  2852  3344 W AppHandler: sendMessage 14
12-17 19:31:42.163  1795  1821 I ActivityManager_activity: Incall is gone
12-17 19:31:42.163  1795  1821 I ActivityManager_activity: windowsGone(): ActivityRecord{b46dc67 u0 com.android.incallui/.InCallActivity t310}
12-17 19:31:42.163  1795  1795 I PowerManager_screenOn: PowerManagerNotifier Sending go to sleep broadcast.
12-17 19:31:42.163  1795  1795 I SendBroadcastPermission: action:android.intent.action.SCREEN_OFF, mPermissionType:0
12-17 19:31:42.164  1795  1809 I HwPhoneWindowManager: OverscanTimeout run
12-17 19:31:42.164   832  1841 E Parcel  : Reading a NULL string not supported here.
12-17 19:31:42.164   832  1841 E Parcel  : Reading a NULL string not supported here.
12-17 19:31:42.166  1795  3247 D PowerManagerService: ready=false,policy=3,wakefulness=1,wksummary=0x11,uasummary=0x1,bootcompleted=true,boostinprogress=false,waitmodeenable=false,mode=true,manual=33,auto=-1,adj=0.0userId=0
12-17 19:31:42.166  1795  3247 D PowerManagerService: Acquiring suspend blocker "PowerManagerService.WakeLocks".
12-17 19:31:42.166  1795  1795 I HwActivityManagerService: Split enqueueing broadcast [callerApp]:ProcessRecord{34bf34f 0:system/1000}
12-17 19:31:42.166  1795  1795 I ActivityManager_broadcast: Enqueueing ordered broadcast[foreground] BroadcastRecord{7d3aca1 u-1 android.intent.action.SCREEN_OFF}: prev had 0
12-17 19:31:42.166  1795  1808 I ActivityManager_broadcast: dispatch ordered broadcast [foreground] BroadcastRecord{7d3aca1 u-1 android.intent.action.SCREEN_OFF}, has 55 receivers
12-17 19:31:42.167  3608  3608 D InCall  : InCallActivity - onStart()...
12-17 19:31:42.168  1795  6986 D PowerManagerService: ready=false,policy=3,wakefulness=1,wksummary=0x10,uasummary=0x1,bootcompleted=true,boostinprogress=false,waitmodeenable=false,mode=true,manual=33,auto=-1,adj=0.0userId=0
12-17 19:31:42.168  1795  6986 D PowerManagerService: Releasing suspend blocker "PowerManagerService.WakeLocks".
12-17 19:31:42.169  1795 15988 D PowerManagerService: ready=false,policy=3,wakefulness=1,wksummary=0x11,uasummary=0x1,bootcompleted=true,boostinprogress=false,waitmodeenable=false,mode=true,manual=33,auto=-1,adj=0.0userId=0
12-17 19:31:42.169  1795 15988 D PowerManagerService: Acquiring suspend blocker "PowerManagerService.WakeLocks".
12-17 19:31:42.170  1795  3247 D ActivityManager: setExcludeFromRecents:pkgName=null
12-17 19:31:42.170  3608  3608 D InCall  : InCallPresenter - onActivityStarted
12-17 19:31:42.171  3608  3608 D InCall  : InCallPresenter - notifyVideoPauseController
12-17 19:31:42.171  3608  3608 D InCall  : VideoPauseController: - VideoPauseController:onResume
12-17 19:31:42.171  3608  3608 D InCall  : VideoPauseController: - VideoPauseController:onResume. Ignoring...
12-17 19:31:42.171  3608  3608 D InCall  : InCallActivity - doOrientationChanged prevOrientation=1 newOrientation=1
12-17 19:31:42.171  3608  3608 D InCall  : InCallActivity - onStart()... end
12-17 19:31:42.171  3608  3608 D InCall  : InCallPresenter - notifyInCallScreenIsForeground: false
12-17 19:31:42.171  3608  3608 I SendBroadcastPermission: action:InCallScreenIsForegroundActivity, mPermissionType:0
12-17 19:31:42.171  1795  3249 D PowerManagerService: ready=false,policy=3,wakefulness=1,wksummary=0x10,uasummary=0x1,bootcompleted=true,boostinprogress=false,waitmodeenable=false,mode=true,manual=33,auto=-1,adj=0.0userId=0
12-17 19:31:42.171  1795  3249 D PowerManagerService: Releasing suspend blocker "PowerManagerService.WakeLocks".
12-17 19:31:42.172   832   832 E Parcel  : Reading a NULL string not supported here.
12-17 19:31:42.172  1795  3249 I HwActivityManagerService: Split enqueueing broadcast [callerApp]:ProcessRecord{ec55919 3608:com.android.incallui/1001}
12-17 19:31:42.173  3608  3608 I InCall  : InCallActivity - onResume()...
12-17 19:31:42.174   832   832 E Parcel  : Reading a NULL string not supported here.
12-17 19:31:42.174  2852  2925 I EventCenter: ContentChange for slot: 1
12-17 19:31:42.174  2852  2925 I EventCenter: ContentChange for slot: 1
12-17 19:31:42.174  2852  2925 I EventCenter: ContentChange for slot: 1
12-17 19:31:42.174  2852  2925 I EventCenter: ContentChange for slot: 1
12-17 19:31:42.174  1795  1795 D DeviceIdleController: updateDisplayLocked: screenOn=true
12-17 19:31:42.174  1795  1795 I DeviceIdleController: becomeActiveLocked, reason = screen
12-17 19:31:42.175  1795  1795 I AlarmManager: remove(null) changed bounds; rebatching
12-17 19:31:42.175  3608  3608 I InCall  : InCallActivity - bgCallTwinkingSwitch is truemIsForegroundActivity is true
12-17 19:31:42.175  3608  3608 D InCall  : InCallPresenter - notifyInCallScreenIsForeground: true
12-17 19:31:42.175  3608  3608 I SendBroadcastPermission: action:InCallScreenIsForegroundActivity, mPermissionType:0
12-17 19:31:42.175  1795  1807 D DeviceIdleController: handleMessage(5)
12-17 19:31:42.175  1795  3237 I HwActivityManagerService: Split enqueueing broadcast [callerApp]:ProcessRecord{ec55919 3608:com.android.incallui/1001}
12-17 19:31:42.176  1795  1821 I ActivityManager_activity: windowsVisibleLocked(): ActivityRecord{b46dc67 u0 com.android.incallui/.InCallActivity t310} idle: false
12-17 19:31:42.177  1795  1795 D DeviceIdleController: stopMonitoringMotionLocked()
12-17 19:31:42.177  1795  1795 I AlarmManager: remove(null) changed bounds; rebatching
12-17 19:31:42.178  1795  1821 I WindowManger_keyguard: Setting mDismissKeyguard true by win Window{e6a6b5e u0 com.android.incallui/com.android.incallui.InCallActivity}
12-17 19:31:42.179  3608  3608 D InCall  : StatusBarNotifier - cancelInCall()...
12-17 19:31:42.180  1795 16500 D PowerManagerService: acquire lock=49877686, flags=0x1, tag="RILJ_ACK_WL", name=com.android.phone, ws=null, uid=1001, pid=3218
