12-17 19:31:51.141  1795  2668 D HwWifiP2pService: SleepPolicy:1
12-17 19:31:51.142   606  2379 E libteec : QSEECom_send_cmd return!
12-17 19:31:51.142   606  2379 E libteec : qsc_send_cmd finish
12-17 19:31:51.142   606  2379 E libteec : send data return = 128
12-17 19:31:51.142   835  2385 E libteec : receive data len = 128
12-17 19:31:51.142   835  2385 E libteec : begin
12-17 19:31:51.142   835  2385 E libteec : qsc_decode end
12-17 19:31:51.143  2852  2852 W KeyguardUpdateMonitor: onAuthenticationAcquired Fingerprint should stoped.2
12-17 19:31:51.143  2852  2852 V KeyguardUpdateMonitor: KGSvcFp onAuthenticationError.5
12-17 19:31:51.143  2852  2852 W KeyguardUpdateMonitor: Fingerprint RunningStateChanged. 10
12-17 19:31:51.143  2852  2852 W StatusBarWindowManager: Apply window Height 72
12-17 19:31:51.143  2852  2852 I StatusBarWindowManager: apply skiped :0
12-17 19:31:51.143  2852  2852 I PhoneStatusBar: setSystemUiVisibility vis=c0000300 mask=ffffffff oldVal=80000300 newVal=c0000300 diff=40000000
12-17 19:31:51.143  2852  2852 I BarTransitions.HwPhoneStatusBarView: transitionTo: mode=MODE_TRANSLUCENT, animate=false
12-17 19:31:51.144  2852  2852 D BarTransitions.HwPhoneStatusBarView: MODE_OPAQUE -> MODE_TRANSLUCENT animate=false
12-17 19:31:51.144  2852  2852 D BarTransitions.HwPhoneStatusBarView: applyModeBackground oldMode=MODE_OPAQUE newMode=MODE_TRANSLUCENT animate=false
12-17 19:31:51.144  2852  2852 I BarTransitions.HwNavigationBarView: transitionTo: mode=MODE_TRANSLUCENT, animate=false
12-17 19:31:51.144  2852  2852 I HwNavigationBarTransitions: transitionTo:mode=2, isEmuiStyle=false
12-17 19:31:51.144  2852  2852 I PhoneStatusBar: cancelAutohide
12-17 19:31:51.144  2852  2852 I PhoneStatusBar: notifyUiVisibilityChanged:vis=0xc0000300, SystemUiVisibility=0xc0000300
12-17 19:31:51.144  2852  2852 I PhoneStatusBar: setSystemUiVisibility vis=c0000600 mask=ffffffff oldVal=c0000300 newVal=c0000600 diff=500
12-17 19:31:51.145  2852  2852 I PhoneStatusBar: notifyUiVisibilityChanged:vis=0xc0000600, SystemUiVisibility=0xc0000600
12-17 19:31:51.145  2852  2852 I HwBrightnessController: onChange selfChange:false uri.toString():content://settings/system/screen_auto_brightness mIsObserveAutoBrightnessChange:true
12-17 19:31:51.145  1795  1821 I WindowManger_keyguard: Setting mDismissKeyguard true by win Window{e6a6b5e u0 com.android.incallui/com.android.incallui.InCallActivity}
12-17 19:31:51.146  1795  2671 D WifiStateMachine:  ConnectedState !CMD_SCREEN_STATE_CHANGED  rt=123024318/442847510 0 0
12-17 19:31:51.146  1795  2671 D WifiStateMachine:  L2ConnectedState !CMD_SCREEN_STATE_CHANGED  rt=123024318/442847510 0 0
12-17 19:31:51.146  1795  2671 D WifiStateMachine:  ConnectModeState !CMD_SCREEN_STATE_CHANGED  rt=123024318/442847510 0 0
12-17 19:31:51.146  1795  2671 D WifiStateMachine:  DriverStartedState !CMD_SCREEN_STATE_CHANGED  rt=123024318/442847510 0 0
12-17 19:31:51.147  1795  2671 D WifiStateMachine:  SupplicantStartedState !CMD_SCREEN_STATE_CHANGED  rt=123024318/442847510 0 0
12-17 19:31:51.147  1795  2671 D WifiStateMachine:  DefaultState !CMD_SCREEN_STATE_CHANGED  rt=123024318/442847510 0 0
12-17 19:31:51.147  1795  2671 D PowerManagerService: acquire lock=244575063, flags=0x1, tag="WifiSuspend", name=android, ws=null, uid=1000, pid=1795
12-17 19:31:51.147  1795  2671 D PowerManagerService: ready=true,policy=3,wakefulness=1,wksummary=0x11,uasummary=0x1,bootcompleted=true,boostinprogress=false,waitmodeenable=false,mode=true,manual=33,auto=-1,adj=0.0userId=0
12-17 19:31:51.147  2852  2852 I HwBrightnessUtils: APS brightness=14.0,ConvertToPercentage=0.16687968
12-17 19:31:51.147  2852  2852 I HwBrightnessUtils:  getSeekBarProgress isAutoMode:true current brightness:14 percentage:0.16687968
12-17 19:31:51.147  1795  2671 D PowerManagerService: Acquiring suspend blocker "PowerManagerService.WakeLocks".
12-17 19:31:51.147  2852  2852 I HwBrightnessController: updateSlider1 seekBarProgress:1669
12-17 19:31:51.147  2852  2852 I HwBrightnessController: updateSlider2 seekBarProgress:1669
12-17 19:31:51.147  2852  2852 I ToggleSlider:  mSeekListener onProgressChanged progress:1669 fromUser:false
12-17 19:31:51.147  2852  2852 I ToggleSlider:  mSeekListener onProgressChanged progress:1669 fromUser:false
12-17 19:31:51.148  1795  2671 I AlarmManager: remove(null) changed bounds; rebatching
12-17 19:31:51.149  1795  1795 D HwConnectivityService: mIntentReceiver begin
12-17 19:31:51.149  1795  1795 D HwKeyguardManagerImpl: isLockScreenDisabled HwKeyguardManagerImpl result = false
12-17 19:31:51.149  1795  1795 D HwConnectivityService: CtrlSocket Receiver,disable: false locked: true action: android.intent.action.SCREEN_OFF mSmartKeyguardLevel: normal_level mStartPowerSaving: false
12-17 19:31:51.149  1795  1795 D HwConnectivityService: receive screen off intent!
12-17 19:31:51.149  1795  1795 D HwConnectivityService: wifi tethering: false
12-17 19:31:51.149  1795  1795 D HwConnectivityService: Usb tethering: false
12-17 19:31:51.150  1795  1795 D HwConnectivityService: bt tethering: false
12-17 19:31:51.150  1795  1795 D HwConnectivityService: pluggedStatus: 0
12-17 19:31:51.150  1795  1795 D HwConnectivityService: is charging: false
12-17 19:31:51.150  2852  2852 I StackScrollAlgorithm: updateClipping isOverlap:false
12-17 19:31:51.150  2852  2852 I StackScrollAlgorithm: updateDimmedActivatedHideSensitive overlap:false
12-17 19:31:51.150  1795  2671 E WifiScanner: listener cannot be found
12-17 19:31:51.150  1795  2671 D WifiStateMachine:  ConnectedState CMD_ENABLE_RSSI_POLL  rt=123024322/442847514 0 0
12-17 19:31:51.150  1795  2671 D WifiStateMachine:  L2ConnectedState CMD_ENABLE_RSSI_POLL  rt=123024322/442847514 0 0
12-17 19:31:51.150  1795  2671 D WifiStateMachine:  ConnectedState CMD_SET_SUSPEND_OPT_ENABLED  rt=123024322/442847514 1 0
12-17 19:31:51.150  1795  2671 D WifiStateMachine:  L2ConnectedState CMD_SET_SUSPEND_OPT_ENABLED  rt=123024322/442847514 1 0
12-17 19:31:51.150  1795  2671 D WifiStateMachine:  ConnectModeState CMD_SET_SUSPEND_OPT_ENABLED  rt=123024322/442847514 1 0
12-17 19:31:51.150  1795  2671 D WifiStateMachine:  DriverStartedState CMD_SET_SUSPEND_OPT_ENABLED  rt=123024322/442847514 1 0
12-17 19:31:51.150  1795  2671 D WifiHW  : wifi_send_command: cmd:'IFNAME=wlan0 DRIVER SETSUSPENDMODE 1'
12-17 19:31:51.151  5215  5215 D wpa_supplicant: wlan0: Control interface command 'DRIVER SETSUSPENDMODE 1'
12-17 19:31:51.155  3218  3439 D PhoneInterfaceManager: [PhoneIntfMgr] getDataEnabled: subId=0 phoneId=0
12-17 19:31:51.156  3218  3439 D PhoneInterfaceManager: [PhoneIntfMgr] getDataEnabled: subId=0 retVal=false
12-17 19:31:51.156  1795  1795 D HwConnectivityService: CtrlSocket getMobileDataEnabled = false
12-17 19:31:51.158  1795  1795 I NotificationManager: mIntentReceiver-ACTION_SCREEN_OFF
12-17 19:31:51.158  1795  1795 I NotificationManager: updateLightsLocked,mInCall =true,mScreenOn = false,ledNotification == null?true
12-17 19:31:51.158  1795  1795 I NotificationManager: updateLightsLocked,turn off notificationLight
12-17 19:31:51.158  1795  1795 I Sensor  : turn off notificationLight due to incall or screenon
12-17 19:31:51.158  1795  1795 I Sensor  : updateLight --> mIsNotificationExisting: false ledOnMS: 0 ledOffMS :0
12-17 19:31:51.158  1795  1795 I Sensor  : updateLightsLocked --> level:78, status:3
12-17 19:31:51.158  1795  1795 I Sensor  : updateLightsLocked --> mBatteryLight.turnOff
12-17 19:31:51.161  1046  9752 V ThreadsEx: HDebug print the key screen_state
12-17 19:31:51.161  1046  9752 D audio_hw_primary: adev_set_parameters: enter: screen_state=off
12-17 19:31:51.161  1046  9752 I Huawei_audio_cust: huawei_audio huawei_choose_HandsFree_device_incall_forHWtest: test Type =4
12-17 19:31:51.161  1046  9752 I Huawei_audio_cust: huawei_audio huawei_choose_Handset_device_incall_forHWtest: test Type =4
12-17 19:31:51.161  1046  9752 I Huawei_audio_cust: get_spk_pa_type: pa is max98925
12-17 19:31:51.161  1046  9752 I Huawei_audio_cust: huawei_common_set_parameters: exit with code(0)
12-17 19:31:51.161  1046  9752 V Huawei_audio_cust: huawei_cust_set_parameters: exit with code(0)
12-17 19:31:51.161  1046  9752 V msm8916_platform: platform_set_parameters: enter: - screen_state=off
12-17 19:31:51.161  1046  9752 V msm8916_platform: platform_set_parameters: exit with code(0)
12-17 19:31:51.161  1046  9752 D audio_hw_extn: audio_extn_set_anc_parameters: anc_enabled:0
12-17 19:31:51.161  1046  9752 D audio_hw_spkr_prot: audio_extn_fbsp_set_parameters: Speaker protection disabled
12-17 19:31:51.161  1046  9752 V audio_hw_primary: adev_set_parameters: exit with code(0)
12-17 19:31:51.163  1795  1795 I AlarmManager: set(PendingIntent{2f9e644: PendingIntentRecord{527f32d android broadcastIntent}}) : type=2 triggerAtTime=447107527 win=300000 tElapsed=447107527 maxElapsed=447407527 interval=0 flags=0x8
12-17 19:31:51.166  1795  1795 D HwPFWLogger: PFW.HwPFWService:mBroadcastReceiver action = android.intent.action.SCREEN_OFF
12-17 19:31:51.166  1795  2708 D HwPFWLogger: PFW.HwPFWService:handle PFW_MSG_SYSTEM
12-17 19:31:51.166  1795  2708 D HwPFWLogger: PFW.HwPFWAppRestartPolicy:receive action = android.intent.action.SCREEN_OFF
12-17 19:31:51.168  1795  1795 D WifiService: onReceive, action:android.intent.action.SCREEN_OFF
12-17 19:31:51.169  1795  2670 D WifiController: DeviceActiveState{ when=0 what=155651 target=com.android.internal.util.StateMachine$SmHandler }
12-17 19:31:51.169  1795  2670 D WifiController: StaEnabledState what=155651
12-17 19:31:51.169  1795  2670 D WifiController: DefaultState what=155651
12-17 19:31:51.169  1795  2670 D WifiController: wifiSleepPolicy:1
12-17 19:31:51.169  1795  2670 D WifiController: set idle timer: 1800000 ms
12-17 19:31:51.169  1795  2670 I AlarmManager: set(PendingIntent{50e3a01: PendingIntentRecord{a8130a6 android broadcastIntent}}) : type=0 triggerAtTime=1481976111169 win=0 tElapsed=444647532 maxElapsed=444647532 interval=0 flags=0x9
12-17 19:31:51.170  1795  2332 I qti_sensors_hal: [ACC]processReportInd: X: 4.936734 Y: 7.425589 Z: 5.029627  x_offset:0.160831 y_offset:0.184366 z_offset:0.985027
12-17 19:31:51.172  5215  5215 D wpa_supplicant: wpa_driver_nl80211_driver_cmd SETSUSPENDMODE 1 len = 0, 4096
12-17 19:31:51.172  5215  5215 D wpa_supplicant: CTRL-DEBUG: global_ctrl_sock-sendto: sock=16 sndbuf=229376 outq=0 send_len=3
12-17 19:31:51.173  1795  2671 D PowerManagerService: release:lock=244575063, flg=0x0, tag="WifiSuspend", name=android", ws=null, uid=1000, pid=1795
12-17 19:31:51.173  1795  2671 D PowerManagerService: ready=true,policy=3,wakefulness=1,wksummary=0x10,uasummary=0x1,bootcompleted=true,boostinprogress=false,waitmodeenable=false,mode=true,manual=33,auto=-1,adj=0.0userId=0
12-17 19:31:51.173  1795  2671 D PowerManagerService: Releasing suspend blocker "PowerManagerService.WakeLocks".
12-17 19:31:51.176  1795  2736 E hwintelligencewifi:  DefaultState MSG_SCREEN_OFF mIsAutoOpenSearch = false
