12-17 19:40:06.538  1795  2778 D ApplicationPackageManager: queryIntentActivitiesAsUser size results:1, for package:com.tencent.mm
12-17 19:40:06.539  3879  4071 I HwLauncher: AllIdleAppsList  updatePackage : package[com.tencent.mm] matched activity's size is 1 and data List size is 69
12-17 19:40:06.541   816  1562 W SocketListener: sending broadcast to Pid = 1795, Uid = 1000 
12-17 19:40:06.543  1795  2665 D NetdConnector: RCV <- {613 IfaceClass idle 1 443197277453869}
12-17 19:40:06.545  1795  2665 D NetdConnector: RCV <- {613 IfaceClass idle 1 443197277453869}
12-17 19:40:06.548  1795  1819 D NetdConnector: RCV unsolicited event from native daemon, event = 613 IfaceClass idle 1 443197277453869
12-17 19:40:06.549  1795  1819 D NetworkManagement: notifyInterfaceClassActivity: client is com.android.server.net.NetworkStatsService$6@5d6efc
12-17 19:40:06.549  1795  1819 D NetworkManagement: notifyInterfaceClassActivity: client is android.net.ip.IpManager$2@4c99c84
12-17 19:40:06.549  1795  1819 D NetworkManagement: notifyInterfaceClassActivity: client is com.android.server.net.NetworkPolicyManagerService$13@4df0feb
12-17 19:40:06.549  1795  1819 D NetworkManagement: notifyInterfaceClassActivity: client is android.net.INetworkManagementEventObserver$Stub$Proxy@af226
12-17 19:40:06.550  1795  1819 D NetworkManagement: notifyInterfaceClassActivity: client is android.net.INetworkManagementEventObserver$Stub$Proxy@c0acf8b
12-17 19:40:06.550  1795  1813 E BatteryStatsService: no controller energy info supplied
12-17 19:40:06.551  1795  1819 D NetworkManagement: notifyInterfaceClassActivity: client is com.android.server.ConnectivityService$1@e0f099c
12-17 19:40:06.551  1795  1819 I SendBroadcastPermission: action:android.net.conn.DATA_ACTIVITY_CHANGE, mPermissionType:0
12-17 19:40:06.551  3879  4071 I HwResourcesImpl: load icon id : 7f020360, pkgName : com.tencent.mm
12-17 19:40:06.551  3879  4071 W CfgFilePolicy: No config file found for:/themes/diff/icons
12-17 19:40:06.551  3879  4071 W CfgFilePolicy: CFG_DIRS length : 9
12-17 19:40:06.551  1795  1819 D NetworkManagement: notifyInterfaceClassActivity: client is com.android.server.connectivity.Vpn$2@e40aefb
12-17 19:40:06.551  3879  4071 I HwResourcesImpl: icon : com.tencent.mm found in app
12-17 19:40:06.551  1795  1819 D NetworkManagement: notifyInterfaceClassActivity: client is com.android.server.ethernet.EthernetNetworkFactory$InterfaceObserver@fccfd35
12-17 19:40:06.551  1795  1819 D NetworkManagement: notifyInterfaceClassActivity: client is com.android.server.connectivity.Tethering@ff4a50f
12-17 19:40:06.553  3879  4071 E HW-JPEG-DEC: [HME_JPEG_DEC_Delete](3298): HME_JPEG_DEC_Delete: decoder_ctx=null
12-17 19:40:06.562  3879  4071 I HwLauncher: Launcher.IconCache, cacheLocked  Utilities.createIconBitmap entry.title = 微信 ComponentName:ComponentInfo{com.tencent.mm/com.tencent.mm.ui.LauncherUI} user:UserHandle{0}
12-17 19:40:06.562  3879  4071 D HwLauncher: Launcher.LauncherProvider  launcher-restore query - uri:content://com.huawei.android.launcher.settings/badge
12-17 19:40:06.565  3879  4071 I HwLauncher: Launcher.LauncherProvider  queried count: 1
12-17 19:40:06.566  3879  4071 I HwLauncher: BadgeContentObserver  getBadgeNumber: 4 mComponentName :ComponentInfo{com.tencent.mm/com.tencent.mm.ui.LauncherUI}
12-17 19:40:06.567  3879  4071 E HW-JPEG-DEC: [HME_JPEG_DEC_Delete](3298): HME_JPEG_DEC_Delete: decoder_ctx=null
12-17 19:40:06.569  3879  4071 I HwLauncher: Launcher.Utilities  unread scaledHeight = 55;sBigIconSize = 175
12-17 19:40:06.569  3879  4071 I HwLauncher: Workspace  The same unread count.
12-17 19:40:06.569  3879  4071 I HwLauncher: Workspace updateCustomizeShortcuts view invalidate ShortcutInfo(title=微信)
12-17 19:40:06.569  3879  3879 I HwLauncher: Launcher.Folder childCount: 7
12-17 19:40:06.569  3879  4071 D HwLauncher: Launcher.LauncherProvider  launcher-restore query - uri:content://com.huawei.android.launcher.settings/badge
12-17 19:40:06.569  3879  3879 I HwLauncher: Launcher.Folder childCount: 2
12-17 19:40:06.570  3879  3879 I HwLauncher: Launcher.Folder childCount: 6
12-17 19:40:06.570  3879  3879 I HwLauncher: Launcher.Folder childCount: 3
12-17 19:40:06.571  3879  4071 I HwLauncher: Launcher.LauncherProvider  queried count: 1
12-17 19:40:06.572  3879  4071 I HwLauncher: BadgeContentObserver  getBadgeNumber: 4 mComponentName :ComponentInfo{com.tencent.mm/com.tencent.mm.ui.LauncherUI}
12-17 19:40:06.574  3879  4071 I HwLauncher: Launcher.Utilities  unread scaledHeight = 55;sBigIconSize = 175
12-17 19:40:06.591   597   780 I rmt_storage: rmt_storage_client_thread: /boot/modem_fs2: clnt_h=0x128: req_h=0x128 msg_id=3: Bytes written = 1572864
12-17 19:40:06.591   597   780 I rmt_storage: rmt_storage_client_thread: /boot/modem_fs2: clnt_h=0x128: req_h=0x128 msg_id=3: Send response: res=0 err=0
12-17 19:40:06.591   597   780 I rmt_storage: rmt_storage_client_thread: /boot/modem_fs2: clnt_h=0x128 About to block rmt_storage client thread (th_id: 547747263568) wakelock released: 1, error no: 0
12-17 19:40:06.591   597   780 I rmt_storage: 
12-17 19:40:06.594   597   597 I rmt_storage: rmt_storage_disconnect_cb: clnt_h=0x128 conn_h=0x7f8862a370
12-17 19:40:06.691  1795  1795 I TrafficMonitor: expired arrive. level:-1
12-17 19:40:06.691  1795  1795 I TrafficMonitor: during_ms:2005,period_ms:2000
12-17 19:40:06.691  1795  1795 I TrafficMonitor: count:117,rx_sum:4,tx_sum:4,rxBytes:925,during_ms:2005,rx_speed:461.3466334164589,tx_speed:245.38653366583543,rto:1.0
12-17 19:40:06.691  1795  1795 D HuaweiWifiWatchdogStateMachine: speed: rxpkt:4, rxSpd:461B/s, txpkt:4, txSpd:245
12-17 19:40:06.743  7741  7758 D TmoMonitor: Cache monitor msg as screen_off
12-17 19:40:23.237   835  2385 D fpc_fingerprint_hal: wait_finger_down, took 267416 ms
12-17 19:40:23.237   835  2385 D fpc_fingerprint_hal: capture_image POWERPUSH speed up
12-17 19:40:23.237   835  2385 D fingerprintd: onAcquired(2002)
12-17 19:40:23.238  1795  3110 W FingerprintService: onAcquired 1
12-17 19:40:23.238  1795  3110 D FpDataCollector: receive finger press down
12-17 19:40:23.239  1795  2323 D HwBatteryService: onUEvent fcpStatus = 0,scpStatus =0,ovpStatus=0
12-17 19:40:23.240  1795  2376 I AlarmManager: sending alarm Alarm{123b96c type 3 when 443156364 android},repeatInterval = 0,listenerTag =time_tick
12-17 19:40:23.241  1795  2323 E UsbDeviceManager: Error reading charge file
12-17 19:40:23.241  1795  2323 E UsbDeviceManager: java.io.FileNotFoundException: sys/class/hw_power/charger/charge_data/water_intrused (No such file or directory)
12-17 19:40:23.241  1795  2323 E UsbDeviceManager: 	at java.io.FileInputStream.open(Native Method)
12-17 19:40:23.241  1795  2323 E UsbDeviceManager: 	at java.io.FileInputStream.<init>(FileInputStream.java:146)
12-17 19:40:23.241  1795  2323 E UsbDeviceManager: 	at android.os.FileUtils.readTextFile(FileUtils.java:267)
12-17 19:40:23.241  1795  2323 E UsbDeviceManager: 	at com.android.server.usb.UsbDeviceManager$2.onUEvent(UsbDeviceManager.java:328)
12-17 19:40:23.241  1795  2323 E UsbDeviceManager: 	at android.os.UEventObserver$UEventThread.sendEvent(UEventObserver.java:210)
12-17 19:40:23.241  1795  2323 E UsbDeviceManager: 	at android.os.UEventObserver$UEventThread.run(UEventObserver.java:187)
12-17 19:40:23.241  3180  3578 I ash     :  ignore audio app: com.tencent.mm stop delta time:30131953
12-17 19:40:23.241  1795  2376 I ActivityManager_broadcast: Enqueueing ordered broadcast[foreground] BroadcastRecord{da674cf u-1 android.intent.action.TIME_TICK}: prev had 0
12-17 19:40:23.241  1795  2323 D HwBatteryService: onUEvent fcpStatus = 0,scpStatus =0,ovpStatus=0
12-17 19:40:23.241  1795  1808 I ActivityManager_broadcast: dispatch ordered broadcast [foreground] BroadcastRecord{da674cf u-1 android.intent.action.TIME_TICK}, has 11 receivers
12-17 19:40:23.241  1795  2326 W FingerprintService: onAcquired 2
12-17 19:40:23.242  2852  2852 V KeyguardUpdateMonitor: KGSvcFp onAuthenticationAcquired.2002
12-17 19:40:23.242  1795  2376 D PowerManagerService: ready=true,policy=0,wakefulness=0,wksummary=0x1,uasummary=0x0,bootcompleted=true,boostinprogress=false,waitmodeenable=false,mode=true,manual=33,auto=-1,adj=0.0userId=0
12-17 19:40:23.242  1795  1795 V AlarmManager: Received TIME_TICK alarm; rescheduling
12-17 19:40:23.242  1795  2376 D PowerManagerService: Acquiring suspend blocker "PowerManagerService.WakeLocks".
12-17 19:40:23.242  1795  1795 I AlarmManager: scheduleTimeTickEvent triggerAtTime = 443396363
12-17 19:40:23.242  1795  2323 E UsbDeviceManager: Error reading charge file
12-17 19:40:23.242  1795  2323 E UsbDeviceManager: java.io.FileNotFoundException: sys/class/hw_power/charger/charge_data/water_intrused (No such file or directory)
12-17 19:40:23.242  1795  2323 E UsbDeviceManager: 	at java.io.FileInputStream.open(Native Method)
12-17 19:40:23.242  1795  2323 E UsbDeviceManager: 	at java.io.FileInputStream.<init>(FileInputStream.java:146)
12-17 19:40:23.242  1795  2323 E UsbDeviceManager: 	at android.os.FileUtils.readTextFile(FileUtils.java:267)
12-17 19:40:23.242  1795  2323 E UsbDeviceManager: 	at com.android.server.usb.UsbDeviceManager$2.onUEvent(UsbDeviceManager.java:328)
12-17 19:40:23.242  1795  2323 E UsbDeviceManager: 	at android.os.UEventObserver$UEventThread.sendEvent(UEventObserver.java:210)
12-17 19:40:23.242  1795  2323 E UsbDeviceManager: 	at android.os.UEventObserver$UEventThread.run(UEventObserver.java:187)
12-17 19:40:23.242  1795 16500 D FingerprintService:  Remaining Num Attempts = 5
12-17 19:40:23.243  2852  2852 W KG_FP.Utils: Fast TurnonScreen start
12-17 19:40:23.244  1795 11746 D HwPowerManagerService: startWakeUpReadyInternal, mBrightnessWaitModeEnabled = false
12-17 19:40:23.244  1795 11746 D HwPowerManagerService: wakeUpNoUpdateWithoutInteractiveLocked: eventTime=123161793, uid=10033
12-17 19:40:23.244  1795 11746 I HwPowerManagerService: Waking up from sleep (uid 10033)...
12-17 19:40:23.244  1795 11746 I PowerManager_screenOn: PowerManagerNotifier onWakeUp: event=startWakeUpReady, reasonUid=10033 opPackageName=com.android.systemui opUid=10033
12-17 19:40:23.244  1795 11746 D PowerManagerService: userActivityNoUpdateLocked: eventTime=123161793, event=0, flags=0x0, uid=10033
12-17 19:40:23.245  1795 11746 I PowerManager_screenOn: PowerManagerNotifier onUserActivity: event=0, uid=10033
12-17 19:40:23.245  1795 11746 D PowerManagerService: setColorTemperatureAccordingToSetting
12-17 19:40:23.245  1795 11746 D HwPowerManagerService: setColorTemperatureAccordingToSetting
12-17 19:40:23.245  1795 11746 D HwPowerManagerService: isDisplayFeatureSupported feature:1
12-17 19:40:23.245  1795 11746 D HW_DISPLAY_EFFECT: hw_get_smart_display_supported: start++
12-17 19:40:23.245  1795 11746 D HW_DISPLAY_EFFECT: hw_get_smart_display_supported: end--
12-17 19:40:23.245  1795 11746 D HWPowerManger_JNI: Surport 3 dimension color temperature.
12-17 19:40:23.245  1795 11746 D HwPowerManagerService: setColorTemperatureAccordingToSetting new.
12-17 19:40:23.245  1795 11746 D HwPowerManagerService: ColorTemperature read from old setting:128
12-17 19:40:23.245  1795 11746 D HwPowerManagerService: setColorTemperature:128
12-17 19:40:23.245  1795 11746 D HW_DISPLAY_EFFECT: hw_set_colortemperature: start++
12-17 19:40:23.245  1795 11746 W HW_DISPLAY_EFFECT: Warning: hw_set_colortemperature is COLOR_TEMP_2_DIMENSION interface, not supported presently.
