12-17 19:35:10.649  2852  2852 I HwBrightnessController: updateSlider2 seekBarProgress:2651
12-17 19:35:10.650  2852  2852 I ToggleSlider:  mSeekListener onProgressChanged progress:2651 fromUser:false
12-17 19:35:10.650  2852  2852 I ToggleSlider:  mSeekListener onProgressChanged progress:2651 fromUser:false
12-17 19:35:10.661  1795  2750 D HW_DISPLAY_EFFECT: presently, hw_update_color_temp_for_rg_led interface not achieved.
12-17 19:35:10.677  1795  2750 D HW_DISPLAY_EFFECT: presently, hw_update_color_temp_for_rg_led interface not achieved.
12-17 19:35:10.694  1795  2750 D HW_DISPLAY_EFFECT: presently, hw_update_color_temp_for_rg_led interface not achieved.
12-17 19:35:10.711  1795  2750 D HW_DISPLAY_EFFECT: presently, hw_update_color_temp_for_rg_led interface not achieved.
12-17 19:35:10.728  1795  2750 D HW_DISPLAY_EFFECT: presently, hw_update_color_temp_for_rg_led interface not achieved.
12-17 19:35:10.730  2852  2925 I EventCenter: ContentChange for slot: 1
12-17 19:35:10.731  2852  2852 I HwBrightnessController: onChange selfChange:false uri.toString():content://settings/system/screen_auto_brightness mIsObserveAutoBrightnessChange:true
12-17 19:35:10.733  2852  2852 I HwBrightnessUtils: APS brightness=26.0,ConvertToPercentage=0.25860584
12-17 19:35:10.734  2852  2852 I HwBrightnessUtils:  getSeekBarProgress isAutoMode:true current brightness:26 percentage:0.25860584
12-17 19:35:10.734  2852  2852 I HwBrightnessController: updateSlider1 seekBarProgress:2586
12-17 19:35:10.734  2852  2852 I HwBrightnessController: updateSlider2 seekBarProgress:2586
12-17 19:35:10.734  2852  2852 I ToggleSlider:  mSeekListener onProgressChanged progress:2586 fromUser:false
12-17 19:35:10.734  2852  2852 I ToggleSlider:  mSeekListener onProgressChanged progress:2586 fromUser:false
12-17 19:35:10.744  1795  2750 D HW_DISPLAY_EFFECT: presently, hw_update_color_temp_for_rg_led interface not achieved.
12-17 19:35:10.760  1795  2750 D HW_DISPLAY_EFFECT: presently, hw_update_color_temp_for_rg_led interface not achieved.
12-17 19:35:10.777  1795  2750 D HW_DISPLAY_EFFECT: presently, hw_update_color_temp_for_rg_led interface not achieved.
12-17 19:35:10.793  1795  2750 D HW_DISPLAY_EFFECT: presently, hw_update_color_temp_for_rg_led interface not achieved.
12-17 19:35:10.809  1795  2750 D HW_DISPLAY_EFFECT: presently, hw_update_color_temp_for_rg_led interface not achieved.
12-17 19:35:10.811  2852  2852 I HwBrightnessController: onChange selfChange:false uri.toString():content://settings/system/screen_auto_brightness mIsObserveAutoBrightnessChange:true
12-17 19:35:10.811  2852  2925 I EventCenter: ContentChange for slot: 1
12-17 19:35:10.813  2852  2852 I HwBrightnessUtils: APS brightness=25.0,ConvertToPercentage=0.25200793
12-17 19:35:10.813  2852  2852 I HwBrightnessUtils:  getSeekBarProgress isAutoMode:true current brightness:25 percentage:0.25200793
12-17 19:35:10.813  2852  2852 I HwBrightnessController: updateSlider1 seekBarProgress:2520
12-17 19:35:10.813  2852  2852 I HwBrightnessController: updateSlider2 seekBarProgress:2520
12-17 19:35:10.813  2852  2852 I ToggleSlider:  mSeekListener onProgressChanged progress:2520 fromUser:false
12-17 19:35:10.814  2852  2852 I ToggleSlider:  mSeekListener onProgressChanged progress:2520 fromUser:false
12-17 19:35:10.826  1795  2750 I HwLightsService: back light level before map = 1005
12-17 19:35:10.827  1795  2750 D HW_DISPLAY_EFFECT: presently, hw_update_color_temp_for_rg_led interface not achieved.
12-17 19:35:10.839  1795  2748 D HwAmbientLuxFilterAlgo: t=123108456,BT=123109456,DT=123112456,BT1=123112456,DT1=123116456,Bn=false,Dn=false,lx=[2.0/123106949, 2.0/123107253, 2.0/123107554, 2.0/123107854, 2.0/123108155, 2.0/123108456],mLx=2.0,s=5.0,ss=34.375854,AuIntervened=false,mProximityState=false,bLux=9.6,dLux=0.0,bLux1=9.6,dLux1=0.0
12-17 19:35:10.843  1795  2750 D HW_DISPLAY_EFFECT: presently, hw_update_color_temp_for_rg_led interface not achieved.
12-17 19:35:10.847  1795  2344 I qti_sensors_hal: processInd: STEP COUNTER: steps 65626, running_total 61375 SAM TS: 1632888330 HAL TS:443047116374354 elapsedRealtimeNano:443047210866631
12-17 19:35:10.848  5224  5224 I Step_LSC: 20002302|onStandStepChanged 65625
12-17 19:35:10.849  5224  5224 I Step_LSC: 20002302|compensate received
12-17 19:35:10.850  5224  5224 I Step_LSC: 20002302|onStandStepChanged 65626
12-17 19:35:10.850  5224  5224 I Step_LSC: 20002302|compensate received
12-17 19:35:10.852  5224  5283 I Step_DataCache: 20002302|getTodayTotalSteps 4249
12-17 19:35:10.853  5224  5283 I Step_ExtendStepDataManager: 20002302|before compensate: cache step_4249
12-17 19:35:10.853  1795  1795 I TrafficMonitor: update:rxPkts:0,txPkts:0,rxBytes:0,txBytes:0
12-17 19:35:10.853  1795  1795 I TrafficMonitor: start expired. level:-1
12-17 19:35:10.853  1795  1795 I TrafficMonitor: gettimer:interval=2000
12-17 19:35:10.856  5224  5283 I Step_DataCache: 20002302|getTodayTotalSteps 4249
12-17 19:35:10.857  5224  5283 I Step_ExtendStepDataManager: 20002302|compensate 24699575 13
12-17 19:35:10.860  1795  2750 D HW_DISPLAY_EFFECT: presently, hw_update_color_temp_for_rg_led interface not achieved.
12-17 19:35:10.862  5224  5283 I Step_DataCache: 20002302|getTodayTotalSteps 4250
12-17 19:35:10.863  5224  5283 I Step_ExtendStepDataManager: 20002302|after compensate: cache step_4250
12-17 19:35:10.866  5224  5283 I Step_DataCache: 20002302|getTodayTotalSteps 4250
12-17 19:35:10.868  5224  5283 I Step_ExtendStepDataManager: 20002302|before compensate: cache step_4250
12-17 19:35:10.871  5224  5283 I Step_DataCache: 20002302|getTodayTotalSteps 4250
12-17 19:35:10.872  5224  5283 I Step_ExtendStepDataManager: 20002302|compensate 24699575 14
12-17 19:35:10.877  1795  2750 D HW_DISPLAY_EFFECT: presently, hw_update_color_temp_for_rg_led interface not achieved.
12-17 19:35:10.877  5224  5283 I Step_DataCache: 20002302|getTodayTotalSteps 4251
12-17 19:35:10.879  5224  5283 I Step_ExtendStepDataManager: 20002302|after compensate: cache step_4251
12-17 19:35:10.880   533  3739 E ANDR-PERF-MPCTL: Invalid profile no. 0, total profiles 0 only
12-17 19:35:10.892  1795  2750 D HW_DISPLAY_EFFECT: presently, hw_update_color_temp_for_rg_led interface not achieved.
12-17 19:35:10.893  2852  2925 I EventCenter: ContentChange for slot: 1
12-17 19:35:10.894  2852  2852 I HwBrightnessController: onChange selfChange:false uri.toString():content://settings/system/screen_auto_brightness mIsObserveAutoBrightnessChange:true
12-17 19:35:10.895  2852  2852 I HwBrightnessUtils: APS brightness=24.0,ConvertToPercentage=0.24526884
12-17 19:35:10.895  2852  2852 I HwBrightnessUtils:  getSeekBarProgress isAutoMode:true current brightness:24 percentage:0.24526884
12-17 19:35:10.895  2852  2852 I HwBrightnessController: updateSlider1 seekBarProgress:2453
12-17 19:35:10.895  2852  2852 I HwBrightnessController: updateSlider2 seekBarProgress:2453
12-17 19:35:10.895  2852  2852 I ToggleSlider:  mSeekListener onProgressChanged progress:2453 fromUser:false
12-17 19:35:10.895  2852  2852 I ToggleSlider:  mSeekListener onProgressChanged progress:2453 fromUser:false
12-17 19:35:10.908  1795  2750 D HW_DISPLAY_EFFECT: presently, hw_update_color_temp_for_rg_led interface not achieved.
12-17 19:35:10.925  1795  2750 D HW_DISPLAY_EFFECT: presently, hw_update_color_temp_for_rg_led interface not achieved.
12-17 19:35:10.941  1795  2750 D HW_DISPLAY_EFFECT: presently, hw_update_color_temp_for_rg_led interface not achieved.
12-17 19:35:10.950  5224  5283 I Step_LSC: 20002302|REPORT : 4251 90725 3025 0
12-17 19:35:10.950  5224  5283 I SendBroadcastPermission: action:android.com.huawei.bone.NOTIFY_SPORT_DATA, mPermissionType:0
12-17 19:35:10.951  5224  5283 I SendBroadcastPermission: action:android.com.huawei.bone.NOTIFY_SPORT_DATA, mPermissionType:0
12-17 19:35:10.953  1795 16498 I HwActivityManagerService: Split enqueueing broadcast [callerApp]:ProcessRecord{580cfb2 5224:com.huawei.health:DaemonService/u0a99}
12-17 19:35:10.954  2852  2852 I EventCenter: EventCenter Get :android.com.huawei.bone.NOTIFY_SPORT_DATA
12-17 19:35:10.954  2852  2852 D StepCounterView: onStepCounterChange stepsNum:4251
12-17 19:35:10.955  5224  5283 I Step_HSNH: 20002302|upDateHealthNotification()|91|3.03|4251
12-17 19:35:10.956  5224  5283 I Step_HSNH: 20002302|rebuild notification
12-17 19:35:10.958  1795  2750 D HW_DISPLAY_EFFECT: presently, hw_update_color_temp_for_rg_led interface not achieved.
12-17 19:35:10.959  2852  2925 I EventCenter: ContentChange for slot: 1
12-17 19:35:10.960  2852  2852 I HwBrightnessController: onChange selfChange:false uri.toString():content://settings/system/screen_auto_brightness mIsObserveAutoBrightnessChange:true
12-17 19:35:10.960  1795  3884 I NotificationManager: enqueueNotificationInternal: pkg=com.huawei.health id=10010 notification=Notification(pri=0 contentView=null vibrate=null sound=null defaults=0x0 flags=0x2 color=0x00000000 vis=PRIVATE)
12-17 19:35:10.961  2852  2852 I HwBrightnessUtils: APS brightness=23.0,ConvertToPercentage=0.23837823
12-17 19:35:10.961  2852  2852 I HwBrightnessUtils:  getSeekBarProgress isAutoMode:true current brightness:23 percentage:0.23837823
12-17 19:35:10.961  2852  2852 I HwBrightnessController: updateSlider1 seekBarProgress:2384
12-17 19:35:10.961  2852  2852 I HwBrightnessController: updateSlider2 seekBarProgress:2384
12-17 19:35:10.961  2852  2852 I ToggleSlider:  mSeekListener onProgressChanged progress:2384 fromUser:false
12-17 19:35:10.961  1795  1795 I NotificationManager: enqueueNotificationInternal: n.getKey = 0|com.huawei.health|10010|null|10099
12-17 19:35:10.961  2852  2852 I ToggleSlider:  mSeekListener onProgressChanged progress:2384 fromUser:false
12-17 19:35:10.962  1795  1795 V NotificationService: disableEffects=null canInterrupt=false once update: false
12-17 19:35:10.964  2852  2852 I StatusBar: onNotificationPosted: StatusBarNotification(pkg=com.huawei.health user=UserHandle{0} id=10010 tag=null key=0|com.huawei.health|10010|null|10099: Notification(pri=0 contentView=null vibrate=null sound=null defaults=0x0 flags=0x62 color=0x00000000 vis=PRIVATE)) important=2, post=1481974510960, when=1481531589202, vis=0, userid=0
12-17 19:35:10.965  2852  2852 D StatusBar: updateNotification(StatusBarNotification(pkg=com.huawei.health user=UserHandle{0} id=10010 tag=null key=0|com.huawei.health|10010|null|10099: Notification(pri=0 contentView=null vibrate=null sound=null defaults=0x0 flags=0x62 color=0x00000000 vis=PRIVATE)))
12-17 19:35:10.965  2852  2852 D HwCust  : Create obj success use class android.app.HwCustNotificationImpl
12-17 19:35:10.966  2852  2852 I StatusBarIconView: updateTint: tint=0
12-17 19:35:10.967  2852  2852 D StatusBar: No peeking: unimportant notification: 0|com.huawei.health|10010|null|10099
12-17 19:35:10.967  2852  2852 D StatusBar: applyInPlace=true shouldPeek=false alertAgain=true
12-17 19:35:10.967  2852  2852 I NotificationGroupManager: onEntryUpdated:0|com.huawei.health|10010|null|10099
12-17 19:35:10.967  2852  2852 I NotificationGroupManager: onEntryAdded:0|com.huawei.health|10010|null|10099, group=0|com.huawei.health|10010|null|10099
12-17 19:35:10.967  2852  2852 D StatusBar: reusing notification for key: 0|com.huawei.health|10010|null|10099
12-17 19:35:10.967  2852  2852 D HwCust  : Create obj success use class android.app.HwCustNotificationImpl
12-17 19:35:10.967  2852  2852 D HwCust  : Create obj success use class android.app.HwCustNotificationImpl
12-17 19:35:10.968  2852  2852 I StatusBarIconView: updateTint: tint=0
