12-17 19:32:07.855  1795  3249 D PowerManagerService: ready=false,policy=0,wakefulness=0,wksummary=0x11,uasummary=0x0,bootcompleted=true,boostinprogress=false,waitmodeenable=false,mode=true,manual=33,auto=-1,adj=0.0userId=0
12-17 19:32:07.855  2852  2852 I StatusBarIconView: updateTint: tint=0
12-17 19:32:07.855  2852  2852 I BadgedIconHelper: isCloneProcess = false
12-17 19:32:07.855  2852  2852 I StatusBarIconView: updateTint: tint=0
12-17 19:32:07.856  2852  2852 I BadgedIconHelper: isCloneProcess = false
12-17 19:32:07.856  2852  2852 D HwCust  : Create obj success use class android.app.HwCustNotificationImpl
12-17 19:32:07.857  1795  1805 D PowerManagerService: ready=false,policy=0,wakefulness=0,wksummary=0x10,uasummary=0x0,bootcompleted=true,boostinprogress=false,waitmodeenable=false,mode=true,manual=33,auto=-1,adj=0.0userId=0
12-17 19:32:07.857  1795  1805 D PowerManagerService: Releasing suspend blocker "PowerManagerService.WakeLocks".
12-17 19:32:07.859  2852  2852 I BadgedIconHelper: isCloneProcess = false
12-17 19:32:07.859  3608  3608 I InCall  : CallList - hasAnyLiveCall call = [Call_10, ACTIVE, [Capabilities: CAPABILITY_HOLD CAPABILITY_SUPPORT_HOLD CAPABILITY_MUTE CAPABILITY_CANNOT_DOWNGRADE_VIDEO_TO_AUDIO], children:[], parent:null, conferenceable:[], videoState:Audio Only, mSessionModificationState:0, VideoSettings:(CameraDir:-1)]
12-17 19:32:07.859  3608  3608 I InCall  : ProximitySensor - isDisplayOn: false
12-17 19:32:07.859  2852  2852 D HwCust  : Create obj success use class android.app.HwCustNotificationImpl
12-17 19:32:07.859  1795 17831 I qti_sensors_hal: batch,376,handle 0, timeout:0 ,period_ns:66667000
12-17 19:32:07.859  1795 17831 I qti_sensors_hal: batch:sensor(android.sensor.accelerometer) handle:0 flags:0x0 period_ns 66667000
12-17 19:32:07.862  2852  2852 D HwCust  : Create obj success use class android.app.HwCustNotificationImpl
12-17 19:32:07.862  2852  2852 I StatusBarIconView: updateTint: tint=1
12-17 19:32:07.863  2852  2852 D HwCust  : Create obj success use class com.android.systemui.statusbar.HwCustExpandableNotificationRowImpl
12-17 19:32:07.870  2852  2852 W HwPhoneLayoutInflater: onCreateView : ClassNotFoundException, In this case we want to let the base class take a crack at it
12-17 19:32:07.870  2852  2852 W HwPhoneLayoutInflater: onCreateView : ClassNotFoundException, In this case we want to let the base class take a crack at it
12-17 19:32:07.875  2852  2852 W HwPhoneLayoutInflater: onCreateView : ClassNotFoundException, In this case we want to let the base class take a crack at it
12-17 19:32:07.875  2852  2852 W HwPhoneLayoutInflater: onCreateView : ClassNotFoundException, In this case we want to let the base class take a crack at it
12-17 19:32:07.876  1795 17831 I qti_sensors_hal: read from oem info: data_readback
12-17 19:32:07.876  1795 17831 I qti_sensors_hal: 0xcd, 0xb0, 0x24, 0x3e
12-17 19:32:07.876  1795 17831 I qti_sensors_hal: 0x66, 0xca, 0x3c, 0x3e
12-17 19:32:07.876  1795 17831 I qti_sensors_hal: 0xc0, 0x2a, 0x7c, 0x3f
12-17 19:32:07.876  1795 17831 I qti_sensors_hal: 0x55, 0x0, 0x0, 0x0
12-17 19:32:07.876  1795 17831 I qti_sensors_hal: 0x0, 0x0, 0x0, 0x0
12-17 19:32:07.876  1795 17831 E qti_sensors_hal: read from oem info: data_valid_flag=0x55
12-17 19:32:07.876  1795 17831 E qti_sensors_hal: read from oem info: x_offset=0.160831, y_offset=0.184366, z_offset=0.985027
12-17 19:32:07.876  1795 17831 E qti_sensors_hal: Final value: x_offset=0.160831, y_offset=0.184366, z_offset=0.985027
12-17 19:32:07.876  1795 17831 I qti_sensors_hal: batch:load_acc_oeminf_data x_offset:0.160831 y_offset:0.184366 z_offset:0.985027
12-17 19:32:07.876  1795 17831 I qti_sensors_hal: batch:sensor(android.sensor.accelerometer) sample_rate=14.999925Hz report_rate_f=0.000000Hz curr sample rate:14.999925 cur rpt rate:0 max:400.000000 min:1.000000
12-17 19:32:07.876  1795 17831 I qti_sensors_hal: batch: current sample rate, report rate & buffering are equal to requested (14.999925,0.000000,0)
12-17 19:32:07.882  2852  2852 W HwPhoneLayoutInflater: onCreateView : ClassNotFoundException, In this case we want to let the base class take a crack at it
12-17 19:32:07.882  2852  2852 W HwPhoneLayoutInflater: onCreateView : ClassNotFoundException, In this case we want to let the base class take a crack at it
12-17 19:32:07.885  2852  2852 W HwPhoneLayoutInflater: onCreateView : ClassNotFoundException, In this case we want to let the base class take a crack at it
12-17 19:32:07.886  2852  2852 W HwPhoneLayoutInflater: onCreateView : ClassNotFoundException, In this case we want to let the base class take a crack at it
12-17 19:32:07.891  2852  2852 W HwPhoneLayoutInflater: onCreateView : ClassNotFoundException, In this case we want to let the base class take a crack at it
12-17 19:32:07.892  2852  2852 W HwPhoneLayoutInflater: onCreateView : ClassNotFoundException, In this case we want to let the base class take a crack at it
12-17 19:32:07.898  2852  2852 W HwPhoneLayoutInflater: onCreateView : ClassNotFoundException, In this case we want to let the base class take a crack at it
12-17 19:32:07.899  2852  2852 W HwPhoneLayoutInflater: onCreateView : ClassNotFoundException, In this case we want to let the base class take a crack at it
12-17 19:32:07.910  2852  2852 W HwPhoneLayoutInflater: onCreateView : ClassNotFoundException, In this case we want to let the base class take a crack at it
12-17 19:32:07.911  2852  2852 W HwPhoneLayoutInflater: onCreateView : ClassNotFoundException, In this case we want to let the base class take a crack at it
12-17 19:32:07.915  2852  2852 W HwPhoneLayoutInflater: onCreateView : ClassNotFoundException, In this case we want to let the base class take a crack at it
12-17 19:32:07.917  2852  2852 W HwPhoneLayoutInflater: onCreateView : ClassNotFoundException, In this case we want to let the base class take a crack at it
12-17 19:32:07.919  1795  2332 I qti_sensors_hal: [ACC]processReportInd: X: 9.466229 Y: 7.181723 Z: 0.933864  x_offset:0.160831 y_offset:0.184366 z_offset:0.985027
12-17 19:32:07.980  1795  2332 I qti_sensors_hal: [ACC]processReportInd: X: 8.030438 Y: 6.791358 Z: 1.929172  x_offset:0.160831 y_offset:0.184366 z_offset:0.985027
12-17 19:32:08.042  1795  2332 I qti_sensors_hal: [ACC]processReportInd: X: 6.869718 Y: 6.799857 Z: 3.308084  x_offset:0.160831 y_offset:0.184366 z_offset:0.985027
12-17 19:32:08.048  3608  3608 D InCall  : InCallPresenter - notifyInCallScreenIsForeground: false
12-17 19:32:08.049  3608  3608 I SendBroadcastPermission: action:InCallScreenIsForegroundActivity, mPermissionType:0
12-17 19:32:08.061  1795  2750 D SurfaceControl: Excessive delay in setPowerMode(): 217ms
12-17 19:32:08.061  1795  2750 D PowerManagerService: Setting HAL interactive mode to false
12-17 19:32:08.061  1795  2750 I QTI PowerHAL: Got set_interactive hint
12-17 19:32:08.062   533  3739 E ANDR-PERF-MPCTL: Invalid profile no. 0, total profiles 0 only
12-17 19:32:08.062   625   718 E libnav  : AbaSuspend skips CABL deactivate: state was 3
12-17 19:32:08.063  1795  2750 D libfingersense_wrapper: Calling fingersense_on_pause()
12-17 19:32:08.063  1795  2750 D libfingersense_wrapper: fingersense_on_pause() finished
12-17 19:32:08.063  1795  2750 D PowerManagerService: Setting HAL auto-suspend mode to true
12-17 19:32:08.063   836  2387 I knuckle_sensor: Sending SAM_DISABLE to fs_data
12-17 19:32:08.064  1795  1825 I PowerManager_screenOn: DisplayPowerController updatePowerState mPendingRequestLocked=policy=OFF, useProximitySensor=true, useProximitySensorbyPhone=true, screenBrightness=33, screenAutoBrightnessAdjustment=0.0, brightnessSetByUser=true, useAutoBrightness=true, blockScreenOn=false, lowPowerMode=false, boostScreenBrightness=false, dozeScreenBrightness=-1, dozeScreenState=UNKNOWN, useTwilight=false, useSmartBacklight=true, brightnessWaitMode=false, brightnessWaitRet=true, screenAutoBrightness=-1, userId=0
12-17 19:32:08.064  1795  1825 D DisplayPowerController: Animating brightness: target=0, rate=0
12-17 19:32:08.064  1795  1825 D DisplayPowerController: Display ready!
12-17 19:32:08.064  1795  1825 D DisplayPowerController: Finished business...
12-17 19:32:08.064  1795  1825 D PowerManagerService: ready=true,policy=0,wakefulness=0,wksummary=0x10,uasummary=0x0,bootcompleted=true,boostinprogress=false,waitmodeenable=false,mode=true,manual=33,auto=-1,adj=0.0userId=0
12-17 19:32:08.064  1795  1825 I PowerManager_screenOn: PowerManagerNotifier onWakefulnessChangeFinished mInteractiveChanging=true, mInteractive=false
12-17 19:32:08.064  1795  1825 D PowerManagerService: Acquiring suspend blocker "PowerManagerService.Broadcasts".
12-17 19:32:08.064  1795  1825 D PowerManagerService: Releasing suspend blocker "PowerManagerService.Display".
12-17 19:32:08.065  1795  1795 I WindowManger_keyguard: Finished going to sleep... (why=6)
12-17 19:32:08.065  1795  1795 I WindowOrientationListener: WindowOrientationListener disabled
12-17 19:32:08.065  1795  1795 I qti_sensors_hal: batch,376,handle 0, timeout:0 ,period_ns:200000000
12-17 19:32:08.065  1795  1795 I qti_sensors_hal: batch:sensor(android.sensor.accelerometer) handle:0 flags:0x0 period_ns 200000000
12-17 19:32:08.065   836   928 I knuckle_sensor: Got DISABLE response, status = 0, id = 66
12-17 19:32:08.067  1795 11747 I HwActivityManagerService: Split enqueueing broadcast [callerApp]:ProcessRecord{ec55919 3608:com.android.incallui/1001}
12-17 19:32:08.073  2852  2852 W HwPhoneLayoutInflater: onCreateView : ClassNotFoundException, In this case we want to let the base class take a crack at it
12-17 19:32:08.074  2852  2852 W HwPhoneLayoutInflater: onCreateView : ClassNotFoundException, In this case we want to let the base class take a crack at it
12-17 19:32:08.074  1795  1795 I qti_sensors_hal: read from oem info: data_readback
12-17 19:32:08.074  1795  1795 I qti_sensors_hal: 0xcd, 0xb0, 0x24, 0x3e
12-17 19:32:08.074  1795  1795 I qti_sensors_hal: 0x66, 0xca, 0x3c, 0x3e
12-17 19:32:08.074  1795  1795 I qti_sensors_hal: 0xc0, 0x2a, 0x7c, 0x3f
12-17 19:32:08.074  1795  1795 I qti_sensors_hal: 0x55, 0x0, 0x0, 0x0
12-17 19:32:08.074  1795  1795 I qti_sensors_hal: 0x0, 0x0, 0x0, 0x0
12-17 19:32:08.074  1795  1795 E qti_sensors_hal: read from oem info: data_valid_flag=0x55
12-17 19:32:08.074  1795  1795 E qti_sensors_hal: read from oem info: x_offset=0.160831, y_offset=0.184366, z_offset=0.985027
12-17 19:32:08.074  1795  1795 E qti_sensors_hal: Final value: x_offset=0.160831, y_offset=0.184366, z_offset=0.985027
12-17 19:32:08.074  1795  1795 I qti_sensors_hal: batch:load_acc_oeminf_data x_offset:0.160831 y_offset:0.184366 z_offset:0.985027
12-17 19:32:08.074  1795  1795 I qti_sensors_hal: batch:sensor(android.sensor.accelerometer) sample_rate=5.000000Hz report_rate_f=0.000000Hz curr sample rate:14.999925 cur rpt rate:0 max:400.000000 min:1.000000
12-17 19:32:08.075  1795  1795 I WindowManger_keyguard: onFinishedGoingToSleep(6)
12-17 19:32:08.075  1795  1795 I PowerManager_screenOn: PowerManagerNotifier Sending go to sleep broadcast.
12-17 19:32:08.075  1795  1795 I SendBroadcastPermission: action:android.intent.action.SCREEN_OFF, mPermissionType:0
12-17 19:32:08.075  2852  2822 D KeyguardService: Caller checkPermission fail
12-17 19:32:08.075  2852  2822 D KeyguardService: KGSvcCall onFinishedGoingToSleep.
12-17 19:32:08.075  2852  2822 D KeyguardViewMediator: onFinishedGoingToSleep(6)
12-17 19:32:08.075  2852  2822 D KeyguardViewMediator: notifyFinishedGoingToSleep
12-17 19:32:08.075  2852  2822 W AppHandler: sendMessage 15
12-17 19:32:08.077  1795  1795 I HwActivityManagerService: Split enqueueing broadcast [callerApp]:ProcessRecord{34bf34f 0:system/1000}
12-17 19:32:08.077  1795  1795 I ActivityManager_broadcast: Enqueueing ordered broadcast[foreground] BroadcastRecord{b030c18 u-1 android.intent.action.SCREEN_OFF}: prev had 0
12-17 19:32:08.077  1795  1808 I ActivityManager_broadcast: dispatch ordered broadcast [foreground] BroadcastRecord{b030c18 u-1 android.intent.action.SCREEN_OFF}, has 55 receivers
12-17 19:32:08.081  1795  2377 I AwareLog: AwareMem_DMEServer: stop
12-17 19:32:08.086  1795  1795 D HwWifiP2pService: onReceive, action:android.intent.action.SCREEN_OFF
12-17 19:32:08.087  1795  2668 D WifiP2pService: InactiveState143467
