12-17 19:40:24.811  1795  1795 I NotificationManager: updateLightsLocked,mInCall =false,mScreenOn = true,ledNotification == null?true
12-17 19:40:24.811  1795  1795 I NotificationManager: updateLightsLocked,turn off notificationLight
12-17 19:40:24.811  1795  1795 I Sensor  : turn off notificationLight due to incall or screenon
12-17 19:40:24.811  1795  1795 I Sensor  : updateLight --> mIsNotificationExisting: false ledOnMS: 0 ledOffMS :0
12-17 19:40:24.811  1795  1795 I Sensor  : updateLightsLocked --> level:78, status:3
12-17 19:40:24.811  1795  1795 I Sensor  : updateLightsLocked --> mBatteryLight.turnOff
12-17 19:40:24.813  2852  2852 I StatusBar: onNotificationRemoved: StatusBarNotification(pkg=com.tencent.mm user=UserHandle{0} id=4097 tag=null key=0|com.tencent.mm|4097|null|10105: Notification(pri=1 contentView=null vibrate=[] sound=null tick defaults=0x0 flags=0x101 color=0x00000000 category=msg vis=PRIVATE))
12-17 19:40:24.813  2852  2852 I PhoneStatusBar: removeNotification:0|com.tencent.mm|4097|null|10105
12-17 19:40:24.813  2852  2852 I StatusBar: removeNotificationViews:0|com.tencent.mm|4097|null|10105
12-17 19:40:24.813  2852  2852 I NotificationGroupManager: onEntryRemoved:0|com.tencent.mm|4097|null|10105
12-17 19:40:24.813  2852  2852 I NotificationGroupManager: onEntryRemovedInternal:0|com.tencent.mm|4097|null|10105, group=0|com.tencent.mm|4097|null|10105
12-17 19:40:24.813  2852  2852 I NotificationGroupManager: summary = null
12-17 19:40:24.814  2852  2852 I HwPhoneStatusBar: updateNotificationShade
12-17 19:40:24.814  2852  2852 I PhoneStatusBar: updateNotificationShade
12-17 19:40:24.814  2883  3258 I HwNetworkPolicyManager: getHwUidPolicy uid = 10105 policy = 0
12-17 19:40:24.814  2852  2852 I PhoneStatusBar: removeNotificationChildren
12-17 19:40:24.815  2852  2852 I HwNotificationIconAreaController: showNotificationAll
12-17 19:40:24.817  1795 11746 I NotificationManager: cancelNotificationWithTag pid 4492,uid = 10105,tag = null,pkg =com.tencent.mm,id =4098
12-17 19:40:24.817  1795  1795 I NotificationManager: cancelNotification,index:-1
12-17 19:40:24.819  1795  2396 I NotificationManager: cancelNotificationWithTag pid 4492,uid = 10105,tag = null,pkg =com.tencent.mm,id =4099
12-17 19:40:24.819  2852  2852 I StackScrollAlgorithm: updateClipping isOverlap:false
12-17 19:40:24.819  2852  2852 I StackScrollAlgorithm: updateDimmedActivatedHideSensitive overlap:false
12-17 19:40:24.819  2852  2852 I ActivatableNotificationView: setOverlap mOverlap:false, mDimmed:false
12-17 19:40:24.819  1795  1795 I NotificationManager: cancelNotification,index:-1
12-17 19:40:24.820  1795  6986 I NotificationManager: cancelNotificationWithTag pid 4492,uid = 10105,tag = null,pkg =com.tencent.mm,id =4100
12-17 19:40:24.820  1795  1795 I NotificationManager: cancelNotification,index:-1
12-17 19:40:24.821  1795  6985 I NotificationManager: cancelNotificationWithTag pid 4492,uid = 10105,tag = null,pkg =com.tencent.mm,id =4101
12-17 19:40:24.821  1795  1795 I NotificationManager: cancelNotification,index:-1
12-17 19:40:24.823  1795 15982 D HW_DISPLAY_EFFECT: presently, hw_update_color_temp_for_rg_led interface not achieved.
12-17 19:40:24.845  4492  4492 E HW-JPEG-DEC: [HME_JPEG_DEC_Delete](3298): HME_JPEG_DEC_Delete: decoder_ctx=null
12-17 19:40:24.851  4492  4492 I SendBroadcastPermission: action:com.tencent.mm.ui.ACTION_ACTIVE, mPermissionType:0
12-17 19:40:24.852  1795  3249 I HwActivityManagerService: keyAppBroadcastQueueForIntent intent Intent { act=com.tencent.mm.ui.ACTION_ACTIVE flg=0x10 (has extras) } on bgkeyapp queue
12-17 19:40:24.853  4492  4492 I SendBroadcastPermission: action:com.tencent.mm.ui.ACTION_ACTIVE, mPermissionType:0
12-17 19:40:24.853  1795  3237 I HwActivityManagerService: keyAppBroadcastQueueForIntent intent Intent { act=com.tencent.mm.ui.ACTION_ACTIVE flg=0x10 (has extras) } on bgkeyapp queue
12-17 19:40:24.863  4492  4492 I SendBroadcastPermission: action:com.tencent.mm.ui.ACTION_ACTIVE, mPermissionType:0
12-17 19:40:24.864  1795  3225 I HwActivityManagerService: keyAppBroadcastQueueForIntent intent Intent { act=com.tencent.mm.ui.ACTION_ACTIVE flg=0x10 (has extras) } on bgkeyapp queue
12-17 19:40:24.865  4492  4492 I SendBroadcastPermission: action:com.tencent.mm.ui.ACTION_ACTIVE, mPermissionType:0
12-17 19:40:24.865  1795  3253 I HwActivityManagerService: keyAppBroadcastQueueForIntent intent Intent { act=com.tencent.mm.ui.ACTION_ACTIVE flg=0x10 (has extras) } on bgkeyapp queue
12-17 19:40:24.867  4492  4492 I SendBroadcastPermission: action:com.tencent.mm.ui.ACTION_ACTIVE, mPermissionType:0
12-17 19:40:24.868  1795  3111 I HwActivityManagerService: keyAppBroadcastQueueForIntent intent Intent { act=com.tencent.mm.ui.ACTION_ACTIVE flg=0x10 (has extras) } on bgkeyapp queue
12-17 19:40:24.869  4492  4492 I ActivityManager_activity: Resuming ActivityRecord{50977f4 token=android.os.BinderProxy@4e2962b {com.tencent.mm/com.tencent.mm.ui.LauncherUI}} with isForward=true,forwardBitChanged=true onlyLocalRequest=false
12-17 19:40:24.877  1795  2778 V HwPhoneWindowManager: updateSystemUiColorLw window=Window{4e22340 u0 com.tencent.mm/com.tencent.mm.ui.LauncherUI},EmuiStyle=0,StatusBarColor=0xff303135,NavigationBarColor=0xff000000, mLastIsEmuiLightStyle=-1
12-17 19:40:24.877  1795  1809 D HwPhoneWindowManager: Transact:setSystemUIColor to status bar service
12-17 19:40:24.877  1795  2778 I WindowManger_windowChange: oldFocusWindow: null, currentFocusWindow: Window{4e22340 u0 com.tencent.mm/com.tencent.mm.ui.LauncherUI}, currentFocusApp: AppWindowToken{b6efcd1 token=Token{a978b5b ActivityRecord{5f12a6a u0 com.tencent.mm/.ui.LauncherUI t383}}}
12-17 19:40:24.877  2852  3344 I CommandQueue: updateBarBgColor
12-17 19:40:24.877  2852  3344 D CommandQueue: CommandQueue, setBarBackgroundColor
12-17 19:40:24.878  2852  2852 I TintManager: updateBarBgColor:emuiStyle=0,statusBarColor=#FF303135,navigationBarColor=#FF000000, isEmuiLight=-1
12-17 19:40:24.878  2852  2852 I HwPhoneStatusBarTransitions: restoreBackgroundColor:new=0, old=0
12-17 19:40:24.878  2852  2852 I HwNavigationBarTransitions: restoreBackgroundColor:new=0, old=0
12-17 19:40:24.879  2852  2852 D TintManager: statusBarIconTint=#B3FFFFFF,navigationBarIconTint=#FF000000
12-17 19:40:24.879  2852  2852 I PhoneStatusBar: setSystemUiVisibility vis=80000708 mask=ffffffff oldVal=c0000700 newVal=80000708 diff=40000008
12-17 19:40:24.879  2852  2852 I BarTransitions.HwPhoneStatusBarView: transitionTo: mode=MODE_TRANSPARENT, animate=false
12-17 19:40:24.879  2852  2852 I BarTransitions.HwNavigationBarView: transitionTo: mode=MODE_TRANSLUCENT, animate=false
12-17 19:40:24.879  2852  2852 I HwNavigationBarTransitions: transitionTo:mode=2, isEmuiStyle=false
12-17 19:40:24.879  2852  2852 I PhoneStatusBar: cancelAutohide
12-17 19:40:24.879  2852  2852 I PhoneStatusBar: notifyUiVisibilityChanged:vis=0x80000708, SystemUiVisibility=0x80000708
12-17 19:40:24.882  1795  2371 E LightSensor: read Events lux:130.0
12-17 19:40:24.882  1795  1825 D AutomaticBrightnessController: ambient lux=130.0,timeStamp =443361245541000
12-17 19:40:24.889  2852  2852 D TintTextView: #B3FFFFFF com.android.systemui.tint.TintTextView{f83e2df V.ED..... ......ID 0,1-66,43 #7f1401be app:id/battery_outside_percent}
12-17 19:40:24.889  2852  2852 D TintTextView: #B3FFFFFF com.android.systemui.tint.TintTextView{280af00 V.ED..... ......ID 0,0-0,0 #7f1403e3 app:id/speed}
12-17 19:40:24.889  2852  2852 D TintTextView: #B3FFFFFF com.android.systemui.tint.TintTextView{88b1de7 V.ED..... ......I. 0,11-144,60 #7f14004e app:id/msim_status_bar_operators_card_one_id}
12-17 19:40:24.889  2852  2852 D TintTextView: #B3FFFFFF com.android.systemui.time.HwStatusBarClock{dbc7fa6 V.ED..... ........ 294,0-441,72 #7f1401c9 app:id/clock}
12-17 19:40:24.890  2852  2852 D TintTextView: #B3FFFFFF com.android.systemui.tint.TintTextView{3f96501 V.ED..... ........ 0,1-66,43 #7f1401be app:id/battery_outside_percent}
12-17 19:40:24.890  2852  2852 D TintTextView: #B3FFFFFF com.android.systemui.tint.TintTextView{7ea3fda V.ED..... ......ID 0,0-0,0 #7f1403e3 app:id/speed}
12-17 19:40:24.890  2852  2852 D TintTextView: #B3FFFFFF com.android.systemui.tint.TintTextView{8a4a4ce V.ED..... ......ID 0,0-0,0 #7f14032f app:id/hw_notification_number}
12-17 19:40:24.890  2852  2852 D TintTextView: #B3FFFFFF com.android.systemui.tint.TintTextView{29531d0 V.ED..... ........ 0,0-144,49 #7f14004e app:id/msim_status_bar_operators_card_one_id}
12-17 19:40:24.890  2852  2852 I PhoneStatusBarPolicy: updateBluetooth:::setBluetoothBatteryEnable false.
12-17 19:40:24.890  2852  2852 I PhoneStatusBarPolicy: updateBluetooth::bluetoothEnabled:false, bluetoothConnected=false, bluetoothTransfering=false
12-17 19:40:24.890  2852  2852 I HwStatusBarIconController: applyIconTint
12-17 19:40:24.899  1795 11746 W ActivityManager: getTasks: caller 10105 does not hold REAL_GET_TASKS; limiting output
12-17 19:40:24.905  2852  2852 D HwRecentsLockUtils: search
12-17 19:40:24.908  1795 15987 E HsmCoreServiceImpl: onTransact in code is: 103
12-17 19:40:24.908  1795  6986 V SecInputMethodManagerService: Client requesting input be hidden, pid=4492
12-17 19:40:24.908  1795 15987 I MediaProcessHandler: playingUids: 
12-17 19:40:24.908  1795  6986 V InputMethodManagerService: Window asks to hide input going forward
12-17 19:40:24.908  2852  2852 D HwRecentsLockUtils: search
12-17 19:40:24.910  1795 15982 D ActivityManager: Skipping, home stack task: TaskRecord{37babfb #297 A=com.huawei.android.launcher U=0 StackId=0 sz=1}
12-17 19:40:24.911  1795 15982 D ActivityManager: Skipping, withExcluded: false, tr.intent:Intent { act=android.intent.action.MAIN flg=0x10840000 cmp=com.android.incallui/.InCallActivity (has extras) }
12-17 19:40:24.911  1795 15982 D ActivityManager: Skipping, withExcluded: false, tr.intent:Intent { flg=0x10804000 cmp=com.android.systemui/.recents.RecentsActivity bnds=[48,1199][1032,2447] }
12-17 19:40:24.911  4690  4690 I SendBroadcastPermission: action:com.tencent.mm.plugin.openapi.Intent.ACTION_HANDLE_APP_REGISTER, mPermissionType:0
12-17 19:40:24.911  1795 15982 D ActivityManager: Skipping, withExcluded: false, tr.intent:Intent { act=android.intent.action.VIEW dat=file:///storage/emulated/0/Downloads/云播影视326.apk typ=application/vnd.android.package-archive flg=0x10800000 cmp=com.android.packageinstaller/.PackageInstallerActivity (has extras) }
12-17 19:40:24.911  1795 15982 D ActivityManager: Skipping, withExcluded: false, tr.intent:Intent { act=com.android.deskclock.ALARM_ALERT flg=0x10800004 cmp=com.android.deskclock/.alarmclock.LockAlarmFullActivity (has extras) }
12-17 19:40:24.911  1795 15982 D ActivityManager: Skipping, withExcluded: false, tr.intent:Intent { act=android.intent.action.VIEW dat=file:///storage/emulated/0/Downloads/106_4389c1ec4cb78314a457ce5927578bb4.apk typ=application/vnd.android.package-archive flg=0x10800000 cmp=com.android.packageinstaller/.PackageInstallerActivity (has extras) }
12-17 19:40:24.911  1795 15982 D ActivityManager: Skipping, withExcluded: false, tr.intent:Intent { act=android.intent.action.VIEW dat=file:///storage/emulated/0/tencent/TMAssistantSDK/Download/com.tencent.mm/1a41cb224d6d4b020176381a7c790891 typ=application/vnd.android.package-archive flg=0x10800000 cmp=com.android.packageinstaller/.PackageInstallerActivity (has extras) }
12-17 19:40:24.911  1795 15982 D ActivityManager: Skipping, withExcluded: false, tr.intent:Intent { act=android.intent.action.VIEW dat=https://service.10046.mi.com/... flg=0x10800000 cmp=com.android.browser/.BrowserActivity (has extras) }
12-17 19:40:24.911  1795 15982 D ActivityManager: Skipping, withExcluded: false, tr.intent:Intent { act=android.media.action.STILL_IMAGE_CAMERA_SECURE flg=0x34800000 pkg=com.huawei.camera cmp=com.huawei.camera/.controller.SecureCameraActivity (has extras) }
12-17 19:40:24.911  1795 15982 D ActivityManager: Skipping, withExcluded: false, tr.intent:Intent { flg=0x10800000 cmp=com.huawei.camera/com.huawei.rapidcapture.RapidPlaceHolderActivity }
12-17 19:40:24.911  1795 15982 D ActivityManager: Skipping, withExcluded: false, tr.intent:Intent { act=android.intent.action.VIEW dat=file:///storage/emulated/0/Downloads/12306zhixinghuochepiao_314.apk typ=application/vnd.android.package-archive flg=0x10800000 cmp=com.android.packageinstaller/.PackageInstallerActivity (has extras) }
12-17 19:40:24.911  1795 15982 D ActivityManager: Skipping, withExcluded: false, tr.intent:Intent { flg=0x34800000 cmp=com.huawei.systemmanager/com.huawei.harassmentinterception.ui.InterceptionActivity (has extras) }
12-17 19:40:24.911  1795 15982 D ActivityManager: getRecentTasks: num=20,flags=62,totalTasks=47
12-17 19:40:24.911  1795 15982 D ActivityManager: getRecentTasks: topActivity=ComponentInfo{com.tencent.mm/com.tencent.mm.ui.LauncherUI}
12-17 19:40:24.912  1795  1805 I ActivityManager_broadcast: collectReceiverComponents, callerApp: ProcessRecord{5299443 4690:com.baidu.input_huawei/u0a74}, intent:com.tencent.mm.plugin.openapi.Intent.ACTION_HANDLE_APP_REGISTER, receiver size:1, flags: 10000400
12-17 19:40:24.912  1795  1805 I HwActivityManagerService: Split enqueueing broadcast [callerApp]:ProcessRecord{5299443 4690:com.baidu.input_huawei/u0a74}
12-17 19:40:24.912  1795  1805 I ActivityManager_broadcast: Enqueueing ordered broadcast[background] BroadcastRecord{9b06aec u0 com.tencent.mm.plugin.openapi.Intent.ACTION_HANDLE_APP_REGISTER}: prev had 0
12-17 19:40:24.912  1795  1808 I ActivityManager_broadcast: dispatch ordered broadcast [background] BroadcastRecord{9b06aec u0 com.tencent.mm.plugin.openapi.Intent.ACTION_HANDLE_APP_REGISTER}, has 1 receivers
12-17 19:40:24.913  2852  2852 I SystemServicesProxy: get the task from ActivityManager size is 20 AMS:getRecentTasksForUser,args:numTasksToQuery=20,flags=62,userId=-2
12-17 19:40:24.918  2852  2852 I RecentsTaskLoadPlan: to show tasks size is 20
12-17 19:40:24.919  1795 17832 D ActivityManager: Skipping, home stack task: TaskRecord{37babfb #297 A=com.huawei.android.launcher U=0 StackId=0 sz=1}
12-17 19:40:24.919  1795 17832 D ActivityManager: Skipping, withExcluded: false, tr.intent:Intent { act=android.intent.action.MAIN flg=0x10840000 cmp=com.android.incallui/.InCallActivity (has extras) }
12-17 19:40:24.919  1795 17832 D ActivityManager: getRecentTasks: num=10,flags=62,totalTasks=47
