12-17 19:35:01.110  2852  2852 I TimeManager: act:android.intent.action.TIME_TICK  flag:1342177300 FLAG_IS_FIRST_POWER_OFF_ALARM=false android.intent.extra.ALARM_COUNT=1 
12-17 19:35:01.111  2852  2852 I HwDateUtils:  formatChinaDateTime equals.
12-17 19:35:01.111  2852  2852 I HwDateUtils: formatChinaDateTime, change to China normalTime:晚上7:35
12-17 19:35:01.111  2852  2852 I HwDateUtils: begin of formatChinaDateRange chinaDate:晚上7:35
12-17 19:35:01.111  2852  2852 I TimeManager: chinaDateTime:晚上7:35
12-17 19:35:01.113  2852  2852 I HwDateUtils:  formatChinaDateTime equals.
12-17 19:35:01.113  2852  2852 I HwDateUtils: formatChinaDateTime, change to China normalTime:晚上7:35
12-17 19:35:01.113  2852  2852 I HwDateUtils: begin of formatChinaDateRange chinaDate:晚上7:35
12-17 19:35:01.113  2852  2852 I TimeManager: chinaDateTime:晚上7:35
12-17 19:35:01.115  2852  2852 I HwDateUtils:  formatChinaDateTime equals.
12-17 19:35:01.115  2852  2852 I HwDateUtils: formatChinaDateTime, change to China normalTime:晚上7:35
12-17 19:35:01.115  2852  2852 I HwDateUtils: begin of formatChinaDateRange chinaDate:晚上7:35
12-17 19:35:01.115  2852  2852 I TimeManager: chinaDateTime:晚上7:35
12-17 19:35:01.116  2852  2852 I HwDateUtils:  formatChinaDateTime equals.
12-17 19:35:01.116  2852  2852 I HwDateUtils: formatChinaDateTime, change to China normalTime:晚上7:35
12-17 19:35:01.116  2852  2852 I HwDateUtils: begin of formatChinaDateRange chinaDate:晚上7:35
12-17 19:35:01.116  2852  2852 I TimeManager: chinaDateTime:晚上7:35
12-17 19:35:01.125  1795 20747 W ActivityManager: getRunningAppProcesses: caller 10105 does not hold REAL_GET_TASKS; limiting output
12-17 19:35:01.129  2852  2852 I StackScrollAlgorithm: updateClipping isOverlap:false
12-17 19:35:01.129  2852  2852 I StackScrollAlgorithm: updateDimmedActivatedHideSensitive overlap:false
12-17 19:35:01.131  1795 16501 I AlarmManager: remove(PendingIntent{2c25627: PendingIntentRecord{9085ded com.tencent.mm broadcastIntent}}) changed bounds; rebatching
12-17 19:35:01.132  2852  2852 I EventCenter: EventCenter Get :android.intent.action.TIME_TICK
12-17 19:35:01.133  2852  2852 W ResourceType: Failure getting entry for 0xffffffff (t=254 e=65535) (error -2147483647)
12-17 19:35:01.134  2852  2852 E DateLunarView: mDateString is: 12月17日星期六
12-17 19:35:01.138  1795 15988 I AlarmManager: set(PendingIntent{c28c0d4: PendingIntentRecord{12e27d com.tencent.mm broadcastIntent}}) : type=2 triggerAtTime=443307500 win=202498 tElapsed=443307500 maxElapsed=443509998 interval=0 flags=0x8
12-17 19:35:01.139  2852  2852 W ResourceType: Failure getting entry for 0xffffffff (t=254 e=65535) (error -2147483647)
12-17 19:35:01.139  2852  2852 E DateLunarView: mDateString is: 12月17日星期六
12-17 19:35:01.139  2852  2852 D KeyguardUpdateMonitor: received broadcast android.intent.action.TIME_TICK
12-17 19:35:01.140  2852  2852 D KeyguardUpdateMonitor: handleTimeUpdate
12-17 19:35:01.148  3879  3879 I HwLauncher: Model  onReceive intent=Intent { act=android.intent.action.TIME_TICK flg=0x50000014 (has extras) }
12-17 19:35:01.148  3879  3879 I HwLauncher: Model  onReceive user=UserHandle{0}
12-17 19:35:01.161  1795  3121 W ActivityManager: getRunningAppProcesses: caller 10105 does not hold REAL_GET_TASKS; limiting output
12-17 19:35:01.164  5224  5224 I Step_LSC: 20002302|logicalDealBroadcastEvent : Intent { act=android.intent.action.TIME_TICK flg=0x50000014 (has extras) }
12-17 19:35:01.164  5224  5283 I Step_LSC: 20002302| ## MSG_DEAL_SYSTEM_EVENT android.intent.action.TIME_TICK
12-17 19:35:01.178  1795  1806 I AlarmManager: remove(PendingIntent{2bab572: PendingIntentRecord{12e27d com.tencent.mm broadcastIntent}}) changed bounds; rebatching
12-17 19:35:01.184  1795  2396 W ActivityManager: getRunningAppProcesses: caller 10105 does not hold REAL_GET_TASKS; limiting output
12-17 19:35:01.184  1795  1795 D PowerManagerService: ready=true,policy=3,wakefulness=1,wksummary=0x0,uasummary=0x1,bootcompleted=true,boostinprogress=false,waitmodeenable=false,mode=true,manual=33,auto=-1,adj=0.0userId=0
12-17 19:35:01.184  1795  1795 D PowerManagerService: Releasing suspend blocker "PowerManagerService.WakeLocks".
12-17 19:35:01.190  1795 16500 I AlarmManager: set(PendingIntent{4f42dc3: PendingIntentRecord{9bb1640 com.tencent.mm broadcastIntent}}) : type=2 triggerAtTime=443307552 win=202499 tElapsed=443307552 maxElapsed=443510051 interval=0 flags=0x8
12-17 19:35:01.194 18589 18731 I memcheck: needTrimMemory: trimFrom = 0, avail = 937148, vmSize = 2202776, vssLimit = 4190896, totalPss = 85712, pssLimit = 2876772, agressiveGrowthLimit = 1150708, gentleGrowthLimit = 2013740, availablePmThreshold = 221184, availableVmThreshold = 153600
12-17 19:35:01.204  1795 17831 W ActivityManager: getRunningAppProcesses: caller 10105 does not hold REAL_GET_TASKS; limiting output
12-17 19:35:01.217  1795  6986 W ActivityManager: getTasks: caller 10105 does not hold REAL_GET_TASKS; limiting output
12-17 19:35:01.226  3879  3879 E HW-JPEG-DEC: [HME_JPEG_DEC_Delete](3298): HME_JPEG_DEC_Delete: decoder_ctx=null
12-17 19:35:01.233  2852  2852 D DateTimeView: Change to single clock mode!
12-17 19:35:01.236  2852  2852 D DateTimeView: Change to single clock mode!
12-17 19:35:01.319  1795  3247 D SmartHeartBeat: setAlarmsPending ...
12-17 19:35:01.320  3180  3578 I BlackListAlarmRestrict: [resume] net alarms
12-17 19:35:01.414  1795  3139 W ActivityManager: getRunningAppProcesses: caller 10105 does not hold REAL_GET_TASKS; limiting output
12-17 19:35:01.434  1795 17831 W ActivityManager: getRunningAppProcesses: caller 10105 does not hold REAL_GET_TASKS; limiting output
12-17 19:35:01.441  1795  3111 W ActivityManager: getRunningAppProcesses: caller 10105 does not hold REAL_GET_TASKS; limiting output
12-17 19:35:01.445  1795 20747 W ActivityManager: getRunningAppProcesses: caller 10105 does not hold REAL_GET_TASKS; limiting output
12-17 19:35:01.737  1795  6985 W ActivityManager: getRunningAppProcesses: caller 10105 does not hold REAL_GET_TASKS; limiting output
12-17 19:35:01.747  1795  3110 W ActivityManager: getRunningAppProcesses: caller 10105 does not hold REAL_GET_TASKS; limiting output
12-17 19:35:01.747  7741  7755 D OsUtil  : hasStrictRequiredPermissions run true
12-17 19:35:01.748  1795  3110 I ActivityManager_service: retrieveServiceLocked, callerApp: ProcessRecord{cce9193 7741:com.android.mms/u0a34}, flags: 10000400
12-17 19:35:01.749  1795  3110 I ActivityManager_service: bindServiceLocked, r: ServiceRecord{af02979 u0 euid: 0 com.android.mms/.transaction.TransactionService}, euid: 0
12-17 19:35:01.757  1795 11745 W ActivityManager: getRunningAppProcesses: caller 10105 does not hold REAL_GET_TASKS; limiting output
12-17 19:35:01.759  7741  7741 V Mms_TXM_SVC: Creating TransactionService
12-17 19:35:01.763  1795  3238 W ActivityManager: getRunningAppProcesses: caller 10105 does not hold REAL_GET_TASKS; limiting output
12-17 19:35:01.766  7741  7741 D HwCust  : Create obj success use class com.android.mms.transaction.HwCustTransactionServiceImpl
12-17 19:35:01.769  7741  7741 D HwCust  : Create obj success use class com.huawei.mms.util.HwCustUpdateUserBehaviorImpl
12-17 19:35:01.770  7741  7741 D HwCust  : Create obj success use class com.huawei.mms.util.HwCustHwMessageUtilsImpl
12-17 19:35:01.771  7741  7741 I Mms_TXM_SVC: onStartCommand send EVENT_NEW_INTENT. service-id 1
12-17 19:35:01.771  7741 20634 V Mms_TXM_SVC: Handling incoming message: { when=0 what=5 arg1=1 obj=Intent { cmp=com.android.mms/.transaction.TransactionService } target=com.android.mms.transaction.TransactionService$ServiceHandler } = EVENT_NEW_INTENT
12-17 19:35:01.771  7741  7741 W Mms_TXM_SVC: ConnectivityBroadcastReceiver.onReceive() action: android.net.conn.CONNECTIVITY_CHANGE
12-17 19:35:01.773  7741  7741 V Mms_TXM_SVC: MSG_APP_Handle ConnectivityBroadcastReceiver.onReceive(): [type: MOBILE_MMS[], state: DISCONNECTED/DISCONNECTED, reason: (unspecified), extra: (none), failover: false, available: true, roaming: false, metered: true]
12-17 19:35:01.773  7741  7741 V Mms_TXM_SVC:    TYPE_MOBILE_MMS not connected, bail
12-17 19:35:01.773  7741  7741 V Mms_TXM_SVC:    retrying mms connectivity for it's available and renew = false
12-17 19:35:01.775  7741 20634 V Mms_TXM_SVC:     networkAvailable=true
12-17 19:35:01.790  7741 20634 V Mms_TXM_SVC: onNewIntent: cursor.count=0 action=null
12-17 19:35:01.790  7741 20634 V Mms_TXM_SVC: onNewIntent: no pending messages. Stopping service.
12-17 19:35:01.805  7741 20634 V Mms_TXM_SVC: stopSelfIfIdle: STOP!
12-17 19:35:01.808  7741  7741 V Mms_TXM_SVC: Destroying TransactionService
12-17 19:35:01.810  7741 20634 V Mms_TXM_SVC: Handling incoming message: { when=-38ms what=101 arg1=-1 target=com.android.mms.transaction.TransactionService$ServiceHandler } = EVENT_STOP_SERVICE
12-17 19:35:01.811  7741 20634 V Mms_TXM_SVC: stopSelfIfIdle: STOP!
12-17 19:35:01.811  7741 20634 V Mms_TXM_SVC: Handling incoming message: { when=-2ms what=100 target=com.android.mms.transaction.TransactionService$ServiceHandler } = EVENT_QUIT
12-17 19:35:01.847   533  3739 E ANDR-PERF-MPCTL: Invalid profile no. 0, total profiles 0 only
12-17 19:35:01.901  5224  5224 I Step_LSC: 20002302|onStandStepChanged 65614
12-17 19:35:01.901  5224  5224 I Step_LSC: 20002302|compensate received
12-17 19:35:01.902  5224  5224 I Step_LSC: 20002302|onStandStepChanged 65615
12-17 19:35:01.902  5224  5224 I Step_LSC: 20002302|compensate received
12-17 19:35:01.903  5224  5283 I Step_DataCache: 20002302|getTodayTotalSteps 4238
12-17 19:35:01.903  5224  5283 I Step_ExtendStepDataManager: 20002302|before compensate: cache step_4238
12-17 19:35:01.905  5224  5283 I Step_DataCache: 20002302|getTodayTotalSteps 4238
12-17 19:35:01.905  5224  5283 I Step_ExtendStepDataManager: 20002302|compensate 24699575 2
12-17 19:35:01.907  5224  5283 I Step_DataCache: 20002302|getTodayTotalSteps 4239
12-17 19:35:01.907  5224  5283 I Step_ExtendStepDataManager: 20002302|after compensate: cache step_4239
12-17 19:35:01.908  5224  5283 I Step_DataCache: 20002302|getTodayTotalSteps 4239
12-17 19:35:01.909  5224  5283 I Step_ExtendStepDataManager: 20002302|before compensate: cache step_4239
12-17 19:35:01.911  5224  5283 I Step_DataCache: 20002302|getTodayTotalSteps 4239
12-17 19:35:01.911  5224  5283 I Step_ExtendStepDataManager: 20002302|compensate 24699575 3
12-17 19:35:01.913  5224  5283 I Step_DataCache: 20002302|getTodayTotalSteps 4240
12-17 19:35:01.913  5224  5283 I Step_ExtendStepDataManager: 20002302|after compensate: cache step_4240
12-17 19:35:01.967   802   802 E Thermal-daemon: [Thermal_Hw] temperature_valid, battery : temperature is invalid, invalid temperatrue is 27
12-17 19:35:01.967   802   802 E Thermal-daemon: [Thermal_Hw] temperature_filter: get invalid temperature, use old temp
12-17 19:35:01.968   802   802 E Thermal-daemon: [pa_0] temp_new :26  temp_old :27
12-17 19:35:01.969   802   802 E ThermalBinder: mThermalService is NULL!
12-17 19:35:01.969   802   802 E Thermal-daemon: Report temperature: [pa_0] temp :26  report_threshold:1
12-17 19:35:02.002  5224  5283 I Step_LSC: 20002302|REPORT : 4240 90725 3025 0
12-17 19:35:02.003  5224  5283 I SendBroadcastPermission: action:android.com.huawei.bone.NOTIFY_SPORT_DATA, mPermissionType:0
