12-17 19:33:02.512   835   835 E libteec : qsc_decode end
12-17 19:33:02.512   835   835 D fpc_fingerprint_hal: fpc_get_authenticator_id id 14657234628792947271
12-17 19:33:02.512  3218  6115 W PhoneInterfaceManager: shouldBlockLocation running ...
12-17 19:33:02.512   835  2385 E libteec : begin
12-17 19:33:02.512   606  2379 E libteec : receive data len = 128
12-17 19:33:02.513  3218  6115 I PhoneInterfaceManager: shouldBlockLocation  ret:false
12-17 19:33:02.513  1795  2326 V FingerprintService: startAuthentication(com.android.systemui)
12-17 19:33:02.513  1795  2326 V FingerprintService: starting client AuthenticationClient(com.android.systemui), initiatedByClient = true)
12-17 19:33:02.513   835   835 I fingerprintd: FingerprintDaemonProxyEx::onTransact, code:1
12-17 19:33:02.513   835   835 V fingerprintd: authenticate(sid=0, gid=0)
12-17 19:33:02.515  2852  2852 I NotificationContentView: transferRemoteInputFocus: 0
12-17 19:33:02.516  1795 16232 I AlarmManager: set(PendingIntent{71dc14b: PendingIntentRecord{7f86237 com.huawei.espacev2 broadcastIntent}}) : type=0 triggerAtTime=1481974682515 win=0 tElapsed=443218879 maxElapsed=443218879 interval=300000 flags=0x1
12-17 19:33:02.516 31949 31967 I PushService: tcp.conn{4787} ServiceC.connectedNotify(ServiceC.java:289) 172.30.70.63
12-17 19:33:02.517  2852  2852 I NotificationContentView: transferRemoteInputFocus: 0
12-17 19:33:02.518 31949 31967 I ECS     : tcp.conn{4787} XmlMsg.encodeBuf(XmlMsg.java:215) SEND 100 bytes [16]_00_00_00_60_00_03_01_05_01_04_81_BC_00_00_00_00 cmdCode(CC_PCheckVersion.0x0501)msgType(MT_ARG.1)msgClass(MC_Push.5)sender(ST_Mobile.0)crypted(false)zipped(false)nobase64(true)length(96)version(3)sno(81BC)
12-17 19:33:02.518  2852  2852 I StackScrollAlgorithm: overlapAmount:763.6, previousNotificationEnd:607.0, newYTranslation:-156.59998, location:2, i:1, getTopPadding:499.0, getLocationOnScreen():-36
12-17 19:33:02.518  2852  2852 I StackScrollAlgorithm: updateClipping isOverlap:true
12-17 19:33:02.518  2852  2852 I StackScrollAlgorithm: updateDimmedActivatedHideSensitive overlap:true
12-17 19:33:02.519  2852  2852 I NotificationContentView: transferRemoteInputFocus: 1
12-17 19:33:02.521  2852  2852 I HwExpandableNotificationRowHelper: unclear notification ,notificationPkgName:com.android.incallui key:0|com.android.incallui|2|null|1001
12-17 19:33:02.521  2852  2852 I ActivatableNotificationView: setOverlap mOverlap:true, mDimmed:false
12-17 19:33:02.521  2852  2852 I ActivatableNotificationView: setOverlap mOverlap:true, mDimmed:false
12-17 19:33:02.521   606  2379 E libteec : QSEECom_send_cmd return!
12-17 19:33:02.521   606  2379 E libteec : qsc_send_cmd finish
12-17 19:33:02.521   606  2379 E libteec : send data return = 128
12-17 19:33:02.522   835  2385 E libteec : receive data len = 128
12-17 19:33:02.522   835  2385 E libteec : begin
12-17 19:33:02.522   835  2385 E libteec : qsc_decode end
12-17 19:33:02.522   835  2385 D fpc_fingerprint_hal: worker idle
12-17 19:33:02.522   835  2385 D fpc_fingerprint_hal: workerFunction STATE_AUTHENTICATE
12-17 19:33:02.522   835  2385 E libteec : begin
12-17 19:33:02.522   606  2379 E libteec : receive data len = 128
12-17 19:33:02.522  1795  2326 W FingerprintService: client com.android.systemui is authenticating...
12-17 19:33:02.522  2852  2852 D StatusBar: updateNotification(StatusBarNotification(pkg=com.huawei.health user=UserHandle{0} id=10010 tag=null key=0|com.huawei.health|10010|null|10099: Notification(pri=0 contentView=null vibrate=null sound=null defaults=0x0 flags=0x62 color=0x00000000 vis=PRIVATE)))
12-17 19:33:02.523  2852  2852 D HwCust  : Create obj success use class android.app.HwCustNotificationImpl
12-17 19:33:02.524  2852  2852 I StatusBarIconView: updateTint: tint=0
12-17 19:33:02.525  2852  2852 D StatusBar: No peeking: unimportant notification: 0|com.huawei.health|10010|null|10099
12-17 19:33:02.525  2852  2852 D StatusBar: applyInPlace=true shouldPeek=false alertAgain=true
12-17 19:33:02.525 16354 16354 E HwSystemManager: MemCPUMonitor:startTimerMonitor isCompleted = true
12-17 19:33:02.525  2852  2852 I NotificationGroupManager: onEntryUpdated:0|com.huawei.health|10010|null|10099
12-17 19:33:02.525  2852  2852 I NotificationGroupManager: onEntryAdded:0|com.huawei.health|10010|null|10099, group=0|com.huawei.health|10010|null|10099
12-17 19:33:02.525  2852  2852 D StatusBar: reusing notification for key: 0|com.huawei.health|10010|null|10099
12-17 19:33:02.525  2852  2852 D HwCust  : Create obj success use class android.app.HwCustNotificationImpl
12-17 19:33:02.525   606  2379 E libteec : QSEECom_send_cmd return!
12-17 19:33:02.525   606  2379 E libteec : qsc_send_cmd finish
12-17 19:33:02.525   606  2379 E libteec : send data return = 128
12-17 19:33:02.525   835  2385 E libteec : receive data len = 128
12-17 19:33:02.525   835  2385 E libteec : begin
12-17 19:33:02.525   835  2385 E libteec : qsc_decode end
12-17 19:33:02.526   835  2385 I fpc_tac : fpc_tac_send_get_indices_cmd indices:0x7f9860c000, index_count:1
12-17 19:33:02.526   835  2385 E libteec : begin
12-17 19:33:02.526  2852  2852 D HwCust  : Create obj success use class android.app.HwCustNotificationImpl
12-17 19:33:02.526   606  2379 E libteec : receive data len = 1152
12-17 19:33:02.526  2852  2852 I StatusBarIconView: updateTint: tint=0
12-17 19:33:02.528 31949 31967 I TCP     : tcp.recv{4790} TcpClientThread.onReceiverWork(TcpClientThread.java:307) get tcp message 659
12-17 19:33:02.529 31949 31967 I TCP     : msg.recv{4791} TcpClientThread.onRecv(TcpClientThread.java:515) TCP Msg 659TCP_OK
12-17 19:33:02.529   606  2379 E libteec : QSEECom_send_cmd return!
12-17 19:33:02.529   606  2379 E libteec : qsc_send_cmd finish
12-17 19:33:02.529   606  2379 E libteec : send data return = 1152
12-17 19:33:02.529   835  2385 E libteec : receive data len = 1152
12-17 19:33:02.529   835  2385 E libteec : begin
12-17 19:33:02.529   835  2385 E libteec : qsc_decode end
12-17 19:33:02.529   835  2385 E libteec : begin
12-17 19:33:02.529   606  2379 E libteec : receive data len = 128
12-17 19:33:02.533   606  2379 E libteec : QSEECom_send_cmd return!
12-17 19:33:02.533   606  2379 E libteec : qsc_send_cmd finish
12-17 19:33:02.533   606  2379 E libteec : send data return = 128
12-17 19:33:02.533   835  2385 E libteec : receive data len = 128
12-17 19:33:02.533   835  2385 E libteec : begin
12-17 19:33:02.533   835  2385 E libteec : qsc_decode end
12-17 19:33:02.533   835  2385 I fpc_tac : fpc_tac_begin_identify---need_liveness_authentication: 0
12-17 19:33:02.533   835  2385 E libteec : begin
12-17 19:33:02.533   606  2379 E libteec : receive data len = 192
12-17 19:33:02.535 17238 17238 D Bth     : BtChrStatisticsManager:sendScreenOnEvent enter.
12-17 19:33:02.536 17238 17252 D Bth     : BtChrStatisticsManager:msg Loop is running.
12-17 19:33:02.536  2852  2852 I HwPhoneStatusBar: updateNotificationShade
12-17 19:33:02.536  2852  2852 I PhoneStatusBar: updateNotificationShade
12-17 19:33:02.536  2852  2852 I PhoneStatusBar: removeNotificationChildren
12-17 19:33:02.536  2852  2852 I HwNotificationIconAreaController: showNotificationAll
12-17 19:33:02.538   606  2379 E libteec : QSEECom_send_cmd return!
12-17 19:33:02.538   606  2379 E libteec : qsc_send_cmd finish
12-17 19:33:02.538   606  2379 E libteec : send data return = 192
12-17 19:33:02.538   835  2385 E libteec : receive data len = 192
12-17 19:33:02.538   835  2385 E libteec : begin
12-17 19:33:02.538   835  2385 E libteec : qsc_decode end
12-17 19:33:02.538   835  2385 I fpc_tac : fpc_tac_send_set_arbitrary_data_cmd:ok, response:0
12-17 19:33:02.538   835  2385 D fingerprintd: onAcquired(2001)
12-17 19:33:02.538   835  2385 E libteec : begin
12-17 19:33:02.538  2852  2852 I NotificationContentView: transferRemoteInputFocus: 0
12-17 19:33:02.538  1795  3249 W FingerprintService: onAcquired 1
12-17 19:33:02.539   606  2379 E libteec : receive data len = 128
12-17 19:33:02.539  1795  2326 W FingerprintService: onAcquired 2
12-17 19:33:02.539  2852  2852 I NotificationContentView: transferRemoteInputFocus: 0
12-17 19:33:02.540  2852  2852 I StackScrollAlgorithm: overlapAmount:763.6, previousNotificationEnd:607.0, newYTranslation:-156.59998, location:2, i:1, getTopPadding:499.0, getLocationOnScreen():-36
12-17 19:33:02.540  2852  2852 I StackScrollAlgorithm: updateClipping isOverlap:true
12-17 19:33:02.540  2852  2852 I StackScrollAlgorithm: updateDimmedActivatedHideSensitive overlap:true
12-17 19:33:02.540  2852  2852 V KeyguardUpdateMonitor: KGSvcFp onAuthenticationAcquired.2001
12-17 19:33:02.558   606  2379 E libteec : QSEECom_send_cmd return!
12-17 19:33:02.558   606  2379 E libteec : qsc_send_cmd finish
12-17 19:33:02.558   606  2379 E libteec : send data return = 128
