12-17 19:31:41.401  1795  2728 D wifiserviceimpl: netmask =16580607
12-17 19:31:41.402  2883  2883 D HwKeyguardManagerImpl: isLockScreenDisabled HwKeyguardManagerImpl result = false
12-17 19:31:41.403  1795  2778 D PowerManagerService: acquire lock=184063844, flags=0x1, tag="NetworkStats", name=android, ws=null, uid=1000, pid=1795
12-17 19:31:41.403  1795  2778 D PowerManagerService: ready=false,policy=3,wakefulness=1,wksummary=0x11,uasummary=0x1,bootcompleted=true,boostinprogress=false,waitmodeenable=false,mode=true,manual=33,auto=-1,adj=0.0userId=0
12-17 19:31:41.405  2852  2852 I StackScrollAlgorithm: updateClipping isOverlap:false
12-17 19:31:41.405  2852  2852 I StackScrollAlgorithm: updateDimmedActivatedHideSensitive overlap:false
12-17 19:31:41.405  2852  2852 I ActivatableNotificationView: setOverlap mOverlap:false, mDimmed:false
12-17 19:31:41.406  3608  3608 D InCall  : CallCardFragment - onGlobalLayout
12-17 19:31:41.406  1795  2778 D NetdConnector: SND -> {11594 bandwidth gettetherstats}
12-17 19:31:41.407  3218 13036 W PhoneInterfaceManager: shouldBlockLocation running ...
12-17 19:31:41.407  3218 13036 I PhoneInterfaceManager: shouldBlockLocation  ret:false
12-17 19:31:41.407  1795  2665 D NetdConnector: RCV <- {200 11594 Tethering stats list completed}
12-17 19:31:41.408  1795  1821 I ActivityManager_activity: Incall is gone
12-17 19:31:41.409  1795  2665 D NetdConnector: RCV <- {200 11594 Tethering stats list completed}
12-17 19:31:41.409  1795  1821 I ActivityManager_activity: windowsGone(): ActivityRecord{b46dc67 u0 com.android.incallui/.InCallActivity t310}
12-17 19:31:41.409  1795  1821 I WindowManger_keyguard: Setting mDismissKeyguard true by win Window{e6a6b5e u0 com.android.incallui/com.android.incallui.InCallActivity}
12-17 19:31:41.411  2883  2883 I HwSystemManager: AutoCleanReceiveServer:receive action:android.intent.action.SCREEN_ON
12-17 19:31:41.413  1795  2778 W NetworkStatsFactory: mStatsXtProcUid: /proc/net/comm/stats does not exist!
12-17 19:31:41.413  1795  2778 D HwNetworkStatsService: mActiveIface: null
12-17 19:31:41.414  1795  2778 I SendBroadcastPermission: action:com.android.server.action.NETWORK_STATS_UPDATED, mPermissionType:0
12-17 19:31:41.416  1795  2736 E hwintelligencewifi: getCurrentCellid type type = PHONE_TYPE_GSM
12-17 19:31:41.416  1795  2736 E hwintelligencewifi: getCurrentCellid type is PHONE_TYPE_GSM
12-17 19:31:41.416  3168  3168 I CHR_ChrDataServiceTracker: handledataswitchchanged
12-17 19:31:41.418  1795  2778 I HwActivityManagerService: Split enqueueing broadcast [callerApp]:ProcessRecord{34bf34f 0:system/1000}
12-17 19:31:41.418  1795  2778 D PowerManagerService: release:lock=184063844, flg=0x0, tag="NetworkStats", name=android", ws=null, uid=1000, pid=1795
12-17 19:31:41.419  3218  3218 E HW-JPEG-DEC: [HME_JPEG_DEC_Delete](3298): HME_JPEG_DEC_Delete: decoder_ctx=null
12-17 19:31:41.419  1795  2778 D PowerManagerService: ready=false,policy=3,wakefulness=1,wksummary=0x11,uasummary=0x1,bootcompleted=true,boostinprogress=false,waitmodeenable=false,mode=true,manual=33,auto=-1,adj=0.0userId=0
12-17 19:31:41.419  1795  3077 D GnssLocationProvider: receive broadcast intent, action: android.intent.action.SCREEN_ON
12-17 19:31:41.419  1795  3077 I GnssLocationProvider: updateLowPowerMode,isPowerSaveMode:falseisInteractive:true
12-17 19:31:41.419  1795  3077 I GnssLocationProvider: disableGps:false  isEnabled()=true
12-17 19:31:41.421  2883  3040 E HwSystemManager: TrafficNotifyAfterLocked:screen notification will not notify
12-17 19:31:41.426  1795  2736 E hwintelligencewifi: getCurrentCellid PHONE_TYPE_GSM cellidString = 460003645
12-17 19:31:41.426  1795  2736 E hwintelligencewifi: updataApInfo cellid =460003645
12-17 19:31:41.426  1795  2736 E hwintelligencewifi: addCurrentApInfo cellid =460003645
12-17 19:31:41.426  1795  1821 I WindowManger_keyguard: Setting mDismissKeyguard true by win Window{e6a6b5e u0 com.android.incallui/com.android.incallui.InCallActivity}
12-17 19:31:41.427  1795  2736 E hwintelligencewifi: addCurrentApInfo info is already there
12-17 19:31:41.427  1795  2736 W hwintelligencewifi: updateBssidTimer time = 1481974301427
12-17 19:31:41.427  3608  3608 I ActivityManager_activity: Reporting idle of ActivityRecord{fd45985 token=android.os.BinderProxy@af8ea9b {com.android.incallui/com.android.incallui.InCallActivity}} finished=false
12-17 19:31:41.429  1795  2377 V HwPackageManagerService: Returning system default Launcher 
12-17 19:31:41.430  1795  2377 I AwareLog: AwareMem_EventTracker: [APP_ACTIVITY_FINISH_123014600] is abandoned for memory 829120
12-17 19:31:41.432  1795  2736 E hwintelligencewifi: inlineAddCurrentApInfo mInfos.size()=132
12-17 19:31:41.438  1795  1821 I WindowManger_keyguard: Setting mDismissKeyguard true by win Window{e6a6b5e u0 com.android.incallui/com.android.incallui.InCallActivity}
12-17 19:31:41.438  2852  2852 I PowerUI : onReceive intent:act:android.intent.action.SCREEN_ON  flag:1342177296 
12-17 19:31:41.439  2852  3556 I NetworkController.MobileSignalController(0): onDataActivity: direction=0
12-17 19:31:41.439  2852  3556 I SystemUIIdleHandler: enter addToIdleMessage(type:1001), mainloop is busy, add to idleMessage
12-17 19:31:41.439  2852  3556 I NetworkController.MobileSignalController(0): onDataActivity: direction=0
12-17 19:31:41.439  2852  3556 D NetworkController.MobileSignalController(0): mSimSubId:0 onDataActivity: direction=0
12-17 19:31:41.439  2852  2852 D NetworkController.MobileSignalController(0): mSimSubId:0 onDataActivity: direction=0
12-17 19:31:41.447  2883  2996 E HwSystemManager: SimCardMethod:/getSimCardInfo: imsi is null
12-17 19:31:41.450  3180  3332 I BatteryMonitor: screen off: 1s, awake: 1s wakeups: 0, battery changed: 0
12-17 19:31:41.455  2883  2996 I HwSystemManager: NormalTrafficAnalysis:alert byte = 0 last alert byte = 0
12-17 19:31:41.455  2883  2996 E HwSystemManager: NormalTrafficAnalysis:alert byte = 0, so return
12-17 19:31:41.455  1795  3957 E IzatSvc_OSObserver: I/LocTech-Label :: OSOBSERVER :: Data Items In
12-17 19:31:41.455  1795  1821 I WindowManger_keyguard: Setting mDismissKeyguard true by win Window{e6a6b5e u0 com.android.incallui/com.android.incallui.InCallActivity}
12-17 19:31:41.455  1795  3957 E IzatSvc_OSObserver: I/LocTech-Value :: Data Item Value: IS_SCREEN_ON: true
12-17 19:31:41.455  1795  3975 E LocSvc_libulp: I/int ulp_msg_process_system_update(const UlpSystemEvent): systemEvent:0 
12-17 19:31:41.457  3180  3578 D HwMultiWindowEx: isInMultiWindowMode ret: 0
12-17 19:31:41.457  3180  3578 I BacklightControl: can't adjust backlight when app launch from other scene.
12-17 19:31:41.458  1795  2728 D HWMultiGW: setGateWay 10.33.8.1
12-17 19:31:41.460  1795  2371 E huawei_ProximitySensor_CPP_Test: ProximitySensor: 9 is far event,0 is close event,value = 0.000000
12-17 19:31:41.460  1795  2371 I huawei_ProximitySensor_CPP_Test: readEvents:345: ProximitySensor: getTimestamp,mPendingEvent.timestamp =926367316 
12-17 19:31:41.461  1795  1825 D DisplayPowerController: handleProximitySensorEvent positive:true
12-17 19:31:41.461  1795  1825 I PowerManager_screenOn: DisplayPowerController updatePowerState mPendingRequestLocked=policy=BRIGHT, useProximitySensor=true, useProximitySensorbyPhone=true, screenBrightness=33, screenAutoBrightnessAdjustment=0.0, brightnessSetByUser=true, useAutoBrightness=true, blockScreenOn=false, lowPowerMode=false, boostScreenBrightness=false, dozeScreenBrightness=-1, dozeScreenState=UNKNOWN, useTwilight=false, useSmartBacklight=true, brightnessWaitMode=false, brightnessWaitRet=true, screenAutoBrightness=-1, userId=0
12-17 19:31:41.461  1795  1825 D DisplayPowerController: Animating brightness: target=42, rate=40
12-17 19:31:41.461  1795  1825 I PowerManager_screenOn: PowerManagerService goToSleepNoUpdateLocked: eventTime=123014633, reason=7, flags=0, uid=1000
12-17 19:31:41.461  1795  1825 I PowerManagerService: Going to sleep due to proximity...
12-17 19:31:41.462  1795  1825 I PowerManager_screenOn: PowerManagerNotifier onWakefulnessChangeStarted: wakefulness=3, reason=7, interactive=false, mInteractive=true, mInteractiveChanging=true
12-17 19:31:41.462  1795  1825 I PowerManager_screenOn: PowerManagerServiceonProximityPositivebyPhone -> updatePowerStateLocked
12-17 19:31:41.462  1795  1825 D PowerManagerService: ready=false,policy=3,wakefulness=3,wksummary=0x11,uasummary=0x1,bootcompleted=true,boostinprogress=false,waitmodeenable=false,mode=true,manual=33,auto=-1,adj=0.0userId=0
12-17 19:31:41.462  3180  3578 I ThermalStateManager: handle action thermal policy:208
12-17 19:31:41.462  3218  3236 E HW-JPEG-DEC: [HME_JPEG_DEC_Delete](3298): HME_JPEG_DEC_Delete: decoder_ctx=null
12-17 19:31:41.463  3180  3578 I ash     : ash->screen on
12-17 19:31:41.463  1795  1806 I AlarmManager: remove(PendingIntent{6849bb7: PendingIntentRecord{601e5f3 com.huawei.indexsearch.observer broadcastIntent}}) changed bounds; rebatching
12-17 19:31:41.467  3180  4303 I AwareLog: MemoryRecoveryDMEPlugin: reportScene typeId = 2002
12-17 19:31:41.467  3180  4303 I AwareLog: MemoryRecoveryDMEPlugin: receive sceen on event
12-17 19:31:41.467  3180  4303 I AwareLog: MemoryRecoveryDMEPlugin: the message is still in the messagequeue, remove it
12-17 19:31:41.469  1795  1795 I HwScreenOnProximityLock: preparePoriximityView addView 
12-17 19:31:41.469  3180  3578 I ash     : ash->screen unlock
12-17 19:31:41.471  1795  1795 I HwPointEventFilter: do not support AFT because of no config
12-17 19:31:41.472  1795  1795 D WindowManager: ACTIVITY check resid: android, size=8
12-17 19:31:41.473  1795  1795 V HwPhoneWindowManager: updateSystemUiColorLw window=Window{dba0a8d u0 android},EmuiStyle=0,StatusBarColor=0x0,NavigationBarColor=0x0, mLastIsEmuiLightStyle=-1
12-17 19:31:41.473  1795  1809 D HwPhoneWindowManager: Transact:setSystemUIColor to status bar service
12-17 19:31:41.473  1795  1795 I WindowManger_windowChange: oldFocusWindow: Window{e71ca6c u0 com.android.phone}, currentFocusWindow: Window{dba0a8d u0 android}, currentFocusApp: AppWindowToken{844a0b2 token=Token{2fd6a14 ActivityRecord{b46dc67 u0 com.android.incallui/.InCallActivity t310}}}
12-17 19:31:41.473  2852  2867 I CommandQueue: updateBarBgColor
12-17 19:31:41.473  2852  2867 D CommandQueue: CommandQueue, setBarBackgroundColor
12-17 19:31:41.474  2852  2852 I TintManager: updateBarBgColor:emuiStyle=0,statusBarColor=#00000000,navigationBarColor=#00000000, isEmuiLight=-1
12-17 19:31:41.474  2852  2852 I HwPhoneStatusBarTransitions: restoreBackgroundColor:new=1711276032, old=0
12-17 19:31:41.474  2883  2996 I HwSystemManager: TafficState:default sub id = 0slotIndex = 0 subscriptionId = 0
12-17 19:31:41.474  2852  2852 I HwNavigationBarTransitions: restoreBackgroundColor:new=0, old=0
12-17 19:31:41.475  2852  2852 D TintManager: statusBarIconTint=#B3FFFFFF,navigationBarIconTint=#00000000
12-17 19:31:41.476  3626  3626 I HourObserver: enter into handleScrnOnOffTimeStats, scrnOn = true, mIsPreScrnOn = false, mScrnSwitchTime = 1481974300373, occurTime = 1481974301475, delta = 1102, mScrnOffAccTime = 1728939, mScrnOnAccTime = 107017
12-17 19:31:41.476  3626  3626 I HourObserver: left handleScrnOnOffTimeStats, mScrnOffAccTime = 1730041, mScrnOffAccTime = 1730041, mScrnOnAccTime = 107017
12-17 19:31:41.479  2883  2996 E HwSystemManager: LeisureTrafficSetting:result is empty
12-17 19:31:41.480  1795  1821 I ActivityManager_activity: windowsVisibleLocked(): ActivityRecord{b46dc67 u0 com.android.incallui/.InCallActivity t310} idle: true
12-17 19:31:41.480  1795  1821 I WindowManager: All windows ready for display!
12-17 19:31:41.480  1795  1809 I WindowOrientationListener: WindowOrientationListener enabled
12-17 19:31:41.480  3626  3626 I iMonitor: create: 903001010
12-17 19:31:41.480  1795  1809 I qti_sensors_hal: batch,376,handle 0, timeout:0 ,period_ns:66667000
12-17 19:31:41.481  1795  1809 I qti_sensors_hal: batch:sensor(android.sensor.accelerometer) handle:0 flags:0x0 period_ns 66667000
12-17 19:31:41.482  5224  5224 I Step_LSC: 20002302|logicalDealBroadcastEvent : Intent { act=android.intent.action.SCREEN_ON flg=0x50000010 }
