12-17 19:31:46.214  1795  2680 I AlarmManager: remove(null) changed bounds; rebatching
12-17 19:31:46.214  5215  5215 D wpa_supplicant: wlan0: Control interface command 'BSS RANGE=0- MASK=0x3029d87'
12-17 19:31:46.215  5215  5215 E wpa_supplicant: bssid=80:38:bc:0b:2b:e1;freq=2432;level=-66;flags=11;ssid=Huawei-Employee;
12-17 19:31:46.215  5215  5215 E wpa_supplicant: bssid=00:26:f2:1b:9d:b2;freq=2437;level=-65;flags=11;ssid=NTPC02;
12-17 19:31:46.215  5215  5215 E wpa_supplicant: bssid=80:38:bc:08:42:c1;freq=2452;level=-48;flags=43;ssid=Huawei-Employee;
12-17 19:31:46.215  5215  5215 E wpa_supplicant: bssid=80:38:bc:0b:29:61;freq=2412;level=-54;flags=11;ssid=Huawei-Employee;
12-17 19:31:46.215  5215  5215 E wpa_supplicant: bssid=80:38:bc:0a:fa:e0;freq=2412;level=-78;flags=11;ssid=wlanaccessv2.0;
12-17 19:31:46.216  5215  5215 E wpa_supplicant: bssid=80:38:bc:08:42:e0;freq=2472;level=-62;flags=11;ssid=wlanaccessv2.0;
12-17 19:31:46.216  2883  2996 I HwSystemManager: TafficState:default sub id = 0slotIndex = 0 subscriptionId = 0
12-17 19:31:46.216  5215  5215 E wpa_supplicant: bssid=80:38:bc:0a:f0:61;freq=2432;level=-67;flags=11;ssid=Huawei-Employee;
12-17 19:31:46.216  5215  5215 E wpa_supplicant: bssid=80:38:bc:0b:14:41;freq=2472;level=-70;flags=11;ssid=Huawei-Employee;
12-17 19:31:46.216  5215  5215 D wpa_supplicant: CTRL-DEBUG: global_ctrl_sock-sendto: sock=16 sndbuf=229376 outq=0 send_len=4022
12-17 19:31:46.218  5215  5215 D wpa_supplicant: wlan0: Control interface command 'BSS RANGE=0- MASK=0x3029d87'
12-17 19:31:46.218  5215  5215 E wpa_supplicant: bssid=80:38:bc:0b:2b:e1;freq=2432;level=-66;flags=11;ssid=Huawei-Employee;
12-17 19:31:46.218  5215  5215 E wpa_supplicant: bssid=00:26:f2:1b:9d:b2;freq=2437;level=-65;flags=11;ssid=NTPC02;
12-17 19:31:46.218  5215  5215 E wpa_supplicant: bssid=80:38:bc:08:42:c1;freq=2452;level=-48;flags=43;ssid=Huawei-Employee;
12-17 19:31:46.218  5215  5215 E wpa_supplicant: bssid=80:38:bc:0b:29:61;freq=2412;level=-54;flags=11;ssid=Huawei-Employee;
12-17 19:31:46.219  5215  5215 E wpa_supplicant: bssid=80:38:bc:0a:fa:e0;freq=2412;level=-78;flags=11;ssid=wlanaccessv2.0;
12-17 19:31:46.219  3180  4303 I AwareLog: MemoryRecoveryDMEPlugin: reportScene typeId = 2002
12-17 19:31:46.219  3180  4303 I AwareLog: MemoryRecoveryDMEPlugin: receive sceen off event
12-17 19:31:46.219  5215  5215 E wpa_supplicant: bssid=80:38:bc:08:42:e0;freq=2472;level=-62;flags=11;ssid=wlanaccessv2.0;
12-17 19:31:46.219  5215  5215 E wpa_supplicant: bssid=80:38:bc:0a:f0:61;freq=2432;level=-67;flags=11;ssid=Huawei-Employee;
12-17 19:31:46.219  5215  5215 E wpa_supplicant: bssid=80:38:bc:0b:14:41;freq=2472;level=-70;flags=11;ssid=Huawei-Employee;
12-17 19:31:46.219  5215  5215 D wpa_supplicant: CTRL-DEBUG: global_ctrl_sock-sendto: sock=16 sndbuf=229376 outq=0 send_len=4022
12-17 19:31:46.220  5215  5215 D wpa_supplicant: wlan0: Control interface command 'BSS RANGE=445- MASK=0x3029d87'
12-17 19:31:46.220  5215  5215 E wpa_supplicant: bssid=80:38:bc:0a:ef:c1;freq=2412;level=-85;flags=11;ssid=Huawei-Employee;
12-17 19:31:46.220  5215  5215 E wpa_supplicant: bssid=80:38:bc:0b:29:e1;freq=2452;level=-73;flags=11;ssid=Huawei-Employee;
12-17 19:31:46.220  5215  5215 E wpa_supplicant: bssid=80:38:bc:0a:f1:e1;freq=2472;level=-81;flags=11;ssid=Huawei-Employee;
12-17 19:31:46.221  2883  2996 E HwSystemManager: LeisureTrafficSetting:result is empty
12-17 19:31:46.221  5215  5215 E wpa_supplicant: bssid=80:38:bc:0b:25:e1;freq=2412;level=-90;flags=11;ssid=Huawei-Employee;
12-17 19:31:46.221  5215  5215 E wpa_supplicant: bssid=80:38:bc:0b:04:81;freq=2472;level=-89;flags=11;ssid=Huawei-Employee;
12-17 19:31:46.221  5215  5215 E wpa_supplicant: bssid=80:38:bc:08:42:c0;freq=2452;level=-48;flags=11;ssid=wlanaccessv2.0;
12-17 19:31:46.221  5215  5215 E wpa_supplicant: bssid=80:38:bc:08:43:00;freq=2472;level=-62;flags=11;ssid=wlanaccessv2.0;
12-17 19:31:46.222  5215  5215 D wpa_supplicant: CTRL-DEBUG: global_ctrl_sock-sendto: sock=16 sndbuf=229376 outq=0 send_len=3676
12-17 19:31:46.222  5215  5215 D wpa_supplicant: wlan0: Control interface command 'BSS RANGE=445- MASK=0x3029d87'
12-17 19:31:46.223  5215  5215 E wpa_supplicant: bssid=80:38:bc:0a:ef:c1;freq=2412;level=-85;flags=11;ssid=Huawei-Employee;
12-17 19:31:46.223  5215  5215 E wpa_supplicant: bssid=80:38:bc:0b:29:e1;freq=2452;level=-73;flags=11;ssid=Huawei-Employee;
12-17 19:31:46.223  5215  5215 E wpa_supplicant: bssid=80:38:bc:0a:f1:e1;freq=2472;level=-81;flags=11;ssid=Huawei-Employee;
12-17 19:31:46.223  5215  5215 E wpa_supplicant: bssid=80:38:bc:0b:25:e1;freq=2412;level=-90;flags=11;ssid=Huawei-Employee;
12-17 19:31:46.223  5215  5215 E wpa_supplicant: bssid=80:38:bc:0b:04:81;freq=2472;level=-89;flags=11;ssid=Huawei-Employee;
12-17 19:31:46.224  5215  5215 E wpa_supplicant: bssid=80:38:bc:08:42:c0;freq=2452;level=-48;flags=11;ssid=wlanaccessv2.0;
12-17 19:31:46.224  5215  5215 E wpa_supplicant: bssid=80:38:bc:08:43:00;freq=2472;level=-62;flags=11;ssid=wlanaccessv2.0;
12-17 19:31:46.224  5215  5215 D wpa_supplicant: CTRL-DEBUG: global_ctrl_sock-sendto: sock=16 sndbuf=229376 outq=0 send_len=3676
12-17 19:31:46.224  5215  5215 D wpa_supplicant: wlan0: Control interface command 'BSS RANGE=452- MASK=0x3029d87'
12-17 19:31:46.225  5215  5215 E wpa_supplicant: bssid=80:38:bc:0b:16:21;freq=2452;level=-70;flags=11;ssid=Huawei-Employee;
12-17 19:31:46.225  2883  2996 I HwSystemManager: NatTrafficNotifyService:delta byte = 0 no traffic delta = 0Traffic state is 301
12-17 19:31:46.225  5215  5215 E wpa_supplicant: bssid=80:38:bc:0a:f9:41;freq=2452;level=-72;flags=11;ssid=Huawei-Employee;
12-17 19:31:46.225  5215  5215 E wpa_supplicant: bssid=80:38:bc:0b:22:a1;freq=2452;level=-73;flags=11;ssid=Huawei-Employee;
12-17 19:31:46.225  5215  5215 E wpa_supplicant: bssid=80:38:bc:0a:ef:41;freq=2452;level=-75;flags=11;ssid=Huawei-Employee;
12-17 19:31:46.225  5215  5215 E wpa_supplicant: bssid=68:8f:84:ef:3f:01;freq=2412;level=-81;flags=11;ssid=Huawei-Employee;
12-17 19:31:46.226  5215  5215 E wpa_supplicant: bssid=80:38:bc:0a:f4:61;freq=2472;level=-84;flags=11;ssid=Huawei-Employee;
12-17 19:31:46.226  5215  5215 E wpa_supplicant: bssid=80:38:bc:0a:f0:c1;freq=2452;level=-86;flags=11;ssid=Huawei-Employee;
12-17 19:31:46.226  5215  5215 D wpa_supplicant: CTRL-DEBUG: global_ctrl_sock-sendto: sock=16 sndbuf=229376 outq=0 send_len=3682
12-17 19:31:46.226  5215  5215 D wpa_supplicant: wlan0: Control interface command 'BSS RANGE=452- MASK=0x3029d87'
12-17 19:31:46.227  5215  5215 E wpa_supplicant: bssid=80:38:bc:0b:16:21;freq=2452;level=-70;flags=11;ssid=Huawei-Employee;
12-17 19:31:46.227  5215  5215 E wpa_supplicant: bssid=80:38:bc:0a:f9:41;freq=2452;level=-72;flags=11;ssid=Huawei-Employee;
12-17 19:31:46.227  5215  5215 E wpa_supplicant: bssid=80:38:bc:0b:22:a1;freq=2452;level=-73;flags=11;ssid=Huawei-Employee;
12-17 19:31:46.227  5215  5215 E wpa_supplicant: bssid=80:38:bc:0a:ef:41;freq=2452;level=-75;flags=11;ssid=Huawei-Employee;
12-17 19:31:46.227  5215  5215 E wpa_supplicant: bssid=68:8f:84:ef:3f:01;freq=2412;level=-81;flags=11;ssid=Huawei-Employee;
12-17 19:31:46.228  5215  5215 E wpa_supplicant: bssid=80:38:bc:0a:f4:61;freq=2472;level=-84;flags=11;ssid=Huawei-Employee;
12-17 19:31:46.228  5215  5215 E wpa_supplicant: bssid=80:38:bc:0a:f0:c1;freq=2452;level=-86;flags=11;ssid=Huawei-Employee;
12-17 19:31:46.228  5215  5215 D wpa_supplicant: CTRL-DEBUG: global_ctrl_sock-sendto: sock=16 sndbuf=229376 outq=0 send_len=3682
12-17 19:31:46.229  3626  3626 I HourObserver: enter into handleScrnOnOffTimeStats, scrnOn = false, mIsPreScrnOn = true, mScrnSwitchTime = 1481974305685, occurTime = 1481974306220, delta = 535, mScrnOffAccTime = 1732261, mScrnOnAccTime = 109007
12-17 19:31:46.229  3626  3626 I HourObserver: left handleScrnOnOffTimeStats, mScrnOffAccTime = 1732261, mScrnOffAccTime = 1732261, mScrnOnAccTime = 109542
12-17 19:31:46.231  5215  5215 D wpa_supplicant: wlan0: Control interface command 'BSS RANGE=459- MASK=0x3029d87'
12-17 19:31:46.231  5215  5215 E wpa_supplicant: bssid=80:38:bc:0b:21:a0;freq=2472;level=-90;flags=11;ssid=wlanaccessv2.0;
12-17 19:31:46.231  2883  2996 I HwSystemManager: ExtraTrafficSetting:result is empty
12-17 19:31:46.231  5215  5215 E wpa_supplicant: bssid=ac:85:3d:be:20:21;freq=2412;level=-90;flags=11;ssid=Huawei-Employee;
12-17 19:31:46.231  5215  5215 E wpa_supplicant: bssid=80:38:bc:0a:ef:61;freq=2472;level=-93;flags=11;ssid=Huawei-Employee;
12-17 19:31:46.232  5215  5215 E wpa_supplicant: bssid=80:38:bc:0a:f2:01;freq=2452;level=-65;flags=11;ssid=Huawei-Employee;
12-17 19:31:46.232  5215  5215 E wpa_supplicant: bssid=80:38:bc:0a:f4:c0;freq=2412;level=-93;flags=11;ssid=wlanaccessv2.0;
12-17 19:31:46.232  5215  5215 E wpa_supplicant: bssid=80:38:bc:0a:f0:21;freq=2472;level=-89;flags=11;ssid=Huawei-Employee;
12-17 19:31:46.232  5215  5215 E wpa_supplicant: bssid=80:38:bc:0a:f9:61;freq=2472;level=-91;flags=11;ssid=Huawei-Employee;
12-17 19:31:46.232  5215  5215 D wpa_supplicant: CTRL-DEBUG: global_ctrl_sock-sendto: sock=16 sndbuf=229376 outq=0 send_len=3676
12-17 19:31:46.232  3626  3626 I iMonitor: create: 903001010
12-17 19:31:46.233  5215  5215 D wpa_supplicant: wlan0: Control interface command 'BSS RANGE=459- MASK=0x3029d87'
12-17 19:31:46.233  5215  5215 E wpa_supplicant: bssid=80:38:bc:0b:21:a0;freq=2472;level=-90;flags=11;ssid=wlanaccessv2.0;
12-17 19:31:46.233  5215  5215 E wpa_supplicant: bssid=ac:85:3d:be:20:21;freq=2412;level=-90;flags=11;ssid=Huawei-Employee;
12-17 19:31:46.233  5215  5215 E wpa_supplicant: bssid=80:38:bc:0a:ef:61;freq=2472;level=-93;flags=11;ssid=Huawei-Employee;
12-17 19:31:46.234  5215  5215 E wpa_supplicant: bssid=80:38:bc:0a:f2:01;freq=2452;level=-65;flags=11;ssid=Huawei-Employee;
12-17 19:31:46.234  5215  5215 E wpa_supplicant: bssid=80:38:bc:0a:f4:c0;freq=2412;level=-93;flags=11;ssid=wlanaccessv2.0;
12-17 19:31:46.234  5215  5215 E wpa_supplicant: bssid=80:38:bc:0a:f0:21;freq=2472;level=-89;flags=11;ssid=Huawei-Employee;
12-17 19:31:46.234  5215  5215 E wpa_supplicant: bssid=80:38:bc:0a:f9:61;freq=2472;level=-91;flags=11;ssid=Huawei-Employee;
12-17 19:31:46.234  5215  5215 D wpa_supplicant: CTRL-DEBUG: global_ctrl_sock-sendto: sock=16 sndbuf=229376 outq=0 send_len=3676
12-17 19:31:46.236  5215  5215 D wpa_supplicant: wlan0: Control interface command 'BSS RANGE=466- MASK=0x3029d87'
12-17 19:31:46.236  5215  5215 E wpa_supplicant: bssid=80:38:bc:0b:04:41;freq=2472;level=-93;flags=11;ssid=Huawei-Employee;
12-17 19:31:46.236  7741  7741 D Mms_TX_NOTIFY: Get no-perm notification callback android.intent.action.SCREEN_OFF
12-17 19:31:46.236  5215  5215 E wpa_supplicant: bssid=80:38:bc:0a:f4:60;freq=2472;level=-95;flags=11;ssid=wlanaccessv2.0;
12-17 19:31:46.237  5215  5215 D wpa_supplicant: CTRL-DEBUG: global_ctrl_sock-sendto: sock=16 sndbuf=229376 outq=0 send_len=1049
12-17 19:31:46.237  5215  5215 D wpa_supplicant: wlan0: Control interface command 'BSS RANGE=466- MASK=0x3029d87'
12-17 19:31:46.237  5215  5215 E wpa_supplicant: bssid=80:38:bc:0b:04:41;freq=2472;level=-93;flags=11;ssid=Huawei-Employee;
12-17 19:31:46.237  5215  5215 E wpa_supplicant: bssid=80:38:bc:0a:f4:60;freq=2472;level=-95;flags=11;ssid=wlanaccessv2.0;
12-17 19:31:46.237  5215  5215 D wpa_supplicant: CTRL-DEBUG: global_ctrl_sock-sendto: sock=16 sndbuf=229376 outq=0 send_len=1049
12-17 19:31:46.238  5215  5215 D wpa_supplicant: wlan0: Control interface command 'BSS RANGE=468- MASK=0x3029d87'
12-17 19:31:46.238  5215  5215 D wpa_supplicant: CTRL-DEBUG: global_ctrl_sock-sendto: sock=16 sndbuf=229376 outq=0 send_len=0
12-17 19:31:46.239  5215  5215 D wpa_supplicant: wlan0: Control interface command 'BSS RANGE=468- MASK=0x3029d87'
12-17 19:31:46.239  5215  5215 D wpa_supplicant: CTRL-DEBUG: global_ctrl_sock-sendto: sock=16 sndbuf=229376 outq=0 send_len=0
12-17 19:31:46.240  3626  3626 I iMonitor: send: 903001010
12-17 19:31:46.240   818  1152 I logserver: handle_exception_events enter
12-17 19:31:46.242  3626  3770 I LSC_903001010: process buffer and get message
