12-17 19:52:47.766   802   802 E ThermalBinder: mThermalService is NULL!
12-17 19:52:47.766   802   802 E Thermal-daemon: Report temperature: [pa_0] temp :28  report_threshold:1
12-17 19:52:47.768   802   802 E Thermal-daemon: [charger_ic] temp_new :28  temp_old :27
12-17 19:52:47.768   802   802 E ThermalBinder: mThermalService is NULL!
12-17 19:52:47.768   802   802 E Thermal-daemon: Report temperature: [charger_ic] temp :28  report_threshold:1
12-17 19:52:47.770   802   802 E Thermal-daemon: [ap] temp_new :28  temp_old :27
12-17 19:52:47.771   802   802 E ThermalBinder: mThermalService is NULL!
12-17 19:52:47.771   802   802 E Thermal-daemon: Report temperature: [ap] temp :28  report_threshold:1
12-17 19:52:48.092  1795  1795 I TrafficMonitor: update:rxPkts:2,txPkts:4,rxBytes:104,txBytes:212
12-17 19:52:48.093  1795  1795 I TrafficMonitor: start expired. level:-1
12-17 19:52:48.093  1795  1795 I TrafficMonitor: gettimer:interval=2000
12-17 19:52:49.066  3782 20886 V AudioManager: isMusicActive...
12-17 19:52:49.067  3782 20886 V AudioManager: isWiredHeadsetOn...
12-17 19:52:49.402  1795  2728 D HwArpVerifier: performPollAndLog:
12-17 19:52:49.428  1795  2728 D hw_netstat: total/181/329,com.huawei.espacev2/104/212,com.tencent.mm/77/117
12-17 19:52:49.432  1795  2728 E HwCHRWebMonitor: WebMonitor [mNetWorkIsSuck=0 mUIDIsSuck=]  WebSpeed [WEBSENDSEGS=6  WEBRESENDSEGS=3  WEBRECVSEGS=2  WEBERRSEGS=0  WEBOUTRSTS=0  WEBESTABLISRST=0  WEBRTTDURATION=2  WEBRTTSEGS=1  WEBSRTT=240  WEBSNDDUPACKS=0  SENDSEGS=3  RESENDSEGS=2  RECVSEGS=1  ERRSEGS=0  OUTRSTS=0  ESTABLISRST=0  RTTDURATION=0  RTTSEGS=1  SNDDUPACKS=0  suckTimes=0 recovage_times=0]
12-17 19:52:49.432  1795  2728 E HwCHRWifiRSSIGroupSummery: updateTcpSummery mRSSI:-55  HwCHRWifiRSSIGroup [rssi_index=4, rtt_tcp_packets=2570, rtt_tcp_duration=13024, rtt_lan_duration=230, rtt_lan_failures=0, rtt_lan_succ=8, rtt_lan_max=124, rtt_lan_min=7,same_area_frequency=0,adjacent_area_frequency=0]
12-17 19:52:49.432  1795  2728 D WifiHW  : wifi_send_command: cmd:'IFNAME=wlan0 PKTCNT_POLL'
12-17 19:52:49.433  5215  5215 D wpa_supplicant: wlan0: Control interface command 'PKTCNT_POLL'
12-17 19:52:49.451  5215  5215 D wpa_supplicant: CTRL-DEBUG: global_ctrl_sock-sendto: sock=16 sndbuf=229376 outq=0 send_len=35
12-17 19:52:49.453  1795  2728 E HwCHRWebMonitor: HwCHRWifiPacketCnt [mTXGood=6, mTXbad=0, mRXGood=3] rssi=-55
12-17 19:52:49.455  1795  2728 E HwCHRWebMonitor: running processName=com.huawei.android.launcher
12-17 19:52:49.457  1795  2728 E HwCHRWebMonitor: HwCHRWifiUIDWebSpeed [appName=com.tencent.mm UID=10105  WEBSENDSEGS=2  WEBRESENDSEGS=0  WEBRECVSEGS=1  WEBERRSEGS=0  WEBOUTRSTS=0  WEBESTABLISRST=0  WEBRTTDURATION=2  WEBRTTSEGS=1  WEBSNDDUPACKS=0  suckTimes=0 recovage_times=0]
12-17 19:52:49.458  1795  2728 E HwCHRWebMonitor: HwCHRWifiUIDWebSpeed [appName=com.huawei.espacev2 UID=10102  WEBSENDSEGS=3  WEBRESENDSEGS=2  WEBRECVSEGS=1  WEBERRSEGS=0  WEBOUTRSTS=0  WEBESTABLISRST=0  WEBRTTDURATION=0  WEBRTTSEGS=0  WEBSNDDUPACKS=0  suckTimes=0 recovage_times=0]
12-17 19:52:49.459  1795  2728 D HwArpVerifier: doCheckAccessInternet
12-17 19:52:49.459  1795  2728 D HwArpVerifier: mAccessWebStatus : rx = 2, tx = 6
12-17 19:52:49.459  1795  2728 D HwArpVerifier: AccessWebStatus : reset all
12-17 19:52:50.097  1795  1795 I TrafficMonitor: update:rxPkts:0,txPkts:0,rxBytes:0,txBytes:0
12-17 19:52:50.097  1795  1795 I TrafficMonitor: start expired. level:-1
12-17 19:52:50.098  1795  1795 I TrafficMonitor: gettimer:interval=2000
12-17 19:52:50.113  7741  7758 D TmoMonitor: Cache monitor msg as screen_off
12-17 19:52:50.721  1795  1795 I MQoS    : onSignal: mSubId=0,currDataSubID=0
12-17 19:52:50.721  2852  3556 I NetworkController.MobileSignalController(0): onSignalStrengthsChanged signalStrength=SignalStrength: -1 0 -1 255 -1 255 -1 255 255 22 -94 -8 300 2147483647 2147483647 false gw|lte level=5 isSuspend=false levelOld=5,mSignalStrength level=5
12-17 19:52:50.721  3858  4126 I amsnl   : csr
12-17 19:52:50.721  1795  1795 I MQoS    : received cell-signal:5
12-17 19:52:50.721  2852  2914 I HwMobileSignalController: updateSignalStrength: signalStrength=SignalStrength: -1 0 -1 255 -1 255 -1 255 255 22 -94 -8 300 2147483647 2147483647 false gw|lte
12-17 19:52:50.724  3858  4126 I amsnl   : t:false, fl: false, p: 2147483647000, ce: true, we: true
12-17 19:52:50.724  1795  6985 I SendBroadcastPermission: action:android.intent.action.SIG_STR, mPermissionType:0
12-17 19:52:50.729  1795  3111 D wifiserviceimpl: netmask =16580607
12-17 19:52:50.730  3858  4126 I amsnl   : m1: false
12-17 19:52:50.731  2852  2914 I HwMobileSignalController: subId:0 phoneType:1 networktype:13 targetClass:3 masterLevel:5 slaveLevel:-1
12-17 19:52:50.732  1795 11747 W ActivityManager: getRunningAppProcesses: caller 10009 does not hold REAL_GET_TASKS; limiting output
12-17 19:52:50.734  3858  4126 I amsnl   : m2: false, m3: false
12-17 19:52:50.734  3858  4126 I amsnl   : c: true, w: false, t: false, l: false
12-17 19:52:51.103  1795  2671 D WifiHW  : wifi_send_command: cmd:'IFNAME=wlan0 SIGNAL_POLL'
12-17 19:52:51.103  5215  5215 D wpa_supplicant: wlan0: Control interface command 'SIGNAL_POLL'
12-17 19:52:51.123  5215  5215 E wpa_supplicant: RSSI=-61;LINKSPEED=72;NOISE=9999;FREQUENCY=2452;
12-17 19:52:51.123  5215  5215 D wpa_supplicant: CTRL-DEBUG: global_ctrl_sock-sendto: sock=16 sndbuf=229376 outq=0 send_len=48
12-17 19:52:51.124  1795  2671 V HwWifiServiceFactory: get AllImpl object = com.android.server.wifi.HwWifiServiceFactoryImpl@c332618
12-17 19:52:51.124  1795  2671 E WifiConfigManager: updateConfiguration freq=2452 BSSID=80:38:bc:08:42:c1 RSSI=-61 "Huawei-Employee"WPA_EAP
12-17 19:52:51.125  1795  2671 D WifiHW  : wifi_send_command: cmd:'IFNAME=wlan0 PKTCNT_POLL'
12-17 19:52:51.125  5215  5215 D wpa_supplicant: wlan0: Control interface command 'PKTCNT_POLL'
12-17 19:52:51.143  5215  5215 D wpa_supplicant: CTRL-DEBUG: global_ctrl_sock-sendto: sock=16 sndbuf=229376 outq=0 send_len=35
12-17 19:52:51.147  1795  2739 D HuaweiWifiWatchdogStateMachine: LM mrssi=-61
12-17 19:52:51.147  1795  1795 D WiFi_PRO: MSG_RETURN_AP_CURRY_RSSI rssi = -61
12-17 19:52:51.147  1795  1795 I QosMonitor: queryRtt: rtt_type = 3
12-17 19:52:51.147  1795  2739 D HuaweiWifiWatchdogStateMachine: 80:38:bc:08:42:c1 current loss[-61]=0%, volume=7
12-17 19:52:51.147  1795  1795 I WifiProJNI: ######### GET RTT:3 ########
12-17 19:52:51.147  1795  1795 D WifiProJNI: send_cmd_kernel: cmd=7
12-17 19:52:51.147  1795  2739 D HuaweiWifiWatchdogStateMachine: 80:38:bc:08:42:c1 history loss[-61]=0.15%, volume=36419
12-17 19:52:51.147  1795  2737 D WifiProJNI: Received kernel message payload: event 4
12-17 19:52:51.148  1795  2739 I HuaweiWifiWatchdogStateMachine: spd good count:0, add sc:0.0, rate:1.0
12-17 19:52:51.148  1795  2737 I QosMonitor: postEventFromNative: msg=100,arg1=4,arg2=9
12-17 19:52:51.148  1795  2739 I HuaweiWifiWatchdogStateMachine: current mHighDataFlowRate = 1.0
12-17 19:52:51.148  1795  2737 W WifiProJNI: poll before: g_monitor_fd =310
12-17 19:52:51.148  1795  2739 I HuaweiWifiWatchdogStateMachine: POta txb txg rxg:0, 7, 0. Lr =0% Totpkt=7
12-17 19:52:51.148  1795  1795 D HuaweiWifiWatchdogStateMachine: 80:38:bc:08:42:c1 current RTT[-61]=160, volume=1
12-17 19:52:51.148  1795  1795 D HuaweiWifiWatchdogStateMachine: 80:38:bc:08:42:c1 history RTT[-61]=425, volume=298
12-17 19:52:51.148  1795  1795 D HuaweiWifiWatchdogStateMachine: setSampleRtt: rtt=160,rtt_pkts =1,rtt_when=6
12-17 19:52:51.148  1795  1795 I WifiProJNI: ######### CMD_QUERY_PKTS ########
12-17 19:52:51.148  1795  1795 D WifiProJNI: send_cmd_kernel: cmd=1
12-17 19:52:51.148  1795  1795 I QosMonitor: resetRtt: rtt_type = 3
12-17 19:52:51.148  1795  1795 I WifiProJNI: ######### RESET RTT:3 ########
12-17 19:52:51.148  1795  2737 D WifiProJNI: Received kernel message payload: event 0
12-17 19:52:51.148  1795  1795 D WifiProJNI: send_cmd_kernel: cmd=6
12-17 19:52:51.149  1795  2737 I QosMonitor: postEventFromNative: msg=100,arg1=0,arg2=9
12-17 19:52:51.149  1795  2737 W WifiProJNI: poll before: g_monitor_fd =310
12-17 19:52:51.149  1795  1795 I MQoS    : rtt=240,tcp_tx_pkts=1485264,tcp_rx_pkts=1771072
12-17 19:52:51.150  1795  5350 I MQoS    : QOS_level:0(0),DataDisable;use level-0
12-17 19:52:51.151  1795  2739 D HuaweiWifiWatchdogStateMachine: dumpTcpResult: len=9,rtt=240,rttPkt=3,rttWn=6,cgt=16,cgtWn=12289441
12-17 19:52:51.151  1795  2739 I HuaweiWifiWatchdogStateMachine: PTcp RTT:240, rtt pkt=3, tcp_rx=2, tcp_tx=5, tcp_reTran=1, rtRate=0.2
12-17 19:52:51.151  1795  2739 D HuaweiWifiWatchdogStateMachine: isRttGood is good, AvgRtt = 240, TotPkt = 3
12-17 19:52:51.151  1795  2739 D HuaweiWifiWatchdogStateMachine: mRssiBadCount =0, RSSI not bad.
12-17 19:52:51.151  1795  2739 D HuaweiWifiWatchdogStateMachine: detectNetworkAvailable:hw.wifipro.dns_fail_count = 1001
12-17 19:52:51.151  1795  2739 D HuaweiWifiWatchdogStateMachine: detectNetworkAvailable: tcpRxPkts != 0, reset
12-17 19:52:51.151  1795  2739 I HuaweiWifiWatchdogStateMachine: rs ota tcp lr rttvb bad: false, false, false, false, false; rsth:-75
12-17 19:52:51.152  1795  2739 D HuaweiWifiWatchdogStateMachine: GSC:0, GSR:1.0, RSR:1.0, RTH:-75
12-17 19:52:51.152  1795  2739 D HuaweiWifiWatchdogStateMachine: bqeLevel = 3 rtt=240,rtt_pkts=3 speed=37 rssi=-61
12-17 19:52:51.152  1795  2739 D HuaweiWifiWatchdogStateMachine: Enter updateQoeLevel level = 3
12-17 19:52:51.152  1795  2739 D HuaweiWifiWatchdogStateMachine: updateQoeLevel current level equal to mLastDetectLevel, return
12-17 19:52:51.152  1795  2739 I HuaweiWifiWatchdogStateMachine:  pkt chk not bad, reset sc to 0.
12-17 19:52:51.152  1795  2739 D HuaweiWifiWatchdogStateMachine: ### mPktChkBadCnt=0
12-17 19:52:51.282  1795  1807 D DeviceIdleController: handleMessage(8)
12-17 19:52:51.283  1795  1807 D DeviceIdleController: Exit: start=+5d3h21m42s488ms now=+5d3h21m47s646ms
12-17 19:52:51.283  1795  1807 D DeviceIdleController: stepLightIdleStateLocked: mLightState=6
12-17 19:52:51.283  1795  1807 D DeviceIdleController: scheduleLightAlarmLocked(600000)
12-17 19:52:51.283  1795  1807 I AlarmManager: set(null) : type=2 triggerAtTime=444707646 win=450000 tElapsed=444707646 maxElapsed=445157646 interval=0 flags=0x8
12-17 19:52:51.284  1795  1807 I AlarmManager: remove(null) changed bounds; rebatching
12-17 19:52:51.291  1795  1807 D DeviceIdleController: Moved to LIGHT_STATE_IDLE.
12-17 19:52:51.292  1795  1807 D PowerManagerService: release:lock=114070926, flg=0x0, tag="deviceidle_maint", name=android", ws=null, uid=1000, pid=1795
