12-17 19:35:03.837  2852  2914 I HwMobileSignalController: updateSignalStrength: signalStrength=SignalStrength: -1 0 -1 255 -1 255 -1 255 255 31 -68 -9 212 2147483647 2147483647 false gw|lte
12-17 19:35:03.838  1795  1795 I TrafficMonitor: expired arrive. level:-1
12-17 19:35:03.838  1795  1795 I TrafficMonitor: during_ms:2001,period_ms:2000
12-17 19:35:03.838  1795  1795 I TrafficMonitor: count:87,rx_sum:9,tx_sum:10,rxBytes:2286,during_ms:2001,rx_speed:1142.4287856071965,tx_speed:807.096451774113,rto:0.9
12-17 19:35:03.838  1795  1795 D HuaweiWifiWatchdogStateMachine: speed: rxpkt:9, rxSpd:1142B/s, txpkt:10, txSpd:807
12-17 19:35:03.840  1795 11745 D wifiserviceimpl: netmask =16580607
12-17 19:35:03.840  3858  4126 I amsnl   : m1: false
12-17 19:35:03.843  1795  1806 W ActivityManager: getRunningAppProcesses: caller 10009 does not hold REAL_GET_TASKS; limiting output
12-17 19:35:03.844  3858  4126 I amsnl   : m2: false, m3: false
12-17 19:35:03.844  2852  2914 I HwMobileSignalController: subId:0 phoneType:1 networktype:13 targetClass:3 masterLevel:5 slaveLevel:-1
12-17 19:35:03.845  3858  4126 I amsnl   : c: true, w: true, t: false, l: false
12-17 19:35:03.890  5224  5224 I Step_LSC: 20002302|onStandStepChanged 65617
12-17 19:35:03.891  5224  5224 I Step_LSC: 20002302|compensate received
12-17 19:35:03.892  5224  5224 I Step_LSC: 20002302|onStandStepChanged 65618
12-17 19:35:03.893  5224  5224 I Step_LSC: 20002302|compensate received
12-17 19:35:03.894  5224  5224 I Step_LSC: 20002302|onStandStepChanged 65619
12-17 19:35:03.895  5224  5224 I Step_LSC: 20002302|compensate received
12-17 19:35:03.898  5224  5283 I Step_DataCache: 20002302|getTodayTotalSteps 4241
12-17 19:35:03.898  5224  5283 I Step_ExtendStepDataManager: 20002302|before compensate: cache step_4241
12-17 19:35:03.902  5224  5283 I Step_DataCache: 20002302|getTodayTotalSteps 4241
12-17 19:35:03.903  5224  5283 I Step_ExtendStepDataManager: 20002302|compensate 24699575 5
12-17 19:35:03.906  5224  5283 I Step_DataCache: 20002302|getTodayTotalSteps 4242
12-17 19:35:03.907  5224  5283 I Step_ExtendStepDataManager: 20002302|after compensate: cache step_4242
12-17 19:35:03.911  5224  5283 I Step_DataCache: 20002302|getTodayTotalSteps 4242
12-17 19:35:03.912  5224  5283 I Step_ExtendStepDataManager: 20002302|before compensate: cache step_4242
12-17 19:35:03.915  5224  5283 I Step_DataCache: 20002302|getTodayTotalSteps 4242
12-17 19:35:03.917  5224  5283 I Step_ExtendStepDataManager: 20002302|compensate 24699575 6
12-17 19:35:03.920  5224  5283 I Step_DataCache: 20002302|getTodayTotalSteps 4243
12-17 19:35:03.921  5224  5283 I Step_ExtendStepDataManager: 20002302|after compensate: cache step_4243
12-17 19:35:03.922  1795  2377 I AwareLog: AwareMem_EventTracker: [POLLING_TIMEOUT_123101539] is abandoned for memory 824992
12-17 19:35:03.924  5224  5283 I Step_DataCache: 20002302|getTodayTotalSteps 4243
12-17 19:35:03.924  5224  5283 I Step_ExtendStepDataManager: 20002302|before compensate: cache step_4243
12-17 19:35:03.926  5224  5283 I Step_DataCache: 20002302|getTodayTotalSteps 4243
12-17 19:35:03.927  5224  5283 I Step_ExtendStepDataManager: 20002302|compensate 24699575 7
12-17 19:35:03.929  5224  5283 I Step_DataCache: 20002302|getTodayTotalSteps 4244
12-17 19:35:03.929  5224  5283 I Step_ExtendStepDataManager: 20002302|after compensate: cache step_4244
12-17 19:35:03.997  5224  5283 I Step_LSC: 20002302|REPORT : 4244 90725 3025 0
12-17 19:35:03.998  5224  5283 I SendBroadcastPermission: action:android.com.huawei.bone.NOTIFY_SPORT_DATA, mPermissionType:0
12-17 19:35:04.003  5224  5283 I SendBroadcastPermission: action:android.com.huawei.bone.NOTIFY_SPORT_DATA, mPermissionType:0
12-17 19:35:04.006  1795  3139 I HwActivityManagerService: Split enqueueing broadcast [callerApp]:ProcessRecord{580cfb2 5224:com.huawei.health:DaemonService/u0a99}
12-17 19:35:04.009  2852  2852 I EventCenter: EventCenter Get :android.com.huawei.bone.NOTIFY_SPORT_DATA
12-17 19:35:04.009  2852  2852 D StepCounterView: onStepCounterChange stepsNum:4244
12-17 19:35:04.009  5224  5283 I Step_HSNH: 20002302|upDateHealthNotification()|91|3.03|4244
12-17 19:35:04.013  5224  5283 I Step_HSNH: 20002302|rebuild notification
12-17 19:35:04.020  1795 16499 I NotificationManager: enqueueNotificationInternal: pkg=com.huawei.health id=10010 notification=Notification(pri=0 contentView=null vibrate=null sound=null defaults=0x0 flags=0x2 color=0x00000000 vis=PRIVATE)
12-17 19:35:04.022  1795  1795 I NotificationManager: enqueueNotificationInternal: n.getKey = 0|com.huawei.health|10010|null|10099
12-17 19:35:04.024  1795  1795 V NotificationService: disableEffects=null canInterrupt=false once update: false
12-17 19:35:04.028  2852  2852 I StatusBar: onNotificationPosted: StatusBarNotification(pkg=com.huawei.health user=UserHandle{0} id=10010 tag=null key=0|com.huawei.health|10010|null|10099: Notification(pri=0 contentView=null vibrate=null sound=null defaults=0x0 flags=0x62 color=0x00000000 vis=PRIVATE)) important=2, post=1481974504020, when=1481531589202, vis=0, userid=0
12-17 19:35:04.029  2852  2852 D StatusBar: updateNotification(StatusBarNotification(pkg=com.huawei.health user=UserHandle{0} id=10010 tag=null key=0|com.huawei.health|10010|null|10099: Notification(pri=0 contentView=null vibrate=null sound=null defaults=0x0 flags=0x62 color=0x00000000 vis=PRIVATE)))
12-17 19:35:04.031  2852  2852 D HwCust  : Create obj success use class android.app.HwCustNotificationImpl
12-17 19:35:04.032  2852  2852 I StatusBarIconView: updateTint: tint=0
12-17 19:35:04.034  2852  2852 D StatusBar: No peeking: unimportant notification: 0|com.huawei.health|10010|null|10099
12-17 19:35:04.035  2852  2852 D StatusBar: applyInPlace=true shouldPeek=false alertAgain=true
12-17 19:35:04.035  2852  2852 I NotificationGroupManager: onEntryUpdated:0|com.huawei.health|10010|null|10099
12-17 19:35:04.035  2852  2852 I NotificationGroupManager: onEntryAdded:0|com.huawei.health|10010|null|10099, group=0|com.huawei.health|10010|null|10099
12-17 19:35:04.035  2852  2852 D StatusBar: reusing notification for key: 0|com.huawei.health|10010|null|10099
12-17 19:35:04.035  2852  2852 D HwCust  : Create obj success use class android.app.HwCustNotificationImpl
12-17 19:35:04.036  2852  2852 D HwCust  : Create obj success use class android.app.HwCustNotificationImpl
12-17 19:35:04.037  2852  2852 I StatusBarIconView: updateTint: tint=0
12-17 19:35:04.048  2852  2852 I HwPhoneStatusBar: updateNotificationShade
12-17 19:35:04.048  2852  2852 I PhoneStatusBar: updateNotificationShade
12-17 19:35:04.048  2852  2852 I PhoneStatusBar: removeNotificationChildren
12-17 19:35:04.048  2852  2852 I HwNotificationIconAreaController: showNotificationAll
12-17 19:35:04.051  2852  2852 I NotificationContentView: transferRemoteInputFocus: 0
12-17 19:35:04.051  2852  2852 I NotificationContentView: transferRemoteInputFocus: 0
12-17 19:35:04.052  2852  2852 I StackScrollAlgorithm: updateClipping isOverlap:false
12-17 19:35:04.052  2852  2852 I StackScrollAlgorithm: updateDimmedActivatedHideSensitive overlap:false
12-17 19:35:04.130  3879  4071 D HwLauncher: Launcher.LauncherProvider  launcher-restore query - uri:content://com.huawei.android.launcher.settings/badge
12-17 19:35:04.135  3879  4071 I HwLauncher: Launcher.LauncherProvider  queried count: 1
12-17 19:35:04.137  3879  4071 I HwLauncher: BadgeContentObserver  getBadgeNumber: 0 mComponentName :ComponentInfo{com.tencent.mm/com.tencent.mm.ui.LauncherUI}
12-17 19:35:04.137  3879  4071 I HwLauncher: BadgeContentObserver newBadgeNumber:0,oldBadgeNumber:1 mComponentName : ComponentInfo{com.tencent.mm/com.tencent.mm.ui.LauncherUI}
12-17 19:35:04.138  3879  4071 D ApplicationPackageManager: queryIntentActivitiesAsUser size results:1, for package:com.tencent.mm
12-17 19:35:04.138  3879  4071 I HwLauncher: AllIdleAppsList  updatePackage  isCloneApp =  false
12-17 19:35:04.138  1795  3884 D ApplicationPackageManager: queryIntentActivitiesAsUser size results:1, for package:com.tencent.mm
12-17 19:35:04.139  3879  4071 I HwLauncher: AllIdleAppsList  updatePackage : package[com.tencent.mm] matched activity's size is 1 and data List size is 69
12-17 19:35:04.146  3879  4071 I HwResourcesImpl: load icon id : 7f020360, pkgName : com.tencent.mm
12-17 19:35:04.146  3879  4071 W CfgFilePolicy: No config file found for:/themes/diff/icons
12-17 19:35:04.146  3879  4071 W CfgFilePolicy: CFG_DIRS length : 9
12-17 19:35:04.146  3879  4071 I HwResourcesImpl: icon : com.tencent.mm found in app
12-17 19:35:04.148  3879  4071 E HW-JPEG-DEC: [HME_JPEG_DEC_Delete](3298): HME_JPEG_DEC_Delete: decoder_ctx=null
12-17 19:35:04.157  3879  4071 I HwLauncher: Launcher.IconCache, cacheLocked  Utilities.createIconBitmap entry.title = 微信 ComponentName:ComponentInfo{com.tencent.mm/com.tencent.mm.ui.LauncherUI} user:UserHandle{0}
12-17 19:35:04.158  3879  4071 D HwLauncher: Launcher.LauncherProvider  launcher-restore query - uri:content://com.huawei.android.launcher.settings/badge
12-17 19:35:04.166  3879  4071 I HwLauncher: Launcher.LauncherProvider  queried count: 1
12-17 19:35:04.172  3879  4071 I HwLauncher: BadgeContentObserver  getBadgeNumber: 0 mComponentName :ComponentInfo{com.tencent.mm/com.tencent.mm.ui.LauncherUI}
12-17 19:35:04.172  3879  4071 I HwLauncher: Workspace  The same unread count.
12-17 19:35:04.172  3879  4071 I HwLauncher: Workspace updateCustomizeShortcuts view invalidate ShortcutInfo(title=微信)
12-17 19:35:04.172  3879  3879 I HwLauncher: Launcher.Folder childCount: 7
12-17 19:35:04.172  3879  3879 I HwLauncher: Launcher.Folder childCount: 2
12-17 19:35:04.173  3879  4071 D HwLauncher: Launcher.LauncherProvider  launcher-restore query - uri:content://com.huawei.android.launcher.settings/badge
12-17 19:35:04.173  3879  3879 I HwLauncher: Launcher.Folder childCount: 6
12-17 19:35:04.173  3879  3879 I HwLauncher: Launcher.Folder childCount: 3
12-17 19:35:04.175  3879  4071 I HwLauncher: Launcher.LauncherProvider  queried count: 1
12-17 19:35:04.177  3879  4071 I HwLauncher: BadgeContentObserver  getBadgeNumber: 0 mComponentName :ComponentInfo{com.tencent.mm/com.tencent.mm.ui.LauncherUI}
12-17 19:35:04.438  1795  2671 D WifiHW  : wifi_send_command: cmd:'IFNAME=wlan0 SIGNAL_POLL'
12-17 19:35:04.438  5215  5215 D wpa_supplicant: wlan0: Control interface command 'SIGNAL_POLL'
12-17 19:35:04.458  5215  5215 E wpa_supplicant: RSSI=-58;LINKSPEED=72;NOISE=9999;FREQUENCY=2452;
12-17 19:35:04.458  5215  5215 D wpa_supplicant: CTRL-DEBUG: global_ctrl_sock-sendto: sock=16 sndbuf=229376 outq=0 send_len=48
12-17 19:35:04.459  1795  2671 V HwWifiServiceFactory: get AllImpl object = com.android.server.wifi.HwWifiServiceFactoryImpl@c332618
12-17 19:35:04.460  1795  2671 E WifiConfigManager: updateConfiguration freq=2452 BSSID=80:38:bc:08:42:c1 RSSI=-59 "Huawei-Employee"WPA_EAP
12-17 19:35:04.460  1795  2671 D WifiHW  : wifi_send_command: cmd:'IFNAME=wlan0 PKTCNT_POLL'
