12-17 19:32:06.416  5215  5215 D wpa_supplicant: IEs - hexdump(len=194): 00 0f 48 75 61 77 65 69 2d 45 6d 70 6c 6f 79 65 65 01 08 82 84 0b 16 0c 12 18 24 03 01 0d 05 04 ...
12-17 19:32:06.416  5215  5215 D wpa_supplicant: Beacon IEs - hexdump(len=194): 00 0f 48 75 61 77 65 69 2d 45 6d 70 6c 6f 79 65 65 01 08 82 84 0b 16 0c 12 18 24 03 01 0d 05 04 ...
12-17 19:32:06.416  5215  5215 D wpa_supplicant: 80:38:bc:0b:29:61 freq=2412 qual=0 noise=-89~ level=-77 snr=12 flags=0xb age=0 est=36000
12-17 19:32:06.416  5215  5215 D wpa_supplicant: IEs - hexdump(len=194): 00 0f 48 75 61 77 65 69 2d 45 6d 70 6c 6f 79 65 65 01 08 82 84 0b 16 0c 12 18 24 03 01 01 05 04 ...
12-17 19:32:06.416  5215  5215 D wpa_supplicant: Beacon IEs - hexdump(len=194): 00 0f 48 75 61 77 65 69 2d 45 6d 70 6c 6f 79 65 65 01 08 82 84 0b 16 0c 12 18 24 03 01 01 05 04 ...
12-17 19:32:06.416  5215  5215 D wpa_supplicant: 80:38:bc:0a:fa:e1 freq=2412 qual=0 noise=-89~ level=-79 snr=10 flags=0xb age=0 est=24000
12-17 19:32:06.416  5215  5215 D wpa_supplicant: IEs - hexdump(len=194): 00 0f 48 75 61 77 65 69 2d 45 6d 70 6c 6f 79 65 65 01 08 82 84 0b 16 0c 12 18 24 03 01 01 05 04 ...
12-17 19:32:06.417  5215  5215 D wpa_supplicant: Beacon IEs - hexdump(len=194): 00 0f 48 75 61 77 65 69 2d 45 6d 70 6c 6f 79 65 65 01 08 82 84 0b 16 0c 12 18 24 03 01 01 05 04 ...
12-17 19:32:06.417  5215  5215 D wpa_supplicant: 80:38:bc:0b:34:a0 freq=2472 qual=0 noise=-89~ level=-81 snr=8 flags=0xb age=0 est=19500
12-17 19:32:06.417  5215  5215 D wpa_supplicant: IEs - hexdump(len=193): 00 0e 77 6c 61 6e 61 63 63 65 73 73 76 32 2e 30 01 08 82 84 0b 16 0c 12 18 24 03 01 0d 05 04 00 ...
12-17 19:32:06.417  5215  5215 D wpa_supplicant: Beacon IEs - hexdump(len=193): 00 0e 77 6c 61 6e 61 63 63 65 73 73 76 32 2e 30 01 08 82 84 0b 16 0c 12 18 24 03 01 0d 05 04 00 ...
12-17 19:32:06.417  5215  5215 D wpa_supplicant: 80:38:bc:0b:36:e0 freq=2452 qual=0 noise=-89~ level=-82 snr=7 flags=0xb age=0 est=18000
12-17 19:32:06.417  5215  5215 D wpa_supplicant: IEs - hexdump(len=193): 00 0e 77 6c 61 6e 61 63 63 65 73 73 76 32 2e 30 01 08 82 84 0b 16 0c 12 18 24 03 01 09 05 04 00 ...
12-17 19:32:06.417  5215  5215 D wpa_supplicant: Beacon IEs - hexdump(len=193): 00 0e 77 6c 61 6e 61 63 63 65 73 73 76 32 2e 30 01 08 82 84 0b 16 0c 12 18 24 03 01 09 05 04 00 ...
12-17 19:32:06.417  5215  5215 D wpa_supplicant: 80:38:bc:0a:f0:61 freq=2432 qual=0 noise=-89~ level=-83 snr=6 flags=0xb age=0 est=13000
12-17 19:32:06.417  5215  5215 D wpa_supplicant: IEs - hexdump(len=194): 00 0f 48 75 61 77 65 69 2d 45 6d 70 6c 6f 79 65 65 01 08 82 84 0b 16 0c 12 18 24 03 01 05 05 04 ...
12-17 19:32:06.417  5215  5215 D wpa_supplicant: Beacon IEs - hexdump(len=194): 00 0f 48 75 61 77 65 69 2d 45 6d 70 6c 6f 79 65 65 01 08 82 84 0b 16 0c 12 18 24 03 01 05 05 04 ...
12-17 19:32:06.417  5215  5215 D wpa_supplicant: 80:38:bc:0a:fa:e0 freq=2412 qual=0 noise=-89~ level=-84 snr=5 flags=0xb age=0 est=9000
12-17 19:32:06.417  5215  5215 D wpa_supplicant: IEs - hexdump(len=193): 00 0e 77 6c 61 6e 61 63 63 65 73 73 76 32 2e 30 01 08 82 84 0b 16 0c 12 18 24 03 01 01 05 04 00 ...
12-17 19:32:06.417  5215  5215 D wpa_supplicant: Beacon IEs - hexdump(len=193): 00 0e 77 6c 61 6e 61 63 63 65 73 73 76 32 2e 30 01 08 82 84 0b 16 0c 12 18 24 03 01 01 05 04 00 ...
12-17 19:32:06.417  5215  5215 D wpa_supplicant: 80:38:bc:06:d2:ab freq=2412 qual=0 noise=-89~ level=-85 snr=4 flags=0xb age=0 est=6500
12-17 19:32:06.417  5215  5215 D wpa_supplicant: IEs - hexdump(len=172): 00 00 01 08 82 84 8b 96 0c 12 18 24 03 01 01 05 04 00 01 00 00 07 10 44 42 20 20 13 1b 00 10 1b ...
12-17 19:32:06.417  5215  5215 D wpa_supplicant: Beacon IEs - hexdump(len=172): 00 00 01 08 82 84 8b 96 0c 12 18 24 03 01 01 05 04 00 01 00 00 07 10 44 42 20 20 13 1b 00 10 1b ...
12-17 19:32:06.417  5215  5215 D wpa_supplicant: 80:38:bc:0a:f2:00 freq=2452 qual=0 noise=-89~ level=-85 snr=4 flags=0xb age=0 est=6500
12-17 19:32:06.417  5215  5215 D wpa_supplicant: IEs - hexdump(len=193): 00 0e 77 6c 61 6e 61 63 63 65 73 73 76 32 2e 30 01 08 82 84 0b 16 0c 12 18 24 03 01 09 05 04 00 ...
12-17 19:32:06.417  5215  5215 D wpa_supplicant: Beacon IEs - hexdump(len=193): 00 0e 77 6c 61 6e 61 63 63 65 73 73 76 32 2e 30 01 08 82 84 0b 16 0c 12 18 24 03 01 09 05 04 00 ...
12-17 19:32:06.418  1795  2332 I qti_sensors_hal: [ACC]processReportInd: X: 7.905667 Y: 5.647635 Z: 2.358393  x_offset:0.160831 y_offset:0.184366 z_offset:0.985027
12-17 19:32:06.418  5215  5215 D wpa_supplicant: 80:38:bc:0b:31:e1 freq=2412 qual=0 noise=-89~ level=-87 snr=2 flags=0xb age=0 est=6500
12-17 19:32:06.418  5215  5215 D wpa_supplicant: IEs - hexdump(len=194): 00 0f 48 75 61 77 65 69 2d 45 6d 70 6c 6f 79 65 65 01 08 82 84 0b 16 0c 12 18 24 03 01 01 05 04 ...
12-17 19:32:06.418  5215  5215 D wpa_supplicant: Beacon IEs - hexdump(len=194): 00 0f 48 75 61 77 65 69 2d 45 6d 70 6c 6f 79 65 65 01 08 82 84 0b 16 0c 12 18 24 03 01 01 05 04 ...
12-17 19:32:06.418  5215  5215 D wpa_supplicant: 80:38:bc:0a:f1:e1 freq=2472 qual=0 noise=-89~ level=-87 snr=2 flags=0xb age=0 est=6500
12-17 19:32:06.418  5215  5215 D wpa_supplicant: IEs - hexdump(len=194): 00 0f 48 75 61 77 65 69 2d 45 6d 70 6c 6f 79 65 65 01 08 82 84 0b 16 0c 12 18 24 03 01 0d 05 04 ...
12-17 19:32:06.418 31949 31967 I TCP     : WatchThread{4786} TcpClientThread.closeSocket(TcpClientThread.java:396) closed socket.
12-17 19:32:06.418  5215  5215 D wpa_supplicant: Beacon IEs - hexdump(len=194): 00 0f 48 75 61 77 65 69 2d 45 6d 70 6c 6f 79 65 65 01 08 82 84 0b 16 0c 12 18 24 03 01 0d 05 04 ...
12-17 19:32:06.419  5215  5215 D wpa_supplicant: 80:38:bc:0b:04:41 freq=2472 qual=0 noise=-89~ level=-88 snr=1 flags=0xb age=0 est=6500
12-17 19:32:06.419  5215  5215 D wpa_supplicant: IEs - hexdump(len=194): 00 0f 48 75 61 77 65 69 2d 45 6d 70 6c 6f 79 65 65 01 08 82 84 0b 16 0c 12 18 24 03 01 0d 05 04 ...
12-17 19:32:06.419  5215  5215 D wpa_supplicant: Beacon IEs - hexdump(len=194): 00 0f 48 75 61 77 65 69 2d 45 6d 70 6c 6f 79 65 65 01 08 82 84 0b 16 0c 12 18 24 03 01 0d 05 04 ...
12-17 19:32:06.419  5215  5215 D wpa_supplicant: 80:38:bc:0a:f9:81 freq=2412 qual=0 noise=-89~ level=-88 snr=1 flags=0xb age=0 est=6500
12-17 19:32:06.419  5215  5215 D wpa_supplicant: IEs - hexdump(len=194): 00 0f 48 75 61 77 65 69 2d 45 6d 70 6c 6f 79 65 65 01 08 82 84 0b 16 0c 12 18 24 03 01 01 05 04 ...
12-17 19:32:06.419  5215  5215 D wpa_supplicant: Beacon IEs - hexdump(len=194): 00 0f 48 75 61 77 65 69 2d 45 6d 70 6c 6f 79 65 65 01 08 82 84 0b 16 0c 12 18 24 03 01 01 05 04 ...
12-17 19:32:06.419  5215  5215 D wpa_supplicant: 80:38:bc:0b:36:e1 freq=2452 qual=0 noise=-89~ level=-88 snr=1 flags=0xb age=0 est=6500
12-17 19:32:06.419  5215  5215 D wpa_supplicant: IEs - hexdump(len=194): 00 0f 48 75 61 77 65 69 2d 45 6d 70 6c 6f 79 65 65 01 08 82 84 0b 16 0c 12 18 24 03 01 09 05 04 ...
12-17 19:32:06.419  5215  5215 D wpa_supplicant: Beacon IEs - hexdump(len=194): 00 0f 48 75 61 77 65 69 2d 45 6d 70 6c 6f 79 65 65 01 08 82 84 0b 16 0c 12 18 24 03 01 09 05 04 ...
12-17 19:32:06.419  5215  5215 D wpa_supplicant: 80:38:bc:0b:1d:81 freq=2472 qual=0 noise=-89~ level=-88 snr=1 flags=0xb age=0 est=6500
12-17 19:32:06.419  5215  5215 D wpa_supplicant: IEs - hexdump(len=194): 00 0f 48 75 61 77 65 69 2d 45 6d 70 6c 6f 79 65 65 01 08 82 84 0b 16 0c 12 18 24 03 01 0d 05 04 ...
12-17 19:32:06.419  5215  5215 D wpa_supplicant: Beacon IEs - hexdump(len=194): 00 0f 48 75 61 77 65 69 2d 45 6d 70 6c 6f 79 65 65 01 08 82 84 0b 16 0c 12 18 24 03 01 0d 05 04 ...
12-17 19:32:06.419  5215  5215 D wpa_supplicant: 80:38:bc:0b:22:20 freq=2432 qual=0 noise=-89~ level=-89 snr=0 flags=0xb age=0 est=6500
12-17 19:32:06.419  5215  5215 D wpa_supplicant: IEs - hexdump(len=193): 00 0e 77 6c 61 6e 61 63 63 65 73 73 76 32 2e 30 01 08 82 84 0b 16 0c 12 18 24 03 01 05 05 04 00 ...
12-17 19:32:06.419  5215  5215 D wpa_supplicant: Beacon IEs - hexdump(len=193): 00 0e 77 6c 61 6e 61 63 63 65 73 73 76 32 2e 30 01 08 82 84 0b 16 0c 12 18 24 03 01 05 05 04 00 ...
12-17 19:32:06.419  5215  5215 D wpa_supplicant: ac:85:3d:be:20:21 freq=2412 qual=0 noise=-89~ level=-89 snr=0 flags=0xb age=0 est=6500
12-17 19:32:06.419  5215  5215 D wpa_supplicant: IEs - hexdump(len=194): 00 0f 48 75 61 77 65 69 2d 45 6d 70 6c 6f 79 65 65 01 08 82 84 0b 16 0c 12 18 24 03 01 01 05 04 ...
12-17 19:32:06.419  5215  5215 D wpa_supplicant: Beacon IEs - hexdump(len=194): 00 0f 48 75 61 77 65 69 2d 45 6d 70 6c 6f 79 65 65 01 08 82 84 0b 16 0c 12 18 24 03 01 01 05 04 ...
12-17 19:32:06.419  5215  5215 D wpa_supplicant: 80:38:bc:0b:25:e1 freq=2412 qual=0 noise=-89~ level=-90 snr=-1 flags=0xb age=0 est=6500
12-17 19:32:06.419  5215  5215 D wpa_supplicant: IEs - hexdump(len=194): 00 0f 48 75 61 77 65 69 2d 45 6d 70 6c 6f 79 65 65 01 08 82 84 0b 16 0c 12 18 24 03 01 01 05 04 ...
12-17 19:32:06.419  5215  5215 D wpa_supplicant: Beacon IEs - hexdump(len=194): 00 0f 48 75 61 77 65 69 2d 45 6d 70 6c 6f 79 65 65 01 08 82 84 0b 16 0c 12 18 24 03 01 01 05 04 ...
12-17 19:32:06.419  5215  5215 D wpa_supplicant: 80:38:bc:0b:36:80 freq=2472 qual=0 noise=-89~ level=-91 snr=-2 flags=0xb age=0 est=6500
12-17 19:32:06.419  5215  5215 D wpa_supplicant: IEs - hexdump(len=193): 00 0e 77 6c 61 6e 61 63 63 65 73 73 76 32 2e 30 01 08 82 84 0b 16 0c 12 18 24 03 01 0d 05 04 00 ...
12-17 19:32:06.419  5215  5215 D wpa_supplicant: Beacon IEs - hexdump(len=193): 00 0e 77 6c 61 6e 61 63 63 65 73 73 76 32 2e 30 01 08 82 84 0b 16 0c 12 18 24 03 01 0d 05 04 00 ...
12-17 19:32:06.419  5215  5215 D wpa_supplicant: 80:38:bc:0a:f0:21 freq=2472 qual=0 noise=-89~ level=-91 snr=-2 flags=0xb age=0 est=6500
12-17 19:32:06.419  5215  5215 D wpa_supplicant: IEs - hexdump(len=194): 00 0f 48 75 61 77 65 69 2d 45 6d 70 6c 6f 79 65 65 01 08 82 84 0b 16 0c 12 18 24 03 01 0d 05 04 ...
12-17 19:32:06.419  5215  5215 D wpa_supplicant: Beacon IEs - hexdump(len=194): 00 0f 48 75 61 77 65 69 2d 45 6d 70 6c 6f 79 65 65 01 08 82 84 0b 16 0c 12 18 24 03 01 0d 05 04 ...
12-17 19:32:06.419  5215  5215 D wpa_supplicant: 18:c5:8a:1a:4d:21 freq=2472 qual=0 noise=-89~ level=-91 snr=-2 flags=0xb age=0 est=6500
12-17 19:32:06.419  5215  5215 D wpa_supplicant: IEs - hexdump(len=194): 00 0f 48 75 61 77 65 69 2d 45 6d 70 6c 6f 79 65 65 01 08 82 84 0b 16 0c 12 18 24 03 01 0d 05 04 ...
12-17 19:32:06.419  5215  5215 D wpa_supplicant: Beacon IEs - hexdump(len=194): 00 0f 48 75 61 77 65 69 2d 45 6d 70 6c 6f 79 65 65 01 08 82 84 0b 16 0c 12 18 24 03 01 0d 05 04 ...
12-17 19:32:06.419  5215  5215 D wpa_supplicant: 80:38:bc:0b:37:20 freq=2412 qual=0 noise=-89~ level=-92 snr=-3 flags=0xb age=0 est=6500
12-17 19:32:06.419  5215  5215 D wpa_supplicant: IEs - hexdump(len=193): 00 0e 77 6c 61 6e 61 63 63 65 73 73 76 32 2e 30 01 08 82 84 0b 16 0c 12 18 24 03 01 01 05 04 00 ...
12-17 19:32:06.419  5215  5215 D wpa_supplicant: Beacon IEs - hexdump(len=193): 00 0e 77 6c 61 6e 61 63 63 65 73 73 76 32 2e 30 01 08 82 84 0b 16 0c 12 18 24 03 01 01 05 04 00 ...
12-17 19:32:06.419  5215  5215 D wpa_supplicant: 8c:a6:df:4a:8c:e2 freq=2462 qual=0 noise=-89~ level=-93 snr=-4 flags=0xb age=0 est=6500
12-17 19:32:06.419  5215  5215 D wpa_supplicant: IEs - hexdump(len=178): 00 0a 49 4f 54 2d 48 55 41 57 45 49 01 08 82 84 8b 96 0c 12 18 24 03 01 0b 2a 01 00 32 04 30 48 ...
12-17 19:32:06.419  5215  5215 D wpa_supplicant: 80:38:bc:0a:ef:c0 freq=2412 qual=0 noise=-89~ level=-93 snr=-4 flags=0xb age=0 est=6500
12-17 19:32:06.419  5215  5215 D wpa_supplicant: IEs - hexdump(len=193): 00 0e 77 6c 61 6e 61 63 63 65 73 73 76 32 2e 30 01 08 82 84 0b 16 0c 12 18 24 03 01 01 05 04 00 ...
12-17 19:32:06.419  5215  5215 D wpa_supplicant: Beacon IEs - hexdump(len=193): 00 0e 77 6c 61 6e 61 63 63 65 73 73 76 32 2e 30 01 08 82 84 0b 16 0c 12 18 24 03 01 01 05 04 00 ...
12-17 19:32:06.419  5215  5215 D wpa_supplicant: 80:38:bc:0a:f9:61 freq=2472 qual=0 noise=-89~ level=-94 snr=-5 flags=0xb age=0 est=6500
12-17 19:32:06.420  5215  5215 D wpa_supplicant: IEs - hexdump(len=194): 00 0f 48 75 61 77 65 69 2d 45 6d 70 6c 6f 79 65 65 01 08 82 84 0b 16 0c 12 18 24 03 01 0d 05 04 ...
12-17 19:32:06.420  5215  5215 D wpa_supplicant: Beacon IEs - hexdump(len=194): 00 0f 48 75 61 77 65 69 2d 45 6d 70 6c 6f 79 65 65 01 08 82 84 0b 16 0c 12 18 24 03 01 0d 05 04 ...
12-17 19:32:06.420  5215  5215 D wpa_supplicant: 80:38:bc:0a:f4:60 freq=2472 qual=0 noise=-89~ level=-95 snr=-6 flags=0xb age=0 est=6500
12-17 19:32:06.420  1795  2736 E hwintelligencewifi: inlineAddCurrentApInfo mInfos.size()=132
12-17 19:32:06.420  5215  5215 D wpa_supplicant: IEs - hexdump(len=193): 00 0e 77 6c 61 6e 61 63 63 65 73 73 76 32 2e 30 01 08 82 84 0b 16 0c 12 18 24 03 01 0d 05 04 00 ...
12-17 19:32:06.420  5215  5215 D wpa_supplicant: Beacon IEs - hexdump(len=193): 00 0e 77 6c 61 6e 61 63 63 65 73 73 76 32 2e 30 01 08 82 84 0b 16 0c 12 18 24 03 01 0d 05 04 00 ...
12-17 19:32:06.420  1795 16500 W ActivityManager: getRunningAppProcesses: caller 10102 does not hold REAL_GET_TASKS; limiting output
12-17 19:32:06.420  5215  5215 D wpa_supplicant: wlan0: BSS: Start scan result update 107
12-17 19:32:06.420  5215  5215 D wpa_supplicant: wlan0: BSS: Add new id 474 BSSID 80:38:bc:0b:29:e0 SSID 'wlanaccessv2.0' freq 2452
12-17 19:32:06.420  5215  5215 D wpa_supplicant: CTRL-DEBUG: ctrl_sock-sendmsg: sock=16 sndbuf=229376 outq=0 send_len=42
12-17 19:32:06.420  1795  5219 D WifiMonitor: Dispatching event to interface: wlan0
12-17 19:32:06.420  5215  5215 D wpa_supplicant: CTRL_IFACE monitor sent successfully to /data/misc/wifi/sockets/wpa_ctrl_1795-194\x00
12-17 19:32:06.420 31949 31967 I eSpaceService: WatchThread{4786} TcpCirChannel.connect(TcpCirChannel.java:219) Connect to server  address = [uc.huawei.com,]  port = 7801
12-17 19:32:06.420  5215  5215 D wpa_supplicant: wlan0: BSS: Add new id 475 BSSID 80:38:bc:0a:fa:e1 SSID 'Huawei-Employee' freq 2412
12-17 19:32:06.420  5215  5215 D wpa_supplicant: CTRL-DEBUG: ctrl_sock-sendmsg: sock=16 sndbuf=229376 outq=0 send_len=42
12-17 19:32:06.420  1795  5219 D WifiMonitor: Dispatching event to interface: wlan0
12-17 19:32:06.420  5215  5215 D wpa_supplicant: CTRL_IFACE monitor sent successfully to /data/misc/wifi/sockets/wpa_ctrl_1795-194\x00
12-17 19:32:06.420  5215  5215 D wpa_supplicant: wlan0: BSS: Add new id 476 BSSID 80:38:bc:0b:34:a0 SSID 'wlanaccessv2.0' freq 2472
12-17 19:32:06.420  5215  5215 D wpa_supplicant: CTRL-DEBUG: ctrl_sock-sendmsg: sock=16 sndbuf=229376 outq=0 send_len=42
12-17 19:32:06.420  1795  5219 D WifiMonitor: Dispatching event to interface: wlan0
12-17 19:32:06.420  5215  5215 D wpa_supplicant: CTRL_IFACE monitor sent successfully to /data/misc/wifi/sockets/wpa_ctrl_1795-194\x00
12-17 19:32:06.420  5215  5215 D wpa_supplicant: wlan0: BSS: Add new id 477 BSSID 80:38:bc:0b:36:e0 SSID 'wlanaccessv2.0' freq 2452
12-17 19:32:06.420  5215  5215 D wpa_supplicant: CTRL-DEBUG: ctrl_sock-sendmsg: sock=16 sndbuf=229376 outq=0 send_len=42
12-17 19:32:06.421  1795  5219 D WifiMonitor: Dispatching event to interface: wlan0
12-17 19:32:06.421  5215  5215 D wpa_supplicant: CTRL_IFACE monitor sent successfully to /data/misc/wifi/sockets/wpa_ctrl_1795-194\x00
12-17 19:32:06.421  5215  5215 D wpa_supplicant: wlan0: BSS: Add new id 478 BSSID 80:38:bc:06:d2:ab SSID '' freq 2412
12-17 19:32:06.421  5215  5215 D wpa_supplicant: CTRL-DEBUG: ctrl_sock-sendmsg: sock=16 sndbuf=229376 outq=0 send_len=42
