12-17 19:31:45.126  1795  1795 V InputMethodManagerService: Unspecified window will hide input
12-17 19:31:45.127  1795  1795 I AlarmManager: remove(PendingIntent{2f9e644: PendingIntentRecord{527f32d android broadcastIntent}}) changed bounds; rebatching
12-17 19:31:45.127  2852  2852 I PhoneStatusBar: setSystemUiVisibility vis=c0000000 mask=ffffffff oldVal=c0000600 newVal=c0000000 diff=600
12-17 19:31:45.127  2852  2852 I PhoneStatusBar: notifyUiVisibilityChanged:vis=0xc0000000, SystemUiVisibility=0xc0000000
12-17 19:31:45.127  2852  2852 I PanelBar: collapsePanel:false
12-17 19:31:45.127  2852  2852 I PanelView: closeQs
12-17 19:31:45.127  3608  3608 I ActivityManager_activity: Reporting idle of ActivityRecord{fd45985 token=android.os.BinderProxy@af8ea9b {com.android.incallui/com.android.incallui.InCallActivity}} finished=false
12-17 19:31:45.127  2852  2852 I QSContainer: updateQsState:false
12-17 19:31:45.127  2852  2852 I QSContainer: updateQsState:false
12-17 19:31:45.127  2852  2852 I StackScroller: setScrollingEnabled: true
12-17 19:31:45.128  2852  2852 I PanelView: instantCollapse
12-17 19:31:45.128  2852  2852 I PanelBar: collapsePanel2
12-17 19:31:45.130  1795  2377 V HwPackageManagerService: Returning system default Launcher 
12-17 19:31:45.130  1795  2377 I AwareLog: AwareMem_EventTracker: [APP_ACTIVITY_FINISH_123018300] is abandoned for memory 829300
12-17 19:31:45.132  7741  7758 D TmoMonitor: Cache monitor msg as screen_off
12-17 19:31:45.133  1795  1821 I ActivityManager_activity: windowsVisibleLocked(): ActivityRecord{b46dc67 u0 com.android.incallui/.InCallActivity t310} idle: true
12-17 19:31:45.133  1795  1821 I WindowManager: All windows ready for display!
12-17 19:31:45.133  1795  1809 I WindowOrientationListener: WindowOrientationListener enabled
12-17 19:31:45.134  1795  1809 I qti_sensors_hal: batch,376,handle 0, timeout:0 ,period_ns:66667000
12-17 19:31:45.134  1795  1809 I qti_sensors_hal: batch:sensor(android.sensor.accelerometer) handle:0 flags:0x0 period_ns 66667000
12-17 19:31:45.135  2852  2852 I PhoneStatusBar: setSystemUiVisibility vis=80000300 mask=ffffffff oldVal=c0000000 newVal=80000300 diff=40000300
12-17 19:31:45.135  2852  2852 I BarTransitions.HwPhoneStatusBarView: transitionTo: mode=MODE_OPAQUE, animate=false
12-17 19:31:45.135  2852  2852 D BarTransitions.HwPhoneStatusBarView: MODE_TRANSLUCENT -> MODE_OPAQUE animate=false
12-17 19:31:45.136  1795  1795 I WindowManger_keyguard: Finished going to sleep... (why=6)
12-17 19:31:45.136  2852  2852 D BarTransitions.HwPhoneStatusBarView: applyModeBackground oldMode=MODE_TRANSLUCENT newMode=MODE_OPAQUE animate=false
12-17 19:31:45.136  2852  2852 I BarTransitions.HwNavigationBarView: transitionTo: mode=MODE_TRANSLUCENT, animate=false
12-17 19:31:45.136  2852  2852 I HwNavigationBarTransitions: transitionTo:mode=2, isEmuiStyle=false
12-17 19:31:45.136  2852  2852 I PhoneStatusBar: cancelAutohide
12-17 19:31:45.136  2852  2852 I PhoneStatusBar: notifyUiVisibilityChanged:vis=0x80000300, SystemUiVisibility=0x80000300
12-17 19:31:45.141  2852  2852 I StackScrollAlgorithm: overlapAmount:763.6, previousNotificationEnd:607.0, newYTranslation:-156.59998, location:2, i:1, getTopPadding:499.0, getLocationOnScreen():-36
12-17 19:31:45.141  2852  2852 I StackScrollAlgorithm: updateClipping isOverlap:true
12-17 19:31:45.141  2852  2852 I StackScrollAlgorithm: updateDimmedActivatedHideSensitive overlap:true
12-17 19:31:45.149  1795  1809 I qti_sensors_hal: read from oem info: data_readback
12-17 19:31:45.149  1795  1809 I qti_sensors_hal: 0xcd, 0xb0, 0x24, 0x3e
12-17 19:31:45.149  1795  1809 I qti_sensors_hal: 0x66, 0xca, 0x3c, 0x3e
12-17 19:31:45.149  1795  1809 I qti_sensors_hal: 0xc0, 0x2a, 0x7c, 0x3f
12-17 19:31:45.149  1795  1809 I qti_sensors_hal: 0x55, 0x0, 0x0, 0x0
12-17 19:31:45.149  1795  1809 I qti_sensors_hal: 0x0, 0x0, 0x0, 0x0
12-17 19:31:45.149  1795  1809 E qti_sensors_hal: read from oem info: data_valid_flag=0x55
12-17 19:31:45.149  1795  1809 E qti_sensors_hal: read from oem info: x_offset=0.160831, y_offset=0.184366, z_offset=0.985027
12-17 19:31:45.149  1795  1809 E qti_sensors_hal: Final value: x_offset=0.160831, y_offset=0.184366, z_offset=0.985027
12-17 19:31:45.149  1795  1809 I qti_sensors_hal: batch:load_acc_oeminf_data x_offset:0.160831 y_offset:0.184366 z_offset:0.985027
12-17 19:31:45.149  1795  1809 I qti_sensors_hal: batch:sensor(android.sensor.accelerometer) sample_rate=14.999925Hz report_rate_f=0.000000Hz curr sample rate:5.000000 cur rpt rate:0 max:400.000000 min:1.000000
12-17 19:31:45.150  1795  1809 I qti_sensors_hal: flush,395,handle 0
12-17 19:31:45.150  1795  1809 I qti_sensors_hal: flush,260 handle 0
12-17 19:31:45.151  1795  1809 I WindowManager: Finished screen turning on...
12-17 19:31:45.151  1795  1795 I WindowOrientationListener: WindowOrientationListener disabled
12-17 19:31:45.151  1795  1825 I PowerManager_screenOn: DisplayPowerController Unblocked screen on after 488 ms
12-17 19:31:45.151  1795  1795 I qti_sensors_hal: batch,376,handle 0, timeout:0 ,period_ns:200000000
12-17 19:31:45.151  1795  1825 I PowerManager_screenOn: DisplayPowerController updatePowerState mPendingRequestLocked=policy=BRIGHT, useProximitySensor=true, useProximitySensorbyPhone=true, screenBrightness=33, screenAutoBrightnessAdjustment=0.0, brightnessSetByUser=true, useAutoBrightness=true, blockScreenOn=false, lowPowerMode=false, boostScreenBrightness=false, dozeScreenBrightness=-1, dozeScreenState=UNKNOWN, useTwilight=false, useSmartBacklight=true, brightnessWaitMode=false, brightnessWaitRet=true, screenAutoBrightness=-1, userId=0
12-17 19:31:45.151  1795  1795 I qti_sensors_hal: batch:sensor(android.sensor.accelerometer) handle:0 flags:0x0 period_ns 200000000
12-17 19:31:45.151  1795  1825 I PowerManager_screenOn: DisplayPowerStatesetColorFadeLevel: level=1.0
12-17 19:31:45.152  1795  1825 D DisplayPowerController: Animating brightness: target=25, rate=40
12-17 19:31:45.152  1795  1825 I PowerManager_screenOn: DisplayPowerController updatePowerState mPendingRequestLocked=policy=BRIGHT, useProximitySensor=true, useProximitySensorbyPhone=true, screenBrightness=33, screenAutoBrightnessAdjustment=0.0, brightnessSetByUser=true, useAutoBrightness=true, blockScreenOn=false, lowPowerMode=false, boostScreenBrightness=false, dozeScreenBrightness=-1, dozeScreenState=UNKNOWN, useTwilight=false, useSmartBacklight=true, brightnessWaitMode=false, brightnessWaitRet=true, screenAutoBrightness=-1, userId=0
12-17 19:31:45.152  1795  1825 D DisplayPowerController: Animating brightness: target=25, rate=40
12-17 19:31:45.152  1795  2750 I PowerManager_screenOn: DisplayPowerState Updating screen state: state=ON, backlight=980
12-17 19:31:45.152  1795  2750 I HwLightsService: back light level before map = 980
12-17 19:31:45.155  1795  1795 I qti_sensors_hal: read from oem info: data_readback
12-17 19:31:45.155  1795  1795 I qti_sensors_hal: 0xcd, 0xb0, 0x24, 0x3e
12-17 19:31:45.155  1795  1795 I qti_sensors_hal: 0x66, 0xca, 0x3c, 0x3e
12-17 19:31:45.155  1795  1795 I qti_sensors_hal: 0xc0, 0x2a, 0x7c, 0x3f
12-17 19:31:45.155  1795  1795 I qti_sensors_hal: 0x55, 0x0, 0x0, 0x0
12-17 19:31:45.155  1795  1795 I qti_sensors_hal: 0x0, 0x0, 0x0, 0x0
12-17 19:31:45.155  1795  1795 E qti_sensors_hal: read from oem info: data_valid_flag=0x55
12-17 19:31:45.155  1795  1795 E qti_sensors_hal: read from oem info: x_offset=0.160831, y_offset=0.184366, z_offset=0.985027
12-17 19:31:45.155  1795  1795 E qti_sensors_hal: Final value: x_offset=0.160831, y_offset=0.184366, z_offset=0.985027
12-17 19:31:45.155  1795  1795 I qti_sensors_hal: batch:load_acc_oeminf_data x_offset:0.160831 y_offset:0.184366 z_offset:0.985027
12-17 19:31:45.155  1795  1795 I qti_sensors_hal: batch:sensor(android.sensor.accelerometer) sample_rate=5.000000Hz report_rate_f=0.000000Hz curr sample rate:14.999925 cur rpt rate:0 max:400.000000 min:1.000000
12-17 19:31:45.156  1795  1825 V KeyguardServiceDelegate: onScreenTurnedOn()
12-17 19:31:45.156  1795  1795 I WindowManger_keyguard: onFinishedGoingToSleep(6)
12-17 19:31:45.156  1795  1825 I WindowManger_keyguard: onScreenTurnedOn()
12-17 19:31:45.156  1795  1825 D DisplayPowerController: Display ready!
12-17 19:31:45.156  1795  1825 D DisplayPowerController: Finished business...
12-17 19:31:45.156  2852  3328 D KeyguardService: Caller checkPermission fail
12-17 19:31:45.156  2852  3328 D KeyguardService: KGSvcCall onScreenTurnedOn.
12-17 19:31:45.156  2852  3328 D KeyguardViewMediator: notifyScreenTurnedOn
12-17 19:31:45.156  1795  1795 I WindowManger_keyguard: Started waking up...
12-17 19:31:45.156  2852  2852 D KeyguardViewMediator: handleNotifyScreenTurnedOn
12-17 19:31:45.156  2852  3328 D KeyguardService: Caller checkPermission fail
12-17 19:31:45.156  1795  1795 I WindowOrientationListener: WindowOrientationListener enabled
12-17 19:31:45.156  2852  2852 I PhoneStatusBar: onScreenTurnedOn
12-17 19:31:45.156  2852  3328 D KeyguardService: KGSvcCall onFinishedGoingToSleep.
12-17 19:31:45.156  2852  3328 D KeyguardViewMediator: onFinishedGoingToSleep(6)
12-17 19:31:45.156  2852  3328 D KeyguardViewMediator: notifyFinishedGoingToSleep
12-17 19:31:45.156  2852  2852 D KGWallpaper_Magazine: getNextIndex: 0; from 5 to 5; size: 44
12-17 19:31:45.156  2852  3328 W AppHandler: sendMessage 15
12-17 19:31:45.156  2852  2852 I HwLockScreenReporter: report msg is :{picture: Deepwater-05-2.3.001-bigpicture_05_8.jpg}
12-17 19:31:45.156  2852  2852 W HwLockScreenReporter: report result = falsereport type:162 msg:{picture: Deepwater-05-2.3.001-bigpicture_05_8.jpg, channelId: 05}
12-17 19:31:45.156  1795  1825 D FpDataCollector: case xxx, not a fingerprint unlock 
12-17 19:31:45.156  2852  2852 I OucScreenOnCounter: Screen already turned on at: 1481974212
12-17 19:31:45.156  2852  2852 D KeyguardViewMediator: handleNotifyFinishedGoingToSleep
12-17 19:31:45.156  2852  2852 I PhoneStatusBar: onFinishedGoingToSleep
12-17 19:31:45.156  1795  1825 D PowerManagerService: ready=true,policy=3,wakefulness=1,wksummary=0x11,uasummary=0x1,bootcompleted=true,boostinprogress=false,waitmodeenable=false,mode=true,manual=33,auto=-1,adj=0.0userId=0
12-17 19:31:45.156  1795  1825 I PowerManager_screenOn: PowerManagerNotifier onWakefulnessChangeFinished mInteractiveChanging=true, mInteractive=true
12-17 19:31:45.157  2852  2852 V KeyguardStatusView: Disable transport text marquee
12-17 19:31:45.157  1795  1825 E PowerManagerService: startDreaming = false
12-17 19:31:45.157  1795  1795 I qti_sensors_hal: batch,376,handle 0, timeout:0 ,period_ns:66667000
12-17 19:31:45.157  1795  1795 I qti_sensors_hal: batch:sensor(android.sensor.accelerometer) handle:0 flags:0x0 period_ns 66667000
12-17 19:31:45.157  2852  2852 V KeyguardUpdateMonitor: FingerStat Visible: false; Interactive: false; Switching: false; Bouncer:false; GoingToSleep: false Occluded: false; dreaming: false; Authenticated: false
12-17 19:31:45.157  2852  2852 W DisabledFeatureUtils: Dis-Feature : 0
