12-17 19:32:08.087  1795  2668 E HwWifiP2pService: Unhandled message when=123041258 what=143467 arg1=0 arg2=0
12-17 19:32:08.087  1795  2668 D WifiP2pService: P2pEnabledState when=123041258 what=143467 arg1=0 arg2=0
12-17 19:32:08.087  1795  2668 D WifiP2pService: DefaultState{ when=-1ms what=143467 target=com.android.internal.util.StateMachine$SmHandler }
12-17 19:32:08.087  1795  2668 D HwWifiP2pService: SleepPolicy:1
12-17 19:32:08.091  2852  2852 W HwPhoneLayoutInflater: onCreateView : ClassNotFoundException, In this case we want to let the base class take a crack at it
12-17 19:32:08.092  2852  2852 W HwPhoneLayoutInflater: onCreateView : ClassNotFoundException, In this case we want to let the base class take a crack at it
12-17 19:32:08.093  1795  2671 D WifiStateMachine:  ConnectedState !CMD_SCREEN_STATE_CHANGED  rt=123041264/442864456 0 0
12-17 19:32:08.093  1795  2671 D WifiStateMachine:  L2ConnectedState !CMD_SCREEN_STATE_CHANGED  rt=123041265/442864456 0 0
12-17 19:32:08.093  1795  2671 D WifiStateMachine:  ConnectModeState !CMD_SCREEN_STATE_CHANGED  rt=123041265/442864456 0 0
12-17 19:32:08.093  1795  2671 D WifiStateMachine:  DriverStartedState !CMD_SCREEN_STATE_CHANGED  rt=123041265/442864456 0 0
12-17 19:32:08.093  1795  2671 D WifiStateMachine:  SupplicantStartedState !CMD_SCREEN_STATE_CHANGED  rt=123041265/442864456 0 0
12-17 19:32:08.093  1795  2671 D WifiStateMachine:  DefaultState !CMD_SCREEN_STATE_CHANGED  rt=123041265/442864456 0 0
12-17 19:32:08.093  1795  2671 D PowerManagerService: acquire lock=244575063, flags=0x1, tag="WifiSuspend", name=android, ws=null, uid=1000, pid=1795
12-17 19:32:08.093  1795  2671 D PowerManagerService: ready=true,policy=0,wakefulness=0,wksummary=0x11,uasummary=0x0,bootcompleted=true,boostinprogress=false,waitmodeenable=false,mode=true,manual=33,auto=-1,adj=0.0userId=0
12-17 19:32:08.093  1795  2671 D PowerManagerService: Acquiring suspend blocker "PowerManagerService.WakeLocks".
12-17 19:32:08.095  1795  2671 I AlarmManager: remove(null) changed bounds; rebatching
12-17 19:32:08.095  1795  1795 D HwConnectivityService: mIntentReceiver begin
12-17 19:32:08.096  1795  1795 D HwKeyguardManagerImpl: isLockScreenDisabled HwKeyguardManagerImpl result = false
12-17 19:32:08.096  1795  1795 D HwConnectivityService: CtrlSocket Receiver,disable: false locked: true action: android.intent.action.SCREEN_OFF mSmartKeyguardLevel: normal_level mStartPowerSaving: false
12-17 19:32:08.096  1795  1795 D HwConnectivityService: receive screen off intent!
12-17 19:32:08.096  1795  1795 D HwConnectivityService: wifi tethering: false
12-17 19:32:08.096  1795  1795 D HwConnectivityService: Usb tethering: false
12-17 19:32:08.096  1795  1795 D HwConnectivityService: bt tethering: false
12-17 19:32:08.096  1795  1795 D HwConnectivityService: pluggedStatus: 0
12-17 19:32:08.096  1795  1795 D HwConnectivityService: is charging: false
12-17 19:32:08.098  1795  2671 E WifiScanner: listener cannot be found
12-17 19:32:08.098  1795  2671 D WifiStateMachine:  ConnectedState CMD_ENABLE_RSSI_POLL  rt=123041270/442864462 0 0
12-17 19:32:08.098  1795  2671 D WifiStateMachine:  L2ConnectedState CMD_ENABLE_RSSI_POLL  rt=123041270/442864462 0 0
12-17 19:32:08.098  1795  2671 D WifiStateMachine:  ConnectedState CMD_SET_SUSPEND_OPT_ENABLED  rt=123041270/442864462 1 0
12-17 19:32:08.098  1795  2671 D WifiStateMachine:  L2ConnectedState CMD_SET_SUSPEND_OPT_ENABLED  rt=123041270/442864462 1 0
12-17 19:32:08.099  1795  2671 D WifiStateMachine:  ConnectModeState CMD_SET_SUSPEND_OPT_ENABLED  rt=123041270/442864462 1 0
12-17 19:32:08.099  1795  2671 D WifiStateMachine:  DriverStartedState CMD_SET_SUSPEND_OPT_ENABLED  rt=123041270/442864462 1 0
12-17 19:32:08.099  1795  2671 D WifiHW  : wifi_send_command: cmd:'IFNAME=wlan0 DRIVER SETSUSPENDMODE 1'
12-17 19:32:08.099  5215  5215 D wpa_supplicant: wlan0: Control interface command 'DRIVER SETSUSPENDMODE 1'
12-17 19:32:08.102  3218  3234 D PhoneInterfaceManager: [PhoneIntfMgr] getDataEnabled: subId=0 phoneId=0
12-17 19:32:08.102  3218  3234 D PhoneInterfaceManager: [PhoneIntfMgr] getDataEnabled: subId=0 retVal=false
12-17 19:32:08.103  1795  1795 D HwConnectivityService: CtrlSocket getMobileDataEnabled = false
12-17 19:32:08.106  1795  1795 I NotificationManager: mIntentReceiver-ACTION_SCREEN_OFF
12-17 19:32:08.106  1795  1795 I NotificationManager: updateLightsLocked,mInCall =true,mScreenOn = false,ledNotification == null?true
12-17 19:32:08.106  1795  1795 I NotificationManager: updateLightsLocked,turn off notificationLight
12-17 19:32:08.106  1795  1795 I Sensor  : turn off notificationLight due to incall or screenon
12-17 19:32:08.106  1795  1795 I Sensor  : updateLight --> mIsNotificationExisting: false ledOnMS: 0 ledOffMS :0
12-17 19:32:08.106  1795  1795 I Sensor  : updateLightsLocked --> level:78, status:3
12-17 19:32:08.106  1795  1795 I Sensor  : updateLightsLocked --> mBatteryLight.turnOff
12-17 19:32:08.109  2852  2852 W HwPhoneLayoutInflater: onCreateView : ClassNotFoundException, In this case we want to let the base class take a crack at it
12-17 19:32:08.109  2852  2852 W HwPhoneLayoutInflater: onCreateView : ClassNotFoundException, In this case we want to let the base class take a crack at it
12-17 19:32:08.110  1046  9752 V ThreadsEx: HDebug print the key screen_state
12-17 19:32:08.110  1046  9752 D audio_hw_primary: adev_set_parameters: enter: screen_state=off
12-17 19:32:08.110  1046  9752 I Huawei_audio_cust: huawei_audio huawei_choose_HandsFree_device_incall_forHWtest: test Type =4
12-17 19:32:08.110  1046  9752 I Huawei_audio_cust: huawei_audio huawei_choose_Handset_device_incall_forHWtest: test Type =4
12-17 19:32:08.110  1046  9752 I Huawei_audio_cust: get_spk_pa_type: pa is max98925
12-17 19:32:08.110  1046  9752 I Huawei_audio_cust: huawei_common_set_parameters: exit with code(0)
12-17 19:32:08.110  1046  9752 V Huawei_audio_cust: huawei_cust_set_parameters: exit with code(0)
12-17 19:32:08.110  1046  9752 V msm8916_platform: platform_set_parameters: enter: - screen_state=off
12-17 19:32:08.110  1046  9752 V msm8916_platform: platform_set_parameters: exit with code(0)
12-17 19:32:08.110  1046  9752 D audio_hw_extn: audio_extn_set_anc_parameters: anc_enabled:0
12-17 19:32:08.110  1046  9752 D audio_hw_spkr_prot: audio_extn_fbsp_set_parameters: Speaker protection disabled
12-17 19:32:08.110  1046  9752 V audio_hw_primary: adev_set_parameters: exit with code(0)
12-17 19:32:08.113  1795  1795 I AlarmManager: set(PendingIntent{2f9e644: PendingIntentRecord{527f32d android broadcastIntent}}) : type=2 triggerAtTime=447124477 win=300000 tElapsed=447124477 maxElapsed=447424477 interval=0 flags=0x8
12-17 19:32:08.116  1795  1795 D HwPFWLogger: PFW.HwPFWService:mBroadcastReceiver action = android.intent.action.SCREEN_OFF
12-17 19:32:08.117  1795  2708 D HwPFWLogger: PFW.HwPFWService:handle PFW_MSG_SYSTEM
12-17 19:32:08.117  1795  2708 D HwPFWLogger: PFW.HwPFWAppRestartPolicy:receive action = android.intent.action.SCREEN_OFF
12-17 19:32:08.119  1795  1795 D WifiService: onReceive, action:android.intent.action.SCREEN_OFF
12-17 19:32:08.120  1795  2670 D WifiController: DeviceActiveState{ when=0 what=155651 target=com.android.internal.util.StateMachine$SmHandler }
12-17 19:32:08.120  1795  2670 D WifiController: StaEnabledState what=155651
12-17 19:32:08.120  1795  2670 D WifiController: DefaultState what=155651
12-17 19:32:08.120  1795  2670 D WifiController: wifiSleepPolicy:1
12-17 19:32:08.120  1795  2670 D WifiController: set idle timer: 1800000 ms
12-17 19:32:08.120  1795  2670 I AlarmManager: set(PendingIntent{50e3a01: PendingIntentRecord{a8130a6 android broadcastIntent}}) : type=0 triggerAtTime=1481976128120 win=0 tElapsed=444664483 maxElapsed=444664483 interval=0 flags=0x9
12-17 19:32:08.124  2852  2852 W HwPhoneLayoutInflater: onCreateView : ClassNotFoundException, In this case we want to let the base class take a crack at it
12-17 19:32:08.124  2852  2852 W HwPhoneLayoutInflater: onCreateView : ClassNotFoundException, In this case we want to let the base class take a crack at it
12-17 19:32:08.127  1795  2736 E hwintelligencewifi:  DefaultState MSG_SCREEN_OFF mIsAutoOpenSearch = false
12-17 19:32:08.128  1795  2377 I IO.IOStatsService: onReceive:screen off
12-17 19:32:08.130  2852  2852 I HwExpandableNotificationRowHelper: unclear notification ,notificationPkgName:com.android.incallui key:0|com.android.incallui|2|null|1001
12-17 19:32:08.131  2852  2852 D StatusBar: No peeking: unimportant notification: 0|com.android.incallui|2|null|1001
12-17 19:32:08.131  2852  2852 I NotificationGroupManager: onEntryAdded:0|com.android.incallui|2|null|1001, group=0|com.android.incallui|2|null|1001
12-17 19:32:08.131  2852  2852 I HwPhoneStatusBar: updateNotificationShade
12-17 19:32:08.131  2852  2852 I PhoneStatusBar: updateNotificationShade
12-17 19:32:08.131  2852  2852 I PhoneStatusBar: removeNotificationChildren
12-17 19:32:08.134  2883  2883 D HwKeyguardManagerImpl: isLockScreenDisabled HwKeyguardManagerImpl result = false
12-17 19:32:08.134  2852  2852 I StackScroller: generateAddAnimation:null, false
12-17 19:32:08.135  1795  6986 D PowerManagerService: acquire lock=184063844, flags=0x1, tag="NetworkStats", name=android, ws=null, uid=1000, pid=1795
12-17 19:32:08.135  1795  6986 D PowerManagerService: ready=true,policy=0,wakefulness=0,wksummary=0x11,uasummary=0x0,bootcompleted=true,boostinprogress=false,waitmodeenable=false,mode=true,manual=33,auto=-1,adj=0.0userId=0
12-17 19:32:08.136  5215  5215 D wpa_supplicant: wpa_driver_nl80211_driver_cmd SETSUSPENDMODE 1 len = 0, 4096
12-17 19:32:08.136  5215  5215 D wpa_supplicant: CTRL-DEBUG: global_ctrl_sock-sendto: sock=16 sndbuf=229376 outq=0 send_len=3
12-17 19:32:08.136  1795  2377 I IO.IOStatsService: saveIOStatsAndLatestUids,the time interval is too shorter than the last screen off
12-17 19:32:08.136  2852  2852 I StackScroller: generateAddAnimation:null, false
12-17 19:32:08.137  1795  2671 D PowerManagerService: release:lock=244575063, flg=0x0, tag="WifiSuspend", name=android", ws=null, uid=1000, pid=1795
12-17 19:32:08.137  1795  2671 D PowerManagerService: ready=true,policy=0,wakefulness=0,wksummary=0x11,uasummary=0x0,bootcompleted=true,boostinprogress=false,waitmodeenable=false,mode=true,manual=33,auto=-1,adj=0.0userId=0
12-17 19:32:08.137  2852  2852 I HwNotificationIconAreaController: showNotificationAll
12-17 19:32:08.138  1795  3237 I NotificationManager: onNotificationExpansionChanged called
12-17 19:32:08.138  1795  6986 D NetdConnector: SND -> {11613 bandwidth gettetherstats}
12-17 19:32:08.138  1795  3121 I NotificationManager: onNotificationExpansionChanged called
12-17 19:32:08.139  2852  2852 D ReporterUtil:  e id:344 type:{pkg:com.android.incallui}
12-17 19:32:08.139  2852  2852 I SystemUIIdleHandler: enter addToIdleMessage(type:1002), mainloop is busy, add to idleMessage
12-17 19:32:08.140  1795  2665 D NetdConnector: RCV <- {200 11613 Tethering stats list completed}
12-17 19:32:08.141  2852  2852 I BackgrounCallingLayout: simCount:2 phoneState:2
12-17 19:32:08.141  2852  2852 I BackgrounCallingLayout: mCallingStatusReceiver:onReceive::action=InCallScreenIsForegroundActivity, isForegroundActivity=false, mPhoneState=2
12-17 19:32:08.141  1795  2665 D NetdConnector: RCV <- {200 11613 Tethering stats list completed}
12-17 19:32:08.141  2883  2883 I HwSystemManager: AntiMalManager:receive Broadcast ACTION_SCREEN_OFF mOnTimeSum:260909299 onTime:548069 isPowerConnected:false
