12-17 19:33:00.276   835  2385 E libteec : receive data len = 128
12-17 19:33:00.276   835  2385 E libteec : begin
12-17 19:33:00.276   835  2385 E libteec : qsc_decode end
12-17 19:33:00.276   835  2385 D fpc_fingerprint_hal: workerFunction STATE_NAVIGATION
12-17 19:33:00.276   835  2385 E libteec : begin
12-17 19:33:00.276   606  2379 E libteec : receive data len = 128
12-17 19:33:00.277  1795 16500 D PowerManagerService: ready=false,policy=3,wakefulness=3,wksummary=0x11,uasummary=0x1,bootcompleted=true,boostinprogress=false,waitmodeenable=false,mode=true,manual=33,auto=-1,adj=0.0userId=0
12-17 19:33:00.279  1795 15987 D PowerManagerService: ready=false,policy=3,wakefulness=3,wksummary=0x11,uasummary=0x1,bootcompleted=true,boostinprogress=false,waitmodeenable=false,mode=true,manual=33,auto=-1,adj=0.0userId=0
12-17 19:33:00.279   832  1841 E Parcel  : Reading a NULL string not supported here.
12-17 19:33:00.279   832  1841 E Parcel  : Reading a NULL string not supported here.
12-17 19:33:00.280  1795  3253 D PowerManagerService: ready=false,policy=3,wakefulness=3,wksummary=0x11,uasummary=0x1,bootcompleted=true,boostinprogress=false,waitmodeenable=false,mode=true,manual=33,auto=-1,adj=0.0userId=0
12-17 19:33:00.280  1795  3237 D PowerManagerService: ready=false,policy=3,wakefulness=3,wksummary=0x11,uasummary=0x1,bootcompleted=true,boostinprogress=false,waitmodeenable=false,mode=true,manual=33,auto=-1,adj=0.0userId=0
12-17 19:33:00.281  1795  1795 D WindowManager: ACTIVITY check resid: android, size=8
12-17 19:33:00.281  1795  1795 V HwPhoneWindowManager: updateSystemUiColorLw window=Window{5dd2703 u0 android},EmuiStyle=0,StatusBarColor=0x0,NavigationBarColor=0x0, mLastIsEmuiLightStyle=-1
12-17 19:33:00.282  1795  1809 D HwPhoneWindowManager: Transact:setSystemUIColor to status bar service
12-17 19:33:00.282  1795  1795 I WindowManger_windowChange: oldFocusWindow: Window{e71ca6c u0 com.android.phone}, currentFocusWindow: Window{5dd2703 u0 android}, currentFocusApp: AppWindowToken{844a0b2 token=Token{2fd6a14 ActivityRecord{b46dc67 u0 com.android.incallui/.InCallActivity t310}}}
12-17 19:33:00.282  2852  2852 I EventCenter: EventCenter Get :android.com.huawei.bone.NOTIFY_SPORT_DATA
12-17 19:33:00.282  2852  2852 D StepCounterView: onStepCounterChange stepsNum:4195
12-17 19:33:00.282  2852  2822 I CommandQueue: updateBarBgColor
12-17 19:33:00.282  2852  2822 D CommandQueue: CommandQueue, setBarBackgroundColor
12-17 19:33:00.285  2852  3556 I NetworkController.MobileSignalController(0): onSignalStrengthsChanged signalStrength=SignalStrength: -62 0 -1 255 -1 255 -1 255 255 99 2147483647 2147483647 2147483647 2147483647 2147483647 false gw|lte level=5 isSuspend=false levelOld=5,mSignalStrength level=5
12-17 19:33:00.285  2852  2914 I HwMobileSignalController: updateSignalStrength: signalStrength=SignalStrength: -62 0 -1 255 -1 255 -1 255 255 99 2147483647 2147483647 2147483647 2147483647 2147483647 false gw|lte
12-17 19:33:00.285  1795  3121 I SendBroadcastPermission: action:android.intent.action.SIG_STR, mPermissionType:0
12-17 19:33:00.286  2852  2852 I BackgrounCallingLayout: simCount:2 phoneState:2
12-17 19:33:00.286  2852  2852 I BackgrounCallingLayout: mCallingStatusReceiver:onReceive::action=InCallScreenIsForegroundActivity, isForegroundActivity=true, mPhoneState=2
12-17 19:33:00.286  2852  2925 I EventCenter: ContentChange for slot: 1
12-17 19:33:00.286  1795  1821 I WindowManger_keyguard: Setting mDismissKeyguard true by win Window{e6a6b5e u0 com.android.incallui/com.android.incallui.InCallActivity}
12-17 19:33:00.286  3608  3608 D InCall  : InCallActivity - onResume()... end
12-17 19:33:00.286  3608  3608 I InCall  : VideoCallFragment - onResume
12-17 19:33:00.286  3608  3608 I InCall  : VideoCallPresenter - isVideoCallWorking, state is: 3
12-17 19:33:00.286  3608  3608 I InCall  : VideoCallFragment - onResume: Surface exist, resume videos
12-17 19:33:00.287  3608  3608 D InCall  : VideoCallPresenter - resumeVideo: Error bad state mPrimaryCall=[Call_10, ACTIVE, [Capabilities: CAPABILITY_HOLD CAPABILITY_SUPPORT_HOLD CAPABILITY_MUTE CAPABILITY_CANNOT_DOWNGRADE_VIDEO_TO_AUDIO], children:[], parent:null, conferenceable:[], videoState:Audio Only, mSessionModificationState:0, VideoSettings:(CameraDir:-1)] mVideoCall=null
12-17 19:33:00.287  3608  3608 I InCall  : VTCallButtonFragment - --- onResume ---
12-17 19:33:00.287  3608  3608 I ActivityManager_activity: Resuming ActivityRecord{fd45985 token=android.os.BinderProxy@af8ea9b {com.android.incallui/com.android.incallui.InCallActivity}} with isForward=true,forwardBitChanged=true onlyLocalRequest=false
12-17 19:33:00.288  2852  2852 I BackgrounCallingLayout: updateCallLayout:isBackground=false, isInteractive=false
12-17 19:33:00.288  2852  2852 I HwPhoneStatusBar: mNotifyStateChangedReceiver::onReceive:action=InCallScreenIsForegroundActivity, mBackgroundState=false
12-17 19:33:00.288  2852  2852 V KeyguardUpdateMonitor: KGSvcFp onAuthenticationError.5
12-17 19:33:00.288  2852  2925 I EventCenter: ContentChange for slot: 1
12-17 19:33:00.288  2852  2852 W KeyguardUpdateMonitor: Fingerprint RunningStateChanged. 10
12-17 19:33:00.288  2852  2852 W StatusBarWindowManager: Apply window Height 72
12-17 19:33:00.288  2852  2852 I StatusBarWindowManager: apply skiped :0
12-17 19:33:00.289  2852  2914 I HwMobileSignalController: subId:0 phoneType:1 networktype:16 targetClass:1 masterLevel:5 slaveLevel:-1
12-17 19:33:00.291  3858  4126 I amsnl   : csr
12-17 19:33:00.291  1795  1795 I AlarmManager: sending alarm Alarm{64a3688 type 3 when 442916364 android},repeatInterval = 0,listenerTag =time_tick
12-17 19:33:00.291  3858  4126 I amsnl   : t:false, fl: false, p: 2147483647000, ce: true, we: true
12-17 19:33:00.291   606  2379 E libteec : QSEECom_send_cmd return!
12-17 19:33:00.291   606  2379 E libteec : qsc_send_cmd finish
12-17 19:33:00.292   835  2385 E libteec : receive data len = 128
12-17 19:33:00.292  1795  1795 I ActivityManager_broadcast: Enqueueing ordered broadcast[foreground] BroadcastRecord{5eb680 u-1 android.intent.action.TIME_TICK}: prev had 1
12-17 19:33:00.292   835  2385 E libteec : begin
12-17 19:33:00.292   835  2385 E libteec : qsc_decode end
12-17 19:33:00.292   606  2379 E libteec : send data return = 128
12-17 19:33:00.292  1795  1795 D PowerManagerService: ready=false,policy=3,wakefulness=3,wksummary=0x11,uasummary=0x1,bootcompleted=true,boostinprogress=false,waitmodeenable=false,mode=true,manual=33,auto=-1,adj=0.0userId=0
12-17 19:33:00.292  1795  3238 I PowerManager_screenOn: PowerManagerService wakeUpNoUpdateLocked: eventTime=123063978, uid=1000
12-17 19:33:00.293  2852  2852 I TintManager: updateBarBgColor:emuiStyle=0,statusBarColor=#00000000,navigationBarColor=#00000000, isEmuiLight=-1
12-17 19:33:00.293  2852  2852 I HwPhoneStatusBarTransitions: restoreBackgroundColor:new=1711276032, old=0
12-17 19:33:00.293  2852  2852 I HwNavigationBarTransitions: restoreBackgroundColor:new=0, old=0
12-17 19:33:00.293  2852  2852 D TintManager: statusBarIconTint=#B3FFFFFF,navigationBarIconTint=#00000000
12-17 19:33:00.293  1795  3238 I WindowManger_keyguard: Setting mDismissKeyguard true by win Window{e6a6b5e u0 com.android.incallui/com.android.incallui.InCallActivity}
12-17 19:33:00.295  1795 15987 D wifiserviceimpl: netmask =16580607
12-17 19:33:00.297  3858  4126 I amsnl   : m1: false
12-17 19:33:00.297  1795  1795 D DeviceIdleController: updateDisplayLocked: screenOn=true
12-17 19:33:00.297  1795  1795 I DeviceIdleController: becomeActiveLocked, reason = screen
12-17 19:33:00.298  1795  1795 I AlarmManager: remove(null) changed bounds; rebatching
12-17 19:33:00.298  1795  1807 D DeviceIdleController: handleMessage(5)
12-17 19:33:00.298  1795  3121 W ActivityManager: getRunningAppProcesses: caller 10009 does not hold REAL_GET_TASKS; limiting output
12-17 19:33:00.299  3858  4126 I amsnl   : m2: false, m3: false
12-17 19:33:00.300  1795  1795 D DeviceIdleController: stopMonitoringMotionLocked()
12-17 19:33:00.300  1795  1795 I AlarmManager: remove(null) changed bounds; rebatching
12-17 19:33:00.300  3858  4126 I amsnl   : c: true, w: true, t: false, l: false
12-17 19:33:00.301  1795  1795 I NotificationManager: cancelNotification,index:0
12-17 19:33:00.301  1795  1795 I NotificationManager: cancelNotification,cancelNotificationLocked,callingUid = 1001,callingPid = 3608
12-17 19:33:00.302  1795  1795 I NotificationManager: cancelNotificationLocked called,tell the app,reason = 8
12-17 19:33:00.302  1795  1795 I NotificationManager: cancelNotificationLocked:0|com.android.incallui|2|null|1001
12-17 19:33:00.302  1795  1795 I NotificationManager: cancelNotificationLocked,remove =com.android.incallui
12-17 19:33:00.302  1795  1795 I NotificationManager: updateLightsLocked,mInCall =true,mScreenOn = false,ledNotification == null?true
12-17 19:33:00.302  1795  1795 I NotificationManager: updateLightsLocked,turn off notificationLight
12-17 19:33:00.302  1795  1795 I Sensor  : turn off notificationLight due to incall or screenon
12-17 19:33:00.302  1795  1795 I Sensor  : updateLight --> mIsNotificationExisting: false ledOnMS: 0 ledOffMS :0
12-17 19:33:00.302  1795  1795 I Sensor  : updateLightsLocked --> level:78, status:3
12-17 19:33:00.302  1795  1795 I Sensor  : updateLightsLocked --> mBatteryLight.turnOff
12-17 19:33:00.305  1795  3249 D PowerManagerService: ready=false,policy=3,wakefulness=3,wksummary=0x11,uasummary=0x1,bootcompleted=true,boostinprogress=false,waitmodeenable=false,mode=true,manual=33,auto=-1,adj=0.0userId=0
12-17 19:33:00.308  2852  2852 I StackScrollAlgorithm: overlapAmount:763.6, previousNotificationEnd:607.0, newYTranslation:-156.59998, location:2, i:1, getTopPadding:499.0, getLocationOnScreen():-36
12-17 19:33:00.308  2852  2852 I StackScrollAlgorithm: updateClipping isOverlap:true
12-17 19:33:00.308  2852  2852 I StackScrollAlgorithm: updateDimmedActivatedHideSensitive overlap:true
12-17 19:33:00.311  3608  3608 D InCall  : CallCardFragment - onGlobalLayout
12-17 19:33:00.312  3218  3218 E HW-JPEG-DEC: [HME_JPEG_DEC_Delete](3298): HME_JPEG_DEC_Delete: decoder_ctx=null
12-17 19:33:00.314  3608  3608 I InCall  : CallList - hasAnyLiveCall call = [Call_10, ACTIVE, [Capabilities: CAPABILITY_HOLD CAPABILITY_SUPPORT_HOLD CAPABILITY_MUTE CAPABILITY_CANNOT_DOWNGRADE_VIDEO_TO_AUDIO], children:[], parent:null, conferenceable:[], videoState:Audio Only, mSessionModificationState:0, VideoSettings:(CameraDir:-1)]
12-17 19:33:00.314  3608  3608 I InCall  : ProximitySensor - isDisplayOn: true
12-17 19:33:00.317  1795  3237 I qti_sensors_hal: flush,395,handle 0
12-17 19:33:00.317  1795  3237 I qti_sensors_hal: flush,260 handle 0
12-17 19:33:00.327  1795  1821 I ActivityManager_activity: Incall is gone
12-17 19:33:00.327  1795  1821 I ActivityManager_activity: windowsGone(): ActivityRecord{b46dc67 u0 com.android.incallui/.InCallActivity t310}
12-17 19:33:00.328  1795  1795 I NotificationManager: enqueueNotificationInternal: n.getKey = 0|com.huawei.health|10010|null|10099
12-17 19:33:00.328  7741  7758 D TmoMonitor: Cache monitor msg as screen_off
12-17 19:33:00.329  1795  1795 V NotificationService: disableEffects=null canInterrupt=false once update: false
12-17 19:33:00.329  1795  1795 D DeviceIdleController: updateDisplayLocked: screenOn=true
12-17 19:33:00.329  1795  1795 I DeviceIdleController: becomeActiveLocked, reason = screen
12-17 19:33:00.329  1795  1795 I MQoS    : onSignal: mSubId=0,currDataSubID=0
12-17 19:33:00.329  1795  1795 I MQoS    : received cell-signal:5
