12-17 19:34:56.400  3218  3218 I QImsService: ImsServiceSubHandler : Message received: what = 2
12-17 19:34:56.400  3218  3218 I QImsService: ImsServiceSubHandler : handleImsStateChanged
12-17 19:34:56.400  3218  3218 I QImsService: ImsServiceSubHandler : Notify IMS state is UNREGISTERED
12-17 19:34:56.400  5215  5215 E wpa_supplicant: bssid=80:38:bc:0b:29:e0;freq=2452;level=-62;flags=11;ssid=wlanaccessv2.0;
12-17 19:34:56.400  1795 15988 I Telecom : BluetoothManager: isBluetoothAudioConnected: ==> FALSE (null mBluetoothHeadset): CSW.sD@EsU
12-17 19:34:56.400  3218  3218 I SendBroadcastPermission: action:huawei.intent.action.IMS_SERVICE_STATE_CHANGED, mPermissionType:0
12-17 19:34:56.400  1795 15988 I CallVoiceAsisstant: onCallRemoved...currentSub = -1mIsReportingIncomingCall = false
12-17 19:34:56.400  5215  5215 E wpa_supplicant: bssid=18:c5:8a:1a:4d:21;freq=2472;level=-93;flags=11;ssid=Huawei-Employee;
12-17 19:34:56.400  5215  5215 E wpa_supplicant: bssid=80:38:bc:0b:2b:e0;freq=2432;level=-61;flags=11;ssid=wlanaccessv2.0;
12-17 19:34:56.400  5215  5215 D wpa_supplicant: CTRL-DEBUG: global_ctrl_sock-sendto: sock=16 sndbuf=229376 outq=0 send_len=4019
12-17 19:34:56.401  5215  5215 D wpa_supplicant: wlan0: Control interface command 'BSS RANGE=0- MASK=0x3029d87'
12-17 19:34:56.401  1795  3121 I AlarmManager: remove(PendingIntent{af8157f: PendingIntentRecord{601e5f3 com.huawei.indexsearch.observer broadcastIntent}}) changed bounds; rebatching
12-17 19:34:56.401  1795  2332 I qti_sensors_hal: [ACC]processReportInd: X: -0.982227 Y: 5.685446 Z: 8.846067  x_offset:0.160831 y_offset:0.184366 z_offset:0.985027
12-17 19:34:56.401  5215  5215 E wpa_supplicant: bssid=00:26:f2:1b:9d:b2;freq=2437;level=-60;flags=11;ssid=NTPC02;
12-17 19:34:56.401  1795  6988 I ActivityManager_broadcast: collectReceiverComponents, callerApp: ProcessRecord{24cdca7 3218:com.android.phone/1001}, intent:huawei.intent.action.IMS_SERVICE_STATE_CHANGED, receiver size:1, flags: 10000400
12-17 19:34:56.401  5215  5215 E wpa_supplicant: bssid=80:38:bc:08:42:c1;freq=2452;level=-48;flags=43;ssid=Huawei-Employee;
12-17 19:34:56.401  1795  6988 I HwActivityManagerService: Split enqueueing broadcast [callerApp]:ProcessRecord{24cdca7 3218:com.android.phone/1001}
12-17 19:34:56.401  1795  6988 I HwActivityManagerService: Split enqueueing broadcast [callerApp]:ProcessRecord{24cdca7 3218:com.android.phone/1001}
12-17 19:34:56.401  1795  6988 I ActivityManager_broadcast: Enqueueing ordered broadcast[background] BroadcastRecord{168094c u0 huawei.intent.action.IMS_SERVICE_STATE_CHANGED}: prev had 1
12-17 19:34:56.401  5215  5215 E wpa_supplicant: bssid=80:38:bc:0a:fa:e0;freq=2412;level=-76;flags=11;ssid=wlanaccessv2.0;
12-17 19:34:56.402  5215  5215 E wpa_supplicant: bssid=80:38:bc:0b:36:e1;freq=2452;level=-80;flags=11;ssid=Huawei-Employee;
12-17 19:34:56.402  5215  5215 E wpa_supplicant: bssid=80:38:bc:0b:1d:81;freq=2472;level=-83;flags=11;ssid=Huawei-Employee;
12-17 19:34:56.402  2852  2852 D HwPhoneStatusBarPolicy: state is UNREGISTERED
12-17 19:34:56.402  2852  2852 I HwPhoneStatusBarPolicy: updateVolte::volteState=UNREGISTERED
12-17 19:34:56.402  5215  5215 E wpa_supplicant: bssid=80:38:bc:0b:29:e0;freq=2452;level=-62;flags=11;ssid=wlanaccessv2.0;
12-17 19:34:56.402  2852  2852 I HwStatusBarIconController: applyIconTint
12-17 19:34:56.402  2852  2852 I HwStatusBarIconController: applyIconTint ignore
12-17 19:34:56.402  5215  5215 E wpa_supplicant: bssid=18:c5:8a:1a:4d:21;freq=2472;level=-93;flags=11;ssid=Huawei-Employee;
12-17 19:34:56.402  5215  5215 E wpa_supplicant: bssid=80:38:bc:0b:2b:e0;freq=2432;level=-61;flags=11;ssid=wlanaccessv2.0;
12-17 19:34:56.402  5215  5215 D wpa_supplicant: CTRL-DEBUG: global_ctrl_sock-sendto: sock=16 sndbuf=229376 outq=0 send_len=4019
12-17 19:34:56.403  3218  3218 D HwQcomVolteChrService: getDefaultPhone phone = Handler (com.android.internal.telephony.GsmCdmaPhone) {6d6dfc5}
12-17 19:34:56.403  5215  5215 D wpa_supplicant: wlan0: Control interface command 'BSS RANGE=486- MASK=0x3029d87'
12-17 19:34:56.404  5215  5215 E wpa_supplicant: bssid=80:38:bc:0b:14:40;freq=2472;level=-79;flags=11;ssid=wlanaccessv2.0;
12-17 19:34:56.404  5215  5215 E wpa_supplicant: bssid=80:38:bc:0b:29:60;freq=2412;level=-78;flags=11;ssid=wlanaccessv2.0;
12-17 19:34:56.404  5215  5215 E wpa_supplicant: bssid=80:38:bc:0b:04:40;freq=2472;level=-91;flags=11;ssid=wlanaccessv2.0;
12-17 19:34:56.404  5215  5215 E wpa_supplicant: bssid=80:38:bc:08:42:e1;freq=2472;level=-43;flags=11;ssid=Huawei-Employee;
12-17 19:34:56.404  5215  5215 E wpa_supplicant: bssid=80:38:bc:0a:f9:21;freq=2472;level=-78;flags=11;ssid=Huawei-Employee;
12-17 19:34:56.404  3218  3218 I SendBroadcastPermission: action:com.android.imscontection.DISCONNECTED, mPermissionType:0
12-17 19:34:56.405  5215  5215 E wpa_supplicant: bssid=80:38:bc:0b:22:a0;freq=2452;level=-85;flags=11;ssid=wlanaccessv2.0;
12-17 19:34:56.405  1795 15988 D Telecom : Call: getSubId subId is 0: CSW.sD@EsU
12-17 19:34:56.405  1795 15988 I CallVoiceAsisstant: stopVAssistant...
12-17 19:34:56.405  1795 15988 D PowerManagerService: userActivityNoUpdateLocked: eventTime=123094022, event=0, flags=0x0, uid=1000
12-17 19:34:56.405  1795 15988 I PowerManager_screenOn: PowerManagerNotifier onUserActivity: event=0, uid=1000
12-17 19:34:56.405  5215  5215 E wpa_supplicant: bssid=80:38:bc:0b:36:a1;freq=2472;level=-86;flags=11;ssid=Huawei-Employee;
12-17 19:34:56.405  5215  5215 D wpa_supplicant: CTRL-DEBUG: global_ctrl_sock-sendto: sock=16 sndbuf=229376 outq=0 send_len=3670
12-17 19:34:56.405  1795 15988 D PowerManagerService: ready=true,policy=3,wakefulness=1,wksummary=0x1,uasummary=0x1,bootcompleted=true,boostinprogress=false,waitmodeenable=false,mode=true,manual=33,auto=-1,adj=0.0userId=0
12-17 19:34:56.406  1795 15988 I Telecom : ProximitySensorManager: All calls removed, resetting proximity sensor to default state: CSW.sD@EsU
12-17 19:34:56.406  1795 15988 I Telecom : TelecomWakeLock: WakeLock already released with id: 32: CSW.sD@EsU
12-17 19:34:56.406  1795 15988 I Telecom : Event: Call TC@11: DESTROYED, null: CSW.sD@EsU
12-17 19:34:56.406  1795 15988 E MotionRecognition: destroyMotionRecognition ...
12-17 19:34:56.406  1795 15988 V AudioManager: getStreamVolume  treamType: 0
12-17 19:34:56.406  5215  5215 D wpa_supplicant: wlan0: Control interface command 'BSS RANGE=486- MASK=0x3029d87'
12-17 19:34:56.406  5215  5215 E wpa_supplicant: bssid=80:38:bc:0b:14:40;freq=2472;level=-79;flags=11;ssid=wlanaccessv2.0;
12-17 19:34:56.407  5215  5215 E wpa_supplicant: bssid=80:38:bc:0b:29:60;freq=2412;level=-78;flags=11;ssid=wlanaccessv2.0;
12-17 19:34:56.407  5215  5215 E wpa_supplicant: bssid=80:38:bc:0b:04:40;freq=2472;level=-91;flags=11;ssid=wlanaccessv2.0;
12-17 19:34:56.407  5215  5215 E wpa_supplicant: bssid=80:38:bc:08:42:e1;freq=2472;level=-43;flags=11;ssid=Huawei-Employee;
12-17 19:34:56.407  1795 15988 D StatisticalHelper: eventId:VOLUM, ret:false
12-17 19:34:56.407  5215  5215 E wpa_supplicant: bssid=80:38:bc:0a:f9:21;freq=2472;level=-78;flags=11;ssid=Huawei-Employee;
12-17 19:34:56.407  1795 15988 I Telecom : CallsManager: setActiveSubscription = null: CSW.sD@EsU
12-17 19:34:56.407  5215  5215 E wpa_supplicant: bssid=80:38:bc:0b:22:a0;freq=2452;level=-85;flags=11;ssid=wlanaccessv2.0;
12-17 19:34:56.407  5215  5215 E wpa_supplicant: bssid=80:38:bc:0b:36:a1;freq=2472;level=-86;flags=11;ssid=Huawei-Employee;
12-17 19:34:56.407  1795 15988 I Telecom : CallsManager: setActiveSubscription changed : CSW.sD@EsU
12-17 19:34:56.407  1795 15988 I Telecom : CallsManager: updateLchStatus subInConversation: null: CSW.sD@EsU
12-17 19:34:56.407  5215  5215 D wpa_supplicant: CTRL-DEBUG: global_ctrl_sock-sendto: sock=16 sndbuf=229376 outq=0 send_len=3670
12-17 19:34:56.409  5215  5215 D wpa_supplicant: wlan0: Control interface command 'BSS RANGE=499- MASK=0x3029d87'
12-17 19:34:56.410  5215  5215 E wpa_supplicant: bssid=80:38:bc:0a:f1:e0;freq=2472;level=-92;flags=11;ssid=wlanaccessv2.0;
12-17 19:34:56.410  5215  5215 E wpa_supplicant: bssid=80:38:bc:08:42:c0;freq=2452;level=-59;flags=11;ssid=wlanaccessv2.0;
12-17 19:34:56.410  5215  5215 E wpa_supplicant: bssid=80:38:bc:0a:ef:41;freq=2452;level=-69;flags=11;ssid=Huawei-Employee;
12-17 19:34:56.410  5215  5215 E wpa_supplicant: bssid=80:38:bc:0a:ef:c1;freq=2412;level=-78;flags=11;ssid=Huawei-Employee;
12-17 19:34:56.410  5215  5215 E wpa_supplicant: bssid=80:38:bc:08:43:00;freq=2472;level=-80;flags=11;ssid=wlanaccessv2.0;
12-17 19:34:56.411  5215  5215 E wpa_supplicant: bssid=80:38:bc:0b:34:a1;freq=2472;level=-86;flags=11;ssid=Huawei-Employee;
12-17 19:34:56.411  5215  5215 E wpa_supplicant: bssid=80:38:bc:0b:22:a1;freq=2452;level=-86;flags=11;ssid=Huawei-Employee;
12-17 19:34:56.411  3466  3466 I Contacts: DialpadFragment mBroadcastReceiver action:huawei.intent.action.IMS_SERVICE_STATE_CHANGED
12-17 19:34:56.411  5215  5215 D wpa_supplicant: CTRL-DEBUG: global_ctrl_sock-sendto: sock=16 sndbuf=229376 outq=0 send_len=3673
12-17 19:34:56.411  1795  1806 W ActivityManager: Sending non-protected broadcast com.android.imscontection.DISCONNECTED from system 3218:com.android.phone/1001 pkg com.android.phone
12-17 19:34:56.412  2852  2925 I EventCenter: ContentChange for slot: 1
12-17 19:34:56.412  2852  2852 I HwBrightnessController: onChange selfChange:false uri.toString():content://settings/system/screen_auto_brightness mIsObserveAutoBrightnessChange:true
12-17 19:34:56.412  3218  3218 I QImsService: ImsServiceSub : sendBroadcastForDisconnected
12-17 19:34:56.413  1046  2703 V APM_AudioPolicyManager: listAudioPorts() role 0 type 0 num_ports 0 ports 0xf00e80b0
12-17 19:34:56.413  1046  2703 V APM_AudioPolicyManager: listAudioPorts() got 0 ports needed 12
12-17 19:34:56.413  5215  5215 D wpa_supplicant: wlan0: Control interface command 'BSS RANGE=499- MASK=0x3029d87'
12-17 19:34:56.413  5215  5215 E wpa_supplicant: bssid=80:38:bc:0a:f1:e0;freq=2472;level=-92;flags=11;ssid=wlanaccessv2.0;
12-17 19:34:56.414  5215  5215 E wpa_supplicant: bssid=80:38:bc:08:42:c0;freq=2452;level=-59;flags=11;ssid=wlanaccessv2.0;
12-17 19:34:56.414  5215  5215 E wpa_supplicant: bssid=80:38:bc:0a:ef:41;freq=2452;level=-69;flags=11;ssid=Huawei-Employee;
12-17 19:34:56.414  5215  5215 E wpa_supplicant: bssid=80:38:bc:0a:ef:c1;freq=2412;level=-78;flags=11;ssid=Huawei-Employee;
12-17 19:34:56.414  2852  2852 I HwBrightnessUtils: APS brightness=43.0,ConvertToPercentage=0.35544524
12-17 19:34:56.414  2852  2852 I HwBrightnessUtils:  getSeekBarProgress isAutoMode:true current brightness:43 percentage:0.35544524
12-17 19:34:56.414  2852  2852 I HwBrightnessController: updateSlider1 seekBarProgress:3554
12-17 19:34:56.414  2852  2852 I HwBrightnessController: updateSlider2 seekBarProgress:3554
12-17 19:34:56.415  2852  2852 I ToggleSlider:  mSeekListener onProgressChanged progress:3554 fromUser:false
12-17 19:34:56.415  2852  2852 I ToggleSlider:  mSeekListener onProgressChanged progress:3554 fromUser:false
12-17 19:34:56.415  5215  5215 E wpa_supplicant: bssid=80:38:bc:08:43:00;freq=2472;level=-80;flags=11;ssid=wlanaccessv2.0;
12-17 19:34:56.416  5215  5215 E wpa_supplicant: bssid=80:38:bc:0b:34:a1;freq=2472;level=-86;flags=11;ssid=Huawei-Employee;
12-17 19:34:56.416  5215  5215 E wpa_supplicant: bssid=80:38:bc:0b:22:a1;freq=2452;level=-86;flags=11;ssid=Huawei-Employee;
12-17 19:34:56.416  5215  5215 D wpa_supplicant: CTRL-DEBUG: global_ctrl_sock-sendto: sock=16 sndbuf=229376 outq=0 send_len=3673
12-17 19:34:56.417  1046 26554 V APM_AudioPolicyManager: listAudioPorts() role 0 type 0 num_ports 12 ports 0xf0abc000
12-17 19:34:56.417  1046 26554 V APM_AudioPolicyManager: listAudioPorts() got 12 ports needed 12
12-17 19:34:56.418  1795  1795 I AudioSystem-JNI: listAudioPorts AudioSystem::listAudioPorts numPorts 12 generation 214 generation1 214
12-17 19:34:56.418  5215  5215 D wpa_supplicant: wlan0: Control interface command 'BSS RANGE=506- MASK=0x3029d87'
12-17 19:34:56.418  5215  5215 E wpa_supplicant: bssid=80:38:bc:0a:f9:60;freq=2472;level=-86;flags=11;ssid=wlanaccessv2.0;
