12-17 19:47:16.501   633 31870 I SDK     : 
12-17 19:47:16.501   633 31870 I SDK     : <2016-12-17 19:47:16> [WARN] SDK: UE-SeC 2016-12-17 19:47:16:501 Level[WARN] magic[3362781472 684]:PubEvt_Close Getting a socket[121] from the Socket-table Failed!
12-17 19:47:16.501   633 31870 I SDK     : 
12-17 19:47:16.502   633 31870 I SDK     : <2016-12-17 19:47:16> [WARN] SDK: UE-SeC 2016-12-17 19:47:16:502 Level[WARN] magic[3362781472 684]:PubEvt_Close Getting a socket[122] from the Socket-table Failed!
12-17 19:47:16.502   633 31870 I SDK     : 
12-17 19:47:16.502   633 31870 I SDK     : <2016-12-17 19:47:16> [WARN] SDK: UE-SeC 2016-12-17 19:47:16:502 Level[WARN] magic[3362781472 684]:PubEvt_Close Getting a socket[123] from the Socket-table Failed!
12-17 19:47:16.502   633 31870 I SDK     : 
12-17 19:47:16.502   633 31870 I SDK     : <2016-12-17 19:47:16> [WARN] SDK: UE-SeC 2016-12-17 19:47:16:502 Level[WARN] magic[3362781472 684]:PubEvt_Close Getting a socket[124] from the Socket-table Failed!
12-17 19:47:16.502   633 31870 I SDK     : 
12-17 19:47:16.502   633 31870 I SDK     : <2016-12-17 19:47:16> [WARN] SDK: UE-SeC 2016-12-17 19:47:16:502 Level[WARN] magic[3362781472 684]:PubEvt_Close Getting a socket[125] from the Socket-table Failed!
12-17 19:47:16.502   633 31870 I SDK     : 
12-17 19:47:16.502   633 31870 I SDK     : <2016-12-17 19:47:16> [WARN] SDK: UE-SeC 2016-12-17 19:47:16:502 Level[WARN] magic[3362781472 684]:PubEvt_Close Getting a socket[126] from the Socket-table Failed!
12-17 19:47:16.502   633 31870 I SDK     : 
12-17 19:47:16.502   633 31870 I SDK     : <2016-12-17 19:47:16> [WARN] SDK: UE-SeC 2016-12-17 19:47:16:502 Level[WARN] magic[3362781472 684]:PubEvt_Close Getting a socket[127] from the Socket-table Failed!
12-17 19:47:16.502   633 31870 I SDK     : 
12-17 19:47:16.502   633 31870 I SDK     : <2016-12-17 19:47:16> [WARN] SDK: UE-SeC 2016-12-17 19:47:16:502 Level[WARN] magic[3362781472 684]:PubEvt_Close Getting a socket[128] from the Socket-table Failed!
12-17 19:47:16.502   633 31870 I SDK     : 
12-17 19:47:16.502   633 31870 I SDK     : <2016-12-17 19:47:16> [WARN] SDK: UE-SeC 2016-12-17 19:47:16:502 Level[WARN] magic[3362781472 684]:PubEvt_Close Getting a socket[129] from the Socket-table Failed!
12-17 19:47:16.502   633 31870 I SDK     : 
12-17 19:47:16.503   633 31870 I SDK     : <2016-12-17 19:47:16> [WARN] SDK: UE-SeC 2016-12-17 19:47:16:503 Level[WARN] magic[3362781472 684]:PubEvt_Close Getting a socket[130] from the Socket-table Failed!
12-17 19:47:16.503   633 31870 I SDK     : 
12-17 19:47:16.503   633 31870 I SDK     : <2016-12-17 19:47:16> [WARN] SDK: UE-SeC 2016-12-17 19:47:16:503 Level[WARN] magic[3362781472 684]:PubEvt_Close Getting a socket[131] from the Socket-table Failed!
12-17 19:47:16.503   633 31870 I SDK     : 
12-17 19:47:16.503   633 31870 I SDK     : <2016-12-17 19:47:16> [WARN] SDK: UE-SeC 2016-12-17 19:47:16:503 Level[WARN] magic[3362781472 684]:PubEvt_Close Getting a socket[132] from the Socket-table Failed!
12-17 19:47:16.503   633 31870 I SDK     : 
12-17 19:47:16.503   633 31870 I SDK     : <2016-12-17 19:47:16> [WARN] SDK: UE-SeC 2016-12-17 19:47:16:503 Level[WARN] magic[3362781472 684]:PubEvt_Close Getting a socket[133] from the Socket-table Failed!
12-17 19:47:16.503   633 31870 I SDK     : 
12-17 19:47:16.503   633 31870 I SDK     : <2016-12-17 19:47:16> [WARN] SDK: UE-SeC 2016-12-17 19:47:16:503 Level[WARN] magic[3362781472 684]:PubEvt_Close Getting a socket[134] from the Socket-table Failed!
12-17 19:47:16.503   633 31870 I SDK     : 
12-17 19:47:16.504   633 31870 I SDK     : <2016-12-17 19:47:16> [WARN] SDK: UE-SeC 2016-12-17 19:47:16:504 Level[WARN] magic[3362781472 684]:PubEvt_Close Getting a socket[135] from the Socket-table Failed!
12-17 19:47:16.504   633 31870 I SDK     : 
12-17 19:47:16.504 31949 31967 I TCP     : tcp.recv{4790} TcpClientThread.onReceiverWork(TcpClientThread.java:314) disconnected
12-17 19:47:16.504 16354 21005 W HwSystemManager: PowerWarningParam:getValue value not exist in XML: high_level_for_freqapp_standard
12-17 19:47:16.504  1795 16499 I AwareLog: AwareUserHabit: getMostFrequentUsedApp is called
12-17 19:47:16.505   633 31870 I SDK     : <2016-12-17 19:47:16> [WARN] SDK: UE-SeC 2016-12-17 19:47:16:505 Level[WARN] magic[3362781472 684]:PubEvt_Close Getting a socket[136] from the Socket-table Failed!
12-17 19:47:16.505   633 31870 I SDK     : 
12-17 19:47:16.505   633 31870 I SDK     : <2016-12-17 19:47:16> [WARN] SDK: UE-SeC 2016-12-17 19:47:16:505 Level[WARN] magic[3362781472 684]:PubEvt_Close Getting a socket[137] from the Socket-table Failed!
12-17 19:47:16.505   633 31870 I SDK     : 
12-17 19:47:16.505   633 31870 I SDK     : <2016-12-17 19:47:16> [WARN] SDK: UE-SeC 2016-12-17 19:47:16:505 Level[WARN] magic[3362781472 684]:PubEvt_Close Getting a socket[138] from the Socket-table Failed!
12-17 19:47:16.505   633 31870 I SDK     : 
12-17 19:47:16.505   633 31870 I SDK     : <2016-12-17 19:47:16> [WARN] SDK: UE-SeC 2016-12-17 19:47:16:505 Level[WARN] magic[3362781472 684]:PubEvt_Close Getting a socket[139] from the Socket-table Failed!
12-17 19:47:16.505   633 31870 I SDK     : 
12-17 19:47:16.505   633 31870 I SDK     : <2016-12-17 19:47:16> [WARN] SDK: UE-SeC 2016-12-17 19:47:16:505 Level[WARN] magic[3362781472 684]:PubEvt_Close Getting a socket[140] from the Socket-table Failed!
12-17 19:47:16.505   633 31870 I SDK     : 
12-17 19:47:16.506   633 31870 I SDK     : <2016-12-17 19:47:16> [WARN] SDK: UE-SeC 2016-12-17 19:47:16:506 Level[WARN] magic[3362781472 684]:PubEvt_Close Getting a socket[141] from the Socket-table Failed!
12-17 19:47:16.506   633 31870 I SDK     : 
12-17 19:47:16.506 16354 21005 I HwSystemManager: HandlePowerStatistic:freqApps = [com.tencent.mm, com.android.browser, com.qiyi.video, com.achievo.vipshop, com.gtgj.view]
12-17 19:47:16.506   633 31870 I SDK     : <2016-12-17 19:47:16> [WARN] SDK: UE-SeC 2016-12-17 19:47:16:506 Level[WARN] magic[3362781472 684]:PubEvt_Close Getting a socket[142] from the Socket-table Failed!
12-17 19:47:16.506   633 31870 I SDK     : 
12-17 19:47:16.507   633 31870 I SDK     : <2016-12-17 19:47:16> [WARN] SDK: UE-SeC 2016-12-17 19:47:16:507 Level[WARN] magic[3362781472 684]:PubEvt_Close Getting a socket[143] from the Socket-table Failed!
12-17 19:47:16.507   633 31870 I SDK     : 
12-17 19:47:16.507   633 31870 I SDK     : <2016-12-17 19:47:16> [WARN] SDK: UE-SeC 2016-12-17 19:47:16:507 Level[WARN] magic[3362781472 684]:PubEvt_Close Getting a socket[144] from the Socket-table Failed!
12-17 19:47:16.507   633 31870 I SDK     : 
12-17 19:47:16.507   633 31870 I SDK     : <2016-12-17 19:47:16> [WARN] SDK: UE-SeC 2016-12-17 19:47:16:507 Level[WARN] magic[3362781472 684]:PubEvt_Close Getting a socket[145] from the Socket-table Failed!
12-17 19:47:16.507   633 31870 I SDK     : 
12-17 19:47:16.507   633 31870 I SDK     : <2016-12-17 19:47:16> [WARN] SDK: UE-SeC 2016-12-17 19:47:16:507 Level[WARN] magic[3362781472 684]:PubEvt_Close Getting a socket[146] from the Socket-table Failed!
12-17 19:47:16.507   633 31870 I SDK     : 
12-17 19:47:16.507   633 31870 I SDK     : <2016-12-17 19:47:16> [WARN] SDK: UE-SeC 2016-12-17 19:47:16:507 Level[WARN] magic[3362781472 684]:PubEvt_Close Getting a socket[147] from the Socket-table Failed!
12-17 19:47:16.507   633 31870 I SDK     : 
12-17 19:47:16.507   633 31870 I SDK     : <2016-12-17 19:47:16> [WARN] SDK: UE-SeC 2016-12-17 19:47:16:507 Level[WARN] magic[3362781472 684]:PubEvt_Close Getting a socket[148] from the Socket-table Failed!
12-17 19:47:16.507   633 31870 I SDK     : 
12-17 19:47:16.508   633 31870 I SDK     : <2016-12-17 19:47:16> [WARN] SDK: UE-SeC 2016-12-17 19:47:16:508 Level[WARN] magic[3362781472 684]:PubEvt_Close Getting a socket[149] from the Socket-table Failed!
12-17 19:47:16.508   633 31870 I SDK     : 
12-17 19:47:16.508   633 31870 I SDK     : <2016-12-17 19:47:16> [WARN] SDK: UE-SeC 2016-12-17 19:47:16:508 Level[WARN] magic[3362781472 684]:PubEvt_Close Getting a socket[150] from the Socket-table Failed!
12-17 19:47:16.508   633 31870 I SDK     : 
12-17 19:47:16.508  1795  3111 D PowerManagerService: release:lock=169528812, flg=0x0, tag="WakerLock:233927177", name=com.tencent.mm", ws=null, uid=10105, pid=4634
12-17 19:47:16.509  1795  3111 D PowerManagerService: ready=true,policy=0,wakefulness=0,wksummary=0x0,uasummary=0x0,bootcompleted=true,boostinprogress=false,waitmodeenable=false,mode=true,manual=33,auto=-1,adj=0.0userId=0
12-17 19:47:16.509  1795  3111 D PowerManagerService: Releasing suspend blocker "PowerManagerService.WakeLocks".
12-17 19:47:16.509   633 31870 I SDK     : <2016-12-17 19:47:16> [WARN] SDK: UE-SeC 2016-12-17 19:47:16:509 Level[WARN] magic[3362781472 684]:PubEvt_Close Getting a socket[151] from the Socket-table Failed!
12-17 19:47:16.509   633 31870 I SDK     : 
12-17 19:48:16.281   816  1562 W SocketListener: sending broadcast to Pid = 1795, Uid = 1000 
12-17 19:48:16.283  1795  2665 D NetdConnector: RCV <- {613 IfaceClass active 1 443832604032830 0}
12-17 19:48:16.283  1795  2665 D NetdConnector: RCV <- {613 IfaceClass active 1 443832604032830 0}
12-17 19:48:16.283  1795  2376 I AlarmManager: there are no wakeup alarms and the screen is off, we can delay what we have so far until the future
12-17 19:48:16.284  1795  1795 I TrafficMonitor: update:rxPkts:5,txPkts:8,rxBytes:954,txBytes:495
12-17 19:48:16.284  1795  1795 I TrafficMonitor: start expired. level:-1
12-17 19:48:16.284  1795  1795 I TrafficMonitor: gettimer:interval=2000
12-17 19:48:16.284  1795  2323 D HwBatteryService: onUEvent fcpStatus = 0,scpStatus =0,ovpStatus=0
12-17 19:48:16.284  1795  1819 D NetdConnector: RCV unsolicited event from native daemon, event = 613 IfaceClass active 1 443832604032830 0
12-17 19:48:16.284  5224  5283 I Step_SharedPerferenceUtils: 20002302| getTodayTotalDetailSteps from Prefence success and todaySendorSteps= 1481974740000##4255##172215##0##0##443360202
12-17 19:48:16.285  1795  1819 D NetworkManagement: notifyInterfaceClassActivity: client is com.android.server.net.NetworkStatsService$6@5d6efc
12-17 19:48:16.285  1795  2323 E UsbDeviceManager: Error reading charge file
12-17 19:48:16.285  1795  2323 E UsbDeviceManager: java.io.FileNotFoundException: sys/class/hw_power/charger/charge_data/water_intrused (No such file or directory)
12-17 19:48:16.285  1795  2323 E UsbDeviceManager: 	at java.io.FileInputStream.open(Native Method)
12-17 19:48:16.285  1795  2323 E UsbDeviceManager: 	at java.io.FileInputStream.<init>(FileInputStream.java:146)
12-17 19:48:16.285  1795  2323 E UsbDeviceManager: 	at android.os.FileUtils.readTextFile(FileUtils.java:267)
12-17 19:48:16.285  1795  2323 E UsbDeviceManager: 	at com.android.server.usb.UsbDeviceManager$2.onUEvent(UsbDeviceManager.java:328)
12-17 19:48:16.285  1795  2323 E UsbDeviceManager: 	at android.os.UEventObserver$UEventThread.sendEvent(UEventObserver.java:210)
12-17 19:48:16.285  1795  2323 E UsbDeviceManager: 	at android.os.UEventObserver$UEventThread.run(UEventObserver.java:187)
12-17 19:48:16.285   633 31870 I SDK     : <2016-12-17 19:48:16> [WARN] SDK: UE-SeC 2016-12-17 19:48:16:285 Level[WARN] magic[3362781472 684]:PubEvt_Close Getting a socket[152] from the Socket-table Failed!
12-17 19:48:16.285   633 31870 I SDK     : 
12-17 19:48:16.285  1795  1819 D NetworkManagement: notifyInterfaceClassActivity: client is android.net.ip.IpManager$2@4c99c84
12-17 19:48:16.285  1795  1819 D NetworkManagement: notifyInterfaceClassActivity: client is com.android.server.net.NetworkPolicyManagerService$13@4df0feb
12-17 19:48:16.285  1795  1819 D NetworkManagement: notifyInterfaceClassActivity: client is android.net.INetworkManagementEventObserver$Stub$Proxy@af226
12-17 19:48:16.285  1795  2323 D HwBatteryService: onUEvent fcpStatus = 0,scpStatus =0,ovpStatus=0
12-17 19:48:16.285  5224  5283 I Step_SharedPerferenceUtils: 20002302|setTodayTotalDetailSteps to Prefence todaySendorSteps=1481975220000##4256##172216##0##0##443832649
12-17 19:48:16.285  1795  1819 D NetworkManagement: notifyInterfaceClassActivity: client is android.net.INetworkManagementEventObserver$Stub$Proxy@c0acf8b
12-17 19:48:16.286  1795  2323 E UsbDeviceManager: Error reading charge file
12-17 19:48:16.286  1795  2323 E UsbDeviceManager: java.io.FileNotFoundException: sys/class/hw_power/charger/charge_data/water_intrused (No such file or directory)
12-17 19:48:16.286  1795  2323 E UsbDeviceManager: 	at java.io.FileInputStream.open(Native Method)
