12-17 19:35:55.773   835   835 I fingerprintd: fingerprintdex--dev->need_liveness_authentication = false;
12-17 19:35:55.773  1795  2326 W HwFingerprintService: framework setLivenessSwitch is ok ---end
12-17 19:35:55.773   835   835 I fingerprintd: FingerprintDaemonProxyEx::onTransact, code:7
12-17 19:35:55.773   835   835 D fpc_fingerprint_hal: fpc_get_authenticator_id
12-17 19:35:55.774   835  2385 D fpc_fingerprint_hal: fpc poll irq interupt
12-17 19:35:55.774   835  2385 D fpc_fingerprint_hal: wait_finger_down, took 59885 ms
12-17 19:35:55.774   835  2385 E libteec : begin
12-17 19:35:55.774   606  2379 E libteec : receive data len = 128
12-17 19:35:55.779  1795  1825 I PowerManager_screenOn: DisplayPowerStatesetColorFadeLevel: level=0.8852566
12-17 19:35:55.789   606  2379 E libteec : QSEECom_send_cmd return!
12-17 19:35:55.789   606  2379 E libteec : qsc_send_cmd finish
12-17 19:35:55.789   606  2379 E libteec : send data return = 128
12-17 19:35:55.790   835  2385 E libteec : receive data len = 128
12-17 19:35:55.790   835  2385 E libteec : begin
12-17 19:35:55.790   835  2385 E libteec : qsc_decode end
12-17 19:35:55.790   835  2385 D fpc_fingerprint_hal: worker idle
12-17 19:35:55.790   835   835 E libteec : begin
12-17 19:35:55.790   606  2379 E libteec : receive data len = 128
12-17 19:35:55.793   606  2379 E libteec : QSEECom_send_cmd return!
12-17 19:35:55.793   606  2379 E libteec : qsc_send_cmd finish
12-17 19:35:55.793   606  2379 E libteec : send data return = 128
12-17 19:35:55.794   835   835 E libteec : receive data len = 128
12-17 19:35:55.794   835   835 E libteec : begin
12-17 19:35:55.794   835   835 E libteec : qsc_decode end
12-17 19:35:55.794   835   835 D fpc_fingerprint_hal: fpc_get_authenticator_id id 14657234628792947271
12-17 19:35:55.794   835  2385 E libteec : begin
12-17 19:35:55.794   606  2379 E libteec : receive data len = 128
12-17 19:35:55.794  1795  2326 V FingerprintService: startAuthentication(com.android.systemui)
12-17 19:35:55.794  1795  2326 V FingerprintService: starting client AuthenticationClient(com.android.systemui), initiatedByClient = true)
12-17 19:35:55.794   835   835 I fingerprintd: FingerprintDaemonProxyEx::onTransact, code:1
12-17 19:35:55.794   835   835 V fingerprintd: authenticate(sid=0, gid=0)
12-17 19:35:55.795  1795  1825 I PowerManager_screenOn: DisplayPowerStatesetColorFadeLevel: level=0.74999994
12-17 19:35:55.804   606  2379 E libteec : QSEECom_send_cmd return!
12-17 19:35:55.804   606  2379 E libteec : qsc_send_cmd finish
12-17 19:35:55.804   835  2385 E libteec : receive data len = 128
12-17 19:35:55.804   606  2379 E libteec : send data return = 128
12-17 19:35:55.804   835  2385 E libteec : begin
12-17 19:35:55.804   835  2385 E libteec : qsc_decode end
12-17 19:35:55.804   835  2385 D fpc_fingerprint_hal: worker idle
12-17 19:35:55.804   835  2385 D fpc_fingerprint_hal: workerFunction STATE_AUTHENTICATE
12-17 19:35:55.804   835  2385 E libteec : begin
12-17 19:35:55.804   606  2379 E libteec : receive data len = 128
12-17 19:35:55.804  1795  2326 W FingerprintService: client com.android.systemui is authenticating...
12-17 19:35:55.808   606  2379 E libteec : QSEECom_send_cmd return!
12-17 19:35:55.808   606  2379 E libteec : qsc_send_cmd finish
12-17 19:35:55.808   606  2379 E libteec : send data return = 128
12-17 19:35:55.808   835  2385 E libteec : receive data len = 128
12-17 19:35:55.808   835  2385 E libteec : begin
12-17 19:35:55.808   835  2385 E libteec : qsc_decode end
12-17 19:35:55.808   835  2385 I fpc_tac : fpc_tac_send_get_indices_cmd indices:0x7f9860c000, index_count:1
12-17 19:35:55.808   835  2385 E libteec : begin
12-17 19:35:55.808   606  2379 E libteec : receive data len = 1152
12-17 19:35:55.811   606  2379 E libteec : QSEECom_send_cmd return!
12-17 19:35:55.811   606  2379 E libteec : qsc_send_cmd finish
12-17 19:35:55.811   606  2379 E libteec : send data return = 1152
12-17 19:35:55.812   835  2385 E libteec : receive data len = 1152
12-17 19:35:55.812   835  2385 E libteec : begin
12-17 19:35:55.812   835  2385 E libteec : qsc_decode end
12-17 19:35:55.812  1795  1825 I PowerManager_screenOn: DisplayPowerStatesetColorFadeLevel: level=0.5936906
12-17 19:35:55.812   835  2385 E libteec : begin
12-17 19:35:55.812   606  2379 E libteec : receive data len = 128
12-17 19:35:55.815   606  2379 E libteec : QSEECom_send_cmd return!
12-17 19:35:55.815   606  2379 E libteec : qsc_send_cmd finish
12-17 19:35:55.815   606  2379 E libteec : send data return = 128
12-17 19:35:55.815   835  2385 E libteec : receive data len = 128
12-17 19:35:55.815   835  2385 E libteec : begin
12-17 19:35:55.815   835  2385 E libteec : qsc_decode end
12-17 19:35:55.815   835  2385 I fpc_tac : fpc_tac_begin_identify---need_liveness_authentication: 0
12-17 19:35:55.815   835  2385 E libteec : begin
12-17 19:35:55.816   606  2379 E libteec : receive data len = 192
12-17 19:35:55.819   606  2379 E libteec : QSEECom_send_cmd return!
12-17 19:35:55.819   606  2379 E libteec : qsc_send_cmd finish
12-17 19:35:55.819   606  2379 E libteec : send data return = 192
12-17 19:35:55.819   835  2385 E libteec : receive data len = 192
12-17 19:35:55.819   835  2385 E libteec : begin
12-17 19:35:55.819   835  2385 E libteec : qsc_decode end
12-17 19:35:55.819   835  2385 I fpc_tac : fpc_tac_send_set_arbitrary_data_cmd:ok, response:0
12-17 19:35:55.819   835  2385 D fingerprintd: onAcquired(2001)
12-17 19:35:55.820   835  2385 E libteec : begin
12-17 19:35:55.820   606  2379 E libteec : receive data len = 128
12-17 19:35:55.820  1795  2778 W FingerprintService: onAcquired 1
12-17 19:35:55.820  1795  2326 W FingerprintService: onAcquired 2
12-17 19:35:55.820  2852  2852 V KeyguardUpdateMonitor: KGSvcFp onAuthenticationAcquired.2001
12-17 19:35:55.821  2852  2925 E HW-JPEG-DEC: [HME_JPEG_DEC_Delete](3298): HME_JPEG_DEC_Delete: decoder_ctx=null
12-17 19:35:55.828  1795  1825 I PowerManager_screenOn: DisplayPowerStatesetColorFadeLevel: level=0.41661572
12-17 19:35:55.829  3180  3578 I ash     :  ignore audio app: com.tencent.mm stop delta time:29864541
12-17 19:35:55.829  3180  3578 I ash     : com.tencent.mm { running duration=55675 } transition to: doze reason:
12-17 19:35:55.829  3180  3578 I ash     : doze package: com.tencent.mm, visible: false
12-17 19:35:55.835  2852  2925 I BitmapUtils: RGB565toARGB888 create bmp = 162x288
12-17 19:35:55.840   606  2379 E libteec : QSEECom_send_cmd return!
12-17 19:35:55.840   606  2379 E libteec : qsc_send_cmd finish
12-17 19:35:55.840   835  2385 E libteec : receive data len = 128
12-17 19:35:55.840   835  2385 E libteec : begin
12-17 19:35:55.840   835  2385 E libteec : qsc_decode end
12-17 19:35:55.840   606  2379 E libteec : send data return = 128
12-17 19:35:55.840  2852  2925 W BitmapUtils: blurBitmap : android.graphics.Bitmap@2e1d8f6use source bitmap; use rgb888 as target; Consueme: 5ms
12-17 19:35:55.840  2852  2925 W BokehDrawable: onPostExecute android.graphics.Bitmap@e8884f7, []
12-17 19:35:55.840  2852  2852 D KGWallpaper_Magazine: Magazine Picture Loaded. false  1
12-17 19:35:55.840  2852  2925 W KGWallpaper_Magazine: load magazine wallpaper use: 69
12-17 19:35:55.840  2852  2852 W KGWallpaper_Magazine: get Index for key 29 to 6
