12-17 19:32:06.421  1795  5219 D WifiMonitor: Dispatching event to interface: wlan0
12-17 19:32:06.421  5215  5215 D wpa_supplicant: CTRL_IFACE monitor sent successfully to /data/misc/wifi/sockets/wpa_ctrl_1795-194\x00
12-17 19:32:06.421  5215  5215 D wpa_supplicant: wlan0: BSS: Add new id 479 BSSID 80:38:bc:0a:f2:00 SSID 'wlanaccessv2.0' freq 2452
12-17 19:32:06.421  5215  5215 D wpa_supplicant: CTRL-DEBUG: ctrl_sock-sendmsg: sock=16 sndbuf=229376 outq=0 send_len=42
12-17 19:32:06.421  1795  5219 D WifiMonitor: Dispatching event to interface: wlan0
12-17 19:32:06.421  5215  5215 D wpa_supplicant: CTRL_IFACE monitor sent successfully to /data/misc/wifi/sockets/wpa_ctrl_1795-194\x00
12-17 19:32:06.421  5215  5215 D wpa_supplicant: wlan0: BSS: Add new id 480 BSSID 80:38:bc:0b:31:e1 SSID 'Huawei-Employee' freq 2412
12-17 19:32:06.421  5215  5215 D wpa_supplicant: CTRL-DEBUG: ctrl_sock-sendmsg: sock=16 sndbuf=229376 outq=0 send_len=42
12-17 19:32:06.421  1795  5219 D WifiMonitor: Dispatching event to interface: wlan0
12-17 19:32:06.421 31949 31967 I ECS     : WatchThread{4786} TcpClient.clearAll(TcpClient.java:240) ==================== TCP CLIENT CLEAR ALL ====================
12-17 19:32:06.421  5215  5215 D wpa_supplicant: CTRL_IFACE monitor sent successfully to /data/misc/wifi/sockets/wpa_ctrl_1795-194\x00
12-17 19:32:06.421  5215  5215 D wpa_supplicant: wlan0: BSS: Add new id 481 BSSID 80:38:bc:0a:f9:81 SSID 'Huawei-Employee' freq 2412
12-17 19:32:06.421  5215  5215 D wpa_supplicant: CTRL-DEBUG: ctrl_sock-sendmsg: sock=16 sndbuf=229376 outq=0 send_len=42
12-17 19:32:06.421  1795  5219 D WifiMonitor: Dispatching event to interface: wlan0
12-17 19:32:06.421  5215  5215 D wpa_supplicant: CTRL_IFACE monitor sent successfully to /data/misc/wifi/sockets/wpa_ctrl_1795-194\x00
12-17 19:32:06.421  5215  5215 D wpa_supplicant: wlan0: BSS: Add new id 482 BSSID 18:c5:8a:1a:4d:21 SSID 'Huawei-Employee' freq 2472
12-17 19:32:06.421  5215  5215 D wpa_supplicant: CTRL-DEBUG: ctrl_sock-sendmsg: sock=16 sndbuf=229376 outq=0 send_len=42
12-17 19:32:06.421  1795  5219 D WifiMonitor: Dispatching event to interface: wlan0
12-17 19:32:06.421  5215  5215 D wpa_supplicant: CTRL_IFACE monitor sent successfully to /data/misc/wifi/sockets/wpa_ctrl_1795-194\x00
12-17 19:32:06.421  5215  5215 D wpa_supplicant: wlan0: BSS: Add new id 483 BSSID 8c:a6:df:4a:8c:e2 SSID 'IOT-HUAWEI' freq 2462
12-17 19:32:06.422  5215  5215 D wpa_supplicant: CTRL-DEBUG: ctrl_sock-sendmsg: sock=16 sndbuf=229376 outq=0 send_len=42
12-17 19:32:06.422  1795  5219 D WifiMonitor: Dispatching event to interface: wlan0
12-17 19:32:06.422  5215  5215 D wpa_supplicant: CTRL_IFACE monitor sent successfully to /data/misc/wifi/sockets/wpa_ctrl_1795-194\x00
12-17 19:32:06.422  5215  5215 D wpa_supplicant: wlan0: BSS: Add new id 484 BSSID 80:38:bc:0a:ef:c0 SSID 'wlanaccessv2.0' freq 2412
12-17 19:32:06.422  5215  5215 D wpa_supplicant: CTRL-DEBUG: ctrl_sock-sendmsg: sock=16 sndbuf=229376 outq=0 send_len=42
12-17 19:32:06.422  1795  5219 D WifiMonitor: Dispatching event to interface: wlan0
12-17 19:32:06.422  5215  5215 D wpa_supplicant: CTRL_IFACE monitor sent successfully to /data/misc/wifi/sockets/wpa_ctrl_1795-194\x00
12-17 19:32:06.422  5215  5215 D wpa_supplicant: wlan0: BSS: Remove id 450 BSSID 80:38:bc:08:42:c0 SSID 'wlanaccessv2.0' due to no match in scan
12-17 19:32:06.422  5215  5215 D wpa_supplicant: CTRL-DEBUG: ctrl_sock-sendmsg: sock=16 sndbuf=229376 outq=0 send_len=44
12-17 19:32:06.422  1795  5219 D WifiMonitor: Dispatching event to interface: wlan0
12-17 19:32:06.422  5215  5215 D wpa_supplicant: CTRL_IFACE monitor sent successfully to /data/misc/wifi/sockets/wpa_ctrl_1795-194\x00
12-17 19:32:06.422  5215  5215 D wpa_supplicant: wlan0: BSS: Remove id 451 BSSID 80:38:bc:08:43:00 SSID 'wlanaccessv2.0' due to no match in scan
12-17 19:32:06.422  5215  5215 D wpa_supplicant: CTRL-DEBUG: ctrl_sock-sendmsg: sock=16 sndbuf=229376 outq=0 send_len=44
12-17 19:32:06.422  1795  5219 D WifiMonitor: Dispatching event to interface: wlan0
12-17 19:32:06.422  5215  5215 D wpa_supplicant: CTRL_IFACE monitor sent successfully to /data/misc/wifi/sockets/wpa_ctrl_1795-194\x00
12-17 19:32:06.422  5215  5215 D wpa_supplicant: wlan0: BSS: Remove id 452 BSSID 80:38:bc:0b:16:21 SSID 'Huawei-Employee' due to no match in scan
12-17 19:32:06.422 31949 31967 I ECS     : WatchThread{4786} TcpClient.connect(TcpClient.java:162) ==================== TCP CLIENT CONNECT [2] ====================
12-17 19:32:06.422  5215  5215 D wpa_supplicant: CTRL-DEBUG: ctrl_sock-sendmsg: sock=16 sndbuf=229376 outq=0 send_len=44
12-17 19:32:06.422  1795  5219 D WifiMonitor: Dispatching event to interface: wlan0
12-17 19:32:06.422  5215  5215 D wpa_supplicant: CTRL_IFACE monitor sent successfully to /data/misc/wifi/sockets/wpa_ctrl_1795-194\x00
12-17 19:32:06.422  5215  5215 D wpa_supplicant: wlan0: BSS: Remove id 453 BSSID 80:38:bc:0a:f9:41 SSID 'Huawei-Employee' due to no match in scan
12-17 19:32:06.422  5215  5215 D wpa_supplicant: CTRL-DEBUG: ctrl_sock-sendmsg: sock=16 sndbuf=229376 outq=0 send_len=44
12-17 19:32:06.422  1795  5219 D WifiMonitor: Dispatching event to interface: wlan0
12-17 19:32:06.422  5215  5215 D wpa_supplicant: CTRL_IFACE monitor sent successfully to /data/misc/wifi/sockets/wpa_ctrl_1795-194\x00
12-17 19:32:06.422  5215  5215 D wpa_supplicant: wlan0: BSS: Remove id 454 BSSID 80:38:bc:0b:22:a1 SSID 'Huawei-Employee' due to no match in scan
12-17 19:32:06.422  5215  5215 D wpa_supplicant: CTRL-DEBUG: ctrl_sock-sendmsg: sock=16 sndbuf=229376 outq=0 send_len=44
12-17 19:32:06.422  1795  5219 D WifiMonitor: Dispatching event to interface: wlan0
12-17 19:32:06.422  5215  5215 D wpa_supplicant: CTRL_IFACE monitor sent successfully to /data/misc/wifi/sockets/wpa_ctrl_1795-194\x00
12-17 19:32:06.422  5215  5215 D wpa_supplicant: wlan0: BSS: Remove id 455 BSSID 80:38:bc:0a:ef:41 SSID 'Huawei-Employee' due to no match in scan
12-17 19:32:06.423  5215  5215 D wpa_supplicant: CTRL-DEBUG: ctrl_sock-sendmsg: sock=16 sndbuf=229376 outq=0 send_len=44
12-17 19:32:06.423  1795  5219 D WifiMonitor: Dispatching event to interface: wlan0
12-17 19:32:06.423  5215  5215 D wpa_supplicant: CTRL_IFACE monitor sent successfully to /data/misc/wifi/sockets/wpa_ctrl_1795-194\x00
12-17 19:32:06.423  5215  5215 D wpa_supplicant: wlan0: BSS: Remove id 456 BSSID 68:8f:84:ef:3f:01 SSID 'Huawei-Employee' due to no match in scan
12-17 19:32:06.423  5215  5215 D wpa_supplicant: CTRL-DEBUG: ctrl_sock-sendmsg: sock=16 sndbuf=229376 outq=0 send_len=44
12-17 19:32:06.423  1795  5219 D WifiMonitor: Dispatching event to interface: wlan0
12-17 19:32:06.423  5215  5215 D wpa_supplicant: CTRL_IFACE monitor sent successfully to /data/misc/wifi/sockets/wpa_ctrl_1795-194\x00
12-17 19:32:06.423  5215  5215 D wpa_supplicant: wlan0: BSS: Remove id 457 BSSID 80:38:bc:0a:f4:61 SSID 'Huawei-Employee' due to no match in scan
12-17 19:32:06.423  5215  5215 D wpa_supplicant: CTRL-DEBUG: ctrl_sock-sendmsg: sock=16 sndbuf=229376 outq=0 send_len=44
12-17 19:32:06.423  1795  5219 D WifiMonitor: Dispatching event to interface: wlan0
12-17 19:32:06.423  5215  5215 D wpa_supplicant: CTRL_IFACE monitor sent successfully to /data/misc/wifi/sockets/wpa_ctrl_1795-194\x00
12-17 19:32:06.423  5215  5215 D wpa_supplicant: wlan0: BSS: Remove id 458 BSSID 80:38:bc:0a:f0:c1 SSID 'Huawei-Employee' due to no match in scan
12-17 19:32:06.423  5215  5215 D wpa_supplicant: CTRL-DEBUG: ctrl_sock-sendmsg: sock=16 sndbuf=229376 outq=0 send_len=44
12-17 19:32:06.423  1795  5219 D WifiMonitor: Dispatching event to interface: wlan0
12-17 19:32:06.423  5215  5215 D wpa_supplicant: CTRL_IFACE monitor sent successfully to /data/misc/wifi/sockets/wpa_ctrl_1795-194\x00
12-17 19:32:06.423  5215  5215 D wpa_supplicant: wlan0: BSS: Remove id 459 BSSID 80:38:bc:0b:21:a0 SSID 'wlanaccessv2.0' due to no match in scan
12-17 19:32:06.423  5215  5215 D wpa_supplicant: CTRL-DEBUG: ctrl_sock-sendmsg: sock=16 sndbuf=229376 outq=0 send_len=44
12-17 19:32:06.423  1795  5219 D WifiMonitor: Dispatching event to interface: wlan0
12-17 19:32:06.423 31949 31967 I TCP     : WatchThread{4786} TcpClientThread.connect(TcpClientThread.java:52) will connect to uc.huawei.com:7801
12-17 19:32:06.423  5215  5215 D wpa_supplicant: CTRL_IFACE monitor sent successfully to /data/misc/wifi/sockets/wpa_ctrl_1795-194\x00
12-17 19:32:06.423  5215  5215 D wpa_supplicant: wlan0: BSS: Remove id 461 BSSID 80:38:bc:0a:ef:61 SSID 'Huawei-Employee' due to no match in scan
12-17 19:32:06.423  5215  5215 D wpa_supplicant: CTRL-DEBUG: ctrl_sock-sendmsg: sock=16 sndbuf=229376 outq=0 send_len=44
12-17 19:32:06.423  1795  5219 D WifiMonitor: Dispatching event to interface: wlan0
12-17 19:32:06.423  5215  5215 D wpa_supplicant: CTRL_IFACE monitor sent successfully to /data/misc/wifi/sockets/wpa_ctrl_1795-194\x00
12-17 19:32:06.423  5215  5215 D wpa_supplicant: BSS: last_scan_res_used=32/64
12-17 19:32:06.423  5215  5215 D wpa_supplicant: Add randomness: count=831 entropy=434
12-17 19:32:06.423  5215  5215 D wpa_supplicant: random pool - hexdump(len=128): [REMOVED]
12-17 19:32:06.423  5215  5215 D wpa_supplicant: random_mix_pool - hexdump(len=16): [REMOVED]
12-17 19:32:06.423  5215  5215 D wpa_supplicant: random_mix_pool - hexdump(len=5): [REMOVED]
12-17 19:32:06.423  5215  5215 D wpa_supplicant: random pool - hexdump(len=128): [REMOVED]
12-17 19:32:06.423  5215  5215 D wpa_supplicant: Add randomness: count=832 entropy=435
12-17 19:32:06.423  5215  5215 D wpa_supplicant: random pool - hexdump(len=128): [REMOVED]
12-17 19:32:06.423  5215  5215 D wpa_supplicant: random_mix_pool - hexdump(len=16): [REMOVED]
12-17 19:32:06.423  5215  5215 D wpa_supplicant: random_mix_pool - hexdump(len=5): [REMOVED]
12-17 19:32:06.423  5215  5215 D wpa_supplicant: random pool - hexdump(len=128): [REMOVED]
12-17 19:32:06.423  5215  5215 D wpa_supplicant: Add randomness: count=833 entropy=436
12-17 19:32:06.423  5215  5215 D wpa_supplicant: random pool - hexdump(len=128): [REMOVED]
12-17 19:32:06.424  5215  5215 D wpa_supplicant: random_mix_pool - hexdump(len=16): [REMOVED]
12-17 19:32:06.424  5215  5215 D wpa_supplicant: random_mix_pool - hexdump(len=5): [REMOVED]
12-17 19:32:06.424  5215  5215 D wpa_supplicant: random pool - hexdump(len=128): [REMOVED]
12-17 19:32:06.424  5215  5215 D wpa_supplicant: Add randomness: count=834 entropy=437
12-17 19:32:06.424  5215  5215 D wpa_supplicant: random pool - hexdump(len=128): [REMOVED]
12-17 19:32:06.424  5215  5215 D wpa_supplicant: random_mix_pool - hexdump(len=16): [REMOVED]
12-17 19:32:06.424  5215  5215 D wpa_supplicant: random_mix_pool - hexdump(len=5): [REMOVED]
12-17 19:32:06.424  5215  5215 D wpa_supplicant: random pool - hexdump(len=128): [REMOVED]
12-17 19:32:06.424  5215  5215 D wpa_supplicant: Add randomness: count=835 entropy=438
12-17 19:32:06.424  5215  5215 D wpa_supplicant: random pool - hexdump(len=128): [REMOVED]
12-17 19:32:06.424  5215  5215 D wpa_supplicant: random_mix_pool - hexdump(len=16): [REMOVED]
12-17 19:32:06.424  5215  5215 D wpa_supplicant: random_mix_pool - hexdump(len=5): [REMOVED]
12-17 19:32:06.424  5215  5215 D wpa_supplicant: random pool - hexdump(len=128): [REMOVED]
12-17 19:32:06.424  5215  5215 D wpa_supplicant: Add randomness: count=836 entropy=439
