12-17 19:33:42.657  1795  1825 D PowerManagerService: ready=true,policy=3,wakefulness=1,wksummary=0x11,uasummary=0x1,bootcompleted=true,boostinprogress=false,waitmodeenable=false,mode=true,manual=33,auto=-1,adj=0.0userId=0
12-17 19:33:42.657  1795  1825 I PowerManager_screenOn: PowerManagerNotifier onWakefulnessChangeFinished mInteractiveChanging=true, mInteractive=true
12-17 19:33:42.660  1795  1795 V NotificationService: disableEffects=null canInterrupt=false once update: false
12-17 19:33:42.662  2852  2925 I EventCenter: ContentChange for slot: 1
12-17 19:33:42.662  2883  2996 I HwSystemManager: ITrafficInfo:ITrafficInfo create 301updateBytes = 1769320345
12-17 19:33:42.662  2852  2852 I StatusBar: onNotificationPosted: StatusBarNotification(pkg=com.huawei.health user=UserHandle{0} id=10010 tag=null key=0|com.huawei.health|10010|null|10099: Notification(pri=0 contentView=null vibrate=null sound=null defaults=0x0 flags=0x62 color=0x00000000 vis=PRIVATE)) important=2, post=1481974422642, when=1481531589202, vis=0, userid=0
12-17 19:33:42.663  2852  2852 D StatusBar: updateNotification(StatusBarNotification(pkg=com.huawei.health user=UserHandle{0} id=10010 tag=null key=0|com.huawei.health|10010|null|10099: Notification(pri=0 contentView=null vibrate=null sound=null defaults=0x0 flags=0x62 color=0x00000000 vis=PRIVATE)))
12-17 19:33:42.663  2852  2852 D HwCust  : Create obj success use class android.app.HwCustNotificationImpl
12-17 19:33:42.664  2852  2852 I StatusBarIconView: updateTint: tint=0
12-17 19:33:42.665  2852  2852 D StatusBar: No peeking: unimportant notification: 0|com.huawei.health|10010|null|10099
12-17 19:33:42.665  2852  2852 D StatusBar: applyInPlace=true shouldPeek=false alertAgain=true
12-17 19:33:42.665  2852  2852 I NotificationGroupManager: onEntryUpdated:0|com.huawei.health|10010|null|10099
12-17 19:33:42.665  2852  2852 I NotificationGroupManager: onEntryAdded:0|com.huawei.health|10010|null|10099, group=0|com.huawei.health|10010|null|10099
12-17 19:33:42.665  2852  2852 D StatusBar: reusing notification for key: 0|com.huawei.health|10010|null|10099
12-17 19:33:42.665  2852  2852 D HwCust  : Create obj success use class android.app.HwCustNotificationImpl
12-17 19:33:42.666  2852  2852 D HwCust  : Create obj success use class android.app.HwCustNotificationImpl
12-17 19:33:42.666  2852  2852 I StatusBarIconView: updateTint: tint=0
12-17 19:33:42.670 16628 16628 I TotemWeather: RetryTaskController:mTaskList is null
12-17 19:33:42.672  1795  2750 D HW_DISPLAY_EFFECT: presently, hw_update_color_temp_for_rg_led interface not achieved.
12-17 19:33:42.674  1795 16500 D StubTelephonyRegistry: uid:10028 pid:16628 PhoneStateListener.LISTEN_CELL_LOCATION:16 events:16
12-17 19:33:42.674  1795 16500 D StubTelephonyRegistry: LISTEN_CELL_LOCATION uid:10028
12-17 19:33:42.679  2852  2852 I HwPhoneStatusBar: updateNotificationShade
12-17 19:33:42.679  2852  2852 I PhoneStatusBar: updateNotificationShade
12-17 19:33:42.679  2852  2852 I PhoneStatusBar: removeNotificationChildren
12-17 19:33:42.679  2852  2852 I HwNotificationIconAreaController: showNotificationAll
12-17 19:33:42.682  2852  2852 I HwBrightnessController: onChange selfChange:false uri.toString():content://settings/system/screen_auto_brightness mIsObserveAutoBrightnessChange:true
12-17 19:33:42.684 31949 31967 I PushService: main{1} PushService.onStartCommand(PushService.java:87) Push Service Start by  userEvent
12-17 19:33:42.688  2852  2852 I HwBrightnessUtils: APS brightness=42.0,ConvertToPercentage=0.3503527
12-17 19:33:42.688  2852  2852 I HwBrightnessUtils:  getSeekBarProgress isAutoMode:true current brightness:42 percentage:0.3503527
12-17 19:33:42.688  2852  2852 I HwBrightnessController: updateSlider1 seekBarProgress:3504
12-17 19:33:42.688  2852  2852 I HwBrightnessController: updateSlider2 seekBarProgress:3504
12-17 19:33:42.688  2852  2852 I ToggleSlider:  mSeekListener onProgressChanged progress:3504 fromUser:false
12-17 19:33:42.688  2852  2852 I ToggleSlider:  mSeekListener onProgressChanged progress:3504 fromUser:false
12-17 19:33:42.689 31949 31967 I eSpaceService: WatchThread{4786} TcpCirChannel.shutdown(TcpCirChannel.java:257) Login_By_Step-> shut down now connect
12-17 19:33:42.690 31949 31967 I ECS     : WatchThread{4786} TcpClient.clearAll(TcpClient.java:240) ==================== TCP CLIENT CLEAR ALL ====================
12-17 19:33:42.690  2852  2852 I NotificationContentView: transferRemoteInputFocus: 0
12-17 19:33:42.690  2852  2852 I NotificationContentView: transferRemoteInputFocus: 0
12-17 19:33:42.690   816  1562 W SocketListener: sending broadcast to Pid = 1795, Uid = 1000 
12-17 19:33:42.691 31949 31967 I ECS     : WatchThread{4786} TcpClient.disconnect_i(TcpClient.java:202) ==================== TCP CLIENT DISCONNECT ====================
12-17 19:33:42.691  2852  2852 I StackScrollAlgorithm: overlapAmount:763.6, previousNotificationEnd:607.0, newYTranslation:-156.59998, location:2, i:1, getTopPadding:499.0, getLocationOnScreen():-36
12-17 19:33:42.691  1795  2665 D NetdConnector: RCV <- {613 IfaceClass active 1 442959053923176 10102}
12-17 19:33:42.691  2852  2852 I StackScrollAlgorithm: updateClipping isOverlap:true
12-17 19:33:42.691  2852  2852 I StackScrollAlgorithm: updateDimmedActivatedHideSensitive overlap:true
12-17 19:33:42.692  1795  2665 D NetdConnector: RCV <- {613 IfaceClass active 1 442959053923176 10102}
12-17 19:33:42.693  1795  1819 D NetdConnector: RCV unsolicited event from native daemon, event = 613 IfaceClass active 1 442959053923176 10102
12-17 19:33:42.694  1795  1819 D NetworkManagement: notifyInterfaceClassActivity: client is com.android.server.net.NetworkStatsService$6@5d6efc
12-17 19:33:42.694  1795  1819 D NetworkManagement: notifyInterfaceClassActivity: client is android.net.ip.IpManager$2@4c99c84
12-17 19:33:42.694  1795  1819 D NetworkManagement: notifyInterfaceClassActivity: client is com.android.server.net.NetworkPolicyManagerService$13@4df0feb
12-17 19:33:42.694  1795  1819 D NetworkManagement: notifyInterfaceClassActivity: client is android.net.INetworkManagementEventObserver$Stub$Proxy@af226
12-17 19:33:42.694 31949 31967 I TCP     : WatchThread{4786} TcpClientThread.disconnectSocket(TcpClientThread.java:369) disconnecting to uc.huawei.com:7801
12-17 19:33:42.696  1795  1819 D NetworkManagement: notifyInterfaceClassActivity: client is android.net.INetworkManagementEventObserver$Stub$Proxy@c0acf8b
12-17 19:33:42.696 31949 31967 I TCP     : WatchThread{4786} TcpSocket.close(TcpSocket.java:158) shutdown output: java.net.SocketException: Socket is closed
12-17 19:33:42.698  1795  1819 D NetworkManagement: notifyInterfaceClassActivity: client is com.android.server.ConnectivityService$1@e0f099c
12-17 19:33:42.698  1795  1819 I SendBroadcastPermission: action:android.net.conn.DATA_ACTIVITY_CHANGE, mPermissionType:0
12-17 19:33:42.698  1795  2332 I qti_sensors_hal: [ACC]processReportInd: X: 5.988767 Y: 8.236593 Z: 0.702021  x_offset:0.160831 y_offset:0.184366 z_offset:0.985027
12-17 19:33:42.700  1795  3111 I AlarmManager: remove(PendingIntent{c56fbde: PendingIntentRecord{7f86237 com.huawei.espacev2 broadcastIntent}}) changed bounds; rebatching
12-17 19:33:42.701   816 20521 D libc    : GetAddrInfoHandler addr: 10.72.11.102
12-17 19:33:42.703  1795  1806 I AlarmManager: set(PendingIntent{d7b11bf: PendingIntentRecord{7f86237 com.huawei.espacev2 broadcastIntent}}) : type=0 triggerAtTime=1481974722702 win=0 tElapsed=443259065 maxElapsed=443259065 interval=300000 flags=0x1
12-17 19:33:42.707 10324 10324 D MagicLink: MagicLink2-BroadcastReceiver:====>ACTION_SCREEN_ON
12-17 19:33:42.709  3218 13125 W PhoneInterfaceManager: shouldBlockLocation running ...
12-17 19:33:42.709  3218 13125 I PhoneInterfaceManager: shouldBlockLocation  ret:false
12-17 19:33:42.716  1795  1819 D NetworkManagement: notifyInterfaceClassActivity: client is com.android.server.connectivity.Vpn$2@e40aefb
12-17 19:33:42.716  1795  1819 D NetworkManagement: notifyInterfaceClassActivity: client is com.android.server.ethernet.EthernetNetworkFactory$InterfaceObserver@fccfd35
12-17 19:33:42.716  1795  1819 D NetworkManagement: notifyInterfaceClassActivity: client is com.android.server.connectivity.Tethering@ff4a50f
12-17 19:33:42.719  1795 15982 D PowerManagerService: release:lock=247092602, flg=0x0, tag="RILJ_ACK_WL", name=com.android.phone", ws=null, uid=1001, pid=3218
12-17 19:33:42.719  1795 15982 D PowerManagerService: ready=true,policy=3,wakefulness=1,wksummary=0x10,uasummary=0x1,bootcompleted=true,boostinprogress=false,waitmodeenable=false,mode=true,manual=33,auto=-1,adj=0.0userId=0
12-17 19:33:42.719  1795 15982 D PowerManagerService: Releasing suspend blocker "PowerManagerService.WakeLocks".
12-17 19:33:42.721 16354 16354 E HwSystemManager: MemCPUMonitor:startTimerMonitor isCompleted = true
12-17 19:33:42.728 17238 17238 D Bth     : BtChrStatisticsManager:sendScreenOnEvent enter.
12-17 19:33:42.728 17238 17252 D Bth     : BtChrStatisticsManager:msg Loop is running.
12-17 19:33:42.736  1795  2748 D HwAmbientLuxFilterAlgo: earliestValidTime + POWER_ON_BRIGHTENING_LIGHT_DEBOUNCE
12-17 19:33:42.736  1795  2748 D HwAmbientLuxFilterAlgo: earliestValidTime + POWER_ON_DARKENING_LIGHT_DEBOUNCE
12-17 19:33:42.740   816 20521 D DnsProxyListener: GetAddrInfoHandler addr: uc.huawei.com {304, 917808, 10102} 172.30.70.63
12-17 19:33:42.741  5215  5215 D wpa_supplicant: wpa_driver_nl80211_driver_cmd SETSUSPENDMODE 0 len = 0, 4096
12-17 19:33:42.742  5215  5215 D wpa_supplicant: CTRL-DEBUG: global_ctrl_sock-sendto: sock=16 sndbuf=229376 outq=0 send_len=3
12-17 19:33:42.742  5215  5215 D wpa_supplicant: nl80211: Event message available
12-17 19:33:42.744  1795  2736 E hwintelligencewifi: addCurrentApInfo info is already there
12-17 19:33:42.744  1795  2736 W hwintelligencewifi: updateBssidTimer time = 1481974422744
12-17 19:33:42.744  5215  5215 D wpa_supplicant: nl80211: Drv Event 34 (NL80211_CMD_NEW_SCAN_RESULTS) received for wlan0
12-17 19:33:42.744  5215  5215 D wpa_supplicant: wlan0: nl80211: New scan results available
12-17 19:33:42.744  5215  5215 D wpa_supplicant: nl80211: Scan included frequencies: 2412 2417 2422 2427 2432 2437 2442 2447 2452 2457 2462 2467 2472
12-17 19:33:42.744  5215  5215 D wpa_supplicant: wlan0: Event SCAN_RESULTS (3) received
12-17 19:33:42.744  5215  5215 D wpa_supplicant: wlan0: Scan completed in 0.460839 seconds
12-17 19:33:42.745  1795  1813 E BatteryStatsService: no controller energy info supplied
12-17 19:33:42.745  5215  5215 D wpa_supplicant: nl80211: Associated on 2452 MHz
12-17 19:33:42.745  3608  3608 I InCall  : ProximitySensor - ProximitySensor{keybrd=0, dpad=0, offhook=1, hor=0, ui=1, aud=EARPIECE}
12-17 19:33:42.745  5215  5215 D wpa_supplicant: nl80211: Associated with 80:38:bc:08:42:c1
12-17 19:33:42.745  3608  3608 D InCall  : ProximitySensor - Turning on proximity sensor
12-17 19:33:42.745  3608  3608 I InCall  : ProximitySensor - Proximity wake lock already acquired
12-17 19:33:42.745 31949 31967 W TCP     : tcp.recv{4790} TcpSocket.read(TcpSocket.java:242) <<< WARN(5) >>> java.net.SocketException: Socket closed
12-17 19:33:42.745  5215  5215 D wpa_supplicant: nl80211: Received scan results (34 BSSes)
12-17 19:33:42.746  5215  5215 D wpa_supplicant: nl80211: Scan results indicate BSS status with 80:38:bc:08:42:c1 as associated
12-17 19:33:42.746  5215  5215 D wpa_supplicant: Sorted scan results
12-17 19:33:42.746  5215  5215 D wpa_supplicant: 80:38:bc:08:42:c1 freq=2452 qual=0 noise=-89~ level=-48 snr=41* flags=0x2b age=10 est=65000
12-17 19:33:42.746  5215  5215 D wpa_supplicant: IEs - hexdump(len=194): 00 0f 48 75 61 77 65 69 2d 45 6d 70 6c 6f 79 65 65 01 08 82 84 0b 16 0c 12 18 24 03 01 09 05 04 ...
12-17 19:33:42.746 31949 31967 E TCP     : tcp.recv{4790} TcpClientThread.readSocket(TcpClientThread.java:452) <<< ERROR(6) >>> socket read length failure -104
12-17 19:33:42.746  5215  5215 D wpa_supplicant: Beacon IEs - hexdump(len=194): 00 0f 48 75 61 77 65 69 2d 45 6d 70 6c 6f 79 65 65 01 08 82 84 0b 16 0c 12 18 24 03 01 09 05 04 ...
12-17 19:33:42.746  5215  5215 D wpa_supplicant: 80:38:bc:08:42:e1 freq=2472 qual=0 noise=-89~ level=-48 snr=41* flags=0xb age=10 est=65000
12-17 19:33:42.746  5215  5215 D wpa_supplicant: IEs - hexdump(len=194): 00 0f 48 75 61 77 65 69 2d 45 6d 70 6c 6f 79 65 65 01 08 82 84 0b 16 0c 12 18 24 03 01 0d 05 04 ...
12-17 19:33:42.746  5215  5215 D wpa_supplicant: Beacon IEs - hexdump(len=194): 00 0f 48 75 61 77 65 69 2d 45 6d 70 6c 6f 79 65 65 01 08 82 84 0b 16 0c 12 18 24 03 01 0d 05 04 ...
