12-17 19:34:56.395  5215  5215 D wpa_supplicant: CTRL-DEBUG: ctrl_sock-sendmsg: sock=16 sndbuf=229376 outq=2304 send_len=44
12-17 19:34:56.395  5215  5215 D wpa_supplicant: CTRL_IFACE monitor sent successfully to /data/misc/wifi/sockets/wpa_ctrl_1795-194\x00
12-17 19:34:56.395  1046  1125 D audio_hw_primary: enable_audio_route: apply mixer and update path: low-latency-playback
12-17 19:34:56.395  5215  5215 D wpa_supplicant: wlan0: BSS: Remove id 493 BSSID 80:38:bc:0a:fe:e0 SSID 'wlanaccessv2.0' due to no match in scan
12-17 19:34:56.395  5215  5215 D wpa_supplicant: CTRL-DEBUG: ctrl_sock-sendmsg: sock=16 sndbuf=229376 outq=3072 send_len=44
12-17 19:34:56.395  5215  5215 D wpa_supplicant: CTRL_IFACE monitor sent successfully to /data/misc/wifi/sockets/wpa_ctrl_1795-194\x00
12-17 19:34:56.395  5215  5215 D wpa_supplicant: wlan0: BSS: Remove id 494 BSSID 80:38:bc:0a:f0:c1 SSID 'Huawei-Employee' due to no match in scan
12-17 19:34:56.395  5215  5215 D wpa_supplicant: CTRL-DEBUG: ctrl_sock-sendmsg: sock=16 sndbuf=229376 outq=3840 send_len=44
12-17 19:34:56.395  1795  1805 D PowerManagerService: ready=true,policy=3,wakefulness=1,wksummary=0x1,uasummary=0x1,bootcompleted=true,boostinprogress=false,waitmodeenable=false,mode=true,manual=33,auto=-1,adj=0.0userId=0
12-17 19:34:56.395  5215  5215 D wpa_supplicant: CTRL_IFACE monitor sent successfully to /data/misc/wifi/sockets/wpa_ctrl_1795-194\x00
12-17 19:34:56.395  5215  5215 D wpa_supplicant: BSS: last_scan_res_used=9/64
12-17 19:34:56.395  5215  5215 D wpa_supplicant: Add randomness: count=881 entropy=484
12-17 19:34:56.395  5215  5215 D wpa_supplicant: random pool - hexdump(len=128): [REMOVED]
12-17 19:34:56.395  5215  5215 D wpa_supplicant: random_mix_pool - hexdump(len=16): [REMOVED]
12-17 19:34:56.395  5215  5215 D wpa_supplicant: random_mix_pool - hexdump(len=5): [REMOVED]
12-17 19:34:56.395  1795  2748 D HwAmbientLuxFilterAlgo: earliestValidTime + POWER_ON_BRIGHTENING_LIGHT_DEBOUNCE
12-17 19:34:56.395  5215  5215 D wpa_supplicant: random pool - hexdump(len=128): [REMOVED]
12-17 19:34:56.395  5215  5215 D wpa_supplicant: Add randomness: count=882 entropy=485
12-17 19:34:56.395  1795  2748 D HwAmbientLuxFilterAlgo: earliestValidTime + POWER_ON_DARKENING_LIGHT_DEBOUNCE
12-17 19:34:56.395  5215  5215 D wpa_supplicant: random pool - hexdump(len=128): [REMOVED]
12-17 19:34:56.395  5215  5215 D wpa_supplicant: random_mix_pool - hexdump(len=16): [REMOVED]
12-17 19:34:56.395  5215  5215 D wpa_supplicant: random_mix_pool - hexdump(len=5): [REMOVED]
12-17 19:34:56.395  5215  5215 D wpa_supplicant: random pool - hexdump(len=128): [REMOVED]
12-17 19:34:56.395  5215  5215 D wpa_supplicant: Add randomness: count=883 entropy=486
12-17 19:34:56.395  5215  5215 D wpa_supplicant: random pool - hexdump(len=128): [REMOVED]
12-17 19:34:56.395  5215  5215 D wpa_supplicant: random_mix_pool - hexdump(len=16): [REMOVED]
12-17 19:34:56.395  5215  5215 D wpa_supplicant: random_mix_pool - hexdump(len=5): [REMOVED]
12-17 19:34:56.395  5215  5215 D wpa_supplicant: random pool - hexdump(len=128): [REMOVED]
12-17 19:34:56.395  5215  5215 D wpa_supplicant: Add randomness: count=884 entropy=487
12-17 19:34:56.395  5215  5215 D wpa_supplicant: random pool - hexdump(len=128): [REMOVED]
12-17 19:34:56.395  5215  5215 D wpa_supplicant: random_mix_pool - hexdump(len=16): [REMOVED]
12-17 19:34:56.395  5215  5215 D wpa_supplicant: random_mix_pool - hexdump(len=5): [REMOVED]
12-17 19:34:56.395  5215  5215 D wpa_supplicant: random pool - hexdump(len=128): [REMOVED]
12-17 19:34:56.395  5215  5215 D wpa_supplicant: Add randomness: count=885 entropy=488
12-17 19:34:56.395  5215  5215 D wpa_supplicant: random pool - hexdump(len=128): [REMOVED]
12-17 19:34:56.395  5215  5215 D wpa_supplicant: random_mix_pool - hexdump(len=16): [REMOVED]
12-17 19:34:56.395  5215  5215 D wpa_supplicant: random_mix_pool - hexdump(len=5): [REMOVED]
12-17 19:34:56.395  5215  5215 D wpa_supplicant: random pool - hexdump(len=128): [REMOVED]
12-17 19:34:56.395  5215  5215 D wpa_supplicant: Add randomness: count=886 entropy=489
12-17 19:34:56.395  5215  5215 D wpa_supplicant: random pool - hexdump(len=128): [REMOVED]
12-17 19:34:56.395  5215  5215 D wpa_supplicant: random_mix_pool - hexdump(len=16): [REMOVED]
12-17 19:34:56.395  5215  5215 D wpa_supplicant: random_mix_pool - hexdump(len=5): [REMOVED]
12-17 19:34:56.395  5215  5215 D wpa_supplicant: random pool - hexdump(len=128): [REMOVED]
12-17 19:34:56.395  5215  5215 D wpa_supplicant: Add randomness: count=887 entropy=490
12-17 19:34:56.395  5215  5215 D wpa_supplicant: random pool - hexdump(len=128): [REMOVED]
12-17 19:34:56.395  5215  5215 D wpa_supplicant: random_mix_pool - hexdump(len=16): [REMOVED]
12-17 19:34:56.395  5215  5215 D wpa_supplicant: random_mix_pool - hexdump(len=5): [REMOVED]
12-17 19:34:56.395  5215  5215 D wpa_supplicant: random pool - hexdump(len=128): [REMOVED]
12-17 19:34:56.395  5215  5215 D wpa_supplicant: Add randomness: count=888 entropy=491
12-17 19:34:56.395  5215  5215 D wpa_supplicant: random pool - hexdump(len=128): [REMOVED]
12-17 19:34:56.395  5215  5215 D wpa_supplicant: random_mix_pool - hexdump(len=16): [REMOVED]
12-17 19:34:56.395  5215  5215 D wpa_supplicant: random_mix_pool - hexdump(len=5): [REMOVED]
12-17 19:34:56.395  5215  5215 D wpa_supplicant: random pool - hexdump(len=128): [REMOVED]
12-17 19:34:56.395  5215  5215 D wpa_supplicant: Add randomness: count=889 entropy=492
12-17 19:34:56.395  5215  5215 D wpa_supplicant: random pool - hexdump(len=128): [REMOVED]
12-17 19:34:56.395  5215  5215 D wpa_supplicant: random_mix_pool - hexdump(len=16): [REMOVED]
12-17 19:34:56.395  5215  5215 D wpa_supplicant: random_mix_pool - hexdump(len=5): [REMOVED]
12-17 19:34:56.395  5215  5215 D wpa_supplicant: random pool - hexdump(len=128): [REMOVED]
12-17 19:34:56.395  5215  5215 D wpa_supplicant: wlan0: Scan-only results received
12-17 19:34:56.395  5215  5215 D wpa_supplicant: CTRL-DEBUG: ctrl_sock-sendmsg: sock=16 sndbuf=229376 outq=4608 send_len=24
12-17 19:34:56.395  5215  5215 D wpa_supplicant: CTRL_IFACE monitor sent successfully to /data/misc/wifi/sockets/wpa_ctrl_1795-194\x00
12-17 19:34:56.395  5215  5215 D wpa_supplicant: wlan0: Radio work 'scan'@0x7fb502f3c0 done in 0.462038 seconds
12-17 19:34:56.395  5215  5215 D wpa_supplicant: wlan0: radio_work_free('scan'@0x7fb502f3c0: num_active_works --> 0
12-17 19:34:56.395  5215  5215 D wpa_supplicant: nl80211: Event message available
12-17 19:34:56.395  5215  5215 D wpa_supplicant: nl80211: Drv Event 79 (NL80211_CMD_SET_REKEY_OFFLOAD) received for wlan0
12-17 19:34:56.395  5215  5215 D wpa_supplicant: nl80211: Rekey offload event for BSSID 80:38:bc:08:42:c1
12-17 19:34:56.395  5215  5215 D wpa_supplicant: nl80211: Rekey offload - Replay Counter - hexdump(len=8): 00 00 00 00 00 00 00 02
12-17 19:34:56.395  5215  5215 D wpa_supplicant: wlan0: Event DRIVER_GTK_REKEY (35) received
12-17 19:34:56.395  1795  3237 D PowerManagerService: ready=true,policy=3,wakefulness=1,wksummary=0x1,uasummary=0x1,bootcompleted=true,boostinprogress=false,waitmodeenable=false,mode=true,manual=33,auto=-1,adj=0.0userId=0
12-17 19:34:56.396  1795  5219 D WifiMonitor: Dispatching event to interface: wlan0
12-17 19:34:56.396  1795  5219 D WifiMonitor: Dispatching event to interface: wlan0
12-17 19:34:56.396  1795  5219 D WifiMonitor: Dispatching event to interface: wlan0
12-17 19:34:56.396  1795  5219 D WifiMonitor: Dispatching event to interface: wlan0
12-17 19:34:56.396  1795  5219 D WifiMonitor: Dispatching event to interface: wlan0
12-17 19:34:56.396  1795  5219 D WifiMonitor: Dispatching event to interface: wlan0
12-17 19:34:56.396  1795  5219 D WifiMonitor: Dispatching event to interface: wlan0
12-17 19:34:56.396  1795  5219 E WifiMonitor: WifiMonitor:wlan0 cnt=31081 dispatchEvent: CTRL-EVENT-SCAN-RESULTS 
12-17 19:34:56.397  1046  1125 V audio_hw_primary: enable_audio_route: exit
12-17 19:34:56.397  1046  1125 D audio_hw_primary: select_devices: done
12-17 19:34:56.397  1046  1125 V audio_hw_primary: start_output_stream: Opening PCM device card_id(0) device_id(12) format(0)
12-17 19:34:56.397  1795  2680 I AlarmManager: remove(null) changed bounds; rebatching
12-17 19:34:56.397  3466  3466 I Contacts: DialpadFragment sim_one is presence -> updateSingleCardButton
12-17 19:34:56.397  5215  5215 D wpa_supplicant: wlan0: Control interface command 'BSS RANGE=0- MASK=0x3029d87'
12-17 19:34:56.397  5215  5215 E wpa_supplicant: bssid=00:26:f2:1b:9d:b2;freq=2437;level=-60;flags=11;ssid=NTPC02;
12-17 19:34:56.398  5215  5215 E wpa_supplicant: bssid=80:38:bc:08:42:c1;freq=2452;level=-48;flags=43;ssid=Huawei-Employee;
12-17 19:34:56.398  1795 15988 D Telecom : CallsManager: getActiveSubscription: 0: CSW.sD@EsU
12-17 19:34:56.398  5215  5215 E wpa_supplicant: bssid=80:38:bc:0a:fa:e0;freq=2412;level=-76;flags=11;ssid=wlanaccessv2.0;
12-17 19:34:56.398  1046  1125 V msm8916_platform: platform_set_channel_map channel_count:2
12-17 19:34:56.398  1046  1125 D msm8916_platform: platform_set_channel_map mixer_ctl_name:Playback Channel Map12
12-17 19:34:56.399  1046  1125 D msm8916_platform: platform_set_channel_map: set mapping(1 2 0 0 0 0 0 0) for channel:2
12-17 19:34:56.399  1046  1125 V audio_hw_primary: start_output_stream: pcm_prepare
12-17 19:34:56.400  3218  3517 I QImsService: ImsSenderRxr : Response data: [12, 13, -1, -1, -1, -1, 16, 3, 24, -52, 1, 32, 0, 8, 2, 21, 0, 0, 0, 0, 32, 14][SUB0]
12-17 19:34:56.400  3218  3517 I QImsService: ImsSenderRxr :  Tag -1 3 204 0[SUB0]
12-17 19:34:56.400  3218  3517 I QImsService: ImsSenderRxr :  responseImsRegistration[SUB0]
12-17 19:34:56.400  3218  3517 I QImsService: ImsSenderRxr : Ims registrationorg.codeaurora.ims.ImsQmiIF$Registration@5d6a91e[SUB0]
12-17 19:34:56.400  5215  5215 E wpa_supplicant: bssid=80:38:bc:0b:36:e1;freq=2452;level=-80;flags=11;ssid=Huawei-Employee;
12-17 19:34:56.400  3218  3517 I QImsService: ImsSenderRxr : [UNSL]< UNSOL_RESPONSE_IMS_NETWORK_STATE_CHANGED[SUB0]
12-17 19:34:56.400  1795  2736 E hwintelligencewifi: inlineAddCurrentApInfo mInfos.size()=132
12-17 19:34:56.400  5215  5215 E wpa_supplicant: bssid=80:38:bc:0b:1d:81;freq=2472;level=-83;flags=11;ssid=Huawei-Employee;
12-17 19:34:56.400  1795 15988 I Telecom : InCallController: onCallRemoved with id TC@TC@11: CSW.sD@EsU
