12-17 19:33:06.381  1795  2739 D HuaweiWifiWatchdogStateMachine: 80:38:bc:08:42:c1 current loss[-58]=0%, volume=18
12-17 19:33:06.381  1795  1795 I WifiProJNI: ######### GET RTT:3 ########
12-17 19:33:06.382  1795  1795 D WifiProJNI: send_cmd_kernel: cmd=7
12-17 19:33:06.382  1795  2739 D HuaweiWifiWatchdogStateMachine: 80:38:bc:08:42:c1 history loss[-58]=0%, volume=28880
12-17 19:33:06.382  1795  2737 D WifiProJNI: Received kernel message payload: event 4
12-17 19:33:06.382  1795  2739 I HuaweiWifiWatchdogStateMachine: spd good count:0, add sc:0.0, rate:1.0
12-17 19:33:06.382  1795  2737 I QosMonitor: postEventFromNative: msg=100,arg1=4,arg2=9
12-17 19:33:06.382  1795  2739 I HuaweiWifiWatchdogStateMachine: current mHighDataFlowRate = 1.0
12-17 19:33:06.383  1795  2739 I HuaweiWifiWatchdogStateMachine: POta txb txg rxg:0, 18, 0. Lr =0% Totpkt=18
12-17 19:33:06.383  1795  2737 W WifiProJNI: poll before: g_monitor_fd =310
12-17 19:33:06.383  1795  1795 D HuaweiWifiWatchdogStateMachine: 80:38:bc:08:42:c1 current RTT[-58]=480, volume=1
12-17 19:33:06.384  1795  1795 D HuaweiWifiWatchdogStateMachine: 80:38:bc:08:42:c1 history RTT[-58]=405, volume=2732
12-17 19:33:06.384  1795  1795 D HuaweiWifiWatchdogStateMachine: setSampleRtt: rtt=480,rtt_pkts =1,rtt_when=1
12-17 19:33:06.384  1795  1795 I WifiProJNI: ######### CMD_QUERY_PKTS ########
12-17 19:33:06.384  1795  1795 D WifiProJNI: send_cmd_kernel: cmd=1
12-17 19:33:06.384  1795  1795 I QosMonitor: resetRtt: rtt_type = 3
12-17 19:33:06.384  1795  2737 D WifiProJNI: Received kernel message payload: event 0
12-17 19:33:06.384  1795  1795 I WifiProJNI: ######### RESET RTT:3 ########
12-17 19:33:06.384  1795  1795 D WifiProJNI: send_cmd_kernel: cmd=6
12-17 19:33:06.385  1795  2737 I QosMonitor: postEventFromNative: msg=100,arg1=0,arg2=9
12-17 19:33:06.385  1795  2737 W WifiProJNI: poll before: g_monitor_fd =310
12-17 19:33:06.408  7741  7758 D TmoMonitor: Cache monitor msg as screen_off
12-17 19:33:06.468  3180  4307 I AwareLog: MemoryRecoveryDMEPlugin: handle message MSG_MEM_LEAK_CHECK
12-17 19:33:06.476  1795  1795 I MQoS    : rtt=480,tcp_tx_pkts=1480289,tcp_rx_pkts=1768500
12-17 19:33:06.476  1795  2739 D HuaweiWifiWatchdogStateMachine: dumpTcpResult: len=9,rtt=480,rttPkt=1,rttWn=1,cgt=0,cgtWn=0
12-17 19:33:06.476  1795  2739 I HuaweiWifiWatchdogStateMachine: PTcp RTT:0, rtt pkt=0, tcp_rx=2, tcp_tx=2, tcp_reTran=0, rtRate=0
12-17 19:33:06.476  1795  2739 D HuaweiWifiWatchdogStateMachine: mRssiBadCount =0, RSSI not bad.
12-17 19:33:06.476  1795  2739 D HuaweiWifiWatchdogStateMachine: detectNetworkAvailable:hw.wifipro.dns_fail_count = 1001
12-17 19:33:06.476  1795  2739 D HuaweiWifiWatchdogStateMachine: detectNetworkAvailable: tcpRxPkts != 0, reset
12-17 19:33:06.476  1795  2739 I HuaweiWifiWatchdogStateMachine: rs ota tcp lr rttvb bad: false, false, false, false, false; rsth:-75
12-17 19:33:06.477  1795  2739 D HuaweiWifiWatchdogStateMachine: GSC:0, GSR:1.0, RSR:1.0, RTH:-75
12-17 19:33:06.477  1795  2739 D HuaweiWifiWatchdogStateMachine: bqeLevel = 0 rtt=0,rtt_pkts=0 speed=0 rssi=-58
12-17 19:33:06.477  1795  2739 I HuaweiWifiWatchdogStateMachine:  pkt chk not bad, reset sc to 0.
12-17 19:33:06.477  1795  2739 D HuaweiWifiWatchdogStateMachine: ### mPktChkBadCnt=0
12-17 19:33:06.477  1795  5350 I MQoS    : QOS_level:0(0),DataDisable;use level-0
12-17 19:33:06.737  1795  1795 I TrafficMonitor: update:rxPkts:1,txPkts:1,rxBytes:40,txBytes:329
12-17 19:33:06.737  1795  1795 I TrafficMonitor: start expired. level:-1
12-17 19:33:06.737  1795  1795 I TrafficMonitor: gettimer:interval=2000
12-17 19:33:06.761  7741  7758 D TmoMonitor: Cache monitor msg as screen_off
12-17 19:33:06.797  7741  7758 D TmoMonitor: Cache monitor msg as screen_off
12-17 19:33:06.815   818  1086 E iMonitor: dropped event (cpu0) 
12-17 19:33:06.815   818  1086 E iMonitor: setTracingEnabled:0
12-17 19:33:06.935   818  1086 E iMonitor: setTracingEnabled:1
12-17 19:33:06.936   818  1086 E iMonitor: Systrace:: buffer is full and will reset.
12-17 19:33:06.996  7741  7758 D TmoMonitor: Cache monitor msg as screen_off
12-17 19:33:07.092  7741  7758 D TmoMonitor: Cache monitor msg as screen_off
12-17 19:33:07.134  7741  7758 D TmoMonitor: Cache monitor msg as screen_off
12-17 19:33:07.191  7741  7758 D TmoMonitor: Cache monitor msg as screen_off
12-17 19:33:07.604  7741  7758 D TmoMonitor: Cache monitor msg as screen_off
12-17 19:33:07.736  1795  1795 I TrafficMonitor: expired arrive. level:-1
12-17 19:33:07.736  1795  1795 I TrafficMonitor: during_ms:2001,period_ms:2000
12-17 19:33:07.737  1795  1795 I TrafficMonitor: count:72,rx_sum:1,tx_sum:1,rxBytes:40,during_ms:2001,rx_speed:19.990004997501252,tx_speed:164.4177911044478,rto:1.0
12-17 19:33:07.737  1795  1795 D HuaweiWifiWatchdogStateMachine: speed: rxpkt:1, rxSpd:19B/s, txpkt:1, txSpd:164
12-17 19:33:07.810  7741  7758 D TmoMonitor: Cache monitor msg as screen_off
12-17 19:33:07.897  7741  7758 D TmoMonitor: Cache monitor msg as screen_off
12-17 19:33:07.899  7741  7758 D TmoMonitor: Cache monitor msg as screen_off
12-17 19:33:08.000  1795  1795 I MQoS    : onSignal: mSubId=0,currDataSubID=0
12-17 19:33:08.004  1795  1795 I MQoS    : received cell-signal:5
12-17 19:33:08.005  1795  3225 I SendBroadcastPermission: action:android.intent.action.SIG_STR, mPermissionType:0
12-17 19:33:08.005  3858  4126 I amsnl   : csr
12-17 19:33:08.006  2852  3556 I NetworkController.MobileSignalController(0): onSignalStrengthsChanged signalStrength=SignalStrength: -63 0 -1 255 -1 255 -1 255 255 99 2147483647 2147483647 2147483647 2147483647 2147483647 false gw|lte level=5 isSuspend=false levelOld=5,mSignalStrength level=5
12-17 19:33:08.007  2852  2914 I HwMobileSignalController: updateSignalStrength: signalStrength=SignalStrength: -63 0 -1 255 -1 255 -1 255 255 99 2147483647 2147483647 2147483647 2147483647 2147483647 false gw|lte
12-17 19:33:08.007  3858  4126 I amsnl   : t:false, fl: false, p: 2147483647000, ce: true, we: true
12-17 19:33:08.013  1795 16232 D wifiserviceimpl: netmask =16580607
12-17 19:33:08.014  3858  4126 I amsnl   : m1: false
12-17 19:33:08.017  1795  3110 W ActivityManager: getRunningAppProcesses: caller 10009 does not hold REAL_GET_TASKS; limiting output
12-17 19:33:08.017  2852  2914 I HwMobileSignalController: subId:0 phoneType:1 networktype:16 targetClass:1 masterLevel:5 slaveLevel:-1
12-17 19:33:08.018  3858  4126 I amsnl   : m2: false, m3: false
12-17 19:33:08.018  3858  4126 I amsnl   : c: true, w: true, t: false, l: false
12-17 19:33:08.135  7741  7758 D TmoMonitor: Cache monitor msg as screen_off
12-17 19:33:08.135  1795  2728 D HwArpVerifier: performPollAndLog:
12-17 19:33:08.144  1795  2728 D hw_netstat: total/1489/737,com.huawei.espacev2/827/368,com.tencent.mm/610/369,unknown:0/52/0
12-17 19:33:08.150  1795  2728 E HwCHRWebMonitor: WebMonitor [mNetWorkIsSuck=0 mUIDIsSuck=]  WebSpeed [WEBSENDSEGS=2  WEBRESENDSEGS=0  WEBRECVSEGS=2  WEBERRSEGS=0  WEBOUTRSTS=0  WEBESTABLISRST=0  WEBRTTDURATION=6  WEBRTTSEGS=1  WEBSRTT=480  WEBSNDDUPACKS=0  SENDSEGS=5  RESENDSEGS=0  RECVSEGS=4  ERRSEGS=0  OUTRSTS=0  ESTABLISRST=0  RTTDURATION=2  RTTSEGS=2  SNDDUPACKS=0  suckTimes=0 recovage_times=0]
12-17 19:33:08.150  1795  2728 E HwCHRWifiRSSIGroupSummery: updateTcpSummery mRSSI:-58  HwCHRWifiRSSIGroup [rssi_index=4, rtt_tcp_packets=65, rtt_tcp_duration=531, rtt_lan_duration=172, rtt_lan_failures=0, rtt_lan_succ=4, rtt_lan_max=124, rtt_lan_min=14,same_area_frequency=0,adjacent_area_frequency=0]
12-17 19:33:08.150  1795  2728 D WifiHW  : wifi_send_command: cmd:'IFNAME=wlan0 PKTCNT_POLL'
12-17 19:33:08.151  5215  5215 D wpa_supplicant: wlan0: Control interface command 'PKTCNT_POLL'
12-17 19:33:08.171  5215  5215 D wpa_supplicant: CTRL-DEBUG: global_ctrl_sock-sendto: sock=16 sndbuf=229376 outq=0 send_len=34
12-17 19:33:08.177  1795  2728 E HwCHRWebMonitor: HwCHRWifiPacketCnt [mTXGood=7, mTXbad=0, mRXGood=6] rssi=-58
12-17 19:33:08.178  7741  7758 D TmoMonitor: Cache monitor msg as screen_off
12-17 19:33:08.179  1795  2728 E HwCHRWebMonitor: running processName=com.android.incallui
12-17 19:33:08.180  1795  2728 E HwCHRWebMonitor: HwCHRWifiUIDWebSpeed [appName=com.huawei.espacev2 UID=10102  WEBSENDSEGS=0  WEBRESENDSEGS=0  WEBRECVSEGS=0  WEBERRSEGS=0  WEBOUTRSTS=0  WEBESTABLISRST=0  WEBRTTDURATION=0  WEBRTTSEGS=0  WEBSNDDUPACKS=0  suckTimes=0 recovage_times=0]
12-17 19:33:08.181  1795  2728 E HwCHRWebMonitor: HwCHRWifiUIDWebSpeed [appName=com.tencent.mm UID=10105  WEBSENDSEGS=2  WEBRESENDSEGS=0  WEBRECVSEGS=2  WEBERRSEGS=0  WEBOUTRSTS=0  WEBESTABLISRST=0  WEBRTTDURATION=6  WEBRTTSEGS=1  WEBSNDDUPACKS=0  suckTimes=0 recovage_times=0]
12-17 19:33:08.182  1795  2728 D HwArpVerifier: doCheckAccessInternet
12-17 19:33:08.182  1795  2728 D HwArpVerifier: mAccessWebStatus : rx = 2, tx = 2
12-17 19:33:08.182  1795  2728 D HwArpVerifier: AccessWebStatus : reset all
12-17 19:33:08.250  7741  7758 D TmoMonitor: Cache monitor msg as screen_off
12-17 19:33:08.300  7741  7758 D TmoMonitor: Cache monitor msg as screen_off
12-17 19:33:08.328  7741  7758 D TmoMonitor: Cache monitor msg as screen_off
12-17 19:33:08.624  7741  7758 D TmoMonitor: Cache monitor msg as screen_off
12-17 19:33:08.738  1795  1795 I TrafficMonitor: update:rxPkts:0,txPkts:0,rxBytes:0,txBytes:0
12-17 19:33:08.738  1795  1795 I TrafficMonitor: start expired. level:-1
12-17 19:33:08.738  1795  1795 I TrafficMonitor: gettimer:interval=2000
12-17 19:33:08.762  7741  7758 D TmoMonitor: Cache monitor msg as screen_off
12-17 19:33:08.849  7741  7758 D TmoMonitor: Cache monitor msg as screen_off
12-17 19:33:08.854  7741  7758 D TmoMonitor: Cache monitor msg as screen_off
12-17 19:33:08.894  7741  7758 D TmoMonitor: Cache monitor msg as screen_off
12-17 19:33:08.895  7741  7758 D TmoMonitor: Cache monitor msg as screen_off
12-17 19:33:08.986  7741  7758 D TmoMonitor: Cache monitor msg as screen_off
12-17 19:33:09.162  1795  2396 D HwActivityManagerService: handleANRFilterFIFO,uid = 10105cmd = 0
12-17 19:33:09.181  2883  4316 I HwSystemManager: HoldService:checkBeforeShowDialogWithPid, current value:1, type:33554432, pkg:com.tencent.mm
