12-17 19:33:13.545  1795  1795 D WifiService: onReceive, action:android.intent.action.SCREEN_ON
12-17 19:33:13.545  1795  2670 D WifiController: DeviceActiveState{ when=0 what=155650 target=com.android.internal.util.StateMachine$SmHandler }
12-17 19:33:13.545  1795  2670 D WifiController: StaEnabledState what=155650
12-17 19:33:13.545  1795  2670 D WifiController: DefaultState what=155650
12-17 19:33:13.545  2852  2852 I StackScrollAlgorithm: overlapAmount:763.6, previousNotificationEnd:607.0, newYTranslation:-156.59998, location:2, i:1, getTopPadding:499.0, getLocationOnScreen():-36
12-17 19:33:13.545  2852  2852 I StackScrollAlgorithm: overlapAmount:607.0, previousNotificationEnd:463.0, newYTranslation:-144.0, location:2, i:2, getTopPadding:499.0, getLocationOnScreen():-36
12-17 19:33:13.545  2852  2852 I StackScrollAlgorithm: updateClipping isOverlap:true
12-17 19:33:13.545  2852  2852 I StackScrollAlgorithm: updateDimmedActivatedHideSensitive overlap:true
12-17 19:33:13.545  1795  2670 I AlarmManager: remove(PendingIntent{50e3a01: PendingIntentRecord{a8130a6 android broadcastIntent}}) changed bounds; rebatching
12-17 19:33:13.546  5215  5215 D wpa_supplicant: wpa_driver_nl80211_driver_cmd SETSUSPENDMODE 0 len = 0, 4096
12-17 19:33:13.546  5215  5215 D wpa_supplicant: CTRL-DEBUG: global_ctrl_sock-sendto: sock=16 sndbuf=229376 outq=0 send_len=3
12-17 19:33:13.547  1795  1795 D HwArpVerifier: startWifiRouteCheck
12-17 19:33:13.548  2852  2852 I BackgrounCallingLayout: simCount:2 phoneState:2
12-17 19:33:13.548  2852  2852 I BackgrounCallingLayout: mCallingStatusReceiver:onReceive::action=InCallScreenIsForegroundActivity, isForegroundActivity=true, mPhoneState=2
12-17 19:33:13.548  2852  2852 I BackgrounCallingLayout: updateCallLayout:isBackground=false, isInteractive=true
12-17 19:33:13.549  2852  2852 I HwPhoneStatusBar: mNotifyStateChangedReceiver::onReceive:action=InCallScreenIsForegroundActivity, mBackgroundState=false
12-17 19:33:13.549  2852  2852 I StatusBar: onNotificationRemoved: StatusBarNotification(pkg=com.android.incallui user=UserHandle{0} id=2 tag=null key=0|com.android.incallui|2|null|1001: Notification(pri=2 contentView=null vibrate=null sound=null defaults=0x0 flags=0x2 color=0x00000000 actions=3 vis=PRIVATE publicVersion=Notification(pri=0 contentView=null vibrate=null sound=null defaults=0x0 flags=0x0 color=0xff33b5e5 vis=PRIVATE)))
12-17 19:33:13.549  2852  2852 I PhoneStatusBar: removeNotification:0|com.android.incallui|2|null|1001
12-17 19:33:13.549  2852  2852 I StatusBar: removeNotificationViews:0|com.android.incallui|2|null|1001
12-17 19:33:13.549  2852  2852 I NotificationGroupManager: onEntryRemoved:0|com.android.incallui|2|null|1001
12-17 19:33:13.549  2852  2852 I NotificationGroupManager: onEntryRemovedInternal:0|com.android.incallui|2|null|1001, group=0|com.android.incallui|2|null|1001
12-17 19:33:13.549  2852  2852 I NotificationGroupManager: summary = null
12-17 19:33:13.549  3180  3332 I ScenarioAction: new ScenarioAction sPoolSize: 0
12-17 19:33:13.550  2852  2852 I HwPhoneStatusBar: updateNotificationShade
12-17 19:33:13.550  2852  2852 I PhoneStatusBar: updateNotificationShade
12-17 19:33:13.550  1795  1795 D WifiProStatisticsManager: sendScreenOnEvent enter.
12-17 19:33:13.550  1795  2734 D WifiProStatisticsManager: msg Loop is running.
12-17 19:33:13.550  1795  2733 D WiFi_PRO_WifiProStateMachine: device screen on,but isScreenOffMonitor is false
12-17 19:33:13.550  2852  2852 I PhoneStatusBar: removeNotificationChildren
12-17 19:33:13.551  2852  2852 I HwNotificationIconAreaController: showNotificationAll
12-17 19:33:13.551  1795  3121 I NotificationManager: onNotificationExpansionChanged called
12-17 19:33:13.555  5215  5215 D wpa_supplicant: nl80211: Event message available
12-17 19:33:13.555  5215  5215 D wpa_supplicant: nl80211: Drv Event 79 (NL80211_CMD_SET_REKEY_OFFLOAD) received for wlan0
12-17 19:33:13.555  5215  5215 D wpa_supplicant: nl80211: Rekey offload event for BSSID 80:38:bc:08:42:c1
12-17 19:33:13.556  5215  5215 D wpa_supplicant: nl80211: Rekey offload - Replay Counter - hexdump(len=8): 00 00 00 00 00 00 00 02
12-17 19:33:13.556  5215  5215 D wpa_supplicant: wlan0: Event DRIVER_GTK_REKEY (35) received
12-17 19:33:13.556  1795  1795 I EyeProtectionControllerImpl: onReceive intent action = android.intent.action.SCREEN_ON
12-17 19:33:13.558  1795  2736 D HwInnerWifiManagerImpl: SupplicantState = COMPLETED
12-17 19:33:13.558  1795  2736 D HwInnerWifiManagerImpl: isPhoneAP = false
12-17 19:33:13.560  2883  2883 D HwKeyguardManagerImpl: isLockScreenDisabled HwKeyguardManagerImpl result = false
12-17 19:33:13.561  1795  3247 D PowerManagerService: acquire lock=184063844, flags=0x1, tag="NetworkStats", name=android, ws=null, uid=1000, pid=1795
12-17 19:33:13.561  1795  3247 D PowerManagerService: ready=false,policy=3,wakefulness=1,wksummary=0x11,uasummary=0x1,bootcompleted=true,boostinprogress=false,waitmodeenable=false,mode=true,manual=33,auto=-1,adj=0.0userId=0
12-17 19:33:13.561  1795  3247 D PowerManagerService: Acquiring suspend blocker "PowerManagerService.WakeLocks".
12-17 19:33:13.563  3218  3422 W PhoneInterfaceManager: shouldBlockLocation running ...
12-17 19:33:13.563  3218  3422 I PhoneInterfaceManager: shouldBlockLocation  ret:false
12-17 19:33:13.564  1795  3247 D NetdConnector: SND -> {11628 bandwidth gettetherstats}
12-17 19:33:13.565  1795  2665 D NetdConnector: RCV <- {200 11628 Tethering stats list completed}
12-17 19:33:13.566  1795  2665 D NetdConnector: RCV <- {200 11628 Tethering stats list completed}
12-17 19:33:13.566  1795  2736 E hwintelligencewifi: getCurrentCellid type type = PHONE_TYPE_GSM
12-17 19:33:13.566  1795  2736 E hwintelligencewifi: getCurrentCellid type is PHONE_TYPE_GSM
12-17 19:33:13.568  1795  2736 E hwintelligencewifi: getCurrentCellid PHONE_TYPE_GSM cellidString = 460003645
12-17 19:33:13.568  1795  2736 E hwintelligencewifi: updataApInfo cellid =460003645
12-17 19:33:13.568  1795  2736 E hwintelligencewifi: addCurrentApInfo cellid =460003645
12-17 19:33:13.568  1795  2736 E hwintelligencewifi: addCurrentApInfo info is already there
12-17 19:33:13.568  1795  2736 W hwintelligencewifi: updateBssidTimer time = 1481974393568
12-17 19:33:13.568  2852  2852 I StackScrollAlgorithm: overlapAmount:763.6, previousNotificationEnd:607.0, newYTranslation:-156.59998, location:2, i:1, getTopPadding:499.0, getLocationOnScreen():-36
12-17 19:33:13.568  2852  2852 I StackScrollAlgorithm: updateClipping isOverlap:true
12-17 19:33:13.568  2852  2852 I StackScrollAlgorithm: updateDimmedActivatedHideSensitive overlap:true
12-17 19:33:13.568  1795  3247 W NetworkStatsFactory: mStatsXtProcUid: /proc/net/comm/stats does not exist!
12-17 19:33:13.568  1795  3247 D HwNetworkStatsService: mActiveIface: null
12-17 19:33:13.570  1795  3247 I SendBroadcastPermission: action:com.android.server.action.NETWORK_STATS_UPDATED, mPermissionType:0
12-17 19:33:13.573  1795  2736 E hwintelligencewifi: inlineAddCurrentApInfo mInfos.size()=132
12-17 19:33:13.598  3180  4307 I AwareLog: MemoryRecoveryDMEPlugin: handle message MSG_MEM_LEAK_CHECK
12-17 19:33:13.606  1795  2371 E huawei_ProximitySensor_CPP_Test: ProximitySensor: 9 is far event,0 is close event,value = 0.000000
12-17 19:33:13.607  1795  2371 I huawei_ProximitySensor_CPP_Test: readEvents:345: ProximitySensor: getTimestamp,mPendingEvent.timestamp =-1416829117 
12-17 19:33:13.607  1795  1825 D DisplayPowerController: handleProximitySensorEvent positive:true
12-17 19:33:13.607  1795  1825 I PowerManager_screenOn: DisplayPowerController updatePowerState mPendingRequestLocked=policy=BRIGHT, useProximitySensor=true, useProximitySensorbyPhone=true, screenBrightness=33, screenAutoBrightnessAdjustment=0.0, brightnessSetByUser=true, useAutoBrightness=true, blockScreenOn=false, lowPowerMode=false, boostScreenBrightness=false, dozeScreenBrightness=-1, dozeScreenState=UNKNOWN, useTwilight=false, useSmartBacklight=true, brightnessWaitMode=false, brightnessWaitRet=true, screenAutoBrightness=-1, userId=0
12-17 19:33:13.608  1795  1825 D HwNormalizedAutomaticBrightnessController: mWakeupFromSleep= true,currentTime=123077294,mLightSensorEnableTime=123077185
12-17 19:33:13.608  1795  1825 D DisplayPowerController: Animating brightness: target=-1, rate=0
12-17 19:33:13.608  1795  1825 I PowerManager_screenOn: PowerManagerService goToSleepNoUpdateLocked: eventTime=123077294, reason=7, flags=0, uid=1000
12-17 19:33:13.608  1795  1825 I PowerManagerService: Going to sleep due to proximity...
12-17 19:33:13.608  1795  1825 I PowerManager_screenOn: PowerManagerNotifier onWakefulnessChangeStarted: wakefulness=3, reason=7, interactive=false, mInteractive=true, mInteractiveChanging=true
12-17 19:33:13.608  1795  1825 I PowerManager_screenOn: PowerManagerServiceonProximityPositivebyPhone -> updatePowerStateLocked
12-17 19:33:13.609  1795  1825 D PowerManagerService: ready=false,policy=3,wakefulness=3,wksummary=0x11,uasummary=0x1,bootcompleted=true,boostinprogress=false,waitmodeenable=false,mode=true,manual=33,auto=-1,adj=0.0userId=0
12-17 19:33:13.616  1795  1795 I HwScreenOnProximityLock: preparePoriximityView addView 
12-17 19:33:13.618  1795  1795 I HwPointEventFilter: do not support AFT because of no config
12-17 19:33:13.672  1795  2371 E LightSensor: read Events lux: 13.0
12-17 19:33:13.672  1795  1825 D AutomaticBrightnessController: ambient lux=13.0,timeStamp =442930035992000
12-17 19:33:13.673  1795  1825 D HwNormalizedAutomaticBrightnessController: mAmbientLuxValid=true,mWakeupFromSleep= false
12-17 19:33:13.673  1795  1825 D HwAmbientLuxFilterAlgo: updateAmbientLux: Initializing: mAmbientLightRingBuffer=[13.0 / 1ms], mAmbientLux=13.0
12-17 19:33:13.673  1795  1825 D HwAmbientLuxFilterAlgo: earliestValidTime + POWER_ON_BRIGHTENING_LIGHT_DEBOUNCE
12-17 19:33:13.673  1795  1825 D HwAmbientLuxFilterAlgo: earliestValidTime + POWER_ON_DARKENING_LIGHT_DEBOUNCE
12-17 19:33:13.673  1795  1825 D HwAmbientLuxFilterAlgo: t=123077358,BT=123077858,DT=123078358,BT1=123081358,DT1=123085358,Bn=false,Dn=false,lx=[13.0/123077358],mLx=13.0,s=5.0,ss=0.0,AuIntervened=false,mProximityState=false,bLux=92.0,dLux=1.5,bLux1=92.0,dLux1=1.5
12-17 19:33:13.673  1795  1825 D HwNormalizedAutomaticBrightnessController: need to update brightness: mAmbientLux=13.0
12-17 19:33:13.673  1795  1825 D HwNormalizedSpline: interpolate:mPosBrightness=0.0lux=13.0,mIsReboot=true,mIsUserChange=false,mDelta=0.0
12-17 19:33:13.673  1795  1825 D HwNormalizedSpline: offsetBrightness=23.76,mOffsetBrightness_last23.76,lux=13.0,mPosBrightness=0.0,mIsUserChange=false,mDelta=0.0,defaultBrightness=23.76,mStartLuxDefaultBrightness=23.76mLastLuxDefaultBrightness=23.76
12-17 19:33:13.674  1795  1825 D HwNormalizedSpline: write:userId=0,mPosBrightness =0.0,mOffsetBrightness_last=23.76,mIsUserChange=false,mDeltaNew=0.0,mStartLuxDefaultBrightness=23.76mLastLuxDefaultBrightness=23.76,mAmLux=13.0
12-17 19:33:13.674  1795  1825 D AutomaticBrightnessController: updateAutoBrightness: mScreenAutoBrightness=28, newScreenAutoBrightness=24
12-17 19:33:13.674  1795  1825 I PowerManager_screenOn: DisplayPowerController updatePowerState mPendingRequestLocked=policy=BRIGHT, useProximitySensor=true, useProximitySensorbyPhone=true, screenBrightness=33, screenAutoBrightnessAdjustment=0.0, brightnessSetByUser=true, useAutoBrightness=true, blockScreenOn=false, lowPowerMode=false, boostScreenBrightness=false, dozeScreenBrightness=-1, dozeScreenState=UNKNOWN, useTwilight=false, useSmartBacklight=true, brightnessWaitMode=false, brightnessWaitRet=true, screenAutoBrightness=-1, userId=0
12-17 19:33:13.674  1795  1825 D DisplayPowerController: Animating brightness: target=24, rate=0
12-17 19:33:13.674  1795  1825 I PowerManager_screenOn: DisplayPowerController updatePowerState mPendingRequestLocked=policy=BRIGHT, useProximitySensor=true, useProximitySensorbyPhone=true, screenBrightness=33, screenAutoBrightnessAdjustment=0.0, brightnessSetByUser=true, useAutoBrightness=true, blockScreenOn=false, lowPowerMode=false, boostScreenBrightness=false, dozeScreenBrightness=-1, dozeScreenState=UNKNOWN, useTwilight=false, useSmartBacklight=true, brightnessWaitMode=false, brightnessWaitRet=true, screenAutoBrightness=-1, userId=0
12-17 19:33:13.674  1795  1825 D DisplayPowerController: Animating brightness: target=24, rate=40
12-17 19:33:13.720  1795  2750 D SurfaceControl: Excessive delay in setPowerMode(): 215ms
12-17 19:33:13.723  1795  1795 D WindowManager: ACTIVITY check resid: android, size=8
12-17 19:33:13.723  3608  3608 D InCall  : InCallActivity - onResume()... end
12-17 19:33:13.723  3608  3608 I InCall  : VideoCallFragment - onResume
12-17 19:33:13.723  3608  3608 I InCall  : VideoCallPresenter - isVideoCallWorking, state is: 3
12-17 19:33:13.723  1795  1795 V HwPhoneWindowManager: updateSystemUiColorLw window=Window{f236b2e u0 android},EmuiStyle=0,StatusBarColor=0x0,NavigationBarColor=0x0, mLastIsEmuiLightStyle=-1
12-17 19:33:13.723  3608  3608 I InCall  : VideoCallFragment - onResume: Surface exist, resume videos
12-17 19:33:13.723  3608  3608 D InCall  : VideoCallPresenter - resumeVideo: Error bad state mPrimaryCall=[Call_10, ACTIVE, [Capabilities: CAPABILITY_HOLD CAPABILITY_SUPPORT_HOLD CAPABILITY_MUTE CAPABILITY_CANNOT_DOWNGRADE_VIDEO_TO_AUDIO], children:[], parent:null, conferenceable:[], videoState:Audio Only, mSessionModificationState:0, VideoSettings:(CameraDir:-1)] mVideoCall=null
